2025-05-28 00:19:08,103 INFO  - ------------------------------------------------------------------------------------- (at simulation time 685.000,000,000 s)
2025-05-28 00:19:08,103 INFO  - Initialize veh_133 application (at simulation time 685.000,000,000 s)
2025-05-28 00:19:08,103 INFO  - Activated WLAN Module (at simulation time 685.000,000,000 s)
2025-05-28 00:19:08,103 INFO  - ACK = false (at simulation time 685.000,000,000 s)
2025-05-28 00:19:08,103 INFO  - ------------------------------------------------------------------------------------- (at simulation time 685.000,000,000 s)
2025-05-28 00:19:08,103 INFO  - ------------------------------------------------------------------------------------- (at simulation time 685.000,000,000 s)
2025-05-28 00:19:08,103 INFO  - My Route = r_1 (at simulation time 685.000,000,000 s)
2025-05-28 00:19:08,103 INFO  - distance to RSU = 135.08460204537914 (at simulation time 685.000,000,000 s)
2025-05-28 00:19:08,103 INFO  - ------------------------------------------------------------------------------------- (at simulation time 685.000,000,000 s)
2025-05-28 00:19:08,103 INFO  - I have no neighbours to send! (at simulation time 685.000,000,000 s)
2025-05-28 00:19:08,103 INFO  - ------------------------------------------------------------------------------------- (at simulation time 685.000,000,000 s)
2025-05-28 00:19:08,103 INFO  - Tried sending message to other car (at simulation time 685.000,000,000 s)
2025-05-28 00:19:08,103 INFO  - ACK = false (at simulation time 685.000,000,000 s)
2025-05-28 00:19:08,103 INFO  - ------------------------------------------------------------------------------------- (at simulation time 685.000,000,000 s)
2025-05-28 00:19:08,201 INFO  - ------------------------------------------------------------------------------------- (at simulation time 685.000,000,010 s)
2025-05-28 00:19:08,201 INFO  - Processing event (at simulation time 685.000,000,010 s)
2025-05-28 00:19:08,201 INFO  - ------------------------------------------------------------------------------------- (at simulation time 685.000,000,010 s)
2025-05-28 00:19:08,201 INFO  - My Route = r_1 (at simulation time 685.000,000,010 s)
2025-05-28 00:19:08,201 INFO  - distance to RSU = 135.08460204537914 (at simulation time 685.000,000,010 s)
2025-05-28 00:19:08,201 INFO  - ------------------------------------------------------------------------------------- (at simulation time 685.000,000,010 s)
2025-05-28 00:19:08,201 INFO  - I have no neighbours to send! (at simulation time 685.000,000,010 s)
2025-05-28 00:19:08,201 INFO  - ------------------------------------------------------------------------------------- (at simulation time 685.000,000,010 s)
2025-05-28 00:19:08,201 INFO  - Tried sending message to other car (at simulation time 685.000,000,010 s)
2025-05-28 00:19:08,201 INFO  - ACK = false (at simulation time 685.000,000,010 s)
2025-05-28 00:19:08,201 INFO  - ------------------------------------------------------------------------------------- (at simulation time 685.000,000,010 s)
2025-05-28 00:19:08,201 INFO  - ------------------------------------------------------------------------------------- (at simulation time 685.000,000,010 s)
2025-05-28 00:19:08,205 INFO  - ------------------------------------------------------------------------------------- (at simulation time 686.000,000,000 s)
2025-05-28 00:19:08,205 INFO  - My Route = r_1 (at simulation time 686.000,000,000 s)
2025-05-28 00:19:08,205 INFO  - distance to RSU = 128.15069325942144 (at simulation time 686.000,000,000 s)
2025-05-28 00:19:08,205 INFO  - ------------------------------------------------------------------------------------- (at simulation time 686.000,000,000 s)
2025-05-28 00:19:08,205 INFO  - I have no neighbours to send! (at simulation time 686.000,000,000 s)
2025-05-28 00:19:08,205 INFO  - ------------------------------------------------------------------------------------- (at simulation time 686.000,000,000 s)
2025-05-28 00:19:08,205 INFO  - Tried sending message to other car (at simulation time 686.000,000,000 s)
2025-05-28 00:19:08,205 INFO  - ACK = false (at simulation time 686.000,000,000 s)
2025-05-28 00:19:08,205 INFO  - ------------------------------------------------------------------------------------- (at simulation time 686.000,000,000 s)
2025-05-28 00:19:08,205 INFO  - ------------------------------------------------------------------------------------- (at simulation time 686.000,000,000 s)
2025-05-28 00:19:08,205 INFO  - Processing event (at simulation time 686.000,000,000 s)
2025-05-28 00:19:08,205 INFO  - ------------------------------------------------------------------------------------- (at simulation time 686.000,000,000 s)
2025-05-28 00:19:08,205 INFO  - My Route = r_1 (at simulation time 686.000,000,000 s)
2025-05-28 00:19:08,205 INFO  - distance to RSU = 128.15069325942144 (at simulation time 686.000,000,000 s)
2025-05-28 00:19:08,205 INFO  - ------------------------------------------------------------------------------------- (at simulation time 686.000,000,000 s)
2025-05-28 00:19:08,205 INFO  - I have no neighbours to send! (at simulation time 686.000,000,000 s)
2025-05-28 00:19:08,205 INFO  - ------------------------------------------------------------------------------------- (at simulation time 686.000,000,000 s)
2025-05-28 00:19:08,205 INFO  - Tried sending message to other car (at simulation time 686.000,000,000 s)
2025-05-28 00:19:08,205 INFO  - ACK = false (at simulation time 686.000,000,000 s)
2025-05-28 00:19:08,205 INFO  - ------------------------------------------------------------------------------------- (at simulation time 686.000,000,000 s)
2025-05-28 00:19:08,205 INFO  - ------------------------------------------------------------------------------------- (at simulation time 686.000,000,000 s)
2025-05-28 00:19:08,301 INFO  - ------------------------------------------------------------------------------------- (at simulation time 686.000,000,010 s)
2025-05-28 00:19:08,301 INFO  - Processing event (at simulation time 686.000,000,010 s)
2025-05-28 00:19:08,301 INFO  - ------------------------------------------------------------------------------------- (at simulation time 686.000,000,010 s)
2025-05-28 00:19:08,301 INFO  - My Route = r_1 (at simulation time 686.000,000,010 s)
2025-05-28 00:19:08,301 INFO  - distance to RSU = 128.15069325942144 (at simulation time 686.000,000,010 s)
2025-05-28 00:19:08,301 INFO  - ------------------------------------------------------------------------------------- (at simulation time 686.000,000,010 s)
2025-05-28 00:19:08,301 INFO  - I have no neighbours to send! (at simulation time 686.000,000,010 s)
2025-05-28 00:19:08,301 INFO  - ------------------------------------------------------------------------------------- (at simulation time 686.000,000,010 s)
2025-05-28 00:19:08,301 INFO  - Tried sending message to other car (at simulation time 686.000,000,010 s)
2025-05-28 00:19:08,301 INFO  - ACK = false (at simulation time 686.000,000,010 s)
2025-05-28 00:19:08,301 INFO  - ------------------------------------------------------------------------------------- (at simulation time 686.000,000,010 s)
2025-05-28 00:19:08,301 INFO  - ------------------------------------------------------------------------------------- (at simulation time 686.000,000,010 s)
2025-05-28 00:19:08,303 INFO  - ------------------------------------------------------------------------------------- (at simulation time 686.000,000,010 s)
2025-05-28 00:19:08,303 INFO  - Processing event (at simulation time 686.000,000,010 s)
2025-05-28 00:19:08,303 INFO  - ------------------------------------------------------------------------------------- (at simulation time 686.000,000,010 s)
2025-05-28 00:19:08,303 INFO  - My Route = r_1 (at simulation time 686.000,000,010 s)
2025-05-28 00:19:08,303 INFO  - distance to RSU = 128.15069325942144 (at simulation time 686.000,000,010 s)
2025-05-28 00:19:08,303 INFO  - ------------------------------------------------------------------------------------- (at simulation time 686.000,000,010 s)
2025-05-28 00:19:08,303 INFO  - I have no neighbours to send! (at simulation time 686.000,000,010 s)
2025-05-28 00:19:08,303 INFO  - ------------------------------------------------------------------------------------- (at simulation time 686.000,000,010 s)
2025-05-28 00:19:08,303 INFO  - Tried sending message to other car (at simulation time 686.000,000,010 s)
2025-05-28 00:19:08,303 INFO  - ACK = false (at simulation time 686.000,000,010 s)
2025-05-28 00:19:08,303 INFO  - ------------------------------------------------------------------------------------- (at simulation time 686.000,000,010 s)
2025-05-28 00:19:08,303 INFO  - ------------------------------------------------------------------------------------- (at simulation time 686.000,000,010 s)
2025-05-28 00:19:08,305 INFO  - ------------------------------------------------------------------------------------- (at simulation time 687.000,000,000 s)
2025-05-28 00:19:08,305 INFO  - My Route = r_1 (at simulation time 687.000,000,000 s)
2025-05-28 00:19:08,305 INFO  - distance to RSU = 120.44099497049184 (at simulation time 687.000,000,000 s)
2025-05-28 00:19:08,305 INFO  - ------------------------------------------------------------------------------------- (at simulation time 687.000,000,000 s)
2025-05-28 00:19:08,305 INFO  - I have no neighbours to send! (at simulation time 687.000,000,000 s)
2025-05-28 00:19:08,305 INFO  - ------------------------------------------------------------------------------------- (at simulation time 687.000,000,000 s)
2025-05-28 00:19:08,305 INFO  - Tried sending message to other car (at simulation time 687.000,000,000 s)
2025-05-28 00:19:08,305 INFO  - ACK = false (at simulation time 687.000,000,000 s)
2025-05-28 00:19:08,305 INFO  - ------------------------------------------------------------------------------------- (at simulation time 687.000,000,000 s)
2025-05-28 00:19:08,306 INFO  - ------------------------------------------------------------------------------------- (at simulation time 687.000,000,000 s)
2025-05-28 00:19:08,306 INFO  - Processing event (at simulation time 687.000,000,000 s)
2025-05-28 00:19:08,306 INFO  - ------------------------------------------------------------------------------------- (at simulation time 687.000,000,000 s)
2025-05-28 00:19:08,306 INFO  - My Route = r_1 (at simulation time 687.000,000,000 s)
2025-05-28 00:19:08,306 INFO  - distance to RSU = 120.44099497049184 (at simulation time 687.000,000,000 s)
2025-05-28 00:19:08,306 INFO  - ------------------------------------------------------------------------------------- (at simulation time 687.000,000,000 s)
2025-05-28 00:19:08,306 INFO  - I have no neighbours to send! (at simulation time 687.000,000,000 s)
2025-05-28 00:19:08,306 INFO  - ------------------------------------------------------------------------------------- (at simulation time 687.000,000,000 s)
2025-05-28 00:19:08,306 INFO  - Tried sending message to other car (at simulation time 687.000,000,000 s)
2025-05-28 00:19:08,306 INFO  - ACK = false (at simulation time 687.000,000,000 s)
2025-05-28 00:19:08,306 INFO  - ------------------------------------------------------------------------------------- (at simulation time 687.000,000,000 s)
2025-05-28 00:19:08,306 INFO  - ------------------------------------------------------------------------------------- (at simulation time 687.000,000,000 s)
2025-05-28 00:19:08,306 INFO  - ------------------------------------------------------------------------------------- (at simulation time 687.000,000,000 s)
2025-05-28 00:19:08,306 INFO  - Processing event (at simulation time 687.000,000,000 s)
2025-05-28 00:19:08,306 INFO  - ------------------------------------------------------------------------------------- (at simulation time 687.000,000,000 s)
2025-05-28 00:19:08,306 INFO  - My Route = r_1 (at simulation time 687.000,000,000 s)
2025-05-28 00:19:08,306 INFO  - distance to RSU = 120.44099497049184 (at simulation time 687.000,000,000 s)
2025-05-28 00:19:08,306 INFO  - ------------------------------------------------------------------------------------- (at simulation time 687.000,000,000 s)
2025-05-28 00:19:08,306 INFO  - I have no neighbours to send! (at simulation time 687.000,000,000 s)
2025-05-28 00:19:08,306 INFO  - ------------------------------------------------------------------------------------- (at simulation time 687.000,000,000 s)
2025-05-28 00:19:08,306 INFO  - Tried sending message to other car (at simulation time 687.000,000,000 s)
2025-05-28 00:19:08,306 INFO  - ACK = false (at simulation time 687.000,000,000 s)
2025-05-28 00:19:08,306 INFO  - ------------------------------------------------------------------------------------- (at simulation time 687.000,000,000 s)
2025-05-28 00:19:08,306 INFO  - ------------------------------------------------------------------------------------- (at simulation time 687.000,000,000 s)
2025-05-28 00:19:08,403 INFO  - ------------------------------------------------------------------------------------- (at simulation time 687.000,000,010 s)
2025-05-28 00:19:08,403 INFO  - Processing event (at simulation time 687.000,000,010 s)
2025-05-28 00:19:08,403 INFO  - ------------------------------------------------------------------------------------- (at simulation time 687.000,000,010 s)
2025-05-28 00:19:08,403 INFO  - My Route = r_1 (at simulation time 687.000,000,010 s)
2025-05-28 00:19:08,403 INFO  - distance to RSU = 120.44099497049184 (at simulation time 687.000,000,010 s)
2025-05-28 00:19:08,403 INFO  - ------------------------------------------------------------------------------------- (at simulation time 687.000,000,010 s)
2025-05-28 00:19:08,403 INFO  - I have no neighbours to send! (at simulation time 687.000,000,010 s)
2025-05-28 00:19:08,403 INFO  - ------------------------------------------------------------------------------------- (at simulation time 687.000,000,010 s)
2025-05-28 00:19:08,403 INFO  - Tried sending message to other car (at simulation time 687.000,000,010 s)
2025-05-28 00:19:08,403 INFO  - ACK = false (at simulation time 687.000,000,010 s)
2025-05-28 00:19:08,403 INFO  - ------------------------------------------------------------------------------------- (at simulation time 687.000,000,010 s)
2025-05-28 00:19:08,403 INFO  - ------------------------------------------------------------------------------------- (at simulation time 687.000,000,010 s)
2025-05-28 00:19:08,404 INFO  - ------------------------------------------------------------------------------------- (at simulation time 687.000,000,010 s)
2025-05-28 00:19:08,404 INFO  - Processing event (at simulation time 687.000,000,010 s)
2025-05-28 00:19:08,404 INFO  - ------------------------------------------------------------------------------------- (at simulation time 687.000,000,010 s)
2025-05-28 00:19:08,404 INFO  - My Route = r_1 (at simulation time 687.000,000,010 s)
2025-05-28 00:19:08,404 INFO  - distance to RSU = 120.44099497049184 (at simulation time 687.000,000,010 s)
2025-05-28 00:19:08,404 INFO  - ------------------------------------------------------------------------------------- (at simulation time 687.000,000,010 s)
2025-05-28 00:19:08,404 INFO  - I have no neighbours to send! (at simulation time 687.000,000,010 s)
2025-05-28 00:19:08,404 INFO  - ------------------------------------------------------------------------------------- (at simulation time 687.000,000,010 s)
2025-05-28 00:19:08,404 INFO  - Tried sending message to other car (at simulation time 687.000,000,010 s)
2025-05-28 00:19:08,404 INFO  - ACK = false (at simulation time 687.000,000,010 s)
2025-05-28 00:19:08,404 INFO  - ------------------------------------------------------------------------------------- (at simulation time 687.000,000,010 s)
2025-05-28 00:19:08,404 INFO  - ------------------------------------------------------------------------------------- (at simulation time 687.000,000,010 s)
2025-05-28 00:19:08,405 INFO  - ------------------------------------------------------------------------------------- (at simulation time 687.000,000,010 s)
2025-05-28 00:19:08,405 INFO  - Processing event (at simulation time 687.000,000,010 s)
2025-05-28 00:19:08,405 INFO  - ------------------------------------------------------------------------------------- (at simulation time 687.000,000,010 s)
2025-05-28 00:19:08,405 INFO  - My Route = r_1 (at simulation time 687.000,000,010 s)
2025-05-28 00:19:08,405 INFO  - distance to RSU = 120.44099497049184 (at simulation time 687.000,000,010 s)
2025-05-28 00:19:08,405 INFO  - ------------------------------------------------------------------------------------- (at simulation time 687.000,000,010 s)
2025-05-28 00:19:08,405 INFO  - I have no neighbours to send! (at simulation time 687.000,000,010 s)
2025-05-28 00:19:08,405 INFO  - ------------------------------------------------------------------------------------- (at simulation time 687.000,000,010 s)
2025-05-28 00:19:08,405 INFO  - Tried sending message to other car (at simulation time 687.000,000,010 s)
2025-05-28 00:19:08,405 INFO  - ACK = false (at simulation time 687.000,000,010 s)
2025-05-28 00:19:08,405 INFO  - ------------------------------------------------------------------------------------- (at simulation time 687.000,000,010 s)
2025-05-28 00:19:08,405 INFO  - ------------------------------------------------------------------------------------- (at simulation time 687.000,000,010 s)
2025-05-28 00:19:08,408 INFO  - ------------------------------------------------------------------------------------- (at simulation time 688.000,000,000 s)
2025-05-28 00:19:08,408 INFO  - My Route = r_1 (at simulation time 688.000,000,000 s)
2025-05-28 00:19:08,408 INFO  - distance to RSU = 113.88668519806942 (at simulation time 688.000,000,000 s)
2025-05-28 00:19:08,408 INFO  - ------------------------------------------------------------------------------------- (at simulation time 688.000,000,000 s)
2025-05-28 00:19:08,408 INFO  - I have no neighbours to send! (at simulation time 688.000,000,000 s)
2025-05-28 00:19:08,408 INFO  - ------------------------------------------------------------------------------------- (at simulation time 688.000,000,000 s)
2025-05-28 00:19:08,408 INFO  - Tried sending message to other car (at simulation time 688.000,000,000 s)
2025-05-28 00:19:08,408 INFO  - ACK = false (at simulation time 688.000,000,000 s)
2025-05-28 00:19:08,408 INFO  - ------------------------------------------------------------------------------------- (at simulation time 688.000,000,000 s)
2025-05-28 00:19:08,408 INFO  - ------------------------------------------------------------------------------------- (at simulation time 688.000,000,000 s)
2025-05-28 00:19:08,408 INFO  - Processing event (at simulation time 688.000,000,000 s)
2025-05-28 00:19:08,408 INFO  - ------------------------------------------------------------------------------------- (at simulation time 688.000,000,000 s)
2025-05-28 00:19:08,408 INFO  - My Route = r_1 (at simulation time 688.000,000,000 s)
2025-05-28 00:19:08,408 INFO  - distance to RSU = 113.88668519806942 (at simulation time 688.000,000,000 s)
2025-05-28 00:19:08,408 INFO  - ------------------------------------------------------------------------------------- (at simulation time 688.000,000,000 s)
2025-05-28 00:19:08,408 INFO  - I have no neighbours to send! (at simulation time 688.000,000,000 s)
2025-05-28 00:19:08,408 INFO  - ------------------------------------------------------------------------------------- (at simulation time 688.000,000,000 s)
2025-05-28 00:19:08,408 INFO  - Tried sending message to other car (at simulation time 688.000,000,000 s)
2025-05-28 00:19:08,408 INFO  - ACK = false (at simulation time 688.000,000,000 s)
2025-05-28 00:19:08,408 INFO  - ------------------------------------------------------------------------------------- (at simulation time 688.000,000,000 s)
2025-05-28 00:19:08,409 INFO  - ------------------------------------------------------------------------------------- (at simulation time 688.000,000,000 s)
2025-05-28 00:19:08,409 INFO  - ------------------------------------------------------------------------------------- (at simulation time 688.000,000,000 s)
2025-05-28 00:19:08,409 INFO  - Processing event (at simulation time 688.000,000,000 s)
2025-05-28 00:19:08,409 INFO  - ------------------------------------------------------------------------------------- (at simulation time 688.000,000,000 s)
2025-05-28 00:19:08,409 INFO  - My Route = r_1 (at simulation time 688.000,000,000 s)
2025-05-28 00:19:08,409 INFO  - distance to RSU = 113.88668519806942 (at simulation time 688.000,000,000 s)
2025-05-28 00:19:08,409 INFO  - ------------------------------------------------------------------------------------- (at simulation time 688.000,000,000 s)
2025-05-28 00:19:08,409 INFO  - I have no neighbours to send! (at simulation time 688.000,000,000 s)
2025-05-28 00:19:08,409 INFO  - ------------------------------------------------------------------------------------- (at simulation time 688.000,000,000 s)
2025-05-28 00:19:08,409 INFO  - Tried sending message to other car (at simulation time 688.000,000,000 s)
2025-05-28 00:19:08,409 INFO  - ACK = false (at simulation time 688.000,000,000 s)
2025-05-28 00:19:08,409 INFO  - ------------------------------------------------------------------------------------- (at simulation time 688.000,000,000 s)
2025-05-28 00:19:08,409 INFO  - ------------------------------------------------------------------------------------- (at simulation time 688.000,000,000 s)
2025-05-28 00:19:08,409 INFO  - ------------------------------------------------------------------------------------- (at simulation time 688.000,000,000 s)
2025-05-28 00:19:08,409 INFO  - Processing event (at simulation time 688.000,000,000 s)
2025-05-28 00:19:08,409 INFO  - ------------------------------------------------------------------------------------- (at simulation time 688.000,000,000 s)
2025-05-28 00:19:08,409 INFO  - My Route = r_1 (at simulation time 688.000,000,000 s)
2025-05-28 00:19:08,409 INFO  - distance to RSU = 113.88668519806942 (at simulation time 688.000,000,000 s)
2025-05-28 00:19:08,409 INFO  - ------------------------------------------------------------------------------------- (at simulation time 688.000,000,000 s)
2025-05-28 00:19:08,409 INFO  - I have no neighbours to send! (at simulation time 688.000,000,000 s)
2025-05-28 00:19:08,409 INFO  - ------------------------------------------------------------------------------------- (at simulation time 688.000,000,000 s)
2025-05-28 00:19:08,409 INFO  - Tried sending message to other car (at simulation time 688.000,000,000 s)
2025-05-28 00:19:08,409 INFO  - ACK = false (at simulation time 688.000,000,000 s)
2025-05-28 00:19:08,409 INFO  - ------------------------------------------------------------------------------------- (at simulation time 688.000,000,000 s)
2025-05-28 00:19:08,409 INFO  - ------------------------------------------------------------------------------------- (at simulation time 688.000,000,000 s)
2025-05-28 00:19:08,504 INFO  - ------------------------------------------------------------------------------------- (at simulation time 688.000,000,010 s)
2025-05-28 00:19:08,504 INFO  - Processing event (at simulation time 688.000,000,010 s)
2025-05-28 00:19:08,504 INFO  - ------------------------------------------------------------------------------------- (at simulation time 688.000,000,010 s)
2025-05-28 00:19:08,504 INFO  - My Route = r_1 (at simulation time 688.000,000,010 s)
2025-05-28 00:19:08,504 INFO  - distance to RSU = 113.88668519806942 (at simulation time 688.000,000,010 s)
2025-05-28 00:19:08,504 INFO  - ------------------------------------------------------------------------------------- (at simulation time 688.000,000,010 s)
2025-05-28 00:19:08,504 INFO  - I have no neighbours to send! (at simulation time 688.000,000,010 s)
2025-05-28 00:19:08,504 INFO  - ------------------------------------------------------------------------------------- (at simulation time 688.000,000,010 s)
2025-05-28 00:19:08,504 INFO  - Tried sending message to other car (at simulation time 688.000,000,010 s)
2025-05-28 00:19:08,504 INFO  - ACK = false (at simulation time 688.000,000,010 s)
2025-05-28 00:19:08,504 INFO  - ------------------------------------------------------------------------------------- (at simulation time 688.000,000,010 s)
2025-05-28 00:19:08,504 INFO  - ------------------------------------------------------------------------------------- (at simulation time 688.000,000,010 s)
2025-05-28 00:19:08,506 INFO  - ------------------------------------------------------------------------------------- (at simulation time 688.000,000,010 s)
2025-05-28 00:19:08,506 INFO  - Processing event (at simulation time 688.000,000,010 s)
2025-05-28 00:19:08,506 INFO  - ------------------------------------------------------------------------------------- (at simulation time 688.000,000,010 s)
2025-05-28 00:19:08,506 INFO  - My Route = r_1 (at simulation time 688.000,000,010 s)
2025-05-28 00:19:08,506 INFO  - distance to RSU = 113.88668519806942 (at simulation time 688.000,000,010 s)
2025-05-28 00:19:08,506 INFO  - ------------------------------------------------------------------------------------- (at simulation time 688.000,000,010 s)
2025-05-28 00:19:08,506 INFO  - I have no neighbours to send! (at simulation time 688.000,000,010 s)
2025-05-28 00:19:08,506 INFO  - ------------------------------------------------------------------------------------- (at simulation time 688.000,000,010 s)
2025-05-28 00:19:08,506 INFO  - Tried sending message to other car (at simulation time 688.000,000,010 s)
2025-05-28 00:19:08,506 INFO  - ACK = false (at simulation time 688.000,000,010 s)
2025-05-28 00:19:08,506 INFO  - ------------------------------------------------------------------------------------- (at simulation time 688.000,000,010 s)
2025-05-28 00:19:08,506 INFO  - ------------------------------------------------------------------------------------- (at simulation time 688.000,000,010 s)
2025-05-28 00:19:08,506 INFO  - ------------------------------------------------------------------------------------- (at simulation time 688.000,000,010 s)
2025-05-28 00:19:08,506 INFO  - Processing event (at simulation time 688.000,000,010 s)
2025-05-28 00:19:08,506 INFO  - ------------------------------------------------------------------------------------- (at simulation time 688.000,000,010 s)
2025-05-28 00:19:08,506 INFO  - My Route = r_1 (at simulation time 688.000,000,010 s)
2025-05-28 00:19:08,506 INFO  - distance to RSU = 113.88668519806942 (at simulation time 688.000,000,010 s)
2025-05-28 00:19:08,506 INFO  - ------------------------------------------------------------------------------------- (at simulation time 688.000,000,010 s)
2025-05-28 00:19:08,506 INFO  - I have no neighbours to send! (at simulation time 688.000,000,010 s)
2025-05-28 00:19:08,506 INFO  - ------------------------------------------------------------------------------------- (at simulation time 688.000,000,010 s)
2025-05-28 00:19:08,506 INFO  - Tried sending message to other car (at simulation time 688.000,000,010 s)
2025-05-28 00:19:08,506 INFO  - ACK = false (at simulation time 688.000,000,010 s)
2025-05-28 00:19:08,506 INFO  - ------------------------------------------------------------------------------------- (at simulation time 688.000,000,010 s)
2025-05-28 00:19:08,506 INFO  - ------------------------------------------------------------------------------------- (at simulation time 688.000,000,010 s)
2025-05-28 00:19:08,507 INFO  - ------------------------------------------------------------------------------------- (at simulation time 688.000,000,010 s)
2025-05-28 00:19:08,508 INFO  - Processing event (at simulation time 688.000,000,010 s)
2025-05-28 00:19:08,508 INFO  - ------------------------------------------------------------------------------------- (at simulation time 688.000,000,010 s)
2025-05-28 00:19:08,508 INFO  - My Route = r_1 (at simulation time 688.000,000,010 s)
2025-05-28 00:19:08,508 INFO  - distance to RSU = 113.88668519806942 (at simulation time 688.000,000,010 s)
2025-05-28 00:19:08,508 INFO  - ------------------------------------------------------------------------------------- (at simulation time 688.000,000,010 s)
2025-05-28 00:19:08,508 INFO  - I have no neighbours to send! (at simulation time 688.000,000,010 s)
2025-05-28 00:19:08,508 INFO  - ------------------------------------------------------------------------------------- (at simulation time 688.000,000,010 s)
2025-05-28 00:19:08,508 INFO  - Tried sending message to other car (at simulation time 688.000,000,010 s)
2025-05-28 00:19:08,508 INFO  - ACK = false (at simulation time 688.000,000,010 s)
2025-05-28 00:19:08,508 INFO  - ------------------------------------------------------------------------------------- (at simulation time 688.000,000,010 s)
2025-05-28 00:19:08,508 INFO  - ------------------------------------------------------------------------------------- (at simulation time 688.000,000,010 s)
2025-05-28 00:19:08,510 INFO  - ------------------------------------------------------------------------------------- (at simulation time 689.000,000,000 s)
2025-05-28 00:19:08,510 INFO  - My Route = r_1 (at simulation time 689.000,000,000 s)
2025-05-28 00:19:08,510 INFO  - distance to RSU = 107.35124700788096 (at simulation time 689.000,000,000 s)
2025-05-28 00:19:08,510 INFO  - ------------------------------------------------------------------------------------- (at simulation time 689.000,000,000 s)
2025-05-28 00:19:08,510 INFO  - I have no neighbours to send! (at simulation time 689.000,000,000 s)
2025-05-28 00:19:08,510 INFO  - ------------------------------------------------------------------------------------- (at simulation time 689.000,000,000 s)
2025-05-28 00:19:08,510 INFO  - Tried sending message to other car (at simulation time 689.000,000,000 s)
2025-05-28 00:19:08,510 INFO  - ACK = false (at simulation time 689.000,000,000 s)
2025-05-28 00:19:08,510 INFO  - ------------------------------------------------------------------------------------- (at simulation time 689.000,000,000 s)
2025-05-28 00:19:08,511 INFO  - ------------------------------------------------------------------------------------- (at simulation time 689.000,000,000 s)
2025-05-28 00:19:08,511 INFO  - Processing event (at simulation time 689.000,000,000 s)
2025-05-28 00:19:08,511 INFO  - ------------------------------------------------------------------------------------- (at simulation time 689.000,000,000 s)
2025-05-28 00:19:08,511 INFO  - My Route = r_1 (at simulation time 689.000,000,000 s)
2025-05-28 00:19:08,511 INFO  - distance to RSU = 107.35124700788096 (at simulation time 689.000,000,000 s)
2025-05-28 00:19:08,511 INFO  - ------------------------------------------------------------------------------------- (at simulation time 689.000,000,000 s)
2025-05-28 00:19:08,511 INFO  - I have no neighbours to send! (at simulation time 689.000,000,000 s)
2025-05-28 00:19:08,511 INFO  - ------------------------------------------------------------------------------------- (at simulation time 689.000,000,000 s)
2025-05-28 00:19:08,511 INFO  - Tried sending message to other car (at simulation time 689.000,000,000 s)
2025-05-28 00:19:08,511 INFO  - ACK = false (at simulation time 689.000,000,000 s)
2025-05-28 00:19:08,511 INFO  - ------------------------------------------------------------------------------------- (at simulation time 689.000,000,000 s)
2025-05-28 00:19:08,511 INFO  - ------------------------------------------------------------------------------------- (at simulation time 689.000,000,000 s)
2025-05-28 00:19:08,511 INFO  - ------------------------------------------------------------------------------------- (at simulation time 689.000,000,000 s)
2025-05-28 00:19:08,511 INFO  - Processing event (at simulation time 689.000,000,000 s)
2025-05-28 00:19:08,511 INFO  - ------------------------------------------------------------------------------------- (at simulation time 689.000,000,000 s)
2025-05-28 00:19:08,511 INFO  - My Route = r_1 (at simulation time 689.000,000,000 s)
2025-05-28 00:19:08,511 INFO  - distance to RSU = 107.35124700788096 (at simulation time 689.000,000,000 s)
2025-05-28 00:19:08,511 INFO  - ------------------------------------------------------------------------------------- (at simulation time 689.000,000,000 s)
2025-05-28 00:19:08,511 INFO  - I have no neighbours to send! (at simulation time 689.000,000,000 s)
2025-05-28 00:19:08,511 INFO  - ------------------------------------------------------------------------------------- (at simulation time 689.000,000,000 s)
2025-05-28 00:19:08,511 INFO  - Tried sending message to other car (at simulation time 689.000,000,000 s)
2025-05-28 00:19:08,511 INFO  - ACK = false (at simulation time 689.000,000,000 s)
2025-05-28 00:19:08,511 INFO  - ------------------------------------------------------------------------------------- (at simulation time 689.000,000,000 s)
2025-05-28 00:19:08,511 INFO  - ------------------------------------------------------------------------------------- (at simulation time 689.000,000,000 s)
2025-05-28 00:19:08,512 INFO  - ------------------------------------------------------------------------------------- (at simulation time 689.000,000,000 s)
2025-05-28 00:19:08,512 INFO  - Processing event (at simulation time 689.000,000,000 s)
2025-05-28 00:19:08,512 INFO  - ------------------------------------------------------------------------------------- (at simulation time 689.000,000,000 s)
2025-05-28 00:19:08,512 INFO  - My Route = r_1 (at simulation time 689.000,000,000 s)
2025-05-28 00:19:08,512 INFO  - distance to RSU = 107.35124700788096 (at simulation time 689.000,000,000 s)
2025-05-28 00:19:08,512 INFO  - ------------------------------------------------------------------------------------- (at simulation time 689.000,000,000 s)
2025-05-28 00:19:08,512 INFO  - I have no neighbours to send! (at simulation time 689.000,000,000 s)
2025-05-28 00:19:08,512 INFO  - ------------------------------------------------------------------------------------- (at simulation time 689.000,000,000 s)
2025-05-28 00:19:08,512 INFO  - Tried sending message to other car (at simulation time 689.000,000,000 s)
2025-05-28 00:19:08,512 INFO  - ACK = false (at simulation time 689.000,000,000 s)
2025-05-28 00:19:08,512 INFO  - ------------------------------------------------------------------------------------- (at simulation time 689.000,000,000 s)
2025-05-28 00:19:08,512 INFO  - ------------------------------------------------------------------------------------- (at simulation time 689.000,000,000 s)
2025-05-28 00:19:08,512 INFO  - ------------------------------------------------------------------------------------- (at simulation time 689.000,000,000 s)
2025-05-28 00:19:08,512 INFO  - Processing event (at simulation time 689.000,000,000 s)
2025-05-28 00:19:08,512 INFO  - ------------------------------------------------------------------------------------- (at simulation time 689.000,000,000 s)
2025-05-28 00:19:08,512 INFO  - My Route = r_1 (at simulation time 689.000,000,000 s)
2025-05-28 00:19:08,512 INFO  - distance to RSU = 107.35124700788096 (at simulation time 689.000,000,000 s)
2025-05-28 00:19:08,512 INFO  - ------------------------------------------------------------------------------------- (at simulation time 689.000,000,000 s)
2025-05-28 00:19:08,512 INFO  - I have no neighbours to send! (at simulation time 689.000,000,000 s)
2025-05-28 00:19:08,512 INFO  - ------------------------------------------------------------------------------------- (at simulation time 689.000,000,000 s)
2025-05-28 00:19:08,512 INFO  - Tried sending message to other car (at simulation time 689.000,000,000 s)
2025-05-28 00:19:08,512 INFO  - ACK = false (at simulation time 689.000,000,000 s)
2025-05-28 00:19:08,512 INFO  - ------------------------------------------------------------------------------------- (at simulation time 689.000,000,000 s)
2025-05-28 00:19:08,512 INFO  - ------------------------------------------------------------------------------------- (at simulation time 689.000,000,000 s)
