2025-05-28 00:39:36,309 INFO  - ------------------------------------------------------------------------------------- (at simulation time 582.000,000,000 s)
2025-05-28 00:39:36,310 INFO  - Initialize veh_113 application (at simulation time 582.000,000,000 s)
2025-05-28 00:39:36,310 INFO  - Activated AdHoc Module (at simulation time 582.000,000,000 s)
2025-05-28 00:39:36,310 INFO  - ------------------------------------------------------------------------------------- (at simulation time 582.000,000,000 s)
2025-05-28 00:39:36,310 INFO  - Sent message to others cars = 'veh_113 | CartesianPoint{x=-0.00,y=532.14,z=0.00}' (at simulation time 582.000,000,000 s)
2025-05-28 00:39:36,375 INFO  - Received event: 582000 (at simulation time IntraVehicleMsg)
2025-05-28 00:39:36,379 INFO  - Sent message to others cars = 'veh_113 | CartesianPoint{x=8.04,y=532.12,z=0.00}' (at simulation time 583.000,000,000 s)
2025-05-28 00:39:36,445 INFO  - Received event: 583000 (at simulation time IntraVehicleMsg)
2025-05-28 00:39:36,448 INFO  - Sent message to others cars = 'veh_113 | CartesianPoint{x=15.56,y=532.10,z=0.00}' (at simulation time 584.000,000,000 s)
2025-05-28 00:39:36,517 INFO  - Received event: 584000 (at simulation time IntraVehicleMsg)
2025-05-28 00:39:36,531 INFO  - Sent message to others cars = 'veh_113 | CartesianPoint{x=23.87,y=532.07,z=0.00}' (at simulation time 585.000,000,000 s)
2025-05-28 00:39:36,594 INFO  - Received event: 585000 (at simulation time IntraVehicleMsg)
2025-05-28 00:39:36,604 INFO  - Sent message to others cars = 'veh_113 | CartesianPoint{x=31.34,y=532.05,z=0.00}' (at simulation time 586.000,000,000 s)
2025-05-28 00:39:36,665 INFO  - Received event: 586000 (at simulation time IntraVehicleMsg)
2025-05-28 00:39:36,668 INFO  - Sent message to others cars = 'veh_113 | CartesianPoint{x=39.89,y=532.05,z=0.00}' (at simulation time 587.000,000,000 s)
2025-05-28 00:39:36,729 INFO  - Received event: 587000 (at simulation time IntraVehicleMsg)
2025-05-28 00:39:36,732 INFO  - Sent message to others cars = 'veh_113 | CartesianPoint{x=47.36,y=532.10,z=0.00}' (at simulation time 588.000,000,000 s)
2025-05-28 00:39:36,795 INFO  - Received event: 588000 (at simulation time IntraVehicleMsg)
2025-05-28 00:39:36,800 INFO  - Sent message to others cars = 'veh_113 | CartesianPoint{x=54.67,y=532.16,z=0.00}' (at simulation time 589.000,000,000 s)
2025-05-28 00:39:36,864 INFO  - Received event: 589000 (at simulation time IntraVehicleMsg)
2025-05-28 00:39:36,868 INFO  - Sent message to others cars = 'veh_113 | CartesianPoint{x=62.82,y=532.21,z=0.00}' (at simulation time 590.000,000,000 s)
2025-05-28 00:39:36,934 INFO  - Received event: 590000 (at simulation time IntraVehicleMsg)
2025-05-28 00:39:36,937 INFO  - Sent message to others cars = 'veh_113 | CartesianPoint{x=70.26,y=532.22,z=0.00}' (at simulation time 591.000,000,000 s)
2025-05-28 00:39:37,003 INFO  - Received event: 591000 (at simulation time IntraVehicleMsg)
2025-05-28 00:39:37,007 INFO  - Sent message to others cars = 'veh_113 | CartesianPoint{x=77.60,y=532.24,z=0.00}' (at simulation time 592.000,000,000 s)
2025-05-28 00:39:37,075 INFO  - Received event: 592000 (at simulation time IntraVehicleMsg)
2025-05-28 00:39:37,082 INFO  - Sent message to others cars = 'veh_113 | CartesianPoint{x=86.11,y=532.26,z=0.00}' (at simulation time 593.000,000,000 s)
2025-05-28 00:39:37,153 INFO  - Received event: 593000 (at simulation time IntraVehicleMsg)
2025-05-28 00:39:37,156 INFO  - Sent message to others cars = 'veh_113 | CartesianPoint{x=94.36,y=532.16,z=0.00}' (at simulation time 594.000,000,000 s)
2025-05-28 00:39:37,226 INFO  - Received event: 594000 (at simulation time IntraVehicleMsg)
2025-05-28 00:39:37,230 INFO  - Sent message to others cars = 'veh_113 | CartesianPoint{x=102.23,y=532.07,z=0.00}' (at simulation time 595.000,000,000 s)
2025-05-28 00:39:37,305 INFO  - Received event: 595000 (at simulation time IntraVehicleMsg)
2025-05-28 00:39:37,319 INFO  - Sent message to others cars = 'veh_113 | CartesianPoint{x=110.29,y=531.96,z=0.00}' (at simulation time 596.000,000,000 s)
2025-05-28 00:39:37,395 INFO  - Received event: 596000 (at simulation time IntraVehicleMsg)
2025-05-28 00:39:37,405 INFO  - Sent message to others cars = 'veh_113 | CartesianPoint{x=118.69,y=531.86,z=0.00}' (at simulation time 597.000,000,000 s)
2025-05-28 00:39:37,479 INFO  - Received event: 597000 (at simulation time IntraVehicleMsg)
2025-05-28 00:39:37,484 INFO  - Sent message to others cars = 'veh_113 | CartesianPoint{x=126.92,y=531.75,z=0.00}' (at simulation time 598.000,000,000 s)
2025-05-28 00:39:37,559 INFO  - Received event: 598000 (at simulation time IntraVehicleMsg)
2025-05-28 00:39:37,562 INFO  - Sent message to others cars = 'veh_113 | CartesianPoint{x=134.83,y=531.66,z=0.00}' (at simulation time 599.000,000,000 s)
2025-05-28 00:39:37,637 INFO  - Received event: 599000 (at simulation time IntraVehicleMsg)
2025-05-28 00:39:37,641 INFO  - Sent message to others cars = 'veh_113 | CartesianPoint{x=142.86,y=531.60,z=0.00}' (at simulation time 600.000,000,000 s)
2025-05-28 00:39:37,718 INFO  - Received event: 600000 (at simulation time IntraVehicleMsg)
2025-05-28 00:39:37,721 INFO  - Sent message to others cars = 'veh_113 | CartesianPoint{x=150.22,y=531.57,z=0.00}' (at simulation time 601.000,000,000 s)
2025-05-28 00:39:37,800 INFO  - Received event: 601000 (at simulation time IntraVehicleMsg)
2025-05-28 00:39:37,804 INFO  - Sent message to others cars = 'veh_113 | CartesianPoint{x=158.65,y=531.63,z=0.00}' (at simulation time 602.000,000,000 s)
2025-05-28 00:39:37,883 INFO  - Received event: 602000 (at simulation time IntraVehicleMsg)
2025-05-28 00:39:37,890 INFO  - Sent message to others cars = 'veh_113 | CartesianPoint{x=167.00,y=531.69,z=0.00}' (at simulation time 603.000,000,000 s)
2025-05-28 00:39:37,972 INFO  - Received event: 603000 (at simulation time IntraVehicleMsg)
2025-05-28 00:39:37,975 INFO  - Sent message to others cars = 'veh_113 | CartesianPoint{x=174.70,y=531.74,z=0.00}' (at simulation time 604.000,000,000 s)
2025-05-28 00:39:38,058 INFO  - Received event: 604000 (at simulation time IntraVehicleMsg)
2025-05-28 00:39:38,072 INFO  - Sent message to others cars = 'veh_113 | CartesianPoint{x=182.43,y=531.79,z=0.00}' (at simulation time 605.000,000,000 s)
2025-05-28 00:39:38,159 INFO  - Received event: 605000 (at simulation time IntraVehicleMsg)
2025-05-28 00:39:38,174 INFO  - Sent message to others cars = 'veh_113 | CartesianPoint{x=190.35,y=531.85,z=0.00}' (at simulation time 606.000,000,000 s)
2025-05-28 00:39:38,263 INFO  - Received event: 606000 (at simulation time IntraVehicleMsg)
2025-05-28 00:39:38,278 INFO  - Sent message to others cars = 'veh_113 | CartesianPoint{x=198.13,y=531.90,z=0.00}' (at simulation time 607.000,000,000 s)
2025-05-28 00:39:38,369 INFO  - Received event: 607000 (at simulation time IntraVehicleMsg)
2025-05-28 00:39:38,380 INFO  - Sent message to others cars = 'veh_113 | CartesianPoint{x=205.57,y=531.95,z=0.00}' (at simulation time 608.000,000,000 s)
2025-05-28 00:39:38,466 INFO  - Received event: 608000 (at simulation time IntraVehicleMsg)
2025-05-28 00:39:38,469 INFO  - Sent message to others cars = 'veh_113 | CartesianPoint{x=212.00,y=532.00,z=0.00}' (at simulation time 609.000,000,000 s)
2025-05-28 00:39:38,559 INFO  - Received event: 609000 (at simulation time IntraVehicleMsg)
2025-05-28 00:39:38,565 INFO  - Sent message to others cars = 'veh_113 | CartesianPoint{x=219.67,y=532.03,z=0.00}' (at simulation time 610.000,000,000 s)
2025-05-28 00:39:38,653 INFO  - Received event: 610000 (at simulation time IntraVehicleMsg)
2025-05-28 00:39:38,656 INFO  - Sent message to others cars = 'veh_113 | CartesianPoint{x=227.39,y=532.04,z=0.00}' (at simulation time 611.000,000,000 s)
2025-05-28 00:39:38,747 INFO  - Received event: 611000 (at simulation time IntraVehicleMsg)
2025-05-28 00:39:38,751 INFO  - Sent message to others cars = 'veh_113 | CartesianPoint{x=235.11,y=532.03,z=0.00}' (at simulation time 612.000,000,000 s)
2025-05-28 00:39:38,844 INFO  - Received event: 612000 (at simulation time IntraVehicleMsg)
2025-05-28 00:39:38,851 INFO  - Sent message to others cars = 'veh_113 | CartesianPoint{x=242.46,y=532.02,z=0.00}' (at simulation time 613.000,000,000 s)
2025-05-28 00:39:38,945 INFO  - Received event: 613000 (at simulation time IntraVehicleMsg)
2025-05-28 00:39:38,950 INFO  - Sent message to others cars = 'veh_113 | CartesianPoint{x=251.05,y=532.00,z=0.00}' (at simulation time 614.000,000,000 s)
2025-05-28 00:39:39,046 INFO  - Received event: 614000 (at simulation time IntraVehicleMsg)
2025-05-28 00:39:39,050 INFO  - Sent message to others cars = 'veh_113 | CartesianPoint{x=258.94,y=531.99,z=0.00}' (at simulation time 615.000,000,000 s)
2025-05-28 00:39:39,147 INFO  - Received event: 615000 (at simulation time IntraVehicleMsg)
2025-05-28 00:39:39,150 INFO  - Sent message to others cars = 'veh_113 | CartesianPoint{x=266.56,y=531.97,z=0.00}' (at simulation time 616.000,000,000 s)
2025-05-28 00:39:39,252 INFO  - Received event: 616000 (at simulation time IntraVehicleMsg)
2025-05-28 00:39:39,255 INFO  - Sent message to others cars = 'veh_113 | CartesianPoint{x=274.07,y=531.96,z=0.00}' (at simulation time 617.000,000,000 s)
2025-05-28 00:39:39,355 INFO  - Received event: 617000 (at simulation time IntraVehicleMsg)
2025-05-28 00:39:39,365 INFO  - Sent message to others cars = 'veh_113 | CartesianPoint{x=282.02,y=531.95,z=0.00}' (at simulation time 618.000,000,000 s)
2025-05-28 00:39:39,470 INFO  - Received event: 618000 (at simulation time IntraVehicleMsg)
2025-05-28 00:39:39,480 INFO  - Sent message to others cars = 'veh_113 | CartesianPoint{x=290.27,y=531.94,z=0.00}' (at simulation time 619.000,000,000 s)
2025-05-28 00:39:39,579 INFO  - Received event: 619000 (at simulation time IntraVehicleMsg)
2025-05-28 00:39:39,582 INFO  - Sent message to others cars = 'veh_113 | CartesianPoint{x=298.75,y=531.93,z=0.00}' (at simulation time 620.000,000,000 s)
2025-05-28 00:39:39,680 INFO  - Received event: 620000 (at simulation time IntraVehicleMsg)
2025-05-28 00:39:39,683 INFO  - Sent message to others cars = 'veh_113 | CartesianPoint{x=306.85,y=531.92,z=0.00}' (at simulation time 621.000,000,000 s)
2025-05-28 00:39:39,779 INFO  - Received event: 621000 (at simulation time IntraVehicleMsg)
2025-05-28 00:39:39,784 INFO  - Sent message to others cars = 'veh_113 | CartesianPoint{x=315.33,y=531.91,z=0.00}' (at simulation time 622.000,000,000 s)
2025-05-28 00:39:39,882 INFO  - Received event: 622000 (at simulation time IntraVehicleMsg)
2025-05-28 00:39:39,886 INFO  - Sent message to others cars = 'veh_113 | CartesianPoint{x=323.32,y=531.90,z=0.00}' (at simulation time 623.000,000,000 s)
2025-05-28 00:39:39,984 INFO  - Received event: 623000 (at simulation time IntraVehicleMsg)
2025-05-28 00:39:39,992 INFO  - Sent message to others cars = 'veh_113 | CartesianPoint{x=331.32,y=531.89,z=0.00}' (at simulation time 624.000,000,000 s)
2025-05-28 00:39:40,105 INFO  - Received event: 624000 (at simulation time IntraVehicleMsg)
2025-05-28 00:39:40,109 INFO  - Sent message to others cars = 'veh_113 | CartesianPoint{x=339.19,y=531.88,z=0.00}' (at simulation time 625.000,000,000 s)
2025-05-28 00:39:40,206 INFO  - Received event: 625000 (at simulation time IntraVehicleMsg)
2025-05-28 00:39:40,209 INFO  - Sent message to others cars = 'veh_113 | CartesianPoint{x=346.75,y=531.87,z=0.00}' (at simulation time 626.000,000,000 s)
2025-05-28 00:39:40,310 INFO  - Received event: 626000 (at simulation time IntraVehicleMsg)
2025-05-28 00:39:40,315 INFO  - ------------------------------------------------------------------------------------- (at simulation time 627.000,000,000 s)
2025-05-28 00:39:40,315 INFO  - Shutdown application (at simulation time 627.000,000,000 s)
2025-05-28 00:39:40,315 INFO  - ------------------------------------------------------------------------------------- (at simulation time 627.000,000,000 s)
