2025-05-28 00:33:33,968 INFO  - ------------------------------------------------------------------------------------- (at simulation time 202.000,000,000 s)
2025-05-28 00:33:33,968 INFO  - Initialize veh_39 application (at simulation time 202.000,000,000 s)
2025-05-28 00:33:33,968 INFO  - Activated AdHoc Module (at simulation time 202.000,000,000 s)
2025-05-28 00:33:33,968 INFO  - ------------------------------------------------------------------------------------- (at simulation time 202.000,000,000 s)
2025-05-28 00:33:33,969 INFO  - Sent message to others cars = 'veh_39 | CartesianPoint{x=-0.00,y=532.14,z=0.00}' (at simulation time 202.000,000,000 s)
2025-05-28 00:33:34,066 INFO  - Received event: 202000 (at simulation time IntraVehicleMsg)
2025-05-28 00:33:34,070 INFO  - Sent message to others cars = 'veh_39 | CartesianPoint{x=8.19,y=532.12,z=0.00}' (at simulation time 203.000,000,000 s)
2025-05-28 00:33:34,166 INFO  - Received event: 203000 (at simulation time IntraVehicleMsg)
2025-05-28 00:33:34,169 INFO  - Sent message to others cars = 'veh_39 | CartesianPoint{x=15.62,y=532.09,z=0.00}' (at simulation time 204.000,000,000 s)
2025-05-28 00:33:34,270 INFO  - Received event: 204000 (at simulation time IntraVehicleMsg)
2025-05-28 00:33:34,277 INFO  - Sent message to others cars = 'veh_39 | CartesianPoint{x=22.99,y=532.07,z=0.00}' (at simulation time 205.000,000,000 s)
2025-05-28 00:33:34,367 INFO  - Received event: 205000 (at simulation time IntraVehicleMsg)
2025-05-28 00:33:34,370 INFO  - Sent message to others cars = 'veh_39 | CartesianPoint{x=31.07,y=532.05,z=0.00}' (at simulation time 206.000,000,000 s)
2025-05-28 00:33:34,448 INFO  - Received event: 206000 (at simulation time IntraVehicleMsg)
2025-05-28 00:33:34,450 INFO  - Sent message to others cars = 'veh_39 | CartesianPoint{x=39.06,y=532.04,z=0.00}' (at simulation time 207.000,000,000 s)
2025-05-28 00:33:34,554 INFO  - Received event: 207000 (at simulation time IntraVehicleMsg)
2025-05-28 00:33:34,558 INFO  - Sent message to others cars = 'veh_39 | CartesianPoint{x=46.21,y=532.09,z=0.00}' (at simulation time 208.000,000,000 s)
2025-05-28 00:33:34,638 INFO  - Received event: 208000 (at simulation time IntraVehicleMsg)
2025-05-28 00:33:34,640 INFO  - Sent message to others cars = 'veh_39 | CartesianPoint{x=53.72,y=532.15,z=0.00}' (at simulation time 209.000,000,000 s)
2025-05-28 00:33:34,724 INFO  - Received event: 209000 (at simulation time IntraVehicleMsg)
2025-05-28 00:33:34,727 INFO  - Sent message to others cars = 'veh_39 | CartesianPoint{x=60.76,y=532.20,z=0.00}' (at simulation time 210.000,000,000 s)
2025-05-28 00:33:34,811 INFO  - Received event: 210000 (at simulation time IntraVehicleMsg)
2025-05-28 00:33:34,817 INFO  - Sent message to others cars = 'veh_39 | CartesianPoint{x=68.72,y=532.22,z=0.00}' (at simulation time 211.000,000,000 s)
2025-05-28 00:33:34,885 INFO  - Received event: 211000 (at simulation time IntraVehicleMsg)
2025-05-28 00:33:34,909 INFO  - Sent message to others cars = 'veh_39 | CartesianPoint{x=76.98,y=532.24,z=0.00}' (at simulation time 212.000,000,000 s)
2025-05-28 00:33:34,981 INFO  - Received event: 212000 (at simulation time IntraVehicleMsg)
2025-05-28 00:33:34,984 INFO  - Sent message to others cars = 'veh_39 | CartesianPoint{x=84.93,y=532.26,z=0.00}' (at simulation time 213.000,000,000 s)
2025-05-28 00:33:35,056 INFO  - Received event: 213000 (at simulation time IntraVehicleMsg)
2025-05-28 00:33:35,059 INFO  - Sent message to others cars = 'veh_39 | CartesianPoint{x=92.81,y=532.18,z=0.00}' (at simulation time 214.000,000,000 s)
2025-05-28 00:33:35,125 INFO  - Received event: 214000 (at simulation time IntraVehicleMsg)
2025-05-28 00:33:35,128 INFO  - Sent message to others cars = 'veh_39 | CartesianPoint{x=100.88,y=532.08,z=0.00}' (at simulation time 215.000,000,000 s)
2025-05-28 00:33:35,194 INFO  - Received event: 215000 (at simulation time IntraVehicleMsg)
2025-05-28 00:33:35,198 INFO  - Sent message to others cars = 'veh_39 | CartesianPoint{x=108.61,y=531.98,z=0.00}' (at simulation time 216.000,000,000 s)
2025-05-28 00:33:35,269 INFO  - Received event: 216000 (at simulation time IntraVehicleMsg)
2025-05-28 00:33:35,272 INFO  - Sent message to others cars = 'veh_39 | CartesianPoint{x=115.82,y=531.89,z=0.00}' (at simulation time 217.000,000,000 s)
2025-05-28 00:33:35,341 INFO  - Received event: 217000 (at simulation time IntraVehicleMsg)
2025-05-28 00:33:35,346 INFO  - Sent message to others cars = 'veh_39 | CartesianPoint{x=123.97,y=531.79,z=0.00}' (at simulation time 218.000,000,000 s)
2025-05-28 00:33:35,416 INFO  - Received event: 218000 (at simulation time IntraVehicleMsg)
2025-05-28 00:33:35,424 INFO  - Sent message to others cars = 'veh_39 | CartesianPoint{x=130.69,y=531.71,z=0.00}' (at simulation time 219.000,000,000 s)
2025-05-28 00:33:35,494 INFO  - Received event: 219000 (at simulation time IntraVehicleMsg)
2025-05-28 00:33:35,497 INFO  - Sent message to others cars = 'veh_39 | CartesianPoint{x=132.91,y=531.68,z=0.00}' (at simulation time 220.000,000,000 s)
2025-05-28 00:33:35,569 INFO  - Received event: 220000 (at simulation time IntraVehicleMsg)
2025-05-28 00:33:35,572 INFO  - Sent message to others cars = 'veh_39 | CartesianPoint{x=133.33,y=531.67,z=0.00}' (at simulation time 221.000,000,000 s)
2025-05-28 00:33:35,649 INFO  - Received event: 221000 (at simulation time IntraVehicleMsg)
2025-05-28 00:33:35,656 INFO  - Sent message to others cars = 'veh_39 | CartesianPoint{x=133.34,y=531.67,z=0.00}' (at simulation time 222.000,000,000 s)
2025-05-28 00:33:35,723 INFO  - Received event: 222000 (at simulation time IntraVehicleMsg)
2025-05-28 00:33:35,726 INFO  - Sent message to others cars = 'veh_39 | CartesianPoint{x=133.34,y=531.67,z=0.00}' (at simulation time 223.000,000,000 s)
2025-05-28 00:33:35,783 INFO  - Received event: 223000 (at simulation time IntraVehicleMsg)
2025-05-28 00:33:35,785 INFO  - Sent message to others cars = 'veh_39 | CartesianPoint{x=133.34,y=531.67,z=0.00}' (at simulation time 224.000,000,000 s)
2025-05-28 00:33:35,840 INFO  - Received event: 224000 (at simulation time IntraVehicleMsg)
2025-05-28 00:33:35,843 INFO  - Sent message to others cars = 'veh_39 | CartesianPoint{x=133.34,y=531.67,z=0.00}' (at simulation time 225.000,000,000 s)
2025-05-28 00:33:35,900 INFO  - Received event: 225000 (at simulation time IntraVehicleMsg)
2025-05-28 00:33:35,902 INFO  - Sent message to others cars = 'veh_39 | CartesianPoint{x=133.34,y=531.67,z=0.00}' (at simulation time 226.000,000,000 s)
2025-05-28 00:33:35,965 INFO  - Received event: 226000 (at simulation time IntraVehicleMsg)
2025-05-28 00:33:35,967 INFO  - Sent message to others cars = 'veh_39 | CartesianPoint{x=133.34,y=531.67,z=0.00}' (at simulation time 227.000,000,000 s)
2025-05-28 00:33:36,025 INFO  - Received event: 227000 (at simulation time IntraVehicleMsg)
2025-05-28 00:33:36,031 INFO  - Sent message to others cars = 'veh_39 | CartesianPoint{x=133.34,y=531.67,z=0.00}' (at simulation time 228.000,000,000 s)
2025-05-28 00:33:36,090 INFO  - Received event: 228000 (at simulation time IntraVehicleMsg)
2025-05-28 00:33:36,092 INFO  - Sent message to others cars = 'veh_39 | CartesianPoint{x=133.34,y=531.67,z=0.00}' (at simulation time 229.000,000,000 s)
2025-05-28 00:33:36,151 INFO  - Received event: 229000 (at simulation time IntraVehicleMsg)
2025-05-28 00:33:36,154 INFO  - Sent message to others cars = 'veh_39 | CartesianPoint{x=133.34,y=531.67,z=0.00}' (at simulation time 230.000,000,000 s)
2025-05-28 00:33:36,214 INFO  - Received event: 230000 (at simulation time IntraVehicleMsg)
2025-05-28 00:33:36,219 INFO  - Sent message to others cars = 'veh_39 | CartesianPoint{x=133.34,y=531.67,z=0.00}' (at simulation time 231.000,000,000 s)
2025-05-28 00:33:36,279 INFO  - Received event: 231000 (at simulation time IntraVehicleMsg)
2025-05-28 00:33:36,282 INFO  - Sent message to others cars = 'veh_39 | CartesianPoint{x=133.34,y=531.67,z=0.00}' (at simulation time 232.000,000,000 s)
2025-05-28 00:33:36,344 INFO  - Received event: 232000 (at simulation time IntraVehicleMsg)
2025-05-28 00:33:36,351 INFO  - Sent message to others cars = 'veh_39 | CartesianPoint{x=133.34,y=531.67,z=0.00}' (at simulation time 233.000,000,000 s)
2025-05-28 00:33:36,413 INFO  - Received event: 233000 (at simulation time IntraVehicleMsg)
2025-05-28 00:33:36,416 INFO  - Sent message to others cars = 'veh_39 | CartesianPoint{x=133.34,y=531.67,z=0.00}' (at simulation time 234.000,000,000 s)
2025-05-28 00:33:36,480 INFO  - Received event: 234000 (at simulation time IntraVehicleMsg)
2025-05-28 00:33:36,483 INFO  - Sent message to others cars = 'veh_39 | CartesianPoint{x=133.34,y=531.67,z=0.00}' (at simulation time 235.000,000,000 s)
2025-05-28 00:33:36,547 INFO  - Received event: 235000 (at simulation time IntraVehicleMsg)
2025-05-28 00:33:36,550 INFO  - Sent message to others cars = 'veh_39 | CartesianPoint{x=133.34,y=531.67,z=0.00}' (at simulation time 236.000,000,000 s)
2025-05-28 00:33:36,615 INFO  - Received event: 236000 (at simulation time IntraVehicleMsg)
2025-05-28 00:33:36,622 INFO  - Sent message to others cars = 'veh_39 | CartesianPoint{x=133.34,y=531.67,z=0.00}' (at simulation time 237.000,000,000 s)
2025-05-28 00:33:36,689 INFO  - Received event: 237000 (at simulation time IntraVehicleMsg)
2025-05-28 00:33:36,692 INFO  - Sent message to others cars = 'veh_39 | CartesianPoint{x=133.34,y=531.67,z=0.00}' (at simulation time 238.000,000,000 s)
2025-05-28 00:33:36,761 INFO  - Received event: 238000 (at simulation time IntraVehicleMsg)
2025-05-28 00:33:36,764 INFO  - Sent message to others cars = 'veh_39 | CartesianPoint{x=133.34,y=531.67,z=0.00}' (at simulation time 239.000,000,000 s)
2025-05-28 00:33:36,834 INFO  - Received event: 239000 (at simulation time IntraVehicleMsg)
2025-05-28 00:33:36,839 INFO  - Sent message to others cars = 'veh_39 | CartesianPoint{x=133.34,y=531.67,z=0.00}' (at simulation time 240.000,000,000 s)
2025-05-28 00:33:36,909 INFO  - Received event: 240000 (at simulation time IntraVehicleMsg)
2025-05-28 00:33:36,912 INFO  - Sent message to others cars = 'veh_39 | CartesianPoint{x=133.34,y=531.67,z=0.00}' (at simulation time 241.000,000,000 s)
2025-05-28 00:33:36,985 INFO  - Received event: 241000 (at simulation time IntraVehicleMsg)
2025-05-28 00:33:36,988 INFO  - Sent message to others cars = 'veh_39 | CartesianPoint{x=133.34,y=531.67,z=0.00}' (at simulation time 242.000,000,000 s)
2025-05-28 00:33:37,061 INFO  - Received event: 242000 (at simulation time IntraVehicleMsg)
2025-05-28 00:33:37,068 INFO  - Sent message to others cars = 'veh_39 | CartesianPoint{x=133.34,y=531.67,z=0.00}' (at simulation time 243.000,000,000 s)
2025-05-28 00:33:37,141 INFO  - Received event: 243000 (at simulation time IntraVehicleMsg)
2025-05-28 00:33:37,144 INFO  - Sent message to others cars = 'veh_39 | CartesianPoint{x=133.34,y=531.67,z=0.00}' (at simulation time 244.000,000,000 s)
2025-05-28 00:33:37,220 INFO  - Received event: 244000 (at simulation time IntraVehicleMsg)
2025-05-28 00:33:37,224 INFO  - Sent message to others cars = 'veh_39 | CartesianPoint{x=135.08,y=531.65,z=0.00}' (at simulation time 245.000,000,000 s)
2025-05-28 00:33:37,299 INFO  - Received event: 245000 (at simulation time IntraVehicleMsg)
2025-05-28 00:33:37,303 INFO  - Sent message to others cars = 'veh_39 | CartesianPoint{x=138.90,y=531.63,z=0.00}' (at simulation time 246.000,000,000 s)
2025-05-28 00:33:37,381 INFO  - Received event: 246000 (at simulation time IntraVehicleMsg)
2025-05-28 00:33:37,388 INFO  - Sent message to others cars = 'veh_39 | CartesianPoint{x=145.12,y=531.59,z=0.00}' (at simulation time 247.000,000,000 s)
2025-05-28 00:33:37,467 INFO  - Received event: 247000 (at simulation time IntraVehicleMsg)
2025-05-28 00:33:37,470 INFO  - Sent message to others cars = 'veh_39 | CartesianPoint{x=153.18,y=531.59,z=0.00}' (at simulation time 248.000,000,000 s)
2025-05-28 00:33:37,549 INFO  - Received event: 248000 (at simulation time IntraVehicleMsg)
2025-05-28 00:33:37,552 INFO  - Sent message to others cars = 'veh_39 | CartesianPoint{x=161.37,y=531.65,z=0.00}' (at simulation time 249.000,000,000 s)
2025-05-28 00:33:37,635 INFO  - Received event: 249000 (at simulation time IntraVehicleMsg)
2025-05-28 00:33:37,641 INFO  - Sent message to others cars = 'veh_39 | CartesianPoint{x=168.48,y=531.70,z=0.00}' (at simulation time 250.000,000,000 s)
2025-05-28 00:33:37,716 INFO  - Received event: 250000 (at simulation time IntraVehicleMsg)
2025-05-28 00:33:37,719 INFO  - Sent message to others cars = 'veh_39 | CartesianPoint{x=176.42,y=531.75,z=0.00}' (at simulation time 251.000,000,000 s)
2025-05-28 00:33:37,792 INFO  - Received event: 251000 (at simulation time IntraVehicleMsg)
2025-05-28 00:33:37,797 INFO  - Sent message to others cars = 'veh_39 | CartesianPoint{x=183.91,y=531.80,z=0.00}' (at simulation time 252.000,000,000 s)
2025-05-28 00:33:37,864 INFO  - Received event: 252000 (at simulation time IntraVehicleMsg)
2025-05-28 00:33:37,872 INFO  - Sent message to others cars = 'veh_39 | CartesianPoint{x=191.89,y=531.86,z=0.00}' (at simulation time 253.000,000,000 s)
2025-05-28 00:33:37,936 INFO  - Received event: 253000 (at simulation time IntraVehicleMsg)
2025-05-28 00:33:37,938 INFO  - Sent message to others cars = 'veh_39 | CartesianPoint{x=199.07,y=531.91,z=0.00}' (at simulation time 254.000,000,000 s)
2025-05-28 00:33:38,004 INFO  - Received event: 254000 (at simulation time IntraVehicleMsg)
2025-05-28 00:33:38,015 INFO  - Sent message to others cars = 'veh_39 | CartesianPoint{x=206.25,y=531.96,z=0.00}' (at simulation time 255.000,000,000 s)
2025-05-28 00:33:38,081 INFO  - Received event: 255000 (at simulation time IntraVehicleMsg)
2025-05-28 00:33:38,084 INFO  - Sent message to others cars = 'veh_39 | CartesianPoint{x=213.57,y=528.81,z=0.00}' (at simulation time 256.000,000,000 s)
2025-05-28 00:33:38,140 INFO  - Received event: 256000 (at simulation time IntraVehicleMsg)
2025-05-28 00:33:38,142 INFO  - Sent message to others cars = 'veh_39 | CartesianPoint{x=221.42,y=528.83,z=0.00}' (at simulation time 257.000,000,000 s)
2025-05-28 00:33:38,200 INFO  - Received event: 257000 (at simulation time IntraVehicleMsg)
2025-05-28 00:33:38,202 INFO  - Sent message to others cars = 'veh_39 | CartesianPoint{x=229.26,y=528.84,z=0.00}' (at simulation time 258.000,000,000 s)
2025-05-28 00:33:38,253 INFO  - Received event: 258000 (at simulation time IntraVehicleMsg)
2025-05-28 00:33:38,256 INFO  - Sent message to others cars = 'veh_39 | CartesianPoint{x=237.41,y=528.83,z=0.00}' (at simulation time 259.000,000,000 s)
2025-05-28 00:33:38,306 INFO  - Received event: 259000 (at simulation time IntraVehicleMsg)
2025-05-28 00:33:38,311 INFO  - Sent message to others cars = 'veh_39 | CartesianPoint{x=245.11,y=528.81,z=0.00}' (at simulation time 260.000,000,000 s)
2025-05-28 00:33:38,356 INFO  - Received event: 260000 (at simulation time IntraVehicleMsg)
2025-05-28 00:33:38,358 INFO  - Sent message to others cars = 'veh_39 | CartesianPoint{x=252.65,y=528.80,z=0.00}' (at simulation time 261.000,000,000 s)
2025-05-28 00:33:38,402 INFO  - Received event: 261000 (at simulation time IntraVehicleMsg)
2025-05-28 00:33:38,405 INFO  - Sent message to others cars = 'veh_39 | CartesianPoint{x=260.57,y=528.78,z=0.00}' (at simulation time 262.000,000,000 s)
2025-05-28 00:33:38,450 INFO  - Received event: 262000 (at simulation time IntraVehicleMsg)
2025-05-28 00:33:38,453 INFO  - Sent message to others cars = 'veh_39 | CartesianPoint{x=267.86,y=528.77,z=0.00}' (at simulation time 263.000,000,000 s)
2025-05-28 00:33:38,500 INFO  - Received event: 263000 (at simulation time IntraVehicleMsg)
2025-05-28 00:33:38,507 INFO  - Sent message to others cars = 'veh_39 | CartesianPoint{x=275.57,y=528.76,z=0.00}' (at simulation time 264.000,000,000 s)
2025-05-28 00:33:38,556 INFO  - Received event: 264000 (at simulation time IntraVehicleMsg)
2025-05-28 00:33:38,559 INFO  - Sent message to others cars = 'veh_39 | CartesianPoint{x=283.45,y=528.75,z=0.00}' (at simulation time 265.000,000,000 s)
2025-05-28 00:33:38,611 INFO  - Received event: 265000 (at simulation time IntraVehicleMsg)
2025-05-28 00:33:38,614 INFO  - Sent message to others cars = 'veh_39 | CartesianPoint{x=291.03,y=528.74,z=0.00}' (at simulation time 266.000,000,000 s)
2025-05-28 00:33:38,665 INFO  - Received event: 266000 (at simulation time IntraVehicleMsg)
2025-05-28 00:33:38,668 INFO  - Sent message to others cars = 'veh_39 | CartesianPoint{x=299.13,y=528.73,z=0.00}' (at simulation time 267.000,000,000 s)
2025-05-28 00:33:38,721 INFO  - Received event: 267000 (at simulation time IntraVehicleMsg)
2025-05-28 00:33:38,724 INFO  - Sent message to others cars = 'veh_39 | CartesianPoint{x=306.73,y=528.72,z=0.00}' (at simulation time 268.000,000,000 s)
2025-05-28 00:33:38,775 INFO  - Received event: 268000 (at simulation time IntraVehicleMsg)
2025-05-28 00:33:38,777 INFO  - Sent message to others cars = 'veh_39 | CartesianPoint{x=313.80,y=528.71,z=0.00}' (at simulation time 269.000,000,000 s)
2025-05-28 00:33:38,832 INFO  - Received event: 269000 (at simulation time IntraVehicleMsg)
2025-05-28 00:33:38,840 INFO  - Sent message to others cars = 'veh_39 | CartesianPoint{x=321.42,y=528.70,z=0.00}' (at simulation time 270.000,000,000 s)
2025-05-28 00:33:38,893 INFO  - Received event: 270000 (at simulation time IntraVehicleMsg)
2025-05-28 00:33:38,896 INFO  - Sent message to others cars = 'veh_39 | CartesianPoint{x=328.59,y=528.70,z=0.00}' (at simulation time 271.000,000,000 s)
2025-05-28 00:33:38,952 INFO  - Received event: 271000 (at simulation time IntraVehicleMsg)
2025-05-28 00:33:38,954 INFO  - Sent message to others cars = 'veh_39 | CartesianPoint{x=335.63,y=528.69,z=0.00}' (at simulation time 272.000,000,000 s)
2025-05-28 00:33:39,010 INFO  - Received event: 272000 (at simulation time IntraVehicleMsg)
2025-05-28 00:33:39,013 INFO  - Sent message to others cars = 'veh_39 | CartesianPoint{x=343.18,y=528.68,z=0.00}' (at simulation time 273.000,000,000 s)
2025-05-28 00:33:39,072 INFO  - Received event: 273000 (at simulation time IntraVehicleMsg)
2025-05-28 00:33:39,079 INFO  - ------------------------------------------------------------------------------------- (at simulation time 274.000,000,000 s)
2025-05-28 00:33:39,079 INFO  - Shutdown application (at simulation time 274.000,000,000 s)
2025-05-28 00:33:39,079 INFO  - ------------------------------------------------------------------------------------- (at simulation time 274.000,000,000 s)
