2025-05-28 00:48:47,645 INFO  - ------------------------------------------------------------------------------------- (at simulation time 264.000,000,000 s)
2025-05-28 00:48:47,646 INFO  - Initialize veh_51 application (at simulation time 264.000,000,000 s)
2025-05-28 00:48:47,646 INFO  - Activated AdHoc Module (at simulation time 264.000,000,000 s)
2025-05-28 00:48:47,646 INFO  - ------------------------------------------------------------------------------------- (at simulation time 264.000,000,000 s)
2025-05-28 00:48:47,646 INFO  - Sent message to others cars = 'veh_51 | CartesianPoint{x=-0.00,y=532.14,z=0.00}' (at simulation time 264.000,000,000 s)
2025-05-28 00:48:47,693 INFO  - Received event: 264000 (at simulation time IntraVehicleMsg)
2025-05-28 00:48:47,696 INFO  - Sent message to others cars = 'veh_51 | CartesianPoint{x=8.32,y=532.12,z=0.00}' (at simulation time 265.000,000,000 s)
2025-05-28 00:48:47,743 INFO  - Received event: 265000 (at simulation time IntraVehicleMsg)
2025-05-28 00:48:47,746 INFO  - Sent message to others cars = 'veh_51 | CartesianPoint{x=15.87,y=532.09,z=0.00}' (at simulation time 266.000,000,000 s)
2025-05-28 00:48:47,794 INFO  - Received event: 266000 (at simulation time IntraVehicleMsg)
2025-05-28 00:48:47,796 INFO  - Sent message to others cars = 'veh_51 | CartesianPoint{x=23.63,y=532.07,z=0.00}' (at simulation time 267.000,000,000 s)
2025-05-28 00:48:47,847 INFO  - Received event: 267000 (at simulation time IntraVehicleMsg)
2025-05-28 00:48:47,849 INFO  - Sent message to others cars = 'veh_51 | CartesianPoint{x=31.75,y=532.05,z=0.00}' (at simulation time 268.000,000,000 s)
2025-05-28 00:48:47,901 INFO  - Received event: 268000 (at simulation time IntraVehicleMsg)
2025-05-28 00:48:47,904 INFO  - Sent message to others cars = 'veh_51 | CartesianPoint{x=39.12,y=532.04,z=0.00}' (at simulation time 269.000,000,000 s)
2025-05-28 00:48:47,959 INFO  - Received event: 269000 (at simulation time IntraVehicleMsg)
2025-05-28 00:48:47,965 INFO  - Sent message to others cars = 'veh_51 | CartesianPoint{x=47.27,y=532.10,z=0.00}' (at simulation time 270.000,000,000 s)
2025-05-28 00:48:48,018 INFO  - Received event: 270000 (at simulation time IntraVehicleMsg)
2025-05-28 00:48:48,024 INFO  - Sent message to others cars = 'veh_51 | CartesianPoint{x=54.65,y=532.16,z=0.00}' (at simulation time 271.000,000,000 s)
2025-05-28 00:48:48,077 INFO  - Received event: 271000 (at simulation time IntraVehicleMsg)
2025-05-28 00:48:48,079 INFO  - Sent message to others cars = 'veh_51 | CartesianPoint{x=62.36,y=532.20,z=0.00}' (at simulation time 272.000,000,000 s)
2025-05-28 00:48:48,132 INFO  - Received event: 272000 (at simulation time IntraVehicleMsg)
2025-05-28 00:48:48,134 INFO  - Sent message to others cars = 'veh_51 | CartesianPoint{x=69.93,y=532.22,z=0.00}' (at simulation time 273.000,000,000 s)
2025-05-28 00:48:48,187 INFO  - Received event: 273000 (at simulation time IntraVehicleMsg)
2025-05-28 00:48:48,194 INFO  - Sent message to others cars = 'veh_51 | CartesianPoint{x=77.63,y=532.24,z=0.00}' (at simulation time 274.000,000,000 s)
2025-05-28 00:48:48,252 INFO  - Received event: 274000 (at simulation time IntraVehicleMsg)
2025-05-28 00:48:48,255 INFO  - Sent message to others cars = 'veh_51 | CartesianPoint{x=85.59,y=532.26,z=0.00}' (at simulation time 275.000,000,000 s)
2025-05-28 00:48:48,311 INFO  - Received event: 275000 (at simulation time IntraVehicleMsg)
2025-05-28 00:48:48,314 INFO  - Sent message to others cars = 'veh_51 | CartesianPoint{x=93.95,y=532.17,z=0.00}' (at simulation time 276.000,000,000 s)
2025-05-28 00:48:48,367 INFO  - Received event: 276000 (at simulation time IntraVehicleMsg)
2025-05-28 00:48:48,369 INFO  - Sent message to others cars = 'veh_51 | CartesianPoint{x=101.51,y=532.07,z=0.00}' (at simulation time 277.000,000,000 s)
2025-05-28 00:48:48,423 INFO  - Received event: 277000 (at simulation time IntraVehicleMsg)
2025-05-28 00:48:48,425 INFO  - Sent message to others cars = 'veh_51 | CartesianPoint{x=109.38,y=531.98,z=0.00}' (at simulation time 278.000,000,000 s)
2025-05-28 00:48:48,486 INFO  - Received event: 278000 (at simulation time IntraVehicleMsg)
2025-05-28 00:48:48,496 INFO  - Sent message to others cars = 'veh_51 | CartesianPoint{x=117.03,y=531.88,z=0.00}' (at simulation time 279.000,000,000 s)
2025-05-28 00:48:48,553 INFO  - Received event: 279000 (at simulation time IntraVehicleMsg)
2025-05-28 00:48:48,558 INFO  - Sent message to others cars = 'veh_51 | CartesianPoint{x=123.96,y=531.79,z=0.00}' (at simulation time 280.000,000,000 s)
2025-05-28 00:48:48,616 INFO  - Received event: 280000 (at simulation time IntraVehicleMsg)
2025-05-28 00:48:48,618 INFO  - Sent message to others cars = 'veh_51 | CartesianPoint{x=126.40,y=531.76,z=0.00}' (at simulation time 281.000,000,000 s)
2025-05-28 00:48:48,676 INFO  - Received event: 281000 (at simulation time IntraVehicleMsg)
2025-05-28 00:48:48,678 INFO  - Sent message to others cars = 'veh_51 | CartesianPoint{x=126.72,y=531.76,z=0.00}' (at simulation time 282.000,000,000 s)
2025-05-28 00:48:48,731 INFO  - Received event: 282000 (at simulation time IntraVehicleMsg)
2025-05-28 00:48:48,734 INFO  - Sent message to others cars = 'veh_51 | CartesianPoint{x=126.79,y=531.76,z=0.00}' (at simulation time 283.000,000,000 s)
2025-05-28 00:48:48,784 INFO  - Received event: 283000 (at simulation time IntraVehicleMsg)
2025-05-28 00:48:48,790 INFO  - Sent message to others cars = 'veh_51 | CartesianPoint{x=126.82,y=531.76,z=0.00}' (at simulation time 284.000,000,000 s)
2025-05-28 00:48:48,838 INFO  - Received event: 284000 (at simulation time IntraVehicleMsg)
2025-05-28 00:48:48,841 INFO  - Sent message to others cars = 'veh_51 | CartesianPoint{x=126.84,y=531.75,z=0.00}' (at simulation time 285.000,000,000 s)
2025-05-28 00:48:48,892 INFO  - Received event: 285000 (at simulation time IntraVehicleMsg)
2025-05-28 00:48:48,894 INFO  - Sent message to others cars = 'veh_51 | CartesianPoint{x=126.84,y=531.75,z=0.00}' (at simulation time 286.000,000,000 s)
2025-05-28 00:48:48,944 INFO  - Received event: 286000 (at simulation time IntraVehicleMsg)
2025-05-28 00:48:48,947 INFO  - Sent message to others cars = 'veh_51 | CartesianPoint{x=126.84,y=531.75,z=0.00}' (at simulation time 287.000,000,000 s)
2025-05-28 00:48:48,999 INFO  - Received event: 287000 (at simulation time IntraVehicleMsg)
2025-05-28 00:48:49,002 INFO  - Sent message to others cars = 'veh_51 | CartesianPoint{x=126.84,y=531.75,z=0.00}' (at simulation time 288.000,000,000 s)
2025-05-28 00:48:49,058 INFO  - Received event: 288000 (at simulation time IntraVehicleMsg)
2025-05-28 00:48:49,068 INFO  - Sent message to others cars = 'veh_51 | CartesianPoint{x=126.84,y=531.75,z=0.00}' (at simulation time 289.000,000,000 s)
2025-05-28 00:48:49,122 INFO  - Received event: 289000 (at simulation time IntraVehicleMsg)
2025-05-28 00:48:49,125 INFO  - Sent message to others cars = 'veh_51 | CartesianPoint{x=126.84,y=531.75,z=0.00}' (at simulation time 290.000,000,000 s)
2025-05-28 00:48:49,177 INFO  - Received event: 290000 (at simulation time IntraVehicleMsg)
2025-05-28 00:48:49,180 INFO  - Sent message to others cars = 'veh_51 | CartesianPoint{x=126.84,y=531.75,z=0.00}' (at simulation time 291.000,000,000 s)
2025-05-28 00:48:49,234 INFO  - Received event: 291000 (at simulation time IntraVehicleMsg)
2025-05-28 00:48:49,237 INFO  - Sent message to others cars = 'veh_51 | CartesianPoint{x=126.84,y=531.75,z=0.00}' (at simulation time 292.000,000,000 s)
2025-05-28 00:48:49,299 INFO  - Received event: 292000 (at simulation time IntraVehicleMsg)
2025-05-28 00:48:49,302 INFO  - Sent message to others cars = 'veh_51 | CartesianPoint{x=126.84,y=531.75,z=0.00}' (at simulation time 293.000,000,000 s)
2025-05-28 00:48:49,362 INFO  - Received event: 293000 (at simulation time IntraVehicleMsg)
2025-05-28 00:48:49,372 INFO  - Sent message to others cars = 'veh_51 | CartesianPoint{x=126.84,y=531.75,z=0.00}' (at simulation time 294.000,000,000 s)
2025-05-28 00:48:49,427 INFO  - Received event: 294000 (at simulation time IntraVehicleMsg)
2025-05-28 00:48:49,431 INFO  - Sent message to others cars = 'veh_51 | CartesianPoint{x=126.84,y=531.75,z=0.00}' (at simulation time 295.000,000,000 s)
2025-05-28 00:48:49,492 INFO  - Received event: 295000 (at simulation time IntraVehicleMsg)
2025-05-28 00:48:49,495 INFO  - Sent message to others cars = 'veh_51 | CartesianPoint{x=126.84,y=531.75,z=0.00}' (at simulation time 296.000,000,000 s)
2025-05-28 00:48:49,558 INFO  - Received event: 296000 (at simulation time IntraVehicleMsg)
2025-05-28 00:48:49,561 INFO  - Sent message to others cars = 'veh_51 | CartesianPoint{x=126.84,y=531.75,z=0.00}' (at simulation time 297.000,000,000 s)
2025-05-28 00:48:49,624 INFO  - Received event: 297000 (at simulation time IntraVehicleMsg)
2025-05-28 00:48:49,634 INFO  - Sent message to others cars = 'veh_51 | CartesianPoint{x=126.84,y=531.75,z=0.00}' (at simulation time 298.000,000,000 s)
2025-05-28 00:48:49,689 INFO  - Received event: 298000 (at simulation time IntraVehicleMsg)
2025-05-28 00:48:49,694 INFO  - Sent message to others cars = 'veh_51 | CartesianPoint{x=126.84,y=531.75,z=0.00}' (at simulation time 299.000,000,000 s)
2025-05-28 00:48:49,744 INFO  - Received event: 299000 (at simulation time IntraVehicleMsg)
2025-05-28 00:48:49,747 INFO  - Sent message to others cars = 'veh_51 | CartesianPoint{x=126.84,y=531.75,z=0.00}' (at simulation time 300.000,000,000 s)
2025-05-28 00:48:49,796 INFO  - Received event: 300000 (at simulation time IntraVehicleMsg)
2025-05-28 00:48:49,799 INFO  - Sent message to others cars = 'veh_51 | CartesianPoint{x=126.84,y=531.75,z=0.00}' (at simulation time 301.000,000,000 s)
2025-05-28 00:48:49,841 INFO  - Received event: 301000 (at simulation time IntraVehicleMsg)
2025-05-28 00:48:49,844 INFO  - Sent message to others cars = 'veh_51 | CartesianPoint{x=126.84,y=531.75,z=0.00}' (at simulation time 302.000,000,000 s)
2025-05-28 00:48:49,881 INFO  - Received event: 302000 (at simulation time IntraVehicleMsg)
2025-05-28 00:48:49,884 INFO  - Sent message to others cars = 'veh_51 | CartesianPoint{x=126.84,y=531.75,z=0.00}' (at simulation time 303.000,000,000 s)
2025-05-28 00:48:49,925 INFO  - Received event: 303000 (at simulation time IntraVehicleMsg)
2025-05-28 00:48:49,928 INFO  - Sent message to others cars = 'veh_51 | CartesianPoint{x=126.84,y=531.75,z=0.00}' (at simulation time 304.000,000,000 s)
2025-05-28 00:48:49,968 INFO  - Received event: 304000 (at simulation time IntraVehicleMsg)
2025-05-28 00:48:49,986 INFO  - Sent message to others cars = 'veh_51 | CartesianPoint{x=126.84,y=531.75,z=0.00}' (at simulation time 305.000,000,000 s)
2025-05-28 00:48:50,030 INFO  - Received event: 305000 (at simulation time IntraVehicleMsg)
2025-05-28 00:48:50,039 INFO  - Sent message to others cars = 'veh_51 | CartesianPoint{x=126.84,y=531.75,z=0.00}' (at simulation time 306.000,000,000 s)
2025-05-28 00:48:50,080 INFO  - Received event: 306000 (at simulation time IntraVehicleMsg)
2025-05-28 00:48:50,083 INFO  - Sent message to others cars = 'veh_51 | CartesianPoint{x=126.84,y=531.75,z=0.00}' (at simulation time 307.000,000,000 s)
2025-05-28 00:48:50,126 INFO  - Received event: 307000 (at simulation time IntraVehicleMsg)
2025-05-28 00:48:50,135 INFO  - Sent message to others cars = 'veh_51 | CartesianPoint{x=126.84,y=531.75,z=0.00}' (at simulation time 308.000,000,000 s)
2025-05-28 00:48:50,177 INFO  - Received event: 308000 (at simulation time IntraVehicleMsg)
2025-05-28 00:48:50,180 INFO  - Sent message to others cars = 'veh_51 | CartesianPoint{x=126.84,y=531.75,z=0.00}' (at simulation time 309.000,000,000 s)
2025-05-28 00:48:50,224 INFO  - Received event: 309000 (at simulation time IntraVehicleMsg)
2025-05-28 00:48:50,227 INFO  - Sent message to others cars = 'veh_51 | CartesianPoint{x=126.84,y=531.75,z=0.00}' (at simulation time 310.000,000,000 s)
2025-05-28 00:48:50,272 INFO  - Received event: 310000 (at simulation time IntraVehicleMsg)
2025-05-28 00:48:50,275 INFO  - Sent message to others cars = 'veh_51 | CartesianPoint{x=126.84,y=531.75,z=0.00}' (at simulation time 311.000,000,000 s)
2025-05-28 00:48:50,321 INFO  - Received event: 311000 (at simulation time IntraVehicleMsg)
2025-05-28 00:48:50,324 INFO  - Sent message to others cars = 'veh_51 | CartesianPoint{x=126.84,y=531.75,z=0.00}' (at simulation time 312.000,000,000 s)
2025-05-28 00:48:50,373 INFO  - Received event: 312000 (at simulation time IntraVehicleMsg)
2025-05-28 00:48:50,376 INFO  - Sent message to others cars = 'veh_51 | CartesianPoint{x=126.84,y=531.75,z=0.00}' (at simulation time 313.000,000,000 s)
2025-05-28 00:48:50,435 INFO  - Received event: 313000 (at simulation time IntraVehicleMsg)
2025-05-28 00:48:50,439 INFO  - Sent message to others cars = 'veh_51 | CartesianPoint{x=126.84,y=531.75,z=0.00}' (at simulation time 314.000,000,000 s)
2025-05-28 00:48:50,487 INFO  - Received event: 314000 (at simulation time IntraVehicleMsg)
2025-05-28 00:48:50,496 INFO  - Sent message to others cars = 'veh_51 | CartesianPoint{x=126.84,y=531.75,z=0.00}' (at simulation time 315.000,000,000 s)
2025-05-28 00:48:50,547 INFO  - Received event: 315000 (at simulation time IntraVehicleMsg)
2025-05-28 00:48:50,550 INFO  - Sent message to others cars = 'veh_51 | CartesianPoint{x=128.70,y=531.73,z=0.00}' (at simulation time 316.000,000,000 s)
2025-05-28 00:48:50,603 INFO  - Received event: 316000 (at simulation time IntraVehicleMsg)
2025-05-28 00:48:50,607 INFO  - Sent message to others cars = 'veh_51 | CartesianPoint{x=132.08,y=531.69,z=0.00}' (at simulation time 317.000,000,000 s)
2025-05-28 00:48:50,658 INFO  - Received event: 317000 (at simulation time IntraVehicleMsg)
2025-05-28 00:48:50,661 INFO  - Sent message to others cars = 'veh_51 | CartesianPoint{x=137.75,y=531.64,z=0.00}' (at simulation time 318.000,000,000 s)
2025-05-28 00:48:50,715 INFO  - Received event: 318000 (at simulation time IntraVehicleMsg)
2025-05-28 00:48:50,731 INFO  - Sent message to others cars = 'veh_51 | CartesianPoint{x=144.82,y=531.59,z=0.00}' (at simulation time 319.000,000,000 s)
2025-05-28 00:48:50,791 INFO  - Received event: 319000 (at simulation time IntraVehicleMsg)
2025-05-28 00:48:50,801 INFO  - Sent message to others cars = 'veh_51 | CartesianPoint{x=151.12,y=531.58,z=0.00}' (at simulation time 320.000,000,000 s)
2025-05-28 00:48:50,857 INFO  - Received event: 320000 (at simulation time IntraVehicleMsg)
2025-05-28 00:48:50,860 INFO  - Sent message to others cars = 'veh_51 | CartesianPoint{x=158.05,y=531.62,z=0.00}' (at simulation time 321.000,000,000 s)
2025-05-28 00:48:50,917 INFO  - Received event: 321000 (at simulation time IntraVehicleMsg)
2025-05-28 00:48:50,921 INFO  - Sent message to others cars = 'veh_51 | CartesianPoint{x=165.59,y=531.68,z=0.00}' (at simulation time 322.000,000,000 s)
2025-05-28 00:48:50,980 INFO  - Received event: 322000 (at simulation time IntraVehicleMsg)
2025-05-28 00:48:50,983 INFO  - Sent message to others cars = 'veh_51 | CartesianPoint{x=173.10,y=531.73,z=0.00}' (at simulation time 323.000,000,000 s)
2025-05-28 00:48:51,043 INFO  - Received event: 323000 (at simulation time IntraVehicleMsg)
2025-05-28 00:48:51,049 INFO  - Sent message to others cars = 'veh_51 | CartesianPoint{x=180.75,y=531.78,z=0.00}' (at simulation time 324.000,000,000 s)
2025-05-28 00:48:51,109 INFO  - Received event: 324000 (at simulation time IntraVehicleMsg)
2025-05-28 00:48:51,117 INFO  - Sent message to others cars = 'veh_51 | CartesianPoint{x=187.32,y=531.83,z=0.00}' (at simulation time 325.000,000,000 s)
2025-05-28 00:48:51,179 INFO  - Received event: 325000 (at simulation time IntraVehicleMsg)
2025-05-28 00:48:51,183 INFO  - Sent message to others cars = 'veh_51 | CartesianPoint{x=194.06,y=531.87,z=0.00}' (at simulation time 326.000,000,000 s)
2025-05-28 00:48:51,244 INFO  - Received event: 326000 (at simulation time IntraVehicleMsg)
2025-05-28 00:48:51,247 INFO  - Sent message to others cars = 'veh_51 | CartesianPoint{x=201.59,y=531.93,z=0.00}' (at simulation time 327.000,000,000 s)
2025-05-28 00:48:51,311 INFO  - Received event: 327000 (at simulation time IntraVehicleMsg)
2025-05-28 00:48:51,314 INFO  - Sent message to others cars = 'veh_51 | CartesianPoint{x=206.51,y=531.96,z=0.00}' (at simulation time 328.000,000,000 s)
2025-05-28 00:48:51,380 INFO  - Received event: 328000 (at simulation time IntraVehicleMsg)
2025-05-28 00:48:51,383 INFO  - Sent message to others cars = 'veh_51 | CartesianPoint{x=213.23,y=532.01,z=0.00}' (at simulation time 329.000,000,000 s)
2025-05-28 00:48:51,451 INFO  - Received event: 329000 (at simulation time IntraVehicleMsg)
2025-05-28 00:48:51,467 INFO  - Sent message to others cars = 'veh_51 | CartesianPoint{x=221.57,y=532.03,z=0.00}' (at simulation time 330.000,000,000 s)
2025-05-28 00:48:51,537 INFO  - Received event: 330000 (at simulation time IntraVehicleMsg)
2025-05-28 00:48:51,554 INFO  - Sent message to others cars = 'veh_51 | CartesianPoint{x=228.26,y=532.04,z=0.00}' (at simulation time 331.000,000,000 s)
2025-05-28 00:48:51,628 INFO  - Received event: 331000 (at simulation time IntraVehicleMsg)
2025-05-28 00:48:51,641 INFO  - Sent message to others cars = 'veh_51 | CartesianPoint{x=236.01,y=528.83,z=0.00}' (at simulation time 332.000,000,000 s)
2025-05-28 00:48:51,711 INFO  - Received event: 332000 (at simulation time IntraVehicleMsg)
2025-05-28 00:48:51,715 INFO  - Sent message to others cars = 'veh_51 | CartesianPoint{x=242.99,y=528.82,z=0.00}' (at simulation time 333.000,000,000 s)
2025-05-28 00:48:51,789 INFO  - Received event: 333000 (at simulation time IntraVehicleMsg)
2025-05-28 00:48:51,792 INFO  - Sent message to others cars = 'veh_51 | CartesianPoint{x=250.03,y=528.80,z=0.00}' (at simulation time 334.000,000,000 s)
2025-05-28 00:48:51,869 INFO  - Received event: 334000 (at simulation time IntraVehicleMsg)
2025-05-28 00:48:51,874 INFO  - Sent message to others cars = 'veh_51 | CartesianPoint{x=257.86,y=528.79,z=0.00}' (at simulation time 335.000,000,000 s)
2025-05-28 00:48:51,946 INFO  - Received event: 335000 (at simulation time IntraVehicleMsg)
2025-05-28 00:48:51,954 INFO  - Sent message to others cars = 'veh_51 | CartesianPoint{x=264.91,y=528.78,z=0.00}' (at simulation time 336.000,000,000 s)
2025-05-28 00:48:52,025 INFO  - Received event: 336000 (at simulation time IntraVehicleMsg)
2025-05-28 00:48:52,029 INFO  - Sent message to others cars = 'veh_51 | CartesianPoint{x=272.25,y=528.76,z=0.00}' (at simulation time 337.000,000,000 s)
2025-05-28 00:48:52,102 INFO  - Received event: 337000 (at simulation time IntraVehicleMsg)
2025-05-28 00:48:52,116 INFO  - Sent message to others cars = 'veh_51 | CartesianPoint{x=280.07,y=528.75,z=0.00}' (at simulation time 338.000,000,000 s)
2025-05-28 00:48:52,196 INFO  - Received event: 338000 (at simulation time IntraVehicleMsg)
2025-05-28 00:48:52,212 INFO  - Sent message to others cars = 'veh_51 | CartesianPoint{x=287.64,y=528.74,z=0.00}' (at simulation time 339.000,000,000 s)
2025-05-28 00:48:52,293 INFO  - Received event: 339000 (at simulation time IntraVehicleMsg)
2025-05-28 00:48:52,313 INFO  - Sent message to others cars = 'veh_51 | CartesianPoint{x=294.90,y=528.73,z=0.00}' (at simulation time 340.000,000,000 s)
2025-05-28 00:48:52,394 INFO  - Received event: 340000 (at simulation time IntraVehicleMsg)
2025-05-28 00:48:52,412 INFO  - Sent message to others cars = 'veh_51 | CartesianPoint{x=302.30,y=528.73,z=0.00}' (at simulation time 341.000,000,000 s)
2025-05-28 00:48:52,496 INFO  - Received event: 341000 (at simulation time IntraVehicleMsg)
2025-05-28 00:48:52,509 INFO  - Sent message to others cars = 'veh_51 | CartesianPoint{x=309.35,y=528.72,z=0.00}' (at simulation time 342.000,000,000 s)
2025-05-28 00:48:52,591 INFO  - Received event: 342000 (at simulation time IntraVehicleMsg)
2025-05-28 00:48:52,595 INFO  - Sent message to others cars = 'veh_51 | CartesianPoint{x=317.18,y=528.71,z=0.00}' (at simulation time 343.000,000,000 s)
2025-05-28 00:48:52,679 INFO  - Received event: 343000 (at simulation time IntraVehicleMsg)
2025-05-28 00:48:52,682 INFO  - Sent message to others cars = 'veh_51 | CartesianPoint{x=324.02,y=528.70,z=0.00}' (at simulation time 344.000,000,000 s)
2025-05-28 00:48:52,764 INFO  - Received event: 344000 (at simulation time IntraVehicleMsg)
2025-05-28 00:48:52,768 INFO  - Sent message to others cars = 'veh_51 | CartesianPoint{x=331.78,y=528.69,z=0.00}' (at simulation time 345.000,000,000 s)
2025-05-28 00:48:52,855 INFO  - Received event: 345000 (at simulation time IntraVehicleMsg)
2025-05-28 00:48:52,863 INFO  - Sent message to others cars = 'veh_51 | CartesianPoint{x=338.43,y=528.68,z=0.00}' (at simulation time 346.000,000,000 s)
2025-05-28 00:48:52,939 INFO  - Received event: 346000 (at simulation time IntraVehicleMsg)
2025-05-28 00:48:52,943 INFO  - Sent message to others cars = 'veh_51 | CartesianPoint{x=346.36,y=528.67,z=0.00}' (at simulation time 347.000,000,000 s)
2025-05-28 00:48:53,022 INFO  - Received event: 347000 (at simulation time IntraVehicleMsg)
2025-05-28 00:48:53,026 INFO  - ------------------------------------------------------------------------------------- (at simulation time 348.000,000,000 s)
2025-05-28 00:48:53,026 INFO  - Shutdown application (at simulation time 348.000,000,000 s)
2025-05-28 00:48:53,026 INFO  - ------------------------------------------------------------------------------------- (at simulation time 348.000,000,000 s)
