2025-05-28 00:39:14,279 INFO  - ------------------------------------------------------------------------------------- (at simulation time 264.000,000,000 s)
2025-05-28 00:39:14,279 INFO  - Initialize veh_51 application (at simulation time 264.000,000,000 s)
2025-05-28 00:39:14,279 INFO  - Activated AdHoc Module (at simulation time 264.000,000,000 s)
2025-05-28 00:39:14,279 INFO  - ------------------------------------------------------------------------------------- (at simulation time 264.000,000,000 s)
2025-05-28 00:39:14,280 INFO  - Sent message to others cars = 'veh_51 | CartesianPoint{x=-0.00,y=532.14,z=0.00}' (at simulation time 264.000,000,000 s)
2025-05-28 00:39:14,327 INFO  - Received event: 264000 (at simulation time IntraVehicleMsg)
2025-05-28 00:39:14,332 INFO  - Sent message to others cars = 'veh_51 | CartesianPoint{x=8.32,y=532.12,z=0.00}' (at simulation time 265.000,000,000 s)
2025-05-28 00:39:14,382 INFO  - Received event: 265000 (at simulation time IntraVehicleMsg)
2025-05-28 00:39:14,385 INFO  - Sent message to others cars = 'veh_51 | CartesianPoint{x=15.87,y=532.09,z=0.00}' (at simulation time 266.000,000,000 s)
2025-05-28 00:39:14,441 INFO  - Received event: 266000 (at simulation time IntraVehicleMsg)
2025-05-28 00:39:14,444 INFO  - Sent message to others cars = 'veh_51 | CartesianPoint{x=23.63,y=532.07,z=0.00}' (at simulation time 267.000,000,000 s)
2025-05-28 00:39:14,496 INFO  - Received event: 267000 (at simulation time IntraVehicleMsg)
2025-05-28 00:39:14,499 INFO  - Sent message to others cars = 'veh_51 | CartesianPoint{x=31.75,y=532.05,z=0.00}' (at simulation time 268.000,000,000 s)
2025-05-28 00:39:14,549 INFO  - Received event: 268000 (at simulation time IntraVehicleMsg)
2025-05-28 00:39:14,552 INFO  - Sent message to others cars = 'veh_51 | CartesianPoint{x=39.12,y=532.04,z=0.00}' (at simulation time 269.000,000,000 s)
2025-05-28 00:39:14,604 INFO  - Received event: 269000 (at simulation time IntraVehicleMsg)
2025-05-28 00:39:14,612 INFO  - Sent message to others cars = 'veh_51 | CartesianPoint{x=47.27,y=532.10,z=0.00}' (at simulation time 270.000,000,000 s)
2025-05-28 00:39:14,662 INFO  - Received event: 270000 (at simulation time IntraVehicleMsg)
2025-05-28 00:39:14,665 INFO  - Sent message to others cars = 'veh_51 | CartesianPoint{x=54.65,y=532.16,z=0.00}' (at simulation time 271.000,000,000 s)
2025-05-28 00:39:14,718 INFO  - Received event: 271000 (at simulation time IntraVehicleMsg)
2025-05-28 00:39:14,720 INFO  - Sent message to others cars = 'veh_51 | CartesianPoint{x=62.36,y=532.20,z=0.00}' (at simulation time 272.000,000,000 s)
2025-05-28 00:39:14,773 INFO  - Received event: 272000 (at simulation time IntraVehicleMsg)
2025-05-28 00:39:14,775 INFO  - Sent message to others cars = 'veh_51 | CartesianPoint{x=69.93,y=532.22,z=0.00}' (at simulation time 273.000,000,000 s)
2025-05-28 00:39:14,825 INFO  - Received event: 273000 (at simulation time IntraVehicleMsg)
2025-05-28 00:39:14,832 INFO  - Sent message to others cars = 'veh_51 | CartesianPoint{x=77.63,y=532.24,z=0.00}' (at simulation time 274.000,000,000 s)
2025-05-28 00:39:14,885 INFO  - Received event: 274000 (at simulation time IntraVehicleMsg)
2025-05-28 00:39:14,890 INFO  - Sent message to others cars = 'veh_51 | CartesianPoint{x=85.59,y=532.26,z=0.00}' (at simulation time 275.000,000,000 s)
2025-05-28 00:39:14,943 INFO  - Received event: 275000 (at simulation time IntraVehicleMsg)
2025-05-28 00:39:14,947 INFO  - Sent message to others cars = 'veh_51 | CartesianPoint{x=93.95,y=532.17,z=0.00}' (at simulation time 276.000,000,000 s)
2025-05-28 00:39:15,000 INFO  - Received event: 276000 (at simulation time IntraVehicleMsg)
2025-05-28 00:39:15,003 INFO  - Sent message to others cars = 'veh_51 | CartesianPoint{x=101.51,y=532.07,z=0.00}' (at simulation time 277.000,000,000 s)
2025-05-28 00:39:15,058 INFO  - Received event: 277000 (at simulation time IntraVehicleMsg)
2025-05-28 00:39:15,067 INFO  - Sent message to others cars = 'veh_51 | CartesianPoint{x=109.38,y=531.98,z=0.00}' (at simulation time 278.000,000,000 s)
2025-05-28 00:39:15,131 INFO  - Received event: 278000 (at simulation time IntraVehicleMsg)
2025-05-28 00:39:15,134 INFO  - Sent message to others cars = 'veh_51 | CartesianPoint{x=117.03,y=531.88,z=0.00}' (at simulation time 279.000,000,000 s)
2025-05-28 00:39:15,185 INFO  - Received event: 279000 (at simulation time IntraVehicleMsg)
2025-05-28 00:39:15,191 INFO  - Sent message to others cars = 'veh_51 | CartesianPoint{x=123.96,y=531.79,z=0.00}' (at simulation time 280.000,000,000 s)
2025-05-28 00:39:15,241 INFO  - Received event: 280000 (at simulation time IntraVehicleMsg)
2025-05-28 00:39:15,243 INFO  - Sent message to others cars = 'veh_51 | CartesianPoint{x=126.40,y=531.76,z=0.00}' (at simulation time 281.000,000,000 s)
2025-05-28 00:39:15,294 INFO  - Received event: 281000 (at simulation time IntraVehicleMsg)
2025-05-28 00:39:15,296 INFO  - Sent message to others cars = 'veh_51 | CartesianPoint{x=126.72,y=531.76,z=0.00}' (at simulation time 282.000,000,000 s)
2025-05-28 00:39:15,345 INFO  - Received event: 282000 (at simulation time IntraVehicleMsg)
2025-05-28 00:39:15,347 INFO  - Sent message to others cars = 'veh_51 | CartesianPoint{x=126.79,y=531.76,z=0.00}' (at simulation time 283.000,000,000 s)
2025-05-28 00:39:15,391 INFO  - Received event: 283000 (at simulation time IntraVehicleMsg)
2025-05-28 00:39:15,399 INFO  - Sent message to others cars = 'veh_51 | CartesianPoint{x=126.82,y=531.76,z=0.00}' (at simulation time 284.000,000,000 s)
2025-05-28 00:39:15,451 INFO  - Received event: 284000 (at simulation time IntraVehicleMsg)
2025-05-28 00:39:15,453 INFO  - Sent message to others cars = 'veh_51 | CartesianPoint{x=126.84,y=531.75,z=0.00}' (at simulation time 285.000,000,000 s)
2025-05-28 00:39:15,502 INFO  - Received event: 285000 (at simulation time IntraVehicleMsg)
2025-05-28 00:39:15,505 INFO  - Sent message to others cars = 'veh_51 | CartesianPoint{x=126.84,y=531.75,z=0.00}' (at simulation time 286.000,000,000 s)
2025-05-28 00:39:15,555 INFO  - Received event: 286000 (at simulation time IntraVehicleMsg)
2025-05-28 00:39:15,557 INFO  - Sent message to others cars = 'veh_51 | CartesianPoint{x=126.84,y=531.75,z=0.00}' (at simulation time 287.000,000,000 s)
2025-05-28 00:39:15,608 INFO  - Received event: 287000 (at simulation time IntraVehicleMsg)
2025-05-28 00:39:15,611 INFO  - Sent message to others cars = 'veh_51 | CartesianPoint{x=126.84,y=531.75,z=0.00}' (at simulation time 288.000,000,000 s)
2025-05-28 00:39:15,663 INFO  - Received event: 288000 (at simulation time IntraVehicleMsg)
2025-05-28 00:39:15,669 INFO  - Sent message to others cars = 'veh_51 | CartesianPoint{x=126.84,y=531.75,z=0.00}' (at simulation time 289.000,000,000 s)
2025-05-28 00:39:15,721 INFO  - Received event: 289000 (at simulation time IntraVehicleMsg)
2025-05-28 00:39:15,724 INFO  - Sent message to others cars = 'veh_51 | CartesianPoint{x=126.84,y=531.75,z=0.00}' (at simulation time 290.000,000,000 s)
2025-05-28 00:39:15,780 INFO  - Received event: 290000 (at simulation time IntraVehicleMsg)
2025-05-28 00:39:15,783 INFO  - Sent message to others cars = 'veh_51 | CartesianPoint{x=126.84,y=531.75,z=0.00}' (at simulation time 291.000,000,000 s)
2025-05-28 00:39:15,838 INFO  - Received event: 291000 (at simulation time IntraVehicleMsg)
2025-05-28 00:39:15,840 INFO  - Sent message to others cars = 'veh_51 | CartesianPoint{x=126.84,y=531.75,z=0.00}' (at simulation time 292.000,000,000 s)
2025-05-28 00:39:15,896 INFO  - Received event: 292000 (at simulation time IntraVehicleMsg)
2025-05-28 00:39:15,899 INFO  - Sent message to others cars = 'veh_51 | CartesianPoint{x=126.84,y=531.75,z=0.00}' (at simulation time 293.000,000,000 s)
2025-05-28 00:39:15,956 INFO  - Received event: 293000 (at simulation time IntraVehicleMsg)
2025-05-28 00:39:15,966 INFO  - Sent message to others cars = 'veh_51 | CartesianPoint{x=126.84,y=531.75,z=0.00}' (at simulation time 294.000,000,000 s)
2025-05-28 00:39:16,019 INFO  - Received event: 294000 (at simulation time IntraVehicleMsg)
2025-05-28 00:39:16,022 INFO  - Sent message to others cars = 'veh_51 | CartesianPoint{x=126.84,y=531.75,z=0.00}' (at simulation time 295.000,000,000 s)
2025-05-28 00:39:16,074 INFO  - Received event: 295000 (at simulation time IntraVehicleMsg)
2025-05-28 00:39:16,076 INFO  - Sent message to others cars = 'veh_51 | CartesianPoint{x=126.84,y=531.75,z=0.00}' (at simulation time 296.000,000,000 s)
2025-05-28 00:39:16,130 INFO  - Received event: 296000 (at simulation time IntraVehicleMsg)
2025-05-28 00:39:16,133 INFO  - Sent message to others cars = 'veh_51 | CartesianPoint{x=126.84,y=531.75,z=0.00}' (at simulation time 297.000,000,000 s)
2025-05-28 00:39:16,182 INFO  - Received event: 297000 (at simulation time IntraVehicleMsg)
2025-05-28 00:39:16,184 INFO  - Sent message to others cars = 'veh_51 | CartesianPoint{x=126.84,y=531.75,z=0.00}' (at simulation time 298.000,000,000 s)
2025-05-28 00:39:16,238 INFO  - Received event: 298000 (at simulation time IntraVehicleMsg)
2025-05-28 00:39:16,250 INFO  - Sent message to others cars = 'veh_51 | CartesianPoint{x=126.84,y=531.75,z=0.00}' (at simulation time 299.000,000,000 s)
2025-05-28 00:39:16,299 INFO  - Received event: 299000 (at simulation time IntraVehicleMsg)
2025-05-28 00:39:16,302 INFO  - Sent message to others cars = 'veh_51 | CartesianPoint{x=126.84,y=531.75,z=0.00}' (at simulation time 300.000,000,000 s)
2025-05-28 00:39:16,340 INFO  - Received event: 300000 (at simulation time IntraVehicleMsg)
2025-05-28 00:39:16,343 INFO  - Sent message to others cars = 'veh_51 | CartesianPoint{x=126.84,y=531.75,z=0.00}' (at simulation time 301.000,000,000 s)
2025-05-28 00:39:16,382 INFO  - Received event: 301000 (at simulation time IntraVehicleMsg)
2025-05-28 00:39:16,385 INFO  - Sent message to others cars = 'veh_51 | CartesianPoint{x=126.84,y=531.75,z=0.00}' (at simulation time 302.000,000,000 s)
2025-05-28 00:39:16,426 INFO  - Received event: 302000 (at simulation time IntraVehicleMsg)
2025-05-28 00:39:16,429 INFO  - Sent message to others cars = 'veh_51 | CartesianPoint{x=126.84,y=531.75,z=0.00}' (at simulation time 303.000,000,000 s)
2025-05-28 00:39:16,471 INFO  - Received event: 303000 (at simulation time IntraVehicleMsg)
2025-05-28 00:39:16,475 INFO  - Sent message to others cars = 'veh_51 | CartesianPoint{x=126.84,y=531.75,z=0.00}' (at simulation time 304.000,000,000 s)
2025-05-28 00:39:16,520 INFO  - Received event: 304000 (at simulation time IntraVehicleMsg)
2025-05-28 00:39:16,528 INFO  - Sent message to others cars = 'veh_51 | CartesianPoint{x=126.84,y=531.75,z=0.00}' (at simulation time 305.000,000,000 s)
2025-05-28 00:39:16,575 INFO  - Received event: 305000 (at simulation time IntraVehicleMsg)
2025-05-28 00:39:16,585 INFO  - Sent message to others cars = 'veh_51 | CartesianPoint{x=126.84,y=531.75,z=0.00}' (at simulation time 306.000,000,000 s)
2025-05-28 00:39:16,627 INFO  - Received event: 306000 (at simulation time IntraVehicleMsg)
2025-05-28 00:39:16,630 INFO  - Sent message to others cars = 'veh_51 | CartesianPoint{x=126.84,y=531.75,z=0.00}' (at simulation time 307.000,000,000 s)
2025-05-28 00:39:16,677 INFO  - Received event: 307000 (at simulation time IntraVehicleMsg)
2025-05-28 00:39:16,685 INFO  - Sent message to others cars = 'veh_51 | CartesianPoint{x=126.84,y=531.75,z=0.00}' (at simulation time 308.000,000,000 s)
2025-05-28 00:39:16,730 INFO  - Received event: 308000 (at simulation time IntraVehicleMsg)
2025-05-28 00:39:16,734 INFO  - Sent message to others cars = 'veh_51 | CartesianPoint{x=126.84,y=531.75,z=0.00}' (at simulation time 309.000,000,000 s)
2025-05-28 00:39:16,782 INFO  - Received event: 309000 (at simulation time IntraVehicleMsg)
2025-05-28 00:39:16,785 INFO  - Sent message to others cars = 'veh_51 | CartesianPoint{x=126.84,y=531.75,z=0.00}' (at simulation time 310.000,000,000 s)
2025-05-28 00:39:16,832 INFO  - Received event: 310000 (at simulation time IntraVehicleMsg)
2025-05-28 00:39:16,835 INFO  - Sent message to others cars = 'veh_51 | CartesianPoint{x=126.84,y=531.75,z=0.00}' (at simulation time 311.000,000,000 s)
2025-05-28 00:39:16,886 INFO  - Received event: 311000 (at simulation time IntraVehicleMsg)
2025-05-28 00:39:16,889 INFO  - Sent message to others cars = 'veh_51 | CartesianPoint{x=126.84,y=531.75,z=0.00}' (at simulation time 312.000,000,000 s)
2025-05-28 00:39:16,953 INFO  - Received event: 312000 (at simulation time IntraVehicleMsg)
2025-05-28 00:39:16,957 INFO  - Sent message to others cars = 'veh_51 | CartesianPoint{x=126.84,y=531.75,z=0.00}' (at simulation time 313.000,000,000 s)
2025-05-28 00:39:17,008 INFO  - Received event: 313000 (at simulation time IntraVehicleMsg)
2025-05-28 00:39:17,012 INFO  - Sent message to others cars = 'veh_51 | CartesianPoint{x=129.03,y=531.73,z=0.00}' (at simulation time 314.000,000,000 s)
2025-05-28 00:39:17,063 INFO  - Received event: 314000 (at simulation time IntraVehicleMsg)
2025-05-28 00:39:17,070 INFO  - Sent message to others cars = 'veh_51 | CartesianPoint{x=132.96,y=531.68,z=0.00}' (at simulation time 315.000,000,000 s)
2025-05-28 00:39:17,124 INFO  - Received event: 315000 (at simulation time IntraVehicleMsg)
2025-05-28 00:39:17,128 INFO  - Sent message to others cars = 'veh_51 | CartesianPoint{x=138.70,y=531.63,z=0.00}' (at simulation time 316.000,000,000 s)
2025-05-28 00:39:17,181 INFO  - Received event: 316000 (at simulation time IntraVehicleMsg)
2025-05-28 00:39:17,185 INFO  - Sent message to others cars = 'veh_51 | CartesianPoint{x=145.44,y=531.58,z=0.00}' (at simulation time 317.000,000,000 s)
2025-05-28 00:39:17,239 INFO  - Received event: 317000 (at simulation time IntraVehicleMsg)
2025-05-28 00:39:17,243 INFO  - Sent message to others cars = 'veh_51 | CartesianPoint{x=153.19,y=531.59,z=0.00}' (at simulation time 318.000,000,000 s)
2025-05-28 00:39:17,299 INFO  - Received event: 318000 (at simulation time IntraVehicleMsg)
2025-05-28 00:39:17,316 INFO  - Sent message to others cars = 'veh_51 | CartesianPoint{x=159.70,y=531.64,z=0.00}' (at simulation time 319.000,000,000 s)
2025-05-28 00:39:17,375 INFO  - Received event: 319000 (at simulation time IntraVehicleMsg)
2025-05-28 00:39:17,387 INFO  - Sent message to others cars = 'veh_51 | CartesianPoint{x=167.12,y=531.69,z=0.00}' (at simulation time 320.000,000,000 s)
2025-05-28 00:39:17,444 INFO  - Received event: 320000 (at simulation time IntraVehicleMsg)
2025-05-28 00:39:17,447 INFO  - Sent message to others cars = 'veh_51 | CartesianPoint{x=175.37,y=531.74,z=0.00}' (at simulation time 321.000,000,000 s)
2025-05-28 00:39:17,506 INFO  - Received event: 321000 (at simulation time IntraVehicleMsg)
2025-05-28 00:39:17,509 INFO  - Sent message to others cars = 'veh_51 | CartesianPoint{x=183.14,y=531.80,z=0.00}' (at simulation time 322.000,000,000 s)
2025-05-28 00:39:17,570 INFO  - Received event: 322000 (at simulation time IntraVehicleMsg)
2025-05-28 00:39:17,574 INFO  - Sent message to others cars = 'veh_51 | CartesianPoint{x=190.47,y=531.85,z=0.00}' (at simulation time 323.000,000,000 s)
2025-05-28 00:39:17,635 INFO  - Received event: 323000 (at simulation time IntraVehicleMsg)
2025-05-28 00:39:17,641 INFO  - Sent message to others cars = 'veh_51 | CartesianPoint{x=197.82,y=531.90,z=0.00}' (at simulation time 324.000,000,000 s)
2025-05-28 00:39:17,702 INFO  - Received event: 324000 (at simulation time IntraVehicleMsg)
2025-05-28 00:39:17,710 INFO  - Sent message to others cars = 'veh_51 | CartesianPoint{x=204.15,y=531.94,z=0.00}' (at simulation time 325.000,000,000 s)
2025-05-28 00:39:17,775 INFO  - Received event: 325000 (at simulation time IntraVehicleMsg)
2025-05-28 00:39:17,778 INFO  - Sent message to others cars = 'veh_51 | CartesianPoint{x=207.76,y=531.97,z=0.00}' (at simulation time 326.000,000,000 s)
2025-05-28 00:39:17,842 INFO  - Received event: 326000 (at simulation time IntraVehicleMsg)
2025-05-28 00:39:17,845 INFO  - Sent message to others cars = 'veh_51 | CartesianPoint{x=213.27,y=532.01,z=0.00}' (at simulation time 327.000,000,000 s)
2025-05-28 00:39:17,911 INFO  - Received event: 327000 (at simulation time IntraVehicleMsg)
2025-05-28 00:39:17,914 INFO  - Sent message to others cars = 'veh_51 | CartesianPoint{x=219.96,y=532.03,z=0.00}' (at simulation time 328.000,000,000 s)
2025-05-28 00:39:17,982 INFO  - Received event: 328000 (at simulation time IntraVehicleMsg)
2025-05-28 00:39:17,986 INFO  - Sent message to others cars = 'veh_51 | CartesianPoint{x=227.77,y=532.04,z=0.00}' (at simulation time 329.000,000,000 s)
2025-05-28 00:39:18,054 INFO  - Received event: 329000 (at simulation time IntraVehicleMsg)
2025-05-28 00:39:18,058 INFO  - Sent message to others cars = 'veh_51 | CartesianPoint{x=235.54,y=528.83,z=0.00}' (at simulation time 330.000,000,000 s)
2025-05-28 00:39:18,127 INFO  - Received event: 330000 (at simulation time IntraVehicleMsg)
2025-05-28 00:39:18,143 INFO  - Sent message to others cars = 'veh_51 | CartesianPoint{x=243.59,y=528.82,z=0.00}' (at simulation time 331.000,000,000 s)
2025-05-28 00:39:18,218 INFO  - Received event: 331000 (at simulation time IntraVehicleMsg)
2025-05-28 00:39:18,231 INFO  - Sent message to others cars = 'veh_51 | CartesianPoint{x=252.01,y=528.80,z=0.00}' (at simulation time 332.000,000,000 s)
2025-05-28 00:39:18,302 INFO  - Received event: 332000 (at simulation time IntraVehicleMsg)
2025-05-28 00:39:18,305 INFO  - Sent message to others cars = 'veh_51 | CartesianPoint{x=260.44,y=528.78,z=0.00}' (at simulation time 333.000,000,000 s)
2025-05-28 00:39:18,376 INFO  - Received event: 333000 (at simulation time IntraVehicleMsg)
2025-05-28 00:39:18,381 INFO  - Sent message to others cars = 'veh_51 | CartesianPoint{x=268.48,y=528.77,z=0.00}' (at simulation time 334.000,000,000 s)
2025-05-28 00:39:18,453 INFO  - Received event: 334000 (at simulation time IntraVehicleMsg)
2025-05-28 00:39:18,457 INFO  - Sent message to others cars = 'veh_51 | CartesianPoint{x=276.01,y=528.76,z=0.00}' (at simulation time 335.000,000,000 s)
2025-05-28 00:39:18,532 INFO  - Received event: 335000 (at simulation time IntraVehicleMsg)
2025-05-28 00:39:18,539 INFO  - Sent message to others cars = 'veh_51 | CartesianPoint{x=284.36,y=528.75,z=0.00}' (at simulation time 336.000,000,000 s)
2025-05-28 00:39:18,616 INFO  - Received event: 336000 (at simulation time IntraVehicleMsg)
2025-05-28 00:39:18,619 INFO  - Sent message to others cars = 'veh_51 | CartesianPoint{x=292.32,y=528.74,z=0.00}' (at simulation time 337.000,000,000 s)
2025-05-28 00:39:18,696 INFO  - Received event: 337000 (at simulation time IntraVehicleMsg)
2025-05-28 00:39:18,699 INFO  - Sent message to others cars = 'veh_51 | CartesianPoint{x=299.87,y=528.73,z=0.00}' (at simulation time 338.000,000,000 s)
2025-05-28 00:39:18,778 INFO  - Received event: 338000 (at simulation time IntraVehicleMsg)
2025-05-28 00:39:18,794 INFO  - Sent message to others cars = 'veh_51 | CartesianPoint{x=307.62,y=528.72,z=0.00}' (at simulation time 339.000,000,000 s)
2025-05-28 00:39:18,878 INFO  - Received event: 339000 (at simulation time IntraVehicleMsg)
2025-05-28 00:39:18,891 INFO  - Sent message to others cars = 'veh_51 | CartesianPoint{x=316.23,y=528.71,z=0.00}' (at simulation time 340.000,000,000 s)
2025-05-28 00:39:18,970 INFO  - Received event: 340000 (at simulation time IntraVehicleMsg)
2025-05-28 00:39:18,974 INFO  - Sent message to others cars = 'veh_51 | CartesianPoint{x=323.50,y=528.70,z=0.00}' (at simulation time 341.000,000,000 s)
2025-05-28 00:39:19,056 INFO  - Received event: 341000 (at simulation time IntraVehicleMsg)
2025-05-28 00:39:19,060 INFO  - Sent message to others cars = 'veh_51 | CartesianPoint{x=331.60,y=528.69,z=0.00}' (at simulation time 342.000,000,000 s)
2025-05-28 00:39:19,142 INFO  - Received event: 342000 (at simulation time IntraVehicleMsg)
2025-05-28 00:39:19,146 INFO  - Sent message to others cars = 'veh_51 | CartesianPoint{x=339.02,y=528.68,z=0.00}' (at simulation time 343.000,000,000 s)
2025-05-28 00:39:19,224 INFO  - Received event: 343000 (at simulation time IntraVehicleMsg)
2025-05-28 00:39:19,229 INFO  - Sent message to others cars = 'veh_51 | CartesianPoint{x=346.79,y=528.67,z=0.00}' (at simulation time 344.000,000,000 s)
2025-05-28 00:39:19,304 INFO  - Received event: 344000 (at simulation time IntraVehicleMsg)
2025-05-28 00:39:19,309 INFO  - ------------------------------------------------------------------------------------- (at simulation time 345.000,000,000 s)
2025-05-28 00:39:19,309 INFO  - Shutdown application (at simulation time 345.000,000,000 s)
2025-05-28 00:39:19,309 INFO  - ------------------------------------------------------------------------------------- (at simulation time 345.000,000,000 s)
