2025-05-28 00:21:37,094 INFO  - ------------------------------------------------------------------------------------- (at simulation time 161.000,000,000 s)
2025-05-28 00:21:37,094 INFO  - Initialize veh_30 application (at simulation time 161.000,000,000 s)
2025-05-28 00:21:37,094 INFO  - Activated AdHoc Module (at simulation time 161.000,000,000 s)
2025-05-28 00:21:37,094 INFO  - ------------------------------------------------------------------------------------- (at simulation time 161.000,000,000 s)
2025-05-28 00:21:37,096 INFO  - Sent message to others cars = 'veh_30 | CartesianPoint{x=143.94,y=749.34,z=0.00}' (at simulation time 161.000,000,000 s)
2025-05-28 00:21:37,180 INFO  - Received event: 161000 (at simulation time IntraVehicleMsg)
2025-05-28 00:21:37,185 INFO  - Sent message to others cars = 'veh_30 | CartesianPoint{x=143.92,y=742.77,z=0.00}' (at simulation time 162.000,000,000 s)
2025-05-28 00:21:37,269 INFO  - Received event: 162000 (at simulation time IntraVehicleMsg)
2025-05-28 00:21:37,271 INFO  - Sent message to others cars = 'veh_30 | CartesianPoint{x=143.90,y=736.40,z=0.00}' (at simulation time 163.000,000,000 s)
2025-05-28 00:21:37,357 INFO  - Received event: 163000 (at simulation time IntraVehicleMsg)
2025-05-28 00:21:37,368 INFO  - Sent message to others cars = 'veh_30 | CartesianPoint{x=143.88,y=728.91,z=0.00}' (at simulation time 164.000,000,000 s)
2025-05-28 00:21:37,452 INFO  - Received event: 164000 (at simulation time IntraVehicleMsg)
2025-05-28 00:21:37,456 INFO  - Sent message to others cars = 'veh_30 | CartesianPoint{x=143.85,y=721.90,z=0.00}' (at simulation time 165.000,000,000 s)
2025-05-28 00:21:37,545 INFO  - Received event: 165000 (at simulation time IntraVehicleMsg)
2025-05-28 00:21:37,548 INFO  - Sent message to others cars = 'veh_30 | CartesianPoint{x=143.83,y=714.72,z=0.00}' (at simulation time 166.000,000,000 s)
2025-05-28 00:21:37,635 INFO  - Received event: 166000 (at simulation time IntraVehicleMsg)
2025-05-28 00:21:37,638 INFO  - Sent message to others cars = 'veh_30 | CartesianPoint{x=140.61,y=708.15,z=0.00}' (at simulation time 167.000,000,000 s)
2025-05-28 00:21:37,730 INFO  - Received event: 167000 (at simulation time IntraVehicleMsg)
2025-05-28 00:21:37,733 INFO  - Sent message to others cars = 'veh_30 | CartesianPoint{x=140.58,y=701.01,z=0.00}' (at simulation time 168.000,000,000 s)
2025-05-28 00:21:37,823 INFO  - Received event: 168000 (at simulation time IntraVehicleMsg)
2025-05-28 00:21:37,826 INFO  - Sent message to others cars = 'veh_30 | CartesianPoint{x=140.56,y=694.16,z=0.00}' (at simulation time 169.000,000,000 s)
2025-05-28 00:21:37,921 INFO  - Received event: 169000 (at simulation time IntraVehicleMsg)
2025-05-28 00:21:37,925 INFO  - Sent message to others cars = 'veh_30 | CartesianPoint{x=140.54,y=687.94,z=0.00}' (at simulation time 170.000,000,000 s)
2025-05-28 00:21:38,018 INFO  - Received event: 170000 (at simulation time IntraVehicleMsg)
2025-05-28 00:21:38,026 INFO  - Sent message to others cars = 'veh_30 | CartesianPoint{x=140.52,y=681.35,z=0.00}' (at simulation time 171.000,000,000 s)
2025-05-28 00:21:38,124 INFO  - Received event: 171000 (at simulation time IntraVehicleMsg)
2025-05-28 00:21:38,127 INFO  - Sent message to others cars = 'veh_30 | CartesianPoint{x=140.49,y=675.11,z=0.00}' (at simulation time 172.000,000,000 s)
2025-05-28 00:21:38,224 INFO  - Received event: 172000 (at simulation time IntraVehicleMsg)
2025-05-28 00:21:38,227 INFO  - Sent message to others cars = 'veh_30 | CartesianPoint{x=140.48,y=668.13,z=0.00}' (at simulation time 173.000,000,000 s)
2025-05-28 00:21:38,325 INFO  - Received event: 173000 (at simulation time IntraVehicleMsg)
2025-05-28 00:21:38,330 INFO  - Sent message to others cars = 'veh_30 | CartesianPoint{x=140.46,y=661.16,z=0.00}' (at simulation time 174.000,000,000 s)
2025-05-28 00:21:38,431 INFO  - Received event: 174000 (at simulation time IntraVehicleMsg)
2025-05-28 00:21:38,444 INFO  - Sent message to others cars = 'veh_30 | CartesianPoint{x=140.44,y=654.25,z=0.00}' (at simulation time 175.000,000,000 s)
2025-05-28 00:21:38,546 INFO  - Received event: 175000 (at simulation time IntraVehicleMsg)
2025-05-28 00:21:38,549 INFO  - Sent message to others cars = 'veh_30 | CartesianPoint{x=140.43,y=647.08,z=0.00}' (at simulation time 176.000,000,000 s)
2025-05-28 00:21:38,650 INFO  - Received event: 176000 (at simulation time IntraVehicleMsg)
2025-05-28 00:21:38,655 INFO  - Sent message to others cars = 'veh_30 | CartesianPoint{x=140.41,y=640.18,z=0.00}' (at simulation time 177.000,000,000 s)
2025-05-28 00:21:38,760 INFO  - Received event: 177000 (at simulation time IntraVehicleMsg)
2025-05-28 00:21:38,763 INFO  - Sent message to others cars = 'veh_30 | CartesianPoint{x=140.39,y=632.96,z=0.00}' (at simulation time 178.000,000,000 s)
2025-05-28 00:21:38,867 INFO  - Received event: 178000 (at simulation time IntraVehicleMsg)
2025-05-28 00:21:38,870 INFO  - Sent message to others cars = 'veh_30 | CartesianPoint{x=140.38,y=626.61,z=0.00}' (at simulation time 179.000,000,000 s)
2025-05-28 00:21:38,973 INFO  - Received event: 179000 (at simulation time IntraVehicleMsg)
2025-05-28 00:21:38,977 INFO  - Sent message to others cars = 'veh_30 | CartesianPoint{x=140.36,y=619.57,z=0.00}' (at simulation time 180.000,000,000 s)
2025-05-28 00:21:39,078 INFO  - Received event: 180000 (at simulation time IntraVehicleMsg)
2025-05-28 00:21:39,086 INFO  - Sent message to others cars = 'veh_30 | CartesianPoint{x=140.34,y=612.19,z=0.00}' (at simulation time 181.000,000,000 s)
2025-05-28 00:21:39,184 INFO  - Received event: 181000 (at simulation time IntraVehicleMsg)
2025-05-28 00:21:39,187 INFO  - Sent message to others cars = 'veh_30 | CartesianPoint{x=140.33,y=605.06,z=0.00}' (at simulation time 182.000,000,000 s)
2025-05-28 00:21:39,285 INFO  - Received event: 182000 (at simulation time IntraVehicleMsg)
2025-05-28 00:21:39,288 INFO  - Sent message to others cars = 'veh_30 | CartesianPoint{x=140.29,y=598.04,z=0.00}' (at simulation time 183.000,000,000 s)
2025-05-28 00:21:39,391 INFO  - Received event: 183000 (at simulation time IntraVehicleMsg)
2025-05-28 00:21:39,396 INFO  - Sent message to others cars = 'veh_30 | CartesianPoint{x=140.25,y=591.17,z=0.00}' (at simulation time 184.000,000,000 s)
2025-05-28 00:21:39,499 INFO  - Received event: 184000 (at simulation time IntraVehicleMsg)
2025-05-28 00:21:39,504 INFO  - Sent message to others cars = 'veh_30 | CartesianPoint{x=140.21,y=583.71,z=0.00}' (at simulation time 185.000,000,000 s)
2025-05-28 00:21:39,604 INFO  - Received event: 185000 (at simulation time IntraVehicleMsg)
2025-05-28 00:21:39,606 INFO  - Sent message to others cars = 'veh_30 | CartesianPoint{x=140.17,y=576.34,z=0.00}' (at simulation time 186.000,000,000 s)
2025-05-28 00:21:39,705 INFO  - Received event: 186000 (at simulation time IntraVehicleMsg)
2025-05-28 00:21:39,707 INFO  - Sent message to others cars = 'veh_30 | CartesianPoint{x=140.14,y=569.59,z=0.00}' (at simulation time 187.000,000,000 s)
2025-05-28 00:21:39,821 INFO  - Received event: 187000 (at simulation time IntraVehicleMsg)
2025-05-28 00:21:39,823 INFO  - Sent message to others cars = 'veh_30 | CartesianPoint{x=140.10,y=562.71,z=0.00}' (at simulation time 188.000,000,000 s)
