2025-06-06 16:07:50,201 INFO  - Initialize veh_5 application (at simulation time 27.000,000,000 s)
2025-06-06 16:07:50,203 INFO  - Sent periodic GreenWaveMsg: veh_5 on route r_1 (at simulation time 27.000,000,000 s)
2025-06-06 16:07:50,203 INFO  - I have no neighbours to send! (at simulation time 27.000,000,000 s)
2025-06-06 16:07:50,208 INFO  - I have no neighbours to send! (at simulation time 28.000,000,000 s)
2025-06-06 16:07:50,208 INFO  - I have no neighbours to send! (at simulation time 28.000,000,000 s)
2025-06-06 16:07:50,212 INFO  - I have no neighbours to send! (at simulation time 29.000,000,000 s)
2025-06-06 16:07:50,212 INFO  - I have no neighbours to send! (at simulation time 29.000,000,000 s)
2025-06-06 16:07:50,212 INFO  - I have no neighbours to send! (at simulation time 29.000,000,000 s)
2025-06-06 16:07:50,216 INFO  - I have no neighbours to send! (at simulation time 30.000,000,000 s)
2025-06-06 16:07:50,216 INFO  - I have no neighbours to send! (at simulation time 30.000,000,000 s)
2025-06-06 16:07:50,216 INFO  - I have no neighbours to send! (at simulation time 30.000,000,000 s)
2025-06-06 16:07:50,216 INFO  - I have no neighbours to send! (at simulation time 30.000,000,000 s)
2025-06-06 16:07:50,218 INFO  - Received metrics from FogNode: avgR0=0.0, avgR1=0.3333333333333333 (at simulation time 30.002,800,000 s)
2025-06-06 16:07:50,221 INFO  - I have no neighbours to send! (at simulation time 31.000,000,000 s)
2025-06-06 16:07:50,221 INFO  - I have no neighbours to send! (at simulation time 31.000,000,000 s)
2025-06-06 16:07:50,221 INFO  - I have no neighbours to send! (at simulation time 31.000,000,000 s)
2025-06-06 16:07:50,221 INFO  - I have no neighbours to send! (at simulation time 31.000,000,000 s)
2025-06-06 16:07:50,221 INFO  - I have no neighbours to send! (at simulation time 31.000,000,000 s)
2025-06-06 16:07:50,225 INFO  - Sent periodic GreenWaveMsg: veh_5 on route r_1 (at simulation time 32.000,000,000 s)
2025-06-06 16:07:50,225 INFO  - I have no neighbours to send! (at simulation time 32.000,000,000 s)
2025-06-06 16:07:50,225 INFO  - I have no neighbours to send! (at simulation time 32.000,000,000 s)
2025-06-06 16:07:50,225 INFO  - I have no neighbours to send! (at simulation time 32.000,000,000 s)
2025-06-06 16:07:50,225 INFO  - I have no neighbours to send! (at simulation time 32.000,000,000 s)
2025-06-06 16:07:50,225 INFO  - I have no neighbours to send! (at simulation time 32.000,000,000 s)
2025-06-06 16:07:50,225 INFO  - I have no neighbours to send! (at simulation time 32.000,000,000 s)
2025-06-06 16:07:50,229 INFO  - I have no neighbours to send! (at simulation time 33.000,000,000 s)
2025-06-06 16:07:50,229 INFO  - I have no neighbours to send! (at simulation time 33.000,000,000 s)
2025-06-06 16:07:50,229 INFO  - I have no neighbours to send! (at simulation time 33.000,000,000 s)
2025-06-06 16:07:50,229 INFO  - I have no neighbours to send! (at simulation time 33.000,000,000 s)
2025-06-06 16:07:50,229 INFO  - I have no neighbours to send! (at simulation time 33.000,000,000 s)
2025-06-06 16:07:50,229 INFO  - I have no neighbours to send! (at simulation time 33.000,000,000 s)
2025-06-06 16:07:50,229 INFO  - I have no neighbours to send! (at simulation time 33.000,000,000 s)
2025-06-06 16:07:50,232 INFO  - I have no neighbours to send! (at simulation time 34.000,000,000 s)
2025-06-06 16:07:50,232 INFO  - I have no neighbours to send! (at simulation time 34.000,000,000 s)
2025-06-06 16:07:50,232 INFO  - I have no neighbours to send! (at simulation time 34.000,000,000 s)
2025-06-06 16:07:50,232 INFO  - I have no neighbours to send! (at simulation time 34.000,000,000 s)
2025-06-06 16:07:50,232 INFO  - I have no neighbours to send! (at simulation time 34.000,000,000 s)
2025-06-06 16:07:50,232 INFO  - I have no neighbours to send! (at simulation time 34.000,000,000 s)
2025-06-06 16:07:50,232 INFO  - I have no neighbours to send! (at simulation time 34.000,000,000 s)
2025-06-06 16:07:50,232 INFO  - I have no neighbours to send! (at simulation time 34.000,000,000 s)
2025-06-06 16:07:50,236 INFO  - I have no neighbours to send! (at simulation time 35.000,000,000 s)
2025-06-06 16:07:50,236 INFO  - I have no neighbours to send! (at simulation time 35.000,000,000 s)
2025-06-06 16:07:50,236 INFO  - I have no neighbours to send! (at simulation time 35.000,000,000 s)
2025-06-06 16:07:50,236 INFO  - I have no neighbours to send! (at simulation time 35.000,000,000 s)
2025-06-06 16:07:50,236 INFO  - I have no neighbours to send! (at simulation time 35.000,000,000 s)
2025-06-06 16:07:50,236 INFO  - I have no neighbours to send! (at simulation time 35.000,000,000 s)
2025-06-06 16:07:50,236 INFO  - I have no neighbours to send! (at simulation time 35.000,000,000 s)
2025-06-06 16:07:50,236 INFO  - I have no neighbours to send! (at simulation time 35.000,000,000 s)
2025-06-06 16:07:50,236 INFO  - I have no neighbours to send! (at simulation time 35.000,000,000 s)
2025-06-06 16:07:50,239 INFO  - I have no neighbours to send! (at simulation time 36.000,000,000 s)
2025-06-06 16:07:50,239 INFO  - I have no neighbours to send! (at simulation time 36.000,000,000 s)
2025-06-06 16:07:50,239 INFO  - I have no neighbours to send! (at simulation time 36.000,000,000 s)
2025-06-06 16:07:50,240 INFO  - I have no neighbours to send! (at simulation time 36.000,000,000 s)
2025-06-06 16:07:50,240 INFO  - I have no neighbours to send! (at simulation time 36.000,000,000 s)
2025-06-06 16:07:50,240 INFO  - I have no neighbours to send! (at simulation time 36.000,000,000 s)
2025-06-06 16:07:50,240 INFO  - I have no neighbours to send! (at simulation time 36.000,000,000 s)
2025-06-06 16:07:50,240 INFO  - I have no neighbours to send! (at simulation time 36.000,000,000 s)
2025-06-06 16:07:50,240 INFO  - I have no neighbours to send! (at simulation time 36.000,000,000 s)
2025-06-06 16:07:50,240 INFO  - I have no neighbours to send! (at simulation time 36.000,000,000 s)
2025-06-06 16:07:50,251 INFO  - Sent periodic GreenWaveMsg: veh_5 on route r_1 (at simulation time 37.000,000,000 s)
2025-06-06 16:07:50,251 INFO  - I have no neighbours to send! (at simulation time 37.000,000,000 s)
2025-06-06 16:07:50,251 INFO  - I have no neighbours to send! (at simulation time 37.000,000,000 s)
2025-06-06 16:07:50,251 INFO  - I have no neighbours to send! (at simulation time 37.000,000,000 s)
2025-06-06 16:07:50,251 INFO  - I have no neighbours to send! (at simulation time 37.000,000,000 s)
2025-06-06 16:07:50,252 INFO  - I have no neighbours to send! (at simulation time 37.000,000,000 s)
2025-06-06 16:07:50,252 INFO  - I have no neighbours to send! (at simulation time 37.000,000,000 s)
2025-06-06 16:07:50,252 INFO  - I have no neighbours to send! (at simulation time 37.000,000,000 s)
2025-06-06 16:07:50,252 INFO  - I have no neighbours to send! (at simulation time 37.000,000,000 s)
2025-06-06 16:07:50,252 INFO  - I have no neighbours to send! (at simulation time 37.000,000,000 s)
2025-06-06 16:07:50,252 INFO  - I have no neighbours to send! (at simulation time 37.000,000,000 s)
2025-06-06 16:07:50,252 INFO  - I have no neighbours to send! (at simulation time 37.000,000,000 s)
2025-06-06 16:07:50,256 INFO  - I have no neighbours to send! (at simulation time 38.000,000,000 s)
2025-06-06 16:07:50,256 INFO  - I have no neighbours to send! (at simulation time 38.000,000,000 s)
2025-06-06 16:07:50,256 INFO  - I have no neighbours to send! (at simulation time 38.000,000,000 s)
2025-06-06 16:07:50,256 INFO  - I have no neighbours to send! (at simulation time 38.000,000,000 s)
2025-06-06 16:07:50,256 INFO  - I have no neighbours to send! (at simulation time 38.000,000,000 s)
2025-06-06 16:07:50,256 INFO  - I have no neighbours to send! (at simulation time 38.000,000,000 s)
2025-06-06 16:07:50,256 INFO  - I have no neighbours to send! (at simulation time 38.000,000,000 s)
2025-06-06 16:07:50,257 INFO  - I have no neighbours to send! (at simulation time 38.000,000,000 s)
2025-06-06 16:07:50,257 INFO  - I have no neighbours to send! (at simulation time 38.000,000,000 s)
2025-06-06 16:07:50,257 INFO  - I have no neighbours to send! (at simulation time 38.000,000,000 s)
2025-06-06 16:07:50,257 INFO  - I have no neighbours to send! (at simulation time 38.000,000,000 s)
2025-06-06 16:07:50,257 INFO  - I have no neighbours to send! (at simulation time 38.000,000,000 s)
2025-06-06 16:07:50,259 INFO  - I have no neighbours to send! (at simulation time 39.000,000,000 s)
2025-06-06 16:07:50,260 INFO  - I have no neighbours to send! (at simulation time 39.000,000,000 s)
2025-06-06 16:07:50,260 INFO  - I have no neighbours to send! (at simulation time 39.000,000,000 s)
2025-06-06 16:07:50,260 INFO  - I have no neighbours to send! (at simulation time 39.000,000,000 s)
2025-06-06 16:07:50,260 INFO  - I have no neighbours to send! (at simulation time 39.000,000,000 s)
2025-06-06 16:07:50,260 INFO  - I have no neighbours to send! (at simulation time 39.000,000,000 s)
2025-06-06 16:07:50,260 INFO  - I have no neighbours to send! (at simulation time 39.000,000,000 s)
2025-06-06 16:07:50,260 INFO  - I have no neighbours to send! (at simulation time 39.000,000,000 s)
2025-06-06 16:07:50,260 INFO  - I have no neighbours to send! (at simulation time 39.000,000,000 s)
2025-06-06 16:07:50,260 INFO  - I have no neighbours to send! (at simulation time 39.000,000,000 s)
2025-06-06 16:07:50,260 INFO  - I have no neighbours to send! (at simulation time 39.000,000,000 s)
2025-06-06 16:07:50,260 INFO  - I have no neighbours to send! (at simulation time 39.000,000,000 s)
2025-06-06 16:07:50,260 INFO  - I have no neighbours to send! (at simulation time 39.000,000,000 s)
2025-06-06 16:07:50,264 INFO  - I have no neighbours to send! (at simulation time 40.000,000,000 s)
2025-06-06 16:07:50,264 INFO  - I have no neighbours to send! (at simulation time 40.000,000,000 s)
2025-06-06 16:07:50,264 INFO  - I have no neighbours to send! (at simulation time 40.000,000,000 s)
2025-06-06 16:07:50,264 INFO  - I have no neighbours to send! (at simulation time 40.000,000,000 s)
2025-06-06 16:07:50,264 INFO  - I have no neighbours to send! (at simulation time 40.000,000,000 s)
2025-06-06 16:07:50,265 INFO  - I have no neighbours to send! (at simulation time 40.000,000,000 s)
2025-06-06 16:07:50,265 INFO  - I have no neighbours to send! (at simulation time 40.000,000,000 s)
2025-06-06 16:07:50,265 INFO  - I have no neighbours to send! (at simulation time 40.000,000,000 s)
2025-06-06 16:07:50,265 INFO  - I have no neighbours to send! (at simulation time 40.000,000,000 s)
2025-06-06 16:07:50,265 INFO  - I have no neighbours to send! (at simulation time 40.000,000,000 s)
2025-06-06 16:07:50,265 INFO  - I have no neighbours to send! (at simulation time 40.000,000,000 s)
2025-06-06 16:07:50,265 INFO  - I have no neighbours to send! (at simulation time 40.000,000,000 s)
2025-06-06 16:07:50,265 INFO  - I have no neighbours to send! (at simulation time 40.000,000,000 s)
2025-06-06 16:07:50,265 INFO  - I have no neighbours to send! (at simulation time 40.000,000,000 s)
2025-06-06 16:07:50,266 INFO  - Received metrics from FogNode: avgR0=0.0, avgR1=0.75 (at simulation time 40.002,800,000 s)
2025-06-06 16:07:50,268 INFO  - I have no neighbours to send! (at simulation time 41.000,000,000 s)
2025-06-06 16:07:50,268 INFO  - I have no neighbours to send! (at simulation time 41.000,000,000 s)
2025-06-06 16:07:50,268 INFO  - I have no neighbours to send! (at simulation time 41.000,000,000 s)
2025-06-06 16:07:50,268 INFO  - I have no neighbours to send! (at simulation time 41.000,000,000 s)
2025-06-06 16:07:50,269 INFO  - I have no neighbours to send! (at simulation time 41.000,000,000 s)
2025-06-06 16:07:50,269 INFO  - I have no neighbours to send! (at simulation time 41.000,000,000 s)
2025-06-06 16:07:50,269 INFO  - I have no neighbours to send! (at simulation time 41.000,000,000 s)
2025-06-06 16:07:50,269 INFO  - I have no neighbours to send! (at simulation time 41.000,000,000 s)
2025-06-06 16:07:50,269 INFO  - I have no neighbours to send! (at simulation time 41.000,000,000 s)
2025-06-06 16:07:50,269 INFO  - I have no neighbours to send! (at simulation time 41.000,000,000 s)
2025-06-06 16:07:50,269 INFO  - I have no neighbours to send! (at simulation time 41.000,000,000 s)
2025-06-06 16:07:50,269 INFO  - I have no neighbours to send! (at simulation time 41.000,000,000 s)
2025-06-06 16:07:50,269 INFO  - I have no neighbours to send! (at simulation time 41.000,000,000 s)
2025-06-06 16:07:50,269 INFO  - I have no neighbours to send! (at simulation time 41.000,000,000 s)
2025-06-06 16:07:50,269 INFO  - I have no neighbours to send! (at simulation time 41.000,000,000 s)
2025-06-06 16:07:50,270 INFO  - I have no neighbours to send! (at simulation time 41.001,900,000 s)
2025-06-06 16:07:50,272 INFO  - Sent periodic GreenWaveMsg: veh_5 on route r_1 (at simulation time 42.000,000,000 s)
2025-06-06 16:07:50,272 INFO  - I have no neighbours to send! (at simulation time 42.000,000,000 s)
2025-06-06 16:07:50,272 INFO  - I have no neighbours to send! (at simulation time 42.000,000,000 s)
2025-06-06 16:07:50,272 INFO  - I have no neighbours to send! (at simulation time 42.000,000,000 s)
2025-06-06 16:07:50,272 INFO  - I have no neighbours to send! (at simulation time 42.000,000,000 s)
2025-06-06 16:07:50,273 INFO  - I have no neighbours to send! (at simulation time 42.000,000,000 s)
2025-06-06 16:07:50,273 INFO  - I have no neighbours to send! (at simulation time 42.000,000,000 s)
2025-06-06 16:07:50,273 INFO  - I have no neighbours to send! (at simulation time 42.000,000,000 s)
2025-06-06 16:07:50,273 INFO  - I have no neighbours to send! (at simulation time 42.000,000,000 s)
2025-06-06 16:07:50,273 INFO  - I have no neighbours to send! (at simulation time 42.000,000,000 s)
2025-06-06 16:07:50,273 INFO  - I have no neighbours to send! (at simulation time 42.000,000,000 s)
2025-06-06 16:07:50,273 INFO  - I have no neighbours to send! (at simulation time 42.000,000,000 s)
2025-06-06 16:07:50,273 INFO  - I have no neighbours to send! (at simulation time 42.000,000,000 s)
2025-06-06 16:07:50,273 INFO  - I have no neighbours to send! (at simulation time 42.000,000,000 s)
2025-06-06 16:07:50,273 INFO  - I have no neighbours to send! (at simulation time 42.000,000,000 s)
2025-06-06 16:07:50,273 INFO  - I have no neighbours to send! (at simulation time 42.000,000,000 s)
2025-06-06 16:07:50,273 INFO  - I have no neighbours to send! (at simulation time 42.000,000,000 s)
2025-06-06 16:07:50,275 INFO  - Received ACK with origin at RSU from rsu_0 at 42003300000 (at simulation time 42.003,300,000 s)
2025-06-06 16:07:50,278 INFO  - Already have ACK (at simulation time 43.000,000,000 s)
2025-06-06 16:07:50,278 INFO  - Already have ACK (at simulation time 43.000,000,000 s)
2025-06-06 16:07:50,278 INFO  - Already have ACK (at simulation time 43.000,000,000 s)
2025-06-06 16:07:50,278 INFO  - Already have ACK (at simulation time 43.000,000,000 s)
2025-06-06 16:07:50,278 INFO  - Already have ACK (at simulation time 43.000,000,000 s)
2025-06-06 16:07:50,279 INFO  - Already have ACK (at simulation time 43.000,000,000 s)
2025-06-06 16:07:50,279 INFO  - Already have ACK (at simulation time 43.000,000,000 s)
2025-06-06 16:07:50,279 INFO  - Already have ACK (at simulation time 43.000,000,000 s)
2025-06-06 16:07:50,279 INFO  - Already have ACK (at simulation time 43.000,000,000 s)
2025-06-06 16:07:50,279 INFO  - Already have ACK (at simulation time 43.000,000,000 s)
2025-06-06 16:07:50,279 INFO  - Already have ACK (at simulation time 43.000,000,000 s)
2025-06-06 16:07:50,279 INFO  - Already have ACK (at simulation time 43.000,000,000 s)
2025-06-06 16:07:50,279 INFO  - Already have ACK (at simulation time 43.000,000,000 s)
2025-06-06 16:07:50,279 INFO  - Already have ACK (at simulation time 43.000,000,000 s)
2025-06-06 16:07:50,279 INFO  - Already have ACK (at simulation time 43.000,000,000 s)
2025-06-06 16:07:50,279 INFO  - Already have ACK (at simulation time 43.000,000,000 s)
2025-06-06 16:07:50,279 INFO  - Already have ACK (at simulation time 43.000,000,000 s)
2025-06-06 16:07:50,282 INFO  - Already have ACK (at simulation time 44.000,000,000 s)
2025-06-06 16:07:50,282 INFO  - Already have ACK (at simulation time 44.000,000,000 s)
2025-06-06 16:07:50,282 INFO  - Already have ACK (at simulation time 44.000,000,000 s)
2025-06-06 16:07:50,282 INFO  - Already have ACK (at simulation time 44.000,000,000 s)
2025-06-06 16:07:50,282 INFO  - Already have ACK (at simulation time 44.000,000,000 s)
2025-06-06 16:07:50,282 INFO  - Already have ACK (at simulation time 44.000,000,000 s)
2025-06-06 16:07:50,282 INFO  - Already have ACK (at simulation time 44.000,000,000 s)
2025-06-06 16:07:50,283 INFO  - Already have ACK (at simulation time 44.000,000,000 s)
2025-06-06 16:07:50,283 INFO  - Already have ACK (at simulation time 44.000,000,000 s)
2025-06-06 16:07:50,283 INFO  - Already have ACK (at simulation time 44.000,000,000 s)
2025-06-06 16:07:50,283 INFO  - Already have ACK (at simulation time 44.000,000,000 s)
2025-06-06 16:07:50,283 INFO  - Already have ACK (at simulation time 44.000,000,000 s)
2025-06-06 16:07:50,283 INFO  - Already have ACK (at simulation time 44.000,000,000 s)
2025-06-06 16:07:50,283 INFO  - Already have ACK (at simulation time 44.000,000,000 s)
2025-06-06 16:07:50,283 INFO  - Already have ACK (at simulation time 44.000,000,000 s)
2025-06-06 16:07:50,283 INFO  - Already have ACK (at simulation time 44.000,000,000 s)
2025-06-06 16:07:50,283 INFO  - Already have ACK (at simulation time 44.000,000,000 s)
2025-06-06 16:07:50,283 INFO  - Already have ACK (at simulation time 44.000,000,000 s)
2025-06-06 16:07:50,287 INFO  - Already have ACK (at simulation time 45.000,000,000 s)
2025-06-06 16:07:50,287 INFO  - Already have ACK (at simulation time 45.000,000,000 s)
2025-06-06 16:07:50,287 INFO  - Already have ACK (at simulation time 45.000,000,000 s)
2025-06-06 16:07:50,287 INFO  - Already have ACK (at simulation time 45.000,000,000 s)
2025-06-06 16:07:50,287 INFO  - Already have ACK (at simulation time 45.000,000,000 s)
2025-06-06 16:07:50,287 INFO  - Already have ACK (at simulation time 45.000,000,000 s)
2025-06-06 16:07:50,288 INFO  - Already have ACK (at simulation time 45.000,000,000 s)
2025-06-06 16:07:50,288 INFO  - Already have ACK (at simulation time 45.000,000,000 s)
2025-06-06 16:07:50,288 INFO  - Already have ACK (at simulation time 45.000,000,000 s)
2025-06-06 16:07:50,288 INFO  - Already have ACK (at simulation time 45.000,000,000 s)
2025-06-06 16:07:50,288 INFO  - Already have ACK (at simulation time 45.000,000,000 s)
2025-06-06 16:07:50,288 INFO  - Already have ACK (at simulation time 45.000,000,000 s)
2025-06-06 16:07:50,288 INFO  - Already have ACK (at simulation time 45.000,000,000 s)
2025-06-06 16:07:50,288 INFO  - Already have ACK (at simulation time 45.000,000,000 s)
2025-06-06 16:07:50,288 INFO  - Already have ACK (at simulation time 45.000,000,000 s)
2025-06-06 16:07:50,288 INFO  - Already have ACK (at simulation time 45.000,000,000 s)
2025-06-06 16:07:50,288 INFO  - Already have ACK (at simulation time 45.000,000,000 s)
2025-06-06 16:07:50,288 INFO  - Already have ACK (at simulation time 45.000,000,000 s)
2025-06-06 16:07:50,288 INFO  - Already have ACK (at simulation time 45.000,000,000 s)
2025-06-06 16:07:50,291 INFO  - Already have ACK (at simulation time 46.000,000,000 s)
2025-06-06 16:07:50,291 INFO  - Already have ACK (at simulation time 46.000,000,000 s)
2025-06-06 16:07:50,291 INFO  - Already have ACK (at simulation time 46.000,000,000 s)
2025-06-06 16:07:50,291 INFO  - Already have ACK (at simulation time 46.000,000,000 s)
2025-06-06 16:07:50,291 INFO  - Already have ACK (at simulation time 46.000,000,000 s)
2025-06-06 16:07:50,291 INFO  - Already have ACK (at simulation time 46.000,000,000 s)
2025-06-06 16:07:50,291 INFO  - Already have ACK (at simulation time 46.000,000,000 s)
2025-06-06 16:07:50,292 INFO  - Already have ACK (at simulation time 46.000,000,000 s)
2025-06-06 16:07:50,292 INFO  - Already have ACK (at simulation time 46.000,000,000 s)
2025-06-06 16:07:50,292 INFO  - Already have ACK (at simulation time 46.000,000,000 s)
2025-06-06 16:07:50,292 INFO  - Already have ACK (at simulation time 46.000,000,000 s)
2025-06-06 16:07:50,292 INFO  - Already have ACK (at simulation time 46.000,000,000 s)
2025-06-06 16:07:50,292 INFO  - Already have ACK (at simulation time 46.000,000,000 s)
2025-06-06 16:07:50,292 INFO  - Already have ACK (at simulation time 46.000,000,000 s)
2025-06-06 16:07:50,292 INFO  - Already have ACK (at simulation time 46.000,000,000 s)
2025-06-06 16:07:50,292 INFO  - Already have ACK (at simulation time 46.000,000,000 s)
2025-06-06 16:07:50,292 INFO  - Already have ACK (at simulation time 46.000,000,000 s)
2025-06-06 16:07:50,292 INFO  - Already have ACK (at simulation time 46.000,000,000 s)
2025-06-06 16:07:50,292 INFO  - Already have ACK (at simulation time 46.000,000,000 s)
2025-06-06 16:07:50,292 INFO  - Already have ACK (at simulation time 46.000,000,000 s)
2025-06-06 16:07:50,295 INFO  - Sent periodic GreenWaveMsg: veh_5 on route r_1 (at simulation time 47.000,000,000 s)
2025-06-06 16:07:50,296 INFO  - Already have ACK (at simulation time 47.000,000,000 s)
2025-06-06 16:07:50,296 INFO  - Already have ACK (at simulation time 47.000,000,000 s)
2025-06-06 16:07:50,296 INFO  - Already have ACK (at simulation time 47.000,000,000 s)
2025-06-06 16:07:50,296 INFO  - Already have ACK (at simulation time 47.000,000,000 s)
2025-06-06 16:07:50,296 INFO  - Already have ACK (at simulation time 47.000,000,000 s)
2025-06-06 16:07:50,296 INFO  - Already have ACK (at simulation time 47.000,000,000 s)
2025-06-06 16:07:50,296 INFO  - Already have ACK (at simulation time 47.000,000,000 s)
2025-06-06 16:07:50,296 INFO  - Already have ACK (at simulation time 47.000,000,000 s)
2025-06-06 16:07:50,296 INFO  - Already have ACK (at simulation time 47.000,000,000 s)
2025-06-06 16:07:50,296 INFO  - Already have ACK (at simulation time 47.000,000,000 s)
2025-06-06 16:07:50,296 INFO  - Already have ACK (at simulation time 47.000,000,000 s)
2025-06-06 16:07:50,296 INFO  - Already have ACK (at simulation time 47.000,000,000 s)
2025-06-06 16:07:50,297 INFO  - Already have ACK (at simulation time 47.000,000,000 s)
2025-06-06 16:07:50,297 INFO  - Already have ACK (at simulation time 47.000,000,000 s)
2025-06-06 16:07:50,297 INFO  - Already have ACK (at simulation time 47.000,000,000 s)
2025-06-06 16:07:50,297 INFO  - Already have ACK (at simulation time 47.000,000,000 s)
2025-06-06 16:07:50,297 INFO  - Already have ACK (at simulation time 47.000,000,000 s)
2025-06-06 16:07:50,297 INFO  - Already have ACK (at simulation time 47.000,000,000 s)
2025-06-06 16:07:50,297 INFO  - Already have ACK (at simulation time 47.000,000,000 s)
2025-06-06 16:07:50,297 INFO  - Already have ACK (at simulation time 47.000,000,000 s)
2025-06-06 16:07:50,297 INFO  - Already have ACK (at simulation time 47.000,000,000 s)
2025-06-06 16:07:50,298 INFO  - Received ACK with origin at RSU from rsu_0 at 47003800000 (at simulation time 47.003,800,000 s)
2025-06-06 16:07:50,307 INFO  - Already have ACK (at simulation time 48.000,000,000 s)
2025-06-06 16:07:50,307 INFO  - Already have ACK (at simulation time 48.000,000,000 s)
2025-06-06 16:07:50,307 INFO  - Already have ACK (at simulation time 48.000,000,000 s)
2025-06-06 16:07:50,307 INFO  - Already have ACK (at simulation time 48.000,000,000 s)
2025-06-06 16:07:50,307 INFO  - Already have ACK (at simulation time 48.000,000,000 s)
2025-06-06 16:07:50,307 INFO  - Already have ACK (at simulation time 48.000,000,000 s)
2025-06-06 16:07:50,307 INFO  - Already have ACK (at simulation time 48.000,000,000 s)
2025-06-06 16:07:50,307 INFO  - Already have ACK (at simulation time 48.000,000,000 s)
2025-06-06 16:07:50,308 INFO  - Already have ACK (at simulation time 48.000,000,000 s)
2025-06-06 16:07:50,308 INFO  - Already have ACK (at simulation time 48.000,000,000 s)
2025-06-06 16:07:50,308 INFO  - Already have ACK (at simulation time 48.000,000,000 s)
2025-06-06 16:07:50,308 INFO  - Already have ACK (at simulation time 48.000,000,000 s)
2025-06-06 16:07:50,308 INFO  - Already have ACK (at simulation time 48.000,000,000 s)
2025-06-06 16:07:50,308 INFO  - Already have ACK (at simulation time 48.000,000,000 s)
2025-06-06 16:07:50,308 INFO  - Already have ACK (at simulation time 48.000,000,000 s)
2025-06-06 16:07:50,308 INFO  - Already have ACK (at simulation time 48.000,000,000 s)
2025-06-06 16:07:50,308 INFO  - Already have ACK (at simulation time 48.000,000,000 s)
2025-06-06 16:07:50,308 INFO  - Already have ACK (at simulation time 48.000,000,000 s)
2025-06-06 16:07:50,308 INFO  - Already have ACK (at simulation time 48.000,000,000 s)
2025-06-06 16:07:50,308 INFO  - Already have ACK (at simulation time 48.000,000,000 s)
2025-06-06 16:07:50,308 INFO  - Already have ACK (at simulation time 48.000,000,000 s)
2025-06-06 16:07:50,308 INFO  - Already have ACK (at simulation time 48.000,000,000 s)
2025-06-06 16:07:50,311 INFO  - Already have ACK (at simulation time 49.000,000,000 s)
2025-06-06 16:07:50,312 INFO  - Already have ACK (at simulation time 49.000,000,000 s)
2025-06-06 16:07:50,312 INFO  - Already have ACK (at simulation time 49.000,000,000 s)
2025-06-06 16:07:50,312 INFO  - Already have ACK (at simulation time 49.000,000,000 s)
2025-06-06 16:07:50,312 INFO  - Already have ACK (at simulation time 49.000,000,000 s)
2025-06-06 16:07:50,312 INFO  - Already have ACK (at simulation time 49.000,000,000 s)
2025-06-06 16:07:50,312 INFO  - Already have ACK (at simulation time 49.000,000,000 s)
2025-06-06 16:07:50,312 INFO  - Already have ACK (at simulation time 49.000,000,000 s)
2025-06-06 16:07:50,312 INFO  - Already have ACK (at simulation time 49.000,000,000 s)
2025-06-06 16:07:50,312 INFO  - Already have ACK (at simulation time 49.000,000,000 s)
2025-06-06 16:07:50,312 INFO  - Already have ACK (at simulation time 49.000,000,000 s)
2025-06-06 16:07:50,312 INFO  - Already have ACK (at simulation time 49.000,000,000 s)
2025-06-06 16:07:50,312 INFO  - Already have ACK (at simulation time 49.000,000,000 s)
2025-06-06 16:07:50,312 INFO  - Already have ACK (at simulation time 49.000,000,000 s)
2025-06-06 16:07:50,312 INFO  - Already have ACK (at simulation time 49.000,000,000 s)
2025-06-06 16:07:50,312 INFO  - Already have ACK (at simulation time 49.000,000,000 s)
2025-06-06 16:07:50,312 INFO  - Already have ACK (at simulation time 49.000,000,000 s)
2025-06-06 16:07:50,312 INFO  - Already have ACK (at simulation time 49.000,000,000 s)
2025-06-06 16:07:50,312 INFO  - Already have ACK (at simulation time 49.000,000,000 s)
2025-06-06 16:07:50,313 INFO  - Already have ACK (at simulation time 49.000,000,000 s)
2025-06-06 16:07:50,313 INFO  - Already have ACK (at simulation time 49.000,000,000 s)
2025-06-06 16:07:50,313 INFO  - Already have ACK (at simulation time 49.000,000,000 s)
2025-06-06 16:07:50,313 INFO  - Already have ACK (at simulation time 49.000,000,000 s)
2025-06-06 16:07:50,316 INFO  - Already have ACK (at simulation time 50.000,000,000 s)
2025-06-06 16:07:50,316 INFO  - Already have ACK (at simulation time 50.000,000,000 s)
2025-06-06 16:07:50,316 INFO  - Already have ACK (at simulation time 50.000,000,000 s)
2025-06-06 16:07:50,317 INFO  - Already have ACK (at simulation time 50.000,000,000 s)
2025-06-06 16:07:50,317 INFO  - Already have ACK (at simulation time 50.000,000,000 s)
2025-06-06 16:07:50,317 INFO  - Already have ACK (at simulation time 50.000,000,000 s)
2025-06-06 16:07:50,317 INFO  - Already have ACK (at simulation time 50.000,000,000 s)
2025-06-06 16:07:50,317 INFO  - Already have ACK (at simulation time 50.000,000,000 s)
2025-06-06 16:07:50,317 INFO  - Already have ACK (at simulation time 50.000,000,000 s)
2025-06-06 16:07:50,317 INFO  - Already have ACK (at simulation time 50.000,000,000 s)
2025-06-06 16:07:50,317 INFO  - Already have ACK (at simulation time 50.000,000,000 s)
2025-06-06 16:07:50,317 INFO  - Already have ACK (at simulation time 50.000,000,000 s)
2025-06-06 16:07:50,317 INFO  - Already have ACK (at simulation time 50.000,000,000 s)
2025-06-06 16:07:50,317 INFO  - Already have ACK (at simulation time 50.000,000,000 s)
2025-06-06 16:07:50,317 INFO  - Already have ACK (at simulation time 50.000,000,000 s)
2025-06-06 16:07:50,317 INFO  - Already have ACK (at simulation time 50.000,000,000 s)
2025-06-06 16:07:50,317 INFO  - Already have ACK (at simulation time 50.000,000,000 s)
2025-06-06 16:07:50,317 INFO  - Already have ACK (at simulation time 50.000,000,000 s)
2025-06-06 16:07:50,318 INFO  - Already have ACK (at simulation time 50.000,000,000 s)
2025-06-06 16:07:50,318 INFO  - Already have ACK (at simulation time 50.000,000,000 s)
2025-06-06 16:07:50,318 INFO  - Already have ACK (at simulation time 50.000,000,000 s)
2025-06-06 16:07:50,318 INFO  - Already have ACK (at simulation time 50.000,000,000 s)
2025-06-06 16:07:50,318 INFO  - Already have ACK (at simulation time 50.000,000,000 s)
2025-06-06 16:07:50,318 INFO  - Already have ACK (at simulation time 50.000,000,000 s)
2025-06-06 16:07:50,319 INFO  - Received metrics from FogNode: avgR0=0.4, avgR1=0.8 (at simulation time 50.002,300,000 s)
2025-06-06 16:07:50,321 INFO  - Already have ACK (at simulation time 51.000,000,000 s)
2025-06-06 16:07:50,322 INFO  - Already have ACK (at simulation time 51.000,000,000 s)
2025-06-06 16:07:50,322 INFO  - Already have ACK (at simulation time 51.000,000,000 s)
2025-06-06 16:07:50,322 INFO  - Already have ACK (at simulation time 51.000,000,000 s)
2025-06-06 16:07:50,322 INFO  - Already have ACK (at simulation time 51.000,000,000 s)
2025-06-06 16:07:50,322 INFO  - Already have ACK (at simulation time 51.000,000,000 s)
2025-06-06 16:07:50,322 INFO  - Already have ACK (at simulation time 51.000,000,000 s)
2025-06-06 16:07:50,322 INFO  - Already have ACK (at simulation time 51.000,000,000 s)
2025-06-06 16:07:50,322 INFO  - Already have ACK (at simulation time 51.000,000,000 s)
2025-06-06 16:07:50,322 INFO  - Already have ACK (at simulation time 51.000,000,000 s)
2025-06-06 16:07:50,323 INFO  - Already have ACK (at simulation time 51.000,000,000 s)
2025-06-06 16:07:50,323 INFO  - Already have ACK (at simulation time 51.000,000,000 s)
2025-06-06 16:07:50,323 INFO  - Already have ACK (at simulation time 51.000,000,000 s)
2025-06-06 16:07:50,323 INFO  - Already have ACK (at simulation time 51.000,000,000 s)
2025-06-06 16:07:50,323 INFO  - Already have ACK (at simulation time 51.000,000,000 s)
2025-06-06 16:07:50,323 INFO  - Already have ACK (at simulation time 51.000,000,000 s)
2025-06-06 16:07:50,323 INFO  - Already have ACK (at simulation time 51.000,000,000 s)
2025-06-06 16:07:50,323 INFO  - Already have ACK (at simulation time 51.000,000,000 s)
2025-06-06 16:07:50,323 INFO  - Already have ACK (at simulation time 51.000,000,000 s)
2025-06-06 16:07:50,323 INFO  - Already have ACK (at simulation time 51.000,000,000 s)
2025-06-06 16:07:50,323 INFO  - Already have ACK (at simulation time 51.000,000,000 s)
2025-06-06 16:07:50,323 INFO  - Already have ACK (at simulation time 51.000,000,000 s)
2025-06-06 16:07:50,323 INFO  - Already have ACK (at simulation time 51.000,000,000 s)
2025-06-06 16:07:50,323 INFO  - Already have ACK (at simulation time 51.000,000,000 s)
2025-06-06 16:07:50,323 INFO  - Already have ACK (at simulation time 51.000,000,000 s)
2025-06-06 16:07:50,326 INFO  - Sent periodic GreenWaveMsg: veh_5 on route r_1 (at simulation time 52.000,000,000 s)
2025-06-06 16:07:50,326 INFO  - Already have ACK (at simulation time 52.000,000,000 s)
2025-06-06 16:07:50,327 INFO  - Already have ACK (at simulation time 52.000,000,000 s)
2025-06-06 16:07:50,327 INFO  - Already have ACK (at simulation time 52.000,000,000 s)
2025-06-06 16:07:50,327 INFO  - Already have ACK (at simulation time 52.000,000,000 s)
2025-06-06 16:07:50,327 INFO  - Already have ACK (at simulation time 52.000,000,000 s)
2025-06-06 16:07:50,327 INFO  - Already have ACK (at simulation time 52.000,000,000 s)
2025-06-06 16:07:50,327 INFO  - Already have ACK (at simulation time 52.000,000,000 s)
2025-06-06 16:07:50,327 INFO  - Already have ACK (at simulation time 52.000,000,000 s)
2025-06-06 16:07:50,327 INFO  - Already have ACK (at simulation time 52.000,000,000 s)
2025-06-06 16:07:50,327 INFO  - Already have ACK (at simulation time 52.000,000,000 s)
2025-06-06 16:07:50,328 INFO  - Already have ACK (at simulation time 52.000,000,000 s)
2025-06-06 16:07:50,328 INFO  - Already have ACK (at simulation time 52.000,000,000 s)
2025-06-06 16:07:50,328 INFO  - Already have ACK (at simulation time 52.000,000,000 s)
2025-06-06 16:07:50,328 INFO  - Already have ACK (at simulation time 52.000,000,000 s)
2025-06-06 16:07:50,328 INFO  - Already have ACK (at simulation time 52.000,000,000 s)
2025-06-06 16:07:50,328 INFO  - Already have ACK (at simulation time 52.000,000,000 s)
2025-06-06 16:07:50,328 INFO  - Already have ACK (at simulation time 52.000,000,000 s)
2025-06-06 16:07:50,328 INFO  - Already have ACK (at simulation time 52.000,000,000 s)
2025-06-06 16:07:50,328 INFO  - Already have ACK (at simulation time 52.000,000,000 s)
2025-06-06 16:07:50,328 INFO  - Already have ACK (at simulation time 52.000,000,000 s)
2025-06-06 16:07:50,328 INFO  - Already have ACK (at simulation time 52.000,000,000 s)
2025-06-06 16:07:50,328 INFO  - Already have ACK (at simulation time 52.000,000,000 s)
2025-06-06 16:07:50,328 INFO  - Already have ACK (at simulation time 52.000,000,000 s)
2025-06-06 16:07:50,328 INFO  - Already have ACK (at simulation time 52.000,000,000 s)
2025-06-06 16:07:50,328 INFO  - Already have ACK (at simulation time 52.000,000,000 s)
2025-06-06 16:07:50,328 INFO  - Already have ACK (at simulation time 52.000,000,000 s)
2025-06-06 16:07:50,332 INFO  - Already have ACK (at simulation time 53.000,000,000 s)
2025-06-06 16:07:50,333 INFO  - Already have ACK (at simulation time 53.000,000,000 s)
2025-06-06 16:07:50,333 INFO  - Already have ACK (at simulation time 53.000,000,000 s)
2025-06-06 16:07:50,333 INFO  - Already have ACK (at simulation time 53.000,000,000 s)
2025-06-06 16:07:50,333 INFO  - Already have ACK (at simulation time 53.000,000,000 s)
2025-06-06 16:07:50,333 INFO  - Already have ACK (at simulation time 53.000,000,000 s)
2025-06-06 16:07:50,333 INFO  - Already have ACK (at simulation time 53.000,000,000 s)
2025-06-06 16:07:50,333 INFO  - Already have ACK (at simulation time 53.000,000,000 s)
2025-06-06 16:07:50,333 INFO  - Already have ACK (at simulation time 53.000,000,000 s)
2025-06-06 16:07:50,333 INFO  - Already have ACK (at simulation time 53.000,000,000 s)
2025-06-06 16:07:50,333 INFO  - Already have ACK (at simulation time 53.000,000,000 s)
2025-06-06 16:07:50,333 INFO  - Already have ACK (at simulation time 53.000,000,000 s)
2025-06-06 16:07:50,334 INFO  - Already have ACK (at simulation time 53.000,000,000 s)
2025-06-06 16:07:50,334 INFO  - Already have ACK (at simulation time 53.000,000,000 s)
2025-06-06 16:07:50,334 INFO  - Already have ACK (at simulation time 53.000,000,000 s)
2025-06-06 16:07:50,334 INFO  - Already have ACK (at simulation time 53.000,000,000 s)
2025-06-06 16:07:50,334 INFO  - Already have ACK (at simulation time 53.000,000,000 s)
2025-06-06 16:07:50,334 INFO  - Already have ACK (at simulation time 53.000,000,000 s)
2025-06-06 16:07:50,334 INFO  - Already have ACK (at simulation time 53.000,000,000 s)
2025-06-06 16:07:50,334 INFO  - Already have ACK (at simulation time 53.000,000,000 s)
2025-06-06 16:07:50,334 INFO  - Already have ACK (at simulation time 53.000,000,000 s)
2025-06-06 16:07:50,334 INFO  - Already have ACK (at simulation time 53.000,000,000 s)
2025-06-06 16:07:50,334 INFO  - Already have ACK (at simulation time 53.000,000,000 s)
2025-06-06 16:07:50,334 INFO  - Already have ACK (at simulation time 53.000,000,000 s)
2025-06-06 16:07:50,334 INFO  - Already have ACK (at simulation time 53.000,000,000 s)
2025-06-06 16:07:50,334 INFO  - Already have ACK (at simulation time 53.000,000,000 s)
2025-06-06 16:07:50,334 INFO  - Already have ACK (at simulation time 53.000,000,000 s)
2025-06-06 16:07:50,336 INFO  - Already have ACK (at simulation time 54.000,000,000 s)
2025-06-06 16:07:50,337 INFO  - Already have ACK (at simulation time 54.000,000,000 s)
2025-06-06 16:07:50,337 INFO  - Already have ACK (at simulation time 54.000,000,000 s)
2025-06-06 16:07:50,337 INFO  - Already have ACK (at simulation time 54.000,000,000 s)
2025-06-06 16:07:50,337 INFO  - Already have ACK (at simulation time 54.000,000,000 s)
2025-06-06 16:07:50,337 INFO  - Already have ACK (at simulation time 54.000,000,000 s)
2025-06-06 16:07:50,337 INFO  - Already have ACK (at simulation time 54.000,000,000 s)
2025-06-06 16:07:50,337 INFO  - Already have ACK (at simulation time 54.000,000,000 s)
2025-06-06 16:07:50,337 INFO  - Already have ACK (at simulation time 54.000,000,000 s)
2025-06-06 16:07:50,337 INFO  - Already have ACK (at simulation time 54.000,000,000 s)
2025-06-06 16:07:50,337 INFO  - Already have ACK (at simulation time 54.000,000,000 s)
2025-06-06 16:07:50,337 INFO  - Already have ACK (at simulation time 54.000,000,000 s)
2025-06-06 16:07:50,337 INFO  - Already have ACK (at simulation time 54.000,000,000 s)
2025-06-06 16:07:50,338 INFO  - Already have ACK (at simulation time 54.000,000,000 s)
2025-06-06 16:07:50,338 INFO  - Already have ACK (at simulation time 54.000,000,000 s)
2025-06-06 16:07:50,338 INFO  - Already have ACK (at simulation time 54.000,000,000 s)
2025-06-06 16:07:50,338 INFO  - Already have ACK (at simulation time 54.000,000,000 s)
2025-06-06 16:07:50,338 INFO  - Already have ACK (at simulation time 54.000,000,000 s)
2025-06-06 16:07:50,338 INFO  - Already have ACK (at simulation time 54.000,000,000 s)
2025-06-06 16:07:50,338 INFO  - Already have ACK (at simulation time 54.000,000,000 s)
2025-06-06 16:07:50,338 INFO  - Already have ACK (at simulation time 54.000,000,000 s)
2025-06-06 16:07:50,338 INFO  - Already have ACK (at simulation time 54.000,000,000 s)
2025-06-06 16:07:50,338 INFO  - Already have ACK (at simulation time 54.000,000,000 s)
2025-06-06 16:07:50,338 INFO  - Already have ACK (at simulation time 54.000,000,000 s)
2025-06-06 16:07:50,338 INFO  - Already have ACK (at simulation time 54.000,000,000 s)
2025-06-06 16:07:50,338 INFO  - Already have ACK (at simulation time 54.000,000,000 s)
2025-06-06 16:07:50,338 INFO  - Already have ACK (at simulation time 54.000,000,000 s)
2025-06-06 16:07:50,338 INFO  - Already have ACK (at simulation time 54.000,000,000 s)
2025-06-06 16:07:50,341 INFO  - Already have ACK (at simulation time 55.000,000,000 s)
2025-06-06 16:07:50,342 INFO  - Already have ACK (at simulation time 55.000,000,000 s)
2025-06-06 16:07:50,342 INFO  - Already have ACK (at simulation time 55.000,000,000 s)
2025-06-06 16:07:50,342 INFO  - Already have ACK (at simulation time 55.000,000,000 s)
2025-06-06 16:07:50,342 INFO  - Already have ACK (at simulation time 55.000,000,000 s)
2025-06-06 16:07:50,342 INFO  - Already have ACK (at simulation time 55.000,000,000 s)
2025-06-06 16:07:50,342 INFO  - Already have ACK (at simulation time 55.000,000,000 s)
2025-06-06 16:07:50,342 INFO  - Already have ACK (at simulation time 55.000,000,000 s)
2025-06-06 16:07:50,342 INFO  - Already have ACK (at simulation time 55.000,000,000 s)
2025-06-06 16:07:50,342 INFO  - Already have ACK (at simulation time 55.000,000,000 s)
2025-06-06 16:07:50,342 INFO  - Already have ACK (at simulation time 55.000,000,000 s)
2025-06-06 16:07:50,342 INFO  - Already have ACK (at simulation time 55.000,000,000 s)
2025-06-06 16:07:50,342 INFO  - Already have ACK (at simulation time 55.000,000,000 s)
2025-06-06 16:07:50,342 INFO  - Already have ACK (at simulation time 55.000,000,000 s)
2025-06-06 16:07:50,342 INFO  - Already have ACK (at simulation time 55.000,000,000 s)
2025-06-06 16:07:50,343 INFO  - Already have ACK (at simulation time 55.000,000,000 s)
2025-06-06 16:07:50,343 INFO  - Already have ACK (at simulation time 55.000,000,000 s)
2025-06-06 16:07:50,343 INFO  - Already have ACK (at simulation time 55.000,000,000 s)
2025-06-06 16:07:50,343 INFO  - Already have ACK (at simulation time 55.000,000,000 s)
2025-06-06 16:07:50,343 INFO  - Already have ACK (at simulation time 55.000,000,000 s)
2025-06-06 16:07:50,343 INFO  - Already have ACK (at simulation time 55.000,000,000 s)
2025-06-06 16:07:50,343 INFO  - Already have ACK (at simulation time 55.000,000,000 s)
2025-06-06 16:07:50,343 INFO  - Already have ACK (at simulation time 55.000,000,000 s)
2025-06-06 16:07:50,343 INFO  - Already have ACK (at simulation time 55.000,000,000 s)
2025-06-06 16:07:50,343 INFO  - Already have ACK (at simulation time 55.000,000,000 s)
2025-06-06 16:07:50,343 INFO  - Already have ACK (at simulation time 55.000,000,000 s)
2025-06-06 16:07:50,343 INFO  - Already have ACK (at simulation time 55.000,000,000 s)
2025-06-06 16:07:50,343 INFO  - Already have ACK (at simulation time 55.000,000,000 s)
2025-06-06 16:07:50,343 INFO  - Already have ACK (at simulation time 55.000,000,000 s)
2025-06-06 16:07:50,345 INFO  - Already have ACK (at simulation time 56.000,000,000 s)
2025-06-06 16:07:50,346 INFO  - Already have ACK (at simulation time 56.000,000,000 s)
2025-06-06 16:07:50,346 INFO  - Already have ACK (at simulation time 56.000,000,000 s)
2025-06-06 16:07:50,346 INFO  - Already have ACK (at simulation time 56.000,000,000 s)
2025-06-06 16:07:50,346 INFO  - Already have ACK (at simulation time 56.000,000,000 s)
2025-06-06 16:07:50,346 INFO  - Already have ACK (at simulation time 56.000,000,000 s)
2025-06-06 16:07:50,346 INFO  - Already have ACK (at simulation time 56.000,000,000 s)
2025-06-06 16:07:50,346 INFO  - Already have ACK (at simulation time 56.000,000,000 s)
2025-06-06 16:07:50,346 INFO  - Already have ACK (at simulation time 56.000,000,000 s)
2025-06-06 16:07:50,346 INFO  - Already have ACK (at simulation time 56.000,000,000 s)
2025-06-06 16:07:50,346 INFO  - Already have ACK (at simulation time 56.000,000,000 s)
2025-06-06 16:07:50,346 INFO  - Already have ACK (at simulation time 56.000,000,000 s)
2025-06-06 16:07:50,346 INFO  - Already have ACK (at simulation time 56.000,000,000 s)
2025-06-06 16:07:50,347 INFO  - Already have ACK (at simulation time 56.000,000,000 s)
2025-06-06 16:07:50,347 INFO  - Already have ACK (at simulation time 56.000,000,000 s)
2025-06-06 16:07:50,347 INFO  - Already have ACK (at simulation time 56.000,000,000 s)
2025-06-06 16:07:50,347 INFO  - Already have ACK (at simulation time 56.000,000,000 s)
2025-06-06 16:07:50,347 INFO  - Already have ACK (at simulation time 56.000,000,000 s)
2025-06-06 16:07:50,347 INFO  - Already have ACK (at simulation time 56.000,000,000 s)
2025-06-06 16:07:50,347 INFO  - Already have ACK (at simulation time 56.000,000,000 s)
2025-06-06 16:07:50,347 INFO  - Already have ACK (at simulation time 56.000,000,000 s)
2025-06-06 16:07:50,347 INFO  - Already have ACK (at simulation time 56.000,000,000 s)
2025-06-06 16:07:50,347 INFO  - Already have ACK (at simulation time 56.000,000,000 s)
2025-06-06 16:07:50,347 INFO  - Already have ACK (at simulation time 56.000,000,000 s)
2025-06-06 16:07:50,347 INFO  - Already have ACK (at simulation time 56.000,000,000 s)
2025-06-06 16:07:50,347 INFO  - Already have ACK (at simulation time 56.000,000,000 s)
2025-06-06 16:07:50,347 INFO  - Already have ACK (at simulation time 56.000,000,000 s)
2025-06-06 16:07:50,347 INFO  - Already have ACK (at simulation time 56.000,000,000 s)
2025-06-06 16:07:50,347 INFO  - Already have ACK (at simulation time 56.000,000,000 s)
2025-06-06 16:07:50,347 INFO  - Already have ACK (at simulation time 56.000,000,000 s)
2025-06-06 16:07:50,351 INFO  - Sent periodic GreenWaveMsg: veh_5 on route r_1 (at simulation time 57.000,000,000 s)
2025-06-06 16:07:50,351 INFO  - Already have ACK (at simulation time 57.000,000,000 s)
2025-06-06 16:07:50,352 INFO  - Already have ACK (at simulation time 57.000,000,000 s)
2025-06-06 16:07:50,352 INFO  - Already have ACK (at simulation time 57.000,000,000 s)
2025-06-06 16:07:50,352 INFO  - Already have ACK (at simulation time 57.000,000,000 s)
2025-06-06 16:07:50,352 INFO  - Already have ACK (at simulation time 57.000,000,000 s)
2025-06-06 16:07:50,352 INFO  - Already have ACK (at simulation time 57.000,000,000 s)
2025-06-06 16:07:50,352 INFO  - Already have ACK (at simulation time 57.000,000,000 s)
2025-06-06 16:07:50,352 INFO  - Already have ACK (at simulation time 57.000,000,000 s)
2025-06-06 16:07:50,352 INFO  - Already have ACK (at simulation time 57.000,000,000 s)
2025-06-06 16:07:50,352 INFO  - Already have ACK (at simulation time 57.000,000,000 s)
2025-06-06 16:07:50,352 INFO  - Already have ACK (at simulation time 57.000,000,000 s)
2025-06-06 16:07:50,353 INFO  - Already have ACK (at simulation time 57.000,000,000 s)
2025-06-06 16:07:50,353 INFO  - Already have ACK (at simulation time 57.000,000,000 s)
2025-06-06 16:07:50,353 INFO  - Already have ACK (at simulation time 57.000,000,000 s)
2025-06-06 16:07:50,353 INFO  - Already have ACK (at simulation time 57.000,000,000 s)
2025-06-06 16:07:50,353 INFO  - Already have ACK (at simulation time 57.000,000,000 s)
2025-06-06 16:07:50,353 INFO  - Already have ACK (at simulation time 57.000,000,000 s)
2025-06-06 16:07:50,353 INFO  - Already have ACK (at simulation time 57.000,000,000 s)
2025-06-06 16:07:50,353 INFO  - Already have ACK (at simulation time 57.000,000,000 s)
2025-06-06 16:07:50,353 INFO  - Already have ACK (at simulation time 57.000,000,000 s)
2025-06-06 16:07:50,353 INFO  - Already have ACK (at simulation time 57.000,000,000 s)
2025-06-06 16:07:50,353 INFO  - Already have ACK (at simulation time 57.000,000,000 s)
2025-06-06 16:07:50,353 INFO  - Already have ACK (at simulation time 57.000,000,000 s)
2025-06-06 16:07:50,353 INFO  - Already have ACK (at simulation time 57.000,000,000 s)
2025-06-06 16:07:50,353 INFO  - Already have ACK (at simulation time 57.000,000,000 s)
2025-06-06 16:07:50,353 INFO  - Already have ACK (at simulation time 57.000,000,000 s)
2025-06-06 16:07:50,353 INFO  - Already have ACK (at simulation time 57.000,000,000 s)
2025-06-06 16:07:50,353 INFO  - Already have ACK (at simulation time 57.000,000,000 s)
2025-06-06 16:07:50,353 INFO  - Already have ACK (at simulation time 57.000,000,000 s)
2025-06-06 16:07:50,353 INFO  - Already have ACK (at simulation time 57.000,000,000 s)
2025-06-06 16:07:50,353 INFO  - Already have ACK (at simulation time 57.000,000,000 s)
2025-06-06 16:07:50,363 INFO  - Already have ACK (at simulation time 58.000,000,000 s)
2025-06-06 16:07:50,364 INFO  - Already have ACK (at simulation time 58.000,000,000 s)
2025-06-06 16:07:50,364 INFO  - Already have ACK (at simulation time 58.000,000,000 s)
2025-06-06 16:07:50,364 INFO  - Already have ACK (at simulation time 58.000,000,000 s)
2025-06-06 16:07:50,364 INFO  - Already have ACK (at simulation time 58.000,000,000 s)
2025-06-06 16:07:50,364 INFO  - Already have ACK (at simulation time 58.000,000,000 s)
2025-06-06 16:07:50,364 INFO  - Already have ACK (at simulation time 58.000,000,000 s)
2025-06-06 16:07:50,364 INFO  - Already have ACK (at simulation time 58.000,000,000 s)
2025-06-06 16:07:50,364 INFO  - Already have ACK (at simulation time 58.000,000,000 s)
2025-06-06 16:07:50,364 INFO  - Already have ACK (at simulation time 58.000,000,000 s)
2025-06-06 16:07:50,365 INFO  - Already have ACK (at simulation time 58.000,000,000 s)
2025-06-06 16:07:50,365 INFO  - Already have ACK (at simulation time 58.000,000,000 s)
2025-06-06 16:07:50,365 INFO  - Already have ACK (at simulation time 58.000,000,000 s)
2025-06-06 16:07:50,365 INFO  - Already have ACK (at simulation time 58.000,000,000 s)
2025-06-06 16:07:50,365 INFO  - Already have ACK (at simulation time 58.000,000,000 s)
2025-06-06 16:07:50,365 INFO  - Already have ACK (at simulation time 58.000,000,000 s)
2025-06-06 16:07:50,365 INFO  - Already have ACK (at simulation time 58.000,000,000 s)
2025-06-06 16:07:50,365 INFO  - Already have ACK (at simulation time 58.000,000,000 s)
2025-06-06 16:07:50,365 INFO  - Already have ACK (at simulation time 58.000,000,000 s)
2025-06-06 16:07:50,365 INFO  - Already have ACK (at simulation time 58.000,000,000 s)
2025-06-06 16:07:50,365 INFO  - Already have ACK (at simulation time 58.000,000,000 s)
2025-06-06 16:07:50,365 INFO  - Already have ACK (at simulation time 58.000,000,000 s)
2025-06-06 16:07:50,365 INFO  - Already have ACK (at simulation time 58.000,000,000 s)
2025-06-06 16:07:50,365 INFO  - Already have ACK (at simulation time 58.000,000,000 s)
2025-06-06 16:07:50,365 INFO  - Already have ACK (at simulation time 58.000,000,000 s)
2025-06-06 16:07:50,365 INFO  - Already have ACK (at simulation time 58.000,000,000 s)
2025-06-06 16:07:50,365 INFO  - Already have ACK (at simulation time 58.000,000,000 s)
2025-06-06 16:07:50,365 INFO  - Already have ACK (at simulation time 58.000,000,000 s)
2025-06-06 16:07:50,365 INFO  - Already have ACK (at simulation time 58.000,000,000 s)
2025-06-06 16:07:50,366 INFO  - Already have ACK (at simulation time 58.000,000,000 s)
2025-06-06 16:07:50,366 INFO  - Already have ACK (at simulation time 58.000,000,000 s)
2025-06-06 16:07:50,366 INFO  - Already have ACK (at simulation time 58.000,000,000 s)
2025-06-06 16:07:50,368 INFO  - Already have ACK (at simulation time 59.000,000,000 s)
2025-06-06 16:07:50,369 INFO  - Already have ACK (at simulation time 59.000,000,000 s)
2025-06-06 16:07:50,369 INFO  - Already have ACK (at simulation time 59.000,000,000 s)
2025-06-06 16:07:50,369 INFO  - Already have ACK (at simulation time 59.000,000,000 s)
2025-06-06 16:07:50,369 INFO  - Already have ACK (at simulation time 59.000,000,000 s)
2025-06-06 16:07:50,369 INFO  - Already have ACK (at simulation time 59.000,000,000 s)
2025-06-06 16:07:50,369 INFO  - Already have ACK (at simulation time 59.000,000,000 s)
2025-06-06 16:07:50,369 INFO  - Already have ACK (at simulation time 59.000,000,000 s)
2025-06-06 16:07:50,369 INFO  - Already have ACK (at simulation time 59.000,000,000 s)
2025-06-06 16:07:50,370 INFO  - Already have ACK (at simulation time 59.000,000,000 s)
2025-06-06 16:07:50,370 INFO  - Already have ACK (at simulation time 59.000,000,000 s)
2025-06-06 16:07:50,370 INFO  - Already have ACK (at simulation time 59.000,000,000 s)
2025-06-06 16:07:50,370 INFO  - Already have ACK (at simulation time 59.000,000,000 s)
2025-06-06 16:07:50,370 INFO  - Already have ACK (at simulation time 59.000,000,000 s)
2025-06-06 16:07:50,370 INFO  - Already have ACK (at simulation time 59.000,000,000 s)
2025-06-06 16:07:50,370 INFO  - Already have ACK (at simulation time 59.000,000,000 s)
2025-06-06 16:07:50,370 INFO  - Already have ACK (at simulation time 59.000,000,000 s)
2025-06-06 16:07:50,370 INFO  - Already have ACK (at simulation time 59.000,000,000 s)
2025-06-06 16:07:50,370 INFO  - Already have ACK (at simulation time 59.000,000,000 s)
2025-06-06 16:07:50,370 INFO  - Already have ACK (at simulation time 59.000,000,000 s)
2025-06-06 16:07:50,370 INFO  - Already have ACK (at simulation time 59.000,000,000 s)
2025-06-06 16:07:50,370 INFO  - Already have ACK (at simulation time 59.000,000,000 s)
2025-06-06 16:07:50,370 INFO  - Already have ACK (at simulation time 59.000,000,000 s)
2025-06-06 16:07:50,370 INFO  - Already have ACK (at simulation time 59.000,000,000 s)
2025-06-06 16:07:50,370 INFO  - Already have ACK (at simulation time 59.000,000,000 s)
2025-06-06 16:07:50,371 INFO  - Already have ACK (at simulation time 59.000,000,000 s)
2025-06-06 16:07:50,371 INFO  - Already have ACK (at simulation time 59.000,000,000 s)
2025-06-06 16:07:50,371 INFO  - Already have ACK (at simulation time 59.000,000,000 s)
2025-06-06 16:07:50,371 INFO  - Already have ACK (at simulation time 59.000,000,000 s)
2025-06-06 16:07:50,371 INFO  - Already have ACK (at simulation time 59.000,000,000 s)
2025-06-06 16:07:50,371 INFO  - Already have ACK (at simulation time 59.000,000,000 s)
2025-06-06 16:07:50,371 INFO  - Already have ACK (at simulation time 59.000,000,000 s)
2025-06-06 16:07:50,371 INFO  - Already have ACK (at simulation time 59.000,000,000 s)
2025-06-06 16:07:50,374 INFO  - Already have ACK (at simulation time 60.000,000,000 s)
2025-06-06 16:07:50,375 INFO  - Already have ACK (at simulation time 60.000,000,000 s)
2025-06-06 16:07:50,375 INFO  - Already have ACK (at simulation time 60.000,000,000 s)
2025-06-06 16:07:50,375 INFO  - Already have ACK (at simulation time 60.000,000,000 s)
2025-06-06 16:07:50,375 INFO  - Already have ACK (at simulation time 60.000,000,000 s)
2025-06-06 16:07:50,376 INFO  - Already have ACK (at simulation time 60.000,000,000 s)
2025-06-06 16:07:50,376 INFO  - Already have ACK (at simulation time 60.000,000,000 s)
2025-06-06 16:07:50,376 INFO  - Already have ACK (at simulation time 60.000,000,000 s)
2025-06-06 16:07:50,376 INFO  - Already have ACK (at simulation time 60.000,000,000 s)
2025-06-06 16:07:50,376 INFO  - Already have ACK (at simulation time 60.000,000,000 s)
2025-06-06 16:07:50,376 INFO  - Already have ACK (at simulation time 60.000,000,000 s)
2025-06-06 16:07:50,376 INFO  - Already have ACK (at simulation time 60.000,000,000 s)
2025-06-06 16:07:50,376 INFO  - Already have ACK (at simulation time 60.000,000,000 s)
2025-06-06 16:07:50,376 INFO  - Already have ACK (at simulation time 60.000,000,000 s)
2025-06-06 16:07:50,376 INFO  - Already have ACK (at simulation time 60.000,000,000 s)
2025-06-06 16:07:50,376 INFO  - Already have ACK (at simulation time 60.000,000,000 s)
2025-06-06 16:07:50,376 INFO  - Already have ACK (at simulation time 60.000,000,000 s)
2025-06-06 16:07:50,377 INFO  - Already have ACK (at simulation time 60.000,000,000 s)
2025-06-06 16:07:50,377 INFO  - Already have ACK (at simulation time 60.000,000,000 s)
2025-06-06 16:07:50,377 INFO  - Already have ACK (at simulation time 60.000,000,000 s)
2025-06-06 16:07:50,377 INFO  - Already have ACK (at simulation time 60.000,000,000 s)
2025-06-06 16:07:50,377 INFO  - Already have ACK (at simulation time 60.000,000,000 s)
2025-06-06 16:07:50,377 INFO  - Already have ACK (at simulation time 60.000,000,000 s)
2025-06-06 16:07:50,377 INFO  - Already have ACK (at simulation time 60.000,000,000 s)
2025-06-06 16:07:50,377 INFO  - Already have ACK (at simulation time 60.000,000,000 s)
2025-06-06 16:07:50,377 INFO  - Already have ACK (at simulation time 60.000,000,000 s)
2025-06-06 16:07:50,377 INFO  - Already have ACK (at simulation time 60.000,000,000 s)
2025-06-06 16:07:50,377 INFO  - Already have ACK (at simulation time 60.000,000,000 s)
2025-06-06 16:07:50,377 INFO  - Already have ACK (at simulation time 60.000,000,000 s)
2025-06-06 16:07:50,377 INFO  - Already have ACK (at simulation time 60.000,000,000 s)
2025-06-06 16:07:50,377 INFO  - Already have ACK (at simulation time 60.000,000,000 s)
2025-06-06 16:07:50,377 INFO  - Already have ACK (at simulation time 60.000,000,000 s)
2025-06-06 16:07:50,377 INFO  - Already have ACK (at simulation time 60.000,000,000 s)
2025-06-06 16:07:50,377 INFO  - Already have ACK (at simulation time 60.000,000,000 s)
2025-06-06 16:07:50,378 INFO  - Received metrics from FogNode: avgR0=0.6666666666666666, avgR1=0.8333333333333334 (at simulation time 60.000,800,000 s)
2025-06-06 16:07:50,381 INFO  - Already have ACK (at simulation time 61.000,000,000 s)
2025-06-06 16:07:50,381 INFO  - Already have ACK (at simulation time 61.000,000,000 s)
2025-06-06 16:07:50,381 INFO  - Already have ACK (at simulation time 61.000,000,000 s)
2025-06-06 16:07:50,381 INFO  - Already have ACK (at simulation time 61.000,000,000 s)
2025-06-06 16:07:50,381 INFO  - Already have ACK (at simulation time 61.000,000,000 s)
2025-06-06 16:07:50,381 INFO  - Already have ACK (at simulation time 61.000,000,000 s)
2025-06-06 16:07:50,382 INFO  - Already have ACK (at simulation time 61.000,000,000 s)
2025-06-06 16:07:50,382 INFO  - Already have ACK (at simulation time 61.000,000,000 s)
2025-06-06 16:07:50,382 INFO  - Already have ACK (at simulation time 61.000,000,000 s)
2025-06-06 16:07:50,382 INFO  - Already have ACK (at simulation time 61.000,000,000 s)
2025-06-06 16:07:50,382 INFO  - Already have ACK (at simulation time 61.000,000,000 s)
2025-06-06 16:07:50,382 INFO  - Already have ACK (at simulation time 61.000,000,000 s)
2025-06-06 16:07:50,382 INFO  - Already have ACK (at simulation time 61.000,000,000 s)
2025-06-06 16:07:50,382 INFO  - Already have ACK (at simulation time 61.000,000,000 s)
2025-06-06 16:07:50,382 INFO  - Already have ACK (at simulation time 61.000,000,000 s)
2025-06-06 16:07:50,382 INFO  - Already have ACK (at simulation time 61.000,000,000 s)
2025-06-06 16:07:50,382 INFO  - Already have ACK (at simulation time 61.000,000,000 s)
2025-06-06 16:07:50,382 INFO  - Already have ACK (at simulation time 61.000,000,000 s)
2025-06-06 16:07:50,382 INFO  - Already have ACK (at simulation time 61.000,000,000 s)
2025-06-06 16:07:50,382 INFO  - Already have ACK (at simulation time 61.000,000,000 s)
2025-06-06 16:07:50,382 INFO  - Already have ACK (at simulation time 61.000,000,000 s)
2025-06-06 16:07:50,383 INFO  - Already have ACK (at simulation time 61.000,000,000 s)
2025-06-06 16:07:50,383 INFO  - Already have ACK (at simulation time 61.000,000,000 s)
2025-06-06 16:07:50,383 INFO  - Already have ACK (at simulation time 61.000,000,000 s)
2025-06-06 16:07:50,383 INFO  - Already have ACK (at simulation time 61.000,000,000 s)
2025-06-06 16:07:50,383 INFO  - Already have ACK (at simulation time 61.000,000,000 s)
2025-06-06 16:07:50,383 INFO  - Already have ACK (at simulation time 61.000,000,000 s)
2025-06-06 16:07:50,383 INFO  - Already have ACK (at simulation time 61.000,000,000 s)
2025-06-06 16:07:50,383 INFO  - Already have ACK (at simulation time 61.000,000,000 s)
2025-06-06 16:07:50,383 INFO  - Already have ACK (at simulation time 61.000,000,000 s)
2025-06-06 16:07:50,383 INFO  - Already have ACK (at simulation time 61.000,000,000 s)
2025-06-06 16:07:50,383 INFO  - Already have ACK (at simulation time 61.000,000,000 s)
2025-06-06 16:07:50,383 INFO  - Already have ACK (at simulation time 61.000,000,000 s)
2025-06-06 16:07:50,383 INFO  - Already have ACK (at simulation time 61.000,000,000 s)
2025-06-06 16:07:50,383 INFO  - Already have ACK (at simulation time 61.000,000,000 s)
2025-06-06 16:07:50,386 INFO  - Sent periodic GreenWaveMsg: veh_5 on route r_1 (at simulation time 62.000,000,000 s)
2025-06-06 16:07:50,386 INFO  - Already have ACK (at simulation time 62.000,000,000 s)
2025-06-06 16:07:50,386 INFO  - Already have ACK (at simulation time 62.000,000,000 s)
2025-06-06 16:07:50,386 INFO  - Already have ACK (at simulation time 62.000,000,000 s)
2025-06-06 16:07:50,386 INFO  - Already have ACK (at simulation time 62.000,000,000 s)
2025-06-06 16:07:50,387 INFO  - Already have ACK (at simulation time 62.000,000,000 s)
2025-06-06 16:07:50,387 INFO  - Already have ACK (at simulation time 62.000,000,000 s)
2025-06-06 16:07:50,387 INFO  - Already have ACK (at simulation time 62.000,000,000 s)
2025-06-06 16:07:50,387 INFO  - Already have ACK (at simulation time 62.000,000,000 s)
2025-06-06 16:07:50,387 INFO  - Already have ACK (at simulation time 62.000,000,000 s)
2025-06-06 16:07:50,387 INFO  - Already have ACK (at simulation time 62.000,000,000 s)
2025-06-06 16:07:50,387 INFO  - Already have ACK (at simulation time 62.000,000,000 s)
2025-06-06 16:07:50,387 INFO  - Already have ACK (at simulation time 62.000,000,000 s)
2025-06-06 16:07:50,387 INFO  - Already have ACK (at simulation time 62.000,000,000 s)
2025-06-06 16:07:50,387 INFO  - Already have ACK (at simulation time 62.000,000,000 s)
2025-06-06 16:07:50,387 INFO  - Already have ACK (at simulation time 62.000,000,000 s)
2025-06-06 16:07:50,387 INFO  - Already have ACK (at simulation time 62.000,000,000 s)
2025-06-06 16:07:50,387 INFO  - Already have ACK (at simulation time 62.000,000,000 s)
2025-06-06 16:07:50,388 INFO  - Already have ACK (at simulation time 62.000,000,000 s)
2025-06-06 16:07:50,388 INFO  - Already have ACK (at simulation time 62.000,000,000 s)
2025-06-06 16:07:50,388 INFO  - Already have ACK (at simulation time 62.000,000,000 s)
2025-06-06 16:07:50,388 INFO  - Already have ACK (at simulation time 62.000,000,000 s)
2025-06-06 16:07:50,388 INFO  - Already have ACK (at simulation time 62.000,000,000 s)
2025-06-06 16:07:50,388 INFO  - Already have ACK (at simulation time 62.000,000,000 s)
2025-06-06 16:07:50,388 INFO  - Already have ACK (at simulation time 62.000,000,000 s)
2025-06-06 16:07:50,388 INFO  - Already have ACK (at simulation time 62.000,000,000 s)
2025-06-06 16:07:50,388 INFO  - Already have ACK (at simulation time 62.000,000,000 s)
2025-06-06 16:07:50,388 INFO  - Already have ACK (at simulation time 62.000,000,000 s)
2025-06-06 16:07:50,388 INFO  - Already have ACK (at simulation time 62.000,000,000 s)
2025-06-06 16:07:50,388 INFO  - Already have ACK (at simulation time 62.000,000,000 s)
2025-06-06 16:07:50,388 INFO  - Already have ACK (at simulation time 62.000,000,000 s)
2025-06-06 16:07:50,388 INFO  - Already have ACK (at simulation time 62.000,000,000 s)
2025-06-06 16:07:50,388 INFO  - Already have ACK (at simulation time 62.000,000,000 s)
2025-06-06 16:07:50,388 INFO  - Already have ACK (at simulation time 62.000,000,000 s)
2025-06-06 16:07:50,388 INFO  - Already have ACK (at simulation time 62.000,000,000 s)
2025-06-06 16:07:50,388 INFO  - Already have ACK (at simulation time 62.000,000,000 s)
2025-06-06 16:07:50,388 INFO  - Already have ACK (at simulation time 62.000,000,000 s)
2025-06-06 16:07:50,391 INFO  - Already have ACK (at simulation time 63.000,000,000 s)
2025-06-06 16:07:50,392 INFO  - Already have ACK (at simulation time 63.000,000,000 s)
2025-06-06 16:07:50,392 INFO  - Already have ACK (at simulation time 63.000,000,000 s)
2025-06-06 16:07:50,392 INFO  - Already have ACK (at simulation time 63.000,000,000 s)
2025-06-06 16:07:50,392 INFO  - Already have ACK (at simulation time 63.000,000,000 s)
2025-06-06 16:07:50,392 INFO  - Already have ACK (at simulation time 63.000,000,000 s)
2025-06-06 16:07:50,392 INFO  - Already have ACK (at simulation time 63.000,000,000 s)
2025-06-06 16:07:50,393 INFO  - Already have ACK (at simulation time 63.000,000,000 s)
2025-06-06 16:07:50,393 INFO  - Already have ACK (at simulation time 63.000,000,000 s)
2025-06-06 16:07:50,393 INFO  - Already have ACK (at simulation time 63.000,000,000 s)
2025-06-06 16:07:50,393 INFO  - Already have ACK (at simulation time 63.000,000,000 s)
2025-06-06 16:07:50,393 INFO  - Already have ACK (at simulation time 63.000,000,000 s)
2025-06-06 16:07:50,393 INFO  - Already have ACK (at simulation time 63.000,000,000 s)
2025-06-06 16:07:50,393 INFO  - Already have ACK (at simulation time 63.000,000,000 s)
2025-06-06 16:07:50,393 INFO  - Already have ACK (at simulation time 63.000,000,000 s)
2025-06-06 16:07:50,393 INFO  - Already have ACK (at simulation time 63.000,000,000 s)
2025-06-06 16:07:50,393 INFO  - Already have ACK (at simulation time 63.000,000,000 s)
2025-06-06 16:07:50,393 INFO  - Already have ACK (at simulation time 63.000,000,000 s)
2025-06-06 16:07:50,393 INFO  - Already have ACK (at simulation time 63.000,000,000 s)
2025-06-06 16:07:50,393 INFO  - Already have ACK (at simulation time 63.000,000,000 s)
2025-06-06 16:07:50,393 INFO  - Already have ACK (at simulation time 63.000,000,000 s)
2025-06-06 16:07:50,393 INFO  - Already have ACK (at simulation time 63.000,000,000 s)
2025-06-06 16:07:50,393 INFO  - Already have ACK (at simulation time 63.000,000,000 s)
2025-06-06 16:07:50,394 INFO  - Already have ACK (at simulation time 63.000,000,000 s)
2025-06-06 16:07:50,394 INFO  - Already have ACK (at simulation time 63.000,000,000 s)
2025-06-06 16:07:50,394 INFO  - Already have ACK (at simulation time 63.000,000,000 s)
2025-06-06 16:07:50,394 INFO  - Already have ACK (at simulation time 63.000,000,000 s)
2025-06-06 16:07:50,394 INFO  - Already have ACK (at simulation time 63.000,000,000 s)
2025-06-06 16:07:50,394 INFO  - Already have ACK (at simulation time 63.000,000,000 s)
2025-06-06 16:07:50,394 INFO  - Already have ACK (at simulation time 63.000,000,000 s)
2025-06-06 16:07:50,394 INFO  - Already have ACK (at simulation time 63.000,000,000 s)
2025-06-06 16:07:50,394 INFO  - Already have ACK (at simulation time 63.000,000,000 s)
2025-06-06 16:07:50,394 INFO  - Already have ACK (at simulation time 63.000,000,000 s)
2025-06-06 16:07:50,394 INFO  - Already have ACK (at simulation time 63.000,000,000 s)
2025-06-06 16:07:50,394 INFO  - Already have ACK (at simulation time 63.000,000,000 s)
2025-06-06 16:07:50,394 INFO  - Already have ACK (at simulation time 63.000,000,000 s)
2025-06-06 16:07:50,394 INFO  - Already have ACK (at simulation time 63.000,000,000 s)
2025-06-06 16:07:50,397 INFO  - Already have ACK (at simulation time 64.000,000,000 s)
2025-06-06 16:07:50,397 INFO  - Already have ACK (at simulation time 64.000,000,000 s)
2025-06-06 16:07:50,398 INFO  - Already have ACK (at simulation time 64.000,000,000 s)
2025-06-06 16:07:50,398 INFO  - Already have ACK (at simulation time 64.000,000,000 s)
2025-06-06 16:07:50,398 INFO  - Already have ACK (at simulation time 64.000,000,000 s)
2025-06-06 16:07:50,398 INFO  - Already have ACK (at simulation time 64.000,000,000 s)
2025-06-06 16:07:50,398 INFO  - Already have ACK (at simulation time 64.000,000,000 s)
2025-06-06 16:07:50,398 INFO  - Already have ACK (at simulation time 64.000,000,000 s)
2025-06-06 16:07:50,398 INFO  - Already have ACK (at simulation time 64.000,000,000 s)
2025-06-06 16:07:50,398 INFO  - Already have ACK (at simulation time 64.000,000,000 s)
2025-06-06 16:07:50,398 INFO  - Already have ACK (at simulation time 64.000,000,000 s)
2025-06-06 16:07:50,398 INFO  - Already have ACK (at simulation time 64.000,000,000 s)
2025-06-06 16:07:50,398 INFO  - Already have ACK (at simulation time 64.000,000,000 s)
2025-06-06 16:07:50,398 INFO  - Already have ACK (at simulation time 64.000,000,000 s)
2025-06-06 16:07:50,399 INFO  - Already have ACK (at simulation time 64.000,000,000 s)
2025-06-06 16:07:50,399 INFO  - Already have ACK (at simulation time 64.000,000,000 s)
2025-06-06 16:07:50,399 INFO  - Already have ACK (at simulation time 64.000,000,000 s)
2025-06-06 16:07:50,399 INFO  - Already have ACK (at simulation time 64.000,000,000 s)
2025-06-06 16:07:50,399 INFO  - Already have ACK (at simulation time 64.000,000,000 s)
2025-06-06 16:07:50,399 INFO  - Already have ACK (at simulation time 64.000,000,000 s)
2025-06-06 16:07:50,399 INFO  - Already have ACK (at simulation time 64.000,000,000 s)
2025-06-06 16:07:50,399 INFO  - Already have ACK (at simulation time 64.000,000,000 s)
2025-06-06 16:07:50,399 INFO  - Already have ACK (at simulation time 64.000,000,000 s)
2025-06-06 16:07:50,399 INFO  - Already have ACK (at simulation time 64.000,000,000 s)
2025-06-06 16:07:50,399 INFO  - Already have ACK (at simulation time 64.000,000,000 s)
2025-06-06 16:07:50,399 INFO  - Already have ACK (at simulation time 64.000,000,000 s)
2025-06-06 16:07:50,399 INFO  - Already have ACK (at simulation time 64.000,000,000 s)
2025-06-06 16:07:50,399 INFO  - Already have ACK (at simulation time 64.000,000,000 s)
2025-06-06 16:07:50,399 INFO  - Already have ACK (at simulation time 64.000,000,000 s)
2025-06-06 16:07:50,399 INFO  - Already have ACK (at simulation time 64.000,000,000 s)
2025-06-06 16:07:50,399 INFO  - Already have ACK (at simulation time 64.000,000,000 s)
2025-06-06 16:07:50,399 INFO  - Already have ACK (at simulation time 64.000,000,000 s)
2025-06-06 16:07:50,400 INFO  - Already have ACK (at simulation time 64.000,000,000 s)
2025-06-06 16:07:50,400 INFO  - Already have ACK (at simulation time 64.000,000,000 s)
2025-06-06 16:07:50,400 INFO  - Already have ACK (at simulation time 64.000,000,000 s)
2025-06-06 16:07:50,400 INFO  - Already have ACK (at simulation time 64.000,000,000 s)
2025-06-06 16:07:50,400 INFO  - Already have ACK (at simulation time 64.000,000,000 s)
2025-06-06 16:07:50,400 INFO  - Already have ACK (at simulation time 64.000,000,000 s)
2025-06-06 16:07:50,403 INFO  - Already have ACK (at simulation time 65.000,000,000 s)
2025-06-06 16:07:50,404 INFO  - Already have ACK (at simulation time 65.000,000,000 s)
2025-06-06 16:07:50,404 INFO  - Already have ACK (at simulation time 65.000,000,000 s)
2025-06-06 16:07:50,404 INFO  - Already have ACK (at simulation time 65.000,000,000 s)
2025-06-06 16:07:50,404 INFO  - Already have ACK (at simulation time 65.000,000,000 s)
2025-06-06 16:07:50,404 INFO  - Already have ACK (at simulation time 65.000,000,000 s)
2025-06-06 16:07:50,404 INFO  - Already have ACK (at simulation time 65.000,000,000 s)
2025-06-06 16:07:50,404 INFO  - Already have ACK (at simulation time 65.000,000,000 s)
2025-06-06 16:07:50,404 INFO  - Already have ACK (at simulation time 65.000,000,000 s)
2025-06-06 16:07:50,404 INFO  - Already have ACK (at simulation time 65.000,000,000 s)
2025-06-06 16:07:50,404 INFO  - Already have ACK (at simulation time 65.000,000,000 s)
2025-06-06 16:07:50,404 INFO  - Already have ACK (at simulation time 65.000,000,000 s)
2025-06-06 16:07:50,404 INFO  - Already have ACK (at simulation time 65.000,000,000 s)
2025-06-06 16:07:50,405 INFO  - Already have ACK (at simulation time 65.000,000,000 s)
2025-06-06 16:07:50,405 INFO  - Already have ACK (at simulation time 65.000,000,000 s)
2025-06-06 16:07:50,405 INFO  - Already have ACK (at simulation time 65.000,000,000 s)
2025-06-06 16:07:50,405 INFO  - Already have ACK (at simulation time 65.000,000,000 s)
2025-06-06 16:07:50,405 INFO  - Already have ACK (at simulation time 65.000,000,000 s)
2025-06-06 16:07:50,405 INFO  - Already have ACK (at simulation time 65.000,000,000 s)
2025-06-06 16:07:50,405 INFO  - Already have ACK (at simulation time 65.000,000,000 s)
2025-06-06 16:07:50,405 INFO  - Already have ACK (at simulation time 65.000,000,000 s)
2025-06-06 16:07:50,405 INFO  - Already have ACK (at simulation time 65.000,000,000 s)
2025-06-06 16:07:50,405 INFO  - Already have ACK (at simulation time 65.000,000,000 s)
2025-06-06 16:07:50,405 INFO  - Already have ACK (at simulation time 65.000,000,000 s)
2025-06-06 16:07:50,405 INFO  - Already have ACK (at simulation time 65.000,000,000 s)
2025-06-06 16:07:50,405 INFO  - Already have ACK (at simulation time 65.000,000,000 s)
2025-06-06 16:07:50,405 INFO  - Already have ACK (at simulation time 65.000,000,000 s)
2025-06-06 16:07:50,405 INFO  - Already have ACK (at simulation time 65.000,000,000 s)
2025-06-06 16:07:50,405 INFO  - Already have ACK (at simulation time 65.000,000,000 s)
2025-06-06 16:07:50,406 INFO  - Already have ACK (at simulation time 65.000,000,000 s)
2025-06-06 16:07:50,406 INFO  - Already have ACK (at simulation time 65.000,000,000 s)
2025-06-06 16:07:50,406 INFO  - Already have ACK (at simulation time 65.000,000,000 s)
2025-06-06 16:07:50,406 INFO  - Already have ACK (at simulation time 65.000,000,000 s)
2025-06-06 16:07:50,406 INFO  - Already have ACK (at simulation time 65.000,000,000 s)
2025-06-06 16:07:50,406 INFO  - Already have ACK (at simulation time 65.000,000,000 s)
2025-06-06 16:07:50,406 INFO  - Already have ACK (at simulation time 65.000,000,000 s)
2025-06-06 16:07:50,406 INFO  - Already have ACK (at simulation time 65.000,000,000 s)
2025-06-06 16:07:50,406 INFO  - Already have ACK (at simulation time 65.000,000,000 s)
2025-06-06 16:07:50,406 INFO  - Already have ACK (at simulation time 65.000,000,000 s)
2025-06-06 16:07:50,408 INFO  - Already have ACK (at simulation time 66.000,000,000 s)
2025-06-06 16:07:50,409 INFO  - Already have ACK (at simulation time 66.000,000,000 s)
2025-06-06 16:07:50,409 INFO  - Already have ACK (at simulation time 66.000,000,000 s)
2025-06-06 16:07:50,409 INFO  - Already have ACK (at simulation time 66.000,000,000 s)
2025-06-06 16:07:50,409 INFO  - Already have ACK (at simulation time 66.000,000,000 s)
2025-06-06 16:07:50,409 INFO  - Already have ACK (at simulation time 66.000,000,000 s)
2025-06-06 16:07:50,409 INFO  - Already have ACK (at simulation time 66.000,000,000 s)
2025-06-06 16:07:50,409 INFO  - Already have ACK (at simulation time 66.000,000,000 s)
2025-06-06 16:07:50,409 INFO  - Already have ACK (at simulation time 66.000,000,000 s)
2025-06-06 16:07:50,409 INFO  - Already have ACK (at simulation time 66.000,000,000 s)
2025-06-06 16:07:50,410 INFO  - Already have ACK (at simulation time 66.000,000,000 s)
2025-06-06 16:07:50,410 INFO  - Already have ACK (at simulation time 66.000,000,000 s)
2025-06-06 16:07:50,410 INFO  - Already have ACK (at simulation time 66.000,000,000 s)
2025-06-06 16:07:50,410 INFO  - Already have ACK (at simulation time 66.000,000,000 s)
2025-06-06 16:07:50,410 INFO  - Already have ACK (at simulation time 66.000,000,000 s)
2025-06-06 16:07:50,410 INFO  - Already have ACK (at simulation time 66.000,000,000 s)
2025-06-06 16:07:50,410 INFO  - Already have ACK (at simulation time 66.000,000,000 s)
2025-06-06 16:07:50,410 INFO  - Already have ACK (at simulation time 66.000,000,000 s)
2025-06-06 16:07:50,410 INFO  - Already have ACK (at simulation time 66.000,000,000 s)
2025-06-06 16:07:50,410 INFO  - Already have ACK (at simulation time 66.000,000,000 s)
2025-06-06 16:07:50,410 INFO  - Already have ACK (at simulation time 66.000,000,000 s)
2025-06-06 16:07:50,410 INFO  - Already have ACK (at simulation time 66.000,000,000 s)
2025-06-06 16:07:50,410 INFO  - Already have ACK (at simulation time 66.000,000,000 s)
2025-06-06 16:07:50,410 INFO  - Already have ACK (at simulation time 66.000,000,000 s)
2025-06-06 16:07:50,410 INFO  - Already have ACK (at simulation time 66.000,000,000 s)
2025-06-06 16:07:50,410 INFO  - Already have ACK (at simulation time 66.000,000,000 s)
2025-06-06 16:07:50,410 INFO  - Already have ACK (at simulation time 66.000,000,000 s)
2025-06-06 16:07:50,411 INFO  - Already have ACK (at simulation time 66.000,000,000 s)
2025-06-06 16:07:50,411 INFO  - Already have ACK (at simulation time 66.000,000,000 s)
2025-06-06 16:07:50,411 INFO  - Already have ACK (at simulation time 66.000,000,000 s)
2025-06-06 16:07:50,411 INFO  - Already have ACK (at simulation time 66.000,000,000 s)
2025-06-06 16:07:50,411 INFO  - Already have ACK (at simulation time 66.000,000,000 s)
2025-06-06 16:07:50,411 INFO  - Already have ACK (at simulation time 66.000,000,000 s)
2025-06-06 16:07:50,411 INFO  - Already have ACK (at simulation time 66.000,000,000 s)
2025-06-06 16:07:50,411 INFO  - Already have ACK (at simulation time 66.000,000,000 s)
2025-06-06 16:07:50,411 INFO  - Already have ACK (at simulation time 66.000,000,000 s)
2025-06-06 16:07:50,411 INFO  - Already have ACK (at simulation time 66.000,000,000 s)
2025-06-06 16:07:50,411 INFO  - Already have ACK (at simulation time 66.000,000,000 s)
2025-06-06 16:07:50,411 INFO  - Already have ACK (at simulation time 66.000,000,000 s)
2025-06-06 16:07:50,411 INFO  - Already have ACK (at simulation time 66.000,000,000 s)
2025-06-06 16:07:50,415 INFO  - Sent periodic GreenWaveMsg: veh_5 on route r_1 (at simulation time 67.000,000,000 s)
2025-06-06 16:07:50,415 INFO  - Already have ACK (at simulation time 67.000,000,000 s)
2025-06-06 16:07:50,415 INFO  - Already have ACK (at simulation time 67.000,000,000 s)
2025-06-06 16:07:50,416 INFO  - Already have ACK (at simulation time 67.000,000,000 s)
2025-06-06 16:07:50,416 INFO  - Already have ACK (at simulation time 67.000,000,000 s)
2025-06-06 16:07:50,416 INFO  - Already have ACK (at simulation time 67.000,000,000 s)
2025-06-06 16:07:50,416 INFO  - Already have ACK (at simulation time 67.000,000,000 s)
2025-06-06 16:07:50,416 INFO  - Already have ACK (at simulation time 67.000,000,000 s)
2025-06-06 16:07:50,416 INFO  - Already have ACK (at simulation time 67.000,000,000 s)
2025-06-06 16:07:50,416 INFO  - Already have ACK (at simulation time 67.000,000,000 s)
2025-06-06 16:07:50,416 INFO  - Already have ACK (at simulation time 67.000,000,000 s)
2025-06-06 16:07:50,416 INFO  - Already have ACK (at simulation time 67.000,000,000 s)
2025-06-06 16:07:50,416 INFO  - Already have ACK (at simulation time 67.000,000,000 s)
2025-06-06 16:07:50,416 INFO  - Already have ACK (at simulation time 67.000,000,000 s)
2025-06-06 16:07:50,416 INFO  - Already have ACK (at simulation time 67.000,000,000 s)
2025-06-06 16:07:50,416 INFO  - Already have ACK (at simulation time 67.000,000,000 s)
2025-06-06 16:07:50,417 INFO  - Already have ACK (at simulation time 67.000,000,000 s)
2025-06-06 16:07:50,417 INFO  - Already have ACK (at simulation time 67.000,000,000 s)
2025-06-06 16:07:50,417 INFO  - Already have ACK (at simulation time 67.000,000,000 s)
2025-06-06 16:07:50,417 INFO  - Already have ACK (at simulation time 67.000,000,000 s)
2025-06-06 16:07:50,417 INFO  - Already have ACK (at simulation time 67.000,000,000 s)
2025-06-06 16:07:50,417 INFO  - Already have ACK (at simulation time 67.000,000,000 s)
2025-06-06 16:07:50,417 INFO  - Already have ACK (at simulation time 67.000,000,000 s)
2025-06-06 16:07:50,417 INFO  - Already have ACK (at simulation time 67.000,000,000 s)
2025-06-06 16:07:50,417 INFO  - Already have ACK (at simulation time 67.000,000,000 s)
2025-06-06 16:07:50,417 INFO  - Already have ACK (at simulation time 67.000,000,000 s)
2025-06-06 16:07:50,417 INFO  - Already have ACK (at simulation time 67.000,000,000 s)
2025-06-06 16:07:50,417 INFO  - Already have ACK (at simulation time 67.000,000,000 s)
2025-06-06 16:07:50,417 INFO  - Already have ACK (at simulation time 67.000,000,000 s)
2025-06-06 16:07:50,417 INFO  - Already have ACK (at simulation time 67.000,000,000 s)
2025-06-06 16:07:50,417 INFO  - Already have ACK (at simulation time 67.000,000,000 s)
2025-06-06 16:07:50,417 INFO  - Already have ACK (at simulation time 67.000,000,000 s)
2025-06-06 16:07:50,417 INFO  - Already have ACK (at simulation time 67.000,000,000 s)
2025-06-06 16:07:50,417 INFO  - Already have ACK (at simulation time 67.000,000,000 s)
2025-06-06 16:07:50,417 INFO  - Already have ACK (at simulation time 67.000,000,000 s)
2025-06-06 16:07:50,418 INFO  - Already have ACK (at simulation time 67.000,000,000 s)
2025-06-06 16:07:50,418 INFO  - Already have ACK (at simulation time 67.000,000,000 s)
2025-06-06 16:07:50,418 INFO  - Already have ACK (at simulation time 67.000,000,000 s)
2025-06-06 16:07:50,418 INFO  - Already have ACK (at simulation time 67.000,000,000 s)
2025-06-06 16:07:50,418 INFO  - Already have ACK (at simulation time 67.000,000,000 s)
2025-06-06 16:07:50,418 INFO  - Already have ACK (at simulation time 67.000,000,000 s)
2025-06-06 16:07:50,418 INFO  - Already have ACK (at simulation time 67.000,000,000 s)
2025-06-06 16:07:50,428 INFO  - Already have ACK (at simulation time 68.000,000,000 s)
2025-06-06 16:07:50,429 INFO  - Already have ACK (at simulation time 68.000,000,000 s)
2025-06-06 16:07:50,429 INFO  - Already have ACK (at simulation time 68.000,000,000 s)
2025-06-06 16:07:50,429 INFO  - Already have ACK (at simulation time 68.000,000,000 s)
2025-06-06 16:07:50,429 INFO  - Already have ACK (at simulation time 68.000,000,000 s)
2025-06-06 16:07:50,429 INFO  - Already have ACK (at simulation time 68.000,000,000 s)
2025-06-06 16:07:50,429 INFO  - Already have ACK (at simulation time 68.000,000,000 s)
2025-06-06 16:07:50,429 INFO  - Already have ACK (at simulation time 68.000,000,000 s)
2025-06-06 16:07:50,429 INFO  - Already have ACK (at simulation time 68.000,000,000 s)
2025-06-06 16:07:50,430 INFO  - Already have ACK (at simulation time 68.000,000,000 s)
2025-06-06 16:07:50,430 INFO  - Already have ACK (at simulation time 68.000,000,000 s)
2025-06-06 16:07:50,430 INFO  - Already have ACK (at simulation time 68.000,000,000 s)
2025-06-06 16:07:50,430 INFO  - Already have ACK (at simulation time 68.000,000,000 s)
2025-06-06 16:07:50,430 INFO  - Already have ACK (at simulation time 68.000,000,000 s)
2025-06-06 16:07:50,430 INFO  - Already have ACK (at simulation time 68.000,000,000 s)
2025-06-06 16:07:50,430 INFO  - Already have ACK (at simulation time 68.000,000,000 s)
2025-06-06 16:07:50,430 INFO  - Already have ACK (at simulation time 68.000,000,000 s)
2025-06-06 16:07:50,430 INFO  - Already have ACK (at simulation time 68.000,000,000 s)
2025-06-06 16:07:50,430 INFO  - Already have ACK (at simulation time 68.000,000,000 s)
2025-06-06 16:07:50,430 INFO  - Already have ACK (at simulation time 68.000,000,000 s)
2025-06-06 16:07:50,430 INFO  - Already have ACK (at simulation time 68.000,000,000 s)
2025-06-06 16:07:50,430 INFO  - Already have ACK (at simulation time 68.000,000,000 s)
2025-06-06 16:07:50,431 INFO  - Already have ACK (at simulation time 68.000,000,000 s)
2025-06-06 16:07:50,431 INFO  - Already have ACK (at simulation time 68.000,000,000 s)
2025-06-06 16:07:50,431 INFO  - Already have ACK (at simulation time 68.000,000,000 s)
2025-06-06 16:07:50,431 INFO  - Already have ACK (at simulation time 68.000,000,000 s)
2025-06-06 16:07:50,431 INFO  - Already have ACK (at simulation time 68.000,000,000 s)
2025-06-06 16:07:50,431 INFO  - Already have ACK (at simulation time 68.000,000,000 s)
2025-06-06 16:07:50,431 INFO  - Already have ACK (at simulation time 68.000,000,000 s)
2025-06-06 16:07:50,431 INFO  - Already have ACK (at simulation time 68.000,000,000 s)
2025-06-06 16:07:50,431 INFO  - Already have ACK (at simulation time 68.000,000,000 s)
2025-06-06 16:07:50,431 INFO  - Already have ACK (at simulation time 68.000,000,000 s)
2025-06-06 16:07:50,431 INFO  - Already have ACK (at simulation time 68.000,000,000 s)
2025-06-06 16:07:50,431 INFO  - Already have ACK (at simulation time 68.000,000,000 s)
2025-06-06 16:07:50,431 INFO  - Already have ACK (at simulation time 68.000,000,000 s)
2025-06-06 16:07:50,431 INFO  - Already have ACK (at simulation time 68.000,000,000 s)
2025-06-06 16:07:50,431 INFO  - Already have ACK (at simulation time 68.000,000,000 s)
2025-06-06 16:07:50,431 INFO  - Already have ACK (at simulation time 68.000,000,000 s)
2025-06-06 16:07:50,431 INFO  - Already have ACK (at simulation time 68.000,000,000 s)
2025-06-06 16:07:50,431 INFO  - Already have ACK (at simulation time 68.000,000,000 s)
2025-06-06 16:07:50,431 INFO  - Already have ACK (at simulation time 68.000,000,000 s)
2025-06-06 16:07:50,431 INFO  - Already have ACK (at simulation time 68.000,000,000 s)
2025-06-06 16:07:50,434 INFO  - Already have ACK (at simulation time 69.000,000,000 s)
2025-06-06 16:07:50,435 INFO  - Already have ACK (at simulation time 69.000,000,000 s)
2025-06-06 16:07:50,435 INFO  - Already have ACK (at simulation time 69.000,000,000 s)
2025-06-06 16:07:50,435 INFO  - Already have ACK (at simulation time 69.000,000,000 s)
2025-06-06 16:07:50,435 INFO  - Already have ACK (at simulation time 69.000,000,000 s)
2025-06-06 16:07:50,435 INFO  - Already have ACK (at simulation time 69.000,000,000 s)
2025-06-06 16:07:50,435 INFO  - Already have ACK (at simulation time 69.000,000,000 s)
2025-06-06 16:07:50,436 INFO  - Already have ACK (at simulation time 69.000,000,000 s)
2025-06-06 16:07:50,436 INFO  - Already have ACK (at simulation time 69.000,000,000 s)
2025-06-06 16:07:50,436 INFO  - Already have ACK (at simulation time 69.000,000,000 s)
2025-06-06 16:07:50,436 INFO  - Already have ACK (at simulation time 69.000,000,000 s)
2025-06-06 16:07:50,436 INFO  - Already have ACK (at simulation time 69.000,000,000 s)
2025-06-06 16:07:50,436 INFO  - Already have ACK (at simulation time 69.000,000,000 s)
2025-06-06 16:07:50,436 INFO  - Already have ACK (at simulation time 69.000,000,000 s)
2025-06-06 16:07:50,436 INFO  - Already have ACK (at simulation time 69.000,000,000 s)
2025-06-06 16:07:50,436 INFO  - Already have ACK (at simulation time 69.000,000,000 s)
2025-06-06 16:07:50,436 INFO  - Already have ACK (at simulation time 69.000,000,000 s)
2025-06-06 16:07:50,436 INFO  - Already have ACK (at simulation time 69.000,000,000 s)
2025-06-06 16:07:50,436 INFO  - Already have ACK (at simulation time 69.000,000,000 s)
2025-06-06 16:07:50,437 INFO  - Already have ACK (at simulation time 69.000,000,000 s)
2025-06-06 16:07:50,437 INFO  - Already have ACK (at simulation time 69.000,000,000 s)
2025-06-06 16:07:50,437 INFO  - Already have ACK (at simulation time 69.000,000,000 s)
2025-06-06 16:07:50,437 INFO  - Already have ACK (at simulation time 69.000,000,000 s)
2025-06-06 16:07:50,437 INFO  - Already have ACK (at simulation time 69.000,000,000 s)
2025-06-06 16:07:50,437 INFO  - Already have ACK (at simulation time 69.000,000,000 s)
2025-06-06 16:07:50,437 INFO  - Already have ACK (at simulation time 69.000,000,000 s)
2025-06-06 16:07:50,437 INFO  - Already have ACK (at simulation time 69.000,000,000 s)
2025-06-06 16:07:50,437 INFO  - Already have ACK (at simulation time 69.000,000,000 s)
2025-06-06 16:07:50,437 INFO  - Already have ACK (at simulation time 69.000,000,000 s)
2025-06-06 16:07:50,437 INFO  - Already have ACK (at simulation time 69.000,000,000 s)
2025-06-06 16:07:50,437 INFO  - Already have ACK (at simulation time 69.000,000,000 s)
2025-06-06 16:07:50,437 INFO  - Already have ACK (at simulation time 69.000,000,000 s)
2025-06-06 16:07:50,437 INFO  - Already have ACK (at simulation time 69.000,000,000 s)
2025-06-06 16:07:50,437 INFO  - Already have ACK (at simulation time 69.000,000,000 s)
2025-06-06 16:07:50,437 INFO  - Already have ACK (at simulation time 69.000,000,000 s)
2025-06-06 16:07:50,437 INFO  - Already have ACK (at simulation time 69.000,000,000 s)
2025-06-06 16:07:50,437 INFO  - Already have ACK (at simulation time 69.000,000,000 s)
2025-06-06 16:07:50,438 INFO  - Already have ACK (at simulation time 69.000,000,000 s)
2025-06-06 16:07:50,438 INFO  - Already have ACK (at simulation time 69.000,000,000 s)
2025-06-06 16:07:50,438 INFO  - Already have ACK (at simulation time 69.000,000,000 s)
2025-06-06 16:07:50,438 INFO  - Already have ACK (at simulation time 69.000,000,000 s)
2025-06-06 16:07:50,438 INFO  - Already have ACK (at simulation time 69.000,000,000 s)
2025-06-06 16:07:50,438 INFO  - Already have ACK (at simulation time 69.000,000,000 s)
2025-06-06 16:07:50,441 INFO  - Already have ACK (at simulation time 70.000,000,000 s)
2025-06-06 16:07:50,442 INFO  - Already have ACK (at simulation time 70.000,000,000 s)
2025-06-06 16:07:50,442 INFO  - Already have ACK (at simulation time 70.000,000,000 s)
2025-06-06 16:07:50,442 INFO  - Already have ACK (at simulation time 70.000,000,000 s)
2025-06-06 16:07:50,442 INFO  - Already have ACK (at simulation time 70.000,000,000 s)
2025-06-06 16:07:50,442 INFO  - Already have ACK (at simulation time 70.000,000,000 s)
2025-06-06 16:07:50,442 INFO  - Already have ACK (at simulation time 70.000,000,000 s)
2025-06-06 16:07:50,443 INFO  - Already have ACK (at simulation time 70.000,000,000 s)
2025-06-06 16:07:50,443 INFO  - Already have ACK (at simulation time 70.000,000,000 s)
2025-06-06 16:07:50,443 INFO  - Already have ACK (at simulation time 70.000,000,000 s)
2025-06-06 16:07:50,443 INFO  - Already have ACK (at simulation time 70.000,000,000 s)
2025-06-06 16:07:50,443 INFO  - Already have ACK (at simulation time 70.000,000,000 s)
2025-06-06 16:07:50,443 INFO  - Already have ACK (at simulation time 70.000,000,000 s)
2025-06-06 16:07:50,443 INFO  - Already have ACK (at simulation time 70.000,000,000 s)
2025-06-06 16:07:50,443 INFO  - Already have ACK (at simulation time 70.000,000,000 s)
2025-06-06 16:07:50,443 INFO  - Already have ACK (at simulation time 70.000,000,000 s)
2025-06-06 16:07:50,443 INFO  - Already have ACK (at simulation time 70.000,000,000 s)
2025-06-06 16:07:50,443 INFO  - Already have ACK (at simulation time 70.000,000,000 s)
2025-06-06 16:07:50,443 INFO  - Already have ACK (at simulation time 70.000,000,000 s)
2025-06-06 16:07:50,444 INFO  - Already have ACK (at simulation time 70.000,000,000 s)
2025-06-06 16:07:50,444 INFO  - Already have ACK (at simulation time 70.000,000,000 s)
2025-06-06 16:07:50,444 INFO  - Already have ACK (at simulation time 70.000,000,000 s)
2025-06-06 16:07:50,444 INFO  - Already have ACK (at simulation time 70.000,000,000 s)
2025-06-06 16:07:50,444 INFO  - Already have ACK (at simulation time 70.000,000,000 s)
2025-06-06 16:07:50,444 INFO  - Already have ACK (at simulation time 70.000,000,000 s)
2025-06-06 16:07:50,444 INFO  - Already have ACK (at simulation time 70.000,000,000 s)
2025-06-06 16:07:50,444 INFO  - Already have ACK (at simulation time 70.000,000,000 s)
2025-06-06 16:07:50,444 INFO  - Already have ACK (at simulation time 70.000,000,000 s)
2025-06-06 16:07:50,444 INFO  - Already have ACK (at simulation time 70.000,000,000 s)
2025-06-06 16:07:50,444 INFO  - Already have ACK (at simulation time 70.000,000,000 s)
2025-06-06 16:07:50,444 INFO  - Already have ACK (at simulation time 70.000,000,000 s)
2025-06-06 16:07:50,444 INFO  - Already have ACK (at simulation time 70.000,000,000 s)
2025-06-06 16:07:50,444 INFO  - Already have ACK (at simulation time 70.000,000,000 s)
2025-06-06 16:07:50,444 INFO  - Already have ACK (at simulation time 70.000,000,000 s)
2025-06-06 16:07:50,444 INFO  - Already have ACK (at simulation time 70.000,000,000 s)
2025-06-06 16:07:50,444 INFO  - Already have ACK (at simulation time 70.000,000,000 s)
2025-06-06 16:07:50,445 INFO  - Already have ACK (at simulation time 70.000,000,000 s)
2025-06-06 16:07:50,445 INFO  - Already have ACK (at simulation time 70.000,000,000 s)
2025-06-06 16:07:50,445 INFO  - Already have ACK (at simulation time 70.000,000,000 s)
2025-06-06 16:07:50,445 INFO  - Already have ACK (at simulation time 70.000,000,000 s)
2025-06-06 16:07:50,445 INFO  - Already have ACK (at simulation time 70.000,000,000 s)
2025-06-06 16:07:50,445 INFO  - Already have ACK (at simulation time 70.000,000,000 s)
2025-06-06 16:07:50,445 INFO  - Already have ACK (at simulation time 70.000,000,000 s)
2025-06-06 16:07:50,445 INFO  - Already have ACK (at simulation time 70.000,000,000 s)
2025-06-06 16:07:50,446 INFO  - Received metrics from FogNode: avgR0=0.7142857142857143, avgR1=1.0 (at simulation time 70.001,300,000 s)
2025-06-06 16:07:50,448 INFO  - Already have ACK (at simulation time 71.000,000,000 s)
2025-06-06 16:07:50,449 INFO  - Already have ACK (at simulation time 71.000,000,000 s)
2025-06-06 16:07:50,449 INFO  - Already have ACK (at simulation time 71.000,000,000 s)
2025-06-06 16:07:50,449 INFO  - Already have ACK (at simulation time 71.000,000,000 s)
2025-06-06 16:07:50,450 INFO  - Already have ACK (at simulation time 71.000,000,000 s)
2025-06-06 16:07:50,450 INFO  - Already have ACK (at simulation time 71.000,000,000 s)
2025-06-06 16:07:50,450 INFO  - Already have ACK (at simulation time 71.000,000,000 s)
2025-06-06 16:07:50,450 INFO  - Already have ACK (at simulation time 71.000,000,000 s)
2025-06-06 16:07:50,450 INFO  - Already have ACK (at simulation time 71.000,000,000 s)
2025-06-06 16:07:50,450 INFO  - Already have ACK (at simulation time 71.000,000,000 s)
2025-06-06 16:07:50,450 INFO  - Already have ACK (at simulation time 71.000,000,000 s)
2025-06-06 16:07:50,450 INFO  - Already have ACK (at simulation time 71.000,000,000 s)
2025-06-06 16:07:50,450 INFO  - Already have ACK (at simulation time 71.000,000,000 s)
2025-06-06 16:07:50,450 INFO  - Already have ACK (at simulation time 71.000,000,000 s)
2025-06-06 16:07:50,450 INFO  - Already have ACK (at simulation time 71.000,000,000 s)
2025-06-06 16:07:50,450 INFO  - Already have ACK (at simulation time 71.000,000,000 s)
2025-06-06 16:07:50,450 INFO  - Already have ACK (at simulation time 71.000,000,000 s)
2025-06-06 16:07:50,451 INFO  - Already have ACK (at simulation time 71.000,000,000 s)
2025-06-06 16:07:50,451 INFO  - Already have ACK (at simulation time 71.000,000,000 s)
2025-06-06 16:07:50,451 INFO  - Already have ACK (at simulation time 71.000,000,000 s)
2025-06-06 16:07:50,451 INFO  - Already have ACK (at simulation time 71.000,000,000 s)
2025-06-06 16:07:50,451 INFO  - Already have ACK (at simulation time 71.000,000,000 s)
2025-06-06 16:07:50,451 INFO  - Already have ACK (at simulation time 71.000,000,000 s)
2025-06-06 16:07:50,451 INFO  - Already have ACK (at simulation time 71.000,000,000 s)
2025-06-06 16:07:50,451 INFO  - Already have ACK (at simulation time 71.000,000,000 s)
2025-06-06 16:07:50,451 INFO  - Already have ACK (at simulation time 71.000,000,000 s)
2025-06-06 16:07:50,451 INFO  - Already have ACK (at simulation time 71.000,000,000 s)
2025-06-06 16:07:50,451 INFO  - Already have ACK (at simulation time 71.000,000,000 s)
2025-06-06 16:07:50,451 INFO  - Already have ACK (at simulation time 71.000,000,000 s)
2025-06-06 16:07:50,451 INFO  - Already have ACK (at simulation time 71.000,000,000 s)
2025-06-06 16:07:50,451 INFO  - Already have ACK (at simulation time 71.000,000,000 s)
2025-06-06 16:07:50,451 INFO  - Already have ACK (at simulation time 71.000,000,000 s)
2025-06-06 16:07:50,451 INFO  - Already have ACK (at simulation time 71.000,000,000 s)
2025-06-06 16:07:50,452 INFO  - Already have ACK (at simulation time 71.000,000,000 s)
2025-06-06 16:07:50,452 INFO  - Already have ACK (at simulation time 71.000,000,000 s)
2025-06-06 16:07:50,452 INFO  - Already have ACK (at simulation time 71.000,000,000 s)
2025-06-06 16:07:50,452 INFO  - Already have ACK (at simulation time 71.000,000,000 s)
2025-06-06 16:07:50,452 INFO  - Already have ACK (at simulation time 71.000,000,000 s)
2025-06-06 16:07:50,452 INFO  - Already have ACK (at simulation time 71.000,000,000 s)
2025-06-06 16:07:50,452 INFO  - Already have ACK (at simulation time 71.000,000,000 s)
2025-06-06 16:07:50,452 INFO  - Already have ACK (at simulation time 71.000,000,000 s)
2025-06-06 16:07:50,452 INFO  - Already have ACK (at simulation time 71.000,000,000 s)
2025-06-06 16:07:50,452 INFO  - Already have ACK (at simulation time 71.000,000,000 s)
2025-06-06 16:07:50,452 INFO  - Already have ACK (at simulation time 71.000,000,000 s)
2025-06-06 16:07:50,452 INFO  - Already have ACK (at simulation time 71.000,000,000 s)
2025-06-06 16:07:50,455 INFO  - Sent periodic GreenWaveMsg: veh_5 on route r_1 (at simulation time 72.000,000,000 s)
2025-06-06 16:07:50,455 INFO  - Already have ACK (at simulation time 72.000,000,000 s)
2025-06-06 16:07:50,456 INFO  - Already have ACK (at simulation time 72.000,000,000 s)
2025-06-06 16:07:50,456 INFO  - Already have ACK (at simulation time 72.000,000,000 s)
2025-06-06 16:07:50,456 INFO  - Already have ACK (at simulation time 72.000,000,000 s)
2025-06-06 16:07:50,456 INFO  - Already have ACK (at simulation time 72.000,000,000 s)
2025-06-06 16:07:50,456 INFO  - Already have ACK (at simulation time 72.000,000,000 s)
2025-06-06 16:07:50,456 INFO  - Already have ACK (at simulation time 72.000,000,000 s)
2025-06-06 16:07:50,456 INFO  - Already have ACK (at simulation time 72.000,000,000 s)
2025-06-06 16:07:50,456 INFO  - Already have ACK (at simulation time 72.000,000,000 s)
2025-06-06 16:07:50,456 INFO  - Already have ACK (at simulation time 72.000,000,000 s)
2025-06-06 16:07:50,456 INFO  - Already have ACK (at simulation time 72.000,000,000 s)
2025-06-06 16:07:50,456 INFO  - Already have ACK (at simulation time 72.000,000,000 s)
2025-06-06 16:07:50,456 INFO  - Already have ACK (at simulation time 72.000,000,000 s)
2025-06-06 16:07:50,457 INFO  - Already have ACK (at simulation time 72.000,000,000 s)
2025-06-06 16:07:50,457 INFO  - Already have ACK (at simulation time 72.000,000,000 s)
2025-06-06 16:07:50,457 INFO  - Already have ACK (at simulation time 72.000,000,000 s)
2025-06-06 16:07:50,457 INFO  - Already have ACK (at simulation time 72.000,000,000 s)
2025-06-06 16:07:50,457 INFO  - Already have ACK (at simulation time 72.000,000,000 s)
2025-06-06 16:07:50,457 INFO  - Already have ACK (at simulation time 72.000,000,000 s)
2025-06-06 16:07:50,457 INFO  - Already have ACK (at simulation time 72.000,000,000 s)
2025-06-06 16:07:50,457 INFO  - Already have ACK (at simulation time 72.000,000,000 s)
2025-06-06 16:07:50,457 INFO  - Already have ACK (at simulation time 72.000,000,000 s)
2025-06-06 16:07:50,457 INFO  - Already have ACK (at simulation time 72.000,000,000 s)
2025-06-06 16:07:50,457 INFO  - Already have ACK (at simulation time 72.000,000,000 s)
2025-06-06 16:07:50,457 INFO  - Already have ACK (at simulation time 72.000,000,000 s)
2025-06-06 16:07:50,457 INFO  - Already have ACK (at simulation time 72.000,000,000 s)
2025-06-06 16:07:50,457 INFO  - Already have ACK (at simulation time 72.000,000,000 s)
2025-06-06 16:07:50,457 INFO  - Already have ACK (at simulation time 72.000,000,000 s)
2025-06-06 16:07:50,457 INFO  - Already have ACK (at simulation time 72.000,000,000 s)
2025-06-06 16:07:50,458 INFO  - Already have ACK (at simulation time 72.000,000,000 s)
2025-06-06 16:07:50,458 INFO  - Already have ACK (at simulation time 72.000,000,000 s)
2025-06-06 16:07:50,458 INFO  - Already have ACK (at simulation time 72.000,000,000 s)
2025-06-06 16:07:50,458 INFO  - Already have ACK (at simulation time 72.000,000,000 s)
2025-06-06 16:07:50,458 INFO  - Already have ACK (at simulation time 72.000,000,000 s)
2025-06-06 16:07:50,458 INFO  - Already have ACK (at simulation time 72.000,000,000 s)
2025-06-06 16:07:50,458 INFO  - Already have ACK (at simulation time 72.000,000,000 s)
2025-06-06 16:07:50,458 INFO  - Already have ACK (at simulation time 72.000,000,000 s)
2025-06-06 16:07:50,458 INFO  - Already have ACK (at simulation time 72.000,000,000 s)
2025-06-06 16:07:50,458 INFO  - Already have ACK (at simulation time 72.000,000,000 s)
2025-06-06 16:07:50,458 INFO  - Already have ACK (at simulation time 72.000,000,000 s)
2025-06-06 16:07:50,458 INFO  - Already have ACK (at simulation time 72.000,000,000 s)
2025-06-06 16:07:50,458 INFO  - Already have ACK (at simulation time 72.000,000,000 s)
2025-06-06 16:07:50,458 INFO  - Already have ACK (at simulation time 72.000,000,000 s)
2025-06-06 16:07:50,458 INFO  - Already have ACK (at simulation time 72.000,000,000 s)
2025-06-06 16:07:50,458 INFO  - Already have ACK (at simulation time 72.000,000,000 s)
2025-06-06 16:07:50,458 INFO  - Already have ACK (at simulation time 72.000,000,000 s)
2025-06-06 16:07:50,462 INFO  - Shutdown application (at simulation time 73.000,000,000 s)
