2025-05-28 00:19:34,804 INFO  - ------------------------------------------------------------------------------------- (at simulation time 17.000,000,000 s)
2025-05-28 00:19:34,805 INFO  - Initialize veh_3 application (at simulation time 17.000,000,000 s)
2025-05-28 00:19:34,805 INFO  - Activated AdHoc Module (at simulation time 17.000,000,000 s)
2025-05-28 00:19:34,805 INFO  - ------------------------------------------------------------------------------------- (at simulation time 17.000,000,000 s)
2025-05-28 00:19:34,808 INFO  - Sent message to others cars = 'veh_3 | CartesianPoint{x=-0.00,y=532.14,z=0.00}' (at simulation time 17.000,000,000 s)
2025-05-28 00:19:34,815 INFO  - Received event: 17000 (at simulation time IntraVehicleMsg)
2025-05-28 00:19:34,818 INFO  - Sent message to others cars = 'veh_3 | CartesianPoint{x=8.30,y=532.12,z=0.00}' (at simulation time 18.000,000,000 s)
2025-05-28 00:19:34,825 INFO  - Received event: 18000 (at simulation time IntraVehicleMsg)
2025-05-28 00:19:34,827 INFO  - Sent message to others cars = 'veh_3 | CartesianPoint{x=17.21,y=532.09,z=0.00}' (at simulation time 19.000,000,000 s)
2025-05-28 00:19:34,835 INFO  - Received event: 19000 (at simulation time IntraVehicleMsg)
2025-05-28 00:19:34,838 INFO  - Sent message to others cars = 'veh_3 | CartesianPoint{x=26.12,y=532.06,z=0.00}' (at simulation time 20.000,000,000 s)
2025-05-28 00:19:34,846 INFO  - Received event: 20000 (at simulation time IntraVehicleMsg)
2025-05-28 00:19:34,848 INFO  - Sent message to others cars = 'veh_3 | CartesianPoint{x=34.48,y=532.03,z=0.00}' (at simulation time 21.000,000,000 s)
2025-05-28 00:19:34,856 INFO  - Received event: 21000 (at simulation time IntraVehicleMsg)
2025-05-28 00:19:34,858 INFO  - Sent message to others cars = 'veh_3 | CartesianPoint{x=42.81,y=532.07,z=0.00}' (at simulation time 22.000,000,000 s)
2025-05-28 00:19:34,867 INFO  - Received event: 22000 (at simulation time IntraVehicleMsg)
2025-05-28 00:19:34,869 INFO  - Sent message to others cars = 'veh_3 | CartesianPoint{x=50.68,y=532.13,z=0.00}' (at simulation time 23.000,000,000 s)
2025-05-28 00:19:34,881 INFO  - Received event: 23000 (at simulation time IntraVehicleMsg)
2025-05-28 00:19:34,892 INFO  - Sent message to others cars = 'veh_3 | CartesianPoint{x=58.99,y=532.19,z=0.00}' (at simulation time 24.000,000,000 s)
2025-05-28 00:19:34,900 INFO  - Received event: 24000 (at simulation time IntraVehicleMsg)
2025-05-28 00:19:34,903 INFO  - Sent message to others cars = 'veh_3 | CartesianPoint{x=67.29,y=532.22,z=0.00}' (at simulation time 25.000,000,000 s)
2025-05-28 00:19:34,912 INFO  - Received event: 25000 (at simulation time IntraVehicleMsg)
2025-05-28 00:19:34,914 INFO  - Sent message to others cars = 'veh_3 | CartesianPoint{x=75.83,y=532.23,z=0.00}' (at simulation time 26.000,000,000 s)
2025-05-28 00:19:34,923 INFO  - Received event: 26000 (at simulation time IntraVehicleMsg)
2025-05-28 00:19:34,934 INFO  - Sent message to others cars = 'veh_3 | CartesianPoint{x=84.79,y=532.26,z=0.00}' (at simulation time 27.000,000,000 s)
2025-05-28 00:19:34,944 INFO  - Received event: 27000 (at simulation time IntraVehicleMsg)
2025-05-28 00:19:34,946 INFO  - Sent message to others cars = 'veh_3 | CartesianPoint{x=93.03,y=532.18,z=0.00}' (at simulation time 28.000,000,000 s)
2025-05-28 00:19:34,958 INFO  - Received event: 28000 (at simulation time IntraVehicleMsg)
2025-05-28 00:19:34,961 INFO  - Sent message to others cars = 'veh_3 | CartesianPoint{x=101.27,y=532.08,z=0.00}' (at simulation time 29.000,000,000 s)
2025-05-28 00:19:34,973 INFO  - Received event: 29000 (at simulation time IntraVehicleMsg)
2025-05-28 00:19:34,977 INFO  - Sent message to others cars = 'veh_3 | CartesianPoint{x=109.70,y=531.97,z=0.00}' (at simulation time 30.000,000,000 s)
2025-05-28 00:19:34,990 INFO  - Received event: 30000 (at simulation time IntraVehicleMsg)
2025-05-28 00:19:34,992 INFO  - Sent message to others cars = 'veh_3 | CartesianPoint{x=118.09,y=531.87,z=0.00}' (at simulation time 31.000,000,000 s)
2025-05-28 00:19:35,008 INFO  - Received event: 31000 (at simulation time IntraVehicleMsg)
2025-05-28 00:19:35,017 INFO  - Sent message to others cars = 'veh_3 | CartesianPoint{x=126.33,y=531.76,z=0.00}' (at simulation time 32.000,000,000 s)
2025-05-28 00:19:35,031 INFO  - Received event: 32000 (at simulation time IntraVehicleMsg)
2025-05-28 00:19:35,033 INFO  - Sent message to others cars = 'veh_3 | CartesianPoint{x=131.43,y=531.70,z=0.00}' (at simulation time 33.000,000,000 s)
2025-05-28 00:19:35,047 INFO  - Received event: 33000 (at simulation time IntraVehicleMsg)
2025-05-28 00:19:35,050 INFO  - Sent message to others cars = 'veh_3 | CartesianPoint{x=133.14,y=531.68,z=0.00}' (at simulation time 34.000,000,000 s)
2025-05-28 00:19:35,063 INFO  - Received event: 34000 (at simulation time IntraVehicleMsg)
2025-05-28 00:19:35,067 INFO  - Sent message to others cars = 'veh_3 | CartesianPoint{x=133.31,y=531.67,z=0.00}' (at simulation time 35.000,000,000 s)
2025-05-28 00:19:35,080 INFO  - Received event: 35000 (at simulation time IntraVehicleMsg)
2025-05-28 00:19:35,083 INFO  - Sent message to others cars = 'veh_3 | CartesianPoint{x=133.34,y=531.67,z=0.00}' (at simulation time 36.000,000,000 s)
2025-05-28 00:19:35,099 INFO  - Received event: 36000 (at simulation time IntraVehicleMsg)
2025-05-28 00:19:35,117 INFO  - Sent message to others cars = 'veh_3 | CartesianPoint{x=133.34,y=531.67,z=0.00}' (at simulation time 37.000,000,000 s)
2025-05-28 00:19:35,129 INFO  - Received event: 37000 (at simulation time IntraVehicleMsg)
2025-05-28 00:19:35,131 INFO  - Sent message to others cars = 'veh_3 | CartesianPoint{x=133.34,y=531.67,z=0.00}' (at simulation time 38.000,000,000 s)
2025-05-28 00:19:35,144 INFO  - Received event: 38000 (at simulation time IntraVehicleMsg)
2025-05-28 00:19:35,146 INFO  - Sent message to others cars = 'veh_3 | CartesianPoint{x=133.34,y=531.67,z=0.00}' (at simulation time 39.000,000,000 s)
2025-05-28 00:19:35,160 INFO  - Received event: 39000 (at simulation time IntraVehicleMsg)
2025-05-28 00:19:35,164 INFO  - Sent message to others cars = 'veh_3 | CartesianPoint{x=133.34,y=531.67,z=0.00}' (at simulation time 40.000,000,000 s)
2025-05-28 00:19:35,180 INFO  - Received event: 40000 (at simulation time IntraVehicleMsg)
2025-05-28 00:19:35,183 INFO  - Sent message to others cars = 'veh_3 | CartesianPoint{x=133.34,y=531.67,z=0.00}' (at simulation time 41.000,000,000 s)
2025-05-28 00:19:35,199 INFO  - Received event: 41000 (at simulation time IntraVehicleMsg)
2025-05-28 00:19:35,204 INFO  - Sent message to others cars = 'veh_3 | CartesianPoint{x=133.34,y=531.67,z=0.00}' (at simulation time 42.000,000,000 s)
2025-05-28 00:19:35,216 INFO  - Received event: 42000 (at simulation time IntraVehicleMsg)
2025-05-28 00:19:35,218 INFO  - Sent message to others cars = 'veh_3 | CartesianPoint{x=133.34,y=531.67,z=0.00}' (at simulation time 43.000,000,000 s)
2025-05-28 00:19:35,232 INFO  - Received event: 43000 (at simulation time IntraVehicleMsg)
2025-05-28 00:19:35,234 INFO  - Sent message to others cars = 'veh_3 | CartesianPoint{x=133.34,y=531.67,z=0.00}' (at simulation time 44.000,000,000 s)
2025-05-28 00:19:35,249 INFO  - Received event: 44000 (at simulation time IntraVehicleMsg)
2025-05-28 00:19:35,257 INFO  - Sent message to others cars = 'veh_3 | CartesianPoint{x=133.34,y=531.67,z=0.00}' (at simulation time 45.000,000,000 s)
2025-05-28 00:19:35,269 INFO  - Received event: 45000 (at simulation time IntraVehicleMsg)
2025-05-28 00:19:35,272 INFO  - Sent message to others cars = 'veh_3 | CartesianPoint{x=133.34,y=531.67,z=0.00}' (at simulation time 46.000,000,000 s)
2025-05-28 00:19:35,285 INFO  - Received event: 46000 (at simulation time IntraVehicleMsg)
2025-05-28 00:19:35,287 INFO  - Sent message to others cars = 'veh_3 | CartesianPoint{x=133.34,y=531.67,z=0.00}' (at simulation time 47.000,000,000 s)
2025-05-28 00:19:35,301 INFO  - Received event: 47000 (at simulation time IntraVehicleMsg)
2025-05-28 00:19:35,310 INFO  - Sent message to others cars = 'veh_3 | CartesianPoint{x=133.34,y=531.67,z=0.00}' (at simulation time 48.000,000,000 s)
2025-05-28 00:19:35,324 INFO  - Received event: 48000 (at simulation time IntraVehicleMsg)
2025-05-28 00:19:35,327 INFO  - Sent message to others cars = 'veh_3 | CartesianPoint{x=133.34,y=531.67,z=0.00}' (at simulation time 49.000,000,000 s)
2025-05-28 00:19:35,343 INFO  - Received event: 49000 (at simulation time IntraVehicleMsg)
2025-05-28 00:19:35,351 INFO  - Sent message to others cars = 'veh_3 | CartesianPoint{x=133.34,y=531.67,z=0.00}' (at simulation time 50.000,000,000 s)
2025-05-28 00:19:35,366 INFO  - Received event: 50000 (at simulation time IntraVehicleMsg)
2025-05-28 00:19:35,369 INFO  - Sent message to others cars = 'veh_3 | CartesianPoint{x=133.34,y=531.67,z=0.00}' (at simulation time 51.000,000,000 s)
2025-05-28 00:19:35,385 INFO  - Received event: 51000 (at simulation time IntraVehicleMsg)
2025-05-28 00:19:35,388 INFO  - Sent message to others cars = 'veh_3 | CartesianPoint{x=133.34,y=531.67,z=0.00}' (at simulation time 52.000,000,000 s)
2025-05-28 00:19:35,404 INFO  - Received event: 52000 (at simulation time IntraVehicleMsg)
2025-05-28 00:19:35,407 INFO  - Sent message to others cars = 'veh_3 | CartesianPoint{x=133.34,y=531.67,z=0.00}' (at simulation time 53.000,000,000 s)
2025-05-28 00:19:35,425 INFO  - Received event: 53000 (at simulation time IntraVehicleMsg)
2025-05-28 00:19:35,431 INFO  - Sent message to others cars = 'veh_3 | CartesianPoint{x=133.34,y=531.67,z=0.00}' (at simulation time 54.000,000,000 s)
2025-05-28 00:19:35,449 INFO  - Received event: 54000 (at simulation time IntraVehicleMsg)
2025-05-28 00:19:35,454 INFO  - Sent message to others cars = 'veh_3 | CartesianPoint{x=133.34,y=531.67,z=0.00}' (at simulation time 55.000,000,000 s)
2025-05-28 00:19:35,472 INFO  - Received event: 55000 (at simulation time IntraVehicleMsg)
2025-05-28 00:19:35,475 INFO  - Sent message to others cars = 'veh_3 | CartesianPoint{x=133.34,y=531.67,z=0.00}' (at simulation time 56.000,000,000 s)
2025-05-28 00:19:35,493 INFO  - Received event: 56000 (at simulation time IntraVehicleMsg)
2025-05-28 00:19:35,497 INFO  - Sent message to others cars = 'veh_3 | CartesianPoint{x=133.34,y=531.67,z=0.00}' (at simulation time 57.000,000,000 s)
2025-05-28 00:19:35,516 INFO  - Received event: 57000 (at simulation time IntraVehicleMsg)
2025-05-28 00:19:35,524 INFO  - Sent message to others cars = 'veh_3 | CartesianPoint{x=133.34,y=531.67,z=0.00}' (at simulation time 58.000,000,000 s)
2025-05-28 00:19:35,545 INFO  - Received event: 58000 (at simulation time IntraVehicleMsg)
2025-05-28 00:19:35,548 INFO  - Sent message to others cars = 'veh_3 | CartesianPoint{x=133.34,y=531.67,z=0.00}' (at simulation time 59.000,000,000 s)
2025-05-28 00:19:35,568 INFO  - Received event: 59000 (at simulation time IntraVehicleMsg)
2025-05-28 00:19:35,572 INFO  - Sent message to others cars = 'veh_3 | CartesianPoint{x=133.34,y=531.67,z=0.00}' (at simulation time 60.000,000,000 s)
2025-05-28 00:19:35,595 INFO  - Received event: 60000 (at simulation time IntraVehicleMsg)
2025-05-28 00:19:35,598 INFO  - Sent message to others cars = 'veh_3 | CartesianPoint{x=133.34,y=531.67,z=0.00}' (at simulation time 61.000,000,000 s)
2025-05-28 00:19:35,619 INFO  - Received event: 61000 (at simulation time IntraVehicleMsg)
2025-05-28 00:19:35,622 INFO  - Sent message to others cars = 'veh_3 | CartesianPoint{x=133.34,y=531.67,z=0.00}' (at simulation time 62.000,000,000 s)
2025-05-28 00:19:35,645 INFO  - Received event: 62000 (at simulation time IntraVehicleMsg)
2025-05-28 00:19:35,651 INFO  - Sent message to others cars = 'veh_3 | CartesianPoint{x=133.34,y=531.67,z=0.00}' (at simulation time 63.000,000,000 s)
2025-05-28 00:19:35,676 INFO  - Received event: 63000 (at simulation time IntraVehicleMsg)
2025-05-28 00:19:35,689 INFO  - Sent message to others cars = 'veh_3 | CartesianPoint{x=133.34,y=531.67,z=0.00}' (at simulation time 64.000,000,000 s)
2025-05-28 00:19:35,713 INFO  - Received event: 64000 (at simulation time IntraVehicleMsg)
2025-05-28 00:19:35,717 INFO  - Sent message to others cars = 'veh_3 | CartesianPoint{x=133.34,y=531.67,z=0.00}' (at simulation time 65.000,000,000 s)
2025-05-28 00:19:35,740 INFO  - Received event: 65000 (at simulation time IntraVehicleMsg)
2025-05-28 00:19:35,743 INFO  - Sent message to others cars = 'veh_3 | CartesianPoint{x=133.34,y=531.67,z=0.00}' (at simulation time 66.000,000,000 s)
2025-05-28 00:19:35,767 INFO  - Received event: 66000 (at simulation time IntraVehicleMsg)
2025-05-28 00:19:35,770 INFO  - Sent message to others cars = 'veh_3 | CartesianPoint{x=133.34,y=531.67,z=0.00}' (at simulation time 67.000,000,000 s)
2025-05-28 00:19:35,794 INFO  - Received event: 67000 (at simulation time IntraVehicleMsg)
2025-05-28 00:19:35,803 INFO  - Sent message to others cars = 'veh_3 | CartesianPoint{x=133.34,y=531.67,z=0.00}' (at simulation time 68.000,000,000 s)
2025-05-28 00:19:35,828 INFO  - Received event: 68000 (at simulation time IntraVehicleMsg)
2025-05-28 00:19:35,831 INFO  - Sent message to others cars = 'veh_3 | CartesianPoint{x=133.34,y=531.67,z=0.00}' (at simulation time 69.000,000,000 s)
2025-05-28 00:19:35,857 INFO  - Received event: 69000 (at simulation time IntraVehicleMsg)
2025-05-28 00:19:35,860 INFO  - Sent message to others cars = 'veh_3 | CartesianPoint{x=133.34,y=531.67,z=0.00}' (at simulation time 70.000,000,000 s)
2025-05-28 00:19:35,887 INFO  - Received event: 70000 (at simulation time IntraVehicleMsg)
2025-05-28 00:19:35,890 INFO  - Sent message to others cars = 'veh_3 | CartesianPoint{x=133.34,y=531.67,z=0.00}' (at simulation time 71.000,000,000 s)
2025-05-28 00:19:35,919 INFO  - Received event: 71000 (at simulation time IntraVehicleMsg)
2025-05-28 00:19:35,927 INFO  - Sent message to others cars = 'veh_3 | CartesianPoint{x=133.34,y=531.67,z=0.00}' (at simulation time 72.000,000,000 s)
2025-05-28 00:19:35,956 INFO  - Received event: 72000 (at simulation time IntraVehicleMsg)
2025-05-28 00:19:35,959 INFO  - Sent message to others cars = 'veh_3 | CartesianPoint{x=133.34,y=531.67,z=0.00}' (at simulation time 73.000,000,000 s)
2025-05-28 00:19:35,988 INFO  - Received event: 73000 (at simulation time IntraVehicleMsg)
2025-05-28 00:19:35,991 INFO  - Sent message to others cars = 'veh_3 | CartesianPoint{x=133.34,y=531.67,z=0.00}' (at simulation time 74.000,000,000 s)
2025-05-28 00:19:36,021 INFO  - Received event: 74000 (at simulation time IntraVehicleMsg)
2025-05-28 00:19:36,025 INFO  - Sent message to others cars = 'veh_3 | CartesianPoint{x=133.34,y=531.67,z=0.00}' (at simulation time 75.000,000,000 s)
2025-05-28 00:19:36,056 INFO  - Received event: 75000 (at simulation time IntraVehicleMsg)
2025-05-28 00:19:36,059 INFO  - Sent message to others cars = 'veh_3 | CartesianPoint{x=133.34,y=531.67,z=0.00}' (at simulation time 76.000,000,000 s)
2025-05-28 00:19:36,091 INFO  - Received event: 76000 (at simulation time IntraVehicleMsg)
2025-05-28 00:19:36,094 INFO  - Sent message to others cars = 'veh_3 | CartesianPoint{x=133.34,y=531.67,z=0.00}' (at simulation time 77.000,000,000 s)
2025-05-28 00:19:36,130 INFO  - Received event: 77000 (at simulation time IntraVehicleMsg)
2025-05-28 00:19:36,149 INFO  - Sent message to others cars = 'veh_3 | CartesianPoint{x=133.34,y=531.67,z=0.00}' (at simulation time 78.000,000,000 s)
2025-05-28 00:19:36,183 INFO  - Received event: 78000 (at simulation time IntraVehicleMsg)
2025-05-28 00:19:36,187 INFO  - Sent message to others cars = 'veh_3 | CartesianPoint{x=133.34,y=531.67,z=0.00}' (at simulation time 79.000,000,000 s)
2025-05-28 00:19:36,221 INFO  - Received event: 79000 (at simulation time IntraVehicleMsg)
2025-05-28 00:19:36,225 INFO  - Sent message to others cars = 'veh_3 | CartesianPoint{x=133.34,y=531.67,z=0.00}' (at simulation time 80.000,000,000 s)
2025-05-28 00:19:36,260 INFO  - Received event: 80000 (at simulation time IntraVehicleMsg)
2025-05-28 00:19:36,263 INFO  - Sent message to others cars = 'veh_3 | CartesianPoint{x=133.34,y=531.67,z=0.00}' (at simulation time 81.000,000,000 s)
2025-05-28 00:19:36,298 INFO  - Received event: 81000 (at simulation time IntraVehicleMsg)
2025-05-28 00:19:36,301 INFO  - Sent message to others cars = 'veh_3 | CartesianPoint{x=133.34,y=531.67,z=0.00}' (at simulation time 82.000,000,000 s)
2025-05-28 00:19:36,339 INFO  - Received event: 82000 (at simulation time IntraVehicleMsg)
2025-05-28 00:19:36,347 INFO  - Sent message to others cars = 'veh_3 | CartesianPoint{x=133.34,y=531.67,z=0.00}' (at simulation time 83.000,000,000 s)
2025-05-28 00:19:36,384 INFO  - Received event: 83000 (at simulation time IntraVehicleMsg)
2025-05-28 00:19:36,388 INFO  - Sent message to others cars = 'veh_3 | CartesianPoint{x=133.34,y=531.67,z=0.00}' (at simulation time 84.000,000,000 s)
2025-05-28 00:19:36,431 INFO  - Received event: 84000 (at simulation time IntraVehicleMsg)
2025-05-28 00:19:36,444 INFO  - Sent message to others cars = 'veh_3 | CartesianPoint{x=133.34,y=531.67,z=0.00}' (at simulation time 85.000,000,000 s)
2025-05-28 00:19:36,483 INFO  - Received event: 85000 (at simulation time IntraVehicleMsg)
2025-05-28 00:19:36,486 INFO  - Sent message to others cars = 'veh_3 | CartesianPoint{x=133.34,y=531.67,z=0.00}' (at simulation time 86.000,000,000 s)
2025-05-28 00:19:36,524 INFO  - Received event: 86000 (at simulation time IntraVehicleMsg)
2025-05-28 00:19:36,527 INFO  - Sent message to others cars = 'veh_3 | CartesianPoint{x=133.34,y=531.67,z=0.00}' (at simulation time 87.000,000,000 s)
2025-05-28 00:19:36,564 INFO  - Received event: 87000 (at simulation time IntraVehicleMsg)
2025-05-28 00:19:36,568 INFO  - Sent message to others cars = 'veh_3 | CartesianPoint{x=133.34,y=531.67,z=0.00}' (at simulation time 88.000,000,000 s)
2025-05-28 00:19:36,605 INFO  - Received event: 88000 (at simulation time IntraVehicleMsg)
2025-05-28 00:19:36,614 INFO  - Sent message to others cars = 'veh_3 | CartesianPoint{x=133.34,y=531.67,z=0.00}' (at simulation time 89.000,000,000 s)
2025-05-28 00:19:36,656 INFO  - Received event: 89000 (at simulation time IntraVehicleMsg)
2025-05-28 00:19:36,661 INFO  - Sent message to others cars = 'veh_3 | CartesianPoint{x=133.34,y=531.67,z=0.00}' (at simulation time 90.000,000,000 s)
2025-05-28 00:19:36,708 INFO  - Received event: 90000 (at simulation time IntraVehicleMsg)
2025-05-28 00:19:36,723 INFO  - Sent message to others cars = 'veh_3 | CartesianPoint{x=135.59,y=531.65,z=0.00}' (at simulation time 91.000,000,000 s)
2025-05-28 00:19:36,773 INFO  - Received event: 91000 (at simulation time IntraVehicleMsg)
2025-05-28 00:19:36,776 INFO  - Sent message to others cars = 'veh_3 | CartesianPoint{x=139.61,y=531.62,z=0.00}' (at simulation time 92.000,000,000 s)
2025-05-28 00:19:36,822 INFO  - Received event: 92000 (at simulation time IntraVehicleMsg)
2025-05-28 00:19:36,831 INFO  - Sent message to others cars = 'veh_3 | CartesianPoint{x=145.14,y=531.59,z=0.00}' (at simulation time 93.000,000,000 s)
2025-05-28 00:19:36,881 INFO  - Received event: 93000 (at simulation time IntraVehicleMsg)
2025-05-28 00:19:36,891 INFO  - Sent message to others cars = 'veh_3 | CartesianPoint{x=153.18,y=531.59,z=0.00}' (at simulation time 94.000,000,000 s)
2025-05-28 00:19:36,947 INFO  - Received event: 94000 (at simulation time IntraVehicleMsg)
2025-05-28 00:19:36,952 INFO  - Sent message to others cars = 'veh_3 | CartesianPoint{x=160.98,y=531.65,z=0.00}' (at simulation time 95.000,000,000 s)
2025-05-28 00:19:37,000 INFO  - Received event: 95000 (at simulation time IntraVehicleMsg)
2025-05-28 00:19:37,003 INFO  - Sent message to others cars = 'veh_3 | CartesianPoint{x=168.72,y=531.70,z=0.00}' (at simulation time 96.000,000,000 s)
2025-05-28 00:19:37,051 INFO  - Received event: 96000 (at simulation time IntraVehicleMsg)
2025-05-28 00:19:37,055 INFO  - Sent message to others cars = 'veh_3 | CartesianPoint{x=176.65,y=531.75,z=0.00}' (at simulation time 97.000,000,000 s)
2025-05-28 00:19:37,107 INFO  - Received event: 97000 (at simulation time IntraVehicleMsg)
2025-05-28 00:19:37,110 INFO  - Sent message to others cars = 'veh_3 | CartesianPoint{x=184.36,y=531.81,z=0.00}' (at simulation time 98.000,000,000 s)
2025-05-28 00:19:37,160 INFO  - Received event: 98000 (at simulation time IntraVehicleMsg)
2025-05-28 00:19:37,169 INFO  - Sent message to others cars = 'veh_3 | CartesianPoint{x=192.30,y=531.86,z=0.00}' (at simulation time 99.000,000,000 s)
2025-05-28 00:19:37,225 INFO  - Received event: 99000 (at simulation time IntraVehicleMsg)
2025-05-28 00:19:37,239 INFO  - Sent message to others cars = 'veh_3 | CartesianPoint{x=200.33,y=531.92,z=0.00}' (at simulation time 100.000,000,000 s)
2025-05-28 00:19:37,292 INFO  - Received event: 100000 (at simulation time IntraVehicleMsg)
2025-05-28 00:19:37,296 INFO  - Sent message to others cars = 'veh_3 | CartesianPoint{x=209.08,y=531.98,z=0.00}' (at simulation time 101.000,000,000 s)
2025-05-28 00:19:37,353 INFO  - Received event: 101000 (at simulation time IntraVehicleMsg)
2025-05-28 00:19:37,356 INFO  - Sent message to others cars = 'veh_3 | CartesianPoint{x=214.46,y=532.02,z=0.00}' (at simulation time 102.000,000,000 s)
2025-05-28 00:19:37,411 INFO  - Received event: 102000 (at simulation time IntraVehicleMsg)
2025-05-28 00:19:37,415 INFO  - Sent message to others cars = 'veh_3 | CartesianPoint{x=222.27,y=532.03,z=0.00}' (at simulation time 103.000,000,000 s)
2025-05-28 00:19:37,471 INFO  - Received event: 103000 (at simulation time IntraVehicleMsg)
2025-05-28 00:19:37,477 INFO  - Sent message to others cars = 'veh_3 | CartesianPoint{x=230.84,y=532.04,z=0.00}' (at simulation time 104.000,000,000 s)
2025-05-28 00:19:37,545 INFO  - Received event: 104000 (at simulation time IntraVehicleMsg)
2025-05-28 00:19:37,549 INFO  - Sent message to others cars = 'veh_3 | CartesianPoint{x=238.77,y=532.03,z=0.00}' (at simulation time 105.000,000,000 s)
2025-05-28 00:19:37,608 INFO  - Received event: 105000 (at simulation time IntraVehicleMsg)
2025-05-28 00:19:37,612 INFO  - Sent message to others cars = 'veh_3 | CartesianPoint{x=247.53,y=532.01,z=0.00}' (at simulation time 106.000,000,000 s)
2025-05-28 00:19:37,672 INFO  - Received event: 106000 (at simulation time IntraVehicleMsg)
2025-05-28 00:19:37,689 INFO  - Sent message to others cars = 'veh_3 | CartesianPoint{x=256.01,y=531.99,z=0.00}' (at simulation time 107.000,000,000 s)
2025-05-28 00:19:37,760 INFO  - Received event: 107000 (at simulation time IntraVehicleMsg)
2025-05-28 00:19:37,774 INFO  - Sent message to others cars = 'veh_3 | CartesianPoint{x=263.94,y=531.98,z=0.00}' (at simulation time 108.000,000,000 s)
2025-05-28 00:19:37,837 INFO  - Received event: 108000 (at simulation time IntraVehicleMsg)
2025-05-28 00:19:37,846 INFO  - Sent message to others cars = 'veh_3 | CartesianPoint{x=272.65,y=531.96,z=0.00}' (at simulation time 109.000,000,000 s)
2025-05-28 00:19:37,907 INFO  - Received event: 109000 (at simulation time IntraVehicleMsg)
2025-05-28 00:19:37,911 INFO  - Sent message to others cars = 'veh_3 | CartesianPoint{x=281.25,y=528.75,z=0.00}' (at simulation time 110.000,000,000 s)
2025-05-28 00:19:37,976 INFO  - Received event: 110000 (at simulation time IntraVehicleMsg)
2025-05-28 00:19:37,980 INFO  - Sent message to others cars = 'veh_3 | CartesianPoint{x=289.37,y=528.74,z=0.00}' (at simulation time 111.000,000,000 s)
2025-05-28 00:19:38,044 INFO  - Received event: 111000 (at simulation time IntraVehicleMsg)
2025-05-28 00:19:38,048 INFO  - Sent message to others cars = 'veh_3 | CartesianPoint{x=297.15,y=528.73,z=0.00}' (at simulation time 112.000,000,000 s)
2025-05-28 00:19:38,113 INFO  - Received event: 112000 (at simulation time IntraVehicleMsg)
2025-05-28 00:19:38,117 INFO  - Sent message to others cars = 'veh_3 | CartesianPoint{x=304.89,y=528.72,z=0.00}' (at simulation time 113.000,000,000 s)
2025-05-28 00:19:38,185 INFO  - Received event: 113000 (at simulation time IntraVehicleMsg)
2025-05-28 00:19:38,188 INFO  - Sent message to others cars = 'veh_3 | CartesianPoint{x=313.21,y=528.71,z=0.00}' (at simulation time 114.000,000,000 s)
2025-05-28 00:19:38,256 INFO  - Received event: 114000 (at simulation time IntraVehicleMsg)
2025-05-28 00:19:38,263 INFO  - Sent message to others cars = 'veh_3 | CartesianPoint{x=321.05,y=528.70,z=0.00}' (at simulation time 115.000,000,000 s)
2025-05-28 00:19:38,334 INFO  - Received event: 115000 (at simulation time IntraVehicleMsg)
2025-05-28 00:19:38,353 INFO  - Sent message to others cars = 'veh_3 | CartesianPoint{x=328.89,y=528.69,z=0.00}' (at simulation time 116.000,000,000 s)
2025-05-28 00:19:38,429 INFO  - Received event: 116000 (at simulation time IntraVehicleMsg)
2025-05-28 00:19:38,442 INFO  - Sent message to others cars = 'veh_3 | CartesianPoint{x=336.73,y=528.69,z=0.00}' (at simulation time 117.000,000,000 s)
2025-05-28 00:19:38,511 INFO  - Received event: 117000 (at simulation time IntraVehicleMsg)
2025-05-28 00:19:38,515 INFO  - Sent message to others cars = 'veh_3 | CartesianPoint{x=345.40,y=528.68,z=0.00}' (at simulation time 118.000,000,000 s)
2025-05-28 00:19:38,587 INFO  - Received event: 118000 (at simulation time IntraVehicleMsg)
2025-05-28 00:19:38,592 INFO  - ------------------------------------------------------------------------------------- (at simulation time 119.000,000,000 s)
2025-05-28 00:19:38,592 INFO  - Shutdown application (at simulation time 119.000,000,000 s)
2025-05-28 00:19:38,592 INFO  - ------------------------------------------------------------------------------------- (at simulation time 119.000,000,000 s)
