2025-06-04 14:59:27,967 INFO  - Initialize veh_72 application (at simulation time 377.000,000,000 s)
2025-06-04 14:59:27,969 INFO  - Sent InterVehicleMsg: veh_72 | CartesianPoint{x=140.74,y=749.35,z=0.00} | {:.2f} m/s (at simulation time 8.120693361611732)
2025-06-04 14:59:27,977 INFO  - Sent InterVehicleMsg: veh_72 | CartesianPoint{x=140.72,y=741.73,z=0.00} | {:.2f} m/s (at simulation time 7.616555308566124)
2025-06-04 14:59:27,984 INFO  - Sent InterVehicleMsg: veh_72 | CartesianPoint{x=140.69,y=734.00,z=0.00} | {:.2f} m/s (at simulation time 7.733077940197356)
2025-06-04 14:59:28,056 INFO  - Sent InterVehicleMsg: veh_72 | CartesianPoint{x=140.67,y=726.17,z=0.00} | {:.2f} m/s (at simulation time 7.829534175658294)
2025-06-04 14:59:28,063 INFO  - Sent InterVehicleMsg: veh_72 | CartesianPoint{x=140.64,y=718.12,z=0.00} | {:.2f} m/s (at simulation time 8.049591367823698)
2025-06-04 14:59:28,071 INFO  - Sent InterVehicleMsg: veh_72 | CartesianPoint{x=140.61,y=710.09,z=0.00} | {:.2f} m/s (at simulation time 8.037759675054506)
2025-06-04 14:59:28,078 INFO  - Sent InterVehicleMsg: veh_72 | CartesianPoint{x=140.59,y=702.42,z=0.00} | {:.2f} m/s (at simulation time 7.667967090002888)
2025-06-04 14:59:28,086 INFO  - Sent InterVehicleMsg: veh_72 | CartesianPoint{x=140.56,y=694.74,z=0.00} | {:.2f} m/s (at simulation time 7.681050129925527)
2025-06-04 14:59:28,094 INFO  - Sent InterVehicleMsg: veh_72 | CartesianPoint{x=140.54,y=687.14,z=0.00} | {:.2f} m/s (at simulation time 7.596221910036795)
2025-06-04 14:59:28,103 INFO  - Sent InterVehicleMsg: veh_72 | CartesianPoint{x=140.51,y=680.17,z=0.00} | {:.2f} m/s (at simulation time 6.969612485092759)
2025-06-04 14:59:28,117 INFO  - Sent InterVehicleMsg: veh_72 | CartesianPoint{x=140.49,y=672.90,z=0.00} | {:.2f} m/s (at simulation time 7.272518268708766)
2025-06-04 14:59:28,125 INFO  - Sent InterVehicleMsg: veh_72 | CartesianPoint{x=140.47,y=664.98,z=0.00} | {:.2f} m/s (at simulation time 7.922486897759766)
2025-06-04 14:59:28,134 INFO  - Sent InterVehicleMsg: veh_72 | CartesianPoint{x=140.45,y=658.16,z=0.00} | {:.2f} m/s (at simulation time 6.821681125174903)
2025-06-04 14:59:28,144 INFO  - Sent InterVehicleMsg: veh_72 | CartesianPoint{x=140.43,y=650.31,z=0.00} | {:.2f} m/s (at simulation time 7.844296073789403)
2025-06-04 14:59:28,153 INFO  - Sent InterVehicleMsg: veh_72 | CartesianPoint{x=140.42,y=642.20,z=0.00} | {:.2f} m/s (at simulation time 8.115740697404064)
2025-06-04 14:59:28,163 INFO  - Sent InterVehicleMsg: veh_72 | CartesianPoint{x=140.40,y=634.13,z=0.00} | {:.2f} m/s (at simulation time 8.069054324521378)
2025-06-04 14:59:28,173 INFO  - Sent InterVehicleMsg: veh_72 | CartesianPoint{x=140.38,y=627.00,z=0.00} | {:.2f} m/s (at simulation time 7.128567459193684)
2025-06-04 14:59:28,185 INFO  - Sent InterVehicleMsg: veh_72 | CartesianPoint{x=140.36,y=620.02,z=0.00} | {:.2f} m/s (at simulation time 6.976443573708341)
2025-06-04 14:59:28,262 INFO  - Sent InterVehicleMsg: veh_72 | CartesianPoint{x=140.35,y=613.18,z=0.00} | {:.2f} m/s (at simulation time 6.84279455930616)
2025-06-04 14:59:28,274 INFO  - Sent InterVehicleMsg: veh_72 | CartesianPoint{x=140.33,y=605.36,z=0.00} | {:.2f} m/s (at simulation time 7.8211579573263155)
2025-06-04 14:59:28,294 INFO  - Sent InterVehicleMsg: veh_72 | CartesianPoint{x=140.29,y=598.28,z=0.00} | {:.2f} m/s (at simulation time 7.0836139982954345)
2025-06-04 14:59:28,305 INFO  - Sent InterVehicleMsg: veh_72 | CartesianPoint{x=140.25,y=590.63,z=0.00} | {:.2f} m/s (at simulation time 7.649366627975062)
2025-06-04 14:59:28,315 INFO  - Sent InterVehicleMsg: veh_72 | CartesianPoint{x=140.21,y=582.70,z=0.00} | {:.2f} m/s (at simulation time 7.9322414792065254)
2025-06-04 14:59:28,326 INFO  - Sent InterVehicleMsg: veh_72 | CartesianPoint{x=140.17,y=575.06,z=0.00} | {:.2f} m/s (at simulation time 7.637970019310408)
2025-06-04 14:59:28,336 INFO  - Sent InterVehicleMsg: veh_72 | CartesianPoint{x=140.13,y=567.99,z=0.00} | {:.2f} m/s (at simulation time 7.0705709593293005)
2025-06-04 14:59:28,347 INFO  - Sent InterVehicleMsg: veh_72 | CartesianPoint{x=140.09,y=560.91,z=0.00} | {:.2f} m/s (at simulation time 7.083834081950292)
2025-06-04 14:59:28,357 INFO  - Sent InterVehicleMsg: veh_72 | CartesianPoint{x=140.06,y=554.72,z=0.00} | {:.2f} m/s (at simulation time 6.18681071620627)
2025-06-04 14:59:28,366 INFO  - Sent InterVehicleMsg: veh_72 | CartesianPoint{x=140.04,y=551.25,z=0.00} | {:.2f} m/s (at simulation time 3.467706618399409)
2025-06-04 14:59:28,377 INFO  - Sent InterVehicleMsg: veh_72 | CartesianPoint{x=140.04,y=551.22,z=0.00} | {:.2f} m/s (at simulation time 0.03564086083762687)
2025-06-04 14:59:28,387 INFO  - Sent InterVehicleMsg: veh_72 | CartesianPoint{x=140.04,y=551.20,z=0.00} | {:.2f} m/s (at simulation time 0.019463310579886452)
2025-06-04 14:59:28,431 INFO  - Sent InterVehicleMsg: veh_72 | CartesianPoint{x=140.04,y=551.19,z=0.00} | {:.2f} m/s (at simulation time 0.0026546792490114643)
2025-06-04 14:59:28,448 INFO  - Sent InterVehicleMsg: veh_72 | CartesianPoint{x=140.04,y=551.19,z=0.00} | {:.2f} m/s (at simulation time 4.971688005523031E-4)
2025-06-04 14:59:28,460 INFO  - Sent InterVehicleMsg: veh_72 | CartesianPoint{x=140.04,y=551.19,z=0.00} | {:.2f} m/s (at simulation time 2.7665727319057984E-4)
2025-06-04 14:59:28,470 INFO  - Sent InterVehicleMsg: veh_72 | CartesianPoint{x=140.04,y=551.19,z=0.00} | {:.2f} m/s (at simulation time 1.3802191133690915E-4)
2025-06-04 14:59:28,525 INFO  - Sent InterVehicleMsg: veh_72 | CartesianPoint{x=140.04,y=550.25,z=0.00} | {:.2f} m/s (at simulation time 0.9411782973872282)
2025-06-04 14:59:28,536 INFO  - Sent InterVehicleMsg: veh_72 | CartesianPoint{x=140.02,y=546.87,z=0.00} | {:.2f} m/s (at simulation time 3.383773713578262)
2025-06-04 14:59:28,545 INFO  - Sent InterVehicleMsg: veh_72 | CartesianPoint{x=139.99,y=541.94,z=0.00} | {:.2f} m/s (at simulation time 4.92679610275537)
2025-06-04 14:59:28,558 INFO  - Sent InterVehicleMsg: veh_72 | CartesianPoint{x=139.97,y=536.66,z=0.00} | {:.2f} m/s (at simulation time 5.280482877407105)
2025-06-04 14:59:28,566 INFO  - Sent InterVehicleMsg: veh_72 | CartesianPoint{x=139.91,y=529.80,z=0.00} | {:.2f} m/s (at simulation time 6.870271031036724)
2025-06-04 14:59:28,575 INFO  - Sent InterVehicleMsg: veh_72 | CartesianPoint{x=139.85,y=523.14,z=0.00} | {:.2f} m/s (at simulation time 6.658044084970897)
2025-06-04 14:59:28,583 INFO  - Sent InterVehicleMsg: veh_72 | CartesianPoint{x=139.79,y=516.54,z=0.00} | {:.2f} m/s (at simulation time 6.59842997206381)
2025-06-04 14:59:28,645 INFO  - Sent InterVehicleMsg: veh_72 | CartesianPoint{x=139.74,y=511.17,z=0.00} | {:.2f} m/s (at simulation time 5.3615519342483156)
2025-06-04 14:59:28,655 INFO  - Sent InterVehicleMsg: veh_72 | CartesianPoint{x=139.68,y=505.27,z=0.00} | {:.2f} m/s (at simulation time 5.899879458854681)
2025-06-04 14:59:28,663 INFO  - Sent InterVehicleMsg: veh_72 | CartesianPoint{x=139.64,y=500.41,z=0.00} | {:.2f} m/s (at simulation time 4.854376253109312)
2025-06-04 14:59:28,669 INFO  - Sent InterVehicleMsg: veh_72 | CartesianPoint{x=139.58,y=494.12,z=0.00} | {:.2f} m/s (at simulation time 6.289521391484746)
2025-06-04 14:59:28,676 INFO  - Sent InterVehicleMsg: veh_72 | CartesianPoint{x=139.52,y=488.20,z=0.00} | {:.2f} m/s (at simulation time 5.910776805639281)
2025-06-04 14:59:28,681 INFO  - Sent InterVehicleMsg: veh_72 | CartesianPoint{x=139.45,y=481.37,z=0.00} | {:.2f} m/s (at simulation time 6.829241021863333)
2025-06-04 14:59:28,692 INFO  - Sent InterVehicleMsg: veh_72 | CartesianPoint{x=139.40,y=475.66,z=0.00} | {:.2f} m/s (at simulation time 5.709548733972417)
2025-06-04 14:59:28,697 INFO  - Sent InterVehicleMsg: veh_72 | CartesianPoint{x=142.55,y=470.55,z=0.00} | {:.2f} m/s (at simulation time 5.144765586934104)
2025-06-04 14:59:28,702 INFO  - Sent InterVehicleMsg: veh_72 | CartesianPoint{x=142.48,y=463.19,z=0.00} | {:.2f} m/s (at simulation time 7.369919228080712)
2025-06-04 14:59:28,706 INFO  - Sent InterVehicleMsg: veh_72 | CartesianPoint{x=142.40,y=455.34,z=0.00} | {:.2f} m/s (at simulation time 7.854598294470154)
2025-06-04 14:59:28,712 INFO  - Sent InterVehicleMsg: veh_72 | CartesianPoint{x=142.39,y=448.34,z=0.00} | {:.2f} m/s (at simulation time 7.004031751483374)
2025-06-04 14:59:28,716 INFO  - Sent InterVehicleMsg: veh_72 | CartesianPoint{x=142.37,y=441.03,z=0.00} | {:.2f} m/s (at simulation time 7.3135239379402925)
2025-06-04 14:59:28,724 INFO  - Sent InterVehicleMsg: veh_72 | CartesianPoint{x=142.36,y=433.10,z=0.00} | {:.2f} m/s (at simulation time 7.941653570245647)
2025-06-04 14:59:28,729 INFO  - Sent InterVehicleMsg: veh_72 | CartesianPoint{x=142.34,y=425.21,z=0.00} | {:.2f} m/s (at simulation time 7.89306175090994)
2025-06-04 14:59:28,733 INFO  - Sent InterVehicleMsg: veh_72 | CartesianPoint{x=142.33,y=418.21,z=0.00} | {:.2f} m/s (at simulation time 7.010239571464874)
2025-06-04 14:59:28,738 INFO  - Sent InterVehicleMsg: veh_72 | CartesianPoint{x=142.31,y=411.01,z=0.00} | {:.2f} m/s (at simulation time 7.203579558587328)
2025-06-04 14:59:28,746 INFO  - Sent InterVehicleMsg: veh_72 | CartesianPoint{x=142.30,y=403.10,z=0.00} | {:.2f} m/s (at simulation time 7.913737025104158)
2025-06-04 14:59:28,751 INFO  - Sent InterVehicleMsg: veh_72 | CartesianPoint{x=142.28,y=395.59,z=0.00} | {:.2f} m/s (at simulation time 7.519281035141715)
2025-06-04 14:59:28,756 INFO  - Sent InterVehicleMsg: veh_72 | CartesianPoint{x=142.27,y=388.65,z=0.00} | {:.2f} m/s (at simulation time 6.941924894244105)
2025-06-04 14:59:28,761 INFO  - Sent InterVehicleMsg: veh_72 | CartesianPoint{x=142.25,y=380.85,z=0.00} | {:.2f} m/s (at simulation time 7.8053629054610365)
2025-06-04 14:59:28,765 INFO  - Sent InterVehicleMsg: veh_72 | CartesianPoint{x=142.23,y=373.44,z=0.00} | {:.2f} m/s (at simulation time 7.414224485067345)
2025-06-04 14:59:28,770 INFO  - Sent InterVehicleMsg: veh_72 | CartesianPoint{x=142.22,y=365.70,z=0.00} | {:.2f} m/s (at simulation time 7.748512777631797)
2025-06-04 14:59:28,777 INFO  - Sent InterVehicleMsg: veh_72 | CartesianPoint{x=142.20,y=358.80,z=0.00} | {:.2f} m/s (at simulation time 6.903266323722594)
2025-06-04 14:59:28,783 INFO  - Sent InterVehicleMsg: veh_72 | CartesianPoint{x=142.15,y=351.23,z=0.00} | {:.2f} m/s (at simulation time 7.57929231546975)
2025-06-04 14:59:28,844 INFO  - Sent InterVehicleMsg: veh_72 | CartesianPoint{x=142.09,y=343.85,z=0.00} | {:.2f} m/s (at simulation time 7.383258649419688)
2025-06-04 14:59:28,849 INFO  - Sent InterVehicleMsg: veh_72 | CartesianPoint{x=142.02,y=336.01,z=0.00} | {:.2f} m/s (at simulation time 7.844053235269778)
2025-06-04 14:59:28,855 INFO  - Sent InterVehicleMsg: veh_72 | CartesianPoint{x=141.96,y=329.13,z=0.00} | {:.2f} m/s (at simulation time 6.883678287003816)
2025-06-04 14:59:28,864 INFO  - Sent InterVehicleMsg: veh_72 | CartesianPoint{x=141.89,y=321.30,z=0.00} | {:.2f} m/s (at simulation time 7.841269741246172)
2025-06-04 14:59:28,870 INFO  - Sent InterVehicleMsg: veh_72 | CartesianPoint{x=141.82,y=313.63,z=0.00} | {:.2f} m/s (at simulation time 7.670294617131979)
2025-06-04 14:59:28,876 INFO  - Sent InterVehicleMsg: veh_72 | CartesianPoint{x=141.76,y=306.19,z=0.00} | {:.2f} m/s (at simulation time 7.448693825296752)
2025-06-04 14:59:28,881 INFO  - Sent InterVehicleMsg: veh_72 | CartesianPoint{x=141.70,y=299.27,z=0.00} | {:.2f} m/s (at simulation time 6.923194054995358)
2025-06-04 14:59:28,888 INFO  - Sent InterVehicleMsg: veh_72 | CartesianPoint{x=141.64,y=291.85,z=0.00} | {:.2f} m/s (at simulation time 7.427794185738706)
2025-06-04 14:59:28,894 INFO  - Sent InterVehicleMsg: veh_72 | CartesianPoint{x=141.58,y=284.87,z=0.00} | {:.2f} m/s (at simulation time 6.986913050726683)
2025-06-04 14:59:28,899 INFO  - Sent InterVehicleMsg: veh_72 | CartesianPoint{x=141.51,y=277.18,z=0.00} | {:.2f} m/s (at simulation time 7.689310383137011)
2025-06-04 14:59:28,906 INFO  - Sent InterVehicleMsg: veh_72 | CartesianPoint{x=141.44,y=269.43,z=0.00} | {:.2f} m/s (at simulation time 7.7608660719047045)
2025-06-04 14:59:28,911 INFO  - Sent InterVehicleMsg: veh_72 | CartesianPoint{x=141.38,y=262.31,z=0.00} | {:.2f} m/s (at simulation time 7.121043297617391)
2025-06-04 14:59:28,918 INFO  - Sent InterVehicleMsg: veh_72 | CartesianPoint{x=141.32,y=255.13,z=0.00} | {:.2f} m/s (at simulation time 7.1864274289614265)
2025-06-04 14:59:28,929 INFO  - Sent InterVehicleMsg: veh_72 | CartesianPoint{x=141.26,y=247.87,z=0.00} | {:.2f} m/s (at simulation time 7.2647422890101305)
2025-06-04 14:59:28,936 INFO  - Sent InterVehicleMsg: veh_72 | CartesianPoint{x=141.20,y=240.45,z=0.00} | {:.2f} m/s (at simulation time 7.433950204790265)
2025-06-04 14:59:28,943 INFO  - Sent InterVehicleMsg: veh_72 | CartesianPoint{x=141.14,y=233.09,z=0.00} | {:.2f} m/s (at simulation time 7.3570116357101805)
2025-06-04 14:59:28,949 INFO  - Sent InterVehicleMsg: veh_72 | CartesianPoint{x=141.07,y=225.13,z=0.00} | {:.2f} m/s (at simulation time 7.973139256091484)
2025-06-04 14:59:28,956 INFO  - Sent InterVehicleMsg: veh_72 | CartesianPoint{x=137.81,y=217.48,z=0.00} | {:.2f} m/s (at simulation time 7.243339690302194)
2025-06-04 14:59:28,964 INFO  - Sent InterVehicleMsg: veh_72 | CartesianPoint{x=137.75,y=210.17,z=0.00} | {:.2f} m/s (at simulation time 7.29607845707021)
2025-06-04 14:59:28,971 INFO  - Sent InterVehicleMsg: veh_72 | CartesianPoint{x=137.69,y=202.96,z=0.00} | {:.2f} m/s (at simulation time 7.213599564220451)
2025-06-04 14:59:28,978 INFO  - Sent InterVehicleMsg: veh_72 | CartesianPoint{x=137.62,y=194.89,z=0.00} | {:.2f} m/s (at simulation time 8.055997138602354)
2025-06-04 14:59:28,987 INFO  - Sent InterVehicleMsg: veh_72 | CartesianPoint{x=137.56,y=187.34,z=0.00} | {:.2f} m/s (at simulation time 7.550381195560724)
2025-06-04 14:59:29,052 INFO  - Sent InterVehicleMsg: veh_72 | CartesianPoint{x=137.50,y=180.33,z=0.00} | {:.2f} m/s (at simulation time 7.0066557998225765)
2025-06-04 14:59:29,064 INFO  - Sent InterVehicleMsg: veh_72 | CartesianPoint{x=137.44,y=172.47,z=0.00} | {:.2f} m/s (at simulation time 7.85137732456594)
2025-06-04 14:59:29,072 INFO  - Sent InterVehicleMsg: veh_72 | CartesianPoint{x=137.37,y=164.83,z=0.00} | {:.2f} m/s (at simulation time 7.634897522946515)
2025-06-04 14:59:29,079 INFO  - Sent InterVehicleMsg: veh_72 | CartesianPoint{x=137.31,y=156.97,z=0.00} | {:.2f} m/s (at simulation time 7.855428573108904)
2025-06-04 14:59:29,086 INFO  - Sent InterVehicleMsg: veh_72 | CartesianPoint{x=137.24,y=148.97,z=0.00} | {:.2f} m/s (at simulation time 7.989489507225037)
2025-06-04 14:59:29,094 INFO  - Sent InterVehicleMsg: veh_72 | CartesianPoint{x=137.18,y=141.92,z=0.00} | {:.2f} m/s (at simulation time 7.048392415132069)
2025-06-04 14:59:29,102 INFO  - Sent InterVehicleMsg: veh_72 | CartesianPoint{x=137.19,y=133.81,z=0.00} | {:.2f} m/s (at simulation time 8.101580208369226)
2025-06-04 14:59:29,110 INFO  - Sent InterVehicleMsg: veh_72 | CartesianPoint{x=137.23,y=126.93,z=0.00} | {:.2f} m/s (at simulation time 6.877635458406687)
2025-06-04 14:59:29,118 INFO  - Sent InterVehicleMsg: veh_72 | CartesianPoint{x=137.27,y=119.49,z=0.00} | {:.2f} m/s (at simulation time 7.435382502425157)
2025-06-04 14:59:29,127 INFO  - Sent InterVehicleMsg: veh_72 | CartesianPoint{x=137.31,y=111.99,z=0.00} | {:.2f} m/s (at simulation time 7.492688074118153)
2025-06-04 14:59:29,135 INFO  - Sent InterVehicleMsg: veh_72 | CartesianPoint{x=137.35,y=104.67,z=0.00} | {:.2f} m/s (at simulation time 7.317354753838547)
2025-06-04 14:59:29,145 INFO  - Sent InterVehicleMsg: veh_72 | CartesianPoint{x=137.39,y=97.06,z=0.00} | {:.2f} m/s (at simulation time 7.6049373141179535)
2025-06-04 14:59:29,158 INFO  - Sent InterVehicleMsg: veh_72 | CartesianPoint{x=137.44,y=89.53,z=0.00} | {:.2f} m/s (at simulation time 7.520346203019537)
2025-06-04 14:59:29,168 INFO  - Sent InterVehicleMsg: veh_72 | CartesianPoint{x=137.48,y=81.85,z=0.00} | {:.2f} m/s (at simulation time 7.682078789772161)
2025-06-04 14:59:29,176 INFO  - Sent InterVehicleMsg: veh_72 | CartesianPoint{x=138.65,y=74.11,z=0.00} | {:.2f} m/s (at simulation time 8.029752911968783)
2025-06-04 14:59:29,185 INFO  - Sent InterVehicleMsg: veh_72 | CartesianPoint{x=142.11,y=67.95,z=0.00} | {:.2f} m/s (at simulation time 7.057979622801461)
2025-06-04 14:59:29,252 INFO  - Sent InterVehicleMsg: veh_72 | CartesianPoint{x=146.62,y=63.23,z=0.00} | {:.2f} m/s (at simulation time 6.564113113712263)
2025-06-04 14:59:29,262 INFO  - Sent InterVehicleMsg: veh_72 | CartesianPoint{x=152.12,y=58.08,z=0.00} | {:.2f} m/s (at simulation time 7.531856993625719)
2025-06-04 14:59:29,271 INFO  - Sent InterVehicleMsg: veh_72 | CartesianPoint{x=157.00,y=52.92,z=0.00} | {:.2f} m/s (at simulation time 7.098006447611308)
2025-06-04 14:59:29,282 INFO  - Sent InterVehicleMsg: veh_72 | CartesianPoint{x=162.25,y=47.15,z=0.00} | {:.2f} m/s (at simulation time 7.803240041962519)
2025-06-04 14:59:29,294 INFO  - Sent InterVehicleMsg: veh_72 | CartesianPoint{x=167.21,y=41.69,z=0.00} | {:.2f} m/s (at simulation time 7.371259937287433)
2025-06-04 14:59:29,304 INFO  - Sent InterVehicleMsg: veh_72 | CartesianPoint{x=175.79,y=37.01,z=0.00} | {:.2f} m/s (at simulation time 7.519848573565072)
2025-06-04 14:59:29,318 INFO  - Sent InterVehicleMsg: veh_72 | CartesianPoint{x=180.98,y=31.30,z=0.00} | {:.2f} m/s (at simulation time 7.720051456304893)
2025-06-04 14:59:29,328 INFO  - Sent InterVehicleMsg: veh_72 | CartesianPoint{x=186.36,y=25.39,z=0.00} | {:.2f} m/s (at simulation time 7.993345897753418)
2025-06-04 14:59:29,337 INFO  - Sent InterVehicleMsg: veh_72 | CartesianPoint{x=191.74,y=19.47,z=0.00} | {:.2f} m/s (at simulation time 8.008039494665965)
2025-06-04 14:59:29,346 INFO  - Sent InterVehicleMsg: veh_72 | CartesianPoint{x=196.76,y=13.96,z=0.00} | {:.2f} m/s (at simulation time 7.461703480190293)
2025-06-04 14:59:29,355 INFO  - Sent InterVehicleMsg: veh_72 | CartesianPoint{x=198.62,y=6.97,z=0.00} | {:.2f} m/s (at simulation time 7.278118233118833)
2025-06-04 14:59:29,363 INFO  - Sent InterVehicleMsg: veh_72 | CartesianPoint{x=200.35,y=-0.23,z=0.00} | {:.2f} m/s (at simulation time 7.415046684575893)
2025-06-04 14:59:29,371 INFO  - Shutdown application (at simulation time 496.000,000,000 s)
