2025-05-28 00:33:14,594 INFO  - ------------------------------------------------------------------------------------- (at simulation time 140.000,000,000 s)
2025-05-28 00:33:14,594 INFO  - Initialize veh_26 application (at simulation time 140.000,000,000 s)
2025-05-28 00:33:14,594 INFO  - Activated AdHoc Module (at simulation time 140.000,000,000 s)
2025-05-28 00:33:14,594 INFO  - ------------------------------------------------------------------------------------- (at simulation time 140.000,000,000 s)
2025-05-28 00:33:14,596 INFO  - Sent message to others cars = 'veh_26 | CartesianPoint{x=140.74,y=749.35,z=0.00}' (at simulation time 140.000,000,000 s)
2025-05-28 00:33:14,656 INFO  - Received event: 140000 (at simulation time IntraVehicleMsg)
2025-05-28 00:33:14,660 INFO  - Sent message to others cars = 'veh_26 | CartesianPoint{x=140.72,y=741.49,z=0.00}' (at simulation time 141.000,000,000 s)
2025-05-28 00:33:14,720 INFO  - Received event: 141000 (at simulation time IntraVehicleMsg)
2025-05-28 00:33:14,723 INFO  - Sent message to others cars = 'veh_26 | CartesianPoint{x=140.69,y=733.38,z=0.00}' (at simulation time 142.000,000,000 s)
2025-05-28 00:33:14,787 INFO  - Received event: 142000 (at simulation time IntraVehicleMsg)
2025-05-28 00:33:14,789 INFO  - Sent message to others cars = 'veh_26 | CartesianPoint{x=140.66,y=725.10,z=0.00}' (at simulation time 143.000,000,000 s)
2025-05-28 00:33:14,853 INFO  - Received event: 143000 (at simulation time IntraVehicleMsg)
2025-05-28 00:33:14,856 INFO  - Sent message to others cars = 'veh_26 | CartesianPoint{x=140.64,y=716.51,z=0.00}' (at simulation time 144.000,000,000 s)
2025-05-28 00:33:14,921 INFO  - Received event: 144000 (at simulation time IntraVehicleMsg)
2025-05-28 00:33:14,924 INFO  - Sent message to others cars = 'veh_26 | CartesianPoint{x=140.61,y=708.54,z=0.00}' (at simulation time 145.000,000,000 s)
2025-05-28 00:33:14,991 INFO  - Received event: 145000 (at simulation time IntraVehicleMsg)
2025-05-28 00:33:14,993 INFO  - Sent message to others cars = 'veh_26 | CartesianPoint{x=140.58,y=700.65,z=0.00}' (at simulation time 146.000,000,000 s)
2025-05-28 00:33:15,064 INFO  - Received event: 146000 (at simulation time IntraVehicleMsg)
2025-05-28 00:33:15,067 INFO  - Sent message to others cars = 'veh_26 | CartesianPoint{x=140.55,y=691.75,z=0.00}' (at simulation time 147.000,000,000 s)
2025-05-28 00:33:15,138 INFO  - Received event: 147000 (at simulation time IntraVehicleMsg)
2025-05-28 00:33:15,143 INFO  - Sent message to others cars = 'veh_26 | CartesianPoint{x=140.53,y=683.74,z=0.00}' (at simulation time 148.000,000,000 s)
2025-05-28 00:33:15,216 INFO  - Received event: 148000 (at simulation time IntraVehicleMsg)
2025-05-28 00:33:15,229 INFO  - Sent message to others cars = 'veh_26 | CartesianPoint{x=140.49,y=675.17,z=0.00}' (at simulation time 149.000,000,000 s)
2025-05-28 00:33:15,303 INFO  - Received event: 149000 (at simulation time IntraVehicleMsg)
2025-05-28 00:33:15,316 INFO  - Sent message to others cars = 'veh_26 | CartesianPoint{x=140.47,y=667.37,z=0.00}' (at simulation time 150.000,000,000 s)
2025-05-28 00:33:15,399 INFO  - Received event: 150000 (at simulation time IntraVehicleMsg)
2025-05-28 00:33:15,403 INFO  - Sent message to others cars = 'veh_26 | CartesianPoint{x=140.45,y=658.83,z=0.00}' (at simulation time 151.000,000,000 s)
2025-05-28 00:33:15,477 INFO  - Received event: 151000 (at simulation time IntraVehicleMsg)
2025-05-28 00:33:15,481 INFO  - Sent message to others cars = 'veh_26 | CartesianPoint{x=140.44,y=651.13,z=0.00}' (at simulation time 152.000,000,000 s)
2025-05-28 00:33:15,559 INFO  - Received event: 152000 (at simulation time IntraVehicleMsg)
2025-05-28 00:33:15,562 INFO  - Sent message to others cars = 'veh_26 | CartesianPoint{x=140.42,y=642.93,z=0.00}' (at simulation time 153.000,000,000 s)
2025-05-28 00:33:15,638 INFO  - Received event: 153000 (at simulation time IntraVehicleMsg)
2025-05-28 00:33:15,642 INFO  - Sent message to others cars = 'veh_26 | CartesianPoint{x=140.40,y=634.33,z=0.00}' (at simulation time 154.000,000,000 s)
2025-05-28 00:33:15,734 INFO  - Received event: 154000 (at simulation time IntraVehicleMsg)
2025-05-28 00:33:15,738 INFO  - Sent message to others cars = 'veh_26 | CartesianPoint{x=140.38,y=626.17,z=0.00}' (at simulation time 155.000,000,000 s)
2025-05-28 00:33:15,818 INFO  - Received event: 155000 (at simulation time IntraVehicleMsg)
2025-05-28 00:33:15,830 INFO  - Sent message to others cars = 'veh_26 | CartesianPoint{x=140.36,y=618.23,z=0.00}' (at simulation time 156.000,000,000 s)
2025-05-28 00:33:15,907 INFO  - Received event: 156000 (at simulation time IntraVehicleMsg)
2025-05-28 00:33:15,910 INFO  - Sent message to others cars = 'veh_26 | CartesianPoint{x=140.34,y=609.44,z=0.00}' (at simulation time 157.000,000,000 s)
2025-05-28 00:33:15,989 INFO  - Received event: 157000 (at simulation time IntraVehicleMsg)
2025-05-28 00:33:15,992 INFO  - Sent message to others cars = 'veh_26 | CartesianPoint{x=140.31,y=601.30,z=0.00}' (at simulation time 158.000,000,000 s)
2025-05-28 00:33:16,071 INFO  - Received event: 158000 (at simulation time IntraVehicleMsg)
2025-05-28 00:33:16,074 INFO  - Sent message to others cars = 'veh_26 | CartesianPoint{x=140.26,y=592.45,z=0.00}' (at simulation time 159.000,000,000 s)
2025-05-28 00:33:16,156 INFO  - Received event: 159000 (at simulation time IntraVehicleMsg)
2025-05-28 00:33:16,160 INFO  - Sent message to others cars = 'veh_26 | CartesianPoint{x=140.22,y=584.52,z=0.00}' (at simulation time 160.000,000,000 s)
2025-05-28 00:33:16,243 INFO  - Received event: 160000 (at simulation time IntraVehicleMsg)
2025-05-28 00:33:16,251 INFO  - Sent message to others cars = 'veh_26 | CartesianPoint{x=140.17,y=576.19,z=0.00}' (at simulation time 161.000,000,000 s)
2025-05-28 00:33:16,336 INFO  - Received event: 161000 (at simulation time IntraVehicleMsg)
2025-05-28 00:33:16,339 INFO  - Sent message to others cars = 'veh_26 | CartesianPoint{x=140.13,y=567.53,z=0.00}' (at simulation time 162.000,000,000 s)
2025-05-28 00:33:16,424 INFO  - Received event: 162000 (at simulation time IntraVehicleMsg)
2025-05-28 00:33:16,429 INFO  - Sent message to others cars = 'veh_26 | CartesianPoint{x=140.08,y=558.63,z=0.00}' (at simulation time 163.000,000,000 s)
2025-05-28 00:33:16,516 INFO  - Received event: 163000 (at simulation time IntraVehicleMsg)
2025-05-28 00:33:16,528 INFO  - Sent message to others cars = 'veh_26 | CartesianPoint{x=140.05,y=553.03,z=0.00}' (at simulation time 164.000,000,000 s)
2025-05-28 00:33:16,614 INFO  - Received event: 164000 (at simulation time IntraVehicleMsg)
2025-05-28 00:33:16,618 INFO  - Sent message to others cars = 'veh_26 | CartesianPoint{x=140.04,y=551.38,z=0.00}' (at simulation time 165.000,000,000 s)
2025-05-28 00:33:16,707 INFO  - Received event: 165000 (at simulation time IntraVehicleMsg)
2025-05-28 00:33:16,710 INFO  - Sent message to others cars = 'veh_26 | CartesianPoint{x=140.04,y=551.24,z=0.00}' (at simulation time 166.000,000,000 s)
2025-05-28 00:33:16,799 INFO  - Received event: 166000 (at simulation time IntraVehicleMsg)
2025-05-28 00:33:16,803 INFO  - Sent message to others cars = 'veh_26 | CartesianPoint{x=140.04,y=551.20,z=0.00}' (at simulation time 167.000,000,000 s)
2025-05-28 00:33:16,895 INFO  - Received event: 167000 (at simulation time IntraVehicleMsg)
2025-05-28 00:33:16,898 INFO  - Sent message to others cars = 'veh_26 | CartesianPoint{x=140.04,y=551.19,z=0.00}' (at simulation time 168.000,000,000 s)
2025-05-28 00:33:16,989 INFO  - Received event: 168000 (at simulation time IntraVehicleMsg)
2025-05-28 00:33:16,992 INFO  - Sent message to others cars = 'veh_26 | CartesianPoint{x=140.04,y=551.19,z=0.00}' (at simulation time 169.000,000,000 s)
2025-05-28 00:33:17,085 INFO  - Received event: 169000 (at simulation time IntraVehicleMsg)
2025-05-28 00:33:17,089 INFO  - Sent message to others cars = 'veh_26 | CartesianPoint{x=140.04,y=551.19,z=0.00}' (at simulation time 170.000,000,000 s)
2025-05-28 00:33:17,185 INFO  - Received event: 170000 (at simulation time IntraVehicleMsg)
2025-05-28 00:33:17,192 INFO  - Sent message to others cars = 'veh_26 | CartesianPoint{x=140.04,y=551.19,z=0.00}' (at simulation time 171.000,000,000 s)
2025-05-28 00:33:17,292 INFO  - Received event: 171000 (at simulation time IntraVehicleMsg)
2025-05-28 00:33:17,296 INFO  - Sent message to others cars = 'veh_26 | CartesianPoint{x=140.04,y=551.19,z=0.00}' (at simulation time 172.000,000,000 s)
2025-05-28 00:33:17,408 INFO  - Received event: 172000 (at simulation time IntraVehicleMsg)
2025-05-28 00:33:17,412 INFO  - Sent message to others cars = 'veh_26 | CartesianPoint{x=140.04,y=551.19,z=0.00}' (at simulation time 173.000,000,000 s)
2025-05-28 00:33:17,514 INFO  - Received event: 173000 (at simulation time IntraVehicleMsg)
2025-05-28 00:33:17,517 INFO  - Sent message to others cars = 'veh_26 | CartesianPoint{x=140.04,y=551.19,z=0.00}' (at simulation time 174.000,000,000 s)
2025-05-28 00:33:17,620 INFO  - Received event: 174000 (at simulation time IntraVehicleMsg)
2025-05-28 00:33:17,632 INFO  - Sent message to others cars = 'veh_26 | CartesianPoint{x=140.04,y=550.29,z=0.00}' (at simulation time 175.000,000,000 s)
2025-05-28 00:33:17,736 INFO  - Received event: 175000 (at simulation time IntraVehicleMsg)
2025-05-28 00:33:17,739 INFO  - Sent message to others cars = 'veh_26 | CartesianPoint{x=140.03,y=548.06,z=0.00}' (at simulation time 176.000,000,000 s)
