2025-06-04 14:59:24,037 INFO  - Initialize veh_15 application (at simulation time 78.000,000,000 s)
2025-06-04 14:59:24,039 INFO  - Sent InterVehicleMsg: veh_15 | CartesianPoint{x=-0.00,y=532.14,z=0.00} | {:.2f} m/s (at simulation time 8.012281682306583)
2025-06-04 14:59:24,048 INFO  - Sent InterVehicleMsg: veh_15 | CartesianPoint{x=7.89,y=532.12,z=0.00} | {:.2f} m/s (at simulation time 7.8912801103775)
2025-06-04 14:59:24,057 INFO  - Sent InterVehicleMsg: veh_15 | CartesianPoint{x=15.81,y=532.09,z=0.00} | {:.2f} m/s (at simulation time 7.917287838423307)
2025-06-04 14:59:24,066 INFO  - Sent InterVehicleMsg: veh_15 | CartesianPoint{x=22.94,y=532.07,z=0.00} | {:.2f} m/s (at simulation time 7.135456826874668)
2025-06-04 14:59:24,073 INFO  - Sent InterVehicleMsg: veh_15 | CartesianPoint{x=30.82,y=532.05,z=0.00} | {:.2f} m/s (at simulation time 7.871499034749958)
2025-06-04 14:59:24,081 INFO  - Sent InterVehicleMsg: veh_15 | CartesianPoint{x=37.58,y=532.03,z=0.00} | {:.2f} m/s (at simulation time 6.758845403265822)
2025-06-04 14:59:24,090 INFO  - Sent InterVehicleMsg: veh_15 | CartesianPoint{x=45.21,y=532.09,z=0.00} | {:.2f} m/s (at simulation time 7.636437489126491)
2025-06-04 14:59:24,100 INFO  - Sent InterVehicleMsg: veh_15 | CartesianPoint{x=53.09,y=532.14,z=0.00} | {:.2f} m/s (at simulation time 7.881165669240671)
2025-06-04 14:59:24,111 INFO  - Sent InterVehicleMsg: veh_15 | CartesianPoint{x=60.12,y=532.20,z=0.00} | {:.2f} m/s (at simulation time 7.024598380445185)
2025-06-04 14:59:24,122 INFO  - Sent InterVehicleMsg: veh_15 | CartesianPoint{x=66.96,y=532.21,z=0.00} | {:.2f} m/s (at simulation time 6.845637352426218)
2025-06-04 14:59:24,131 INFO  - Sent InterVehicleMsg: veh_15 | CartesianPoint{x=74.96,y=532.23,z=0.00} | {:.2f} m/s (at simulation time 7.994302700377682)
2025-06-04 14:59:24,148 INFO  - Sent InterVehicleMsg: veh_15 | CartesianPoint{x=82.93,y=532.25,z=0.00} | {:.2f} m/s (at simulation time 7.970841211068126)
2025-06-04 14:59:24,157 INFO  - Sent InterVehicleMsg: veh_15 | CartesianPoint{x=89.76,y=532.22,z=0.00} | {:.2f} m/s (at simulation time 6.833624430407452)
2025-06-04 14:59:24,166 INFO  - Sent InterVehicleMsg: veh_15 | CartesianPoint{x=97.07,y=532.13,z=0.00} | {:.2f} m/s (at simulation time 7.3085327503379975)
2025-06-04 14:59:24,175 INFO  - Sent InterVehicleMsg: veh_15 | CartesianPoint{x=104.72,y=532.03,z=0.00} | {:.2f} m/s (at simulation time 7.6493496093774755)
2025-06-04 14:59:24,184 INFO  - Sent InterVehicleMsg: veh_15 | CartesianPoint{x=111.90,y=531.94,z=0.00} | {:.2f} m/s (at simulation time 7.184098943124207)
2025-06-04 14:59:24,194 INFO  - Sent InterVehicleMsg: veh_15 | CartesianPoint{x=117.68,y=531.87,z=0.00} | {:.2f} m/s (at simulation time 5.776529317656475)
2025-06-04 14:59:24,204 INFO  - Sent InterVehicleMsg: veh_15 | CartesianPoint{x=119.82,y=531.84,z=0.00} | {:.2f} m/s (at simulation time 2.1423411747952277)
2025-06-04 14:59:24,215 INFO  - Sent InterVehicleMsg: veh_15 | CartesianPoint{x=120.24,y=531.84,z=0.00} | {:.2f} m/s (at simulation time 0.4216194247826636)
2025-06-04 14:59:24,223 INFO  - Sent InterVehicleMsg: veh_15 | CartesianPoint{x=120.31,y=531.84,z=0.00} | {:.2f} m/s (at simulation time 0.06476807076220775)
2025-06-04 14:59:24,231 INFO  - Sent InterVehicleMsg: veh_15 | CartesianPoint{x=120.33,y=531.84,z=0.00} | {:.2f} m/s (at simulation time 0.02499452504434587)
2025-06-04 14:59:24,246 INFO  - Sent InterVehicleMsg: veh_15 | CartesianPoint{x=120.34,y=531.84,z=0.00} | {:.2f} m/s (at simulation time 0.003244994016563696)
2025-06-04 14:59:24,254 INFO  - Sent InterVehicleMsg: veh_15 | CartesianPoint{x=120.34,y=531.84,z=0.00} | {:.2f} m/s (at simulation time 4.639748095651156E-4)
2025-06-04 14:59:24,565 INFO  - Sent InterVehicleMsg: veh_15 | CartesianPoint{x=121.23,y=531.83,z=0.00} | {:.2f} m/s (at simulation time 0.8949604303292368)
2025-06-04 14:59:24,576 INFO  - Sent InterVehicleMsg: veh_15 | CartesianPoint{x=124.36,y=531.79,z=0.00} | {:.2f} m/s (at simulation time 3.127659201803189)
2025-06-04 14:59:24,588 INFO  - Sent InterVehicleMsg: veh_15 | CartesianPoint{x=129.56,y=531.72,z=0.00} | {:.2f} m/s (at simulation time 5.2022077667476045)
2025-06-04 14:59:24,605 INFO  - Sent InterVehicleMsg: veh_15 | CartesianPoint{x=136.71,y=531.64,z=0.00} | {:.2f} m/s (at simulation time 7.152104509640057)
2025-06-04 14:59:24,624 INFO  - Sent InterVehicleMsg: veh_15 | CartesianPoint{x=144.38,y=531.59,z=0.00} | {:.2f} m/s (at simulation time 7.688418700929413)
2025-06-04 14:59:24,635 INFO  - Sent InterVehicleMsg: veh_15 | CartesianPoint{x=151.34,y=531.58,z=0.00} | {:.2f} m/s (at simulation time 6.965379528642314)
2025-06-04 14:59:24,647 INFO  - Sent InterVehicleMsg: veh_15 | CartesianPoint{x=158.76,y=531.63,z=0.00} | {:.2f} m/s (at simulation time 7.42504442616986)
2025-06-04 14:59:24,659 INFO  - Sent InterVehicleMsg: veh_15 | CartesianPoint{x=166.59,y=531.68,z=0.00} | {:.2f} m/s (at simulation time 7.825610822845864)
2025-06-04 14:59:24,671 INFO  - Sent InterVehicleMsg: veh_15 | CartesianPoint{x=173.33,y=531.73,z=0.00} | {:.2f} m/s (at simulation time 6.748795641480627)
2025-06-04 14:59:24,692 INFO  - Sent InterVehicleMsg: veh_15 | CartesianPoint{x=180.49,y=531.78,z=0.00} | {:.2f} m/s (at simulation time 7.157663042365256)
2025-06-04 14:59:24,705 INFO  - Sent InterVehicleMsg: veh_15 | CartesianPoint{x=188.28,y=531.83,z=0.00} | {:.2f} m/s (at simulation time 7.787358248593899)
2025-06-04 14:59:24,716 INFO  - Sent InterVehicleMsg: veh_15 | CartesianPoint{x=195.96,y=531.89,z=0.00} | {:.2f} m/s (at simulation time 7.686825530172007)
2025-06-04 14:59:24,726 INFO  - Sent InterVehicleMsg: veh_15 | CartesianPoint{x=202.67,y=531.93,z=0.00} | {:.2f} m/s (at simulation time 6.7134194861003245)
2025-06-04 14:59:24,738 INFO  - Sent InterVehicleMsg: veh_15 | CartesianPoint{x=207.84,y=531.97,z=0.00} | {:.2f} m/s (at simulation time 5.169097677009806)
2025-06-04 14:59:24,751 INFO  - Sent InterVehicleMsg: veh_15 | CartesianPoint{x=213.16,y=532.01,z=0.00} | {:.2f} m/s (at simulation time 5.319776389007374)
2025-06-04 14:59:24,763 INFO  - Sent InterVehicleMsg: veh_15 | CartesianPoint{x=220.63,y=532.03,z=0.00} | {:.2f} m/s (at simulation time 7.460096872951754)
2025-06-04 14:59:24,774 INFO  - Sent InterVehicleMsg: veh_15 | CartesianPoint{x=228.22,y=532.04,z=0.00} | {:.2f} m/s (at simulation time 7.579461444366405)
2025-06-04 14:59:24,785 INFO  - Sent InterVehicleMsg: veh_15 | CartesianPoint{x=236.08,y=532.03,z=0.00} | {:.2f} m/s (at simulation time 7.860678006300384)
2025-06-04 14:59:24,797 INFO  - Sent InterVehicleMsg: veh_15 | CartesianPoint{x=243.77,y=532.02,z=0.00} | {:.2f} m/s (at simulation time 7.684389001980106)
2025-06-04 14:59:24,820 INFO  - Sent InterVehicleMsg: veh_15 | CartesianPoint{x=251.61,y=532.00,z=0.00} | {:.2f} m/s (at simulation time 7.845626058859432)
2025-06-04 14:59:24,833 INFO  - Sent InterVehicleMsg: veh_15 | CartesianPoint{x=259.31,y=531.99,z=0.00} | {:.2f} m/s (at simulation time 7.694503997929076)
2025-06-04 14:59:24,845 INFO  - Sent InterVehicleMsg: veh_15 | CartesianPoint{x=266.79,y=531.97,z=0.00} | {:.2f} m/s (at simulation time 7.485410064376572)
2025-06-04 14:59:24,857 INFO  - Sent InterVehicleMsg: veh_15 | CartesianPoint{x=273.60,y=531.96,z=0.00} | {:.2f} m/s (at simulation time 6.80488773550527)
2025-06-04 14:59:24,869 INFO  - Sent InterVehicleMsg: veh_15 | CartesianPoint{x=281.44,y=531.95,z=0.00} | {:.2f} m/s (at simulation time 7.843786019703055)
2025-06-04 14:59:24,883 INFO  - Sent InterVehicleMsg: veh_15 | CartesianPoint{x=289.04,y=531.94,z=0.00} | {:.2f} m/s (at simulation time 7.601322411733362)
2025-06-04 14:59:24,896 INFO  - Sent InterVehicleMsg: veh_15 | CartesianPoint{x=296.69,y=531.93,z=0.00} | {:.2f} m/s (at simulation time 7.65251747773649)
2025-06-04 14:59:25,160 INFO  - Sent InterVehicleMsg: veh_15 | CartesianPoint{x=303.57,y=531.92,z=0.00} | {:.2f} m/s (at simulation time 6.871152945455777)
2025-06-04 14:59:25,179 INFO  - Sent InterVehicleMsg: veh_15 | CartesianPoint{x=311.53,y=531.92,z=0.00} | {:.2f} m/s (at simulation time 7.961692950000669)
2025-06-04 14:59:25,198 INFO  - Sent InterVehicleMsg: veh_15 | CartesianPoint{x=319.39,y=531.91,z=0.00} | {:.2f} m/s (at simulation time 7.8582531291634385)
2025-06-04 14:59:25,217 INFO  - Sent InterVehicleMsg: veh_15 | CartesianPoint{x=326.65,y=531.90,z=0.00} | {:.2f} m/s (at simulation time 7.263069019966441)
2025-06-04 14:59:25,241 INFO  - Sent InterVehicleMsg: veh_15 | CartesianPoint{x=333.67,y=531.89,z=0.00} | {:.2f} m/s (at simulation time 7.022288556151706)
2025-06-04 14:59:25,251 INFO  - Sent InterVehicleMsg: veh_15 | CartesianPoint{x=340.80,y=531.88,z=0.00} | {:.2f} m/s (at simulation time 7.133569687103535)
2025-06-04 14:59:25,262 INFO  - Sent InterVehicleMsg: veh_15 | CartesianPoint{x=347.68,y=531.87,z=0.00} | {:.2f} m/s (at simulation time 6.878377967641371)
2025-06-04 14:59:25,276 INFO  - Shutdown application (at simulation time 164.000,000,000 s)
