2025-05-28 00:33:09,475 INFO  - ------------------------------------------------------------------------------------- (at simulation time 17.000,000,000 s)
2025-05-28 00:33:09,476 INFO  - Initialize veh_3 application (at simulation time 17.000,000,000 s)
2025-05-28 00:33:09,476 INFO  - Activated AdHoc Module (at simulation time 17.000,000,000 s)
2025-05-28 00:33:09,476 INFO  - ------------------------------------------------------------------------------------- (at simulation time 17.000,000,000 s)
2025-05-28 00:33:09,479 INFO  - Sent message to others cars = 'veh_3 | CartesianPoint{x=-0.00,y=532.14,z=0.00}' (at simulation time 17.000,000,000 s)
2025-05-28 00:33:09,485 INFO  - Received event: 17000 (at simulation time IntraVehicleMsg)
2025-05-28 00:33:09,490 INFO  - Sent message to others cars = 'veh_3 | CartesianPoint{x=8.30,y=532.12,z=0.00}' (at simulation time 18.000,000,000 s)
2025-05-28 00:33:09,497 INFO  - Received event: 18000 (at simulation time IntraVehicleMsg)
2025-05-28 00:33:09,500 INFO  - Sent message to others cars = 'veh_3 | CartesianPoint{x=17.21,y=532.09,z=0.00}' (at simulation time 19.000,000,000 s)
2025-05-28 00:33:09,506 INFO  - Received event: 19000 (at simulation time IntraVehicleMsg)
2025-05-28 00:33:09,510 INFO  - Sent message to others cars = 'veh_3 | CartesianPoint{x=26.12,y=532.06,z=0.00}' (at simulation time 20.000,000,000 s)
2025-05-28 00:33:09,516 INFO  - Received event: 20000 (at simulation time IntraVehicleMsg)
2025-05-28 00:33:09,518 INFO  - Sent message to others cars = 'veh_3 | CartesianPoint{x=34.48,y=532.03,z=0.00}' (at simulation time 21.000,000,000 s)
2025-05-28 00:33:09,525 INFO  - Received event: 21000 (at simulation time IntraVehicleMsg)
2025-05-28 00:33:09,527 INFO  - Sent message to others cars = 'veh_3 | CartesianPoint{x=42.81,y=532.07,z=0.00}' (at simulation time 22.000,000,000 s)
2025-05-28 00:33:09,536 INFO  - Received event: 22000 (at simulation time IntraVehicleMsg)
2025-05-28 00:33:09,538 INFO  - Sent message to others cars = 'veh_3 | CartesianPoint{x=50.68,y=532.13,z=0.00}' (at simulation time 23.000,000,000 s)
2025-05-28 00:33:09,549 INFO  - Received event: 23000 (at simulation time IntraVehicleMsg)
2025-05-28 00:33:09,560 INFO  - Sent message to others cars = 'veh_3 | CartesianPoint{x=58.99,y=532.19,z=0.00}' (at simulation time 24.000,000,000 s)
2025-05-28 00:33:09,573 INFO  - Received event: 24000 (at simulation time IntraVehicleMsg)
2025-05-28 00:33:09,576 INFO  - Sent message to others cars = 'veh_3 | CartesianPoint{x=67.29,y=532.22,z=0.00}' (at simulation time 25.000,000,000 s)
2025-05-28 00:33:09,584 INFO  - Received event: 25000 (at simulation time IntraVehicleMsg)
2025-05-28 00:33:09,586 INFO  - Sent message to others cars = 'veh_3 | CartesianPoint{x=75.83,y=532.23,z=0.00}' (at simulation time 26.000,000,000 s)
2025-05-28 00:33:09,594 INFO  - Received event: 26000 (at simulation time IntraVehicleMsg)
2025-05-28 00:33:09,605 INFO  - Sent message to others cars = 'veh_3 | CartesianPoint{x=84.79,y=532.26,z=0.00}' (at simulation time 27.000,000,000 s)
2025-05-28 00:33:09,614 INFO  - Received event: 27000 (at simulation time IntraVehicleMsg)
2025-05-28 00:33:09,616 INFO  - Sent message to others cars = 'veh_3 | CartesianPoint{x=93.03,y=532.18,z=0.00}' (at simulation time 28.000,000,000 s)
2025-05-28 00:33:09,627 INFO  - Received event: 28000 (at simulation time IntraVehicleMsg)
2025-05-28 00:33:09,629 INFO  - Sent message to others cars = 'veh_3 | CartesianPoint{x=101.27,y=532.08,z=0.00}' (at simulation time 29.000,000,000 s)
2025-05-28 00:33:09,642 INFO  - Received event: 29000 (at simulation time IntraVehicleMsg)
2025-05-28 00:33:09,646 INFO  - Sent message to others cars = 'veh_3 | CartesianPoint{x=109.70,y=531.97,z=0.00}' (at simulation time 30.000,000,000 s)
2025-05-28 00:33:09,658 INFO  - Received event: 30000 (at simulation time IntraVehicleMsg)
2025-05-28 00:33:09,660 INFO  - Sent message to others cars = 'veh_3 | CartesianPoint{x=118.09,y=531.87,z=0.00}' (at simulation time 31.000,000,000 s)
2025-05-28 00:33:09,676 INFO  - Received event: 31000 (at simulation time IntraVehicleMsg)
2025-05-28 00:33:09,684 INFO  - Sent message to others cars = 'veh_3 | CartesianPoint{x=126.33,y=531.76,z=0.00}' (at simulation time 32.000,000,000 s)
2025-05-28 00:33:09,696 INFO  - Received event: 32000 (at simulation time IntraVehicleMsg)
2025-05-28 00:33:09,698 INFO  - Sent message to others cars = 'veh_3 | CartesianPoint{x=131.43,y=531.70,z=0.00}' (at simulation time 33.000,000,000 s)
2025-05-28 00:33:09,712 INFO  - Received event: 33000 (at simulation time IntraVehicleMsg)
2025-05-28 00:33:09,714 INFO  - Sent message to others cars = 'veh_3 | CartesianPoint{x=133.14,y=531.68,z=0.00}' (at simulation time 34.000,000,000 s)
2025-05-28 00:33:09,728 INFO  - Received event: 34000 (at simulation time IntraVehicleMsg)
2025-05-28 00:33:09,731 INFO  - Sent message to others cars = 'veh_3 | CartesianPoint{x=133.31,y=531.67,z=0.00}' (at simulation time 35.000,000,000 s)
2025-05-28 00:33:09,745 INFO  - Received event: 35000 (at simulation time IntraVehicleMsg)
2025-05-28 00:33:09,748 INFO  - Sent message to others cars = 'veh_3 | CartesianPoint{x=133.34,y=531.67,z=0.00}' (at simulation time 36.000,000,000 s)
2025-05-28 00:33:09,765 INFO  - Received event: 36000 (at simulation time IntraVehicleMsg)
2025-05-28 00:33:09,783 INFO  - Sent message to others cars = 'veh_3 | CartesianPoint{x=133.34,y=531.67,z=0.00}' (at simulation time 37.000,000,000 s)
2025-05-28 00:33:09,796 INFO  - Received event: 37000 (at simulation time IntraVehicleMsg)
2025-05-28 00:33:09,799 INFO  - Sent message to others cars = 'veh_3 | CartesianPoint{x=133.34,y=531.67,z=0.00}' (at simulation time 38.000,000,000 s)
2025-05-28 00:33:09,812 INFO  - Received event: 38000 (at simulation time IntraVehicleMsg)
2025-05-28 00:33:09,815 INFO  - Sent message to others cars = 'veh_3 | CartesianPoint{x=133.34,y=531.67,z=0.00}' (at simulation time 39.000,000,000 s)
2025-05-28 00:33:09,828 INFO  - Received event: 39000 (at simulation time IntraVehicleMsg)
2025-05-28 00:33:09,832 INFO  - Sent message to others cars = 'veh_3 | CartesianPoint{x=133.34,y=531.67,z=0.00}' (at simulation time 40.000,000,000 s)
2025-05-28 00:33:09,846 INFO  - Received event: 40000 (at simulation time IntraVehicleMsg)
2025-05-28 00:33:09,849 INFO  - Sent message to others cars = 'veh_3 | CartesianPoint{x=133.34,y=531.67,z=0.00}' (at simulation time 41.000,000,000 s)
2025-05-28 00:33:09,865 INFO  - Received event: 41000 (at simulation time IntraVehicleMsg)
2025-05-28 00:33:09,872 INFO  - Sent message to others cars = 'veh_3 | CartesianPoint{x=133.34,y=531.67,z=0.00}' (at simulation time 42.000,000,000 s)
2025-05-28 00:33:09,888 INFO  - Received event: 42000 (at simulation time IntraVehicleMsg)
2025-05-28 00:33:09,891 INFO  - Sent message to others cars = 'veh_3 | CartesianPoint{x=133.34,y=531.67,z=0.00}' (at simulation time 43.000,000,000 s)
2025-05-28 00:33:09,907 INFO  - Received event: 43000 (at simulation time IntraVehicleMsg)
2025-05-28 00:33:09,909 INFO  - Sent message to others cars = 'veh_3 | CartesianPoint{x=133.34,y=531.67,z=0.00}' (at simulation time 44.000,000,000 s)
2025-05-28 00:33:09,928 INFO  - Received event: 44000 (at simulation time IntraVehicleMsg)
2025-05-28 00:33:09,937 INFO  - Sent message to others cars = 'veh_3 | CartesianPoint{x=133.34,y=531.67,z=0.00}' (at simulation time 45.000,000,000 s)
2025-05-28 00:33:09,953 INFO  - Received event: 45000 (at simulation time IntraVehicleMsg)
2025-05-28 00:33:09,955 INFO  - Sent message to others cars = 'veh_3 | CartesianPoint{x=133.34,y=531.67,z=0.00}' (at simulation time 46.000,000,000 s)
2025-05-28 00:33:09,971 INFO  - Received event: 46000 (at simulation time IntraVehicleMsg)
2025-05-28 00:33:09,974 INFO  - Sent message to others cars = 'veh_3 | CartesianPoint{x=133.34,y=531.67,z=0.00}' (at simulation time 47.000,000,000 s)
2025-05-28 00:33:09,991 INFO  - Received event: 47000 (at simulation time IntraVehicleMsg)
2025-05-28 00:33:10,000 INFO  - Sent message to others cars = 'veh_3 | CartesianPoint{x=133.34,y=531.67,z=0.00}' (at simulation time 48.000,000,000 s)
2025-05-28 00:33:10,018 INFO  - Received event: 48000 (at simulation time IntraVehicleMsg)
2025-05-28 00:33:10,021 INFO  - Sent message to others cars = 'veh_3 | CartesianPoint{x=133.34,y=531.67,z=0.00}' (at simulation time 49.000,000,000 s)
2025-05-28 00:33:10,041 INFO  - Received event: 49000 (at simulation time IntraVehicleMsg)
2025-05-28 00:33:10,050 INFO  - Sent message to others cars = 'veh_3 | CartesianPoint{x=133.34,y=531.67,z=0.00}' (at simulation time 50.000,000,000 s)
2025-05-28 00:33:10,067 INFO  - Received event: 50000 (at simulation time IntraVehicleMsg)
2025-05-28 00:33:10,070 INFO  - Sent message to others cars = 'veh_3 | CartesianPoint{x=133.34,y=531.67,z=0.00}' (at simulation time 51.000,000,000 s)
2025-05-28 00:33:10,085 INFO  - Received event: 51000 (at simulation time IntraVehicleMsg)
2025-05-28 00:33:10,088 INFO  - Sent message to others cars = 'veh_3 | CartesianPoint{x=133.34,y=531.67,z=0.00}' (at simulation time 52.000,000,000 s)
2025-05-28 00:33:10,104 INFO  - Received event: 52000 (at simulation time IntraVehicleMsg)
2025-05-28 00:33:10,107 INFO  - Sent message to others cars = 'veh_3 | CartesianPoint{x=133.34,y=531.67,z=0.00}' (at simulation time 53.000,000,000 s)
2025-05-28 00:33:10,124 INFO  - Received event: 53000 (at simulation time IntraVehicleMsg)
2025-05-28 00:33:10,130 INFO  - Sent message to others cars = 'veh_3 | CartesianPoint{x=133.34,y=531.67,z=0.00}' (at simulation time 54.000,000,000 s)
2025-05-28 00:33:10,147 INFO  - Received event: 54000 (at simulation time IntraVehicleMsg)
2025-05-28 00:33:10,151 INFO  - Sent message to others cars = 'veh_3 | CartesianPoint{x=133.34,y=531.67,z=0.00}' (at simulation time 55.000,000,000 s)
2025-05-28 00:33:10,168 INFO  - Received event: 55000 (at simulation time IntraVehicleMsg)
2025-05-28 00:33:10,171 INFO  - Sent message to others cars = 'veh_3 | CartesianPoint{x=133.34,y=531.67,z=0.00}' (at simulation time 56.000,000,000 s)
2025-05-28 00:33:10,192 INFO  - Received event: 56000 (at simulation time IntraVehicleMsg)
2025-05-28 00:33:10,195 INFO  - Sent message to others cars = 'veh_3 | CartesianPoint{x=133.34,y=531.67,z=0.00}' (at simulation time 57.000,000,000 s)
2025-05-28 00:33:10,212 INFO  - Received event: 57000 (at simulation time IntraVehicleMsg)
2025-05-28 00:33:10,221 INFO  - Sent message to others cars = 'veh_3 | CartesianPoint{x=133.34,y=531.67,z=0.00}' (at simulation time 58.000,000,000 s)
2025-05-28 00:33:10,240 INFO  - Received event: 58000 (at simulation time IntraVehicleMsg)
2025-05-28 00:33:10,242 INFO  - Sent message to others cars = 'veh_3 | CartesianPoint{x=133.34,y=531.67,z=0.00}' (at simulation time 59.000,000,000 s)
2025-05-28 00:33:10,262 INFO  - Received event: 59000 (at simulation time IntraVehicleMsg)
2025-05-28 00:33:10,266 INFO  - Sent message to others cars = 'veh_3 | CartesianPoint{x=133.34,y=531.67,z=0.00}' (at simulation time 60.000,000,000 s)
2025-05-28 00:33:10,286 INFO  - Received event: 60000 (at simulation time IntraVehicleMsg)
2025-05-28 00:33:10,289 INFO  - Sent message to others cars = 'veh_3 | CartesianPoint{x=133.34,y=531.67,z=0.00}' (at simulation time 61.000,000,000 s)
2025-05-28 00:33:10,310 INFO  - Received event: 61000 (at simulation time IntraVehicleMsg)
2025-05-28 00:33:10,313 INFO  - Sent message to others cars = 'veh_3 | CartesianPoint{x=133.34,y=531.67,z=0.00}' (at simulation time 62.000,000,000 s)
2025-05-28 00:33:10,337 INFO  - Received event: 62000 (at simulation time IntraVehicleMsg)
2025-05-28 00:33:10,342 INFO  - Sent message to others cars = 'veh_3 | CartesianPoint{x=133.34,y=531.67,z=0.00}' (at simulation time 63.000,000,000 s)
2025-05-28 00:33:10,367 INFO  - Received event: 63000 (at simulation time IntraVehicleMsg)
2025-05-28 00:33:10,380 INFO  - Sent message to others cars = 'veh_3 | CartesianPoint{x=133.34,y=531.67,z=0.00}' (at simulation time 64.000,000,000 s)
2025-05-28 00:33:10,402 INFO  - Received event: 64000 (at simulation time IntraVehicleMsg)
2025-05-28 00:33:10,405 INFO  - Sent message to others cars = 'veh_3 | CartesianPoint{x=133.34,y=531.67,z=0.00}' (at simulation time 65.000,000,000 s)
2025-05-28 00:33:10,428 INFO  - Received event: 65000 (at simulation time IntraVehicleMsg)
2025-05-28 00:33:10,431 INFO  - Sent message to others cars = 'veh_3 | CartesianPoint{x=133.34,y=531.67,z=0.00}' (at simulation time 66.000,000,000 s)
2025-05-28 00:33:10,455 INFO  - Received event: 66000 (at simulation time IntraVehicleMsg)
2025-05-28 00:33:10,458 INFO  - Sent message to others cars = 'veh_3 | CartesianPoint{x=133.34,y=531.67,z=0.00}' (at simulation time 67.000,000,000 s)
2025-05-28 00:33:10,482 INFO  - Received event: 67000 (at simulation time IntraVehicleMsg)
2025-05-28 00:33:10,491 INFO  - Sent message to others cars = 'veh_3 | CartesianPoint{x=133.34,y=531.67,z=0.00}' (at simulation time 68.000,000,000 s)
2025-05-28 00:33:10,516 INFO  - Received event: 68000 (at simulation time IntraVehicleMsg)
2025-05-28 00:33:10,519 INFO  - Sent message to others cars = 'veh_3 | CartesianPoint{x=133.34,y=531.67,z=0.00}' (at simulation time 69.000,000,000 s)
2025-05-28 00:33:10,545 INFO  - Received event: 69000 (at simulation time IntraVehicleMsg)
2025-05-28 00:33:10,548 INFO  - Sent message to others cars = 'veh_3 | CartesianPoint{x=133.34,y=531.67,z=0.00}' (at simulation time 70.000,000,000 s)
2025-05-28 00:33:10,578 INFO  - Received event: 70000 (at simulation time IntraVehicleMsg)
2025-05-28 00:33:10,581 INFO  - Sent message to others cars = 'veh_3 | CartesianPoint{x=133.34,y=531.67,z=0.00}' (at simulation time 71.000,000,000 s)
2025-05-28 00:33:10,609 INFO  - Received event: 71000 (at simulation time IntraVehicleMsg)
2025-05-28 00:33:10,617 INFO  - Sent message to others cars = 'veh_3 | CartesianPoint{x=133.34,y=531.67,z=0.00}' (at simulation time 72.000,000,000 s)
2025-05-28 00:33:10,646 INFO  - Received event: 72000 (at simulation time IntraVehicleMsg)
2025-05-28 00:33:10,649 INFO  - Sent message to others cars = 'veh_3 | CartesianPoint{x=133.34,y=531.67,z=0.00}' (at simulation time 73.000,000,000 s)
2025-05-28 00:33:10,678 INFO  - Received event: 73000 (at simulation time IntraVehicleMsg)
2025-05-28 00:33:10,681 INFO  - Sent message to others cars = 'veh_3 | CartesianPoint{x=133.34,y=531.67,z=0.00}' (at simulation time 74.000,000,000 s)
2025-05-28 00:33:10,711 INFO  - Received event: 74000 (at simulation time IntraVehicleMsg)
2025-05-28 00:33:10,714 INFO  - Sent message to others cars = 'veh_3 | CartesianPoint{x=133.34,y=531.67,z=0.00}' (at simulation time 75.000,000,000 s)
2025-05-28 00:33:10,745 INFO  - Received event: 75000 (at simulation time IntraVehicleMsg)
2025-05-28 00:33:10,748 INFO  - Sent message to others cars = 'veh_3 | CartesianPoint{x=133.34,y=531.67,z=0.00}' (at simulation time 76.000,000,000 s)
2025-05-28 00:33:10,780 INFO  - Received event: 76000 (at simulation time IntraVehicleMsg)
2025-05-28 00:33:10,784 INFO  - Sent message to others cars = 'veh_3 | CartesianPoint{x=133.34,y=531.67,z=0.00}' (at simulation time 77.000,000,000 s)
2025-05-28 00:33:10,821 INFO  - Received event: 77000 (at simulation time IntraVehicleMsg)
2025-05-28 00:33:10,840 INFO  - Sent message to others cars = 'veh_3 | CartesianPoint{x=133.34,y=531.67,z=0.00}' (at simulation time 78.000,000,000 s)
2025-05-28 00:33:10,873 INFO  - Received event: 78000 (at simulation time IntraVehicleMsg)
2025-05-28 00:33:10,876 INFO  - Sent message to others cars = 'veh_3 | CartesianPoint{x=133.34,y=531.67,z=0.00}' (at simulation time 79.000,000,000 s)
2025-05-28 00:33:10,911 INFO  - Received event: 79000 (at simulation time IntraVehicleMsg)
2025-05-28 00:33:10,915 INFO  - Sent message to others cars = 'veh_3 | CartesianPoint{x=133.34,y=531.67,z=0.00}' (at simulation time 80.000,000,000 s)
2025-05-28 00:33:10,950 INFO  - Received event: 80000 (at simulation time IntraVehicleMsg)
2025-05-28 00:33:10,953 INFO  - Sent message to others cars = 'veh_3 | CartesianPoint{x=133.34,y=531.67,z=0.00}' (at simulation time 81.000,000,000 s)
2025-05-28 00:33:10,989 INFO  - Received event: 81000 (at simulation time IntraVehicleMsg)
2025-05-28 00:33:10,992 INFO  - Sent message to others cars = 'veh_3 | CartesianPoint{x=133.34,y=531.67,z=0.00}' (at simulation time 82.000,000,000 s)
2025-05-28 00:33:11,030 INFO  - Received event: 82000 (at simulation time IntraVehicleMsg)
2025-05-28 00:33:11,038 INFO  - Sent message to others cars = 'veh_3 | CartesianPoint{x=133.34,y=531.67,z=0.00}' (at simulation time 83.000,000,000 s)
2025-05-28 00:33:11,076 INFO  - Received event: 83000 (at simulation time IntraVehicleMsg)
2025-05-28 00:33:11,079 INFO  - Sent message to others cars = 'veh_3 | CartesianPoint{x=133.34,y=531.67,z=0.00}' (at simulation time 84.000,000,000 s)
2025-05-28 00:33:11,118 INFO  - Received event: 84000 (at simulation time IntraVehicleMsg)
2025-05-28 00:33:11,131 INFO  - Sent message to others cars = 'veh_3 | CartesianPoint{x=133.34,y=531.67,z=0.00}' (at simulation time 85.000,000,000 s)
2025-05-28 00:33:11,169 INFO  - Received event: 85000 (at simulation time IntraVehicleMsg)
2025-05-28 00:33:11,172 INFO  - Sent message to others cars = 'veh_3 | CartesianPoint{x=133.34,y=531.67,z=0.00}' (at simulation time 86.000,000,000 s)
2025-05-28 00:33:11,211 INFO  - Received event: 86000 (at simulation time IntraVehicleMsg)
2025-05-28 00:33:11,214 INFO  - Sent message to others cars = 'veh_3 | CartesianPoint{x=133.34,y=531.67,z=0.00}' (at simulation time 87.000,000,000 s)
2025-05-28 00:33:11,256 INFO  - Received event: 87000 (at simulation time IntraVehicleMsg)
2025-05-28 00:33:11,259 INFO  - Sent message to others cars = 'veh_3 | CartesianPoint{x=133.34,y=531.67,z=0.00}' (at simulation time 88.000,000,000 s)
2025-05-28 00:33:11,309 INFO  - Received event: 88000 (at simulation time IntraVehicleMsg)
2025-05-28 00:33:11,318 INFO  - Sent message to others cars = 'veh_3 | CartesianPoint{x=133.34,y=531.67,z=0.00}' (at simulation time 89.000,000,000 s)
2025-05-28 00:33:11,363 INFO  - Received event: 89000 (at simulation time IntraVehicleMsg)
2025-05-28 00:33:11,367 INFO  - Sent message to others cars = 'veh_3 | CartesianPoint{x=133.34,y=531.67,z=0.00}' (at simulation time 90.000,000,000 s)
2025-05-28 00:33:11,413 INFO  - Received event: 90000 (at simulation time IntraVehicleMsg)
2025-05-28 00:33:11,418 INFO  - Sent message to others cars = 'veh_3 | CartesianPoint{x=135.59,y=531.65,z=0.00}' (at simulation time 91.000,000,000 s)
2025-05-28 00:33:11,465 INFO  - Received event: 91000 (at simulation time IntraVehicleMsg)
2025-05-28 00:33:11,469 INFO  - Sent message to others cars = 'veh_3 | CartesianPoint{x=139.61,y=531.62,z=0.00}' (at simulation time 92.000,000,000 s)
2025-05-28 00:33:11,514 INFO  - Received event: 92000 (at simulation time IntraVehicleMsg)
2025-05-28 00:33:11,523 INFO  - Sent message to others cars = 'veh_3 | CartesianPoint{x=145.14,y=531.59,z=0.00}' (at simulation time 93.000,000,000 s)
2025-05-28 00:33:11,572 INFO  - Received event: 93000 (at simulation time IntraVehicleMsg)
2025-05-28 00:33:11,582 INFO  - Sent message to others cars = 'veh_3 | CartesianPoint{x=153.18,y=531.59,z=0.00}' (at simulation time 94.000,000,000 s)
2025-05-28 00:33:11,627 INFO  - Received event: 94000 (at simulation time IntraVehicleMsg)
2025-05-28 00:33:11,631 INFO  - Sent message to others cars = 'veh_3 | CartesianPoint{x=160.98,y=531.65,z=0.00}' (at simulation time 95.000,000,000 s)
2025-05-28 00:33:11,681 INFO  - Received event: 95000 (at simulation time IntraVehicleMsg)
2025-05-28 00:33:11,684 INFO  - Sent message to others cars = 'veh_3 | CartesianPoint{x=168.72,y=531.70,z=0.00}' (at simulation time 96.000,000,000 s)
2025-05-28 00:33:11,734 INFO  - Received event: 96000 (at simulation time IntraVehicleMsg)
2025-05-28 00:33:11,737 INFO  - Sent message to others cars = 'veh_3 | CartesianPoint{x=176.65,y=531.75,z=0.00}' (at simulation time 97.000,000,000 s)
2025-05-28 00:33:11,788 INFO  - Received event: 97000 (at simulation time IntraVehicleMsg)
2025-05-28 00:33:11,792 INFO  - Sent message to others cars = 'veh_3 | CartesianPoint{x=184.36,y=531.81,z=0.00}' (at simulation time 98.000,000,000 s)
2025-05-28 00:33:11,849 INFO  - Received event: 98000 (at simulation time IntraVehicleMsg)
2025-05-28 00:33:11,858 INFO  - Sent message to others cars = 'veh_3 | CartesianPoint{x=192.30,y=531.86,z=0.00}' (at simulation time 99.000,000,000 s)
2025-05-28 00:33:11,911 INFO  - Received event: 99000 (at simulation time IntraVehicleMsg)
2025-05-28 00:33:11,927 INFO  - Sent message to others cars = 'veh_3 | CartesianPoint{x=200.33,y=531.92,z=0.00}' (at simulation time 100.000,000,000 s)
2025-05-28 00:33:11,977 INFO  - Received event: 100000 (at simulation time IntraVehicleMsg)
2025-05-28 00:33:11,982 INFO  - Sent message to others cars = 'veh_3 | CartesianPoint{x=209.08,y=531.98,z=0.00}' (at simulation time 101.000,000,000 s)
2025-05-28 00:33:12,035 INFO  - Received event: 101000 (at simulation time IntraVehicleMsg)
2025-05-28 00:33:12,039 INFO  - Sent message to others cars = 'veh_3 | CartesianPoint{x=214.46,y=532.02,z=0.00}' (at simulation time 102.000,000,000 s)
2025-05-28 00:33:12,096 INFO  - Received event: 102000 (at simulation time IntraVehicleMsg)
2025-05-28 00:33:12,099 INFO  - Sent message to others cars = 'veh_3 | CartesianPoint{x=222.27,y=532.03,z=0.00}' (at simulation time 103.000,000,000 s)
2025-05-28 00:33:12,156 INFO  - Received event: 103000 (at simulation time IntraVehicleMsg)
2025-05-28 00:33:12,162 INFO  - Sent message to others cars = 'veh_3 | CartesianPoint{x=230.84,y=532.04,z=0.00}' (at simulation time 104.000,000,000 s)
2025-05-28 00:33:12,218 INFO  - Received event: 104000 (at simulation time IntraVehicleMsg)
2025-05-28 00:33:12,222 INFO  - Sent message to others cars = 'veh_3 | CartesianPoint{x=238.77,y=532.03,z=0.00}' (at simulation time 105.000,000,000 s)
2025-05-28 00:33:12,281 INFO  - Received event: 105000 (at simulation time IntraVehicleMsg)
2025-05-28 00:33:12,285 INFO  - Sent message to others cars = 'veh_3 | CartesianPoint{x=247.53,y=532.01,z=0.00}' (at simulation time 106.000,000,000 s)
2025-05-28 00:33:12,345 INFO  - Received event: 106000 (at simulation time IntraVehicleMsg)
2025-05-28 00:33:12,364 INFO  - Sent message to others cars = 'veh_3 | CartesianPoint{x=256.01,y=531.99,z=0.00}' (at simulation time 107.000,000,000 s)
2025-05-28 00:33:12,433 INFO  - Received event: 107000 (at simulation time IntraVehicleMsg)
2025-05-28 00:33:12,448 INFO  - Sent message to others cars = 'veh_3 | CartesianPoint{x=263.94,y=531.98,z=0.00}' (at simulation time 108.000,000,000 s)
2025-05-28 00:33:12,513 INFO  - Received event: 108000 (at simulation time IntraVehicleMsg)
2025-05-28 00:33:12,521 INFO  - Sent message to others cars = 'veh_3 | CartesianPoint{x=272.65,y=531.96,z=0.00}' (at simulation time 109.000,000,000 s)
2025-05-28 00:33:12,584 INFO  - Received event: 109000 (at simulation time IntraVehicleMsg)
2025-05-28 00:33:12,588 INFO  - Sent message to others cars = 'veh_3 | CartesianPoint{x=281.25,y=528.75,z=0.00}' (at simulation time 110.000,000,000 s)
2025-05-28 00:33:12,651 INFO  - Received event: 110000 (at simulation time IntraVehicleMsg)
2025-05-28 00:33:12,655 INFO  - Sent message to others cars = 'veh_3 | CartesianPoint{x=289.37,y=528.74,z=0.00}' (at simulation time 111.000,000,000 s)
2025-05-28 00:33:12,719 INFO  - Received event: 111000 (at simulation time IntraVehicleMsg)
2025-05-28 00:33:12,723 INFO  - Sent message to others cars = 'veh_3 | CartesianPoint{x=297.15,y=528.73,z=0.00}' (at simulation time 112.000,000,000 s)
2025-05-28 00:33:12,790 INFO  - Received event: 112000 (at simulation time IntraVehicleMsg)
2025-05-28 00:33:12,793 INFO  - Sent message to others cars = 'veh_3 | CartesianPoint{x=304.89,y=528.72,z=0.00}' (at simulation time 113.000,000,000 s)
2025-05-28 00:33:12,861 INFO  - Received event: 113000 (at simulation time IntraVehicleMsg)
2025-05-28 00:33:12,864 INFO  - Sent message to others cars = 'veh_3 | CartesianPoint{x=313.21,y=528.71,z=0.00}' (at simulation time 114.000,000,000 s)
2025-05-28 00:33:12,932 INFO  - Received event: 114000 (at simulation time IntraVehicleMsg)
2025-05-28 00:33:12,940 INFO  - Sent message to others cars = 'veh_3 | CartesianPoint{x=321.05,y=528.70,z=0.00}' (at simulation time 115.000,000,000 s)
2025-05-28 00:33:13,012 INFO  - Received event: 115000 (at simulation time IntraVehicleMsg)
2025-05-28 00:33:13,030 INFO  - Sent message to others cars = 'veh_3 | CartesianPoint{x=328.89,y=528.69,z=0.00}' (at simulation time 116.000,000,000 s)
2025-05-28 00:33:13,104 INFO  - Received event: 116000 (at simulation time IntraVehicleMsg)
2025-05-28 00:33:13,118 INFO  - Sent message to others cars = 'veh_3 | CartesianPoint{x=336.73,y=528.69,z=0.00}' (at simulation time 117.000,000,000 s)
2025-05-28 00:33:13,189 INFO  - Received event: 117000 (at simulation time IntraVehicleMsg)
2025-05-28 00:33:13,193 INFO  - Sent message to others cars = 'veh_3 | CartesianPoint{x=345.40,y=528.68,z=0.00}' (at simulation time 118.000,000,000 s)
2025-05-28 00:33:13,264 INFO  - Received event: 118000 (at simulation time IntraVehicleMsg)
2025-05-28 00:33:13,268 INFO  - ------------------------------------------------------------------------------------- (at simulation time 119.000,000,000 s)
2025-05-28 00:33:13,268 INFO  - Shutdown application (at simulation time 119.000,000,000 s)
2025-05-28 00:33:13,268 INFO  - ------------------------------------------------------------------------------------- (at simulation time 119.000,000,000 s)
