2025-05-28 00:39:15,397 INFO  - ------------------------------------------------------------------------------------- (at simulation time 284.000,000,000 s)
2025-05-28 00:39:15,397 INFO  - Initialize veh_55 application (at simulation time 284.000,000,000 s)
2025-05-28 00:39:15,397 INFO  - Activated AdHoc Module (at simulation time 284.000,000,000 s)
2025-05-28 00:39:15,397 INFO  - ------------------------------------------------------------------------------------- (at simulation time 284.000,000,000 s)
2025-05-28 00:39:15,398 INFO  - Sent message to others cars = 'veh_55 | CartesianPoint{x=-0.00,y=532.14,z=0.00}' (at simulation time 284.000,000,000 s)
2025-05-28 00:39:15,450 INFO  - Received event: 284000 (at simulation time IntraVehicleMsg)
2025-05-28 00:39:15,453 INFO  - Sent message to others cars = 'veh_55 | CartesianPoint{x=8.85,y=532.11,z=0.00}' (at simulation time 285.000,000,000 s)
2025-05-28 00:39:15,503 INFO  - Received event: 285000 (at simulation time IntraVehicleMsg)
2025-05-28 00:39:15,506 INFO  - Sent message to others cars = 'veh_55 | CartesianPoint{x=17.81,y=532.09,z=0.00}' (at simulation time 286.000,000,000 s)
2025-05-28 00:39:15,555 INFO  - Received event: 286000 (at simulation time IntraVehicleMsg)
2025-05-28 00:39:15,557 INFO  - Sent message to others cars = 'veh_55 | CartesianPoint{x=26.50,y=532.06,z=0.00}' (at simulation time 287.000,000,000 s)
2025-05-28 00:39:15,609 INFO  - Received event: 287000 (at simulation time IntraVehicleMsg)
2025-05-28 00:39:15,611 INFO  - Sent message to others cars = 'veh_55 | CartesianPoint{x=34.84,y=532.03,z=0.00}' (at simulation time 288.000,000,000 s)
2025-05-28 00:39:15,664 INFO  - Received event: 288000 (at simulation time IntraVehicleMsg)
2025-05-28 00:39:15,669 INFO  - Sent message to others cars = 'veh_55 | CartesianPoint{x=43.23,y=532.07,z=0.00}' (at simulation time 289.000,000,000 s)
2025-05-28 00:39:15,722 INFO  - Received event: 289000 (at simulation time IntraVehicleMsg)
2025-05-28 00:39:15,724 INFO  - Sent message to others cars = 'veh_55 | CartesianPoint{x=51.42,y=532.13,z=0.00}' (at simulation time 290.000,000,000 s)
2025-05-28 00:39:15,780 INFO  - Received event: 290000 (at simulation time IntraVehicleMsg)
2025-05-28 00:39:15,783 INFO  - Sent message to others cars = 'veh_55 | CartesianPoint{x=60.10,y=532.20,z=0.00}' (at simulation time 291.000,000,000 s)
2025-05-28 00:39:15,838 INFO  - Received event: 291000 (at simulation time IntraVehicleMsg)
2025-05-28 00:39:15,840 INFO  - Sent message to others cars = 'veh_55 | CartesianPoint{x=68.62,y=532.22,z=0.00}' (at simulation time 292.000,000,000 s)
2025-05-28 00:39:15,896 INFO  - Received event: 292000 (at simulation time IntraVehicleMsg)
2025-05-28 00:39:15,899 INFO  - Sent message to others cars = 'veh_55 | CartesianPoint{x=77.15,y=532.24,z=0.00}' (at simulation time 293.000,000,000 s)
2025-05-28 00:39:15,956 INFO  - Received event: 293000 (at simulation time IntraVehicleMsg)
2025-05-28 00:39:15,966 INFO  - Sent message to others cars = 'veh_55 | CartesianPoint{x=85.84,y=532.26,z=0.00}' (at simulation time 294.000,000,000 s)
2025-05-28 00:39:16,019 INFO  - Received event: 294000 (at simulation time IntraVehicleMsg)
2025-05-28 00:39:16,022 INFO  - Sent message to others cars = 'veh_55 | CartesianPoint{x=94.16,y=532.17,z=0.00}' (at simulation time 295.000,000,000 s)
2025-05-28 00:39:16,074 INFO  - Received event: 295000 (at simulation time IntraVehicleMsg)
2025-05-28 00:39:16,076 INFO  - Sent message to others cars = 'veh_55 | CartesianPoint{x=102.85,y=532.06,z=0.00}' (at simulation time 296.000,000,000 s)
2025-05-28 00:39:16,130 INFO  - Received event: 296000 (at simulation time IntraVehicleMsg)
2025-05-28 00:39:16,133 INFO  - Sent message to others cars = 'veh_55 | CartesianPoint{x=110.69,y=531.96,z=0.00}' (at simulation time 297.000,000,000 s)
2025-05-28 00:39:16,182 INFO  - Received event: 297000 (at simulation time IntraVehicleMsg)
2025-05-28 00:39:16,184 INFO  - Sent message to others cars = 'veh_55 | CartesianPoint{x=116.82,y=531.88,z=0.00}' (at simulation time 298.000,000,000 s)
2025-05-28 00:39:16,239 INFO  - Received event: 298000 (at simulation time IntraVehicleMsg)
2025-05-28 00:39:16,250 INFO  - Sent message to others cars = 'veh_55 | CartesianPoint{x=119.41,y=531.85,z=0.00}' (at simulation time 299.000,000,000 s)
2025-05-28 00:39:16,299 INFO  - Received event: 299000 (at simulation time IntraVehicleMsg)
2025-05-28 00:39:16,302 INFO  - Sent message to others cars = 'veh_55 | CartesianPoint{x=120.27,y=531.84,z=0.00}' (at simulation time 300.000,000,000 s)
2025-05-28 00:39:16,340 INFO  - Received event: 300000 (at simulation time IntraVehicleMsg)
2025-05-28 00:39:16,343 INFO  - Sent message to others cars = 'veh_55 | CartesianPoint{x=120.31,y=531.84,z=0.00}' (at simulation time 301.000,000,000 s)
2025-05-28 00:39:16,382 INFO  - Received event: 301000 (at simulation time IntraVehicleMsg)
2025-05-28 00:39:16,385 INFO  - Sent message to others cars = 'veh_55 | CartesianPoint{x=120.33,y=531.84,z=0.00}' (at simulation time 302.000,000,000 s)
2025-05-28 00:39:16,427 INFO  - Received event: 302000 (at simulation time IntraVehicleMsg)
2025-05-28 00:39:16,430 INFO  - Sent message to others cars = 'veh_55 | CartesianPoint{x=120.34,y=531.84,z=0.00}' (at simulation time 303.000,000,000 s)
2025-05-28 00:39:16,472 INFO  - Received event: 303000 (at simulation time IntraVehicleMsg)
2025-05-28 00:39:16,475 INFO  - Sent message to others cars = 'veh_55 | CartesianPoint{x=120.34,y=531.84,z=0.00}' (at simulation time 304.000,000,000 s)
2025-05-28 00:39:16,521 INFO  - Received event: 304000 (at simulation time IntraVehicleMsg)
2025-05-28 00:39:16,528 INFO  - Sent message to others cars = 'veh_55 | CartesianPoint{x=120.34,y=531.84,z=0.00}' (at simulation time 305.000,000,000 s)
2025-05-28 00:39:16,576 INFO  - Received event: 305000 (at simulation time IntraVehicleMsg)
2025-05-28 00:39:16,585 INFO  - Sent message to others cars = 'veh_55 | CartesianPoint{x=120.34,y=531.84,z=0.00}' (at simulation time 306.000,000,000 s)
2025-05-28 00:39:16,628 INFO  - Received event: 306000 (at simulation time IntraVehicleMsg)
2025-05-28 00:39:16,631 INFO  - Sent message to others cars = 'veh_55 | CartesianPoint{x=120.34,y=531.84,z=0.00}' (at simulation time 307.000,000,000 s)
2025-05-28 00:39:16,677 INFO  - Received event: 307000 (at simulation time IntraVehicleMsg)
2025-05-28 00:39:16,685 INFO  - Sent message to others cars = 'veh_55 | CartesianPoint{x=120.34,y=531.84,z=0.00}' (at simulation time 308.000,000,000 s)
2025-05-28 00:39:16,731 INFO  - Received event: 308000 (at simulation time IntraVehicleMsg)
2025-05-28 00:39:16,734 INFO  - Sent message to others cars = 'veh_55 | CartesianPoint{x=120.34,y=531.84,z=0.00}' (at simulation time 309.000,000,000 s)
2025-05-28 00:39:16,782 INFO  - Received event: 309000 (at simulation time IntraVehicleMsg)
2025-05-28 00:39:16,786 INFO  - Sent message to others cars = 'veh_55 | CartesianPoint{x=120.34,y=531.84,z=0.00}' (at simulation time 310.000,000,000 s)
2025-05-28 00:39:16,832 INFO  - Received event: 310000 (at simulation time IntraVehicleMsg)
2025-05-28 00:39:16,836 INFO  - Sent message to others cars = 'veh_55 | CartesianPoint{x=120.34,y=531.84,z=0.00}' (at simulation time 311.000,000,000 s)
2025-05-28 00:39:16,886 INFO  - Received event: 311000 (at simulation time IntraVehicleMsg)
2025-05-28 00:39:16,889 INFO  - Sent message to others cars = 'veh_55 | CartesianPoint{x=120.34,y=531.84,z=0.00}' (at simulation time 312.000,000,000 s)
2025-05-28 00:39:16,954 INFO  - Received event: 312000 (at simulation time IntraVehicleMsg)
2025-05-28 00:39:16,957 INFO  - Sent message to others cars = 'veh_55 | CartesianPoint{x=120.34,y=531.84,z=0.00}' (at simulation time 313.000,000,000 s)
2025-05-28 00:39:17,008 INFO  - Received event: 313000 (at simulation time IntraVehicleMsg)
2025-05-28 00:39:17,012 INFO  - Sent message to others cars = 'veh_55 | CartesianPoint{x=120.34,y=531.84,z=0.00}' (at simulation time 314.000,000,000 s)
2025-05-28 00:39:17,063 INFO  - Received event: 314000 (at simulation time IntraVehicleMsg)
2025-05-28 00:39:17,071 INFO  - Sent message to others cars = 'veh_55 | CartesianPoint{x=121.94,y=531.82,z=0.00}' (at simulation time 315.000,000,000 s)
2025-05-28 00:39:17,125 INFO  - Received event: 315000 (at simulation time IntraVehicleMsg)
2025-05-28 00:39:17,128 INFO  - Sent message to others cars = 'veh_55 | CartesianPoint{x=124.87,y=531.78,z=0.00}' (at simulation time 316.000,000,000 s)
2025-05-28 00:39:17,181 INFO  - Received event: 316000 (at simulation time IntraVehicleMsg)
2025-05-28 00:39:17,185 INFO  - Sent message to others cars = 'veh_55 | CartesianPoint{x=130.18,y=531.71,z=0.00}' (at simulation time 317.000,000,000 s)
2025-05-28 00:39:17,240 INFO  - Received event: 317000 (at simulation time IntraVehicleMsg)
2025-05-28 00:39:17,243 INFO  - Sent message to others cars = 'veh_55 | CartesianPoint{x=137.49,y=531.64,z=0.00}' (at simulation time 318.000,000,000 s)
2025-05-28 00:39:17,300 INFO  - Received event: 318000 (at simulation time IntraVehicleMsg)
2025-05-28 00:39:17,316 INFO  - Sent message to others cars = 'veh_55 | CartesianPoint{x=144.70,y=531.59,z=0.00}' (at simulation time 319.000,000,000 s)
2025-05-28 00:39:17,376 INFO  - Received event: 319000 (at simulation time IntraVehicleMsg)
2025-05-28 00:39:17,387 INFO  - Sent message to others cars = 'veh_55 | CartesianPoint{x=151.43,y=531.58,z=0.00}' (at simulation time 320.000,000,000 s)
2025-05-28 00:39:17,444 INFO  - Received event: 320000 (at simulation time IntraVehicleMsg)
2025-05-28 00:39:17,448 INFO  - Sent message to others cars = 'veh_55 | CartesianPoint{x=159.27,y=531.63,z=0.00}' (at simulation time 321.000,000,000 s)
2025-05-28 00:39:17,507 INFO  - Received event: 321000 (at simulation time IntraVehicleMsg)
2025-05-28 00:39:17,510 INFO  - Sent message to others cars = 'veh_55 | CartesianPoint{x=167.94,y=531.69,z=0.00}' (at simulation time 322.000,000,000 s)
2025-05-28 00:39:17,570 INFO  - Received event: 322000 (at simulation time IntraVehicleMsg)
2025-05-28 00:39:17,574 INFO  - Sent message to others cars = 'veh_55 | CartesianPoint{x=175.42,y=531.75,z=0.00}' (at simulation time 323.000,000,000 s)
2025-05-28 00:39:17,635 INFO  - Received event: 323000 (at simulation time IntraVehicleMsg)
2025-05-28 00:39:17,641 INFO  - Sent message to others cars = 'veh_55 | CartesianPoint{x=182.64,y=531.80,z=0.00}' (at simulation time 324.000,000,000 s)
2025-05-28 00:39:17,703 INFO  - Received event: 324000 (at simulation time IntraVehicleMsg)
2025-05-28 00:39:17,710 INFO  - Sent message to others cars = 'veh_55 | CartesianPoint{x=190.62,y=531.85,z=0.00}' (at simulation time 325.000,000,000 s)
2025-05-28 00:39:17,775 INFO  - Received event: 325000 (at simulation time IntraVehicleMsg)
2025-05-28 00:39:17,778 INFO  - Sent message to others cars = 'veh_55 | CartesianPoint{x=196.01,y=531.89,z=0.00}' (at simulation time 326.000,000,000 s)
2025-05-28 00:39:17,842 INFO  - Received event: 326000 (at simulation time IntraVehicleMsg)
2025-05-28 00:39:17,845 INFO  - Sent message to others cars = 'veh_55 | CartesianPoint{x=199.76,y=531.91,z=0.00}' (at simulation time 327.000,000,000 s)
2025-05-28 00:39:17,911 INFO  - Received event: 327000 (at simulation time IntraVehicleMsg)
2025-05-28 00:39:17,914 INFO  - Sent message to others cars = 'veh_55 | CartesianPoint{x=205.35,y=531.95,z=0.00}' (at simulation time 328.000,000,000 s)
2025-05-28 00:39:17,983 INFO  - Received event: 328000 (at simulation time IntraVehicleMsg)
2025-05-28 00:39:17,986 INFO  - Sent message to others cars = 'veh_55 | CartesianPoint{x=211.49,y=532.00,z=0.00}' (at simulation time 329.000,000,000 s)
2025-05-28 00:39:18,054 INFO  - Received event: 329000 (at simulation time IntraVehicleMsg)
2025-05-28 00:39:18,058 INFO  - Sent message to others cars = 'veh_55 | CartesianPoint{x=215.28,y=532.02,z=0.00}' (at simulation time 330.000,000,000 s)
2025-05-28 00:39:18,128 INFO  - Received event: 330000 (at simulation time IntraVehicleMsg)
2025-05-28 00:39:18,143 INFO  - Sent message to others cars = 'veh_55 | CartesianPoint{x=220.72,y=532.03,z=0.00}' (at simulation time 331.000,000,000 s)
2025-05-28 00:39:18,218 INFO  - Received event: 331000 (at simulation time IntraVehicleMsg)
2025-05-28 00:39:18,232 INFO  - Sent message to others cars = 'veh_55 | CartesianPoint{x=227.84,y=532.04,z=0.00}' (at simulation time 332.000,000,000 s)
2025-05-28 00:39:18,302 INFO  - Received event: 332000 (at simulation time IntraVehicleMsg)
2025-05-28 00:39:18,305 INFO  - Sent message to others cars = 'veh_55 | CartesianPoint{x=235.73,y=532.03,z=0.00}' (at simulation time 333.000,000,000 s)
2025-05-28 00:39:18,377 INFO  - Received event: 333000 (at simulation time IntraVehicleMsg)
2025-05-28 00:39:18,381 INFO  - Sent message to others cars = 'veh_55 | CartesianPoint{x=243.99,y=532.02,z=0.00}' (at simulation time 334.000,000,000 s)
2025-05-28 00:39:18,454 INFO  - Received event: 334000 (at simulation time IntraVehicleMsg)
2025-05-28 00:39:18,458 INFO  - Sent message to others cars = 'veh_55 | CartesianPoint{x=252.73,y=532.00,z=0.00}' (at simulation time 335.000,000,000 s)
2025-05-28 00:39:18,532 INFO  - Received event: 335000 (at simulation time IntraVehicleMsg)
2025-05-28 00:39:18,539 INFO  - Sent message to others cars = 'veh_55 | CartesianPoint{x=261.41,y=531.98,z=0.00}' (at simulation time 336.000,000,000 s)
2025-05-28 00:39:18,616 INFO  - Received event: 336000 (at simulation time IntraVehicleMsg)
2025-05-28 00:39:18,619 INFO  - Sent message to others cars = 'veh_55 | CartesianPoint{x=269.54,y=531.97,z=0.00}' (at simulation time 337.000,000,000 s)
2025-05-28 00:39:18,696 INFO  - Received event: 337000 (at simulation time IntraVehicleMsg)
2025-05-28 00:39:18,699 INFO  - Sent message to others cars = 'veh_55 | CartesianPoint{x=277.59,y=531.95,z=0.00}' (at simulation time 338.000,000,000 s)
2025-05-28 00:39:18,778 INFO  - Received event: 338000 (at simulation time IntraVehicleMsg)
2025-05-28 00:39:18,794 INFO  - Sent message to others cars = 'veh_55 | CartesianPoint{x=285.85,y=531.95,z=0.00}' (at simulation time 339.000,000,000 s)
2025-05-28 00:39:18,878 INFO  - Received event: 339000 (at simulation time IntraVehicleMsg)
2025-05-28 00:39:18,891 INFO  - Sent message to others cars = 'veh_55 | CartesianPoint{x=294.31,y=531.94,z=0.00}' (at simulation time 340.000,000,000 s)
2025-05-28 00:39:18,970 INFO  - Received event: 340000 (at simulation time IntraVehicleMsg)
2025-05-28 00:39:18,974 INFO  - Sent message to others cars = 'veh_55 | CartesianPoint{x=303.08,y=531.93,z=0.00}' (at simulation time 341.000,000,000 s)
2025-05-28 00:39:19,057 INFO  - Received event: 341000 (at simulation time IntraVehicleMsg)
2025-05-28 00:39:19,060 INFO  - Sent message to others cars = 'veh_55 | CartesianPoint{x=311.10,y=531.92,z=0.00}' (at simulation time 342.000,000,000 s)
2025-05-28 00:39:19,142 INFO  - Received event: 342000 (at simulation time IntraVehicleMsg)
2025-05-28 00:39:19,146 INFO  - Sent message to others cars = 'veh_55 | CartesianPoint{x=318.91,y=531.91,z=0.00}' (at simulation time 343.000,000,000 s)
2025-05-28 00:39:19,224 INFO  - Received event: 343000 (at simulation time IntraVehicleMsg)
2025-05-28 00:39:19,230 INFO  - Sent message to others cars = 'veh_55 | CartesianPoint{x=327.86,y=531.90,z=0.00}' (at simulation time 344.000,000,000 s)
2025-05-28 00:39:19,305 INFO  - Received event: 344000 (at simulation time IntraVehicleMsg)
2025-05-28 00:39:19,309 INFO  - Sent message to others cars = 'veh_55 | CartesianPoint{x=335.87,y=531.89,z=0.00}' (at simulation time 345.000,000,000 s)
2025-05-28 00:39:19,374 INFO  - Received event: 345000 (at simulation time IntraVehicleMsg)
2025-05-28 00:39:19,381 INFO  - Sent message to others cars = 'veh_55 | CartesianPoint{x=344.79,y=531.88,z=0.00}' (at simulation time 346.000,000,000 s)
2025-05-28 00:39:19,449 INFO  - Received event: 346000 (at simulation time IntraVehicleMsg)
2025-05-28 00:39:19,452 INFO  - ------------------------------------------------------------------------------------- (at simulation time 347.000,000,000 s)
2025-05-28 00:39:19,452 INFO  - Shutdown application (at simulation time 347.000,000,000 s)
2025-05-28 00:39:19,452 INFO  - ------------------------------------------------------------------------------------- (at simulation time 347.000,000,000 s)
