2025-05-28 00:21:31,772 INFO  - ------------------------------------------------------------------------------------- (at simulation time 78.000,000,000 s)
2025-05-28 00:21:31,773 INFO  - Initialize veh_15 application (at simulation time 78.000,000,000 s)
2025-05-28 00:21:31,773 INFO  - Activated AdHoc Module (at simulation time 78.000,000,000 s)
2025-05-28 00:21:31,773 INFO  - ------------------------------------------------------------------------------------- (at simulation time 78.000,000,000 s)
2025-05-28 00:21:31,774 INFO  - Sent message to others cars = 'veh_15 | CartesianPoint{x=-0.00,y=532.14,z=0.00}' (at simulation time 78.000,000,000 s)
2025-05-28 00:21:31,806 INFO  - Received event: 78000 (at simulation time IntraVehicleMsg)
2025-05-28 00:21:31,810 INFO  - Sent message to others cars = 'veh_15 | CartesianPoint{x=7.92,y=532.12,z=0.00}' (at simulation time 79.000,000,000 s)
2025-05-28 00:21:31,845 INFO  - Received event: 79000 (at simulation time IntraVehicleMsg)
2025-05-28 00:21:31,849 INFO  - Sent message to others cars = 'veh_15 | CartesianPoint{x=15.79,y=532.09,z=0.00}' (at simulation time 80.000,000,000 s)
2025-05-28 00:21:31,883 INFO  - Received event: 80000 (at simulation time IntraVehicleMsg)
2025-05-28 00:21:31,886 INFO  - Sent message to others cars = 'veh_15 | CartesianPoint{x=23.78,y=532.07,z=0.00}' (at simulation time 81.000,000,000 s)
2025-05-28 00:21:31,921 INFO  - Received event: 81000 (at simulation time IntraVehicleMsg)
2025-05-28 00:21:31,925 INFO  - Sent message to others cars = 'veh_15 | CartesianPoint{x=31.24,y=532.05,z=0.00}' (at simulation time 82.000,000,000 s)
2025-05-28 00:21:31,964 INFO  - Received event: 82000 (at simulation time IntraVehicleMsg)
2025-05-28 00:21:31,973 INFO  - Sent message to others cars = 'veh_15 | CartesianPoint{x=38.26,y=532.04,z=0.00}' (at simulation time 83.000,000,000 s)
2025-05-28 00:21:32,008 INFO  - Received event: 83000 (at simulation time IntraVehicleMsg)
2025-05-28 00:21:32,011 INFO  - Sent message to others cars = 'veh_15 | CartesianPoint{x=45.36,y=532.09,z=0.00}' (at simulation time 84.000,000,000 s)
2025-05-28 00:21:32,053 INFO  - Received event: 84000 (at simulation time IntraVehicleMsg)
2025-05-28 00:21:32,067 INFO  - Sent message to others cars = 'veh_15 | CartesianPoint{x=53.17,y=532.15,z=0.00}' (at simulation time 85.000,000,000 s)
2025-05-28 00:21:32,106 INFO  - Received event: 85000 (at simulation time IntraVehicleMsg)
2025-05-28 00:21:32,110 INFO  - Sent message to others cars = 'veh_15 | CartesianPoint{x=60.01,y=532.20,z=0.00}' (at simulation time 86.000,000,000 s)
2025-05-28 00:21:32,147 INFO  - Received event: 86000 (at simulation time IntraVehicleMsg)
2025-05-28 00:21:32,150 INFO  - Sent message to others cars = 'veh_15 | CartesianPoint{x=67.80,y=532.22,z=0.00}' (at simulation time 87.000,000,000 s)
2025-05-28 00:21:32,190 INFO  - Received event: 87000 (at simulation time IntraVehicleMsg)
2025-05-28 00:21:32,193 INFO  - Sent message to others cars = 'veh_15 | CartesianPoint{x=75.17,y=532.23,z=0.00}' (at simulation time 88.000,000,000 s)
2025-05-28 00:21:32,234 INFO  - Received event: 88000 (at simulation time IntraVehicleMsg)
2025-05-28 00:21:32,243 INFO  - Sent message to others cars = 'veh_15 | CartesianPoint{x=82.50,y=532.25,z=0.00}' (at simulation time 89.000,000,000 s)
2025-05-28 00:21:32,286 INFO  - Received event: 89000 (at simulation time IntraVehicleMsg)
2025-05-28 00:21:32,290 INFO  - Sent message to others cars = 'veh_15 | CartesianPoint{x=89.40,y=532.23,z=0.00}' (at simulation time 90.000,000,000 s)
2025-05-28 00:21:32,334 INFO  - Received event: 90000 (at simulation time IntraVehicleMsg)
2025-05-28 00:21:32,340 INFO  - Sent message to others cars = 'veh_15 | CartesianPoint{x=96.75,y=532.13,z=0.00}' (at simulation time 91.000,000,000 s)
2025-05-28 00:21:32,387 INFO  - Received event: 91000 (at simulation time IntraVehicleMsg)
2025-05-28 00:21:32,391 INFO  - Sent message to others cars = 'veh_15 | CartesianPoint{x=104.50,y=532.04,z=0.00}' (at simulation time 92.000,000,000 s)
2025-05-28 00:21:32,438 INFO  - Received event: 92000 (at simulation time IntraVehicleMsg)
2025-05-28 00:21:32,447 INFO  - Sent message to others cars = 'veh_15 | CartesianPoint{x=110.77,y=531.96,z=0.00}' (at simulation time 93.000,000,000 s)
2025-05-28 00:21:32,497 INFO  - Received event: 93000 (at simulation time IntraVehicleMsg)
2025-05-28 00:21:32,508 INFO  - Sent message to others cars = 'veh_15 | CartesianPoint{x=115.07,y=531.90,z=0.00}' (at simulation time 94.000,000,000 s)
2025-05-28 00:21:32,555 INFO  - Received event: 94000 (at simulation time IntraVehicleMsg)
2025-05-28 00:21:32,559 INFO  - Sent message to others cars = 'veh_15 | CartesianPoint{x=118.06,y=531.87,z=0.00}' (at simulation time 95.000,000,000 s)
2025-05-28 00:21:32,607 INFO  - Received event: 95000 (at simulation time IntraVehicleMsg)
2025-05-28 00:21:32,611 INFO  - Sent message to others cars = 'veh_15 | CartesianPoint{x=122.49,y=531.81,z=0.00}' (at simulation time 96.000,000,000 s)
2025-05-28 00:21:32,660 INFO  - Received event: 96000 (at simulation time IntraVehicleMsg)
2025-05-28 00:21:32,664 INFO  - Sent message to others cars = 'veh_15 | CartesianPoint{x=128.92,y=531.73,z=0.00}' (at simulation time 97.000,000,000 s)
2025-05-28 00:21:32,714 INFO  - Received event: 97000 (at simulation time IntraVehicleMsg)
2025-05-28 00:21:32,717 INFO  - Sent message to others cars = 'veh_15 | CartesianPoint{x=136.50,y=531.65,z=0.00}' (at simulation time 98.000,000,000 s)
2025-05-28 00:21:32,770 INFO  - Received event: 98000 (at simulation time IntraVehicleMsg)
2025-05-28 00:21:32,778 INFO  - Sent message to others cars = 'veh_15 | CartesianPoint{x=143.64,y=531.60,z=0.00}' (at simulation time 99.000,000,000 s)
2025-05-28 00:21:32,833 INFO  - Received event: 99000 (at simulation time IntraVehicleMsg)
2025-05-28 00:21:32,848 INFO  - Sent message to others cars = 'veh_15 | CartesianPoint{x=151.31,y=531.58,z=0.00}' (at simulation time 100.000,000,000 s)
2025-05-28 00:21:32,900 INFO  - Received event: 100000 (at simulation time IntraVehicleMsg)
2025-05-28 00:21:32,905 INFO  - Sent message to others cars = 'veh_15 | CartesianPoint{x=158.74,y=531.63,z=0.00}' (at simulation time 101.000,000,000 s)
2025-05-28 00:21:32,960 INFO  - Received event: 101000 (at simulation time IntraVehicleMsg)
2025-05-28 00:21:32,964 INFO  - Sent message to others cars = 'veh_15 | CartesianPoint{x=166.09,y=531.68,z=0.00}' (at simulation time 102.000,000,000 s)
2025-05-28 00:21:33,019 INFO  - Received event: 102000 (at simulation time IntraVehicleMsg)
2025-05-28 00:21:33,023 INFO  - Sent message to others cars = 'veh_15 | CartesianPoint{x=172.83,y=531.73,z=0.00}' (at simulation time 103.000,000,000 s)
2025-05-28 00:21:33,079 INFO  - Received event: 103000 (at simulation time IntraVehicleMsg)
2025-05-28 00:21:33,085 INFO  - Sent message to others cars = 'veh_15 | CartesianPoint{x=180.14,y=531.78,z=0.00}' (at simulation time 104.000,000,000 s)
2025-05-28 00:21:33,142 INFO  - Received event: 104000 (at simulation time IntraVehicleMsg)
2025-05-28 00:21:33,146 INFO  - Sent message to others cars = 'veh_15 | CartesianPoint{x=187.02,y=531.83,z=0.00}' (at simulation time 105.000,000,000 s)
2025-05-28 00:21:33,206 INFO  - Received event: 105000 (at simulation time IntraVehicleMsg)
2025-05-28 00:21:33,209 INFO  - Sent message to others cars = 'veh_15 | CartesianPoint{x=194.81,y=531.88,z=0.00}' (at simulation time 106.000,000,000 s)
2025-05-28 00:21:33,269 INFO  - Received event: 106000 (at simulation time IntraVehicleMsg)
2025-05-28 00:21:33,287 INFO  - Sent message to others cars = 'veh_15 | CartesianPoint{x=202.02,y=531.93,z=0.00}' (at simulation time 107.000,000,000 s)
2025-05-28 00:21:33,353 INFO  - Received event: 107000 (at simulation time IntraVehicleMsg)
2025-05-28 00:21:33,368 INFO  - Sent message to others cars = 'veh_15 | CartesianPoint{x=208.83,y=531.98,z=0.00}' (at simulation time 108.000,000,000 s)
2025-05-28 00:21:33,433 INFO  - Received event: 108000 (at simulation time IntraVehicleMsg)
2025-05-28 00:21:33,442 INFO  - Sent message to others cars = 'veh_15 | CartesianPoint{x=214.51,y=532.02,z=0.00}' (at simulation time 109.000,000,000 s)
2025-05-28 00:21:33,505 INFO  - Received event: 109000 (at simulation time IntraVehicleMsg)
2025-05-28 00:21:33,508 INFO  - Sent message to others cars = 'veh_15 | CartesianPoint{x=221.61,y=532.03,z=0.00}' (at simulation time 110.000,000,000 s)
2025-05-28 00:21:33,573 INFO  - Received event: 110000 (at simulation time IntraVehicleMsg)
2025-05-28 00:21:33,577 INFO  - Sent message to others cars = 'veh_15 | CartesianPoint{x=228.63,y=532.04,z=0.00}' (at simulation time 111.000,000,000 s)
2025-05-28 00:21:33,645 INFO  - Received event: 111000 (at simulation time IntraVehicleMsg)
2025-05-28 00:21:33,649 INFO  - Sent message to others cars = 'veh_15 | CartesianPoint{x=235.48,y=532.03,z=0.00}' (at simulation time 112.000,000,000 s)
2025-05-28 00:21:33,714 INFO  - Received event: 112000 (at simulation time IntraVehicleMsg)
2025-05-28 00:21:33,717 INFO  - Sent message to others cars = 'veh_15 | CartesianPoint{x=243.22,y=532.02,z=0.00}' (at simulation time 113.000,000,000 s)
2025-05-28 00:21:33,785 INFO  - Received event: 113000 (at simulation time IntraVehicleMsg)
2025-05-28 00:21:33,788 INFO  - Sent message to others cars = 'veh_15 | CartesianPoint{x=250.43,y=532.00,z=0.00}' (at simulation time 114.000,000,000 s)
2025-05-28 00:21:33,858 INFO  - Received event: 114000 (at simulation time IntraVehicleMsg)
2025-05-28 00:21:33,865 INFO  - Sent message to others cars = 'veh_15 | CartesianPoint{x=257.47,y=531.99,z=0.00}' (at simulation time 115.000,000,000 s)
2025-05-28 00:21:33,936 INFO  - Received event: 115000 (at simulation time IntraVehicleMsg)
2025-05-28 00:21:33,952 INFO  - Sent message to others cars = 'veh_15 | CartesianPoint{x=265.18,y=531.97,z=0.00}' (at simulation time 116.000,000,000 s)
2025-05-28 00:21:34,026 INFO  - Received event: 116000 (at simulation time IntraVehicleMsg)
2025-05-28 00:21:34,038 INFO  - Sent message to others cars = 'veh_15 | CartesianPoint{x=271.99,y=531.96,z=0.00}' (at simulation time 117.000,000,000 s)
2025-05-28 00:21:34,108 INFO  - Received event: 117000 (at simulation time IntraVehicleMsg)
2025-05-28 00:21:34,112 INFO  - Sent message to others cars = 'veh_15 | CartesianPoint{x=278.90,y=531.95,z=0.00}' (at simulation time 118.000,000,000 s)
2025-05-28 00:21:34,182 INFO  - Received event: 118000 (at simulation time IntraVehicleMsg)
2025-05-28 00:21:34,187 INFO  - Sent message to others cars = 'veh_15 | CartesianPoint{x=286.91,y=531.94,z=0.00}' (at simulation time 119.000,000,000 s)
2025-05-28 00:21:34,258 INFO  - Received event: 119000 (at simulation time IntraVehicleMsg)
2025-05-28 00:21:34,267 INFO  - Sent message to others cars = 'veh_15 | CartesianPoint{x=294.51,y=531.94,z=0.00}' (at simulation time 120.000,000,000 s)
2025-05-28 00:21:34,339 INFO  - Received event: 120000 (at simulation time IntraVehicleMsg)
2025-05-28 00:21:34,344 INFO  - Sent message to others cars = 'veh_15 | CartesianPoint{x=302.31,y=531.93,z=0.00}' (at simulation time 121.000,000,000 s)
2025-05-28 00:21:34,414 INFO  - Received event: 121000 (at simulation time IntraVehicleMsg)
2025-05-28 00:21:34,418 INFO  - Sent message to others cars = 'veh_15 | CartesianPoint{x=309.28,y=531.92,z=0.00}' (at simulation time 122.000,000,000 s)
2025-05-28 00:21:34,485 INFO  - Received event: 122000 (at simulation time IntraVehicleMsg)
2025-05-28 00:21:34,491 INFO  - Sent message to others cars = 'veh_15 | CartesianPoint{x=316.09,y=531.91,z=0.00}' (at simulation time 123.000,000,000 s)
2025-05-28 00:21:34,556 INFO  - Received event: 123000 (at simulation time IntraVehicleMsg)
2025-05-28 00:21:34,565 INFO  - Sent message to others cars = 'veh_15 | CartesianPoint{x=322.96,y=531.90,z=0.00}' (at simulation time 124.000,000,000 s)
2025-05-28 00:21:34,623 INFO  - Received event: 124000 (at simulation time IntraVehicleMsg)
2025-05-28 00:21:34,636 INFO  - Sent message to others cars = 'veh_15 | CartesianPoint{x=330.63,y=531.89,z=0.00}' (at simulation time 125.000,000,000 s)
2025-05-28 00:21:34,702 INFO  - Received event: 125000 (at simulation time IntraVehicleMsg)
2025-05-28 00:21:34,713 INFO  - Sent message to others cars = 'veh_15 | CartesianPoint{x=338.02,y=531.88,z=0.00}' (at simulation time 126.000,000,000 s)
2025-05-28 00:21:34,766 INFO  - Received event: 126000 (at simulation time IntraVehicleMsg)
2025-05-28 00:21:34,769 INFO  - Sent message to others cars = 'veh_15 | CartesianPoint{x=345.83,y=531.88,z=0.00}' (at simulation time 127.000,000,000 s)
2025-05-28 00:21:34,820 INFO  - Received event: 127000 (at simulation time IntraVehicleMsg)
2025-05-28 00:21:34,823 INFO  - ------------------------------------------------------------------------------------- (at simulation time 128.000,000,000 s)
2025-05-28 00:21:34,823 INFO  - Shutdown application (at simulation time 128.000,000,000 s)
2025-05-28 00:21:34,823 INFO  - ------------------------------------------------------------------------------------- (at simulation time 128.000,000,000 s)
