2025-05-28 00:18:39,041 INFO  - ------------------------------------------------------------------------------------- (at simulation time 253.000,000,000 s)
2025-05-28 00:18:39,041 INFO  - Initialize veh_48 application (at simulation time 253.000,000,000 s)
2025-05-28 00:18:39,041 INFO  - Activated AdHoc Module (at simulation time 253.000,000,000 s)
2025-05-28 00:18:39,041 INFO  - ------------------------------------------------------------------------------------- (at simulation time 253.000,000,000 s)
2025-05-28 00:18:39,043 INFO  - Sent message to others cars = 'veh_48 | CartesianPoint{x=143.94,y=749.34,z=0.00}' (at simulation time 253.000,000,000 s)
2025-05-28 00:18:39,148 INFO  - Received event: 253000 (at simulation time IntraVehicleMsg)
2025-05-28 00:18:39,152 INFO  - Sent message to others cars = 'veh_48 | CartesianPoint{x=143.92,y=741.62,z=0.00}' (at simulation time 254.000,000,000 s)
2025-05-28 00:18:39,259 INFO  - Received event: 254000 (at simulation time IntraVehicleMsg)
2025-05-28 00:18:39,265 INFO  - Sent message to others cars = 'veh_48 | CartesianPoint{x=143.89,y=733.34,z=0.00}' (at simulation time 255.000,000,000 s)
2025-05-28 00:18:39,373 INFO  - Received event: 255000 (at simulation time IntraVehicleMsg)
2025-05-28 00:18:39,376 INFO  - Sent message to others cars = 'veh_48 | CartesianPoint{x=143.87,y=726.11,z=0.00}' (at simulation time 256.000,000,000 s)
2025-05-28 00:18:39,486 INFO  - Received event: 256000 (at simulation time IntraVehicleMsg)
2025-05-28 00:18:39,489 INFO  - Sent message to others cars = 'veh_48 | CartesianPoint{x=143.84,y=718.77,z=0.00}' (at simulation time 257.000,000,000 s)
2025-05-28 00:18:39,599 INFO  - Received event: 257000 (at simulation time IntraVehicleMsg)
2025-05-28 00:18:39,602 INFO  - Sent message to others cars = 'veh_48 | CartesianPoint{x=143.82,y=711.68,z=0.00}' (at simulation time 258.000,000,000 s)
2025-05-28 00:18:39,714 INFO  - Received event: 258000 (at simulation time IntraVehicleMsg)
2025-05-28 00:18:39,717 INFO  - Sent message to others cars = 'veh_48 | CartesianPoint{x=140.60,y=704.35,z=0.00}' (at simulation time 259.000,000,000 s)
2025-05-28 00:18:39,839 INFO  - Received event: 259000 (at simulation time IntraVehicleMsg)
2025-05-28 00:18:39,845 INFO  - Sent message to others cars = 'veh_48 | CartesianPoint{x=140.57,y=697.29,z=0.00}' (at simulation time 260.000,000,000 s)
2025-05-28 00:18:39,957 INFO  - Received event: 260000 (at simulation time IntraVehicleMsg)
2025-05-28 00:18:39,960 INFO  - Sent message to others cars = 'veh_48 | CartesianPoint{x=140.55,y=689.90,z=0.00}' (at simulation time 261.000,000,000 s)
2025-05-28 00:18:40,075 INFO  - Received event: 261000 (at simulation time IntraVehicleMsg)
2025-05-28 00:18:40,078 INFO  - Sent message to others cars = 'veh_48 | CartesianPoint{x=140.52,y=682.17,z=0.00}' (at simulation time 262.000,000,000 s)
2025-05-28 00:18:40,195 INFO  - Received event: 262000 (at simulation time IntraVehicleMsg)
2025-05-28 00:18:40,198 INFO  - Sent message to others cars = 'veh_48 | CartesianPoint{x=140.49,y=673.99,z=0.00}' (at simulation time 263.000,000,000 s)
2025-05-28 00:18:40,305 INFO  - Received event: 263000 (at simulation time IntraVehicleMsg)
2025-05-28 00:18:40,313 INFO  - Sent message to others cars = 'veh_48 | CartesianPoint{x=140.47,y=666.30,z=0.00}' (at simulation time 264.000,000,000 s)
2025-05-28 00:18:40,424 INFO  - Received event: 264000 (at simulation time IntraVehicleMsg)
2025-05-28 00:18:40,427 INFO  - Sent message to others cars = 'veh_48 | CartesianPoint{x=140.45,y=658.15,z=0.00}' (at simulation time 265.000,000,000 s)
2025-05-28 00:18:40,539 INFO  - Received event: 265000 (at simulation time IntraVehicleMsg)
2025-05-28 00:18:40,542 INFO  - Sent message to others cars = 'veh_48 | CartesianPoint{x=140.43,y=650.45,z=0.00}' (at simulation time 266.000,000,000 s)
2025-05-28 00:18:40,655 INFO  - Received event: 266000 (at simulation time IntraVehicleMsg)
2025-05-28 00:18:40,658 INFO  - Sent message to others cars = 'veh_48 | CartesianPoint{x=140.42,y=642.79,z=0.00}' (at simulation time 267.000,000,000 s)
2025-05-28 00:18:40,773 INFO  - Received event: 267000 (at simulation time IntraVehicleMsg)
2025-05-28 00:18:40,778 INFO  - Sent message to others cars = 'veh_48 | CartesianPoint{x=140.40,y=635.23,z=0.00}' (at simulation time 268.000,000,000 s)
2025-05-28 00:18:40,895 INFO  - Received event: 268000 (at simulation time IntraVehicleMsg)
2025-05-28 00:18:40,898 INFO  - Sent message to others cars = 'veh_48 | CartesianPoint{x=140.38,y=628.01,z=0.00}' (at simulation time 269.000,000,000 s)
2025-05-28 00:18:41,009 INFO  - Received event: 269000 (at simulation time IntraVehicleMsg)
2025-05-28 00:18:41,017 INFO  - Sent message to others cars = 'veh_48 | CartesianPoint{x=140.36,y=620.68,z=0.00}' (at simulation time 270.000,000,000 s)
2025-05-28 00:18:41,114 INFO  - Received event: 270000 (at simulation time IntraVehicleMsg)
2025-05-28 00:18:41,117 INFO  - Sent message to others cars = 'veh_48 | CartesianPoint{x=140.35,y=613.19,z=0.00}' (at simulation time 271.000,000,000 s)
2025-05-28 00:18:41,218 INFO  - Received event: 271000 (at simulation time IntraVehicleMsg)
2025-05-28 00:18:41,221 INFO  - Sent message to others cars = 'veh_48 | CartesianPoint{x=140.33,y=605.81,z=0.00}' (at simulation time 272.000,000,000 s)
2025-05-28 00:18:41,317 INFO  - Received event: 272000 (at simulation time IntraVehicleMsg)
2025-05-28 00:18:41,320 INFO  - Sent message to others cars = 'veh_48 | CartesianPoint{x=140.29,y=597.86,z=0.00}' (at simulation time 273.000,000,000 s)
2025-05-28 00:18:41,421 INFO  - Received event: 273000 (at simulation time IntraVehicleMsg)
2025-05-28 00:18:41,428 INFO  - Sent message to others cars = 'veh_48 | CartesianPoint{x=140.24,y=589.72,z=0.00}' (at simulation time 274.000,000,000 s)
2025-05-28 00:18:41,535 INFO  - Received event: 274000 (at simulation time IntraVehicleMsg)
2025-05-28 00:18:41,538 INFO  - Sent message to others cars = 'veh_48 | CartesianPoint{x=140.20,y=582.05,z=0.00}' (at simulation time 275.000,000,000 s)
2025-05-28 00:18:41,630 INFO  - Received event: 275000 (at simulation time IntraVehicleMsg)
2025-05-28 00:18:41,633 INFO  - Sent message to others cars = 'veh_48 | CartesianPoint{x=140.16,y=573.78,z=0.00}' (at simulation time 276.000,000,000 s)
2025-05-28 00:18:41,728 INFO  - Received event: 276000 (at simulation time IntraVehicleMsg)
2025-05-28 00:18:41,731 INFO  - Sent message to others cars = 'veh_48 | CartesianPoint{x=140.12,y=565.82,z=0.00}' (at simulation time 277.000,000,000 s)
2025-05-28 00:18:41,813 INFO  - Received event: 277000 (at simulation time IntraVehicleMsg)
2025-05-28 00:18:41,816 INFO  - Sent message to others cars = 'veh_48 | CartesianPoint{x=140.08,y=557.80,z=0.00}' (at simulation time 278.000,000,000 s)
2025-05-28 00:18:41,901 INFO  - Received event: 278000 (at simulation time IntraVehicleMsg)
2025-05-28 00:18:41,904 INFO  - Sent message to others cars = 'veh_48 | CartesianPoint{x=140.04,y=549.91,z=0.00}' (at simulation time 279.000,000,000 s)
2025-05-28 00:18:41,984 INFO  - Received event: 279000 (at simulation time IntraVehicleMsg)
2025-05-28 00:18:41,992 INFO  - Sent message to others cars = 'veh_48 | CartesianPoint{x=140.00,y=542.95,z=0.00}' (at simulation time 280.000,000,000 s)
2025-05-28 00:18:42,071 INFO  - Received event: 280000 (at simulation time IntraVehicleMsg)
2025-05-28 00:18:42,073 INFO  - Sent message to others cars = 'veh_48 | CartesianPoint{x=139.98,y=539.51,z=0.00}' (at simulation time 281.000,000,000 s)
2025-05-28 00:18:42,144 INFO  - Received event: 281000 (at simulation time IntraVehicleMsg)
2025-05-28 00:18:42,146 INFO  - Sent message to others cars = 'veh_48 | CartesianPoint{x=139.98,y=538.44,z=0.00}' (at simulation time 282.000,000,000 s)
2025-05-28 00:18:42,218 INFO  - Received event: 282000 (at simulation time IntraVehicleMsg)
2025-05-28 00:18:42,221 INFO  - Sent message to others cars = 'veh_48 | CartesianPoint{x=139.98,y=538.26,z=0.00}' (at simulation time 283.000,000,000 s)
2025-05-28 00:18:42,292 INFO  - Received event: 283000 (at simulation time IntraVehicleMsg)
2025-05-28 00:18:42,299 INFO  - Sent message to others cars = 'veh_48 | CartesianPoint{x=139.98,y=538.20,z=0.00}' (at simulation time 284.000,000,000 s)
2025-05-28 00:18:42,372 INFO  - Received event: 284000 (at simulation time IntraVehicleMsg)
2025-05-28 00:18:42,374 INFO  - Sent message to others cars = 'veh_48 | CartesianPoint{x=139.98,y=538.19,z=0.00}' (at simulation time 285.000,000,000 s)
2025-05-28 00:18:42,440 INFO  - Received event: 285000 (at simulation time IntraVehicleMsg)
2025-05-28 00:18:42,443 INFO  - Sent message to others cars = 'veh_48 | CartesianPoint{x=139.98,y=538.19,z=0.00}' (at simulation time 286.000,000,000 s)
2025-05-28 00:18:42,505 INFO  - Received event: 286000 (at simulation time IntraVehicleMsg)
2025-05-28 00:18:42,507 INFO  - Sent message to others cars = 'veh_48 | CartesianPoint{x=139.98,y=538.19,z=0.00}' (at simulation time 287.000,000,000 s)
2025-05-28 00:18:42,574 INFO  - Received event: 287000 (at simulation time IntraVehicleMsg)
2025-05-28 00:18:42,577 INFO  - Sent message to others cars = 'veh_48 | CartesianPoint{x=139.98,y=538.19,z=0.00}' (at simulation time 288.000,000,000 s)
2025-05-28 00:18:42,641 INFO  - Received event: 288000 (at simulation time IntraVehicleMsg)
2025-05-28 00:18:42,643 INFO  - Sent message to others cars = 'veh_48 | CartesianPoint{x=139.98,y=538.19,z=0.00}' (at simulation time 289.000,000,000 s)
2025-05-28 00:18:42,707 INFO  - Received event: 289000 (at simulation time IntraVehicleMsg)
2025-05-28 00:18:42,713 INFO  - Sent message to others cars = 'veh_48 | CartesianPoint{x=139.98,y=538.19,z=0.00}' (at simulation time 290.000,000,000 s)
2025-05-28 00:18:42,777 INFO  - Received event: 290000 (at simulation time IntraVehicleMsg)
2025-05-28 00:18:42,780 INFO  - Sent message to others cars = 'veh_48 | CartesianPoint{x=139.97,y=536.74,z=0.00}' (at simulation time 291.000,000,000 s)
2025-05-28 00:18:42,845 INFO  - Received event: 291000 (at simulation time IntraVehicleMsg)
2025-05-28 00:18:42,847 INFO  - Sent message to others cars = 'veh_48 | CartesianPoint{x=139.94,y=533.89,z=0.00}' (at simulation time 292.000,000,000 s)
2025-05-28 00:18:42,914 INFO  - Received event: 292000 (at simulation time IntraVehicleMsg)
2025-05-28 00:18:42,917 INFO  - Sent message to others cars = 'veh_48 | CartesianPoint{x=139.90,y=528.79,z=0.00}' (at simulation time 293.000,000,000 s)
2025-05-28 00:18:42,983 INFO  - Received event: 293000 (at simulation time IntraVehicleMsg)
2025-05-28 00:18:42,992 INFO  - Sent message to others cars = 'veh_48 | CartesianPoint{x=139.84,y=521.75,z=0.00}' (at simulation time 294.000,000,000 s)
2025-05-28 00:18:43,055 INFO  - Received event: 294000 (at simulation time IntraVehicleMsg)
2025-05-28 00:18:43,058 INFO  - Sent message to others cars = 'veh_48 | CartesianPoint{x=139.77,y=514.37,z=0.00}' (at simulation time 295.000,000,000 s)
2025-05-28 00:18:43,123 INFO  - Received event: 295000 (at simulation time IntraVehicleMsg)
2025-05-28 00:18:43,125 INFO  - Sent message to others cars = 'veh_48 | CartesianPoint{x=139.70,y=507.14,z=0.00}' (at simulation time 296.000,000,000 s)
2025-05-28 00:18:43,190 INFO  - Received event: 296000 (at simulation time IntraVehicleMsg)
2025-05-28 00:18:43,192 INFO  - Sent message to others cars = 'veh_48 | CartesianPoint{x=139.63,y=500.16,z=0.00}' (at simulation time 297.000,000,000 s)
2025-05-28 00:18:43,262 INFO  - Received event: 297000 (at simulation time IntraVehicleMsg)
2025-05-28 00:18:43,264 INFO  - Sent message to others cars = 'veh_48 | CartesianPoint{x=139.56,y=492.02,z=0.00}' (at simulation time 298.000,000,000 s)
2025-05-28 00:18:43,335 INFO  - Received event: 298000 (at simulation time IntraVehicleMsg)
2025-05-28 00:18:43,342 INFO  - Sent message to others cars = 'veh_48 | CartesianPoint{x=139.49,y=484.92,z=0.00}' (at simulation time 299.000,000,000 s)
2025-05-28 00:18:43,408 INFO  - Received event: 299000 (at simulation time IntraVehicleMsg)
2025-05-28 00:18:43,414 INFO  - Sent message to others cars = 'veh_48 | CartesianPoint{x=139.42,y=477.38,z=0.00}' (at simulation time 300.000,000,000 s)
2025-05-28 00:18:43,479 INFO  - Received event: 300000 (at simulation time IntraVehicleMsg)
2025-05-28 00:18:43,482 INFO  - Sent message to others cars = 'veh_48 | CartesianPoint{x=139.35,y=470.18,z=0.00}' (at simulation time 301.000,000,000 s)
2025-05-28 00:18:43,548 INFO  - Received event: 301000 (at simulation time IntraVehicleMsg)
2025-05-28 00:18:43,550 INFO  - Sent message to others cars = 'veh_48 | CartesianPoint{x=139.28,y=463.02,z=0.00}' (at simulation time 302.000,000,000 s)
2025-05-28 00:18:43,612 INFO  - Received event: 302000 (at simulation time IntraVehicleMsg)
2025-05-28 00:18:43,614 INFO  - Sent message to others cars = 'veh_48 | CartesianPoint{x=139.20,y=454.82,z=0.00}' (at simulation time 303.000,000,000 s)
2025-05-28 00:18:43,674 INFO  - Received event: 303000 (at simulation time IntraVehicleMsg)
2025-05-28 00:18:43,677 INFO  - Sent message to others cars = 'veh_48 | CartesianPoint{x=139.19,y=447.22,z=0.00}' (at simulation time 304.000,000,000 s)
2025-05-28 00:18:43,732 INFO  - Received event: 304000 (at simulation time IntraVehicleMsg)
2025-05-28 00:18:43,739 INFO  - Sent message to others cars = 'veh_48 | CartesianPoint{x=139.17,y=439.87,z=0.00}' (at simulation time 305.000,000,000 s)
2025-05-28 00:18:43,796 INFO  - Received event: 305000 (at simulation time IntraVehicleMsg)
2025-05-28 00:18:43,801 INFO  - Sent message to others cars = 'veh_48 | CartesianPoint{x=139.16,y=432.43,z=0.00}' (at simulation time 306.000,000,000 s)
2025-05-28 00:18:43,856 INFO  - Received event: 306000 (at simulation time IntraVehicleMsg)
2025-05-28 00:18:43,858 INFO  - Sent message to others cars = 'veh_48 | CartesianPoint{x=139.14,y=424.31,z=0.00}' (at simulation time 307.000,000,000 s)
2025-05-28 00:18:43,915 INFO  - Received event: 307000 (at simulation time IntraVehicleMsg)
2025-05-28 00:18:43,922 INFO  - Sent message to others cars = 'veh_48 | CartesianPoint{x=139.12,y=416.11,z=0.00}' (at simulation time 308.000,000,000 s)
2025-05-28 00:18:43,980 INFO  - Received event: 308000 (at simulation time IntraVehicleMsg)
2025-05-28 00:18:43,983 INFO  - Sent message to others cars = 'veh_48 | CartesianPoint{x=139.11,y=408.61,z=0.00}' (at simulation time 309.000,000,000 s)
2025-05-28 00:18:44,044 INFO  - Received event: 309000 (at simulation time IntraVehicleMsg)
2025-05-28 00:18:44,047 INFO  - Sent message to others cars = 'veh_48 | CartesianPoint{x=139.09,y=401.42,z=0.00}' (at simulation time 310.000,000,000 s)
2025-05-28 00:18:44,106 INFO  - Received event: 310000 (at simulation time IntraVehicleMsg)
2025-05-28 00:18:44,110 INFO  - Sent message to others cars = 'veh_48 | CartesianPoint{x=139.08,y=393.18,z=0.00}' (at simulation time 311.000,000,000 s)
2025-05-28 00:18:44,170 INFO  - Received event: 311000 (at simulation time IntraVehicleMsg)
2025-05-28 00:18:44,173 INFO  - Sent message to others cars = 'veh_48 | CartesianPoint{x=139.06,y=385.97,z=0.00}' (at simulation time 312.000,000,000 s)
2025-05-28 00:18:44,235 INFO  - Received event: 312000 (at simulation time IntraVehicleMsg)
2025-05-28 00:18:44,238 INFO  - Sent message to others cars = 'veh_48 | CartesianPoint{x=139.04,y=378.24,z=0.00}' (at simulation time 313.000,000,000 s)
2025-05-28 00:18:44,304 INFO  - Received event: 313000 (at simulation time IntraVehicleMsg)
2025-05-28 00:18:44,306 INFO  - Sent message to others cars = 'veh_48 | CartesianPoint{x=139.03,y=371.13,z=0.00}' (at simulation time 314.000,000,000 s)
2025-05-28 00:18:44,371 INFO  - Received event: 314000 (at simulation time IntraVehicleMsg)
2025-05-28 00:18:44,379 INFO  - Sent message to others cars = 'veh_48 | CartesianPoint{x=139.01,y=363.34,z=0.00}' (at simulation time 315.000,000,000 s)
2025-05-28 00:18:44,440 INFO  - Received event: 315000 (at simulation time IntraVehicleMsg)
2025-05-28 00:18:44,442 INFO  - Sent message to others cars = 'veh_48 | CartesianPoint{x=138.98,y=355.17,z=0.00}' (at simulation time 316.000,000,000 s)
2025-05-28 00:18:44,498 INFO  - Received event: 316000 (at simulation time IntraVehicleMsg)
2025-05-28 00:18:44,501 INFO  - Sent message to others cars = 'veh_48 | CartesianPoint{x=138.91,y=347.15,z=0.00}' (at simulation time 317.000,000,000 s)
2025-05-28 00:18:44,551 INFO  - Received event: 317000 (at simulation time IntraVehicleMsg)
2025-05-28 00:18:44,554 INFO  - Sent message to others cars = 'veh_48 | CartesianPoint{x=138.84,y=338.87,z=0.00}' (at simulation time 318.000,000,000 s)
2025-05-28 00:18:44,600 INFO  - Received event: 318000 (at simulation time IntraVehicleMsg)
2025-05-28 00:18:44,602 INFO  - Sent message to others cars = 'veh_48 | CartesianPoint{x=138.77,y=330.63,z=0.00}' (at simulation time 319.000,000,000 s)
2025-05-28 00:18:44,645 INFO  - Received event: 319000 (at simulation time IntraVehicleMsg)
2025-05-28 00:18:44,648 INFO  - Sent message to others cars = 'veh_48 | CartesianPoint{x=138.70,y=322.85,z=0.00}' (at simulation time 320.000,000,000 s)
2025-05-28 00:18:44,690 INFO  - Received event: 320000 (at simulation time IntraVehicleMsg)
2025-05-28 00:18:44,693 INFO  - Sent message to others cars = 'veh_48 | CartesianPoint{x=138.64,y=315.75,z=0.00}' (at simulation time 321.000,000,000 s)
2025-05-28 00:18:44,737 INFO  - Received event: 321000 (at simulation time IntraVehicleMsg)
2025-05-28 00:18:44,743 INFO  - Sent message to others cars = 'veh_48 | CartesianPoint{x=138.57,y=307.49,z=0.00}' (at simulation time 322.000,000,000 s)
2025-05-28 00:18:44,786 INFO  - Received event: 322000 (at simulation time IntraVehicleMsg)
2025-05-28 00:18:44,793 INFO  - Sent message to others cars = 'veh_48 | CartesianPoint{x=138.51,y=300.25,z=0.00}' (at simulation time 323.000,000,000 s)
2025-05-28 00:18:44,839 INFO  - Received event: 323000 (at simulation time IntraVehicleMsg)
2025-05-28 00:18:44,842 INFO  - Sent message to others cars = 'veh_48 | CartesianPoint{x=138.45,y=293.03,z=0.00}' (at simulation time 324.000,000,000 s)
2025-05-28 00:18:44,887 INFO  - Received event: 324000 (at simulation time IntraVehicleMsg)
2025-05-28 00:18:44,895 INFO  - Sent message to others cars = 'veh_48 | CartesianPoint{x=138.38,y=285.81,z=0.00}' (at simulation time 325.000,000,000 s)
2025-05-28 00:18:44,941 INFO  - Received event: 325000 (at simulation time IntraVehicleMsg)
2025-05-28 00:18:44,944 INFO  - Sent message to others cars = 'veh_48 | CartesianPoint{x=138.31,y=277.81,z=0.00}' (at simulation time 326.000,000,000 s)
2025-05-28 00:18:44,989 INFO  - Received event: 326000 (at simulation time IntraVehicleMsg)
2025-05-28 00:18:44,992 INFO  - Sent message to others cars = 'veh_48 | CartesianPoint{x=138.25,y=270.66,z=0.00}' (at simulation time 327.000,000,000 s)
2025-05-28 00:18:45,041 INFO  - Received event: 327000 (at simulation time IntraVehicleMsg)
2025-05-28 00:18:45,044 INFO  - Sent message to others cars = 'veh_48 | CartesianPoint{x=138.18,y=262.50,z=0.00}' (at simulation time 328.000,000,000 s)
2025-05-28 00:18:45,092 INFO  - Received event: 328000 (at simulation time IntraVehicleMsg)
2025-05-28 00:18:45,095 INFO  - Sent message to others cars = 'veh_48 | CartesianPoint{x=138.12,y=255.44,z=0.00}' (at simulation time 329.000,000,000 s)
2025-05-28 00:18:45,145 INFO  - Received event: 329000 (at simulation time IntraVehicleMsg)
2025-05-28 00:18:45,147 INFO  - Sent message to others cars = 'veh_48 | CartesianPoint{x=138.06,y=248.22,z=0.00}' (at simulation time 330.000,000,000 s)
2025-05-28 00:18:45,200 INFO  - Received event: 330000 (at simulation time IntraVehicleMsg)
2025-05-28 00:18:45,202 INFO  - Sent message to others cars = 'veh_48 | CartesianPoint{x=138.00,y=240.26,z=0.00}' (at simulation time 331.000,000,000 s)
2025-05-28 00:18:45,254 INFO  - Received event: 331000 (at simulation time IntraVehicleMsg)
2025-05-28 00:18:45,259 INFO  - Sent message to others cars = 'veh_48 | CartesianPoint{x=137.93,y=232.26,z=0.00}' (at simulation time 332.000,000,000 s)
2025-05-28 00:18:45,312 INFO  - Received event: 332000 (at simulation time IntraVehicleMsg)
2025-05-28 00:18:45,321 INFO  - Sent message to others cars = 'veh_48 | CartesianPoint{x=137.87,y=225.09,z=0.00}' (at simulation time 333.000,000,000 s)
2025-05-28 00:18:45,375 INFO  - Received event: 333000 (at simulation time IntraVehicleMsg)
2025-05-28 00:18:45,377 INFO  - Sent message to others cars = 'veh_48 | CartesianPoint{x=137.81,y=217.69,z=0.00}' (at simulation time 334.000,000,000 s)
2025-05-28 00:18:45,431 INFO  - Received event: 334000 (at simulation time IntraVehicleMsg)
2025-05-28 00:18:45,433 INFO  - Sent message to others cars = 'veh_48 | CartesianPoint{x=137.75,y=210.36,z=0.00}' (at simulation time 335.000,000,000 s)
2025-05-28 00:18:45,488 INFO  - Received event: 335000 (at simulation time IntraVehicleMsg)
2025-05-28 00:18:45,494 INFO  - Sent message to others cars = 'veh_48 | CartesianPoint{x=137.69,y=202.68,z=0.00}' (at simulation time 336.000,000,000 s)
2025-05-28 00:18:45,552 INFO  - Received event: 336000 (at simulation time IntraVehicleMsg)
2025-05-28 00:18:45,554 INFO  - Sent message to others cars = 'veh_48 | CartesianPoint{x=137.62,y=195.34,z=0.00}' (at simulation time 337.000,000,000 s)
2025-05-28 00:18:45,611 INFO  - Received event: 337000 (at simulation time IntraVehicleMsg)
2025-05-28 00:18:45,613 INFO  - Sent message to others cars = 'veh_48 | CartesianPoint{x=137.56,y=188.02,z=0.00}' (at simulation time 338.000,000,000 s)
2025-05-28 00:18:45,661 INFO  - Received event: 338000 (at simulation time IntraVehicleMsg)
2025-05-28 00:18:45,663 INFO  - Sent message to others cars = 'veh_48 | CartesianPoint{x=137.50,y=180.09,z=0.00}' (at simulation time 339.000,000,000 s)
2025-05-28 00:18:45,709 INFO  - Received event: 339000 (at simulation time IntraVehicleMsg)
2025-05-28 00:18:45,713 INFO  - Sent message to others cars = 'veh_48 | CartesianPoint{x=137.43,y=172.05,z=0.00}' (at simulation time 340.000,000,000 s)
2025-05-28 00:18:45,757 INFO  - Received event: 340000 (at simulation time IntraVehicleMsg)
2025-05-28 00:18:45,762 INFO  - Sent message to others cars = 'veh_48 | CartesianPoint{x=137.37,y=164.59,z=0.00}' (at simulation time 341.000,000,000 s)
2025-05-28 00:18:45,807 INFO  - Received event: 341000 (at simulation time IntraVehicleMsg)
2025-05-28 00:18:45,809 INFO  - Sent message to others cars = 'veh_48 | CartesianPoint{x=137.31,y=157.30,z=0.00}' (at simulation time 342.000,000,000 s)
2025-05-28 00:18:45,855 INFO  - Received event: 342000 (at simulation time IntraVehicleMsg)
2025-05-28 00:18:45,857 INFO  - Sent message to others cars = 'veh_48 | CartesianPoint{x=137.25,y=149.47,z=0.00}' (at simulation time 343.000,000,000 s)
2025-05-28 00:18:45,910 INFO  - Received event: 343000 (at simulation time IntraVehicleMsg)
2025-05-28 00:18:45,913 INFO  - Sent message to others cars = 'veh_48 | CartesianPoint{x=137.18,y=141.37,z=0.00}' (at simulation time 344.000,000,000 s)
2025-05-28 00:18:45,960 INFO  - Received event: 344000 (at simulation time IntraVehicleMsg)
2025-05-28 00:18:45,963 INFO  - Sent message to others cars = 'veh_48 | CartesianPoint{x=137.19,y=133.20,z=0.00}' (at simulation time 345.000,000,000 s)
2025-05-28 00:18:46,012 INFO  - Received event: 345000 (at simulation time IntraVehicleMsg)
2025-05-28 00:18:46,018 INFO  - Sent message to others cars = 'veh_48 | CartesianPoint{x=137.24,y=125.40,z=0.00}' (at simulation time 346.000,000,000 s)
2025-05-28 00:18:46,065 INFO  - Received event: 346000 (at simulation time IntraVehicleMsg)
2025-05-28 00:18:46,067 INFO  - Sent message to others cars = 'veh_48 | CartesianPoint{x=137.28,y=117.27,z=0.00}' (at simulation time 347.000,000,000 s)
2025-05-28 00:18:46,114 INFO  - Received event: 347000 (at simulation time IntraVehicleMsg)
2025-05-28 00:18:46,117 INFO  - Sent message to others cars = 'veh_48 | CartesianPoint{x=137.32,y=109.71,z=0.00}' (at simulation time 348.000,000,000 s)
2025-05-28 00:18:46,164 INFO  - Received event: 348000 (at simulation time IntraVehicleMsg)
2025-05-28 00:18:46,167 INFO  - Sent message to others cars = 'veh_48 | CartesianPoint{x=137.37,y=101.65,z=0.00}' (at simulation time 349.000,000,000 s)
2025-05-28 00:18:46,215 INFO  - Received event: 349000 (at simulation time IntraVehicleMsg)
2025-05-28 00:18:46,218 INFO  - Sent message to others cars = 'veh_48 | CartesianPoint{x=137.41,y=93.52,z=0.00}' (at simulation time 350.000,000,000 s)
2025-05-28 00:18:46,269 INFO  - Received event: 350000 (at simulation time IntraVehicleMsg)
2025-05-28 00:18:46,274 INFO  - Sent message to others cars = 'veh_48 | CartesianPoint{x=137.46,y=85.64,z=0.00}' (at simulation time 351.000,000,000 s)
2025-05-28 00:18:46,323 INFO  - Received event: 351000 (at simulation time IntraVehicleMsg)
2025-05-28 00:18:46,326 INFO  - Sent message to others cars = 'veh_48 | CartesianPoint{x=137.50,y=78.08,z=0.00}' (at simulation time 352.000,000,000 s)
2025-05-28 00:18:46,373 INFO  - Received event: 352000 (at simulation time IntraVehicleMsg)
2025-05-28 00:18:46,382 INFO  - Sent message to others cars = 'veh_48 | CartesianPoint{x=140.51,y=70.80,z=0.00}' (at simulation time 353.000,000,000 s)
2025-05-28 00:18:46,426 INFO  - Received event: 353000 (at simulation time IntraVehicleMsg)
2025-05-28 00:18:46,428 INFO  - Sent message to others cars = 'veh_48 | CartesianPoint{x=145.18,y=64.58,z=0.00}' (at simulation time 354.000,000,000 s)
2025-05-28 00:18:46,470 INFO  - Received event: 354000 (at simulation time IntraVehicleMsg)
2025-05-28 00:18:46,473 INFO  - Sent message to others cars = 'veh_48 | CartesianPoint{x=150.87,y=59.25,z=0.00}' (at simulation time 355.000,000,000 s)
2025-05-28 00:18:46,513 INFO  - Received event: 355000 (at simulation time IntraVehicleMsg)
2025-05-28 00:18:46,520 INFO  - Sent message to others cars = 'veh_48 | CartesianPoint{x=156.11,y=53.90,z=0.00}' (at simulation time 356.000,000,000 s)
2025-05-28 00:18:46,558 INFO  - Received event: 356000 (at simulation time IntraVehicleMsg)
2025-05-28 00:18:46,560 INFO  - Sent message to others cars = 'veh_48 | CartesianPoint{x=161.13,y=48.37,z=0.00}' (at simulation time 357.000,000,000 s)
2025-05-28 00:18:46,600 INFO  - Received event: 357000 (at simulation time IntraVehicleMsg)
2025-05-28 00:18:46,603 INFO  - Sent message to others cars = 'veh_48 | CartesianPoint{x=166.64,y=42.32,z=0.00}' (at simulation time 358.000,000,000 s)
2025-05-28 00:18:46,642 INFO  - Received event: 358000 (at simulation time IntraVehicleMsg)
2025-05-28 00:18:46,645 INFO  - Sent message to others cars = 'veh_48 | CartesianPoint{x=171.54,y=36.93,z=0.00}' (at simulation time 359.000,000,000 s)
2025-05-28 00:18:46,685 INFO  - Received event: 359000 (at simulation time IntraVehicleMsg)
2025-05-28 00:18:46,688 INFO  - Sent message to others cars = 'veh_48 | CartesianPoint{x=176.83,y=31.11,z=0.00}' (at simulation time 360.000,000,000 s)
2025-05-28 00:18:46,722 INFO  - Received event: 360000 (at simulation time IntraVehicleMsg)
2025-05-28 00:18:46,724 INFO  - Sent message to others cars = 'veh_48 | CartesianPoint{x=181.70,y=25.76,z=0.00}' (at simulation time 361.000,000,000 s)
2025-05-28 00:18:46,759 INFO  - Received event: 361000 (at simulation time IntraVehicleMsg)
2025-05-28 00:18:46,764 INFO  - Sent message to others cars = 'veh_48 | CartesianPoint{x=186.92,y=20.01,z=0.00}' (at simulation time 362.000,000,000 s)
2025-05-28 00:18:46,795 INFO  - Received event: 362000 (at simulation time IntraVehicleMsg)
2025-05-28 00:18:46,799 INFO  - Sent message to others cars = 'veh_48 | CartesianPoint{x=192.32,y=14.08,z=0.00}' (at simulation time 363.000,000,000 s)
2025-05-28 00:18:46,829 INFO  - Received event: 363000 (at simulation time IntraVehicleMsg)
2025-05-28 00:18:46,832 INFO  - Sent message to others cars = 'veh_48 | CartesianPoint{x=195.32,y=7.01,z=0.00}' (at simulation time 364.000,000,000 s)
2025-05-28 00:18:46,863 INFO  - Received event: 364000 (at simulation time IntraVehicleMsg)
2025-05-28 00:18:46,866 INFO  - ------------------------------------------------------------------------------------- (at simulation time 365.000,000,000 s)
2025-05-28 00:18:46,866 INFO  - Shutdown application (at simulation time 365.000,000,000 s)
2025-05-28 00:18:46,866 INFO  - ------------------------------------------------------------------------------------- (at simulation time 365.000,000,000 s)
