2025-05-28 00:48:46,243 INFO  - ------------------------------------------------------------------------------------- (at simulation time 243.000,000,000 s)
2025-05-28 00:48:46,243 INFO  - Initialize veh_47 application (at simulation time 243.000,000,000 s)
2025-05-28 00:48:46,243 INFO  - Activated AdHoc Module (at simulation time 243.000,000,000 s)
2025-05-28 00:48:46,243 INFO  - ------------------------------------------------------------------------------------- (at simulation time 243.000,000,000 s)
2025-05-28 00:48:46,244 INFO  - Sent message to others cars = 'veh_47 | CartesianPoint{x=-0.01,y=528.94,z=0.00}' (at simulation time 243.000,000,000 s)
2025-05-28 00:48:46,316 INFO  - Received event: 243000 (at simulation time IntraVehicleMsg)
2025-05-28 00:48:46,321 INFO  - Sent message to others cars = 'veh_47 | CartesianPoint{x=7.76,y=528.92,z=0.00}' (at simulation time 244.000,000,000 s)
2025-05-28 00:48:46,394 INFO  - Received event: 244000 (at simulation time IntraVehicleMsg)
2025-05-28 00:48:46,397 INFO  - Sent message to others cars = 'veh_47 | CartesianPoint{x=14.44,y=528.90,z=0.00}' (at simulation time 245.000,000,000 s)
2025-05-28 00:48:46,474 INFO  - Received event: 245000 (at simulation time IntraVehicleMsg)
2025-05-28 00:48:46,477 INFO  - Sent message to others cars = 'veh_47 | CartesianPoint{x=21.85,y=528.88,z=0.00}' (at simulation time 246.000,000,000 s)
2025-05-28 00:48:46,556 INFO  - Received event: 246000 (at simulation time IntraVehicleMsg)
2025-05-28 00:48:46,562 INFO  - Sent message to others cars = 'veh_47 | CartesianPoint{x=29.19,y=528.86,z=0.00}' (at simulation time 247.000,000,000 s)
2025-05-28 00:48:46,641 INFO  - Received event: 247000 (at simulation time IntraVehicleMsg)
2025-05-28 00:48:46,645 INFO  - Sent message to others cars = 'veh_47 | CartesianPoint{x=36.41,y=528.82,z=0.00}' (at simulation time 248.000,000,000 s)
2025-05-28 00:48:46,720 INFO  - Received event: 248000 (at simulation time IntraVehicleMsg)
2025-05-28 00:48:46,726 INFO  - Sent message to others cars = 'veh_47 | CartesianPoint{x=43.36,y=528.87,z=0.00}' (at simulation time 249.000,000,000 s)
2025-05-28 00:48:46,797 INFO  - Received event: 249000 (at simulation time IntraVehicleMsg)
2025-05-28 00:48:46,800 INFO  - Sent message to others cars = 'veh_47 | CartesianPoint{x=51.09,y=528.93,z=0.00}' (at simulation time 250.000,000,000 s)
2025-05-28 00:48:46,872 INFO  - Received event: 250000 (at simulation time IntraVehicleMsg)
2025-05-28 00:48:46,875 INFO  - Sent message to others cars = 'veh_47 | CartesianPoint{x=58.71,y=528.99,z=0.00}' (at simulation time 251.000,000,000 s)
2025-05-28 00:48:46,951 INFO  - Received event: 251000 (at simulation time IntraVehicleMsg)
2025-05-28 00:48:46,954 INFO  - Sent message to others cars = 'veh_47 | CartesianPoint{x=66.13,y=529.01,z=0.00}' (at simulation time 252.000,000,000 s)
2025-05-28 00:48:47,019 INFO  - Received event: 252000 (at simulation time IntraVehicleMsg)
2025-05-28 00:48:47,027 INFO  - Sent message to others cars = 'veh_47 | CartesianPoint{x=73.49,y=529.03,z=0.00}' (at simulation time 253.000,000,000 s)
2025-05-28 00:48:47,089 INFO  - Received event: 253000 (at simulation time IntraVehicleMsg)
2025-05-28 00:48:47,091 INFO  - Sent message to others cars = 'veh_47 | CartesianPoint{x=80.27,y=529.05,z=0.00}' (at simulation time 254.000,000,000 s)
2025-05-28 00:48:47,156 INFO  - Received event: 254000 (at simulation time IntraVehicleMsg)
2025-05-28 00:48:47,166 INFO  - Sent message to others cars = 'veh_47 | CartesianPoint{x=87.19,y=529.05,z=0.00}' (at simulation time 255.000,000,000 s)
2025-05-28 00:48:47,229 INFO  - Received event: 255000 (at simulation time IntraVehicleMsg)
2025-05-28 00:48:47,232 INFO  - Sent message to others cars = 'veh_47 | CartesianPoint{x=95.03,y=528.96,z=0.00}' (at simulation time 256.000,000,000 s)
2025-05-28 00:48:47,291 INFO  - Received event: 256000 (at simulation time IntraVehicleMsg)
2025-05-28 00:48:47,293 INFO  - Sent message to others cars = 'veh_47 | CartesianPoint{x=102.18,y=528.87,z=0.00}' (at simulation time 257.000,000,000 s)
2025-05-28 00:48:47,348 INFO  - Received event: 257000 (at simulation time IntraVehicleMsg)
2025-05-28 00:48:47,350 INFO  - Sent message to others cars = 'veh_47 | CartesianPoint{x=108.89,y=528.78,z=0.00}' (at simulation time 258.000,000,000 s)
2025-05-28 00:48:47,400 INFO  - Received event: 258000 (at simulation time IntraVehicleMsg)
2025-05-28 00:48:47,402 INFO  - Sent message to others cars = 'veh_47 | CartesianPoint{x=116.06,y=528.69,z=0.00}' (at simulation time 259.000,000,000 s)
2025-05-28 00:48:47,452 INFO  - Received event: 259000 (at simulation time IntraVehicleMsg)
2025-05-28 00:48:47,455 INFO  - Sent message to others cars = 'veh_47 | CartesianPoint{x=122.75,y=528.61,z=0.00}' (at simulation time 260.000,000,000 s)
2025-05-28 00:48:47,499 INFO  - Received event: 260000 (at simulation time IntraVehicleMsg)
2025-05-28 00:48:47,504 INFO  - Sent message to others cars = 'veh_47 | CartesianPoint{x=129.20,y=528.52,z=0.00}' (at simulation time 261.000,000,000 s)
2025-05-28 00:48:47,547 INFO  - Received event: 261000 (at simulation time IntraVehicleMsg)
2025-05-28 00:48:47,549 INFO  - Sent message to others cars = 'veh_47 | CartesianPoint{x=132.74,y=528.48,z=0.00}' (at simulation time 262.000,000,000 s)
2025-05-28 00:48:47,593 INFO  - Received event: 262000 (at simulation time IntraVehicleMsg)
2025-05-28 00:48:47,595 INFO  - Sent message to others cars = 'veh_47 | CartesianPoint{x=133.23,y=528.47,z=0.00}' (at simulation time 263.000,000,000 s)
2025-05-28 00:48:47,640 INFO  - Received event: 263000 (at simulation time IntraVehicleMsg)
2025-05-28 00:48:47,647 INFO  - Sent message to others cars = 'veh_47 | CartesianPoint{x=133.29,y=528.47,z=0.00}' (at simulation time 264.000,000,000 s)
2025-05-28 00:48:47,693 INFO  - Received event: 264000 (at simulation time IntraVehicleMsg)
2025-05-28 00:48:47,696 INFO  - Sent message to others cars = 'veh_47 | CartesianPoint{x=133.30,y=528.47,z=0.00}' (at simulation time 265.000,000,000 s)
2025-05-28 00:48:47,743 INFO  - Received event: 265000 (at simulation time IntraVehicleMsg)
2025-05-28 00:48:47,745 INFO  - Sent message to others cars = 'veh_47 | CartesianPoint{x=133.30,y=528.47,z=0.00}' (at simulation time 266.000,000,000 s)
2025-05-28 00:48:47,794 INFO  - Received event: 266000 (at simulation time IntraVehicleMsg)
2025-05-28 00:48:47,796 INFO  - Sent message to others cars = 'veh_47 | CartesianPoint{x=133.30,y=528.47,z=0.00}' (at simulation time 267.000,000,000 s)
2025-05-28 00:48:47,847 INFO  - Received event: 267000 (at simulation time IntraVehicleMsg)
2025-05-28 00:48:47,849 INFO  - Sent message to others cars = 'veh_47 | CartesianPoint{x=133.30,y=528.47,z=0.00}' (at simulation time 268.000,000,000 s)
2025-05-28 00:48:47,901 INFO  - Received event: 268000 (at simulation time IntraVehicleMsg)
2025-05-28 00:48:47,903 INFO  - Sent message to others cars = 'veh_47 | CartesianPoint{x=133.30,y=528.47,z=0.00}' (at simulation time 269.000,000,000 s)
2025-05-28 00:48:47,959 INFO  - Received event: 269000 (at simulation time IntraVehicleMsg)
2025-05-28 00:48:47,965 INFO  - Sent message to others cars = 'veh_47 | CartesianPoint{x=133.30,y=528.47,z=0.00}' (at simulation time 270.000,000,000 s)
2025-05-28 00:48:48,017 INFO  - Received event: 270000 (at simulation time IntraVehicleMsg)
2025-05-28 00:48:48,024 INFO  - Sent message to others cars = 'veh_47 | CartesianPoint{x=133.30,y=528.47,z=0.00}' (at simulation time 271.000,000,000 s)
2025-05-28 00:48:48,076 INFO  - Received event: 271000 (at simulation time IntraVehicleMsg)
2025-05-28 00:48:48,079 INFO  - Sent message to others cars = 'veh_47 | CartesianPoint{x=133.30,y=528.47,z=0.00}' (at simulation time 272.000,000,000 s)
2025-05-28 00:48:48,131 INFO  - Received event: 272000 (at simulation time IntraVehicleMsg)
2025-05-28 00:48:48,134 INFO  - Sent message to others cars = 'veh_47 | CartesianPoint{x=133.30,y=528.47,z=0.00}' (at simulation time 273.000,000,000 s)
2025-05-28 00:48:48,187 INFO  - Received event: 273000 (at simulation time IntraVehicleMsg)
2025-05-28 00:48:48,194 INFO  - Sent message to others cars = 'veh_47 | CartesianPoint{x=133.30,y=528.47,z=0.00}' (at simulation time 274.000,000,000 s)
2025-05-28 00:48:48,252 INFO  - Received event: 274000 (at simulation time IntraVehicleMsg)
2025-05-28 00:48:48,255 INFO  - Sent message to others cars = 'veh_47 | CartesianPoint{x=133.30,y=528.47,z=0.00}' (at simulation time 275.000,000,000 s)
2025-05-28 00:48:48,311 INFO  - Received event: 275000 (at simulation time IntraVehicleMsg)
2025-05-28 00:48:48,313 INFO  - Sent message to others cars = 'veh_47 | CartesianPoint{x=133.30,y=528.47,z=0.00}' (at simulation time 276.000,000,000 s)
2025-05-28 00:48:48,367 INFO  - Received event: 276000 (at simulation time IntraVehicleMsg)
2025-05-28 00:48:48,369 INFO  - Sent message to others cars = 'veh_47 | CartesianPoint{x=133.30,y=528.47,z=0.00}' (at simulation time 277.000,000,000 s)
2025-05-28 00:48:48,423 INFO  - Received event: 277000 (at simulation time IntraVehicleMsg)
2025-05-28 00:48:48,425 INFO  - Sent message to others cars = 'veh_47 | CartesianPoint{x=133.30,y=528.47,z=0.00}' (at simulation time 278.000,000,000 s)
2025-05-28 00:48:48,485 INFO  - Received event: 278000 (at simulation time IntraVehicleMsg)
2025-05-28 00:48:48,496 INFO  - Sent message to others cars = 'veh_47 | CartesianPoint{x=133.30,y=528.47,z=0.00}' (at simulation time 279.000,000,000 s)
2025-05-28 00:48:48,553 INFO  - Received event: 279000 (at simulation time IntraVehicleMsg)
2025-05-28 00:48:48,558 INFO  - Sent message to others cars = 'veh_47 | CartesianPoint{x=133.30,y=528.47,z=0.00}' (at simulation time 280.000,000,000 s)
2025-05-28 00:48:48,615 INFO  - Received event: 280000 (at simulation time IntraVehicleMsg)
2025-05-28 00:48:48,618 INFO  - Sent message to others cars = 'veh_47 | CartesianPoint{x=133.30,y=528.47,z=0.00}' (at simulation time 281.000,000,000 s)
2025-05-28 00:48:48,675 INFO  - Received event: 281000 (at simulation time IntraVehicleMsg)
2025-05-28 00:48:48,678 INFO  - Sent message to others cars = 'veh_47 | CartesianPoint{x=133.30,y=528.47,z=0.00}' (at simulation time 282.000,000,000 s)
2025-05-28 00:48:48,731 INFO  - Received event: 282000 (at simulation time IntraVehicleMsg)
2025-05-28 00:48:48,734 INFO  - Sent message to others cars = 'veh_47 | CartesianPoint{x=133.30,y=528.47,z=0.00}' (at simulation time 283.000,000,000 s)
2025-05-28 00:48:48,783 INFO  - Received event: 283000 (at simulation time IntraVehicleMsg)
2025-05-28 00:48:48,790 INFO  - Sent message to others cars = 'veh_47 | CartesianPoint{x=133.30,y=528.47,z=0.00}' (at simulation time 284.000,000,000 s)
2025-05-28 00:48:48,838 INFO  - Received event: 284000 (at simulation time IntraVehicleMsg)
2025-05-28 00:48:48,841 INFO  - Sent message to others cars = 'veh_47 | CartesianPoint{x=133.30,y=528.47,z=0.00}' (at simulation time 285.000,000,000 s)
2025-05-28 00:48:48,892 INFO  - Received event: 285000 (at simulation time IntraVehicleMsg)
2025-05-28 00:48:48,894 INFO  - Sent message to others cars = 'veh_47 | CartesianPoint{x=133.30,y=528.47,z=0.00}' (at simulation time 286.000,000,000 s)
2025-05-28 00:48:48,944 INFO  - Received event: 286000 (at simulation time IntraVehicleMsg)
2025-05-28 00:48:48,947 INFO  - Sent message to others cars = 'veh_47 | CartesianPoint{x=133.30,y=528.47,z=0.00}' (at simulation time 287.000,000,000 s)
2025-05-28 00:48:48,999 INFO  - Received event: 287000 (at simulation time IntraVehicleMsg)
2025-05-28 00:48:49,002 INFO  - Sent message to others cars = 'veh_47 | CartesianPoint{x=133.30,y=528.47,z=0.00}' (at simulation time 288.000,000,000 s)
2025-05-28 00:48:49,057 INFO  - Received event: 288000 (at simulation time IntraVehicleMsg)
2025-05-28 00:48:49,068 INFO  - Sent message to others cars = 'veh_47 | CartesianPoint{x=133.30,y=528.47,z=0.00}' (at simulation time 289.000,000,000 s)
2025-05-28 00:48:49,122 INFO  - Received event: 289000 (at simulation time IntraVehicleMsg)
2025-05-28 00:48:49,125 INFO  - Sent message to others cars = 'veh_47 | CartesianPoint{x=133.30,y=528.47,z=0.00}' (at simulation time 290.000,000,000 s)
2025-05-28 00:48:49,177 INFO  - Received event: 290000 (at simulation time IntraVehicleMsg)
2025-05-28 00:48:49,180 INFO  - Sent message to others cars = 'veh_47 | CartesianPoint{x=133.30,y=528.47,z=0.00}' (at simulation time 291.000,000,000 s)
2025-05-28 00:48:49,234 INFO  - Received event: 291000 (at simulation time IntraVehicleMsg)
2025-05-28 00:48:49,237 INFO  - Sent message to others cars = 'veh_47 | CartesianPoint{x=133.30,y=528.47,z=0.00}' (at simulation time 292.000,000,000 s)
2025-05-28 00:48:49,299 INFO  - Received event: 292000 (at simulation time IntraVehicleMsg)
2025-05-28 00:48:49,302 INFO  - Sent message to others cars = 'veh_47 | CartesianPoint{x=133.30,y=528.47,z=0.00}' (at simulation time 293.000,000,000 s)
2025-05-28 00:48:49,361 INFO  - Received event: 293000 (at simulation time IntraVehicleMsg)
2025-05-28 00:48:49,372 INFO  - Sent message to others cars = 'veh_47 | CartesianPoint{x=133.30,y=528.47,z=0.00}' (at simulation time 294.000,000,000 s)
2025-05-28 00:48:49,427 INFO  - Received event: 294000 (at simulation time IntraVehicleMsg)
2025-05-28 00:48:49,431 INFO  - Sent message to others cars = 'veh_47 | CartesianPoint{x=133.30,y=528.47,z=0.00}' (at simulation time 295.000,000,000 s)
2025-05-28 00:48:49,491 INFO  - Received event: 295000 (at simulation time IntraVehicleMsg)
2025-05-28 00:48:49,495 INFO  - Sent message to others cars = 'veh_47 | CartesianPoint{x=133.30,y=528.47,z=0.00}' (at simulation time 296.000,000,000 s)
2025-05-28 00:48:49,558 INFO  - Received event: 296000 (at simulation time IntraVehicleMsg)
2025-05-28 00:48:49,561 INFO  - Sent message to others cars = 'veh_47 | CartesianPoint{x=133.30,y=528.47,z=0.00}' (at simulation time 297.000,000,000 s)
2025-05-28 00:48:49,624 INFO  - Received event: 297000 (at simulation time IntraVehicleMsg)
2025-05-28 00:48:49,634 INFO  - Sent message to others cars = 'veh_47 | CartesianPoint{x=133.30,y=528.47,z=0.00}' (at simulation time 298.000,000,000 s)
2025-05-28 00:48:49,689 INFO  - Received event: 298000 (at simulation time IntraVehicleMsg)
2025-05-28 00:48:49,694 INFO  - Sent message to others cars = 'veh_47 | CartesianPoint{x=133.30,y=528.47,z=0.00}' (at simulation time 299.000,000,000 s)
2025-05-28 00:48:49,744 INFO  - Received event: 299000 (at simulation time IntraVehicleMsg)
2025-05-28 00:48:49,747 INFO  - Sent message to others cars = 'veh_47 | CartesianPoint{x=133.30,y=528.47,z=0.00}' (at simulation time 300.000,000,000 s)
2025-05-28 00:48:49,795 INFO  - Received event: 300000 (at simulation time IntraVehicleMsg)
2025-05-28 00:48:49,798 INFO  - Sent message to others cars = 'veh_47 | CartesianPoint{x=133.30,y=528.47,z=0.00}' (at simulation time 301.000,000,000 s)
2025-05-28 00:48:49,840 INFO  - Received event: 301000 (at simulation time IntraVehicleMsg)
2025-05-28 00:48:49,843 INFO  - Sent message to others cars = 'veh_47 | CartesianPoint{x=133.30,y=528.47,z=0.00}' (at simulation time 302.000,000,000 s)
2025-05-28 00:48:49,881 INFO  - Received event: 302000 (at simulation time IntraVehicleMsg)
2025-05-28 00:48:49,884 INFO  - Sent message to others cars = 'veh_47 | CartesianPoint{x=133.30,y=528.47,z=0.00}' (at simulation time 303.000,000,000 s)
2025-05-28 00:48:49,925 INFO  - Received event: 303000 (at simulation time IntraVehicleMsg)
2025-05-28 00:48:49,928 INFO  - Sent message to others cars = 'veh_47 | CartesianPoint{x=133.30,y=528.47,z=0.00}' (at simulation time 304.000,000,000 s)
2025-05-28 00:48:49,968 INFO  - Received event: 304000 (at simulation time IntraVehicleMsg)
2025-05-28 00:48:49,986 INFO  - Sent message to others cars = 'veh_47 | CartesianPoint{x=133.30,y=528.47,z=0.00}' (at simulation time 305.000,000,000 s)
2025-05-28 00:48:50,030 INFO  - Received event: 305000 (at simulation time IntraVehicleMsg)
2025-05-28 00:48:50,039 INFO  - Sent message to others cars = 'veh_47 | CartesianPoint{x=133.30,y=528.47,z=0.00}' (at simulation time 306.000,000,000 s)
2025-05-28 00:48:50,080 INFO  - Received event: 306000 (at simulation time IntraVehicleMsg)
2025-05-28 00:48:50,083 INFO  - Sent message to others cars = 'veh_47 | CartesianPoint{x=133.30,y=528.47,z=0.00}' (at simulation time 307.000,000,000 s)
2025-05-28 00:48:50,126 INFO  - Received event: 307000 (at simulation time IntraVehicleMsg)
2025-05-28 00:48:50,135 INFO  - Sent message to others cars = 'veh_47 | CartesianPoint{x=133.30,y=528.47,z=0.00}' (at simulation time 308.000,000,000 s)
2025-05-28 00:48:50,177 INFO  - Received event: 308000 (at simulation time IntraVehicleMsg)
2025-05-28 00:48:50,180 INFO  - Sent message to others cars = 'veh_47 | CartesianPoint{x=133.30,y=528.47,z=0.00}' (at simulation time 309.000,000,000 s)
2025-05-28 00:48:50,223 INFO  - Received event: 309000 (at simulation time IntraVehicleMsg)
2025-05-28 00:48:50,227 INFO  - Sent message to others cars = 'veh_47 | CartesianPoint{x=133.30,y=528.47,z=0.00}' (at simulation time 310.000,000,000 s)
2025-05-28 00:48:50,272 INFO  - Received event: 310000 (at simulation time IntraVehicleMsg)
2025-05-28 00:48:50,275 INFO  - Sent message to others cars = 'veh_47 | CartesianPoint{x=133.30,y=528.47,z=0.00}' (at simulation time 311.000,000,000 s)
2025-05-28 00:48:50,321 INFO  - Received event: 311000 (at simulation time IntraVehicleMsg)
2025-05-28 00:48:50,324 INFO  - Sent message to others cars = 'veh_47 | CartesianPoint{x=133.30,y=528.47,z=0.00}' (at simulation time 312.000,000,000 s)
2025-05-28 00:48:50,373 INFO  - Received event: 312000 (at simulation time IntraVehicleMsg)
2025-05-28 00:48:50,376 INFO  - Sent message to others cars = 'veh_47 | CartesianPoint{x=133.30,y=528.47,z=0.00}' (at simulation time 313.000,000,000 s)
2025-05-28 00:48:50,435 INFO  - Received event: 313000 (at simulation time IntraVehicleMsg)
2025-05-28 00:48:50,439 INFO  - Sent message to others cars = 'veh_47 | CartesianPoint{x=133.30,y=528.47,z=0.00}' (at simulation time 314.000,000,000 s)
2025-05-28 00:48:50,487 INFO  - Received event: 314000 (at simulation time IntraVehicleMsg)
2025-05-28 00:48:50,496 INFO  - Sent message to others cars = 'veh_47 | CartesianPoint{x=135.26,y=528.45,z=0.00}' (at simulation time 315.000,000,000 s)
2025-05-28 00:48:50,546 INFO  - Received event: 315000 (at simulation time IntraVehicleMsg)
2025-05-28 00:48:50,550 INFO  - Sent message to others cars = 'veh_47 | CartesianPoint{x=139.37,y=528.43,z=0.00}' (at simulation time 316.000,000,000 s)
2025-05-28 00:48:50,603 INFO  - Received event: 316000 (at simulation time IntraVehicleMsg)
2025-05-28 00:48:50,606 INFO  - Sent message to others cars = 'veh_47 | CartesianPoint{x=144.93,y=528.39,z=0.00}' (at simulation time 317.000,000,000 s)
2025-05-28 00:48:50,658 INFO  - Received event: 317000 (at simulation time IntraVehicleMsg)
2025-05-28 00:48:50,661 INFO  - Sent message to others cars = 'veh_47 | CartesianPoint{x=152.43,y=528.39,z=0.00}' (at simulation time 318.000,000,000 s)
2025-05-28 00:48:50,714 INFO  - Received event: 318000 (at simulation time IntraVehicleMsg)
2025-05-28 00:48:50,730 INFO  - Sent message to others cars = 'veh_47 | CartesianPoint{x=159.65,y=528.44,z=0.00}' (at simulation time 319.000,000,000 s)
2025-05-28 00:48:50,791 INFO  - Received event: 319000 (at simulation time IntraVehicleMsg)
2025-05-28 00:48:50,801 INFO  - Sent message to others cars = 'veh_47 | CartesianPoint{x=166.78,y=528.49,z=0.00}' (at simulation time 320.000,000,000 s)
2025-05-28 00:48:50,856 INFO  - Received event: 320000 (at simulation time IntraVehicleMsg)
2025-05-28 00:48:50,860 INFO  - Sent message to others cars = 'veh_47 | CartesianPoint{x=174.31,y=528.54,z=0.00}' (at simulation time 321.000,000,000 s)
2025-05-28 00:48:50,917 INFO  - Received event: 321000 (at simulation time IntraVehicleMsg)
2025-05-28 00:48:50,920 INFO  - Sent message to others cars = 'veh_47 | CartesianPoint{x=181.94,y=528.59,z=0.00}' (at simulation time 322.000,000,000 s)
2025-05-28 00:48:50,979 INFO  - Received event: 322000 (at simulation time IntraVehicleMsg)
2025-05-28 00:48:50,983 INFO  - Sent message to others cars = 'veh_47 | CartesianPoint{x=189.42,y=528.64,z=0.00}' (at simulation time 323.000,000,000 s)
2025-05-28 00:48:51,043 INFO  - Received event: 323000 (at simulation time IntraVehicleMsg)
2025-05-28 00:48:51,049 INFO  - Sent message to others cars = 'veh_47 | CartesianPoint{x=196.83,y=528.69,z=0.00}' (at simulation time 324.000,000,000 s)
2025-05-28 00:48:51,109 INFO  - Received event: 324000 (at simulation time IntraVehicleMsg)
2025-05-28 00:48:51,117 INFO  - Sent message to others cars = 'veh_47 | CartesianPoint{x=204.05,y=528.74,z=0.00}' (at simulation time 325.000,000,000 s)
2025-05-28 00:48:51,179 INFO  - Received event: 325000 (at simulation time IntraVehicleMsg)
2025-05-28 00:48:51,183 INFO  - Sent message to others cars = 'veh_47 | CartesianPoint{x=211.12,y=528.79,z=0.00}' (at simulation time 326.000,000,000 s)
2025-05-28 00:48:51,244 INFO  - Received event: 326000 (at simulation time IntraVehicleMsg)
2025-05-28 00:48:51,247 INFO  - Sent message to others cars = 'veh_47 | CartesianPoint{x=215.38,y=528.82,z=0.00}' (at simulation time 327.000,000,000 s)
2025-05-28 00:48:51,310 INFO  - Received event: 327000 (at simulation time IntraVehicleMsg)
2025-05-28 00:48:51,314 INFO  - Sent message to others cars = 'veh_47 | CartesianPoint{x=222.08,y=528.83,z=0.00}' (at simulation time 328.000,000,000 s)
2025-05-28 00:48:51,380 INFO  - Received event: 328000 (at simulation time IntraVehicleMsg)
2025-05-28 00:48:51,383 INFO  - Sent message to others cars = 'veh_47 | CartesianPoint{x=228.94,y=528.84,z=0.00}' (at simulation time 329.000,000,000 s)
2025-05-28 00:48:51,450 INFO  - Received event: 329000 (at simulation time IntraVehicleMsg)
2025-05-28 00:48:51,466 INFO  - Sent message to others cars = 'veh_47 | CartesianPoint{x=235.84,y=528.83,z=0.00}' (at simulation time 330.000,000,000 s)
2025-05-28 00:48:51,536 INFO  - Received event: 330000 (at simulation time IntraVehicleMsg)
2025-05-28 00:48:51,553 INFO  - Sent message to others cars = 'veh_47 | CartesianPoint{x=243.04,y=528.82,z=0.00}' (at simulation time 331.000,000,000 s)
2025-05-28 00:48:51,628 INFO  - Received event: 331000 (at simulation time IntraVehicleMsg)
2025-05-28 00:48:51,641 INFO  - Sent message to others cars = 'veh_47 | CartesianPoint{x=250.76,y=528.80,z=0.00}' (at simulation time 332.000,000,000 s)
2025-05-28 00:48:51,710 INFO  - Received event: 332000 (at simulation time IntraVehicleMsg)
2025-05-28 00:48:51,715 INFO  - Sent message to others cars = 'veh_47 | CartesianPoint{x=257.74,y=528.79,z=0.00}' (at simulation time 333.000,000,000 s)
2025-05-28 00:48:51,789 INFO  - Received event: 333000 (at simulation time IntraVehicleMsg)
2025-05-28 00:48:51,792 INFO  - Sent message to others cars = 'veh_47 | CartesianPoint{x=265.18,y=528.77,z=0.00}' (at simulation time 334.000,000,000 s)
2025-05-28 00:48:51,869 INFO  - Received event: 334000 (at simulation time IntraVehicleMsg)
2025-05-28 00:48:51,874 INFO  - Sent message to others cars = 'veh_47 | CartesianPoint{x=272.05,y=528.76,z=0.00}' (at simulation time 335.000,000,000 s)
2025-05-28 00:48:51,946 INFO  - Received event: 335000 (at simulation time IntraVehicleMsg)
2025-05-28 00:48:51,954 INFO  - Sent message to others cars = 'veh_47 | CartesianPoint{x=279.79,y=528.75,z=0.00}' (at simulation time 336.000,000,000 s)
2025-05-28 00:48:52,025 INFO  - Received event: 336000 (at simulation time IntraVehicleMsg)
2025-05-28 00:48:52,029 INFO  - Sent message to others cars = 'veh_47 | CartesianPoint{x=287.14,y=528.74,z=0.00}' (at simulation time 337.000,000,000 s)
2025-05-28 00:48:52,102 INFO  - Received event: 337000 (at simulation time IntraVehicleMsg)
2025-05-28 00:48:52,116 INFO  - Sent message to others cars = 'veh_47 | CartesianPoint{x=294.51,y=528.74,z=0.00}' (at simulation time 338.000,000,000 s)
2025-05-28 00:48:52,196 INFO  - Received event: 338000 (at simulation time IntraVehicleMsg)
2025-05-28 00:48:52,212 INFO  - Sent message to others cars = 'veh_47 | CartesianPoint{x=301.60,y=528.73,z=0.00}' (at simulation time 339.000,000,000 s)
2025-05-28 00:48:52,293 INFO  - Received event: 339000 (at simulation time IntraVehicleMsg)
2025-05-28 00:48:52,313 INFO  - Sent message to others cars = 'veh_47 | CartesianPoint{x=309.53,y=528.72,z=0.00}' (at simulation time 340.000,000,000 s)
2025-05-28 00:48:52,394 INFO  - Received event: 340000 (at simulation time IntraVehicleMsg)
2025-05-28 00:48:52,412 INFO  - Sent message to others cars = 'veh_47 | CartesianPoint{x=317.43,y=528.71,z=0.00}' (at simulation time 341.000,000,000 s)
2025-05-28 00:48:52,496 INFO  - Received event: 341000 (at simulation time IntraVehicleMsg)
2025-05-28 00:48:52,509 INFO  - Sent message to others cars = 'veh_47 | CartesianPoint{x=324.49,y=528.70,z=0.00}' (at simulation time 342.000,000,000 s)
2025-05-28 00:48:52,591 INFO  - Received event: 342000 (at simulation time IntraVehicleMsg)
2025-05-28 00:48:52,595 INFO  - Sent message to others cars = 'veh_47 | CartesianPoint{x=331.39,y=528.69,z=0.00}' (at simulation time 343.000,000,000 s)
2025-05-28 00:48:52,678 INFO  - Received event: 343000 (at simulation time IntraVehicleMsg)
2025-05-28 00:48:52,682 INFO  - Sent message to others cars = 'veh_47 | CartesianPoint{x=338.94,y=528.68,z=0.00}' (at simulation time 344.000,000,000 s)
2025-05-28 00:48:52,764 INFO  - Received event: 344000 (at simulation time IntraVehicleMsg)
2025-05-28 00:48:52,768 INFO  - Sent message to others cars = 'veh_47 | CartesianPoint{x=345.73,y=528.68,z=0.00}' (at simulation time 345.000,000,000 s)
2025-05-28 00:48:52,855 INFO  - Received event: 345000 (at simulation time IntraVehicleMsg)
2025-05-28 00:48:52,863 INFO  - ------------------------------------------------------------------------------------- (at simulation time 346.000,000,000 s)
2025-05-28 00:48:52,863 INFO  - Shutdown application (at simulation time 346.000,000,000 s)
2025-05-28 00:48:52,863 INFO  - ------------------------------------------------------------------------------------- (at simulation time 346.000,000,000 s)
