2025-06-04 14:59:28,557 INFO  - Initialize veh_81 application (at simulation time 418.000,000,000 s)
2025-06-04 14:59:28,557 INFO  - Sent InterVehicleMsg: veh_81 | CartesianPoint{x=-0.01,y=528.94,z=0.00} | {:.2f} m/s (at simulation time 8.689155888516055)
2025-06-04 14:59:28,566 INFO  - Sent InterVehicleMsg: veh_81 | CartesianPoint{x=8.25,y=528.92,z=0.00} | {:.2f} m/s (at simulation time 8.26457979244233)
2025-06-04 14:59:28,575 INFO  - Sent InterVehicleMsg: veh_81 | CartesianPoint{x=16.77,y=528.89,z=0.00} | {:.2f} m/s (at simulation time 8.517546768189007)
2025-06-04 14:59:28,583 INFO  - Sent InterVehicleMsg: veh_81 | CartesianPoint{x=25.21,y=528.87,z=0.00} | {:.2f} m/s (at simulation time 8.440862230123551)
2025-06-04 14:59:28,646 INFO  - Sent InterVehicleMsg: veh_81 | CartesianPoint{x=33.54,y=528.84,z=0.00} | {:.2f} m/s (at simulation time 8.334289011620516)
2025-06-04 14:59:28,655 INFO  - Sent InterVehicleMsg: veh_81 | CartesianPoint{x=41.79,y=528.86,z=0.00} | {:.2f} m/s (at simulation time 8.254056942374977)
2025-06-04 14:59:28,663 INFO  - Sent InterVehicleMsg: veh_81 | CartesianPoint{x=49.31,y=528.92,z=0.00} | {:.2f} m/s (at simulation time 7.517941703908676)
2025-06-04 14:59:28,669 INFO  - Sent InterVehicleMsg: veh_81 | CartesianPoint{x=57.84,y=528.98,z=0.00} | {:.2f} m/s (at simulation time 8.53515626006347)
2025-06-04 14:59:28,676 INFO  - Sent InterVehicleMsg: veh_81 | CartesianPoint{x=65.61,y=529.01,z=0.00} | {:.2f} m/s (at simulation time 7.773457137640165)
2025-06-04 14:59:28,682 INFO  - Sent InterVehicleMsg: veh_81 | CartesianPoint{x=73.50,y=529.03,z=0.00} | {:.2f} m/s (at simulation time 7.884622962708184)
2025-06-04 14:59:28,693 INFO  - Sent InterVehicleMsg: veh_81 | CartesianPoint{x=81.37,y=529.05,z=0.00} | {:.2f} m/s (at simulation time 7.868767801351444)
2025-06-04 14:59:28,698 INFO  - Sent InterVehicleMsg: veh_81 | CartesianPoint{x=89.76,y=529.02,z=0.00} | {:.2f} m/s (at simulation time 8.391898708143803)
2025-06-04 14:59:28,702 INFO  - Sent InterVehicleMsg: veh_81 | CartesianPoint{x=98.26,y=528.92,z=0.00} | {:.2f} m/s (at simulation time 8.502419718313561)
2025-06-04 14:59:28,707 INFO  - Sent InterVehicleMsg: veh_81 | CartesianPoint{x=106.80,y=528.81,z=0.00} | {:.2f} m/s (at simulation time 8.55132442899567)
2025-06-04 14:59:28,712 INFO  - Sent InterVehicleMsg: veh_81 | CartesianPoint{x=114.81,y=528.71,z=0.00} | {:.2f} m/s (at simulation time 8.005615846515232)
2025-06-04 14:59:28,717 INFO  - Sent InterVehicleMsg: veh_81 | CartesianPoint{x=119.84,y=528.64,z=0.00} | {:.2f} m/s (at simulation time 5.0374512042219255)
2025-06-04 14:59:28,724 INFO  - Sent InterVehicleMsg: veh_81 | CartesianPoint{x=120.79,y=528.63,z=0.00} | {:.2f} m/s (at simulation time 0.9441309913565251)
2025-06-04 14:59:28,729 INFO  - Sent InterVehicleMsg: veh_81 | CartesianPoint{x=121.21,y=528.63,z=0.00} | {:.2f} m/s (at simulation time 0.4185821848822924)
2025-06-04 14:59:28,733 INFO  - Sent InterVehicleMsg: veh_81 | CartesianPoint{x=121.27,y=528.62,z=0.00} | {:.2f} m/s (at simulation time 0.06693555827435325)
2025-06-04 14:59:28,738 INFO  - Sent InterVehicleMsg: veh_81 | CartesianPoint{x=121.30,y=528.62,z=0.00} | {:.2f} m/s (at simulation time 0.02662214086985797)
2025-06-04 14:59:28,746 INFO  - Sent InterVehicleMsg: veh_81 | CartesianPoint{x=121.30,y=528.62,z=0.00} | {:.2f} m/s (at simulation time 0.0011840687445787857)
2025-06-04 14:59:28,751 INFO  - Sent InterVehicleMsg: veh_81 | CartesianPoint{x=121.30,y=528.62,z=0.00} | {:.2f} m/s (at simulation time 4.4559803345027365E-4)
2025-06-04 14:59:28,978 INFO  - Sent InterVehicleMsg: veh_81 | CartesianPoint{x=122.09,y=528.61,z=0.00} | {:.2f} m/s (at simulation time 0.7924377228352975)
2025-06-04 14:59:28,987 INFO  - Sent InterVehicleMsg: veh_81 | CartesianPoint{x=124.81,y=528.58,z=0.00} | {:.2f} m/s (at simulation time 2.717470051862849)
2025-06-04 14:59:29,052 INFO  - Sent InterVehicleMsg: veh_81 | CartesianPoint{x=128.70,y=528.53,z=0.00} | {:.2f} m/s (at simulation time 3.8882552497469645)
2025-06-04 14:59:29,064 INFO  - Sent InterVehicleMsg: veh_81 | CartesianPoint{x=134.19,y=528.46,z=0.00} | {:.2f} m/s (at simulation time 5.496367792753401)
2025-06-04 14:59:29,072 INFO  - Sent InterVehicleMsg: veh_81 | CartesianPoint{x=142.30,y=528.40,z=0.00} | {:.2f} m/s (at simulation time 8.086111566695283)
2025-06-04 14:59:29,080 INFO  - Sent InterVehicleMsg: veh_81 | CartesianPoint{x=150.71,y=528.37,z=0.00} | {:.2f} m/s (at simulation time 8.403426979510645)
2025-06-04 14:59:29,087 INFO  - Sent InterVehicleMsg: veh_81 | CartesianPoint{x=158.42,y=528.43,z=0.00} | {:.2f} m/s (at simulation time 7.706391216028081)
2025-06-04 14:59:29,094 INFO  - Sent InterVehicleMsg: veh_81 | CartesianPoint{x=167.05,y=528.49,z=0.00} | {:.2f} m/s (at simulation time 8.634047506684968)
2025-06-04 14:59:29,102 INFO  - Sent InterVehicleMsg: veh_81 | CartesianPoint{x=174.45,y=528.54,z=0.00} | {:.2f} m/s (at simulation time 7.398115999862151)
2025-06-04 14:59:29,110 INFO  - Sent InterVehicleMsg: veh_81 | CartesianPoint{x=182.81,y=528.60,z=0.00} | {:.2f} m/s (at simulation time 8.356708873673872)
2025-06-04 14:59:29,118 INFO  - Sent InterVehicleMsg: veh_81 | CartesianPoint{x=191.42,y=528.66,z=0.00} | {:.2f} m/s (at simulation time 8.610521843196423)
2025-06-04 14:59:29,127 INFO  - Sent InterVehicleMsg: veh_81 | CartesianPoint{x=199.34,y=528.71,z=0.00} | {:.2f} m/s (at simulation time 7.917396605447834)
2025-06-04 14:59:29,136 INFO  - Sent InterVehicleMsg: veh_81 | CartesianPoint{x=205.43,y=528.75,z=0.00} | {:.2f} m/s (at simulation time 6.090049688908724)
2025-06-04 14:59:29,145 INFO  - Sent InterVehicleMsg: veh_81 | CartesianPoint{x=212.47,y=528.80,z=0.00} | {:.2f} m/s (at simulation time 7.049107561047879)
2025-06-04 14:59:29,159 INFO  - Sent InterVehicleMsg: veh_81 | CartesianPoint{x=220.24,y=528.83,z=0.00} | {:.2f} m/s (at simulation time 7.766591669740686)
2025-06-04 14:59:29,168 INFO  - Sent InterVehicleMsg: veh_81 | CartesianPoint{x=228.79,y=528.84,z=0.00} | {:.2f} m/s (at simulation time 8.570460667326646)
2025-06-04 14:59:29,176 INFO  - Sent InterVehicleMsg: veh_81 | CartesianPoint{x=236.98,y=528.83,z=0.00} | {:.2f} m/s (at simulation time 8.191438083123014)
2025-06-04 14:59:29,185 INFO  - Sent InterVehicleMsg: veh_81 | CartesianPoint{x=244.67,y=528.81,z=0.00} | {:.2f} m/s (at simulation time 7.688894728157268)
2025-06-04 14:59:29,252 INFO  - Sent InterVehicleMsg: veh_81 | CartesianPoint{x=252.08,y=528.80,z=0.00} | {:.2f} m/s (at simulation time 7.412671621079156)
2025-06-04 14:59:29,262 INFO  - Sent InterVehicleMsg: veh_81 | CartesianPoint{x=260.28,y=528.78,z=0.00} | {:.2f} m/s (at simulation time 8.19774824006536)
2025-06-04 14:59:29,271 INFO  - Sent InterVehicleMsg: veh_81 | CartesianPoint{x=268.56,y=528.77,z=0.00} | {:.2f} m/s (at simulation time 8.282596122641646)
2025-06-04 14:59:29,282 INFO  - Sent InterVehicleMsg: veh_81 | CartesianPoint{x=276.87,y=528.76,z=0.00} | {:.2f} m/s (at simulation time 8.306589951930167)
2025-06-04 14:59:29,294 INFO  - Sent InterVehicleMsg: veh_81 | CartesianPoint{x=284.65,y=528.75,z=0.00} | {:.2f} m/s (at simulation time 7.782454120535934)
2025-06-04 14:59:29,304 INFO  - Sent InterVehicleMsg: veh_81 | CartesianPoint{x=292.97,y=528.74,z=0.00} | {:.2f} m/s (at simulation time 8.312407305841864)
2025-06-04 14:59:29,318 INFO  - Sent InterVehicleMsg: veh_81 | CartesianPoint{x=300.72,y=528.73,z=0.00} | {:.2f} m/s (at simulation time 7.754275516705187)
2025-06-04 14:59:29,328 INFO  - Sent InterVehicleMsg: veh_81 | CartesianPoint{x=308.45,y=528.72,z=0.00} | {:.2f} m/s (at simulation time 7.731348627787614)
2025-06-04 14:59:29,338 INFO  - Sent InterVehicleMsg: veh_81 | CartesianPoint{x=316.46,y=528.71,z=0.00} | {:.2f} m/s (at simulation time 8.011679533385271)
2025-06-04 14:59:29,346 INFO  - Sent InterVehicleMsg: veh_81 | CartesianPoint{x=324.12,y=528.70,z=0.00} | {:.2f} m/s (at simulation time 7.658322216785112)
2025-06-04 14:59:29,355 INFO  - Sent InterVehicleMsg: veh_81 | CartesianPoint{x=332.40,y=528.69,z=0.00} | {:.2f} m/s (at simulation time 8.279171038773441)
2025-06-04 14:59:29,363 INFO  - Sent InterVehicleMsg: veh_81 | CartesianPoint{x=340.53,y=528.68,z=0.00} | {:.2f} m/s (at simulation time 8.124615369602637)
2025-06-04 14:59:29,370 INFO  - Sent InterVehicleMsg: veh_81 | CartesianPoint{x=347.94,y=528.67,z=0.00} | {:.2f} m/s (at simulation time 7.415094362204494)
2025-06-04 14:59:29,377 INFO  - Shutdown application (at simulation time 497.000,000,000 s)
