2025-06-06 17:30:51,668 INFO  - Initialize veh_105 application (at simulation time 541.000,000,000 s)
2025-06-06 17:30:51,674 INFO  - Sent periodic GreenWaveMsg: veh_105 on route r_1 (at simulation time 541.000,000,000 s)
2025-06-06 17:30:51,674 INFO  - I have no neighbours to send! (at simulation time 541.000,000,000 s)
2025-06-06 17:30:51,679 INFO  - I have no neighbours to send! (at simulation time 542.000,000,000 s)
2025-06-06 17:30:51,679 INFO  - I have no neighbours to send! (at simulation time 542.000,000,000 s)
2025-06-06 17:30:51,683 INFO  - I have no neighbours to send! (at simulation time 543.000,000,000 s)
2025-06-06 17:30:51,683 INFO  - I have no neighbours to send! (at simulation time 543.000,000,000 s)
2025-06-06 17:30:51,683 INFO  - I have no neighbours to send! (at simulation time 543.000,000,000 s)
2025-06-06 17:30:51,687 INFO  - I have no neighbours to send! (at simulation time 544.000,000,000 s)
2025-06-06 17:30:51,687 INFO  - I have no neighbours to send! (at simulation time 544.000,000,000 s)
2025-06-06 17:30:51,687 INFO  - I have no neighbours to send! (at simulation time 544.000,000,000 s)
2025-06-06 17:30:51,687 INFO  - I have no neighbours to send! (at simulation time 544.000,000,000 s)
2025-06-06 17:30:51,691 INFO  - I have no neighbours to send! (at simulation time 545.000,000,000 s)
2025-06-06 17:30:51,692 INFO  - I have no neighbours to send! (at simulation time 545.000,000,000 s)
2025-06-06 17:30:51,692 INFO  - I have no neighbours to send! (at simulation time 545.000,000,000 s)
2025-06-06 17:30:51,692 INFO  - I have no neighbours to send! (at simulation time 545.000,000,000 s)
2025-06-06 17:30:51,692 INFO  - I have no neighbours to send! (at simulation time 545.000,000,000 s)
2025-06-06 17:30:51,696 INFO  - Sent periodic GreenWaveMsg: veh_105 on route r_1 (at simulation time 546.000,000,000 s)
2025-06-06 17:30:51,696 INFO  - I have no neighbours to send! (at simulation time 546.000,000,000 s)
2025-06-06 17:30:51,696 INFO  - I have no neighbours to send! (at simulation time 546.000,000,000 s)
2025-06-06 17:30:51,696 INFO  - I have no neighbours to send! (at simulation time 546.000,000,000 s)
2025-06-06 17:30:51,696 INFO  - I have no neighbours to send! (at simulation time 546.000,000,000 s)
2025-06-06 17:30:51,696 INFO  - I have no neighbours to send! (at simulation time 546.000,000,000 s)
2025-06-06 17:30:51,696 INFO  - I have no neighbours to send! (at simulation time 546.000,000,000 s)
2025-06-06 17:30:51,700 INFO  - I have no neighbours to send! (at simulation time 547.000,000,000 s)
2025-06-06 17:30:51,700 INFO  - I have no neighbours to send! (at simulation time 547.000,000,000 s)
2025-06-06 17:30:51,700 INFO  - I have no neighbours to send! (at simulation time 547.000,000,000 s)
2025-06-06 17:30:51,700 INFO  - I have no neighbours to send! (at simulation time 547.000,000,000 s)
2025-06-06 17:30:51,700 INFO  - I have no neighbours to send! (at simulation time 547.000,000,000 s)
2025-06-06 17:30:51,700 INFO  - I have no neighbours to send! (at simulation time 547.000,000,000 s)
2025-06-06 17:30:51,700 INFO  - I have no neighbours to send! (at simulation time 547.000,000,000 s)
2025-06-06 17:30:51,704 INFO  - I have no neighbours to send! (at simulation time 548.000,000,000 s)
2025-06-06 17:30:51,704 INFO  - I have no neighbours to send! (at simulation time 548.000,000,000 s)
2025-06-06 17:30:51,704 INFO  - I have no neighbours to send! (at simulation time 548.000,000,000 s)
2025-06-06 17:30:51,704 INFO  - I have no neighbours to send! (at simulation time 548.000,000,000 s)
2025-06-06 17:30:51,704 INFO  - I have no neighbours to send! (at simulation time 548.000,000,000 s)
2025-06-06 17:30:51,704 INFO  - I have no neighbours to send! (at simulation time 548.000,000,000 s)
2025-06-06 17:30:51,704 INFO  - I have no neighbours to send! (at simulation time 548.000,000,000 s)
2025-06-06 17:30:51,704 INFO  - I have no neighbours to send! (at simulation time 548.000,000,000 s)
2025-06-06 17:30:51,708 INFO  - I have no neighbours to send! (at simulation time 549.000,000,000 s)
2025-06-06 17:30:51,709 INFO  - I have no neighbours to send! (at simulation time 549.000,000,000 s)
2025-06-06 17:30:51,709 INFO  - I have no neighbours to send! (at simulation time 549.000,000,000 s)
2025-06-06 17:30:51,709 INFO  - I have no neighbours to send! (at simulation time 549.000,000,000 s)
2025-06-06 17:30:51,709 INFO  - I have no neighbours to send! (at simulation time 549.000,000,000 s)
2025-06-06 17:30:51,709 INFO  - I have no neighbours to send! (at simulation time 549.000,000,000 s)
2025-06-06 17:30:51,709 INFO  - I have no neighbours to send! (at simulation time 549.000,000,000 s)
2025-06-06 17:30:51,709 INFO  - I have no neighbours to send! (at simulation time 549.000,000,000 s)
2025-06-06 17:30:51,709 INFO  - I have no neighbours to send! (at simulation time 549.000,000,000 s)
2025-06-06 17:30:51,713 INFO  - I have no neighbours to send! (at simulation time 550.000,000,000 s)
2025-06-06 17:30:51,713 INFO  - I have no neighbours to send! (at simulation time 550.000,000,000 s)
2025-06-06 17:30:51,713 INFO  - I have no neighbours to send! (at simulation time 550.000,000,000 s)
2025-06-06 17:30:51,713 INFO  - I have no neighbours to send! (at simulation time 550.000,000,000 s)
2025-06-06 17:30:51,714 INFO  - I have no neighbours to send! (at simulation time 550.000,000,000 s)
2025-06-06 17:30:51,714 INFO  - I have no neighbours to send! (at simulation time 550.000,000,000 s)
2025-06-06 17:30:51,714 INFO  - I have no neighbours to send! (at simulation time 550.000,000,000 s)
2025-06-06 17:30:51,714 INFO  - I have no neighbours to send! (at simulation time 550.000,000,000 s)
2025-06-06 17:30:51,716 INFO  - I have no neighbours to send! (at simulation time 550.000,000,000 s)
2025-06-06 17:30:51,716 INFO  - I have no neighbours to send! (at simulation time 550.000,000,000 s)
2025-06-06 17:30:51,719 INFO  - Received metrics from FogNode: avgR0=1.309090909090909, avgR1=2.1454545454545455 (at simulation time 550.001,800,000 s)
2025-06-06 17:30:51,721 INFO  - Sent periodic GreenWaveMsg: veh_105 on route r_1 (at simulation time 551.000,000,000 s)
2025-06-06 17:30:51,721 INFO  - I have no neighbours to send! (at simulation time 551.000,000,000 s)
2025-06-06 17:30:51,721 INFO  - I have no neighbours to send! (at simulation time 551.000,000,000 s)
2025-06-06 17:30:51,721 INFO  - I have no neighbours to send! (at simulation time 551.000,000,000 s)
2025-06-06 17:30:51,721 INFO  - I have no neighbours to send! (at simulation time 551.000,000,000 s)
2025-06-06 17:30:51,721 INFO  - I have no neighbours to send! (at simulation time 551.000,000,000 s)
2025-06-06 17:30:51,721 INFO  - I have no neighbours to send! (at simulation time 551.000,000,000 s)
2025-06-06 17:30:51,721 INFO  - I have no neighbours to send! (at simulation time 551.000,000,000 s)
2025-06-06 17:30:51,721 INFO  - I have no neighbours to send! (at simulation time 551.000,000,000 s)
2025-06-06 17:30:51,721 INFO  - I have no neighbours to send! (at simulation time 551.000,000,000 s)
2025-06-06 17:30:51,721 INFO  - I have no neighbours to send! (at simulation time 551.000,000,000 s)
2025-06-06 17:30:51,721 INFO  - I have no neighbours to send! (at simulation time 551.000,000,000 s)
2025-06-06 17:30:51,729 INFO  - I have no neighbours to send! (at simulation time 552.000,000,000 s)
2025-06-06 17:30:51,729 INFO  - I have no neighbours to send! (at simulation time 552.000,000,000 s)
2025-06-06 17:30:51,729 INFO  - I have no neighbours to send! (at simulation time 552.000,000,000 s)
2025-06-06 17:30:51,729 INFO  - I have no neighbours to send! (at simulation time 552.000,000,000 s)
2025-06-06 17:30:51,729 INFO  - I have no neighbours to send! (at simulation time 552.000,000,000 s)
2025-06-06 17:30:51,729 INFO  - I have no neighbours to send! (at simulation time 552.000,000,000 s)
2025-06-06 17:30:51,729 INFO  - I have no neighbours to send! (at simulation time 552.000,000,000 s)
2025-06-06 17:30:51,729 INFO  - I have no neighbours to send! (at simulation time 552.000,000,000 s)
2025-06-06 17:30:51,729 INFO  - I have no neighbours to send! (at simulation time 552.000,000,000 s)
2025-06-06 17:30:51,729 INFO  - I have no neighbours to send! (at simulation time 552.000,000,000 s)
2025-06-06 17:30:51,730 INFO  - I have no neighbours to send! (at simulation time 552.000,000,000 s)
2025-06-06 17:30:51,730 INFO  - I have no neighbours to send! (at simulation time 552.000,000,000 s)
2025-06-06 17:30:51,734 INFO  - I have no neighbours to send! (at simulation time 553.000,000,000 s)
2025-06-06 17:30:51,734 INFO  - I have no neighbours to send! (at simulation time 553.000,000,000 s)
2025-06-06 17:30:51,734 INFO  - I have no neighbours to send! (at simulation time 553.000,000,000 s)
2025-06-06 17:30:51,734 INFO  - I have no neighbours to send! (at simulation time 553.000,000,000 s)
2025-06-06 17:30:51,734 INFO  - I have no neighbours to send! (at simulation time 553.000,000,000 s)
2025-06-06 17:30:51,734 INFO  - I have no neighbours to send! (at simulation time 553.000,000,000 s)
2025-06-06 17:30:51,734 INFO  - I have no neighbours to send! (at simulation time 553.000,000,000 s)
2025-06-06 17:30:51,734 INFO  - I have no neighbours to send! (at simulation time 553.000,000,000 s)
2025-06-06 17:30:51,734 INFO  - I have no neighbours to send! (at simulation time 553.000,000,000 s)
2025-06-06 17:30:51,734 INFO  - I have no neighbours to send! (at simulation time 553.000,000,000 s)
2025-06-06 17:30:51,734 INFO  - I have no neighbours to send! (at simulation time 553.000,000,000 s)
2025-06-06 17:30:51,734 INFO  - I have no neighbours to send! (at simulation time 553.000,000,000 s)
2025-06-06 17:30:51,734 INFO  - I have no neighbours to send! (at simulation time 553.000,000,000 s)
2025-06-06 17:30:51,739 INFO  - I have no neighbours to send! (at simulation time 554.000,000,000 s)
2025-06-06 17:30:51,739 INFO  - I have no neighbours to send! (at simulation time 554.000,000,000 s)
2025-06-06 17:30:51,739 INFO  - I have no neighbours to send! (at simulation time 554.000,000,000 s)
2025-06-06 17:30:51,739 INFO  - I have no neighbours to send! (at simulation time 554.000,000,000 s)
2025-06-06 17:30:51,739 INFO  - I have no neighbours to send! (at simulation time 554.000,000,000 s)
2025-06-06 17:30:51,739 INFO  - I have no neighbours to send! (at simulation time 554.000,000,000 s)
2025-06-06 17:30:51,739 INFO  - I have no neighbours to send! (at simulation time 554.000,000,000 s)
2025-06-06 17:30:51,739 INFO  - I have no neighbours to send! (at simulation time 554.000,000,000 s)
2025-06-06 17:30:51,739 INFO  - I have no neighbours to send! (at simulation time 554.000,000,000 s)
2025-06-06 17:30:51,739 INFO  - I have no neighbours to send! (at simulation time 554.000,000,000 s)
2025-06-06 17:30:51,739 INFO  - I have no neighbours to send! (at simulation time 554.000,000,000 s)
2025-06-06 17:30:51,739 INFO  - I have no neighbours to send! (at simulation time 554.000,000,000 s)
2025-06-06 17:30:51,739 INFO  - I have no neighbours to send! (at simulation time 554.000,000,000 s)
2025-06-06 17:30:51,740 INFO  - I have no neighbours to send! (at simulation time 554.000,000,000 s)
2025-06-06 17:30:51,745 INFO  - I have no neighbours to send! (at simulation time 555.000,000,000 s)
2025-06-06 17:30:51,745 INFO  - I have no neighbours to send! (at simulation time 555.000,000,000 s)
2025-06-06 17:30:51,745 INFO  - I have no neighbours to send! (at simulation time 555.000,000,000 s)
2025-06-06 17:30:51,745 INFO  - I have no neighbours to send! (at simulation time 555.000,000,000 s)
2025-06-06 17:30:51,745 INFO  - I have no neighbours to send! (at simulation time 555.000,000,000 s)
2025-06-06 17:30:51,745 INFO  - I have no neighbours to send! (at simulation time 555.000,000,000 s)
2025-06-06 17:30:51,745 INFO  - I have no neighbours to send! (at simulation time 555.000,000,000 s)
2025-06-06 17:30:51,745 INFO  - I have no neighbours to send! (at simulation time 555.000,000,000 s)
2025-06-06 17:30:51,745 INFO  - I have no neighbours to send! (at simulation time 555.000,000,000 s)
2025-06-06 17:30:51,745 INFO  - I have no neighbours to send! (at simulation time 555.000,000,000 s)
2025-06-06 17:30:51,745 INFO  - I have no neighbours to send! (at simulation time 555.000,000,000 s)
2025-06-06 17:30:51,745 INFO  - I have no neighbours to send! (at simulation time 555.000,000,000 s)
2025-06-06 17:30:51,746 INFO  - I have no neighbours to send! (at simulation time 555.000,000,000 s)
2025-06-06 17:30:51,746 INFO  - I have no neighbours to send! (at simulation time 555.000,000,000 s)
2025-06-06 17:30:51,746 INFO  - I have no neighbours to send! (at simulation time 555.000,000,000 s)
2025-06-06 17:30:51,750 INFO  - Sent periodic GreenWaveMsg: veh_105 on route r_1 (at simulation time 556.000,000,000 s)
2025-06-06 17:30:51,750 INFO  - I have no neighbours to send! (at simulation time 556.000,000,000 s)
2025-06-06 17:30:51,750 INFO  - I have no neighbours to send! (at simulation time 556.000,000,000 s)
2025-06-06 17:30:51,750 INFO  - I have no neighbours to send! (at simulation time 556.000,000,000 s)
2025-06-06 17:30:51,750 INFO  - I have no neighbours to send! (at simulation time 556.000,000,000 s)
2025-06-06 17:30:51,750 INFO  - I have no neighbours to send! (at simulation time 556.000,000,000 s)
2025-06-06 17:30:51,750 INFO  - I have no neighbours to send! (at simulation time 556.000,000,000 s)
2025-06-06 17:30:51,750 INFO  - I have no neighbours to send! (at simulation time 556.000,000,000 s)
2025-06-06 17:30:51,750 INFO  - I have no neighbours to send! (at simulation time 556.000,000,000 s)
2025-06-06 17:30:51,750 INFO  - I have no neighbours to send! (at simulation time 556.000,000,000 s)
2025-06-06 17:30:51,750 INFO  - I have no neighbours to send! (at simulation time 556.000,000,000 s)
2025-06-06 17:30:51,750 INFO  - I have no neighbours to send! (at simulation time 556.000,000,000 s)
2025-06-06 17:30:51,751 INFO  - I have no neighbours to send! (at simulation time 556.000,000,000 s)
2025-06-06 17:30:51,751 INFO  - I have no neighbours to send! (at simulation time 556.000,000,000 s)
2025-06-06 17:30:51,751 INFO  - I have no neighbours to send! (at simulation time 556.000,000,000 s)
2025-06-06 17:30:51,751 INFO  - I have no neighbours to send! (at simulation time 556.000,000,000 s)
2025-06-06 17:30:51,751 INFO  - I have no neighbours to send! (at simulation time 556.000,000,000 s)
2025-06-06 17:30:51,755 INFO  - Received ACK with origin at RSU from rsu_0 at 556004800000 (at simulation time 556.004,800,000 s)
2025-06-06 17:30:51,756 INFO  - Already have ACK (at simulation time 557.000,000,000 s)
2025-06-06 17:30:51,756 INFO  - Already have ACK (at simulation time 557.000,000,000 s)
2025-06-06 17:30:51,756 INFO  - Already have ACK (at simulation time 557.000,000,000 s)
2025-06-06 17:30:51,756 INFO  - Already have ACK (at simulation time 557.000,000,000 s)
2025-06-06 17:30:51,756 INFO  - Already have ACK (at simulation time 557.000,000,000 s)
2025-06-06 17:30:51,756 INFO  - Already have ACK (at simulation time 557.000,000,000 s)
2025-06-06 17:30:51,756 INFO  - Already have ACK (at simulation time 557.000,000,000 s)
2025-06-06 17:30:51,756 INFO  - Already have ACK (at simulation time 557.000,000,000 s)
2025-06-06 17:30:51,756 INFO  - Already have ACK (at simulation time 557.000,000,000 s)
2025-06-06 17:30:51,756 INFO  - Already have ACK (at simulation time 557.000,000,000 s)
2025-06-06 17:30:51,756 INFO  - Already have ACK (at simulation time 557.000,000,000 s)
2025-06-06 17:30:51,756 INFO  - Already have ACK (at simulation time 557.000,000,000 s)
2025-06-06 17:30:51,756 INFO  - Already have ACK (at simulation time 557.000,000,000 s)
2025-06-06 17:30:51,757 INFO  - Already have ACK (at simulation time 557.000,000,000 s)
2025-06-06 17:30:51,757 INFO  - Already have ACK (at simulation time 557.000,000,000 s)
2025-06-06 17:30:51,757 INFO  - Already have ACK (at simulation time 557.000,000,000 s)
2025-06-06 17:30:51,757 INFO  - Already have ACK (at simulation time 557.000,000,000 s)
2025-06-06 17:30:51,761 INFO  - Already have ACK (at simulation time 558.000,000,000 s)
2025-06-06 17:30:51,761 INFO  - Already have ACK (at simulation time 558.000,000,000 s)
2025-06-06 17:30:51,761 INFO  - Already have ACK (at simulation time 558.000,000,000 s)
2025-06-06 17:30:51,761 INFO  - Already have ACK (at simulation time 558.000,000,000 s)
2025-06-06 17:30:51,761 INFO  - Already have ACK (at simulation time 558.000,000,000 s)
2025-06-06 17:30:51,761 INFO  - Already have ACK (at simulation time 558.000,000,000 s)
2025-06-06 17:30:51,761 INFO  - Already have ACK (at simulation time 558.000,000,000 s)
2025-06-06 17:30:51,761 INFO  - Already have ACK (at simulation time 558.000,000,000 s)
2025-06-06 17:30:51,761 INFO  - Already have ACK (at simulation time 558.000,000,000 s)
2025-06-06 17:30:51,761 INFO  - Already have ACK (at simulation time 558.000,000,000 s)
2025-06-06 17:30:51,761 INFO  - Already have ACK (at simulation time 558.000,000,000 s)
2025-06-06 17:30:51,761 INFO  - Already have ACK (at simulation time 558.000,000,000 s)
2025-06-06 17:30:51,761 INFO  - Already have ACK (at simulation time 558.000,000,000 s)
2025-06-06 17:30:51,762 INFO  - Already have ACK (at simulation time 558.000,000,000 s)
2025-06-06 17:30:51,762 INFO  - Already have ACK (at simulation time 558.000,000,000 s)
2025-06-06 17:30:51,762 INFO  - Already have ACK (at simulation time 558.000,000,000 s)
2025-06-06 17:30:51,762 INFO  - Already have ACK (at simulation time 558.000,000,000 s)
2025-06-06 17:30:51,762 INFO  - Already have ACK (at simulation time 558.000,000,000 s)
2025-06-06 17:30:51,766 INFO  - Already have ACK (at simulation time 559.000,000,000 s)
2025-06-06 17:30:51,766 INFO  - Already have ACK (at simulation time 559.000,000,000 s)
2025-06-06 17:30:51,766 INFO  - Already have ACK (at simulation time 559.000,000,000 s)
2025-06-06 17:30:51,766 INFO  - Already have ACK (at simulation time 559.000,000,000 s)
2025-06-06 17:30:51,766 INFO  - Already have ACK (at simulation time 559.000,000,000 s)
2025-06-06 17:30:51,766 INFO  - Already have ACK (at simulation time 559.000,000,000 s)
2025-06-06 17:30:51,766 INFO  - Already have ACK (at simulation time 559.000,000,000 s)
2025-06-06 17:30:51,766 INFO  - Already have ACK (at simulation time 559.000,000,000 s)
2025-06-06 17:30:51,766 INFO  - Already have ACK (at simulation time 559.000,000,000 s)
2025-06-06 17:30:51,766 INFO  - Already have ACK (at simulation time 559.000,000,000 s)
2025-06-06 17:30:51,766 INFO  - Already have ACK (at simulation time 559.000,000,000 s)
2025-06-06 17:30:51,766 INFO  - Already have ACK (at simulation time 559.000,000,000 s)
2025-06-06 17:30:51,767 INFO  - Already have ACK (at simulation time 559.000,000,000 s)
2025-06-06 17:30:51,767 INFO  - Already have ACK (at simulation time 559.000,000,000 s)
2025-06-06 17:30:51,767 INFO  - Already have ACK (at simulation time 559.000,000,000 s)
2025-06-06 17:30:51,767 INFO  - Already have ACK (at simulation time 559.000,000,000 s)
2025-06-06 17:30:51,767 INFO  - Already have ACK (at simulation time 559.000,000,000 s)
2025-06-06 17:30:51,767 INFO  - Already have ACK (at simulation time 559.000,000,000 s)
2025-06-06 17:30:51,767 INFO  - Already have ACK (at simulation time 559.000,000,000 s)
2025-06-06 17:30:51,771 INFO  - Already have ACK (at simulation time 560.000,000,000 s)
2025-06-06 17:30:51,771 INFO  - Already have ACK (at simulation time 560.000,000,000 s)
2025-06-06 17:30:51,771 INFO  - Already have ACK (at simulation time 560.000,000,000 s)
2025-06-06 17:30:51,771 INFO  - Already have ACK (at simulation time 560.000,000,000 s)
2025-06-06 17:30:51,771 INFO  - Already have ACK (at simulation time 560.000,000,000 s)
2025-06-06 17:30:51,771 INFO  - Already have ACK (at simulation time 560.000,000,000 s)
2025-06-06 17:30:51,772 INFO  - Already have ACK (at simulation time 560.000,000,000 s)
2025-06-06 17:30:51,772 INFO  - Already have ACK (at simulation time 560.000,000,000 s)
2025-06-06 17:30:51,772 INFO  - Already have ACK (at simulation time 560.000,000,000 s)
2025-06-06 17:30:51,772 INFO  - Already have ACK (at simulation time 560.000,000,000 s)
2025-06-06 17:30:51,772 INFO  - Already have ACK (at simulation time 560.000,000,000 s)
2025-06-06 17:30:51,772 INFO  - Already have ACK (at simulation time 560.000,000,000 s)
2025-06-06 17:30:51,772 INFO  - Already have ACK (at simulation time 560.000,000,000 s)
2025-06-06 17:30:51,772 INFO  - Already have ACK (at simulation time 560.000,000,000 s)
2025-06-06 17:30:51,772 INFO  - Already have ACK (at simulation time 560.000,000,000 s)
2025-06-06 17:30:51,772 INFO  - Already have ACK (at simulation time 560.000,000,000 s)
2025-06-06 17:30:51,772 INFO  - Already have ACK (at simulation time 560.000,000,000 s)
2025-06-06 17:30:51,772 INFO  - Already have ACK (at simulation time 560.000,000,000 s)
2025-06-06 17:30:51,772 INFO  - Already have ACK (at simulation time 560.000,000,000 s)
2025-06-06 17:30:51,772 INFO  - Already have ACK (at simulation time 560.000,000,000 s)
2025-06-06 17:30:51,776 INFO  - Received metrics from FogNode: avgR0=1.3035714285714286, avgR1=2.107142857142857 (at simulation time 560.003,800,000 s)
2025-06-06 17:30:51,777 INFO  - Sent periodic GreenWaveMsg: veh_105 on route r_1 (at simulation time 561.000,000,000 s)
2025-06-06 17:30:51,777 INFO  - Already have ACK (at simulation time 561.000,000,000 s)
2025-06-06 17:30:51,777 INFO  - Already have ACK (at simulation time 561.000,000,000 s)
2025-06-06 17:30:51,777 INFO  - Already have ACK (at simulation time 561.000,000,000 s)
2025-06-06 17:30:51,777 INFO  - Already have ACK (at simulation time 561.000,000,000 s)
2025-06-06 17:30:51,777 INFO  - Already have ACK (at simulation time 561.000,000,000 s)
2025-06-06 17:30:51,777 INFO  - Already have ACK (at simulation time 561.000,000,000 s)
2025-06-06 17:30:51,777 INFO  - Already have ACK (at simulation time 561.000,000,000 s)
2025-06-06 17:30:51,777 INFO  - Already have ACK (at simulation time 561.000,000,000 s)
2025-06-06 17:30:51,778 INFO  - Already have ACK (at simulation time 561.000,000,000 s)
2025-06-06 17:30:51,778 INFO  - Already have ACK (at simulation time 561.000,000,000 s)
2025-06-06 17:30:51,778 INFO  - Already have ACK (at simulation time 561.000,000,000 s)
2025-06-06 17:30:51,778 INFO  - Already have ACK (at simulation time 561.000,000,000 s)
2025-06-06 17:30:51,778 INFO  - Already have ACK (at simulation time 561.000,000,000 s)
2025-06-06 17:30:51,778 INFO  - Already have ACK (at simulation time 561.000,000,000 s)
2025-06-06 17:30:51,778 INFO  - Already have ACK (at simulation time 561.000,000,000 s)
2025-06-06 17:30:51,778 INFO  - Already have ACK (at simulation time 561.000,000,000 s)
2025-06-06 17:30:51,778 INFO  - Already have ACK (at simulation time 561.000,000,000 s)
2025-06-06 17:30:51,778 INFO  - Already have ACK (at simulation time 561.000,000,000 s)
2025-06-06 17:30:51,778 INFO  - Already have ACK (at simulation time 561.000,000,000 s)
2025-06-06 17:30:51,778 INFO  - Already have ACK (at simulation time 561.000,000,000 s)
2025-06-06 17:30:51,778 INFO  - Already have ACK (at simulation time 561.000,000,000 s)
2025-06-06 17:30:51,786 INFO  - Already have ACK (at simulation time 562.000,000,000 s)
2025-06-06 17:30:51,786 INFO  - Already have ACK (at simulation time 562.000,000,000 s)
2025-06-06 17:30:51,786 INFO  - Already have ACK (at simulation time 562.000,000,000 s)
2025-06-06 17:30:51,786 INFO  - Already have ACK (at simulation time 562.000,000,000 s)
2025-06-06 17:30:51,786 INFO  - Already have ACK (at simulation time 562.000,000,000 s)
2025-06-06 17:30:51,786 INFO  - Already have ACK (at simulation time 562.000,000,000 s)
2025-06-06 17:30:51,786 INFO  - Already have ACK (at simulation time 562.000,000,000 s)
2025-06-06 17:30:51,786 INFO  - Already have ACK (at simulation time 562.000,000,000 s)
2025-06-06 17:30:51,787 INFO  - Already have ACK (at simulation time 562.000,000,000 s)
2025-06-06 17:30:51,787 INFO  - Already have ACK (at simulation time 562.000,000,000 s)
2025-06-06 17:30:51,787 INFO  - Already have ACK (at simulation time 562.000,000,000 s)
2025-06-06 17:30:51,787 INFO  - Already have ACK (at simulation time 562.000,000,000 s)
2025-06-06 17:30:51,787 INFO  - Already have ACK (at simulation time 562.000,000,000 s)
2025-06-06 17:30:51,787 INFO  - Already have ACK (at simulation time 562.000,000,000 s)
2025-06-06 17:30:51,787 INFO  - Already have ACK (at simulation time 562.000,000,000 s)
2025-06-06 17:30:51,787 INFO  - Already have ACK (at simulation time 562.000,000,000 s)
2025-06-06 17:30:51,787 INFO  - Already have ACK (at simulation time 562.000,000,000 s)
2025-06-06 17:30:51,787 INFO  - Already have ACK (at simulation time 562.000,000,000 s)
2025-06-06 17:30:51,787 INFO  - Already have ACK (at simulation time 562.000,000,000 s)
2025-06-06 17:30:51,787 INFO  - Already have ACK (at simulation time 562.000,000,000 s)
2025-06-06 17:30:51,787 INFO  - Already have ACK (at simulation time 562.000,000,000 s)
2025-06-06 17:30:51,787 INFO  - Already have ACK (at simulation time 562.000,000,000 s)
2025-06-06 17:30:51,791 INFO  - Already have ACK (at simulation time 563.000,000,000 s)
2025-06-06 17:30:51,792 INFO  - Already have ACK (at simulation time 563.000,000,000 s)
2025-06-06 17:30:51,792 INFO  - Already have ACK (at simulation time 563.000,000,000 s)
2025-06-06 17:30:51,792 INFO  - Already have ACK (at simulation time 563.000,000,000 s)
2025-06-06 17:30:51,792 INFO  - Already have ACK (at simulation time 563.000,000,000 s)
2025-06-06 17:30:51,792 INFO  - Already have ACK (at simulation time 563.000,000,000 s)
2025-06-06 17:30:51,792 INFO  - Already have ACK (at simulation time 563.000,000,000 s)
2025-06-06 17:30:51,792 INFO  - Already have ACK (at simulation time 563.000,000,000 s)
2025-06-06 17:30:51,792 INFO  - Already have ACK (at simulation time 563.000,000,000 s)
2025-06-06 17:30:51,792 INFO  - Already have ACK (at simulation time 563.000,000,000 s)
2025-06-06 17:30:51,792 INFO  - Already have ACK (at simulation time 563.000,000,000 s)
2025-06-06 17:30:51,792 INFO  - Already have ACK (at simulation time 563.000,000,000 s)
2025-06-06 17:30:51,792 INFO  - Already have ACK (at simulation time 563.000,000,000 s)
2025-06-06 17:30:51,793 INFO  - Already have ACK (at simulation time 563.000,000,000 s)
2025-06-06 17:30:51,793 INFO  - Already have ACK (at simulation time 563.000,000,000 s)
2025-06-06 17:30:51,793 INFO  - Already have ACK (at simulation time 563.000,000,000 s)
2025-06-06 17:30:51,793 INFO  - Already have ACK (at simulation time 563.000,000,000 s)
2025-06-06 17:30:51,793 INFO  - Already have ACK (at simulation time 563.000,000,000 s)
2025-06-06 17:30:51,793 INFO  - Already have ACK (at simulation time 563.000,000,000 s)
2025-06-06 17:30:51,793 INFO  - Already have ACK (at simulation time 563.000,000,000 s)
2025-06-06 17:30:51,793 INFO  - Already have ACK (at simulation time 563.000,000,000 s)
2025-06-06 17:30:51,793 INFO  - Already have ACK (at simulation time 563.000,000,000 s)
2025-06-06 17:30:51,793 INFO  - Already have ACK (at simulation time 563.000,000,000 s)
2025-06-06 17:30:51,797 INFO  - Already have ACK (at simulation time 564.000,000,000 s)
2025-06-06 17:30:51,797 INFO  - Already have ACK (at simulation time 564.000,000,000 s)
2025-06-06 17:30:51,797 INFO  - Already have ACK (at simulation time 564.000,000,000 s)
2025-06-06 17:30:51,797 INFO  - Already have ACK (at simulation time 564.000,000,000 s)
2025-06-06 17:30:51,797 INFO  - Already have ACK (at simulation time 564.000,000,000 s)
2025-06-06 17:30:51,797 INFO  - Already have ACK (at simulation time 564.000,000,000 s)
2025-06-06 17:30:51,797 INFO  - Already have ACK (at simulation time 564.000,000,000 s)
2025-06-06 17:30:51,797 INFO  - Already have ACK (at simulation time 564.000,000,000 s)
2025-06-06 17:30:51,797 INFO  - Already have ACK (at simulation time 564.000,000,000 s)
2025-06-06 17:30:51,798 INFO  - Already have ACK (at simulation time 564.000,000,000 s)
2025-06-06 17:30:51,798 INFO  - Already have ACK (at simulation time 564.000,000,000 s)
2025-06-06 17:30:51,798 INFO  - Already have ACK (at simulation time 564.000,000,000 s)
2025-06-06 17:30:51,798 INFO  - Already have ACK (at simulation time 564.000,000,000 s)
2025-06-06 17:30:51,798 INFO  - Already have ACK (at simulation time 564.000,000,000 s)
2025-06-06 17:30:51,798 INFO  - Already have ACK (at simulation time 564.000,000,000 s)
2025-06-06 17:30:51,798 INFO  - Already have ACK (at simulation time 564.000,000,000 s)
2025-06-06 17:30:51,798 INFO  - Already have ACK (at simulation time 564.000,000,000 s)
2025-06-06 17:30:51,798 INFO  - Already have ACK (at simulation time 564.000,000,000 s)
2025-06-06 17:30:51,798 INFO  - Already have ACK (at simulation time 564.000,000,000 s)
2025-06-06 17:30:51,798 INFO  - Already have ACK (at simulation time 564.000,000,000 s)
2025-06-06 17:30:51,798 INFO  - Already have ACK (at simulation time 564.000,000,000 s)
2025-06-06 17:30:51,798 INFO  - Already have ACK (at simulation time 564.000,000,000 s)
2025-06-06 17:30:51,798 INFO  - Already have ACK (at simulation time 564.000,000,000 s)
2025-06-06 17:30:51,798 INFO  - Already have ACK (at simulation time 564.000,000,000 s)
2025-06-06 17:30:51,803 INFO  - Already have ACK (at simulation time 565.000,000,000 s)
2025-06-06 17:30:51,803 INFO  - Already have ACK (at simulation time 565.000,000,000 s)
2025-06-06 17:30:51,803 INFO  - Already have ACK (at simulation time 565.000,000,000 s)
2025-06-06 17:30:51,803 INFO  - Already have ACK (at simulation time 565.000,000,000 s)
2025-06-06 17:30:51,803 INFO  - Already have ACK (at simulation time 565.000,000,000 s)
2025-06-06 17:30:51,803 INFO  - Already have ACK (at simulation time 565.000,000,000 s)
2025-06-06 17:30:51,803 INFO  - Already have ACK (at simulation time 565.000,000,000 s)
2025-06-06 17:30:51,803 INFO  - Already have ACK (at simulation time 565.000,000,000 s)
2025-06-06 17:30:51,803 INFO  - Already have ACK (at simulation time 565.000,000,000 s)
2025-06-06 17:30:51,803 INFO  - Already have ACK (at simulation time 565.000,000,000 s)
2025-06-06 17:30:51,803 INFO  - Already have ACK (at simulation time 565.000,000,000 s)
2025-06-06 17:30:51,803 INFO  - Already have ACK (at simulation time 565.000,000,000 s)
2025-06-06 17:30:51,803 INFO  - Already have ACK (at simulation time 565.000,000,000 s)
2025-06-06 17:30:51,804 INFO  - Already have ACK (at simulation time 565.000,000,000 s)
2025-06-06 17:30:51,804 INFO  - Already have ACK (at simulation time 565.000,000,000 s)
2025-06-06 17:30:51,804 INFO  - Already have ACK (at simulation time 565.000,000,000 s)
2025-06-06 17:30:51,804 INFO  - Already have ACK (at simulation time 565.000,000,000 s)
2025-06-06 17:30:51,804 INFO  - Already have ACK (at simulation time 565.000,000,000 s)
2025-06-06 17:30:51,804 INFO  - Already have ACK (at simulation time 565.000,000,000 s)
2025-06-06 17:30:51,804 INFO  - Already have ACK (at simulation time 565.000,000,000 s)
2025-06-06 17:30:51,804 INFO  - Already have ACK (at simulation time 565.000,000,000 s)
2025-06-06 17:30:51,804 INFO  - Already have ACK (at simulation time 565.000,000,000 s)
2025-06-06 17:30:51,804 INFO  - Already have ACK (at simulation time 565.000,000,000 s)
2025-06-06 17:30:51,804 INFO  - Already have ACK (at simulation time 565.000,000,000 s)
2025-06-06 17:30:51,804 INFO  - Already have ACK (at simulation time 565.000,000,000 s)
2025-06-06 17:30:51,808 INFO  - Sent periodic GreenWaveMsg: veh_105 on route r_1 (at simulation time 566.000,000,000 s)
2025-06-06 17:30:51,808 INFO  - Already have ACK (at simulation time 566.000,000,000 s)
2025-06-06 17:30:51,808 INFO  - Already have ACK (at simulation time 566.000,000,000 s)
2025-06-06 17:30:51,808 INFO  - Already have ACK (at simulation time 566.000,000,000 s)
2025-06-06 17:30:51,808 INFO  - Already have ACK (at simulation time 566.000,000,000 s)
2025-06-06 17:30:51,808 INFO  - Already have ACK (at simulation time 566.000,000,000 s)
2025-06-06 17:30:51,808 INFO  - Already have ACK (at simulation time 566.000,000,000 s)
2025-06-06 17:30:51,809 INFO  - Already have ACK (at simulation time 566.000,000,000 s)
2025-06-06 17:30:51,809 INFO  - Already have ACK (at simulation time 566.000,000,000 s)
2025-06-06 17:30:51,809 INFO  - Already have ACK (at simulation time 566.000,000,000 s)
2025-06-06 17:30:51,809 INFO  - Already have ACK (at simulation time 566.000,000,000 s)
2025-06-06 17:30:51,809 INFO  - Already have ACK (at simulation time 566.000,000,000 s)
2025-06-06 17:30:51,809 INFO  - Already have ACK (at simulation time 566.000,000,000 s)
2025-06-06 17:30:51,809 INFO  - Already have ACK (at simulation time 566.000,000,000 s)
2025-06-06 17:30:51,809 INFO  - Already have ACK (at simulation time 566.000,000,000 s)
2025-06-06 17:30:51,809 INFO  - Already have ACK (at simulation time 566.000,000,000 s)
2025-06-06 17:30:51,809 INFO  - Already have ACK (at simulation time 566.000,000,000 s)
2025-06-06 17:30:51,809 INFO  - Already have ACK (at simulation time 566.000,000,000 s)
2025-06-06 17:30:51,809 INFO  - Already have ACK (at simulation time 566.000,000,000 s)
2025-06-06 17:30:51,809 INFO  - Already have ACK (at simulation time 566.000,000,000 s)
2025-06-06 17:30:51,809 INFO  - Already have ACK (at simulation time 566.000,000,000 s)
2025-06-06 17:30:51,809 INFO  - Already have ACK (at simulation time 566.000,000,000 s)
2025-06-06 17:30:51,809 INFO  - Already have ACK (at simulation time 566.000,000,000 s)
2025-06-06 17:30:51,810 INFO  - Already have ACK (at simulation time 566.000,000,000 s)
2025-06-06 17:30:51,810 INFO  - Already have ACK (at simulation time 566.000,000,000 s)
2025-06-06 17:30:51,810 INFO  - Already have ACK (at simulation time 566.000,000,000 s)
2025-06-06 17:30:51,810 INFO  - Already have ACK (at simulation time 566.000,000,000 s)
2025-06-06 17:30:51,814 INFO  - Already have ACK (at simulation time 567.000,000,000 s)
2025-06-06 17:30:51,814 INFO  - Already have ACK (at simulation time 567.000,000,000 s)
2025-06-06 17:30:51,814 INFO  - Already have ACK (at simulation time 567.000,000,000 s)
2025-06-06 17:30:51,814 INFO  - Already have ACK (at simulation time 567.000,000,000 s)
2025-06-06 17:30:51,814 INFO  - Already have ACK (at simulation time 567.000,000,000 s)
2025-06-06 17:30:51,814 INFO  - Already have ACK (at simulation time 567.000,000,000 s)
2025-06-06 17:30:51,815 INFO  - Already have ACK (at simulation time 567.000,000,000 s)
2025-06-06 17:30:51,815 INFO  - Already have ACK (at simulation time 567.000,000,000 s)
2025-06-06 17:30:51,815 INFO  - Already have ACK (at simulation time 567.000,000,000 s)
2025-06-06 17:30:51,815 INFO  - Already have ACK (at simulation time 567.000,000,000 s)
2025-06-06 17:30:51,815 INFO  - Already have ACK (at simulation time 567.000,000,000 s)
2025-06-06 17:30:51,815 INFO  - Already have ACK (at simulation time 567.000,000,000 s)
2025-06-06 17:30:51,815 INFO  - Already have ACK (at simulation time 567.000,000,000 s)
2025-06-06 17:30:51,815 INFO  - Already have ACK (at simulation time 567.000,000,000 s)
2025-06-06 17:30:51,815 INFO  - Already have ACK (at simulation time 567.000,000,000 s)
2025-06-06 17:30:51,815 INFO  - Already have ACK (at simulation time 567.000,000,000 s)
2025-06-06 17:30:51,815 INFO  - Already have ACK (at simulation time 567.000,000,000 s)
2025-06-06 17:30:51,815 INFO  - Already have ACK (at simulation time 567.000,000,000 s)
2025-06-06 17:30:51,815 INFO  - Already have ACK (at simulation time 567.000,000,000 s)
2025-06-06 17:30:51,815 INFO  - Already have ACK (at simulation time 567.000,000,000 s)
2025-06-06 17:30:51,815 INFO  - Already have ACK (at simulation time 567.000,000,000 s)
2025-06-06 17:30:51,815 INFO  - Already have ACK (at simulation time 567.000,000,000 s)
2025-06-06 17:30:51,816 INFO  - Already have ACK (at simulation time 567.000,000,000 s)
2025-06-06 17:30:51,816 INFO  - Already have ACK (at simulation time 567.000,000,000 s)
2025-06-06 17:30:51,816 INFO  - Already have ACK (at simulation time 567.000,000,000 s)
2025-06-06 17:30:51,816 INFO  - Already have ACK (at simulation time 567.000,000,000 s)
2025-06-06 17:30:51,816 INFO  - Already have ACK (at simulation time 567.000,000,000 s)
2025-06-06 17:30:51,819 INFO  - Already have ACK (at simulation time 568.000,000,000 s)
2025-06-06 17:30:51,819 INFO  - Already have ACK (at simulation time 568.000,000,000 s)
2025-06-06 17:30:51,819 INFO  - Already have ACK (at simulation time 568.000,000,000 s)
2025-06-06 17:30:51,819 INFO  - Already have ACK (at simulation time 568.000,000,000 s)
2025-06-06 17:30:51,819 INFO  - Already have ACK (at simulation time 568.000,000,000 s)
2025-06-06 17:30:51,819 INFO  - Already have ACK (at simulation time 568.000,000,000 s)
2025-06-06 17:30:51,820 INFO  - Already have ACK (at simulation time 568.000,000,000 s)
2025-06-06 17:30:51,820 INFO  - Already have ACK (at simulation time 568.000,000,000 s)
2025-06-06 17:30:51,820 INFO  - Already have ACK (at simulation time 568.000,000,000 s)
2025-06-06 17:30:51,820 INFO  - Already have ACK (at simulation time 568.000,000,000 s)
2025-06-06 17:30:51,820 INFO  - Already have ACK (at simulation time 568.000,000,000 s)
2025-06-06 17:30:51,820 INFO  - Already have ACK (at simulation time 568.000,000,000 s)
2025-06-06 17:30:51,820 INFO  - Already have ACK (at simulation time 568.000,000,000 s)
2025-06-06 17:30:51,820 INFO  - Already have ACK (at simulation time 568.000,000,000 s)
2025-06-06 17:30:51,820 INFO  - Already have ACK (at simulation time 568.000,000,000 s)
2025-06-06 17:30:51,820 INFO  - Already have ACK (at simulation time 568.000,000,000 s)
2025-06-06 17:30:51,820 INFO  - Already have ACK (at simulation time 568.000,000,000 s)
2025-06-06 17:30:51,820 INFO  - Already have ACK (at simulation time 568.000,000,000 s)
2025-06-06 17:30:51,820 INFO  - Already have ACK (at simulation time 568.000,000,000 s)
2025-06-06 17:30:51,820 INFO  - Already have ACK (at simulation time 568.000,000,000 s)
2025-06-06 17:30:51,820 INFO  - Already have ACK (at simulation time 568.000,000,000 s)
2025-06-06 17:30:51,820 INFO  - Already have ACK (at simulation time 568.000,000,000 s)
2025-06-06 17:30:51,821 INFO  - Already have ACK (at simulation time 568.000,000,000 s)
2025-06-06 17:30:51,821 INFO  - Already have ACK (at simulation time 568.000,000,000 s)
2025-06-06 17:30:51,821 INFO  - Already have ACK (at simulation time 568.000,000,000 s)
2025-06-06 17:30:51,821 INFO  - Already have ACK (at simulation time 568.000,000,000 s)
2025-06-06 17:30:51,821 INFO  - Already have ACK (at simulation time 568.000,000,000 s)
2025-06-06 17:30:51,821 INFO  - Already have ACK (at simulation time 568.000,000,000 s)
2025-06-06 17:30:51,824 INFO  - Already have ACK (at simulation time 569.000,000,000 s)
2025-06-06 17:30:51,824 INFO  - Already have ACK (at simulation time 569.000,000,000 s)
2025-06-06 17:30:51,825 INFO  - Already have ACK (at simulation time 569.000,000,000 s)
2025-06-06 17:30:51,825 INFO  - Already have ACK (at simulation time 569.000,000,000 s)
2025-06-06 17:30:51,825 INFO  - Already have ACK (at simulation time 569.000,000,000 s)
2025-06-06 17:30:51,825 INFO  - Already have ACK (at simulation time 569.000,000,000 s)
2025-06-06 17:30:51,825 INFO  - Already have ACK (at simulation time 569.000,000,000 s)
2025-06-06 17:30:51,825 INFO  - Already have ACK (at simulation time 569.000,000,000 s)
2025-06-06 17:30:51,825 INFO  - Already have ACK (at simulation time 569.000,000,000 s)
2025-06-06 17:30:51,825 INFO  - Already have ACK (at simulation time 569.000,000,000 s)
2025-06-06 17:30:51,825 INFO  - Already have ACK (at simulation time 569.000,000,000 s)
2025-06-06 17:30:51,825 INFO  - Already have ACK (at simulation time 569.000,000,000 s)
2025-06-06 17:30:51,825 INFO  - Already have ACK (at simulation time 569.000,000,000 s)
2025-06-06 17:30:51,825 INFO  - Already have ACK (at simulation time 569.000,000,000 s)
2025-06-06 17:30:51,826 INFO  - Already have ACK (at simulation time 569.000,000,000 s)
2025-06-06 17:30:51,826 INFO  - Already have ACK (at simulation time 569.000,000,000 s)
2025-06-06 17:30:51,826 INFO  - Already have ACK (at simulation time 569.000,000,000 s)
2025-06-06 17:30:51,826 INFO  - Already have ACK (at simulation time 569.000,000,000 s)
2025-06-06 17:30:51,826 INFO  - Already have ACK (at simulation time 569.000,000,000 s)
2025-06-06 17:30:51,826 INFO  - Already have ACK (at simulation time 569.000,000,000 s)
2025-06-06 17:30:51,826 INFO  - Already have ACK (at simulation time 569.000,000,000 s)
2025-06-06 17:30:51,826 INFO  - Already have ACK (at simulation time 569.000,000,000 s)
2025-06-06 17:30:51,826 INFO  - Already have ACK (at simulation time 569.000,000,000 s)
2025-06-06 17:30:51,826 INFO  - Already have ACK (at simulation time 569.000,000,000 s)
2025-06-06 17:30:51,826 INFO  - Already have ACK (at simulation time 569.000,000,000 s)
2025-06-06 17:30:51,826 INFO  - Already have ACK (at simulation time 569.000,000,000 s)
2025-06-06 17:30:51,826 INFO  - Already have ACK (at simulation time 569.000,000,000 s)
2025-06-06 17:30:51,826 INFO  - Already have ACK (at simulation time 569.000,000,000 s)
2025-06-06 17:30:51,826 INFO  - Already have ACK (at simulation time 569.000,000,000 s)
2025-06-06 17:30:51,830 INFO  - Already have ACK (at simulation time 570.000,000,000 s)
2025-06-06 17:30:51,830 INFO  - Already have ACK (at simulation time 570.000,000,000 s)
2025-06-06 17:30:51,831 INFO  - Already have ACK (at simulation time 570.000,000,000 s)
2025-06-06 17:30:51,831 INFO  - Already have ACK (at simulation time 570.000,000,000 s)
2025-06-06 17:30:51,831 INFO  - Already have ACK (at simulation time 570.000,000,000 s)
2025-06-06 17:30:51,831 INFO  - Already have ACK (at simulation time 570.000,000,000 s)
2025-06-06 17:30:51,831 INFO  - Already have ACK (at simulation time 570.000,000,000 s)
2025-06-06 17:30:51,831 INFO  - Already have ACK (at simulation time 570.000,000,000 s)
2025-06-06 17:30:51,831 INFO  - Already have ACK (at simulation time 570.000,000,000 s)
2025-06-06 17:30:51,831 INFO  - Already have ACK (at simulation time 570.000,000,000 s)
2025-06-06 17:30:51,831 INFO  - Already have ACK (at simulation time 570.000,000,000 s)
2025-06-06 17:30:51,831 INFO  - Already have ACK (at simulation time 570.000,000,000 s)
2025-06-06 17:30:51,831 INFO  - Already have ACK (at simulation time 570.000,000,000 s)
2025-06-06 17:30:51,831 INFO  - Already have ACK (at simulation time 570.000,000,000 s)
2025-06-06 17:30:51,831 INFO  - Already have ACK (at simulation time 570.000,000,000 s)
2025-06-06 17:30:51,831 INFO  - Already have ACK (at simulation time 570.000,000,000 s)
2025-06-06 17:30:51,832 INFO  - Already have ACK (at simulation time 570.000,000,000 s)
2025-06-06 17:30:51,832 INFO  - Already have ACK (at simulation time 570.000,000,000 s)
2025-06-06 17:30:51,832 INFO  - Already have ACK (at simulation time 570.000,000,000 s)
2025-06-06 17:30:51,832 INFO  - Already have ACK (at simulation time 570.000,000,000 s)
2025-06-06 17:30:51,832 INFO  - Already have ACK (at simulation time 570.000,000,000 s)
2025-06-06 17:30:51,832 INFO  - Already have ACK (at simulation time 570.000,000,000 s)
2025-06-06 17:30:51,832 INFO  - Already have ACK (at simulation time 570.000,000,000 s)
2025-06-06 17:30:51,832 INFO  - Already have ACK (at simulation time 570.000,000,000 s)
2025-06-06 17:30:51,832 INFO  - Already have ACK (at simulation time 570.000,000,000 s)
2025-06-06 17:30:51,832 INFO  - Already have ACK (at simulation time 570.000,000,000 s)
2025-06-06 17:30:51,832 INFO  - Already have ACK (at simulation time 570.000,000,000 s)
2025-06-06 17:30:51,832 INFO  - Already have ACK (at simulation time 570.000,000,000 s)
2025-06-06 17:30:51,832 INFO  - Already have ACK (at simulation time 570.000,000,000 s)
2025-06-06 17:30:51,832 INFO  - Already have ACK (at simulation time 570.000,000,000 s)
2025-06-06 17:30:51,836 INFO  - Received metrics from FogNode: avgR0=1.3157894736842106, avgR1=2.0701754385964914 (at simulation time 570.003,300,000 s)
2025-06-06 17:30:51,837 INFO  - Sent periodic GreenWaveMsg: veh_105 on route r_1 (at simulation time 571.000,000,000 s)
2025-06-06 17:30:51,837 INFO  - Already have ACK (at simulation time 571.000,000,000 s)
2025-06-06 17:30:51,837 INFO  - Already have ACK (at simulation time 571.000,000,000 s)
2025-06-06 17:30:51,837 INFO  - Already have ACK (at simulation time 571.000,000,000 s)
2025-06-06 17:30:51,837 INFO  - Already have ACK (at simulation time 571.000,000,000 s)
2025-06-06 17:30:51,838 INFO  - Already have ACK (at simulation time 571.000,000,000 s)
2025-06-06 17:30:51,838 INFO  - Already have ACK (at simulation time 571.000,000,000 s)
2025-06-06 17:30:51,838 INFO  - Already have ACK (at simulation time 571.000,000,000 s)
2025-06-06 17:30:51,838 INFO  - Already have ACK (at simulation time 571.000,000,000 s)
2025-06-06 17:30:51,838 INFO  - Already have ACK (at simulation time 571.000,000,000 s)
2025-06-06 17:30:51,838 INFO  - Already have ACK (at simulation time 571.000,000,000 s)
2025-06-06 17:30:51,838 INFO  - Already have ACK (at simulation time 571.000,000,000 s)
2025-06-06 17:30:51,838 INFO  - Already have ACK (at simulation time 571.000,000,000 s)
2025-06-06 17:30:51,838 INFO  - Already have ACK (at simulation time 571.000,000,000 s)
2025-06-06 17:30:51,838 INFO  - Already have ACK (at simulation time 571.000,000,000 s)
2025-06-06 17:30:51,838 INFO  - Already have ACK (at simulation time 571.000,000,000 s)
2025-06-06 17:30:51,838 INFO  - Already have ACK (at simulation time 571.000,000,000 s)
2025-06-06 17:30:51,839 INFO  - Already have ACK (at simulation time 571.000,000,000 s)
2025-06-06 17:30:51,839 INFO  - Already have ACK (at simulation time 571.000,000,000 s)
2025-06-06 17:30:51,839 INFO  - Already have ACK (at simulation time 571.000,000,000 s)
2025-06-06 17:30:51,839 INFO  - Already have ACK (at simulation time 571.000,000,000 s)
2025-06-06 17:30:51,839 INFO  - Already have ACK (at simulation time 571.000,000,000 s)
2025-06-06 17:30:51,839 INFO  - Already have ACK (at simulation time 571.000,000,000 s)
2025-06-06 17:30:51,839 INFO  - Already have ACK (at simulation time 571.000,000,000 s)
2025-06-06 17:30:51,839 INFO  - Already have ACK (at simulation time 571.000,000,000 s)
2025-06-06 17:30:51,839 INFO  - Already have ACK (at simulation time 571.000,000,000 s)
2025-06-06 17:30:51,839 INFO  - Already have ACK (at simulation time 571.000,000,000 s)
2025-06-06 17:30:51,839 INFO  - Already have ACK (at simulation time 571.000,000,000 s)
2025-06-06 17:30:51,839 INFO  - Already have ACK (at simulation time 571.000,000,000 s)
2025-06-06 17:30:51,839 INFO  - Already have ACK (at simulation time 571.000,000,000 s)
2025-06-06 17:30:51,839 INFO  - Already have ACK (at simulation time 571.000,000,000 s)
2025-06-06 17:30:51,839 INFO  - Already have ACK (at simulation time 571.000,000,000 s)
2025-06-06 17:30:51,850 INFO  - Already have ACK (at simulation time 572.000,000,000 s)
2025-06-06 17:30:51,850 INFO  - Already have ACK (at simulation time 572.000,000,000 s)
2025-06-06 17:30:51,850 INFO  - Already have ACK (at simulation time 572.000,000,000 s)
2025-06-06 17:30:51,850 INFO  - Already have ACK (at simulation time 572.000,000,000 s)
2025-06-06 17:30:51,850 INFO  - Already have ACK (at simulation time 572.000,000,000 s)
2025-06-06 17:30:51,850 INFO  - Already have ACK (at simulation time 572.000,000,000 s)
2025-06-06 17:30:51,850 INFO  - Already have ACK (at simulation time 572.000,000,000 s)
2025-06-06 17:30:51,850 INFO  - Already have ACK (at simulation time 572.000,000,000 s)
2025-06-06 17:30:51,851 INFO  - Already have ACK (at simulation time 572.000,000,000 s)
2025-06-06 17:30:51,851 INFO  - Already have ACK (at simulation time 572.000,000,000 s)
2025-06-06 17:30:51,851 INFO  - Already have ACK (at simulation time 572.000,000,000 s)
2025-06-06 17:30:51,851 INFO  - Already have ACK (at simulation time 572.000,000,000 s)
2025-06-06 17:30:51,851 INFO  - Already have ACK (at simulation time 572.000,000,000 s)
2025-06-06 17:30:51,851 INFO  - Already have ACK (at simulation time 572.000,000,000 s)
2025-06-06 17:30:51,851 INFO  - Already have ACK (at simulation time 572.000,000,000 s)
2025-06-06 17:30:51,851 INFO  - Already have ACK (at simulation time 572.000,000,000 s)
2025-06-06 17:30:51,851 INFO  - Already have ACK (at simulation time 572.000,000,000 s)
2025-06-06 17:30:51,851 INFO  - Already have ACK (at simulation time 572.000,000,000 s)
2025-06-06 17:30:51,851 INFO  - Already have ACK (at simulation time 572.000,000,000 s)
2025-06-06 17:30:51,851 INFO  - Already have ACK (at simulation time 572.000,000,000 s)
2025-06-06 17:30:51,851 INFO  - Already have ACK (at simulation time 572.000,000,000 s)
2025-06-06 17:30:51,852 INFO  - Already have ACK (at simulation time 572.000,000,000 s)
2025-06-06 17:30:51,852 INFO  - Already have ACK (at simulation time 572.000,000,000 s)
2025-06-06 17:30:51,852 INFO  - Already have ACK (at simulation time 572.000,000,000 s)
2025-06-06 17:30:51,852 INFO  - Already have ACK (at simulation time 572.000,000,000 s)
2025-06-06 17:30:51,852 INFO  - Already have ACK (at simulation time 572.000,000,000 s)
2025-06-06 17:30:51,852 INFO  - Already have ACK (at simulation time 572.000,000,000 s)
2025-06-06 17:30:51,852 INFO  - Already have ACK (at simulation time 572.000,000,000 s)
2025-06-06 17:30:51,852 INFO  - Already have ACK (at simulation time 572.000,000,000 s)
2025-06-06 17:30:51,852 INFO  - Already have ACK (at simulation time 572.000,000,000 s)
2025-06-06 17:30:51,852 INFO  - Already have ACK (at simulation time 572.000,000,000 s)
2025-06-06 17:30:51,852 INFO  - Already have ACK (at simulation time 572.000,000,000 s)
2025-06-06 17:30:51,856 INFO  - Already have ACK (at simulation time 573.000,000,000 s)
2025-06-06 17:30:51,856 INFO  - Already have ACK (at simulation time 573.000,000,000 s)
2025-06-06 17:30:51,856 INFO  - Already have ACK (at simulation time 573.000,000,000 s)
2025-06-06 17:30:51,856 INFO  - Already have ACK (at simulation time 573.000,000,000 s)
2025-06-06 17:30:51,856 INFO  - Already have ACK (at simulation time 573.000,000,000 s)
2025-06-06 17:30:51,856 INFO  - Already have ACK (at simulation time 573.000,000,000 s)
2025-06-06 17:30:51,856 INFO  - Already have ACK (at simulation time 573.000,000,000 s)
2025-06-06 17:30:51,856 INFO  - Already have ACK (at simulation time 573.000,000,000 s)
2025-06-06 17:30:51,856 INFO  - Already have ACK (at simulation time 573.000,000,000 s)
2025-06-06 17:30:51,856 INFO  - Already have ACK (at simulation time 573.000,000,000 s)
2025-06-06 17:30:51,856 INFO  - Already have ACK (at simulation time 573.000,000,000 s)
2025-06-06 17:30:51,856 INFO  - Already have ACK (at simulation time 573.000,000,000 s)
2025-06-06 17:30:51,856 INFO  - Already have ACK (at simulation time 573.000,000,000 s)
2025-06-06 17:30:51,857 INFO  - Already have ACK (at simulation time 573.000,000,000 s)
2025-06-06 17:30:51,857 INFO  - Already have ACK (at simulation time 573.000,000,000 s)
2025-06-06 17:30:51,857 INFO  - Already have ACK (at simulation time 573.000,000,000 s)
2025-06-06 17:30:51,857 INFO  - Already have ACK (at simulation time 573.000,000,000 s)
2025-06-06 17:30:51,857 INFO  - Already have ACK (at simulation time 573.000,000,000 s)
2025-06-06 17:30:51,857 INFO  - Already have ACK (at simulation time 573.000,000,000 s)
2025-06-06 17:30:51,857 INFO  - Already have ACK (at simulation time 573.000,000,000 s)
2025-06-06 17:30:51,857 INFO  - Already have ACK (at simulation time 573.000,000,000 s)
2025-06-06 17:30:51,857 INFO  - Already have ACK (at simulation time 573.000,000,000 s)
2025-06-06 17:30:51,857 INFO  - Already have ACK (at simulation time 573.000,000,000 s)
2025-06-06 17:30:51,857 INFO  - Already have ACK (at simulation time 573.000,000,000 s)
2025-06-06 17:30:51,857 INFO  - Already have ACK (at simulation time 573.000,000,000 s)
2025-06-06 17:30:51,857 INFO  - Already have ACK (at simulation time 573.000,000,000 s)
2025-06-06 17:30:51,857 INFO  - Already have ACK (at simulation time 573.000,000,000 s)
2025-06-06 17:30:51,857 INFO  - Already have ACK (at simulation time 573.000,000,000 s)
2025-06-06 17:30:51,857 INFO  - Already have ACK (at simulation time 573.000,000,000 s)
2025-06-06 17:30:51,857 INFO  - Already have ACK (at simulation time 573.000,000,000 s)
2025-06-06 17:30:51,857 INFO  - Already have ACK (at simulation time 573.000,000,000 s)
2025-06-06 17:30:51,857 INFO  - Already have ACK (at simulation time 573.000,000,000 s)
2025-06-06 17:30:51,857 INFO  - Already have ACK (at simulation time 573.000,000,000 s)
2025-06-06 17:30:51,860 INFO  - Already have ACK (at simulation time 574.000,000,000 s)
2025-06-06 17:30:51,860 INFO  - Already have ACK (at simulation time 574.000,000,000 s)
2025-06-06 17:30:51,860 INFO  - Already have ACK (at simulation time 574.000,000,000 s)
2025-06-06 17:30:51,860 INFO  - Already have ACK (at simulation time 574.000,000,000 s)
2025-06-06 17:30:51,860 INFO  - Already have ACK (at simulation time 574.000,000,000 s)
2025-06-06 17:30:51,861 INFO  - Already have ACK (at simulation time 574.000,000,000 s)
2025-06-06 17:30:51,861 INFO  - Already have ACK (at simulation time 574.000,000,000 s)
2025-06-06 17:30:51,861 INFO  - Already have ACK (at simulation time 574.000,000,000 s)
2025-06-06 17:30:51,861 INFO  - Already have ACK (at simulation time 574.000,000,000 s)
2025-06-06 17:30:51,861 INFO  - Already have ACK (at simulation time 574.000,000,000 s)
2025-06-06 17:30:51,861 INFO  - Already have ACK (at simulation time 574.000,000,000 s)
2025-06-06 17:30:51,861 INFO  - Already have ACK (at simulation time 574.000,000,000 s)
2025-06-06 17:30:51,861 INFO  - Already have ACK (at simulation time 574.000,000,000 s)
2025-06-06 17:30:51,861 INFO  - Already have ACK (at simulation time 574.000,000,000 s)
2025-06-06 17:30:51,861 INFO  - Already have ACK (at simulation time 574.000,000,000 s)
2025-06-06 17:30:51,861 INFO  - Already have ACK (at simulation time 574.000,000,000 s)
2025-06-06 17:30:51,861 INFO  - Already have ACK (at simulation time 574.000,000,000 s)
2025-06-06 17:30:51,861 INFO  - Already have ACK (at simulation time 574.000,000,000 s)
2025-06-06 17:30:51,861 INFO  - Already have ACK (at simulation time 574.000,000,000 s)
2025-06-06 17:30:51,861 INFO  - Already have ACK (at simulation time 574.000,000,000 s)
2025-06-06 17:30:51,861 INFO  - Already have ACK (at simulation time 574.000,000,000 s)
2025-06-06 17:30:51,861 INFO  - Already have ACK (at simulation time 574.000,000,000 s)
2025-06-06 17:30:51,861 INFO  - Already have ACK (at simulation time 574.000,000,000 s)
2025-06-06 17:30:51,862 INFO  - Already have ACK (at simulation time 574.000,000,000 s)
2025-06-06 17:30:51,862 INFO  - Already have ACK (at simulation time 574.000,000,000 s)
2025-06-06 17:30:51,862 INFO  - Already have ACK (at simulation time 574.000,000,000 s)
2025-06-06 17:30:51,862 INFO  - Already have ACK (at simulation time 574.000,000,000 s)
2025-06-06 17:30:51,862 INFO  - Already have ACK (at simulation time 574.000,000,000 s)
2025-06-06 17:30:51,862 INFO  - Already have ACK (at simulation time 574.000,000,000 s)
2025-06-06 17:30:51,862 INFO  - Already have ACK (at simulation time 574.000,000,000 s)
2025-06-06 17:30:51,862 INFO  - Already have ACK (at simulation time 574.000,000,000 s)
2025-06-06 17:30:51,862 INFO  - Already have ACK (at simulation time 574.000,000,000 s)
2025-06-06 17:30:51,862 INFO  - Already have ACK (at simulation time 574.000,000,000 s)
2025-06-06 17:30:51,862 INFO  - Already have ACK (at simulation time 574.000,000,000 s)
2025-06-06 17:30:51,865 INFO  - Already have ACK (at simulation time 575.000,000,000 s)
2025-06-06 17:30:51,865 INFO  - Already have ACK (at simulation time 575.000,000,000 s)
2025-06-06 17:30:51,865 INFO  - Already have ACK (at simulation time 575.000,000,000 s)
2025-06-06 17:30:51,865 INFO  - Already have ACK (at simulation time 575.000,000,000 s)
2025-06-06 17:30:51,865 INFO  - Already have ACK (at simulation time 575.000,000,000 s)
2025-06-06 17:30:51,865 INFO  - Already have ACK (at simulation time 575.000,000,000 s)
2025-06-06 17:30:51,865 INFO  - Already have ACK (at simulation time 575.000,000,000 s)
2025-06-06 17:30:51,865 INFO  - Already have ACK (at simulation time 575.000,000,000 s)
2025-06-06 17:30:51,865 INFO  - Already have ACK (at simulation time 575.000,000,000 s)
2025-06-06 17:30:51,865 INFO  - Already have ACK (at simulation time 575.000,000,000 s)
2025-06-06 17:30:51,865 INFO  - Already have ACK (at simulation time 575.000,000,000 s)
2025-06-06 17:30:51,865 INFO  - Already have ACK (at simulation time 575.000,000,000 s)
2025-06-06 17:30:51,865 INFO  - Already have ACK (at simulation time 575.000,000,000 s)
2025-06-06 17:30:51,865 INFO  - Already have ACK (at simulation time 575.000,000,000 s)
2025-06-06 17:30:51,865 INFO  - Already have ACK (at simulation time 575.000,000,000 s)
2025-06-06 17:30:51,865 INFO  - Already have ACK (at simulation time 575.000,000,000 s)
2025-06-06 17:30:51,866 INFO  - Already have ACK (at simulation time 575.000,000,000 s)
2025-06-06 17:30:51,866 INFO  - Already have ACK (at simulation time 575.000,000,000 s)
2025-06-06 17:30:51,866 INFO  - Already have ACK (at simulation time 575.000,000,000 s)
2025-06-06 17:30:51,866 INFO  - Already have ACK (at simulation time 575.000,000,000 s)
2025-06-06 17:30:51,866 INFO  - Already have ACK (at simulation time 575.000,000,000 s)
2025-06-06 17:30:51,866 INFO  - Already have ACK (at simulation time 575.000,000,000 s)
2025-06-06 17:30:51,866 INFO  - Already have ACK (at simulation time 575.000,000,000 s)
2025-06-06 17:30:51,866 INFO  - Already have ACK (at simulation time 575.000,000,000 s)
2025-06-06 17:30:51,866 INFO  - Already have ACK (at simulation time 575.000,000,000 s)
2025-06-06 17:30:51,866 INFO  - Already have ACK (at simulation time 575.000,000,000 s)
2025-06-06 17:30:51,866 INFO  - Already have ACK (at simulation time 575.000,000,000 s)
2025-06-06 17:30:51,866 INFO  - Already have ACK (at simulation time 575.000,000,000 s)
2025-06-06 17:30:51,866 INFO  - Already have ACK (at simulation time 575.000,000,000 s)
2025-06-06 17:30:51,866 INFO  - Already have ACK (at simulation time 575.000,000,000 s)
2025-06-06 17:30:51,866 INFO  - Already have ACK (at simulation time 575.000,000,000 s)
2025-06-06 17:30:51,866 INFO  - Already have ACK (at simulation time 575.000,000,000 s)
2025-06-06 17:30:51,866 INFO  - Already have ACK (at simulation time 575.000,000,000 s)
2025-06-06 17:30:51,866 INFO  - Already have ACK (at simulation time 575.000,000,000 s)
2025-06-06 17:30:51,866 INFO  - Already have ACK (at simulation time 575.000,000,000 s)
2025-06-06 17:30:51,869 INFO  - Sent periodic GreenWaveMsg: veh_105 on route r_1 (at simulation time 576.000,000,000 s)
2025-06-06 17:30:51,869 INFO  - Already have ACK (at simulation time 576.000,000,000 s)
2025-06-06 17:30:51,869 INFO  - Already have ACK (at simulation time 576.000,000,000 s)
2025-06-06 17:30:51,869 INFO  - Already have ACK (at simulation time 576.000,000,000 s)
2025-06-06 17:30:51,869 INFO  - Already have ACK (at simulation time 576.000,000,000 s)
2025-06-06 17:30:51,869 INFO  - Already have ACK (at simulation time 576.000,000,000 s)
2025-06-06 17:30:51,869 INFO  - Already have ACK (at simulation time 576.000,000,000 s)
2025-06-06 17:30:51,869 INFO  - Already have ACK (at simulation time 576.000,000,000 s)
2025-06-06 17:30:51,869 INFO  - Already have ACK (at simulation time 576.000,000,000 s)
2025-06-06 17:30:51,869 INFO  - Already have ACK (at simulation time 576.000,000,000 s)
2025-06-06 17:30:51,869 INFO  - Already have ACK (at simulation time 576.000,000,000 s)
2025-06-06 17:30:51,869 INFO  - Already have ACK (at simulation time 576.000,000,000 s)
2025-06-06 17:30:51,869 INFO  - Already have ACK (at simulation time 576.000,000,000 s)
2025-06-06 17:30:51,869 INFO  - Already have ACK (at simulation time 576.000,000,000 s)
2025-06-06 17:30:51,869 INFO  - Already have ACK (at simulation time 576.000,000,000 s)
2025-06-06 17:30:51,869 INFO  - Already have ACK (at simulation time 576.000,000,000 s)
2025-06-06 17:30:51,870 INFO  - Already have ACK (at simulation time 576.000,000,000 s)
2025-06-06 17:30:51,870 INFO  - Already have ACK (at simulation time 576.000,000,000 s)
2025-06-06 17:30:51,870 INFO  - Already have ACK (at simulation time 576.000,000,000 s)
2025-06-06 17:30:51,870 INFO  - Already have ACK (at simulation time 576.000,000,000 s)
2025-06-06 17:30:51,870 INFO  - Already have ACK (at simulation time 576.000,000,000 s)
2025-06-06 17:30:51,870 INFO  - Already have ACK (at simulation time 576.000,000,000 s)
2025-06-06 17:30:51,870 INFO  - Already have ACK (at simulation time 576.000,000,000 s)
2025-06-06 17:30:51,870 INFO  - Already have ACK (at simulation time 576.000,000,000 s)
2025-06-06 17:30:51,870 INFO  - Already have ACK (at simulation time 576.000,000,000 s)
2025-06-06 17:30:51,870 INFO  - Already have ACK (at simulation time 576.000,000,000 s)
2025-06-06 17:30:51,870 INFO  - Already have ACK (at simulation time 576.000,000,000 s)
2025-06-06 17:30:51,870 INFO  - Already have ACK (at simulation time 576.000,000,000 s)
2025-06-06 17:30:51,870 INFO  - Already have ACK (at simulation time 576.000,000,000 s)
2025-06-06 17:30:51,870 INFO  - Already have ACK (at simulation time 576.000,000,000 s)
2025-06-06 17:30:51,870 INFO  - Already have ACK (at simulation time 576.000,000,000 s)
2025-06-06 17:30:51,870 INFO  - Already have ACK (at simulation time 576.000,000,000 s)
2025-06-06 17:30:51,870 INFO  - Already have ACK (at simulation time 576.000,000,000 s)
2025-06-06 17:30:51,870 INFO  - Already have ACK (at simulation time 576.000,000,000 s)
2025-06-06 17:30:51,870 INFO  - Already have ACK (at simulation time 576.000,000,000 s)
2025-06-06 17:30:51,870 INFO  - Already have ACK (at simulation time 576.000,000,000 s)
2025-06-06 17:30:51,870 INFO  - Already have ACK (at simulation time 576.000,000,000 s)
2025-06-06 17:30:51,873 INFO  - Already have ACK (at simulation time 577.000,000,000 s)
2025-06-06 17:30:51,873 INFO  - Already have ACK (at simulation time 577.000,000,000 s)
2025-06-06 17:30:51,873 INFO  - Already have ACK (at simulation time 577.000,000,000 s)
2025-06-06 17:30:51,873 INFO  - Already have ACK (at simulation time 577.000,000,000 s)
2025-06-06 17:30:51,873 INFO  - Already have ACK (at simulation time 577.000,000,000 s)
2025-06-06 17:30:51,873 INFO  - Already have ACK (at simulation time 577.000,000,000 s)
2025-06-06 17:30:51,873 INFO  - Already have ACK (at simulation time 577.000,000,000 s)
2025-06-06 17:30:51,873 INFO  - Already have ACK (at simulation time 577.000,000,000 s)
2025-06-06 17:30:51,873 INFO  - Already have ACK (at simulation time 577.000,000,000 s)
2025-06-06 17:30:51,873 INFO  - Already have ACK (at simulation time 577.000,000,000 s)
2025-06-06 17:30:51,873 INFO  - Already have ACK (at simulation time 577.000,000,000 s)
2025-06-06 17:30:51,873 INFO  - Already have ACK (at simulation time 577.000,000,000 s)
2025-06-06 17:30:51,873 INFO  - Already have ACK (at simulation time 577.000,000,000 s)
2025-06-06 17:30:51,873 INFO  - Already have ACK (at simulation time 577.000,000,000 s)
2025-06-06 17:30:51,873 INFO  - Already have ACK (at simulation time 577.000,000,000 s)
2025-06-06 17:30:51,874 INFO  - Already have ACK (at simulation time 577.000,000,000 s)
2025-06-06 17:30:51,874 INFO  - Already have ACK (at simulation time 577.000,000,000 s)
2025-06-06 17:30:51,874 INFO  - Already have ACK (at simulation time 577.000,000,000 s)
2025-06-06 17:30:51,874 INFO  - Already have ACK (at simulation time 577.000,000,000 s)
2025-06-06 17:30:51,874 INFO  - Already have ACK (at simulation time 577.000,000,000 s)
2025-06-06 17:30:51,874 INFO  - Already have ACK (at simulation time 577.000,000,000 s)
2025-06-06 17:30:51,874 INFO  - Already have ACK (at simulation time 577.000,000,000 s)
2025-06-06 17:30:51,874 INFO  - Already have ACK (at simulation time 577.000,000,000 s)
2025-06-06 17:30:51,874 INFO  - Already have ACK (at simulation time 577.000,000,000 s)
2025-06-06 17:30:51,874 INFO  - Already have ACK (at simulation time 577.000,000,000 s)
2025-06-06 17:30:51,874 INFO  - Already have ACK (at simulation time 577.000,000,000 s)
2025-06-06 17:30:51,874 INFO  - Already have ACK (at simulation time 577.000,000,000 s)
2025-06-06 17:30:51,874 INFO  - Already have ACK (at simulation time 577.000,000,000 s)
2025-06-06 17:30:51,874 INFO  - Already have ACK (at simulation time 577.000,000,000 s)
2025-06-06 17:30:51,874 INFO  - Already have ACK (at simulation time 577.000,000,000 s)
2025-06-06 17:30:51,874 INFO  - Already have ACK (at simulation time 577.000,000,000 s)
2025-06-06 17:30:51,874 INFO  - Already have ACK (at simulation time 577.000,000,000 s)
2025-06-06 17:30:51,874 INFO  - Already have ACK (at simulation time 577.000,000,000 s)
2025-06-06 17:30:51,874 INFO  - Already have ACK (at simulation time 577.000,000,000 s)
2025-06-06 17:30:51,874 INFO  - Already have ACK (at simulation time 577.000,000,000 s)
2025-06-06 17:30:51,874 INFO  - Already have ACK (at simulation time 577.000,000,000 s)
2025-06-06 17:30:51,874 INFO  - Already have ACK (at simulation time 577.000,000,000 s)
2025-06-06 17:30:51,877 INFO  - Already have ACK (at simulation time 578.000,000,000 s)
2025-06-06 17:30:51,877 INFO  - Already have ACK (at simulation time 578.000,000,000 s)
2025-06-06 17:30:51,877 INFO  - Already have ACK (at simulation time 578.000,000,000 s)
2025-06-06 17:30:51,877 INFO  - Already have ACK (at simulation time 578.000,000,000 s)
2025-06-06 17:30:51,877 INFO  - Already have ACK (at simulation time 578.000,000,000 s)
2025-06-06 17:30:51,877 INFO  - Already have ACK (at simulation time 578.000,000,000 s)
2025-06-06 17:30:51,877 INFO  - Already have ACK (at simulation time 578.000,000,000 s)
2025-06-06 17:30:51,877 INFO  - Already have ACK (at simulation time 578.000,000,000 s)
2025-06-06 17:30:51,877 INFO  - Already have ACK (at simulation time 578.000,000,000 s)
2025-06-06 17:30:51,877 INFO  - Already have ACK (at simulation time 578.000,000,000 s)
2025-06-06 17:30:51,877 INFO  - Already have ACK (at simulation time 578.000,000,000 s)
2025-06-06 17:30:51,877 INFO  - Already have ACK (at simulation time 578.000,000,000 s)
2025-06-06 17:30:51,877 INFO  - Already have ACK (at simulation time 578.000,000,000 s)
2025-06-06 17:30:51,877 INFO  - Already have ACK (at simulation time 578.000,000,000 s)
2025-06-06 17:30:51,877 INFO  - Already have ACK (at simulation time 578.000,000,000 s)
2025-06-06 17:30:51,877 INFO  - Already have ACK (at simulation time 578.000,000,000 s)
2025-06-06 17:30:51,877 INFO  - Already have ACK (at simulation time 578.000,000,000 s)
2025-06-06 17:30:51,878 INFO  - Already have ACK (at simulation time 578.000,000,000 s)
2025-06-06 17:30:51,878 INFO  - Already have ACK (at simulation time 578.000,000,000 s)
2025-06-06 17:30:51,878 INFO  - Already have ACK (at simulation time 578.000,000,000 s)
2025-06-06 17:30:51,878 INFO  - Already have ACK (at simulation time 578.000,000,000 s)
2025-06-06 17:30:51,878 INFO  - Already have ACK (at simulation time 578.000,000,000 s)
2025-06-06 17:30:51,878 INFO  - Already have ACK (at simulation time 578.000,000,000 s)
2025-06-06 17:30:51,878 INFO  - Already have ACK (at simulation time 578.000,000,000 s)
2025-06-06 17:30:51,878 INFO  - Already have ACK (at simulation time 578.000,000,000 s)
2025-06-06 17:30:51,878 INFO  - Already have ACK (at simulation time 578.000,000,000 s)
2025-06-06 17:30:51,878 INFO  - Already have ACK (at simulation time 578.000,000,000 s)
2025-06-06 17:30:51,878 INFO  - Already have ACK (at simulation time 578.000,000,000 s)
2025-06-06 17:30:51,878 INFO  - Already have ACK (at simulation time 578.000,000,000 s)
2025-06-06 17:30:51,878 INFO  - Already have ACK (at simulation time 578.000,000,000 s)
2025-06-06 17:30:51,878 INFO  - Already have ACK (at simulation time 578.000,000,000 s)
2025-06-06 17:30:51,878 INFO  - Already have ACK (at simulation time 578.000,000,000 s)
2025-06-06 17:30:51,878 INFO  - Already have ACK (at simulation time 578.000,000,000 s)
2025-06-06 17:30:51,878 INFO  - Already have ACK (at simulation time 578.000,000,000 s)
2025-06-06 17:30:51,878 INFO  - Already have ACK (at simulation time 578.000,000,000 s)
2025-06-06 17:30:51,878 INFO  - Already have ACK (at simulation time 578.000,000,000 s)
2025-06-06 17:30:51,878 INFO  - Already have ACK (at simulation time 578.000,000,000 s)
2025-06-06 17:30:51,878 INFO  - Already have ACK (at simulation time 578.000,000,000 s)
2025-06-06 17:30:51,880 INFO  - Already have ACK (at simulation time 579.000,000,000 s)
2025-06-06 17:30:51,881 INFO  - Already have ACK (at simulation time 579.000,000,000 s)
2025-06-06 17:30:51,881 INFO  - Already have ACK (at simulation time 579.000,000,000 s)
2025-06-06 17:30:51,881 INFO  - Already have ACK (at simulation time 579.000,000,000 s)
2025-06-06 17:30:51,881 INFO  - Already have ACK (at simulation time 579.000,000,000 s)
2025-06-06 17:30:51,881 INFO  - Already have ACK (at simulation time 579.000,000,000 s)
2025-06-06 17:30:51,881 INFO  - Already have ACK (at simulation time 579.000,000,000 s)
2025-06-06 17:30:51,881 INFO  - Already have ACK (at simulation time 579.000,000,000 s)
2025-06-06 17:30:51,881 INFO  - Already have ACK (at simulation time 579.000,000,000 s)
2025-06-06 17:30:51,881 INFO  - Already have ACK (at simulation time 579.000,000,000 s)
2025-06-06 17:30:51,881 INFO  - Already have ACK (at simulation time 579.000,000,000 s)
2025-06-06 17:30:51,881 INFO  - Already have ACK (at simulation time 579.000,000,000 s)
2025-06-06 17:30:51,881 INFO  - Already have ACK (at simulation time 579.000,000,000 s)
2025-06-06 17:30:51,881 INFO  - Already have ACK (at simulation time 579.000,000,000 s)
2025-06-06 17:30:51,881 INFO  - Already have ACK (at simulation time 579.000,000,000 s)
2025-06-06 17:30:51,881 INFO  - Already have ACK (at simulation time 579.000,000,000 s)
2025-06-06 17:30:51,882 INFO  - Already have ACK (at simulation time 579.000,000,000 s)
2025-06-06 17:30:51,882 INFO  - Already have ACK (at simulation time 579.000,000,000 s)
2025-06-06 17:30:51,882 INFO  - Already have ACK (at simulation time 579.000,000,000 s)
2025-06-06 17:30:51,882 INFO  - Already have ACK (at simulation time 579.000,000,000 s)
2025-06-06 17:30:51,882 INFO  - Already have ACK (at simulation time 579.000,000,000 s)
2025-06-06 17:30:51,882 INFO  - Already have ACK (at simulation time 579.000,000,000 s)
2025-06-06 17:30:51,882 INFO  - Already have ACK (at simulation time 579.000,000,000 s)
2025-06-06 17:30:51,882 INFO  - Already have ACK (at simulation time 579.000,000,000 s)
2025-06-06 17:30:51,882 INFO  - Already have ACK (at simulation time 579.000,000,000 s)
2025-06-06 17:30:51,882 INFO  - Already have ACK (at simulation time 579.000,000,000 s)
2025-06-06 17:30:51,882 INFO  - Already have ACK (at simulation time 579.000,000,000 s)
2025-06-06 17:30:51,882 INFO  - Already have ACK (at simulation time 579.000,000,000 s)
2025-06-06 17:30:51,882 INFO  - Already have ACK (at simulation time 579.000,000,000 s)
2025-06-06 17:30:51,882 INFO  - Already have ACK (at simulation time 579.000,000,000 s)
2025-06-06 17:30:51,882 INFO  - Already have ACK (at simulation time 579.000,000,000 s)
2025-06-06 17:30:51,882 INFO  - Already have ACK (at simulation time 579.000,000,000 s)
2025-06-06 17:30:51,882 INFO  - Already have ACK (at simulation time 579.000,000,000 s)
2025-06-06 17:30:51,882 INFO  - Already have ACK (at simulation time 579.000,000,000 s)
2025-06-06 17:30:51,882 INFO  - Already have ACK (at simulation time 579.000,000,000 s)
2025-06-06 17:30:51,882 INFO  - Already have ACK (at simulation time 579.000,000,000 s)
2025-06-06 17:30:51,882 INFO  - Already have ACK (at simulation time 579.000,000,000 s)
2025-06-06 17:30:51,882 INFO  - Already have ACK (at simulation time 579.000,000,000 s)
2025-06-06 17:30:51,882 INFO  - Already have ACK (at simulation time 579.000,000,000 s)
2025-06-06 17:30:51,884 INFO  - Already have ACK (at simulation time 580.000,000,000 s)
2025-06-06 17:30:51,885 INFO  - Already have ACK (at simulation time 580.000,000,000 s)
2025-06-06 17:30:51,885 INFO  - Already have ACK (at simulation time 580.000,000,000 s)
2025-06-06 17:30:51,885 INFO  - Already have ACK (at simulation time 580.000,000,000 s)
2025-06-06 17:30:51,885 INFO  - Already have ACK (at simulation time 580.000,000,000 s)
2025-06-06 17:30:51,885 INFO  - Already have ACK (at simulation time 580.000,000,000 s)
2025-06-06 17:30:51,885 INFO  - Already have ACK (at simulation time 580.000,000,000 s)
2025-06-06 17:30:51,885 INFO  - Already have ACK (at simulation time 580.000,000,000 s)
2025-06-06 17:30:51,885 INFO  - Already have ACK (at simulation time 580.000,000,000 s)
2025-06-06 17:30:51,885 INFO  - Already have ACK (at simulation time 580.000,000,000 s)
2025-06-06 17:30:51,885 INFO  - Already have ACK (at simulation time 580.000,000,000 s)
2025-06-06 17:30:51,885 INFO  - Already have ACK (at simulation time 580.000,000,000 s)
2025-06-06 17:30:51,885 INFO  - Already have ACK (at simulation time 580.000,000,000 s)
2025-06-06 17:30:51,885 INFO  - Already have ACK (at simulation time 580.000,000,000 s)
2025-06-06 17:30:51,885 INFO  - Already have ACK (at simulation time 580.000,000,000 s)
2025-06-06 17:30:51,885 INFO  - Already have ACK (at simulation time 580.000,000,000 s)
2025-06-06 17:30:51,885 INFO  - Already have ACK (at simulation time 580.000,000,000 s)
2025-06-06 17:30:51,885 INFO  - Already have ACK (at simulation time 580.000,000,000 s)
2025-06-06 17:30:51,886 INFO  - Already have ACK (at simulation time 580.000,000,000 s)
2025-06-06 17:30:51,886 INFO  - Already have ACK (at simulation time 580.000,000,000 s)
2025-06-06 17:30:51,886 INFO  - Already have ACK (at simulation time 580.000,000,000 s)
2025-06-06 17:30:51,886 INFO  - Already have ACK (at simulation time 580.000,000,000 s)
2025-06-06 17:30:51,886 INFO  - Already have ACK (at simulation time 580.000,000,000 s)
2025-06-06 17:30:51,886 INFO  - Already have ACK (at simulation time 580.000,000,000 s)
2025-06-06 17:30:51,886 INFO  - Already have ACK (at simulation time 580.000,000,000 s)
2025-06-06 17:30:51,886 INFO  - Already have ACK (at simulation time 580.000,000,000 s)
2025-06-06 17:30:51,886 INFO  - Already have ACK (at simulation time 580.000,000,000 s)
2025-06-06 17:30:51,886 INFO  - Already have ACK (at simulation time 580.000,000,000 s)
2025-06-06 17:30:51,886 INFO  - Already have ACK (at simulation time 580.000,000,000 s)
2025-06-06 17:30:51,886 INFO  - Already have ACK (at simulation time 580.000,000,000 s)
2025-06-06 17:30:51,886 INFO  - Already have ACK (at simulation time 580.000,000,000 s)
2025-06-06 17:30:51,886 INFO  - Already have ACK (at simulation time 580.000,000,000 s)
2025-06-06 17:30:51,886 INFO  - Already have ACK (at simulation time 580.000,000,000 s)
2025-06-06 17:30:51,886 INFO  - Already have ACK (at simulation time 580.000,000,000 s)
2025-06-06 17:30:51,886 INFO  - Already have ACK (at simulation time 580.000,000,000 s)
2025-06-06 17:30:51,886 INFO  - Already have ACK (at simulation time 580.000,000,000 s)
2025-06-06 17:30:51,886 INFO  - Already have ACK (at simulation time 580.000,000,000 s)
2025-06-06 17:30:51,886 INFO  - Already have ACK (at simulation time 580.000,000,000 s)
2025-06-06 17:30:51,886 INFO  - Already have ACK (at simulation time 580.000,000,000 s)
2025-06-06 17:30:51,886 INFO  - Already have ACK (at simulation time 580.000,000,000 s)
2025-06-06 17:30:51,887 INFO  - Received metrics from FogNode: avgR0=1.3448275862068966, avgR1=2.0689655172413794 (at simulation time 580.001,800,000 s)
2025-06-06 17:30:51,889 INFO  - Sent periodic GreenWaveMsg: veh_105 on route r_1 (at simulation time 581.000,000,000 s)
2025-06-06 17:30:51,889 INFO  - Already have ACK (at simulation time 581.000,000,000 s)
2025-06-06 17:30:51,889 INFO  - Already have ACK (at simulation time 581.000,000,000 s)
2025-06-06 17:30:51,889 INFO  - Already have ACK (at simulation time 581.000,000,000 s)
2025-06-06 17:30:51,889 INFO  - Already have ACK (at simulation time 581.000,000,000 s)
2025-06-06 17:30:51,889 INFO  - Already have ACK (at simulation time 581.000,000,000 s)
2025-06-06 17:30:51,889 INFO  - Already have ACK (at simulation time 581.000,000,000 s)
2025-06-06 17:30:51,889 INFO  - Already have ACK (at simulation time 581.000,000,000 s)
2025-06-06 17:30:51,889 INFO  - Already have ACK (at simulation time 581.000,000,000 s)
2025-06-06 17:30:51,889 INFO  - Already have ACK (at simulation time 581.000,000,000 s)
2025-06-06 17:30:51,889 INFO  - Already have ACK (at simulation time 581.000,000,000 s)
2025-06-06 17:30:51,889 INFO  - Already have ACK (at simulation time 581.000,000,000 s)
2025-06-06 17:30:51,889 INFO  - Already have ACK (at simulation time 581.000,000,000 s)
2025-06-06 17:30:51,889 INFO  - Already have ACK (at simulation time 581.000,000,000 s)
2025-06-06 17:30:51,889 INFO  - Already have ACK (at simulation time 581.000,000,000 s)
2025-06-06 17:30:51,889 INFO  - Already have ACK (at simulation time 581.000,000,000 s)
2025-06-06 17:30:51,889 INFO  - Already have ACK (at simulation time 581.000,000,000 s)
2025-06-06 17:30:51,889 INFO  - Already have ACK (at simulation time 581.000,000,000 s)
2025-06-06 17:30:51,890 INFO  - Already have ACK (at simulation time 581.000,000,000 s)
2025-06-06 17:30:51,890 INFO  - Already have ACK (at simulation time 581.000,000,000 s)
2025-06-06 17:30:51,890 INFO  - Already have ACK (at simulation time 581.000,000,000 s)
2025-06-06 17:30:51,890 INFO  - Already have ACK (at simulation time 581.000,000,000 s)
2025-06-06 17:30:51,890 INFO  - Already have ACK (at simulation time 581.000,000,000 s)
2025-06-06 17:30:51,890 INFO  - Already have ACK (at simulation time 581.000,000,000 s)
2025-06-06 17:30:51,890 INFO  - Already have ACK (at simulation time 581.000,000,000 s)
2025-06-06 17:30:51,890 INFO  - Already have ACK (at simulation time 581.000,000,000 s)
2025-06-06 17:30:51,890 INFO  - Already have ACK (at simulation time 581.000,000,000 s)
2025-06-06 17:30:51,890 INFO  - Already have ACK (at simulation time 581.000,000,000 s)
2025-06-06 17:30:51,890 INFO  - Already have ACK (at simulation time 581.000,000,000 s)
2025-06-06 17:30:51,890 INFO  - Already have ACK (at simulation time 581.000,000,000 s)
2025-06-06 17:30:51,890 INFO  - Already have ACK (at simulation time 581.000,000,000 s)
2025-06-06 17:30:51,890 INFO  - Already have ACK (at simulation time 581.000,000,000 s)
2025-06-06 17:30:51,890 INFO  - Already have ACK (at simulation time 581.000,000,000 s)
2025-06-06 17:30:51,890 INFO  - Already have ACK (at simulation time 581.000,000,000 s)
2025-06-06 17:30:51,890 INFO  - Already have ACK (at simulation time 581.000,000,000 s)
2025-06-06 17:30:51,890 INFO  - Already have ACK (at simulation time 581.000,000,000 s)
2025-06-06 17:30:51,890 INFO  - Already have ACK (at simulation time 581.000,000,000 s)
2025-06-06 17:30:51,890 INFO  - Already have ACK (at simulation time 581.000,000,000 s)
2025-06-06 17:30:51,890 INFO  - Already have ACK (at simulation time 581.000,000,000 s)
2025-06-06 17:30:51,890 INFO  - Already have ACK (at simulation time 581.000,000,000 s)
2025-06-06 17:30:51,890 INFO  - Already have ACK (at simulation time 581.000,000,000 s)
2025-06-06 17:30:51,890 INFO  - Already have ACK (at simulation time 581.000,000,000 s)
2025-06-06 17:30:51,896 INFO  - Already have ACK (at simulation time 582.000,000,000 s)
2025-06-06 17:30:51,896 INFO  - Already have ACK (at simulation time 582.000,000,000 s)
2025-06-06 17:30:51,896 INFO  - Already have ACK (at simulation time 582.000,000,000 s)
2025-06-06 17:30:51,897 INFO  - Already have ACK (at simulation time 582.000,000,000 s)
2025-06-06 17:30:51,897 INFO  - Already have ACK (at simulation time 582.000,000,000 s)
2025-06-06 17:30:51,897 INFO  - Already have ACK (at simulation time 582.000,000,000 s)
2025-06-06 17:30:51,897 INFO  - Already have ACK (at simulation time 582.000,000,000 s)
2025-06-06 17:30:51,897 INFO  - Already have ACK (at simulation time 582.000,000,000 s)
2025-06-06 17:30:51,897 INFO  - Already have ACK (at simulation time 582.000,000,000 s)
2025-06-06 17:30:51,897 INFO  - Already have ACK (at simulation time 582.000,000,000 s)
2025-06-06 17:30:51,897 INFO  - Already have ACK (at simulation time 582.000,000,000 s)
2025-06-06 17:30:51,897 INFO  - Already have ACK (at simulation time 582.000,000,000 s)
2025-06-06 17:30:51,897 INFO  - Already have ACK (at simulation time 582.000,000,000 s)
2025-06-06 17:30:51,897 INFO  - Already have ACK (at simulation time 582.000,000,000 s)
2025-06-06 17:30:51,897 INFO  - Already have ACK (at simulation time 582.000,000,000 s)
2025-06-06 17:30:51,897 INFO  - Already have ACK (at simulation time 582.000,000,000 s)
2025-06-06 17:30:51,897 INFO  - Already have ACK (at simulation time 582.000,000,000 s)
2025-06-06 17:30:51,897 INFO  - Already have ACK (at simulation time 582.000,000,000 s)
2025-06-06 17:30:51,897 INFO  - Already have ACK (at simulation time 582.000,000,000 s)
2025-06-06 17:30:51,897 INFO  - Already have ACK (at simulation time 582.000,000,000 s)
2025-06-06 17:30:51,897 INFO  - Already have ACK (at simulation time 582.000,000,000 s)
2025-06-06 17:30:51,897 INFO  - Already have ACK (at simulation time 582.000,000,000 s)
2025-06-06 17:30:51,897 INFO  - Already have ACK (at simulation time 582.000,000,000 s)
2025-06-06 17:30:51,897 INFO  - Already have ACK (at simulation time 582.000,000,000 s)
2025-06-06 17:30:51,897 INFO  - Already have ACK (at simulation time 582.000,000,000 s)
2025-06-06 17:30:51,897 INFO  - Already have ACK (at simulation time 582.000,000,000 s)
2025-06-06 17:30:51,897 INFO  - Already have ACK (at simulation time 582.000,000,000 s)
2025-06-06 17:30:51,898 INFO  - Already have ACK (at simulation time 582.000,000,000 s)
2025-06-06 17:30:51,898 INFO  - Already have ACK (at simulation time 582.000,000,000 s)
2025-06-06 17:30:51,898 INFO  - Already have ACK (at simulation time 582.000,000,000 s)
2025-06-06 17:30:51,898 INFO  - Already have ACK (at simulation time 582.000,000,000 s)
2025-06-06 17:30:51,898 INFO  - Already have ACK (at simulation time 582.000,000,000 s)
2025-06-06 17:30:51,898 INFO  - Already have ACK (at simulation time 582.000,000,000 s)
2025-06-06 17:30:51,898 INFO  - Already have ACK (at simulation time 582.000,000,000 s)
2025-06-06 17:30:51,898 INFO  - Already have ACK (at simulation time 582.000,000,000 s)
2025-06-06 17:30:51,898 INFO  - Already have ACK (at simulation time 582.000,000,000 s)
2025-06-06 17:30:51,898 INFO  - Already have ACK (at simulation time 582.000,000,000 s)
2025-06-06 17:30:51,898 INFO  - Already have ACK (at simulation time 582.000,000,000 s)
2025-06-06 17:30:51,898 INFO  - Already have ACK (at simulation time 582.000,000,000 s)
2025-06-06 17:30:51,898 INFO  - Already have ACK (at simulation time 582.000,000,000 s)
2025-06-06 17:30:51,898 INFO  - Already have ACK (at simulation time 582.000,000,000 s)
2025-06-06 17:30:51,898 INFO  - Already have ACK (at simulation time 582.000,000,000 s)
2025-06-06 17:30:51,900 INFO  - Shutdown application (at simulation time 583.000,000,000 s)
