2025-05-28 00:33:59,320 INFO  - ------------------------------------------------------------------------------------- (at simulation time 572.000,000,000 s)
2025-05-28 00:33:59,321 INFO  - Initialize veh_110 application (at simulation time 572.000,000,000 s)
2025-05-28 00:33:59,321 INFO  - Activated AdHoc Module (at simulation time 572.000,000,000 s)
2025-05-28 00:33:59,321 INFO  - ------------------------------------------------------------------------------------- (at simulation time 572.000,000,000 s)
2025-05-28 00:33:59,322 INFO  - Sent message to others cars = 'veh_110 | CartesianPoint{x=143.94,y=749.34,z=0.00}' (at simulation time 572.000,000,000 s)
2025-05-28 00:33:59,388 INFO  - Received event: 572000 (at simulation time IntraVehicleMsg)
2025-05-28 00:33:59,391 INFO  - Sent message to others cars = 'veh_110 | CartesianPoint{x=143.92,y=741.93,z=0.00}' (at simulation time 573.000,000,000 s)
2025-05-28 00:33:59,457 INFO  - Received event: 573000 (at simulation time IntraVehicleMsg)
2025-05-28 00:33:59,460 INFO  - Sent message to others cars = 'veh_110 | CartesianPoint{x=143.89,y=733.61,z=0.00}' (at simulation time 574.000,000,000 s)
2025-05-28 00:33:59,521 INFO  - Received event: 574000 (at simulation time IntraVehicleMsg)
2025-05-28 00:33:59,533 INFO  - Sent message to others cars = 'veh_110 | CartesianPoint{x=143.87,y=725.65,z=0.00}' (at simulation time 575.000,000,000 s)
2025-05-28 00:33:59,598 INFO  - Received event: 575000 (at simulation time IntraVehicleMsg)
2025-05-28 00:33:59,607 INFO  - Sent message to others cars = 'veh_110 | CartesianPoint{x=143.84,y=718.38,z=0.00}' (at simulation time 576.000,000,000 s)
2025-05-28 00:33:59,667 INFO  - Received event: 576000 (at simulation time IntraVehicleMsg)
2025-05-28 00:33:59,672 INFO  - Sent message to others cars = 'veh_110 | CartesianPoint{x=143.82,y=710.30,z=0.00}' (at simulation time 577.000,000,000 s)
2025-05-28 00:33:59,730 INFO  - Received event: 577000 (at simulation time IntraVehicleMsg)
2025-05-28 00:33:59,733 INFO  - Sent message to others cars = 'veh_110 | CartesianPoint{x=140.59,y=702.74,z=0.00}' (at simulation time 578.000,000,000 s)
2025-05-28 00:33:59,793 INFO  - Received event: 578000 (at simulation time IntraVehicleMsg)
2025-05-28 00:33:59,796 INFO  - Sent message to others cars = 'veh_110 | CartesianPoint{x=140.57,y=695.23,z=0.00}' (at simulation time 579.000,000,000 s)
2025-05-28 00:33:59,857 INFO  - Received event: 579000 (at simulation time IntraVehicleMsg)
2025-05-28 00:33:59,860 INFO  - Sent message to others cars = 'veh_110 | CartesianPoint{x=140.54,y=687.24,z=0.00}' (at simulation time 580.000,000,000 s)
2025-05-28 00:33:59,919 INFO  - Received event: 580000 (at simulation time IntraVehicleMsg)
2025-05-28 00:33:59,922 INFO  - Sent message to others cars = 'veh_110 | CartesianPoint{x=140.51,y=679.04,z=0.00}' (at simulation time 581.000,000,000 s)
2025-05-28 00:33:59,977 INFO  - Received event: 581000 (at simulation time IntraVehicleMsg)
2025-05-28 00:33:59,984 INFO  - Sent message to others cars = 'veh_110 | CartesianPoint{x=140.49,y=671.87,z=0.00}' (at simulation time 582.000,000,000 s)
2025-05-28 00:34:00,035 INFO  - Received event: 582000 (at simulation time IntraVehicleMsg)
2025-05-28 00:34:00,037 INFO  - Sent message to others cars = 'veh_110 | CartesianPoint{x=140.47,y=664.60,z=0.00}' (at simulation time 583.000,000,000 s)
2025-05-28 00:34:00,090 INFO  - Received event: 583000 (at simulation time IntraVehicleMsg)
2025-05-28 00:34:00,092 INFO  - Sent message to others cars = 'veh_110 | CartesianPoint{x=140.45,y=656.39,z=0.00}' (at simulation time 584.000,000,000 s)
2025-05-28 00:34:00,144 INFO  - Received event: 584000 (at simulation time IntraVehicleMsg)
2025-05-28 00:34:00,153 INFO  - Sent message to others cars = 'veh_110 | CartesianPoint{x=140.43,y=648.71,z=0.00}' (at simulation time 585.000,000,000 s)
2025-05-28 00:34:00,197 INFO  - Received event: 585000 (at simulation time IntraVehicleMsg)
2025-05-28 00:34:00,199 INFO  - Sent message to others cars = 'veh_110 | CartesianPoint{x=140.41,y=641.47,z=0.00}' (at simulation time 586.000,000,000 s)
2025-05-28 00:34:00,242 INFO  - Received event: 586000 (at simulation time IntraVehicleMsg)
2025-05-28 00:34:00,245 INFO  - Sent message to others cars = 'veh_110 | CartesianPoint{x=140.40,y=634.05,z=0.00}' (at simulation time 587.000,000,000 s)
2025-05-28 00:34:00,292 INFO  - Received event: 587000 (at simulation time IntraVehicleMsg)
2025-05-28 00:34:00,294 INFO  - Sent message to others cars = 'veh_110 | CartesianPoint{x=140.38,y=625.96,z=0.00}' (at simulation time 588.000,000,000 s)
2025-05-28 00:34:00,340 INFO  - Received event: 588000 (at simulation time IntraVehicleMsg)
2025-05-28 00:34:00,345 INFO  - Sent message to others cars = 'veh_110 | CartesianPoint{x=140.36,y=618.30,z=0.00}' (at simulation time 589.000,000,000 s)
2025-05-28 00:34:00,393 INFO  - Received event: 589000 (at simulation time IntraVehicleMsg)
2025-05-28 00:34:00,395 INFO  - Sent message to others cars = 'veh_110 | CartesianPoint{x=140.34,y=610.47,z=0.00}' (at simulation time 590.000,000,000 s)
2025-05-28 00:34:00,443 INFO  - Received event: 590000 (at simulation time IntraVehicleMsg)
2025-05-28 00:34:00,446 INFO  - Sent message to others cars = 'veh_110 | CartesianPoint{x=140.31,y=602.20,z=0.00}' (at simulation time 591.000,000,000 s)
2025-05-28 00:34:00,496 INFO  - Received event: 591000 (at simulation time IntraVehicleMsg)
2025-05-28 00:34:00,498 INFO  - Sent message to others cars = 'veh_110 | CartesianPoint{x=140.27,y=593.98,z=0.00}' (at simulation time 592.000,000,000 s)
2025-05-28 00:34:00,551 INFO  - Received event: 592000 (at simulation time IntraVehicleMsg)
2025-05-28 00:34:00,558 INFO  - Sent message to others cars = 'veh_110 | CartesianPoint{x=140.22,y=585.77,z=0.00}' (at simulation time 593.000,000,000 s)
2025-05-28 00:34:00,610 INFO  - Received event: 593000 (at simulation time IntraVehicleMsg)
2025-05-28 00:34:00,613 INFO  - Sent message to others cars = 'veh_110 | CartesianPoint{x=140.18,y=577.55,z=0.00}' (at simulation time 594.000,000,000 s)
2025-05-28 00:34:00,659 INFO  - Received event: 594000 (at simulation time IntraVehicleMsg)
2025-05-28 00:34:00,662 INFO  - Sent message to others cars = 'veh_110 | CartesianPoint{x=143.34,y=569.96,z=0.00}' (at simulation time 595.000,000,000 s)
2025-05-28 00:34:00,711 INFO  - Received event: 595000 (at simulation time IntraVehicleMsg)
2025-05-28 00:34:00,726 INFO  - Sent message to others cars = 'veh_110 | CartesianPoint{x=143.30,y=561.97,z=0.00}' (at simulation time 596.000,000,000 s)
2025-05-28 00:34:00,777 INFO  - Received event: 596000 (at simulation time IntraVehicleMsg)
2025-05-28 00:34:00,788 INFO  - Sent message to others cars = 'veh_110 | CartesianPoint{x=143.28,y=557.91,z=0.00}' (at simulation time 597.000,000,000 s)
2025-05-28 00:34:00,840 INFO  - Received event: 597000 (at simulation time IntraVehicleMsg)
2025-05-28 00:34:00,846 INFO  - Sent message to others cars = 'veh_110 | CartesianPoint{x=143.28,y=557.71,z=0.00}' (at simulation time 598.000,000,000 s)
2025-05-28 00:34:00,898 INFO  - Received event: 598000 (at simulation time IntraVehicleMsg)
2025-05-28 00:34:00,901 INFO  - Sent message to others cars = 'veh_110 | CartesianPoint{x=143.28,y=557.68,z=0.00}' (at simulation time 599.000,000,000 s)
2025-05-28 00:34:00,953 INFO  - Received event: 599000 (at simulation time IntraVehicleMsg)
2025-05-28 00:34:00,956 INFO  - Sent message to others cars = 'veh_110 | CartesianPoint{x=143.28,y=557.68,z=0.00}' (at simulation time 600.000,000,000 s)
2025-05-28 00:34:01,009 INFO  - Received event: 600000 (at simulation time IntraVehicleMsg)
2025-05-28 00:34:01,012 INFO  - Sent message to others cars = 'veh_110 | CartesianPoint{x=143.28,y=557.67,z=0.00}' (at simulation time 601.000,000,000 s)
2025-05-28 00:34:01,066 INFO  - Received event: 601000 (at simulation time IntraVehicleMsg)
2025-05-28 00:34:01,069 INFO  - Sent message to others cars = 'veh_110 | CartesianPoint{x=143.28,y=557.67,z=0.00}' (at simulation time 602.000,000,000 s)
2025-05-28 00:34:01,121 INFO  - Received event: 602000 (at simulation time IntraVehicleMsg)
2025-05-28 00:34:01,127 INFO  - Sent message to others cars = 'veh_110 | CartesianPoint{x=143.28,y=557.67,z=0.00}' (at simulation time 603.000,000,000 s)
2025-05-28 00:34:01,183 INFO  - Received event: 603000 (at simulation time IntraVehicleMsg)
2025-05-28 00:34:01,187 INFO  - Sent message to others cars = 'veh_110 | CartesianPoint{x=143.28,y=557.67,z=0.00}' (at simulation time 604.000,000,000 s)
2025-05-28 00:34:01,244 INFO  - Received event: 604000 (at simulation time IntraVehicleMsg)
2025-05-28 00:34:01,248 INFO  - Sent message to others cars = 'veh_110 | CartesianPoint{x=143.28,y=557.67,z=0.00}' (at simulation time 605.000,000,000 s)
2025-05-28 00:34:01,303 INFO  - Received event: 605000 (at simulation time IntraVehicleMsg)
2025-05-28 00:34:01,306 INFO  - Sent message to others cars = 'veh_110 | CartesianPoint{x=143.28,y=557.67,z=0.00}' (at simulation time 606.000,000,000 s)
2025-05-28 00:34:01,367 INFO  - Received event: 606000 (at simulation time IntraVehicleMsg)
2025-05-28 00:34:01,379 INFO  - Sent message to others cars = 'veh_110 | CartesianPoint{x=143.28,y=557.67,z=0.00}' (at simulation time 607.000,000,000 s)
2025-05-28 00:34:01,442 INFO  - Received event: 607000 (at simulation time IntraVehicleMsg)
2025-05-28 00:34:01,445 INFO  - Sent message to others cars = 'veh_110 | CartesianPoint{x=143.28,y=557.67,z=0.00}' (at simulation time 608.000,000,000 s)
2025-05-28 00:34:01,507 INFO  - Received event: 608000 (at simulation time IntraVehicleMsg)
2025-05-28 00:34:01,515 INFO  - Sent message to others cars = 'veh_110 | CartesianPoint{x=143.28,y=557.67,z=0.00}' (at simulation time 609.000,000,000 s)
2025-05-28 00:34:01,578 INFO  - Received event: 609000 (at simulation time IntraVehicleMsg)
2025-05-28 00:34:01,582 INFO  - Sent message to others cars = 'veh_110 | CartesianPoint{x=143.28,y=557.67,z=0.00}' (at simulation time 610.000,000,000 s)
2025-05-28 00:34:01,646 INFO  - Received event: 610000 (at simulation time IntraVehicleMsg)
2025-05-28 00:34:01,649 INFO  - Sent message to others cars = 'veh_110 | CartesianPoint{x=143.28,y=557.67,z=0.00}' (at simulation time 611.000,000,000 s)
2025-05-28 00:34:01,713 INFO  - Received event: 611000 (at simulation time IntraVehicleMsg)
2025-05-28 00:34:01,717 INFO  - Sent message to others cars = 'veh_110 | CartesianPoint{x=143.28,y=557.67,z=0.00}' (at simulation time 612.000,000,000 s)
2025-05-28 00:34:01,780 INFO  - Received event: 612000 (at simulation time IntraVehicleMsg)
2025-05-28 00:34:01,787 INFO  - Sent message to others cars = 'veh_110 | CartesianPoint{x=143.28,y=557.67,z=0.00}' (at simulation time 613.000,000,000 s)
2025-05-28 00:34:01,856 INFO  - Received event: 613000 (at simulation time IntraVehicleMsg)
2025-05-28 00:34:01,860 INFO  - Sent message to others cars = 'veh_110 | CartesianPoint{x=143.28,y=557.67,z=0.00}' (at simulation time 614.000,000,000 s)
2025-05-28 00:34:01,930 INFO  - Received event: 614000 (at simulation time IntraVehicleMsg)
2025-05-28 00:34:01,933 INFO  - Sent message to others cars = 'veh_110 | CartesianPoint{x=143.28,y=557.67,z=0.00}' (at simulation time 615.000,000,000 s)
2025-05-28 00:34:02,000 INFO  - Received event: 615000 (at simulation time IntraVehicleMsg)
2025-05-28 00:34:02,003 INFO  - Sent message to others cars = 'veh_110 | CartesianPoint{x=143.28,y=557.67,z=0.00}' (at simulation time 616.000,000,000 s)
2025-05-28 00:34:02,074 INFO  - Received event: 616000 (at simulation time IntraVehicleMsg)
2025-05-28 00:34:02,077 INFO  - Sent message to others cars = 'veh_110 | CartesianPoint{x=143.28,y=557.67,z=0.00}' (at simulation time 617.000,000,000 s)
2025-05-28 00:34:02,150 INFO  - Received event: 617000 (at simulation time IntraVehicleMsg)
2025-05-28 00:34:02,165 INFO  - Sent message to others cars = 'veh_110 | CartesianPoint{x=143.28,y=557.67,z=0.00}' (at simulation time 618.000,000,000 s)
2025-05-28 00:34:02,240 INFO  - Received event: 618000 (at simulation time IntraVehicleMsg)
2025-05-28 00:34:02,258 INFO  - Sent message to others cars = 'veh_110 | CartesianPoint{x=143.28,y=557.67,z=0.00}' (at simulation time 619.000,000,000 s)
2025-05-28 00:34:02,341 INFO  - Received event: 619000 (at simulation time IntraVehicleMsg)
2025-05-28 00:34:02,352 INFO  - Sent message to others cars = 'veh_110 | CartesianPoint{x=143.28,y=557.67,z=0.00}' (at simulation time 620.000,000,000 s)
2025-05-28 00:34:02,425 INFO  - Received event: 620000 (at simulation time IntraVehicleMsg)
2025-05-28 00:34:02,428 INFO  - Sent message to others cars = 'veh_110 | CartesianPoint{x=143.28,y=557.67,z=0.00}' (at simulation time 621.000,000,000 s)
2025-05-28 00:34:02,506 INFO  - Received event: 621000 (at simulation time IntraVehicleMsg)
2025-05-28 00:34:02,512 INFO  - Sent message to others cars = 'veh_110 | CartesianPoint{x=143.28,y=557.67,z=0.00}' (at simulation time 622.000,000,000 s)
2025-05-28 00:34:02,588 INFO  - Received event: 622000 (at simulation time IntraVehicleMsg)
2025-05-28 00:34:02,591 INFO  - Sent message to others cars = 'veh_110 | CartesianPoint{x=143.28,y=557.67,z=0.00}' (at simulation time 623.000,000,000 s)
2025-05-28 00:34:02,671 INFO  - Received event: 623000 (at simulation time IntraVehicleMsg)
2025-05-28 00:34:02,678 INFO  - Sent message to others cars = 'veh_110 | CartesianPoint{x=143.28,y=557.67,z=0.00}' (at simulation time 624.000,000,000 s)
2025-05-28 00:34:02,761 INFO  - Received event: 624000 (at simulation time IntraVehicleMsg)
2025-05-28 00:34:02,765 INFO  - Sent message to others cars = 'veh_110 | CartesianPoint{x=143.28,y=557.67,z=0.00}' (at simulation time 625.000,000,000 s)
2025-05-28 00:34:02,847 INFO  - Received event: 625000 (at simulation time IntraVehicleMsg)
2025-05-28 00:34:02,851 INFO  - Sent message to others cars = 'veh_110 | CartesianPoint{x=143.28,y=557.67,z=0.00}' (at simulation time 626.000,000,000 s)
2025-05-28 00:34:02,937 INFO  - Received event: 626000 (at simulation time IntraVehicleMsg)
2025-05-28 00:34:02,941 INFO  - Sent message to others cars = 'veh_110 | CartesianPoint{x=143.28,y=557.67,z=0.00}' (at simulation time 627.000,000,000 s)
2025-05-28 00:34:03,026 INFO  - Received event: 627000 (at simulation time IntraVehicleMsg)
2025-05-28 00:34:03,030 INFO  - Sent message to others cars = 'veh_110 | CartesianPoint{x=143.28,y=557.67,z=0.00}' (at simulation time 628.000,000,000 s)
2025-05-28 00:34:03,118 INFO  - Received event: 628000 (at simulation time IntraVehicleMsg)
2025-05-28 00:34:03,125 INFO  - Sent message to others cars = 'veh_110 | CartesianPoint{x=143.28,y=557.67,z=0.00}' (at simulation time 629.000,000,000 s)
2025-05-28 00:34:03,214 INFO  - Received event: 629000 (at simulation time IntraVehicleMsg)
2025-05-28 00:34:03,218 INFO  - Sent message to others cars = 'veh_110 | CartesianPoint{x=143.28,y=557.67,z=0.00}' (at simulation time 630.000,000,000 s)
2025-05-28 00:34:03,309 INFO  - Received event: 630000 (at simulation time IntraVehicleMsg)
2025-05-28 00:34:03,326 INFO  - Sent message to others cars = 'veh_110 | CartesianPoint{x=143.28,y=557.67,z=0.00}' (at simulation time 631.000,000,000 s)
2025-05-28 00:34:03,413 INFO  - Received event: 631000 (at simulation time IntraVehicleMsg)
2025-05-28 00:34:03,424 INFO  - Sent message to others cars = 'veh_110 | CartesianPoint{x=143.28,y=557.67,z=0.00}' (at simulation time 632.000,000,000 s)
2025-05-28 00:34:03,511 INFO  - Received event: 632000 (at simulation time IntraVehicleMsg)
2025-05-28 00:34:03,514 INFO  - Sent message to others cars = 'veh_110 | CartesianPoint{x=143.27,y=556.96,z=0.00}' (at simulation time 633.000,000,000 s)
2025-05-28 00:34:03,606 INFO  - Received event: 633000 (at simulation time IntraVehicleMsg)
2025-05-28 00:34:03,614 INFO  - Sent message to others cars = 'veh_110 | CartesianPoint{x=143.27,y=555.66,z=0.00}' (at simulation time 634.000,000,000 s)
2025-05-28 00:34:03,708 INFO  - Received event: 634000 (at simulation time IntraVehicleMsg)
2025-05-28 00:34:03,717 INFO  - Sent message to others cars = 'veh_110 | CartesianPoint{x=143.25,y=552.79,z=0.00}' (at simulation time 635.000,000,000 s)
2025-05-28 00:34:03,814 INFO  - Received event: 635000 (at simulation time IntraVehicleMsg)
2025-05-28 00:34:03,823 INFO  - Sent message to others cars = 'veh_110 | CartesianPoint{x=143.23,y=548.16,z=0.00}' (at simulation time 636.000,000,000 s)
2025-05-28 00:34:03,920 INFO  - Received event: 636000 (at simulation time IntraVehicleMsg)
2025-05-28 00:34:03,935 INFO  - Sent message to others cars = 'veh_110 | CartesianPoint{x=143.19,y=541.32,z=0.00}' (at simulation time 637.000,000,000 s)
2025-05-28 00:34:04,030 INFO  - Received event: 637000 (at simulation time IntraVehicleMsg)
2025-05-28 00:34:04,040 INFO  - Sent message to others cars = 'veh_110 | CartesianPoint{x=143.14,y=533.10,z=0.00}' (at simulation time 638.000,000,000 s)
2025-05-28 00:34:04,134 INFO  - Received event: 638000 (at simulation time IntraVehicleMsg)
2025-05-28 00:34:04,140 INFO  - Sent message to others cars = 'veh_110 | CartesianPoint{x=143.08,y=525.94,z=0.00}' (at simulation time 639.000,000,000 s)
2025-05-28 00:34:04,241 INFO  - Received event: 639000 (at simulation time IntraVehicleMsg)
2025-05-28 00:34:04,250 INFO  - Sent message to others cars = 'veh_110 | CartesianPoint{x=143.01,y=518.07,z=0.00}' (at simulation time 640.000,000,000 s)
2025-05-28 00:34:04,332 INFO  - Received event: 640000 (at simulation time IntraVehicleMsg)
2025-05-28 00:34:04,335 INFO  - Sent message to others cars = 'veh_110 | CartesianPoint{x=142.93,y=509.95,z=0.00}' (at simulation time 641.000,000,000 s)
2025-05-28 00:34:04,420 INFO  - Received event: 641000 (at simulation time IntraVehicleMsg)
2025-05-28 00:34:04,423 INFO  - Sent message to others cars = 'veh_110 | CartesianPoint{x=142.85,y=501.73,z=0.00}' (at simulation time 642.000,000,000 s)
2025-05-28 00:34:04,500 INFO  - Received event: 642000 (at simulation time IntraVehicleMsg)
2025-05-28 00:34:04,504 INFO  - Sent message to others cars = 'veh_110 | CartesianPoint{x=142.77,y=493.55,z=0.00}' (at simulation time 643.000,000,000 s)
2025-05-28 00:34:04,581 INFO  - Received event: 643000 (at simulation time IntraVehicleMsg)
2025-05-28 00:34:04,588 INFO  - Sent message to others cars = 'veh_110 | CartesianPoint{x=142.69,y=485.12,z=0.00}' (at simulation time 644.000,000,000 s)
2025-05-28 00:34:04,670 INFO  - Received event: 644000 (at simulation time IntraVehicleMsg)
2025-05-28 00:34:04,673 INFO  - Sent message to others cars = 'veh_110 | CartesianPoint{x=142.62,y=477.40,z=0.00}' (at simulation time 645.000,000,000 s)
2025-05-28 00:34:04,753 INFO  - Received event: 645000 (at simulation time IntraVehicleMsg)
2025-05-28 00:34:04,756 INFO  - Sent message to others cars = 'veh_110 | CartesianPoint{x=142.54,y=469.42,z=0.00}' (at simulation time 646.000,000,000 s)
2025-05-28 00:34:04,841 INFO  - Received event: 646000 (at simulation time IntraVehicleMsg)
2025-05-28 00:34:04,844 INFO  - Sent message to others cars = 'veh_110 | CartesianPoint{x=142.47,y=462.25,z=0.00}' (at simulation time 647.000,000,000 s)
2025-05-28 00:34:04,927 INFO  - Received event: 647000 (at simulation time IntraVehicleMsg)
2025-05-28 00:34:04,929 INFO  - Sent message to others cars = 'veh_110 | CartesianPoint{x=142.40,y=454.95,z=0.00}' (at simulation time 648.000,000,000 s)
2025-05-28 00:34:05,014 INFO  - Received event: 648000 (at simulation time IntraVehicleMsg)
2025-05-28 00:34:05,019 INFO  - Sent message to others cars = 'veh_110 | CartesianPoint{x=142.39,y=447.45,z=0.00}' (at simulation time 649.000,000,000 s)
2025-05-28 00:34:05,106 INFO  - Received event: 649000 (at simulation time IntraVehicleMsg)
2025-05-28 00:34:05,110 INFO  - Sent message to others cars = 'veh_110 | CartesianPoint{x=142.37,y=440.18,z=0.00}' (at simulation time 650.000,000,000 s)
2025-05-28 00:34:05,197 INFO  - Received event: 650000 (at simulation time IntraVehicleMsg)
2025-05-28 00:34:05,204 INFO  - Sent message to others cars = 'veh_110 | CartesianPoint{x=142.36,y=432.09,z=0.00}' (at simulation time 651.000,000,000 s)
2025-05-28 00:34:05,293 INFO  - Received event: 651000 (at simulation time IntraVehicleMsg)
2025-05-28 00:34:05,296 INFO  - Sent message to others cars = 'veh_110 | CartesianPoint{x=142.34,y=424.56,z=0.00}' (at simulation time 652.000,000,000 s)
2025-05-28 00:34:05,385 INFO  - Received event: 652000 (at simulation time IntraVehicleMsg)
2025-05-28 00:34:05,388 INFO  - Sent message to others cars = 'veh_110 | CartesianPoint{x=142.32,y=416.80,z=0.00}' (at simulation time 653.000,000,000 s)
2025-05-28 00:34:05,479 INFO  - Received event: 653000 (at simulation time IntraVehicleMsg)
2025-05-28 00:34:05,486 INFO  - Sent message to others cars = 'veh_110 | CartesianPoint{x=142.31,y=408.97,z=0.00}' (at simulation time 654.000,000,000 s)
2025-05-28 00:34:05,570 INFO  - Received event: 654000 (at simulation time IntraVehicleMsg)
2025-05-28 00:34:05,573 INFO  - Sent message to others cars = 'veh_110 | CartesianPoint{x=142.29,y=401.50,z=0.00}' (at simulation time 655.000,000,000 s)
2025-05-28 00:34:05,658 INFO  - Received event: 655000 (at simulation time IntraVehicleMsg)
2025-05-28 00:34:05,667 INFO  - Sent message to others cars = 'veh_110 | CartesianPoint{x=142.28,y=393.60,z=0.00}' (at simulation time 656.000,000,000 s)
2025-05-28 00:34:05,753 INFO  - Received event: 656000 (at simulation time IntraVehicleMsg)
2025-05-28 00:34:05,756 INFO  - Sent message to others cars = 'veh_110 | CartesianPoint{x=142.26,y=385.41,z=0.00}' (at simulation time 657.000,000,000 s)
2025-05-28 00:34:05,842 INFO  - Received event: 657000 (at simulation time IntraVehicleMsg)
2025-05-28 00:34:05,845 INFO  - Sent message to others cars = 'veh_110 | CartesianPoint{x=142.24,y=377.35,z=0.00}' (at simulation time 658.000,000,000 s)
2025-05-28 00:34:05,934 INFO  - Received event: 658000 (at simulation time IntraVehicleMsg)
2025-05-28 00:34:05,937 INFO  - Sent message to others cars = 'veh_110 | CartesianPoint{x=142.23,y=369.41,z=0.00}' (at simulation time 659.000,000,000 s)
2025-05-28 00:34:06,025 INFO  - Received event: 659000 (at simulation time IntraVehicleMsg)
2025-05-28 00:34:06,029 INFO  - Sent message to others cars = 'veh_110 | CartesianPoint{x=142.21,y=362.59,z=0.00}' (at simulation time 660.000,000,000 s)
2025-05-28 00:34:06,121 INFO  - Received event: 660000 (at simulation time IntraVehicleMsg)
2025-05-28 00:34:06,127 INFO  - Sent message to others cars = 'veh_110 | CartesianPoint{x=142.18,y=355.07,z=0.00}' (at simulation time 661.000,000,000 s)
2025-05-28 00:34:06,218 INFO  - Received event: 661000 (at simulation time IntraVehicleMsg)
2025-05-28 00:34:06,221 INFO  - Sent message to others cars = 'veh_110 | CartesianPoint{x=142.12,y=347.74,z=0.00}' (at simulation time 662.000,000,000 s)
2025-05-28 00:34:06,311 INFO  - Received event: 662000 (at simulation time IntraVehicleMsg)
2025-05-28 00:34:06,314 INFO  - Sent message to others cars = 'veh_110 | CartesianPoint{x=142.05,y=339.97,z=0.00}' (at simulation time 663.000,000,000 s)
2025-05-28 00:34:06,399 INFO  - Received event: 663000 (at simulation time IntraVehicleMsg)
2025-05-28 00:34:06,403 INFO  - Sent message to others cars = 'veh_110 | CartesianPoint{x=141.98,y=331.57,z=0.00}' (at simulation time 664.000,000,000 s)
2025-05-28 00:34:06,487 INFO  - Received event: 664000 (at simulation time IntraVehicleMsg)
2025-05-28 00:34:06,495 INFO  - Sent message to others cars = 'veh_110 | CartesianPoint{x=141.91,y=323.52,z=0.00}' (at simulation time 665.000,000,000 s)
2025-05-28 00:34:06,582 INFO  - Received event: 665000 (at simulation time IntraVehicleMsg)
2025-05-28 00:34:06,585 INFO  - Sent message to others cars = 'veh_110 | CartesianPoint{x=141.84,y=315.97,z=0.00}' (at simulation time 666.000,000,000 s)
2025-05-28 00:34:06,677 INFO  - Received event: 666000 (at simulation time IntraVehicleMsg)
2025-05-28 00:34:06,687 INFO  - Sent message to others cars = 'veh_110 | CartesianPoint{x=141.78,y=308.48,z=0.00}' (at simulation time 667.000,000,000 s)
2025-05-28 00:34:06,778 INFO  - Received event: 667000 (at simulation time IntraVehicleMsg)
2025-05-28 00:34:06,781 INFO  - Sent message to others cars = 'veh_110 | CartesianPoint{x=141.71,y=300.44,z=0.00}' (at simulation time 668.000,000,000 s)
2025-05-28 00:34:06,870 INFO  - Received event: 668000 (at simulation time IntraVehicleMsg)
2025-05-28 00:34:06,873 INFO  - Sent message to others cars = 'veh_110 | CartesianPoint{x=141.65,y=292.98,z=0.00}' (at simulation time 669.000,000,000 s)
2025-05-28 00:34:06,964 INFO  - Received event: 669000 (at simulation time IntraVehicleMsg)
2025-05-28 00:34:06,968 INFO  - Sent message to others cars = 'veh_110 | CartesianPoint{x=141.57,y=284.84,z=0.00}' (at simulation time 670.000,000,000 s)
2025-05-28 00:34:07,058 INFO  - Received event: 670000 (at simulation time IntraVehicleMsg)
2025-05-28 00:34:07,062 INFO  - Sent message to others cars = 'veh_110 | CartesianPoint{x=141.51,y=277.35,z=0.00}' (at simulation time 671.000,000,000 s)
2025-05-28 00:34:07,157 INFO  - Received event: 671000 (at simulation time IntraVehicleMsg)
2025-05-28 00:34:07,164 INFO  - Sent message to others cars = 'veh_110 | CartesianPoint{x=141.45,y=270.09,z=0.00}' (at simulation time 672.000,000,000 s)
2025-05-28 00:34:07,258 INFO  - Received event: 672000 (at simulation time IntraVehicleMsg)
2025-05-28 00:34:07,262 INFO  - Sent message to others cars = 'veh_110 | CartesianPoint{x=141.38,y=262.49,z=0.00}' (at simulation time 673.000,000,000 s)
2025-05-28 00:34:07,355 INFO  - Received event: 673000 (at simulation time IntraVehicleMsg)
2025-05-28 00:34:07,359 INFO  - Sent message to others cars = 'veh_110 | CartesianPoint{x=141.31,y=254.48,z=0.00}' (at simulation time 674.000,000,000 s)
2025-05-28 00:34:07,456 INFO  - Received event: 674000 (at simulation time IntraVehicleMsg)
2025-05-28 00:34:07,464 INFO  - Sent message to others cars = 'veh_110 | CartesianPoint{x=141.25,y=247.02,z=0.00}' (at simulation time 675.000,000,000 s)
2025-05-28 00:34:07,562 INFO  - Received event: 675000 (at simulation time IntraVehicleMsg)
2025-05-28 00:34:07,565 INFO  - Sent message to others cars = 'veh_110 | CartesianPoint{x=141.19,y=239.03,z=0.00}' (at simulation time 676.000,000,000 s)
2025-05-28 00:34:07,666 INFO  - Received event: 676000 (at simulation time IntraVehicleMsg)
2025-05-28 00:34:07,669 INFO  - Sent message to others cars = 'veh_110 | CartesianPoint{x=141.12,y=231.71,z=0.00}' (at simulation time 677.000,000,000 s)
2025-05-28 00:34:07,770 INFO  - Received event: 677000 (at simulation time IntraVehicleMsg)
2025-05-28 00:34:07,773 INFO  - Sent message to others cars = 'veh_110 | CartesianPoint{x=141.06,y=223.32,z=0.00}' (at simulation time 678.000,000,000 s)
2025-05-28 00:34:07,877 INFO  - Received event: 678000 (at simulation time IntraVehicleMsg)
2025-05-28 00:34:07,881 INFO  - Sent message to others cars = 'veh_110 | CartesianPoint{x=140.99,y=215.01,z=0.00}' (at simulation time 679.000,000,000 s)
2025-05-28 00:34:07,984 INFO  - Received event: 679000 (at simulation time IntraVehicleMsg)
2025-05-28 00:34:07,988 INFO  - Sent message to others cars = 'veh_110 | CartesianPoint{x=140.92,y=207.11,z=0.00}' (at simulation time 680.000,000,000 s)
2025-05-28 00:34:08,092 INFO  - Received event: 680000 (at simulation time IntraVehicleMsg)
2025-05-28 00:34:08,100 INFO  - Sent message to others cars = 'veh_110 | CartesianPoint{x=140.86,y=199.44,z=0.00}' (at simulation time 681.000,000,000 s)
2025-05-28 00:34:08,199 INFO  - Received event: 681000 (at simulation time IntraVehicleMsg)
2025-05-28 00:34:08,203 INFO  - Sent message to others cars = 'veh_110 | CartesianPoint{x=140.80,y=192.19,z=0.00}' (at simulation time 682.000,000,000 s)
2025-05-28 00:34:08,303 INFO  - Received event: 682000 (at simulation time IntraVehicleMsg)
2025-05-28 00:34:08,306 INFO  - Sent message to others cars = 'veh_110 | CartesianPoint{x=140.73,y=184.38,z=0.00}' (at simulation time 683.000,000,000 s)
2025-05-28 00:34:08,408 INFO  - Received event: 683000 (at simulation time IntraVehicleMsg)
2025-05-28 00:34:08,411 INFO  - Sent message to others cars = 'veh_110 | CartesianPoint{x=140.67,y=176.96,z=0.00}' (at simulation time 684.000,000,000 s)
2025-05-28 00:34:08,516 INFO  - Received event: 684000 (at simulation time IntraVehicleMsg)
2025-05-28 00:34:08,523 INFO  - Sent message to others cars = 'veh_110 | CartesianPoint{x=140.61,y=169.57,z=0.00}' (at simulation time 685.000,000,000 s)
2025-05-28 00:34:08,621 INFO  - Received event: 685000 (at simulation time IntraVehicleMsg)
2025-05-28 00:34:08,623 INFO  - Sent message to others cars = 'veh_110 | CartesianPoint{x=140.55,y=161.88,z=0.00}' (at simulation time 686.000,000,000 s)
2025-05-28 00:34:08,725 INFO  - Received event: 686000 (at simulation time IntraVehicleMsg)
2025-05-28 00:34:08,728 INFO  - Sent message to others cars = 'veh_110 | CartesianPoint{x=140.48,y=153.96,z=0.00}' (at simulation time 687.000,000,000 s)
2025-05-28 00:34:08,828 INFO  - Received event: 687000 (at simulation time IntraVehicleMsg)
2025-05-28 00:34:08,831 INFO  - Sent message to others cars = 'veh_110 | CartesianPoint{x=140.41,y=145.62,z=0.00}' (at simulation time 688.000,000,000 s)
2025-05-28 00:34:08,934 INFO  - Received event: 688000 (at simulation time IntraVehicleMsg)
2025-05-28 00:34:08,937 INFO  - Sent message to others cars = 'veh_110 | CartesianPoint{x=140.37,y=138.08,z=0.00}' (at simulation time 689.000,000,000 s)
2025-05-28 00:34:09,041 INFO  - Received event: 689000 (at simulation time IntraVehicleMsg)
2025-05-28 00:34:09,045 INFO  - Sent message to others cars = 'veh_110 | CartesianPoint{x=140.41,y=130.61,z=0.00}' (at simulation time 690.000,000,000 s)
2025-05-28 00:34:09,152 INFO  - Received event: 690000 (at simulation time IntraVehicleMsg)
2025-05-28 00:34:09,155 INFO  - Sent message to others cars = 'veh_110 | CartesianPoint{x=140.45,y=122.92,z=0.00}' (at simulation time 691.000,000,000 s)
2025-05-28 00:34:09,304 INFO  - Received event: 691000 (at simulation time IntraVehicleMsg)
2025-05-28 00:34:09,307 INFO  - Sent message to others cars = 'veh_110 | CartesianPoint{x=140.49,y=115.20,z=0.00}' (at simulation time 692.000,000,000 s)
2025-05-28 00:34:09,409 INFO  - Received event: 692000 (at simulation time IntraVehicleMsg)
2025-05-28 00:34:09,418 INFO  - Sent message to others cars = 'veh_110 | CartesianPoint{x=140.53,y=107.90,z=0.00}' (at simulation time 693.000,000,000 s)
2025-05-28 00:34:09,519 INFO  - Received event: 693000 (at simulation time IntraVehicleMsg)
2025-05-28 00:34:09,525 INFO  - Sent message to others cars = 'veh_110 | CartesianPoint{x=140.58,y=99.78,z=0.00}' (at simulation time 694.000,000,000 s)
2025-05-28 00:34:09,626 INFO  - Received event: 694000 (at simulation time IntraVehicleMsg)
2025-05-28 00:34:09,630 INFO  - Sent message to others cars = 'veh_110 | CartesianPoint{x=140.62,y=91.39,z=0.00}' (at simulation time 695.000,000,000 s)
2025-05-28 00:34:09,730 INFO  - Received event: 695000 (at simulation time IntraVehicleMsg)
2025-05-28 00:34:09,737 INFO  - Sent message to others cars = 'veh_110 | CartesianPoint{x=140.67,y=83.26,z=0.00}' (at simulation time 696.000,000,000 s)
2025-05-28 00:34:09,839 INFO  - Received event: 696000 (at simulation time IntraVehicleMsg)
2025-05-28 00:34:09,842 INFO  - Sent message to others cars = 'veh_110 | CartesianPoint{x=141.68,y=75.26,z=0.00}' (at simulation time 697.000,000,000 s)
2025-05-28 00:34:09,951 INFO  - Received event: 697000 (at simulation time IntraVehicleMsg)
2025-05-28 00:34:09,955 INFO  - Sent message to others cars = 'veh_110 | CartesianPoint{x=145.86,y=68.33,z=0.00}' (at simulation time 698.000,000,000 s)
2025-05-28 00:34:10,059 INFO  - Received event: 698000 (at simulation time IntraVehicleMsg)
2025-05-28 00:34:10,063 INFO  - Sent message to others cars = 'veh_110 | CartesianPoint{x=151.35,y=63.19,z=0.00}' (at simulation time 699.000,000,000 s)
2025-05-28 00:34:10,166 INFO  - Received event: 699000 (at simulation time IntraVehicleMsg)
2025-05-28 00:34:10,172 INFO  - Sent message to others cars = 'veh_110 | CartesianPoint{x=157.18,y=57.48,z=0.00}' (at simulation time 700.000,000,000 s)
2025-05-28 00:34:10,269 INFO  - Received event: 700000 (at simulation time IntraVehicleMsg)
2025-05-28 00:34:10,272 INFO  - Sent message to others cars = 'veh_110 | CartesianPoint{x=162.21,y=51.95,z=0.00}' (at simulation time 701.000,000,000 s)
2025-05-28 00:34:10,365 INFO  - Received event: 701000 (at simulation time IntraVehicleMsg)
2025-05-28 00:34:10,369 INFO  - Sent message to others cars = 'veh_110 | CartesianPoint{x=167.59,y=46.03,z=0.00}' (at simulation time 702.000,000,000 s)
2025-05-28 00:34:10,468 INFO  - Received event: 702000 (at simulation time IntraVehicleMsg)
2025-05-28 00:34:10,473 INFO  - Sent message to others cars = 'veh_110 | CartesianPoint{x=172.94,y=40.15,z=0.00}' (at simulation time 703.000,000,000 s)
2025-05-28 00:34:10,572 INFO  - Received event: 703000 (at simulation time IntraVehicleMsg)
2025-05-28 00:34:10,575 INFO  - Sent message to others cars = 'veh_110 | CartesianPoint{x=178.47,y=34.07,z=0.00}' (at simulation time 704.000,000,000 s)
2025-05-28 00:34:10,679 INFO  - Received event: 704000 (at simulation time IntraVehicleMsg)
2025-05-28 00:34:10,682 INFO  - Sent message to others cars = 'veh_110 | CartesianPoint{x=179.86,y=27.78,z=0.00}' (at simulation time 705.000,000,000 s)
2025-05-28 00:34:10,785 INFO  - Received event: 705000 (at simulation time IntraVehicleMsg)
2025-05-28 00:34:10,787 INFO  - Sent message to others cars = 'veh_110 | CartesianPoint{x=185.10,y=22.01,z=0.00}' (at simulation time 706.000,000,000 s)
2025-05-28 00:34:10,878 INFO  - Received event: 706000 (at simulation time IntraVehicleMsg)
2025-05-28 00:34:10,880 INFO  - Sent message to others cars = 'veh_110 | CartesianPoint{x=190.07,y=16.54,z=0.00}' (at simulation time 707.000,000,000 s)
2025-05-28 00:34:10,970 INFO  - Received event: 707000 (at simulation time IntraVehicleMsg)
2025-05-28 00:34:10,972 INFO  - Sent message to others cars = 'veh_110 | CartesianPoint{x=194.46,y=10.56,z=0.00}' (at simulation time 708.000,000,000 s)
2025-05-28 00:34:11,061 INFO  - Received event: 708000 (at simulation time IntraVehicleMsg)
2025-05-28 00:34:11,064 INFO  - Sent message to others cars = 'veh_110 | CartesianPoint{x=196.30,y=2.92,z=0.00}' (at simulation time 709.000,000,000 s)
2025-05-28 00:34:11,154 INFO  - Received event: 709000 (at simulation time IntraVehicleMsg)
2025-05-28 00:34:11,158 INFO  - ------------------------------------------------------------------------------------- (at simulation time 710.000,000,000 s)
2025-05-28 00:34:11,158 INFO  - Shutdown application (at simulation time 710.000,000,000 s)
2025-05-28 00:34:11,158 INFO  - ------------------------------------------------------------------------------------- (at simulation time 710.000,000,000 s)
