2025-05-28 00:19:34,928 INFO  - ------------------------------------------------------------------------------------- (at simulation time 27.000,000,000 s)
2025-05-28 00:19:34,929 INFO  - Initialize veh_4 application (at simulation time 27.000,000,000 s)
2025-05-28 00:19:34,929 INFO  - Activated AdHoc Module (at simulation time 27.000,000,000 s)
2025-05-28 00:19:34,929 INFO  - ------------------------------------------------------------------------------------- (at simulation time 27.000,000,000 s)
2025-05-28 00:19:34,933 INFO  - Sent message to others cars = 'veh_4 | CartesianPoint{x=143.94,y=749.34,z=0.00}' (at simulation time 27.000,000,000 s)
2025-05-28 00:19:34,943 INFO  - Received event: 27000 (at simulation time IntraVehicleMsg)
2025-05-28 00:19:34,947 INFO  - Sent message to others cars = 'veh_4 | CartesianPoint{x=143.91,y=739.68,z=0.00}' (at simulation time 28.000,000,000 s)
2025-05-28 00:19:34,958 INFO  - Received event: 28000 (at simulation time IntraVehicleMsg)
2025-05-28 00:19:34,961 INFO  - Sent message to others cars = 'veh_4 | CartesianPoint{x=143.88,y=730.76,z=0.00}' (at simulation time 29.000,000,000 s)
2025-05-28 00:19:34,973 INFO  - Received event: 29000 (at simulation time IntraVehicleMsg)
2025-05-28 00:19:34,977 INFO  - Sent message to others cars = 'veh_4 | CartesianPoint{x=143.85,y=720.98,z=0.00}' (at simulation time 30.000,000,000 s)
2025-05-28 00:19:34,990 INFO  - Received event: 30000 (at simulation time IntraVehicleMsg)
2025-05-28 00:19:34,993 INFO  - Sent message to others cars = 'veh_4 | CartesianPoint{x=143.82,y=712.03,z=0.00}' (at simulation time 31.000,000,000 s)
2025-05-28 00:19:35,009 INFO  - Received event: 31000 (at simulation time IntraVehicleMsg)
2025-05-28 00:19:35,017 INFO  - Sent message to others cars = 'veh_4 | CartesianPoint{x=143.79,y=702.95,z=0.00}' (at simulation time 32.000,000,000 s)
2025-05-28 00:19:35,031 INFO  - Received event: 32000 (at simulation time IntraVehicleMsg)
2025-05-28 00:19:35,033 INFO  - Sent message to others cars = 'veh_4 | CartesianPoint{x=143.76,y=693.16,z=0.00}' (at simulation time 33.000,000,000 s)
2025-05-28 00:19:35,047 INFO  - Received event: 33000 (at simulation time IntraVehicleMsg)
2025-05-28 00:19:35,050 INFO  - Sent message to others cars = 'veh_4 | CartesianPoint{x=143.73,y=683.89,z=0.00}' (at simulation time 34.000,000,000 s)
2025-05-28 00:19:35,063 INFO  - Received event: 34000 (at simulation time IntraVehicleMsg)
2025-05-28 00:19:35,067 INFO  - Sent message to others cars = 'veh_4 | CartesianPoint{x=143.69,y=674.66,z=0.00}' (at simulation time 35.000,000,000 s)
2025-05-28 00:19:35,080 INFO  - Received event: 35000 (at simulation time IntraVehicleMsg)
2025-05-28 00:19:35,083 INFO  - Sent message to others cars = 'veh_4 | CartesianPoint{x=143.67,y=665.81,z=0.00}' (at simulation time 36.000,000,000 s)
2025-05-28 00:19:35,099 INFO  - Received event: 36000 (at simulation time IntraVehicleMsg)
2025-05-28 00:19:35,117 INFO  - Sent message to others cars = 'veh_4 | CartesianPoint{x=143.65,y=656.39,z=0.00}' (at simulation time 37.000,000,000 s)
2025-05-28 00:19:35,129 INFO  - Received event: 37000 (at simulation time IntraVehicleMsg)
2025-05-28 00:19:35,131 INFO  - Sent message to others cars = 'veh_4 | CartesianPoint{x=143.63,y=646.63,z=0.00}' (at simulation time 38.000,000,000 s)
2025-05-28 00:19:35,144 INFO  - Received event: 38000 (at simulation time IntraVehicleMsg)
2025-05-28 00:19:35,146 INFO  - Sent message to others cars = 'veh_4 | CartesianPoint{x=143.60,y=637.31,z=0.00}' (at simulation time 39.000,000,000 s)
2025-05-28 00:19:35,160 INFO  - Received event: 39000 (at simulation time IntraVehicleMsg)
2025-05-28 00:19:35,164 INFO  - Sent message to others cars = 'veh_4 | CartesianPoint{x=143.58,y=627.58,z=0.00}' (at simulation time 40.000,000,000 s)
2025-05-28 00:19:35,181 INFO  - Received event: 40000 (at simulation time IntraVehicleMsg)
2025-05-28 00:19:35,183 INFO  - Sent message to others cars = 'veh_4 | CartesianPoint{x=143.56,y=618.19,z=0.00}' (at simulation time 41.000,000,000 s)
2025-05-28 00:19:35,199 INFO  - Received event: 41000 (at simulation time IntraVehicleMsg)
2025-05-28 00:19:35,204 INFO  - Sent message to others cars = 'veh_4 | CartesianPoint{x=143.54,y=609.35,z=0.00}' (at simulation time 42.000,000,000 s)
2025-05-28 00:19:35,216 INFO  - Received event: 42000 (at simulation time IntraVehicleMsg)
2025-05-28 00:19:35,218 INFO  - Sent message to others cars = 'veh_4 | CartesianPoint{x=143.50,y=600.48,z=0.00}' (at simulation time 43.000,000,000 s)
2025-05-28 00:19:35,232 INFO  - Received event: 43000 (at simulation time IntraVehicleMsg)
2025-05-28 00:19:35,234 INFO  - Sent message to others cars = 'veh_4 | CartesianPoint{x=143.46,y=591.77,z=0.00}' (at simulation time 44.000,000,000 s)
2025-05-28 00:19:35,249 INFO  - Received event: 44000 (at simulation time IntraVehicleMsg)
2025-05-28 00:19:35,257 INFO  - Sent message to others cars = 'veh_4 | CartesianPoint{x=143.40,y=582.05,z=0.00}' (at simulation time 45.000,000,000 s)
2025-05-28 00:19:35,269 INFO  - Received event: 45000 (at simulation time IntraVehicleMsg)
2025-05-28 00:19:35,272 INFO  - Sent message to others cars = 'veh_4 | CartesianPoint{x=143.36,y=572.56,z=0.00}' (at simulation time 46.000,000,000 s)
2025-05-28 00:19:35,285 INFO  - Received event: 46000 (at simulation time IntraVehicleMsg)
2025-05-28 00:19:35,287 INFO  - Sent message to others cars = 'veh_4 | CartesianPoint{x=143.31,y=563.53,z=0.00}' (at simulation time 47.000,000,000 s)
2025-05-28 00:19:35,302 INFO  - Received event: 47000 (at simulation time IntraVehicleMsg)
2025-05-28 00:19:35,310 INFO  - Sent message to others cars = 'veh_4 | CartesianPoint{x=143.26,y=554.60,z=0.00}' (at simulation time 48.000,000,000 s)
2025-05-28 00:19:35,325 INFO  - Received event: 48000 (at simulation time IntraVehicleMsg)
2025-05-28 00:19:35,327 INFO  - Sent message to others cars = 'veh_4 | CartesianPoint{x=143.22,y=547.51,z=0.00}' (at simulation time 49.000,000,000 s)
2025-05-28 00:19:35,343 INFO  - Received event: 49000 (at simulation time IntraVehicleMsg)
2025-05-28 00:19:35,351 INFO  - Sent message to others cars = 'veh_4 | CartesianPoint{x=143.21,y=544.91,z=0.00}' (at simulation time 50.000,000,000 s)
2025-05-28 00:19:35,366 INFO  - Received event: 50000 (at simulation time IntraVehicleMsg)
2025-05-28 00:19:35,369 INFO  - Sent message to others cars = 'veh_4 | CartesianPoint{x=143.21,y=544.77,z=0.00}' (at simulation time 51.000,000,000 s)
2025-05-28 00:19:35,385 INFO  - Received event: 51000 (at simulation time IntraVehicleMsg)
2025-05-28 00:19:35,388 INFO  - Sent message to others cars = 'veh_4 | CartesianPoint{x=143.21,y=544.70,z=0.00}' (at simulation time 52.000,000,000 s)
2025-05-28 00:19:35,405 INFO  - Received event: 52000 (at simulation time IntraVehicleMsg)
2025-05-28 00:19:35,407 INFO  - Sent message to others cars = 'veh_4 | CartesianPoint{x=143.21,y=544.68,z=0.00}' (at simulation time 53.000,000,000 s)
2025-05-28 00:19:35,425 INFO  - Received event: 53000 (at simulation time IntraVehicleMsg)
2025-05-28 00:19:35,431 INFO  - Sent message to others cars = 'veh_4 | CartesianPoint{x=143.21,y=544.67,z=0.00}' (at simulation time 54.000,000,000 s)
2025-05-28 00:19:35,449 INFO  - Received event: 54000 (at simulation time IntraVehicleMsg)
2025-05-28 00:19:35,454 INFO  - Sent message to others cars = 'veh_4 | CartesianPoint{x=143.21,y=544.67,z=0.00}' (at simulation time 55.000,000,000 s)
2025-05-28 00:19:35,472 INFO  - Received event: 55000 (at simulation time IntraVehicleMsg)
2025-05-28 00:19:35,476 INFO  - Sent message to others cars = 'veh_4 | CartesianPoint{x=143.21,y=544.67,z=0.00}' (at simulation time 56.000,000,000 s)
2025-05-28 00:19:35,493 INFO  - Received event: 56000 (at simulation time IntraVehicleMsg)
2025-05-28 00:19:35,497 INFO  - Sent message to others cars = 'veh_4 | CartesianPoint{x=143.21,y=544.67,z=0.00}' (at simulation time 57.000,000,000 s)
2025-05-28 00:19:35,516 INFO  - Received event: 57000 (at simulation time IntraVehicleMsg)
2025-05-28 00:19:35,524 INFO  - Sent message to others cars = 'veh_4 | CartesianPoint{x=143.21,y=544.67,z=0.00}' (at simulation time 58.000,000,000 s)
2025-05-28 00:19:35,545 INFO  - Received event: 58000 (at simulation time IntraVehicleMsg)
2025-05-28 00:19:35,548 INFO  - Sent message to others cars = 'veh_4 | CartesianPoint{x=143.21,y=544.67,z=0.00}' (at simulation time 59.000,000,000 s)
2025-05-28 00:19:35,568 INFO  - Received event: 59000 (at simulation time IntraVehicleMsg)
2025-05-28 00:19:35,573 INFO  - Sent message to others cars = 'veh_4 | CartesianPoint{x=143.21,y=544.67,z=0.00}' (at simulation time 60.000,000,000 s)
2025-05-28 00:19:35,595 INFO  - Received event: 60000 (at simulation time IntraVehicleMsg)
2025-05-28 00:19:35,598 INFO  - Sent message to others cars = 'veh_4 | CartesianPoint{x=143.21,y=544.67,z=0.00}' (at simulation time 61.000,000,000 s)
2025-05-28 00:19:35,619 INFO  - Received event: 61000 (at simulation time IntraVehicleMsg)
2025-05-28 00:19:35,622 INFO  - Sent message to others cars = 'veh_4 | CartesianPoint{x=143.21,y=544.67,z=0.00}' (at simulation time 62.000,000,000 s)
2025-05-28 00:19:35,645 INFO  - Received event: 62000 (at simulation time IntraVehicleMsg)
2025-05-28 00:19:35,651 INFO  - Sent message to others cars = 'veh_4 | CartesianPoint{x=143.21,y=544.67,z=0.00}' (at simulation time 63.000,000,000 s)
2025-05-28 00:19:35,676 INFO  - Received event: 63000 (at simulation time IntraVehicleMsg)
2025-05-28 00:19:35,689 INFO  - Sent message to others cars = 'veh_4 | CartesianPoint{x=143.21,y=544.67,z=0.00}' (at simulation time 64.000,000,000 s)
2025-05-28 00:19:35,713 INFO  - Received event: 64000 (at simulation time IntraVehicleMsg)
2025-05-28 00:19:35,717 INFO  - Sent message to others cars = 'veh_4 | CartesianPoint{x=143.21,y=544.67,z=0.00}' (at simulation time 65.000,000,000 s)
2025-05-28 00:19:35,740 INFO  - Received event: 65000 (at simulation time IntraVehicleMsg)
2025-05-28 00:19:35,743 INFO  - Sent message to others cars = 'veh_4 | CartesianPoint{x=143.21,y=544.67,z=0.00}' (at simulation time 66.000,000,000 s)
2025-05-28 00:19:35,767 INFO  - Received event: 66000 (at simulation time IntraVehicleMsg)
2025-05-28 00:19:35,770 INFO  - Sent message to others cars = 'veh_4 | CartesianPoint{x=143.21,y=544.67,z=0.00}' (at simulation time 67.000,000,000 s)
2025-05-28 00:19:35,794 INFO  - Received event: 67000 (at simulation time IntraVehicleMsg)
2025-05-28 00:19:35,803 INFO  - Sent message to others cars = 'veh_4 | CartesianPoint{x=143.21,y=544.67,z=0.00}' (at simulation time 68.000,000,000 s)
2025-05-28 00:19:35,828 INFO  - Received event: 68000 (at simulation time IntraVehicleMsg)
2025-05-28 00:19:35,831 INFO  - Sent message to others cars = 'veh_4 | CartesianPoint{x=143.21,y=544.67,z=0.00}' (at simulation time 69.000,000,000 s)
2025-05-28 00:19:35,857 INFO  - Received event: 69000 (at simulation time IntraVehicleMsg)
2025-05-28 00:19:35,860 INFO  - Sent message to others cars = 'veh_4 | CartesianPoint{x=143.21,y=544.67,z=0.00}' (at simulation time 70.000,000,000 s)
2025-05-28 00:19:35,887 INFO  - Received event: 70000 (at simulation time IntraVehicleMsg)
2025-05-28 00:19:35,890 INFO  - Sent message to others cars = 'veh_4 | CartesianPoint{x=143.21,y=544.67,z=0.00}' (at simulation time 71.000,000,000 s)
2025-05-28 00:19:35,919 INFO  - Received event: 71000 (at simulation time IntraVehicleMsg)
2025-05-28 00:19:35,927 INFO  - Sent message to others cars = 'veh_4 | CartesianPoint{x=143.21,y=544.67,z=0.00}' (at simulation time 72.000,000,000 s)
2025-05-28 00:19:35,957 INFO  - Received event: 72000 (at simulation time IntraVehicleMsg)
2025-05-28 00:19:35,960 INFO  - Sent message to others cars = 'veh_4 | CartesianPoint{x=143.21,y=544.67,z=0.00}' (at simulation time 73.000,000,000 s)
2025-05-28 00:19:35,988 INFO  - Received event: 73000 (at simulation time IntraVehicleMsg)
2025-05-28 00:19:35,991 INFO  - Sent message to others cars = 'veh_4 | CartesianPoint{x=143.21,y=544.67,z=0.00}' (at simulation time 74.000,000,000 s)
2025-05-28 00:19:36,021 INFO  - Received event: 74000 (at simulation time IntraVehicleMsg)
2025-05-28 00:19:36,025 INFO  - Sent message to others cars = 'veh_4 | CartesianPoint{x=143.21,y=544.67,z=0.00}' (at simulation time 75.000,000,000 s)
2025-05-28 00:19:36,056 INFO  - Received event: 75000 (at simulation time IntraVehicleMsg)
2025-05-28 00:19:36,059 INFO  - Sent message to others cars = 'veh_4 | CartesianPoint{x=143.21,y=544.67,z=0.00}' (at simulation time 76.000,000,000 s)
2025-05-28 00:19:36,091 INFO  - Received event: 76000 (at simulation time IntraVehicleMsg)
2025-05-28 00:19:36,094 INFO  - Sent message to others cars = 'veh_4 | CartesianPoint{x=143.21,y=544.67,z=0.00}' (at simulation time 77.000,000,000 s)
2025-05-28 00:19:36,130 INFO  - Received event: 77000 (at simulation time IntraVehicleMsg)
2025-05-28 00:19:36,149 INFO  - Sent message to others cars = 'veh_4 | CartesianPoint{x=143.21,y=544.67,z=0.00}' (at simulation time 78.000,000,000 s)
2025-05-28 00:19:36,183 INFO  - Received event: 78000 (at simulation time IntraVehicleMsg)
2025-05-28 00:19:36,187 INFO  - Sent message to others cars = 'veh_4 | CartesianPoint{x=143.21,y=544.67,z=0.00}' (at simulation time 79.000,000,000 s)
2025-05-28 00:19:36,221 INFO  - Received event: 79000 (at simulation time IntraVehicleMsg)
2025-05-28 00:19:36,225 INFO  - Sent message to others cars = 'veh_4 | CartesianPoint{x=143.21,y=544.67,z=0.00}' (at simulation time 80.000,000,000 s)
2025-05-28 00:19:36,260 INFO  - Received event: 80000 (at simulation time IntraVehicleMsg)
2025-05-28 00:19:36,263 INFO  - Sent message to others cars = 'veh_4 | CartesianPoint{x=143.21,y=544.67,z=0.00}' (at simulation time 81.000,000,000 s)
2025-05-28 00:19:36,298 INFO  - Received event: 81000 (at simulation time IntraVehicleMsg)
2025-05-28 00:19:36,301 INFO  - Sent message to others cars = 'veh_4 | CartesianPoint{x=143.21,y=544.67,z=0.00}' (at simulation time 82.000,000,000 s)
2025-05-28 00:19:36,339 INFO  - Received event: 82000 (at simulation time IntraVehicleMsg)
2025-05-28 00:19:36,347 INFO  - Sent message to others cars = 'veh_4 | CartesianPoint{x=143.21,y=544.67,z=0.00}' (at simulation time 83.000,000,000 s)
2025-05-28 00:19:36,385 INFO  - Received event: 83000 (at simulation time IntraVehicleMsg)
2025-05-28 00:19:36,388 INFO  - Sent message to others cars = 'veh_4 | CartesianPoint{x=143.21,y=544.67,z=0.00}' (at simulation time 84.000,000,000 s)
2025-05-28 00:19:36,431 INFO  - Received event: 84000 (at simulation time IntraVehicleMsg)
2025-05-28 00:19:36,444 INFO  - Sent message to others cars = 'veh_4 | CartesianPoint{x=143.21,y=544.67,z=0.00}' (at simulation time 85.000,000,000 s)
2025-05-28 00:19:36,483 INFO  - Received event: 85000 (at simulation time IntraVehicleMsg)
2025-05-28 00:19:36,486 INFO  - Sent message to others cars = 'veh_4 | CartesianPoint{x=143.21,y=544.67,z=0.00}' (at simulation time 86.000,000,000 s)
2025-05-28 00:19:36,524 INFO  - Received event: 86000 (at simulation time IntraVehicleMsg)
2025-05-28 00:19:36,527 INFO  - Sent message to others cars = 'veh_4 | CartesianPoint{x=143.21,y=544.67,z=0.00}' (at simulation time 87.000,000,000 s)
2025-05-28 00:19:36,564 INFO  - Received event: 87000 (at simulation time IntraVehicleMsg)
2025-05-28 00:19:36,568 INFO  - Sent message to others cars = 'veh_4 | CartesianPoint{x=143.21,y=544.67,z=0.00}' (at simulation time 88.000,000,000 s)
2025-05-28 00:19:36,605 INFO  - Received event: 88000 (at simulation time IntraVehicleMsg)
2025-05-28 00:19:36,614 INFO  - Sent message to others cars = 'veh_4 | CartesianPoint{x=143.21,y=544.67,z=0.00}' (at simulation time 89.000,000,000 s)
2025-05-28 00:19:36,656 INFO  - Received event: 89000 (at simulation time IntraVehicleMsg)
2025-05-28 00:19:36,661 INFO  - Sent message to others cars = 'veh_4 | CartesianPoint{x=143.21,y=544.67,z=0.00}' (at simulation time 90.000,000,000 s)
2025-05-28 00:19:36,708 INFO  - Received event: 90000 (at simulation time IntraVehicleMsg)
2025-05-28 00:19:36,723 INFO  - Sent message to others cars = 'veh_4 | CartesianPoint{x=143.21,y=544.67,z=0.00}' (at simulation time 91.000,000,000 s)
2025-05-28 00:19:36,773 INFO  - Received event: 91000 (at simulation time IntraVehicleMsg)
2025-05-28 00:19:36,776 INFO  - Sent message to others cars = 'veh_4 | CartesianPoint{x=143.21,y=544.67,z=0.00}' (at simulation time 92.000,000,000 s)
2025-05-28 00:19:36,822 INFO  - Received event: 92000 (at simulation time IntraVehicleMsg)
2025-05-28 00:19:36,831 INFO  - Sent message to others cars = 'veh_4 | CartesianPoint{x=143.21,y=544.67,z=0.00}' (at simulation time 93.000,000,000 s)
2025-05-28 00:19:36,882 INFO  - Received event: 93000 (at simulation time IntraVehicleMsg)
2025-05-28 00:19:36,891 INFO  - Sent message to others cars = 'veh_4 | CartesianPoint{x=143.21,y=544.67,z=0.00}' (at simulation time 94.000,000,000 s)
2025-05-28 00:19:36,947 INFO  - Received event: 94000 (at simulation time IntraVehicleMsg)
2025-05-28 00:19:36,952 INFO  - Sent message to others cars = 'veh_4 | CartesianPoint{x=143.21,y=544.67,z=0.00}' (at simulation time 95.000,000,000 s)
2025-05-28 00:19:37,000 INFO  - Received event: 95000 (at simulation time IntraVehicleMsg)
2025-05-28 00:19:37,003 INFO  - Sent message to others cars = 'veh_4 | CartesianPoint{x=143.21,y=544.67,z=0.00}' (at simulation time 96.000,000,000 s)
2025-05-28 00:19:37,051 INFO  - Received event: 96000 (at simulation time IntraVehicleMsg)
2025-05-28 00:19:37,055 INFO  - Sent message to others cars = 'veh_4 | CartesianPoint{x=143.21,y=544.67,z=0.00}' (at simulation time 97.000,000,000 s)
2025-05-28 00:19:37,107 INFO  - Received event: 97000 (at simulation time IntraVehicleMsg)
2025-05-28 00:19:37,110 INFO  - Sent message to others cars = 'veh_4 | CartesianPoint{x=143.21,y=544.67,z=0.00}' (at simulation time 98.000,000,000 s)
2025-05-28 00:19:37,160 INFO  - Received event: 98000 (at simulation time IntraVehicleMsg)
2025-05-28 00:19:37,169 INFO  - Sent message to others cars = 'veh_4 | CartesianPoint{x=143.21,y=544.67,z=0.00}' (at simulation time 99.000,000,000 s)
2025-05-28 00:19:37,225 INFO  - Received event: 99000 (at simulation time IntraVehicleMsg)
2025-05-28 00:19:37,239 INFO  - Sent message to others cars = 'veh_4 | CartesianPoint{x=143.21,y=544.67,z=0.00}' (at simulation time 100.000,000,000 s)
2025-05-28 00:19:37,292 INFO  - Received event: 100000 (at simulation time IntraVehicleMsg)
2025-05-28 00:19:37,297 INFO  - Sent message to others cars = 'veh_4 | CartesianPoint{x=143.21,y=544.67,z=0.00}' (at simulation time 101.000,000,000 s)
2025-05-28 00:19:37,353 INFO  - Received event: 101000 (at simulation time IntraVehicleMsg)
2025-05-28 00:19:37,356 INFO  - Sent message to others cars = 'veh_4 | CartesianPoint{x=143.21,y=544.67,z=0.00}' (at simulation time 102.000,000,000 s)
2025-05-28 00:19:37,412 INFO  - Received event: 102000 (at simulation time IntraVehicleMsg)
2025-05-28 00:19:37,415 INFO  - Sent message to others cars = 'veh_4 | CartesianPoint{x=143.21,y=544.67,z=0.00}' (at simulation time 103.000,000,000 s)
2025-05-28 00:19:37,471 INFO  - Received event: 103000 (at simulation time IntraVehicleMsg)
2025-05-28 00:19:37,477 INFO  - Sent message to others cars = 'veh_4 | CartesianPoint{x=143.21,y=544.67,z=0.00}' (at simulation time 104.000,000,000 s)
2025-05-28 00:19:37,545 INFO  - Received event: 104000 (at simulation time IntraVehicleMsg)
2025-05-28 00:19:37,549 INFO  - Sent message to others cars = 'veh_4 | CartesianPoint{x=143.21,y=544.67,z=0.00}' (at simulation time 105.000,000,000 s)
2025-05-28 00:19:37,608 INFO  - Received event: 105000 (at simulation time IntraVehicleMsg)
2025-05-28 00:19:37,612 INFO  - Sent message to others cars = 'veh_4 | CartesianPoint{x=143.21,y=544.67,z=0.00}' (at simulation time 106.000,000,000 s)
2025-05-28 00:19:37,672 INFO  - Received event: 106000 (at simulation time IntraVehicleMsg)
2025-05-28 00:19:37,690 INFO  - Sent message to others cars = 'veh_4 | CartesianPoint{x=143.21,y=544.67,z=0.00}' (at simulation time 107.000,000,000 s)
2025-05-28 00:19:37,760 INFO  - Received event: 107000 (at simulation time IntraVehicleMsg)
2025-05-28 00:19:37,774 INFO  - Sent message to others cars = 'veh_4 | CartesianPoint{x=143.21,y=544.67,z=0.00}' (at simulation time 108.000,000,000 s)
2025-05-28 00:19:37,837 INFO  - Received event: 108000 (at simulation time IntraVehicleMsg)
2025-05-28 00:19:37,846 INFO  - Sent message to others cars = 'veh_4 | CartesianPoint{x=143.21,y=544.67,z=0.00}' (at simulation time 109.000,000,000 s)
2025-05-28 00:19:37,907 INFO  - Received event: 109000 (at simulation time IntraVehicleMsg)
2025-05-28 00:19:37,911 INFO  - Sent message to others cars = 'veh_4 | CartesianPoint{x=143.21,y=544.67,z=0.00}' (at simulation time 110.000,000,000 s)
2025-05-28 00:19:37,976 INFO  - Received event: 110000 (at simulation time IntraVehicleMsg)
2025-05-28 00:19:37,980 INFO  - Sent message to others cars = 'veh_4 | CartesianPoint{x=143.21,y=544.67,z=0.00}' (at simulation time 111.000,000,000 s)
2025-05-28 00:19:38,044 INFO  - Received event: 111000 (at simulation time IntraVehicleMsg)
2025-05-28 00:19:38,048 INFO  - Sent message to others cars = 'veh_4 | CartesianPoint{x=143.21,y=544.67,z=0.00}' (at simulation time 112.000,000,000 s)
2025-05-28 00:19:38,113 INFO  - Received event: 112000 (at simulation time IntraVehicleMsg)
2025-05-28 00:19:38,117 INFO  - Sent message to others cars = 'veh_4 | CartesianPoint{x=143.21,y=544.67,z=0.00}' (at simulation time 113.000,000,000 s)
2025-05-28 00:19:38,185 INFO  - Received event: 113000 (at simulation time IntraVehicleMsg)
2025-05-28 00:19:38,188 INFO  - Sent message to others cars = 'veh_4 | CartesianPoint{x=143.21,y=544.67,z=0.00}' (at simulation time 114.000,000,000 s)
2025-05-28 00:19:38,256 INFO  - Received event: 114000 (at simulation time IntraVehicleMsg)
2025-05-28 00:19:38,263 INFO  - Sent message to others cars = 'veh_4 | CartesianPoint{x=143.21,y=544.67,z=0.00}' (at simulation time 115.000,000,000 s)
2025-05-28 00:19:38,334 INFO  - Received event: 115000 (at simulation time IntraVehicleMsg)
2025-05-28 00:19:38,353 INFO  - Sent message to others cars = 'veh_4 | CartesianPoint{x=143.21,y=544.67,z=0.00}' (at simulation time 116.000,000,000 s)
2025-05-28 00:19:38,429 INFO  - Received event: 116000 (at simulation time IntraVehicleMsg)
2025-05-28 00:19:38,442 INFO  - Sent message to others cars = 'veh_4 | CartesianPoint{x=143.21,y=544.67,z=0.00}' (at simulation time 117.000,000,000 s)
2025-05-28 00:19:38,511 INFO  - Received event: 117000 (at simulation time IntraVehicleMsg)
2025-05-28 00:19:38,515 INFO  - Sent message to others cars = 'veh_4 | CartesianPoint{x=143.21,y=544.67,z=0.00}' (at simulation time 118.000,000,000 s)
2025-05-28 00:19:38,587 INFO  - Received event: 118000 (at simulation time IntraVehicleMsg)
2025-05-28 00:19:38,591 INFO  - Sent message to others cars = 'veh_4 | CartesianPoint{x=143.21,y=544.67,z=0.00}' (at simulation time 119.000,000,000 s)
2025-05-28 00:19:38,660 INFO  - Received event: 119000 (at simulation time IntraVehicleMsg)
2025-05-28 00:19:38,670 INFO  - Sent message to others cars = 'veh_4 | CartesianPoint{x=143.21,y=544.67,z=0.00}' (at simulation time 120.000,000,000 s)
2025-05-28 00:19:38,740 INFO  - Received event: 120000 (at simulation time IntraVehicleMsg)
2025-05-28 00:19:38,756 INFO  - Sent message to others cars = 'veh_4 | CartesianPoint{x=143.21,y=544.67,z=0.00}' (at simulation time 121.000,000,000 s)
2025-05-28 00:19:38,830 INFO  - Received event: 121000 (at simulation time IntraVehicleMsg)
2025-05-28 00:19:38,833 INFO  - Sent message to others cars = 'veh_4 | CartesianPoint{x=143.20,y=543.56,z=0.00}' (at simulation time 122.000,000,000 s)
2025-05-28 00:19:38,893 INFO  - Received event: 122000 (at simulation time IntraVehicleMsg)
2025-05-28 00:19:38,899 INFO  - Sent message to others cars = 'veh_4 | CartesianPoint{x=143.19,y=540.52,z=0.00}' (at simulation time 123.000,000,000 s)
2025-05-28 00:19:38,962 INFO  - Received event: 123000 (at simulation time IntraVehicleMsg)
2025-05-28 00:19:38,971 INFO  - Sent message to others cars = 'veh_4 | CartesianPoint{x=143.16,y=535.65,z=0.00}' (at simulation time 124.000,000,000 s)
2025-05-28 00:19:39,028 INFO  - Received event: 124000 (at simulation time IntraVehicleMsg)
2025-05-28 00:19:39,041 INFO  - Sent message to others cars = 'veh_4 | CartesianPoint{x=143.10,y=529.25,z=0.00}' (at simulation time 125.000,000,000 s)
2025-05-28 00:19:39,096 INFO  - Received event: 125000 (at simulation time IntraVehicleMsg)
2025-05-28 00:19:39,108 INFO  - Sent message to others cars = 'veh_4 | CartesianPoint{x=143.04,y=521.81,z=0.00}' (at simulation time 126.000,000,000 s)
2025-05-28 00:19:39,159 INFO  - Received event: 126000 (at simulation time IntraVehicleMsg)
2025-05-28 00:19:39,162 INFO  - Sent message to others cars = 'veh_4 | CartesianPoint{x=142.96,y=513.81,z=0.00}' (at simulation time 127.000,000,000 s)
2025-05-28 00:19:39,215 INFO  - Received event: 127000 (at simulation time IntraVehicleMsg)
2025-05-28 00:19:39,218 INFO  - Sent message to others cars = 'veh_4 | CartesianPoint{x=142.89,y=506.51,z=0.00}' (at simulation time 128.000,000,000 s)
2025-05-28 00:19:39,268 INFO  - Received event: 128000 (at simulation time IntraVehicleMsg)
2025-05-28 00:19:39,271 INFO  - Sent message to others cars = 'veh_4 | CartesianPoint{x=142.82,y=499.04,z=0.00}' (at simulation time 129.000,000,000 s)
2025-05-28 00:19:39,319 INFO  - Received event: 129000 (at simulation time IntraVehicleMsg)
2025-05-28 00:19:39,327 INFO  - Sent message to others cars = 'veh_4 | CartesianPoint{x=142.75,y=491.71,z=0.00}' (at simulation time 130.000,000,000 s)
2025-05-28 00:19:39,376 INFO  - Received event: 130000 (at simulation time IntraVehicleMsg)
2025-05-28 00:19:39,380 INFO  - Sent message to others cars = 'veh_4 | CartesianPoint{x=142.69,y=484.78,z=0.00}' (at simulation time 131.000,000,000 s)
2025-05-28 00:19:39,430 INFO  - Received event: 131000 (at simulation time IntraVehicleMsg)
2025-05-28 00:19:39,433 INFO  - Sent message to others cars = 'veh_4 | CartesianPoint{x=142.61,y=477.08,z=0.00}' (at simulation time 132.000,000,000 s)
2025-05-28 00:19:39,486 INFO  - Received event: 132000 (at simulation time IntraVehicleMsg)
2025-05-28 00:19:39,489 INFO  - Sent message to others cars = 'veh_4 | CartesianPoint{x=142.55,y=470.85,z=0.00}' (at simulation time 133.000,000,000 s)
2025-05-28 00:19:39,543 INFO  - Received event: 133000 (at simulation time IntraVehicleMsg)
2025-05-28 00:19:39,546 INFO  - Sent message to others cars = 'veh_4 | CartesianPoint{x=142.48,y=463.07,z=0.00}' (at simulation time 134.000,000,000 s)
2025-05-28 00:19:39,600 INFO  - Received event: 134000 (at simulation time IntraVehicleMsg)
2025-05-28 00:19:39,607 INFO  - Sent message to others cars = 'veh_4 | CartesianPoint{x=142.41,y=455.95,z=0.00}' (at simulation time 135.000,000,000 s)
2025-05-28 00:19:39,660 INFO  - Received event: 135000 (at simulation time IntraVehicleMsg)
2025-05-28 00:19:39,665 INFO  - Sent message to others cars = 'veh_4 | CartesianPoint{x=142.39,y=448.51,z=0.00}' (at simulation time 136.000,000,000 s)
2025-05-28 00:19:39,721 INFO  - Received event: 136000 (at simulation time IntraVehicleMsg)
2025-05-28 00:19:39,723 INFO  - Sent message to others cars = 'veh_4 | CartesianPoint{x=142.38,y=442.15,z=0.00}' (at simulation time 137.000,000,000 s)
2025-05-28 00:19:39,778 INFO  - Received event: 137000 (at simulation time IntraVehicleMsg)
2025-05-28 00:19:39,781 INFO  - Sent message to others cars = 'veh_4 | CartesianPoint{x=142.36,y=434.91,z=0.00}' (at simulation time 138.000,000,000 s)
2025-05-28 00:19:39,838 INFO  - Received event: 138000 (at simulation time IntraVehicleMsg)
2025-05-28 00:19:39,841 INFO  - Sent message to others cars = 'veh_4 | CartesianPoint{x=142.35,y=427.72,z=0.00}' (at simulation time 139.000,000,000 s)
2025-05-28 00:19:39,900 INFO  - Received event: 139000 (at simulation time IntraVehicleMsg)
2025-05-28 00:19:39,908 INFO  - Sent message to others cars = 'veh_4 | CartesianPoint{x=142.33,y=420.38,z=0.00}' (at simulation time 140.000,000,000 s)
2025-05-28 00:19:39,967 INFO  - Received event: 140000 (at simulation time IntraVehicleMsg)
2025-05-28 00:19:39,970 INFO  - Sent message to others cars = 'veh_4 | CartesianPoint{x=142.32,y=413.85,z=0.00}' (at simulation time 141.000,000,000 s)
2025-05-28 00:19:40,029 INFO  - Received event: 141000 (at simulation time IntraVehicleMsg)
2025-05-28 00:19:40,032 INFO  - Sent message to others cars = 'veh_4 | CartesianPoint{x=142.30,y=406.25,z=0.00}' (at simulation time 142.000,000,000 s)
2025-05-28 00:19:40,093 INFO  - Received event: 142000 (at simulation time IntraVehicleMsg)
2025-05-28 00:19:40,098 INFO  - Sent message to others cars = 'veh_4 | CartesianPoint{x=142.29,y=400.06,z=0.00}' (at simulation time 143.000,000,000 s)
2025-05-28 00:19:40,159 INFO  - Received event: 143000 (at simulation time IntraVehicleMsg)
2025-05-28 00:19:40,162 INFO  - Sent message to others cars = 'veh_4 | CartesianPoint{x=142.27,y=392.08,z=0.00}' (at simulation time 144.000,000,000 s)
2025-05-28 00:19:40,226 INFO  - Received event: 144000 (at simulation time IntraVehicleMsg)
2025-05-28 00:19:40,230 INFO  - Sent message to others cars = 'veh_4 | CartesianPoint{x=142.26,y=385.18,z=0.00}' (at simulation time 145.000,000,000 s)
2025-05-28 00:19:40,295 INFO  - Received event: 145000 (at simulation time IntraVehicleMsg)
2025-05-28 00:19:40,298 INFO  - Sent message to others cars = 'veh_4 | CartesianPoint{x=142.24,y=377.63,z=0.00}' (at simulation time 146.000,000,000 s)
2025-05-28 00:19:40,365 INFO  - Received event: 146000 (at simulation time IntraVehicleMsg)
2025-05-28 00:19:40,368 INFO  - Sent message to others cars = 'veh_4 | CartesianPoint{x=142.23,y=371.07,z=0.00}' (at simulation time 147.000,000,000 s)
2025-05-28 00:19:40,436 INFO  - Received event: 147000 (at simulation time IntraVehicleMsg)
2025-05-28 00:19:40,442 INFO  - Sent message to others cars = 'veh_4 | CartesianPoint{x=142.21,y=363.75,z=0.00}' (at simulation time 148.000,000,000 s)
2025-05-28 00:19:40,512 INFO  - Received event: 148000 (at simulation time IntraVehicleMsg)
2025-05-28 00:19:40,525 INFO  - Sent message to others cars = 'veh_4 | CartesianPoint{x=142.18,y=354.30,z=0.00}' (at simulation time 149.000,000,000 s)
2025-05-28 00:19:40,593 INFO  - Received event: 149000 (at simulation time IntraVehicleMsg)
2025-05-28 00:19:40,601 INFO  - Sent message to others cars = 'veh_4 | CartesianPoint{x=142.10,y=345.58,z=0.00}' (at simulation time 150.000,000,000 s)
2025-05-28 00:19:40,671 INFO  - Received event: 150000 (at simulation time IntraVehicleMsg)
2025-05-28 00:19:40,674 INFO  - Sent message to others cars = 'veh_4 | CartesianPoint{x=142.02,y=335.95,z=0.00}' (at simulation time 151.000,000,000 s)
2025-05-28 00:19:40,746 INFO  - Received event: 151000 (at simulation time IntraVehicleMsg)
2025-05-28 00:19:40,751 INFO  - Sent message to others cars = 'veh_4 | CartesianPoint{x=141.94,y=326.91,z=0.00}' (at simulation time 152.000,000,000 s)
2025-05-28 00:19:40,822 INFO  - Received event: 152000 (at simulation time IntraVehicleMsg)
2025-05-28 00:19:40,825 INFO  - Sent message to others cars = 'veh_4 | CartesianPoint{x=141.85,y=317.03,z=0.00}' (at simulation time 153.000,000,000 s)
2025-05-28 00:19:40,899 INFO  - Received event: 153000 (at simulation time IntraVehicleMsg)
2025-05-28 00:19:40,902 INFO  - Sent message to others cars = 'veh_4 | CartesianPoint{x=141.77,y=307.64,z=0.00}' (at simulation time 154.000,000,000 s)
2025-05-28 00:19:40,978 INFO  - Received event: 154000 (at simulation time IntraVehicleMsg)
2025-05-28 00:19:40,982 INFO  - Sent message to others cars = 'veh_4 | CartesianPoint{x=141.69,y=298.02,z=0.00}' (at simulation time 155.000,000,000 s)
2025-05-28 00:19:41,060 INFO  - Received event: 155000 (at simulation time IntraVehicleMsg)
2025-05-28 00:19:41,072 INFO  - Sent message to others cars = 'veh_4 | CartesianPoint{x=141.61,y=288.40,z=0.00}' (at simulation time 156.000,000,000 s)
2025-05-28 00:19:41,147 INFO  - Received event: 156000 (at simulation time IntraVehicleMsg)
2025-05-28 00:19:41,151 INFO  - Sent message to others cars = 'veh_4 | CartesianPoint{x=141.53,y=279.67,z=0.00}' (at simulation time 157.000,000,000 s)
2025-05-28 00:19:41,229 INFO  - Received event: 157000 (at simulation time IntraVehicleMsg)
2025-05-28 00:19:41,232 INFO  - Sent message to others cars = 'veh_4 | CartesianPoint{x=141.44,y=269.70,z=0.00}' (at simulation time 158.000,000,000 s)
2025-05-28 00:19:41,310 INFO  - Received event: 158000 (at simulation time IntraVehicleMsg)
2025-05-28 00:19:41,313 INFO  - Sent message to others cars = 'veh_4 | CartesianPoint{x=141.36,y=260.47,z=0.00}' (at simulation time 159.000,000,000 s)
2025-05-28 00:19:41,397 INFO  - Received event: 159000 (at simulation time IntraVehicleMsg)
2025-05-28 00:19:41,401 INFO  - Sent message to others cars = 'veh_4 | CartesianPoint{x=138.08,y=250.28,z=0.00}' (at simulation time 160.000,000,000 s)
2025-05-28 00:19:41,481 INFO  - Received event: 160000 (at simulation time IntraVehicleMsg)
2025-05-28 00:19:41,489 INFO  - Sent message to others cars = 'veh_4 | CartesianPoint{x=138.00,y=241.19,z=0.00}' (at simulation time 161.000,000,000 s)
2025-05-28 00:19:41,572 INFO  - Received event: 161000 (at simulation time IntraVehicleMsg)
2025-05-28 00:19:41,576 INFO  - Sent message to others cars = 'veh_4 | CartesianPoint{x=137.93,y=232.17,z=0.00}' (at simulation time 162.000,000,000 s)
2025-05-28 00:19:41,662 INFO  - Received event: 162000 (at simulation time IntraVehicleMsg)
2025-05-28 00:19:41,665 INFO  - Sent message to others cars = 'veh_4 | CartesianPoint{x=137.85,y=222.26,z=0.00}' (at simulation time 163.000,000,000 s)
2025-05-28 00:19:41,750 INFO  - Received event: 163000 (at simulation time IntraVehicleMsg)
2025-05-28 00:19:41,762 INFO  - Sent message to others cars = 'veh_4 | CartesianPoint{x=137.76,y=212.33,z=0.00}' (at simulation time 164.000,000,000 s)
2025-05-28 00:19:41,849 INFO  - Received event: 164000 (at simulation time IntraVehicleMsg)
2025-05-28 00:19:41,853 INFO  - Sent message to others cars = 'veh_4 | CartesianPoint{x=137.69,y=203.44,z=0.00}' (at simulation time 165.000,000,000 s)
2025-05-28 00:19:41,943 INFO  - Received event: 165000 (at simulation time IntraVehicleMsg)
2025-05-28 00:19:41,947 INFO  - Sent message to others cars = 'veh_4 | CartesianPoint{x=137.61,y=193.68,z=0.00}' (at simulation time 166.000,000,000 s)
2025-05-28 00:19:42,035 INFO  - Received event: 166000 (at simulation time IntraVehicleMsg)
2025-05-28 00:19:42,038 INFO  - Sent message to others cars = 'veh_4 | CartesianPoint{x=137.53,y=183.79,z=0.00}' (at simulation time 167.000,000,000 s)
2025-05-28 00:19:42,127 INFO  - Received event: 167000 (at simulation time IntraVehicleMsg)
2025-05-28 00:19:42,130 INFO  - Sent message to others cars = 'veh_4 | CartesianPoint{x=137.45,y=174.70,z=0.00}' (at simulation time 168.000,000,000 s)
2025-05-28 00:19:42,222 INFO  - Received event: 168000 (at simulation time IntraVehicleMsg)
2025-05-28 00:19:42,225 INFO  - Sent message to others cars = 'veh_4 | CartesianPoint{x=137.38,y=165.32,z=0.00}' (at simulation time 169.000,000,000 s)
2025-05-28 00:19:42,318 INFO  - Received event: 169000 (at simulation time IntraVehicleMsg)
2025-05-28 00:19:42,323 INFO  - Sent message to others cars = 'veh_4 | CartesianPoint{x=137.30,y=155.77,z=0.00}' (at simulation time 170.000,000,000 s)
2025-05-28 00:19:42,416 INFO  - Received event: 170000 (at simulation time IntraVehicleMsg)
2025-05-28 00:19:42,424 INFO  - Sent message to others cars = 'veh_4 | CartesianPoint{x=137.22,y=146.76,z=0.00}' (at simulation time 171.000,000,000 s)
2025-05-28 00:19:42,522 INFO  - Received event: 171000 (at simulation time IntraVehicleMsg)
2025-05-28 00:19:42,526 INFO  - Sent message to others cars = 'veh_4 | CartesianPoint{x=137.17,y=137.61,z=0.00}' (at simulation time 172.000,000,000 s)
2025-05-28 00:19:42,623 INFO  - Received event: 172000 (at simulation time IntraVehicleMsg)
2025-05-28 00:19:42,627 INFO  - Sent message to others cars = 'veh_4 | CartesianPoint{x=137.22,y=127.97,z=0.00}' (at simulation time 173.000,000,000 s)
2025-05-28 00:19:42,727 INFO  - Received event: 173000 (at simulation time IntraVehicleMsg)
2025-05-28 00:19:42,731 INFO  - Sent message to others cars = 'veh_4 | CartesianPoint{x=137.27,y=118.86,z=0.00}' (at simulation time 174.000,000,000 s)
2025-05-28 00:19:42,833 INFO  - Received event: 174000 (at simulation time IntraVehicleMsg)
2025-05-28 00:19:42,848 INFO  - Sent message to others cars = 'veh_4 | CartesianPoint{x=137.32,y=109.59,z=0.00}' (at simulation time 175.000,000,000 s)
2025-05-28 00:19:42,951 INFO  - Received event: 175000 (at simulation time IntraVehicleMsg)
2025-05-28 00:19:42,955 INFO  - Sent message to others cars = 'veh_4 | CartesianPoint{x=137.38,y=99.75,z=0.00}' (at simulation time 176.000,000,000 s)
2025-05-28 00:19:43,096 INFO  - Received event: 176000 (at simulation time IntraVehicleMsg)
2025-05-28 00:19:43,103 INFO  - Sent message to others cars = 'veh_4 | CartesianPoint{x=137.43,y=90.79,z=0.00}' (at simulation time 177.000,000,000 s)
2025-05-28 00:19:43,210 INFO  - Received event: 177000 (at simulation time IntraVehicleMsg)
2025-05-28 00:19:43,214 INFO  - Sent message to others cars = 'veh_4 | CartesianPoint{x=137.48,y=81.75,z=0.00}' (at simulation time 178.000,000,000 s)
2025-05-28 00:19:43,318 INFO  - Received event: 178000 (at simulation time IntraVehicleMsg)
2025-05-28 00:19:43,322 INFO  - Sent message to others cars = 'veh_4 | CartesianPoint{x=139.54,y=72.53,z=0.00}' (at simulation time 179.000,000,000 s)
2025-05-28 00:19:43,429 INFO  - Received event: 179000 (at simulation time IntraVehicleMsg)
2025-05-28 00:19:43,439 INFO  - Sent message to others cars = 'veh_4 | CartesianPoint{x=144.60,y=65.12,z=0.00}' (at simulation time 180.000,000,000 s)
2025-05-28 00:19:43,541 INFO  - Received event: 180000 (at simulation time IntraVehicleMsg)
2025-05-28 00:19:43,553 INFO  - Sent message to others cars = 'veh_4 | CartesianPoint{x=151.87,y=58.32,z=0.00}' (at simulation time 181.000,000,000 s)
2025-05-28 00:19:43,650 INFO  - Received event: 181000 (at simulation time IntraVehicleMsg)
2025-05-28 00:19:43,653 INFO  - Sent message to others cars = 'veh_4 | CartesianPoint{x=158.37,y=51.41,z=0.00}' (at simulation time 182.000,000,000 s)
2025-05-28 00:19:43,753 INFO  - Received event: 182000 (at simulation time IntraVehicleMsg)
2025-05-28 00:19:43,756 INFO  - Sent message to others cars = 'veh_4 | CartesianPoint{x=164.97,y=44.15,z=0.00}' (at simulation time 183.000,000,000 s)
2025-05-28 00:19:43,862 INFO  - Received event: 183000 (at simulation time IntraVehicleMsg)
2025-05-28 00:19:43,873 INFO  - Sent message to others cars = 'veh_4 | CartesianPoint{x=171.59,y=36.88,z=0.00}' (at simulation time 184.000,000,000 s)
2025-05-28 00:19:43,971 INFO  - Received event: 184000 (at simulation time IntraVehicleMsg)
2025-05-28 00:19:43,976 INFO  - Sent message to others cars = 'veh_4 | CartesianPoint{x=177.66,y=30.19,z=0.00}' (at simulation time 185.000,000,000 s)
2025-05-28 00:19:44,075 INFO  - Received event: 185000 (at simulation time IntraVehicleMsg)
2025-05-28 00:19:44,079 INFO  - Sent message to others cars = 'veh_4 | CartesianPoint{x=184.01,y=23.22,z=0.00}' (at simulation time 186.000,000,000 s)
2025-05-28 00:19:44,184 INFO  - Received event: 186000 (at simulation time IntraVehicleMsg)
2025-05-28 00:19:44,187 INFO  - Sent message to others cars = 'veh_4 | CartesianPoint{x=190.27,y=16.33,z=0.00}' (at simulation time 187.000,000,000 s)
2025-05-28 00:19:44,287 INFO  - Received event: 187000 (at simulation time IntraVehicleMsg)
2025-05-28 00:19:44,290 INFO  - Sent message to others cars = 'veh_4 | CartesianPoint{x=194.85,y=8.95,z=0.00}' (at simulation time 188.000,000,000 s)
2025-05-28 00:19:44,386 INFO  - Received event: 188000 (at simulation time IntraVehicleMsg)
2025-05-28 00:19:44,388 INFO  - Sent message to others cars = 'veh_4 | CartesianPoint{x=197.00,y=0.01,z=0.00}' (at simulation time 189.000,000,000 s)
2025-05-28 00:19:44,486 INFO  - Received event: 189000 (at simulation time IntraVehicleMsg)
2025-05-28 00:19:44,490 INFO  - ------------------------------------------------------------------------------------- (at simulation time 190.000,000,000 s)
2025-05-28 00:19:44,490 INFO  - Shutdown application (at simulation time 190.000,000,000 s)
2025-05-28 00:19:44,490 INFO  - ------------------------------------------------------------------------------------- (at simulation time 190.000,000,000 s)
