2025-05-28 00:33:16,248 INFO  - ------------------------------------------------------------------------------------- (at simulation time 161.000,000,000 s)
2025-05-28 00:33:16,249 INFO  - Initialize veh_30 application (at simulation time 161.000,000,000 s)
2025-05-28 00:33:16,249 INFO  - Activated AdHoc Module (at simulation time 161.000,000,000 s)
2025-05-28 00:33:16,249 INFO  - ------------------------------------------------------------------------------------- (at simulation time 161.000,000,000 s)
2025-05-28 00:33:16,251 INFO  - Sent message to others cars = 'veh_30 | CartesianPoint{x=143.94,y=749.34,z=0.00}' (at simulation time 161.000,000,000 s)
2025-05-28 00:33:16,335 INFO  - Received event: 161000 (at simulation time IntraVehicleMsg)
2025-05-28 00:33:16,339 INFO  - Sent message to others cars = 'veh_30 | CartesianPoint{x=143.92,y=742.77,z=0.00}' (at simulation time 162.000,000,000 s)
2025-05-28 00:33:16,424 INFO  - Received event: 162000 (at simulation time IntraVehicleMsg)
2025-05-28 00:33:16,429 INFO  - Sent message to others cars = 'veh_30 | CartesianPoint{x=143.90,y=736.40,z=0.00}' (at simulation time 163.000,000,000 s)
2025-05-28 00:33:16,516 INFO  - Received event: 163000 (at simulation time IntraVehicleMsg)
2025-05-28 00:33:16,528 INFO  - Sent message to others cars = 'veh_30 | CartesianPoint{x=143.88,y=728.91,z=0.00}' (at simulation time 164.000,000,000 s)
2025-05-28 00:33:16,614 INFO  - Received event: 164000 (at simulation time IntraVehicleMsg)
2025-05-28 00:33:16,618 INFO  - Sent message to others cars = 'veh_30 | CartesianPoint{x=143.85,y=721.90,z=0.00}' (at simulation time 165.000,000,000 s)
2025-05-28 00:33:16,707 INFO  - Received event: 165000 (at simulation time IntraVehicleMsg)
2025-05-28 00:33:16,710 INFO  - Sent message to others cars = 'veh_30 | CartesianPoint{x=143.83,y=714.72,z=0.00}' (at simulation time 166.000,000,000 s)
2025-05-28 00:33:16,800 INFO  - Received event: 166000 (at simulation time IntraVehicleMsg)
2025-05-28 00:33:16,803 INFO  - Sent message to others cars = 'veh_30 | CartesianPoint{x=140.61,y=708.15,z=0.00}' (at simulation time 167.000,000,000 s)
2025-05-28 00:33:16,895 INFO  - Received event: 167000 (at simulation time IntraVehicleMsg)
2025-05-28 00:33:16,898 INFO  - Sent message to others cars = 'veh_30 | CartesianPoint{x=140.58,y=701.01,z=0.00}' (at simulation time 168.000,000,000 s)
2025-05-28 00:33:16,989 INFO  - Received event: 168000 (at simulation time IntraVehicleMsg)
2025-05-28 00:33:16,992 INFO  - Sent message to others cars = 'veh_30 | CartesianPoint{x=140.56,y=694.16,z=0.00}' (at simulation time 169.000,000,000 s)
2025-05-28 00:33:17,086 INFO  - Received event: 169000 (at simulation time IntraVehicleMsg)
2025-05-28 00:33:17,089 INFO  - Sent message to others cars = 'veh_30 | CartesianPoint{x=140.54,y=687.94,z=0.00}' (at simulation time 170.000,000,000 s)
2025-05-28 00:33:17,185 INFO  - Received event: 170000 (at simulation time IntraVehicleMsg)
2025-05-28 00:33:17,192 INFO  - Sent message to others cars = 'veh_30 | CartesianPoint{x=140.52,y=681.35,z=0.00}' (at simulation time 171.000,000,000 s)
2025-05-28 00:33:17,293 INFO  - Received event: 171000 (at simulation time IntraVehicleMsg)
2025-05-28 00:33:17,296 INFO  - Sent message to others cars = 'veh_30 | CartesianPoint{x=140.49,y=675.11,z=0.00}' (at simulation time 172.000,000,000 s)
2025-05-28 00:33:17,409 INFO  - Received event: 172000 (at simulation time IntraVehicleMsg)
2025-05-28 00:33:17,413 INFO  - Sent message to others cars = 'veh_30 | CartesianPoint{x=140.48,y=668.13,z=0.00}' (at simulation time 173.000,000,000 s)
2025-05-28 00:33:17,514 INFO  - Received event: 173000 (at simulation time IntraVehicleMsg)
2025-05-28 00:33:17,517 INFO  - Sent message to others cars = 'veh_30 | CartesianPoint{x=140.46,y=661.30,z=0.00}' (at simulation time 174.000,000,000 s)
2025-05-28 00:33:17,621 INFO  - Received event: 174000 (at simulation time IntraVehicleMsg)
2025-05-28 00:33:17,632 INFO  - Sent message to others cars = 'veh_30 | CartesianPoint{x=140.45,y=654.95,z=0.00}' (at simulation time 175.000,000,000 s)
2025-05-28 00:33:17,736 INFO  - Received event: 175000 (at simulation time IntraVehicleMsg)
2025-05-28 00:33:17,739 INFO  - Sent message to others cars = 'veh_30 | CartesianPoint{x=140.43,y=648.10,z=0.00}' (at simulation time 176.000,000,000 s)
