2025-05-28 00:18:57,037 INFO  - ------------------------------------------------------------------------------------- (at simulation time 541.000,000,000 s)
2025-05-28 00:18:57,038 INFO  - Initialize veh_105 application (at simulation time 541.000,000,000 s)
2025-05-28 00:18:57,038 INFO  - Activated AdHoc Module (at simulation time 541.000,000,000 s)
2025-05-28 00:18:57,038 INFO  - ------------------------------------------------------------------------------------- (at simulation time 541.000,000,000 s)
2025-05-28 00:18:57,043 INFO  - Sent message to others cars = 'veh_105 | CartesianPoint{x=-0.00,y=532.14,z=0.00}' (at simulation time 541.000,000,000 s)
2025-05-28 00:18:57,090 INFO  - Received event: 541000 (at simulation time IntraVehicleMsg)
2025-05-28 00:18:57,093 INFO  - Sent message to others cars = 'veh_105 | CartesianPoint{x=9.12,y=532.11,z=0.00}' (at simulation time 542.000,000,000 s)
2025-05-28 00:18:57,144 INFO  - Received event: 542000 (at simulation time IntraVehicleMsg)
2025-05-28 00:18:57,146 INFO  - Sent message to others cars = 'veh_105 | CartesianPoint{x=18.13,y=532.09,z=0.00}' (at simulation time 543.000,000,000 s)
2025-05-28 00:18:57,195 INFO  - Received event: 543000 (at simulation time IntraVehicleMsg)
2025-05-28 00:18:57,198 INFO  - Sent message to others cars = 'veh_105 | CartesianPoint{x=27.17,y=532.06,z=0.00}' (at simulation time 544.000,000,000 s)
2025-05-28 00:18:57,248 INFO  - Received event: 544000 (at simulation time IntraVehicleMsg)
2025-05-28 00:18:57,251 INFO  - Sent message to others cars = 'veh_105 | CartesianPoint{x=35.92,y=532.02,z=0.00}' (at simulation time 545.000,000,000 s)
2025-05-28 00:18:57,302 INFO  - Received event: 545000 (at simulation time IntraVehicleMsg)
2025-05-28 00:18:57,304 INFO  - Sent message to others cars = 'veh_105 | CartesianPoint{x=44.42,y=532.08,z=0.00}' (at simulation time 546.000,000,000 s)
2025-05-28 00:18:57,358 INFO  - Received event: 546000 (at simulation time IntraVehicleMsg)
2025-05-28 00:18:57,360 INFO  - Sent message to others cars = 'veh_105 | CartesianPoint{x=53.51,y=532.15,z=0.00}' (at simulation time 547.000,000,000 s)
2025-05-28 00:18:57,414 INFO  - Received event: 547000 (at simulation time IntraVehicleMsg)
2025-05-28 00:18:57,416 INFO  - Sent message to others cars = 'veh_105 | CartesianPoint{x=62.31,y=532.20,z=0.00}' (at simulation time 548.000,000,000 s)
2025-05-28 00:18:57,473 INFO  - Received event: 548000 (at simulation time IntraVehicleMsg)
2025-05-28 00:18:57,481 INFO  - Sent message to others cars = 'veh_105 | CartesianPoint{x=71.18,y=532.22,z=0.00}' (at simulation time 549.000,000,000 s)
2025-05-28 00:18:57,538 INFO  - Received event: 549000 (at simulation time IntraVehicleMsg)
2025-05-28 00:18:57,543 INFO  - Sent message to others cars = 'veh_105 | CartesianPoint{x=80.18,y=532.24,z=0.00}' (at simulation time 550.000,000,000 s)
2025-05-28 00:18:57,598 INFO  - Received event: 550000 (at simulation time IntraVehicleMsg)
2025-05-28 00:18:57,601 INFO  - Sent message to others cars = 'veh_105 | CartesianPoint{x=88.94,y=532.23,z=0.00}' (at simulation time 551.000,000,000 s)
2025-05-28 00:18:57,657 INFO  - Received event: 551000 (at simulation time IntraVehicleMsg)
2025-05-28 00:18:57,664 INFO  - Sent message to others cars = 'veh_105 | CartesianPoint{x=96.96,y=532.13,z=0.00}' (at simulation time 552.000,000,000 s)
2025-05-28 00:18:57,722 INFO  - Received event: 552000 (at simulation time IntraVehicleMsg)
2025-05-28 00:18:57,725 INFO  - Sent message to others cars = 'veh_105 | CartesianPoint{x=105.75,y=532.02,z=0.00}' (at simulation time 553.000,000,000 s)
2025-05-28 00:18:57,784 INFO  - Received event: 553000 (at simulation time IntraVehicleMsg)
2025-05-28 00:18:57,786 INFO  - Sent message to others cars = 'veh_105 | CartesianPoint{x=114.40,y=531.91,z=0.00}' (at simulation time 554.000,000,000 s)
2025-05-28 00:18:57,847 INFO  - Received event: 554000 (at simulation time IntraVehicleMsg)
2025-05-28 00:18:57,850 INFO  - Sent message to others cars = 'veh_105 | CartesianPoint{x=123.42,y=531.80,z=0.00}' (at simulation time 555.000,000,000 s)
2025-05-28 00:18:57,912 INFO  - Received event: 555000 (at simulation time IntraVehicleMsg)
2025-05-28 00:18:57,922 INFO  - Sent message to others cars = 'veh_105 | CartesianPoint{x=130.12,y=531.71,z=0.00}' (at simulation time 556.000,000,000 s)
2025-05-28 00:18:57,983 INFO  - Received event: 556000 (at simulation time IntraVehicleMsg)
2025-05-28 00:18:57,986 INFO  - Sent message to others cars = 'veh_105 | CartesianPoint{x=132.32,y=531.69,z=0.00}' (at simulation time 557.000,000,000 s)
2025-05-28 00:18:58,049 INFO  - Received event: 557000 (at simulation time IntraVehicleMsg)
2025-05-28 00:18:58,052 INFO  - Sent message to others cars = 'veh_105 | CartesianPoint{x=133.11,y=531.68,z=0.00}' (at simulation time 558.000,000,000 s)
2025-05-28 00:18:58,114 INFO  - Received event: 558000 (at simulation time IntraVehicleMsg)
2025-05-28 00:18:58,117 INFO  - Sent message to others cars = 'veh_105 | CartesianPoint{x=133.26,y=531.67,z=0.00}' (at simulation time 559.000,000,000 s)
2025-05-28 00:18:58,181 INFO  - Received event: 559000 (at simulation time IntraVehicleMsg)
2025-05-28 00:18:58,184 INFO  - Sent message to others cars = 'veh_105 | CartesianPoint{x=133.32,y=531.67,z=0.00}' (at simulation time 560.000,000,000 s)
2025-05-28 00:18:58,243 INFO  - Received event: 560000 (at simulation time IntraVehicleMsg)
2025-05-28 00:18:58,246 INFO  - Sent message to others cars = 'veh_105 | CartesianPoint{x=133.33,y=531.67,z=0.00}' (at simulation time 561.000,000,000 s)
2025-05-28 00:18:58,305 INFO  - Received event: 561000 (at simulation time IntraVehicleMsg)
2025-05-28 00:18:58,312 INFO  - Sent message to others cars = 'veh_105 | CartesianPoint{x=133.34,y=531.67,z=0.00}' (at simulation time 562.000,000,000 s)
2025-05-28 00:18:58,375 INFO  - Received event: 562000 (at simulation time IntraVehicleMsg)
2025-05-28 00:18:58,377 INFO  - Sent message to others cars = 'veh_105 | CartesianPoint{x=133.34,y=531.67,z=0.00}' (at simulation time 563.000,000,000 s)
2025-05-28 00:18:58,437 INFO  - Received event: 563000 (at simulation time IntraVehicleMsg)
2025-05-28 00:18:58,439 INFO  - Sent message to others cars = 'veh_105 | CartesianPoint{x=133.34,y=531.67,z=0.00}' (at simulation time 564.000,000,000 s)
2025-05-28 00:18:58,495 INFO  - Received event: 564000 (at simulation time IntraVehicleMsg)
2025-05-28 00:18:58,498 INFO  - Sent message to others cars = 'veh_105 | CartesianPoint{x=133.34,y=531.67,z=0.00}' (at simulation time 565.000,000,000 s)
2025-05-28 00:18:58,555 INFO  - Received event: 565000 (at simulation time IntraVehicleMsg)
2025-05-28 00:18:58,558 INFO  - Sent message to others cars = 'veh_105 | CartesianPoint{x=133.34,y=531.67,z=0.00}' (at simulation time 566.000,000,000 s)
2025-05-28 00:18:58,614 INFO  - Received event: 566000 (at simulation time IntraVehicleMsg)
2025-05-28 00:18:58,617 INFO  - Sent message to others cars = 'veh_105 | CartesianPoint{x=133.34,y=531.67,z=0.00}' (at simulation time 567.000,000,000 s)
2025-05-28 00:18:58,673 INFO  - Received event: 567000 (at simulation time IntraVehicleMsg)
2025-05-28 00:18:58,675 INFO  - Sent message to others cars = 'veh_105 | CartesianPoint{x=133.34,y=531.67,z=0.00}' (at simulation time 568.000,000,000 s)
2025-05-28 00:18:58,736 INFO  - Received event: 568000 (at simulation time IntraVehicleMsg)
2025-05-28 00:18:58,749 INFO  - Sent message to others cars = 'veh_105 | CartesianPoint{x=133.34,y=531.67,z=0.00}' (at simulation time 569.000,000,000 s)
2025-05-28 00:18:58,802 INFO  - Received event: 569000 (at simulation time IntraVehicleMsg)
2025-05-28 00:18:58,812 INFO  - Sent message to others cars = 'veh_105 | CartesianPoint{x=133.34,y=531.67,z=0.00}' (at simulation time 570.000,000,000 s)
2025-05-28 00:18:58,857 INFO  - Received event: 570000 (at simulation time IntraVehicleMsg)
2025-05-28 00:18:58,860 INFO  - Sent message to others cars = 'veh_105 | CartesianPoint{x=133.34,y=531.67,z=0.00}' (at simulation time 571.000,000,000 s)
2025-05-28 00:18:58,918 INFO  - Received event: 571000 (at simulation time IntraVehicleMsg)
2025-05-28 00:18:58,927 INFO  - Sent message to others cars = 'veh_105 | CartesianPoint{x=133.34,y=531.67,z=0.00}' (at simulation time 572.000,000,000 s)
2025-05-28 00:18:58,972 INFO  - Received event: 572000 (at simulation time IntraVehicleMsg)
2025-05-28 00:18:58,974 INFO  - Sent message to others cars = 'veh_105 | CartesianPoint{x=133.34,y=531.67,z=0.00}' (at simulation time 573.000,000,000 s)
2025-05-28 00:18:59,021 INFO  - Received event: 573000 (at simulation time IntraVehicleMsg)
2025-05-28 00:18:59,032 INFO  - Sent message to others cars = 'veh_105 | CartesianPoint{x=133.34,y=531.67,z=0.00}' (at simulation time 574.000,000,000 s)
2025-05-28 00:18:59,081 INFO  - Received event: 574000 (at simulation time IntraVehicleMsg)
2025-05-28 00:18:59,094 INFO  - Sent message to others cars = 'veh_105 | CartesianPoint{x=133.34,y=531.67,z=0.00}' (at simulation time 575.000,000,000 s)
2025-05-28 00:18:59,145 INFO  - Received event: 575000 (at simulation time IntraVehicleMsg)
2025-05-28 00:18:59,154 INFO  - Sent message to others cars = 'veh_105 | CartesianPoint{x=133.34,y=531.67,z=0.00}' (at simulation time 576.000,000,000 s)
2025-05-28 00:18:59,203 INFO  - Received event: 576000 (at simulation time IntraVehicleMsg)
2025-05-28 00:18:59,207 INFO  - Sent message to others cars = 'veh_105 | CartesianPoint{x=133.34,y=531.67,z=0.00}' (at simulation time 577.000,000,000 s)
2025-05-28 00:18:59,257 INFO  - Received event: 577000 (at simulation time IntraVehicleMsg)
2025-05-28 00:18:59,260 INFO  - Sent message to others cars = 'veh_105 | CartesianPoint{x=133.34,y=531.67,z=0.00}' (at simulation time 578.000,000,000 s)
2025-05-28 00:18:59,310 INFO  - Received event: 578000 (at simulation time IntraVehicleMsg)
2025-05-28 00:18:59,314 INFO  - Sent message to others cars = 'veh_105 | CartesianPoint{x=133.34,y=531.67,z=0.00}' (at simulation time 579.000,000,000 s)
2025-05-28 00:18:59,364 INFO  - Received event: 579000 (at simulation time IntraVehicleMsg)
2025-05-28 00:18:59,367 INFO  - Sent message to others cars = 'veh_105 | CartesianPoint{x=133.34,y=531.67,z=0.00}' (at simulation time 580.000,000,000 s)
2025-05-28 00:18:59,415 INFO  - Received event: 580000 (at simulation time IntraVehicleMsg)
2025-05-28 00:18:59,418 INFO  - Sent message to others cars = 'veh_105 | CartesianPoint{x=133.34,y=531.67,z=0.00}' (at simulation time 581.000,000,000 s)
2025-05-28 00:18:59,467 INFO  - Received event: 581000 (at simulation time IntraVehicleMsg)
2025-05-28 00:18:59,473 INFO  - Sent message to others cars = 'veh_105 | CartesianPoint{x=133.34,y=531.67,z=0.00}' (at simulation time 582.000,000,000 s)
2025-05-28 00:18:59,522 INFO  - Received event: 582000 (at simulation time IntraVehicleMsg)
2025-05-28 00:18:59,525 INFO  - Sent message to others cars = 'veh_105 | CartesianPoint{x=133.34,y=531.67,z=0.00}' (at simulation time 583.000,000,000 s)
2025-05-28 00:18:59,573 INFO  - Received event: 583000 (at simulation time IntraVehicleMsg)
2025-05-28 00:18:59,580 INFO  - Sent message to others cars = 'veh_105 | CartesianPoint{x=133.34,y=531.67,z=0.00}' (at simulation time 584.000,000,000 s)
2025-05-28 00:18:59,629 INFO  - Received event: 584000 (at simulation time IntraVehicleMsg)
2025-05-28 00:18:59,637 INFO  - Sent message to others cars = 'veh_105 | CartesianPoint{x=133.34,y=531.67,z=0.00}' (at simulation time 585.000,000,000 s)
2025-05-28 00:18:59,687 INFO  - Received event: 585000 (at simulation time IntraVehicleMsg)
2025-05-28 00:18:59,695 INFO  - Sent message to others cars = 'veh_105 | CartesianPoint{x=133.34,y=531.67,z=0.00}' (at simulation time 586.000,000,000 s)
2025-05-28 00:18:59,744 INFO  - Received event: 586000 (at simulation time IntraVehicleMsg)
2025-05-28 00:18:59,747 INFO  - Sent message to others cars = 'veh_105 | CartesianPoint{x=133.34,y=531.67,z=0.00}' (at simulation time 587.000,000,000 s)
2025-05-28 00:18:59,794 INFO  - Received event: 587000 (at simulation time IntraVehicleMsg)
2025-05-28 00:18:59,797 INFO  - Sent message to others cars = 'veh_105 | CartesianPoint{x=133.34,y=531.67,z=0.00}' (at simulation time 588.000,000,000 s)
2025-05-28 00:18:59,843 INFO  - Received event: 588000 (at simulation time IntraVehicleMsg)
2025-05-28 00:18:59,848 INFO  - Sent message to others cars = 'veh_105 | CartesianPoint{x=133.34,y=531.67,z=0.00}' (at simulation time 589.000,000,000 s)
2025-05-28 00:18:59,895 INFO  - Received event: 589000 (at simulation time IntraVehicleMsg)
2025-05-28 00:18:59,898 INFO  - Sent message to others cars = 'veh_105 | CartesianPoint{x=133.34,y=531.67,z=0.00}' (at simulation time 590.000,000,000 s)
2025-05-28 00:18:59,947 INFO  - Received event: 590000 (at simulation time IntraVehicleMsg)
2025-05-28 00:18:59,950 INFO  - Sent message to others cars = 'veh_105 | CartesianPoint{x=133.34,y=531.67,z=0.00}' (at simulation time 591.000,000,000 s)
2025-05-28 00:18:59,999 INFO  - Received event: 591000 (at simulation time IntraVehicleMsg)
2025-05-28 00:19:00,002 INFO  - Sent message to others cars = 'veh_105 | CartesianPoint{x=133.34,y=531.67,z=0.00}' (at simulation time 592.000,000,000 s)
2025-05-28 00:19:00,051 INFO  - Received event: 592000 (at simulation time IntraVehicleMsg)
2025-05-28 00:19:00,057 INFO  - Sent message to others cars = 'veh_105 | CartesianPoint{x=133.34,y=531.67,z=0.00}' (at simulation time 593.000,000,000 s)
2025-05-28 00:19:00,109 INFO  - Received event: 593000 (at simulation time IntraVehicleMsg)
2025-05-28 00:19:00,112 INFO  - Sent message to others cars = 'veh_105 | CartesianPoint{x=133.34,y=531.67,z=0.00}' (at simulation time 594.000,000,000 s)
2025-05-28 00:19:00,164 INFO  - Received event: 594000 (at simulation time IntraVehicleMsg)
2025-05-28 00:19:00,168 INFO  - Sent message to others cars = 'veh_105 | CartesianPoint{x=133.34,y=531.67,z=0.00}' (at simulation time 595.000,000,000 s)
2025-05-28 00:19:00,224 INFO  - Received event: 595000 (at simulation time IntraVehicleMsg)
2025-05-28 00:19:00,236 INFO  - Sent message to others cars = 'veh_105 | CartesianPoint{x=133.34,y=531.67,z=0.00}' (at simulation time 596.000,000,000 s)
2025-05-28 00:19:00,293 INFO  - Received event: 596000 (at simulation time IntraVehicleMsg)
2025-05-28 00:19:00,309 INFO  - Sent message to others cars = 'veh_105 | CartesianPoint{x=133.34,y=531.67,z=0.00}' (at simulation time 597.000,000,000 s)
2025-05-28 00:19:00,367 INFO  - Received event: 597000 (at simulation time IntraVehicleMsg)
2025-05-28 00:19:00,377 INFO  - Sent message to others cars = 'veh_105 | CartesianPoint{x=133.34,y=531.67,z=0.00}' (at simulation time 598.000,000,000 s)
2025-05-28 00:19:00,431 INFO  - Received event: 598000 (at simulation time IntraVehicleMsg)
2025-05-28 00:19:00,434 INFO  - Sent message to others cars = 'veh_105 | CartesianPoint{x=133.34,y=531.67,z=0.00}' (at simulation time 599.000,000,000 s)
2025-05-28 00:19:00,491 INFO  - Received event: 599000 (at simulation time IntraVehicleMsg)
2025-05-28 00:19:00,494 INFO  - Sent message to others cars = 'veh_105 | CartesianPoint{x=133.34,y=531.67,z=0.00}' (at simulation time 600.000,000,000 s)
2025-05-28 00:19:00,550 INFO  - Received event: 600000 (at simulation time IntraVehicleMsg)
2025-05-28 00:19:00,554 INFO  - Sent message to others cars = 'veh_105 | CartesianPoint{x=133.34,y=531.67,z=0.00}' (at simulation time 601.000,000,000 s)
2025-05-28 00:19:00,611 INFO  - Received event: 601000 (at simulation time IntraVehicleMsg)
2025-05-28 00:19:00,614 INFO  - Sent message to others cars = 'veh_105 | CartesianPoint{x=133.34,y=531.67,z=0.00}' (at simulation time 602.000,000,000 s)
2025-05-28 00:19:00,674 INFO  - Received event: 602000 (at simulation time IntraVehicleMsg)
2025-05-28 00:19:00,681 INFO  - Sent message to others cars = 'veh_105 | CartesianPoint{x=133.34,y=531.67,z=0.00}' (at simulation time 603.000,000,000 s)
2025-05-28 00:19:00,740 INFO  - Received event: 603000 (at simulation time IntraVehicleMsg)
2025-05-28 00:19:00,745 INFO  - Sent message to others cars = 'veh_105 | CartesianPoint{x=135.86,y=531.65,z=0.00}' (at simulation time 604.000,000,000 s)
2025-05-28 00:19:00,807 INFO  - Received event: 604000 (at simulation time IntraVehicleMsg)
2025-05-28 00:19:00,820 INFO  - Sent message to others cars = 'veh_105 | CartesianPoint{x=139.71,y=531.62,z=0.00}' (at simulation time 605.000,000,000 s)
2025-05-28 00:19:00,885 INFO  - Received event: 605000 (at simulation time IntraVehicleMsg)
2025-05-28 00:19:00,899 INFO  - Sent message to others cars = 'veh_105 | CartesianPoint{x=145.27,y=531.58,z=0.00}' (at simulation time 606.000,000,000 s)
2025-05-28 00:19:00,966 INFO  - Received event: 606000 (at simulation time IntraVehicleMsg)
2025-05-28 00:19:00,980 INFO  - Sent message to others cars = 'veh_105 | CartesianPoint{x=152.79,y=531.59,z=0.00}' (at simulation time 607.000,000,000 s)
2025-05-28 00:19:01,046 INFO  - Received event: 607000 (at simulation time IntraVehicleMsg)
2025-05-28 00:19:01,056 INFO  - Sent message to others cars = 'veh_105 | CartesianPoint{x=161.89,y=531.65,z=0.00}' (at simulation time 608.000,000,000 s)
2025-05-28 00:19:01,122 INFO  - Received event: 608000 (at simulation time IntraVehicleMsg)
2025-05-28 00:19:01,130 INFO  - Sent message to others cars = 'veh_105 | CartesianPoint{x=170.65,y=531.71,z=0.00}' (at simulation time 609.000,000,000 s)
2025-05-28 00:19:01,195 INFO  - Received event: 609000 (at simulation time IntraVehicleMsg)
2025-05-28 00:19:01,199 INFO  - Sent message to others cars = 'veh_105 | CartesianPoint{x=179.67,y=531.77,z=0.00}' (at simulation time 610.000,000,000 s)
2025-05-28 00:19:01,265 INFO  - Received event: 610000 (at simulation time IntraVehicleMsg)
2025-05-28 00:19:01,268 INFO  - Sent message to others cars = 'veh_105 | CartesianPoint{x=188.04,y=531.83,z=0.00}' (at simulation time 611.000,000,000 s)
2025-05-28 00:19:01,338 INFO  - Received event: 611000 (at simulation time IntraVehicleMsg)
2025-05-28 00:19:01,342 INFO  - Sent message to others cars = 'veh_105 | CartesianPoint{x=196.46,y=528.69,z=0.00}' (at simulation time 612.000,000,000 s)
2025-05-28 00:19:01,409 INFO  - Received event: 612000 (at simulation time IntraVehicleMsg)
2025-05-28 00:19:01,416 INFO  - Sent message to others cars = 'veh_105 | CartesianPoint{x=204.63,y=528.75,z=0.00}' (at simulation time 613.000,000,000 s)
2025-05-28 00:19:01,484 INFO  - Received event: 613000 (at simulation time IntraVehicleMsg)
2025-05-28 00:19:01,488 INFO  - Sent message to others cars = 'veh_105 | CartesianPoint{x=211.51,y=528.80,z=0.00}' (at simulation time 614.000,000,000 s)
2025-05-28 00:19:01,555 INFO  - Received event: 614000 (at simulation time IntraVehicleMsg)
2025-05-28 00:19:01,559 INFO  - Sent message to others cars = 'veh_105 | CartesianPoint{x=215.48,y=528.82,z=0.00}' (at simulation time 615.000,000,000 s)
2025-05-28 00:19:01,630 INFO  - Received event: 615000 (at simulation time IntraVehicleMsg)
2025-05-28 00:19:01,633 INFO  - Sent message to others cars = 'veh_105 | CartesianPoint{x=220.97,y=528.83,z=0.00}' (at simulation time 616.000,000,000 s)
2025-05-28 00:19:01,709 INFO  - Received event: 616000 (at simulation time IntraVehicleMsg)
2025-05-28 00:19:01,721 INFO  - Sent message to others cars = 'veh_105 | CartesianPoint{x=228.60,y=528.84,z=0.00}' (at simulation time 617.000,000,000 s)
2025-05-28 00:19:01,797 INFO  - Received event: 617000 (at simulation time IntraVehicleMsg)
2025-05-28 00:19:01,810 INFO  - Sent message to others cars = 'veh_105 | CartesianPoint{x=237.54,y=528.83,z=0.00}' (at simulation time 618.000,000,000 s)
2025-05-28 00:19:01,890 INFO  - Received event: 618000 (at simulation time IntraVehicleMsg)
2025-05-28 00:19:01,907 INFO  - Sent message to others cars = 'veh_105 | CartesianPoint{x=246.00,y=528.81,z=0.00}' (at simulation time 619.000,000,000 s)
2025-05-28 00:19:01,988 INFO  - Received event: 619000 (at simulation time IntraVehicleMsg)
2025-05-28 00:19:02,004 INFO  - Sent message to others cars = 'veh_105 | CartesianPoint{x=254.31,y=528.80,z=0.00}' (at simulation time 620.000,000,000 s)
2025-05-28 00:19:02,085 INFO  - Received event: 620000 (at simulation time IntraVehicleMsg)
2025-05-28 00:19:02,095 INFO  - Sent message to others cars = 'veh_105 | CartesianPoint{x=262.41,y=528.78,z=0.00}' (at simulation time 621.000,000,000 s)
2025-05-28 00:19:02,178 INFO  - Received event: 621000 (at simulation time IntraVehicleMsg)
2025-05-28 00:19:02,184 INFO  - Sent message to others cars = 'veh_105 | CartesianPoint{x=271.05,y=528.76,z=0.00}' (at simulation time 622.000,000,000 s)
2025-05-28 00:19:02,265 INFO  - Received event: 622000 (at simulation time IntraVehicleMsg)
2025-05-28 00:19:02,268 INFO  - Sent message to others cars = 'veh_105 | CartesianPoint{x=280.08,y=528.75,z=0.00}' (at simulation time 623.000,000,000 s)
2025-05-28 00:19:02,350 INFO  - Received event: 623000 (at simulation time IntraVehicleMsg)
2025-05-28 00:19:02,357 INFO  - Sent message to others cars = 'veh_105 | CartesianPoint{x=288.63,y=528.74,z=0.00}' (at simulation time 624.000,000,000 s)
2025-05-28 00:19:02,435 INFO  - Received event: 624000 (at simulation time IntraVehicleMsg)
2025-05-28 00:19:02,438 INFO  - Sent message to others cars = 'veh_105 | CartesianPoint{x=296.85,y=528.73,z=0.00}' (at simulation time 625.000,000,000 s)
2025-05-28 00:19:02,522 INFO  - Received event: 625000 (at simulation time IntraVehicleMsg)
2025-05-28 00:19:02,526 INFO  - Sent message to others cars = 'veh_105 | CartesianPoint{x=305.29,y=528.72,z=0.00}' (at simulation time 626.000,000,000 s)
2025-05-28 00:19:02,610 INFO  - Received event: 626000 (at simulation time IntraVehicleMsg)
2025-05-28 00:19:02,613 INFO  - Sent message to others cars = 'veh_105 | CartesianPoint{x=313.72,y=528.71,z=0.00}' (at simulation time 627.000,000,000 s)
2025-05-28 00:19:02,700 INFO  - Received event: 627000 (at simulation time IntraVehicleMsg)
2025-05-28 00:19:02,703 INFO  - Sent message to others cars = 'veh_105 | CartesianPoint{x=321.77,y=528.70,z=0.00}' (at simulation time 628.000,000,000 s)
2025-05-28 00:19:02,790 INFO  - Received event: 628000 (at simulation time IntraVehicleMsg)
2025-05-28 00:19:02,797 INFO  - Sent message to others cars = 'veh_105 | CartesianPoint{x=330.40,y=528.69,z=0.00}' (at simulation time 629.000,000,000 s)
2025-05-28 00:19:02,887 INFO  - Received event: 629000 (at simulation time IntraVehicleMsg)
2025-05-28 00:19:02,902 INFO  - Sent message to others cars = 'veh_105 | CartesianPoint{x=338.98,y=528.68,z=0.00}' (at simulation time 630.000,000,000 s)
2025-05-28 00:19:02,993 INFO  - Received event: 630000 (at simulation time IntraVehicleMsg)
2025-05-28 00:19:03,003 INFO  - Sent message to others cars = 'veh_105 | CartesianPoint{x=347.91,y=528.67,z=0.00}' (at simulation time 631.000,000,000 s)
2025-05-28 00:19:03,098 INFO  - Received event: 631000 (at simulation time IntraVehicleMsg)
2025-05-28 00:19:03,110 INFO  - ------------------------------------------------------------------------------------- (at simulation time 632.000,000,000 s)
2025-05-28 00:19:03,110 INFO  - Shutdown application (at simulation time 632.000,000,000 s)
2025-05-28 00:19:03,110 INFO  - ------------------------------------------------------------------------------------- (at simulation time 632.000,000,000 s)
