2025-05-28 00:48:33,532 INFO  - ------------------------------------------------------------------------------------- (at simulation time 68.000,000,000 s)
2025-05-28 00:48:33,533 INFO  - Initialize veh_12 application (at simulation time 68.000,000,000 s)
2025-05-28 00:48:33,533 INFO  - Activated AdHoc Module (at simulation time 68.000,000,000 s)
2025-05-28 00:48:33,533 INFO  - ------------------------------------------------------------------------------------- (at simulation time 68.000,000,000 s)
2025-05-28 00:48:33,536 INFO  - Sent message to others cars = 'veh_12 | CartesianPoint{x=143.94,y=749.34,z=0.00}' (at simulation time 68.000,000,000 s)
2025-05-28 00:48:33,560 INFO  - Received event: 68000 (at simulation time IntraVehicleMsg)
2025-05-28 00:48:33,564 INFO  - Sent message to others cars = 'veh_12 | CartesianPoint{x=143.92,y=743.03,z=0.00}' (at simulation time 69.000,000,000 s)
2025-05-28 00:48:33,590 INFO  - Received event: 69000 (at simulation time IntraVehicleMsg)
2025-05-28 00:48:33,593 INFO  - Sent message to others cars = 'veh_12 | CartesianPoint{x=143.91,y=737.12,z=0.00}' (at simulation time 70.000,000,000 s)
2025-05-28 00:48:33,620 INFO  - Received event: 70000 (at simulation time IntraVehicleMsg)
2025-05-28 00:48:33,623 INFO  - Sent message to others cars = 'veh_12 | CartesianPoint{x=143.88,y=730.61,z=0.00}' (at simulation time 71.000,000,000 s)
2025-05-28 00:48:33,651 INFO  - Received event: 71000 (at simulation time IntraVehicleMsg)
2025-05-28 00:48:33,659 INFO  - Sent message to others cars = 'veh_12 | CartesianPoint{x=143.86,y=725.03,z=0.00}' (at simulation time 72.000,000,000 s)
2025-05-28 00:48:33,689 INFO  - Received event: 72000 (at simulation time IntraVehicleMsg)
2025-05-28 00:48:33,692 INFO  - Sent message to others cars = 'veh_12 | CartesianPoint{x=143.84,y=719.03,z=0.00}' (at simulation time 73.000,000,000 s)
2025-05-28 00:48:33,721 INFO  - Received event: 73000 (at simulation time IntraVehicleMsg)
2025-05-28 00:48:33,724 INFO  - Sent message to others cars = 'veh_12 | CartesianPoint{x=140.62,y=712.93,z=0.00}' (at simulation time 74.000,000,000 s)
2025-05-28 00:48:33,755 INFO  - Received event: 74000 (at simulation time IntraVehicleMsg)
2025-05-28 00:48:33,758 INFO  - Sent message to others cars = 'veh_12 | CartesianPoint{x=140.61,y=707.22,z=0.00}' (at simulation time 75.000,000,000 s)
2025-05-28 00:48:33,789 INFO  - Received event: 75000 (at simulation time IntraVehicleMsg)
2025-05-28 00:48:33,792 INFO  - Sent message to others cars = 'veh_12 | CartesianPoint{x=140.58,y=701.11,z=0.00}' (at simulation time 76.000,000,000 s)
2025-05-28 00:48:33,824 INFO  - Received event: 76000 (at simulation time IntraVehicleMsg)
2025-05-28 00:48:33,828 INFO  - Sent message to others cars = 'veh_12 | CartesianPoint{x=140.56,y=694.99,z=0.00}' (at simulation time 77.000,000,000 s)
2025-05-28 00:48:33,864 INFO  - Received event: 77000 (at simulation time IntraVehicleMsg)
2025-05-28 00:48:33,884 INFO  - Sent message to others cars = 'veh_12 | CartesianPoint{x=140.55,y=689.31,z=0.00}' (at simulation time 78.000,000,000 s)
2025-05-28 00:48:33,918 INFO  - Received event: 78000 (at simulation time IntraVehicleMsg)
2025-05-28 00:48:33,921 INFO  - Sent message to others cars = 'veh_12 | CartesianPoint{x=140.52,y=683.11,z=0.00}' (at simulation time 79.000,000,000 s)
2025-05-28 00:48:33,955 INFO  - Received event: 79000 (at simulation time IntraVehicleMsg)
2025-05-28 00:48:33,959 INFO  - Sent message to others cars = 'veh_12 | CartesianPoint{x=140.50,y=677.42,z=0.00}' (at simulation time 80.000,000,000 s)
2025-05-28 00:48:33,993 INFO  - Received event: 80000 (at simulation time IntraVehicleMsg)
2025-05-28 00:48:33,996 INFO  - Sent message to others cars = 'veh_12 | CartesianPoint{x=140.48,y=670.93,z=0.00}' (at simulation time 81.000,000,000 s)
2025-05-28 00:48:34,032 INFO  - Received event: 81000 (at simulation time IntraVehicleMsg)
2025-05-28 00:48:34,035 INFO  - Sent message to others cars = 'veh_12 | CartesianPoint{x=140.47,y=665.08,z=0.00}' (at simulation time 82.000,000,000 s)
2025-05-28 00:48:34,074 INFO  - Received event: 82000 (at simulation time IntraVehicleMsg)
2025-05-28 00:48:34,083 INFO  - Sent message to others cars = 'veh_12 | CartesianPoint{x=140.45,y=658.72,z=0.00}' (at simulation time 83.000,000,000 s)
2025-05-28 00:48:34,120 INFO  - Received event: 83000 (at simulation time IntraVehicleMsg)
2025-05-28 00:48:34,123 INFO  - Sent message to others cars = 'veh_12 | CartesianPoint{x=140.44,y=652.42,z=0.00}' (at simulation time 84.000,000,000 s)
2025-05-28 00:48:34,169 INFO  - Received event: 84000 (at simulation time IntraVehicleMsg)
2025-05-28 00:48:34,182 INFO  - Sent message to others cars = 'veh_12 | CartesianPoint{x=140.42,y=646.01,z=0.00}' (at simulation time 85.000,000,000 s)
2025-05-28 00:48:34,220 INFO  - Received event: 85000 (at simulation time IntraVehicleMsg)
2025-05-28 00:48:34,223 INFO  - Sent message to others cars = 'veh_12 | CartesianPoint{x=140.41,y=640.49,z=0.00}' (at simulation time 86.000,000,000 s)
2025-05-28 00:48:34,263 INFO  - Received event: 86000 (at simulation time IntraVehicleMsg)
2025-05-28 00:48:34,267 INFO  - Sent message to others cars = 'veh_12 | CartesianPoint{x=140.40,y=634.34,z=0.00}' (at simulation time 87.000,000,000 s)
2025-05-28 00:48:34,307 INFO  - Received event: 87000 (at simulation time IntraVehicleMsg)
2025-05-28 00:48:34,310 INFO  - Sent message to others cars = 'veh_12 | CartesianPoint{x=140.38,y=627.90,z=0.00}' (at simulation time 88.000,000,000 s)
2025-05-28 00:48:34,351 INFO  - Received event: 88000 (at simulation time IntraVehicleMsg)
2025-05-28 00:48:34,360 INFO  - Sent message to others cars = 'veh_12 | CartesianPoint{x=140.37,y=621.72,z=0.00}' (at simulation time 89.000,000,000 s)
2025-05-28 00:48:34,406 INFO  - Received event: 89000 (at simulation time IntraVehicleMsg)
2025-05-28 00:48:34,410 INFO  - Sent message to others cars = 'veh_12 | CartesianPoint{x=140.35,y=615.89,z=0.00}' (at simulation time 90.000,000,000 s)
2025-05-28 00:48:34,455 INFO  - Received event: 90000 (at simulation time IntraVehicleMsg)
2025-05-28 00:48:34,463 INFO  - Sent message to others cars = 'veh_12 | CartesianPoint{x=140.34,y=610.31,z=0.00}' (at simulation time 91.000,000,000 s)
2025-05-28 00:48:34,523 INFO  - Received event: 91000 (at simulation time IntraVehicleMsg)
2025-05-28 00:48:34,527 INFO  - Sent message to others cars = 'veh_12 | CartesianPoint{x=140.32,y=603.73,z=0.00}' (at simulation time 92.000,000,000 s)
2025-05-28 00:48:34,574 INFO  - Received event: 92000 (at simulation time IntraVehicleMsg)
2025-05-28 00:48:34,584 INFO  - Sent message to others cars = 'veh_12 | CartesianPoint{x=140.29,y=598.12,z=0.00}' (at simulation time 93.000,000,000 s)
2025-05-28 00:48:34,633 INFO  - Received event: 93000 (at simulation time IntraVehicleMsg)
2025-05-28 00:48:34,642 INFO  - Sent message to others cars = 'veh_12 | CartesianPoint{x=140.26,y=592.28,z=0.00}' (at simulation time 94.000,000,000 s)
2025-05-28 00:48:34,689 INFO  - Received event: 94000 (at simulation time IntraVehicleMsg)
2025-05-28 00:48:34,694 INFO  - Sent message to others cars = 'veh_12 | CartesianPoint{x=140.22,y=585.66,z=0.00}' (at simulation time 95.000,000,000 s)
2025-05-28 00:48:34,742 INFO  - Received event: 95000 (at simulation time IntraVehicleMsg)
2025-05-28 00:48:34,746 INFO  - Sent message to others cars = 'veh_12 | CartesianPoint{x=140.19,y=579.90,z=0.00}' (at simulation time 96.000,000,000 s)
2025-05-28 00:48:34,794 INFO  - Received event: 96000 (at simulation time IntraVehicleMsg)
2025-05-28 00:48:34,797 INFO  - Sent message to others cars = 'veh_12 | CartesianPoint{x=140.16,y=573.90,z=0.00}' (at simulation time 97.000,000,000 s)
2025-05-28 00:48:34,847 INFO  - Received event: 97000 (at simulation time IntraVehicleMsg)
2025-05-28 00:48:34,853 INFO  - Sent message to others cars = 'veh_12 | CartesianPoint{x=140.13,y=567.39,z=0.00}' (at simulation time 98.000,000,000 s)
2025-05-28 00:48:34,903 INFO  - Received event: 98000 (at simulation time IntraVehicleMsg)
2025-05-28 00:48:34,911 INFO  - Sent message to others cars = 'veh_12 | CartesianPoint{x=140.10,y=561.59,z=0.00}' (at simulation time 99.000,000,000 s)
2025-05-28 00:48:34,966 INFO  - Received event: 99000 (at simulation time IntraVehicleMsg)
2025-05-28 00:48:34,983 INFO  - Sent message to others cars = 'veh_12 | CartesianPoint{x=140.08,y=557.87,z=0.00}' (at simulation time 100.000,000,000 s)
2025-05-28 00:48:35,037 INFO  - Received event: 100000 (at simulation time IntraVehicleMsg)
2025-05-28 00:48:35,042 INFO  - Sent message to others cars = 'veh_12 | CartesianPoint{x=140.08,y=557.77,z=0.00}' (at simulation time 101.000,000,000 s)
2025-05-28 00:48:35,102 INFO  - Received event: 101000 (at simulation time IntraVehicleMsg)
2025-05-28 00:48:35,106 INFO  - Sent message to others cars = 'veh_12 | CartesianPoint{x=140.08,y=557.72,z=0.00}' (at simulation time 102.000,000,000 s)
2025-05-28 00:48:35,161 INFO  - Received event: 102000 (at simulation time IntraVehicleMsg)
2025-05-28 00:48:35,164 INFO  - Sent message to others cars = 'veh_12 | CartesianPoint{x=140.08,y=557.70,z=0.00}' (at simulation time 103.000,000,000 s)
2025-05-28 00:48:35,220 INFO  - Received event: 103000 (at simulation time IntraVehicleMsg)
2025-05-28 00:48:35,227 INFO  - Sent message to others cars = 'veh_12 | CartesianPoint{x=140.08,y=557.69,z=0.00}' (at simulation time 104.000,000,000 s)
2025-05-28 00:48:35,283 INFO  - Received event: 104000 (at simulation time IntraVehicleMsg)
2025-05-28 00:48:35,287 INFO  - Sent message to others cars = 'veh_12 | CartesianPoint{x=140.08,y=557.69,z=0.00}' (at simulation time 105.000,000,000 s)
2025-05-28 00:48:35,346 INFO  - Received event: 105000 (at simulation time IntraVehicleMsg)
2025-05-28 00:48:35,349 INFO  - Sent message to others cars = 'veh_12 | CartesianPoint{x=140.08,y=557.69,z=0.00}' (at simulation time 106.000,000,000 s)
2025-05-28 00:48:35,410 INFO  - Received event: 106000 (at simulation time IntraVehicleMsg)
2025-05-28 00:48:35,431 INFO  - Sent message to others cars = 'veh_12 | CartesianPoint{x=140.08,y=557.69,z=0.00}' (at simulation time 107.000,000,000 s)
2025-05-28 00:48:35,495 INFO  - Received event: 107000 (at simulation time IntraVehicleMsg)
2025-05-28 00:48:35,510 INFO  - Sent message to others cars = 'veh_12 | CartesianPoint{x=140.08,y=557.69,z=0.00}' (at simulation time 108.000,000,000 s)
2025-05-28 00:48:35,575 INFO  - Received event: 108000 (at simulation time IntraVehicleMsg)
2025-05-28 00:48:35,585 INFO  - Sent message to others cars = 'veh_12 | CartesianPoint{x=140.08,y=557.69,z=0.00}' (at simulation time 109.000,000,000 s)
2025-05-28 00:48:35,644 INFO  - Received event: 109000 (at simulation time IntraVehicleMsg)
2025-05-28 00:48:35,648 INFO  - Sent message to others cars = 'veh_12 | CartesianPoint{x=140.08,y=557.69,z=0.00}' (at simulation time 110.000,000,000 s)
2025-05-28 00:48:35,706 INFO  - Received event: 110000 (at simulation time IntraVehicleMsg)
2025-05-28 00:48:35,710 INFO  - Sent message to others cars = 'veh_12 | CartesianPoint{x=140.08,y=557.69,z=0.00}' (at simulation time 111.000,000,000 s)
2025-05-28 00:48:35,780 INFO  - Received event: 111000 (at simulation time IntraVehicleMsg)
2025-05-28 00:48:35,784 INFO  - Sent message to others cars = 'veh_12 | CartesianPoint{x=140.08,y=557.69,z=0.00}' (at simulation time 112.000,000,000 s)
2025-05-28 00:48:35,849 INFO  - Received event: 112000 (at simulation time IntraVehicleMsg)
2025-05-28 00:48:35,852 INFO  - Sent message to others cars = 'veh_12 | CartesianPoint{x=140.08,y=557.69,z=0.00}' (at simulation time 113.000,000,000 s)
2025-05-28 00:48:35,918 INFO  - Received event: 113000 (at simulation time IntraVehicleMsg)
2025-05-28 00:48:35,922 INFO  - Sent message to others cars = 'veh_12 | CartesianPoint{x=140.08,y=557.69,z=0.00}' (at simulation time 114.000,000,000 s)
2025-05-28 00:48:35,992 INFO  - Received event: 114000 (at simulation time IntraVehicleMsg)
2025-05-28 00:48:35,999 INFO  - Sent message to others cars = 'veh_12 | CartesianPoint{x=140.08,y=557.69,z=0.00}' (at simulation time 115.000,000,000 s)
2025-05-28 00:48:36,067 INFO  - Received event: 115000 (at simulation time IntraVehicleMsg)
2025-05-28 00:48:36,084 INFO  - Sent message to others cars = 'veh_12 | CartesianPoint{x=140.08,y=557.69,z=0.00}' (at simulation time 116.000,000,000 s)
2025-05-28 00:48:36,159 INFO  - Received event: 116000 (at simulation time IntraVehicleMsg)
2025-05-28 00:48:36,173 INFO  - Sent message to others cars = 'veh_12 | CartesianPoint{x=140.08,y=557.69,z=0.00}' (at simulation time 117.000,000,000 s)
2025-05-28 00:48:36,243 INFO  - Received event: 117000 (at simulation time IntraVehicleMsg)
2025-05-28 00:48:36,246 INFO  - Sent message to others cars = 'veh_12 | CartesianPoint{x=140.08,y=557.69,z=0.00}' (at simulation time 118.000,000,000 s)
2025-05-28 00:48:36,318 INFO  - Received event: 118000 (at simulation time IntraVehicleMsg)
2025-05-28 00:48:36,322 INFO  - Sent message to others cars = 'veh_12 | CartesianPoint{x=140.08,y=557.69,z=0.00}' (at simulation time 119.000,000,000 s)
2025-05-28 00:48:36,395 INFO  - Received event: 119000 (at simulation time IntraVehicleMsg)
2025-05-28 00:48:36,406 INFO  - Sent message to others cars = 'veh_12 | CartesianPoint{x=140.08,y=557.69,z=0.00}' (at simulation time 120.000,000,000 s)
2025-05-28 00:48:36,476 INFO  - Received event: 120000 (at simulation time IntraVehicleMsg)
2025-05-28 00:48:36,481 INFO  - Sent message to others cars = 'veh_12 | CartesianPoint{x=140.08,y=557.69,z=0.00}' (at simulation time 121.000,000,000 s)
2025-05-28 00:48:36,552 INFO  - Received event: 121000 (at simulation time IntraVehicleMsg)
2025-05-28 00:48:36,555 INFO  - Sent message to others cars = 'veh_12 | CartesianPoint{x=140.08,y=557.69,z=0.00}' (at simulation time 122.000,000,000 s)
2025-05-28 00:48:36,619 INFO  - Received event: 122000 (at simulation time IntraVehicleMsg)
2025-05-28 00:48:36,624 INFO  - Sent message to others cars = 'veh_12 | CartesianPoint{x=140.08,y=557.69,z=0.00}' (at simulation time 123.000,000,000 s)
2025-05-28 00:48:36,686 INFO  - Received event: 123000 (at simulation time IntraVehicleMsg)
2025-05-28 00:48:36,695 INFO  - Sent message to others cars = 'veh_12 | CartesianPoint{x=140.07,y=556.73,z=0.00}' (at simulation time 124.000,000,000 s)
2025-05-28 00:48:36,751 INFO  - Received event: 124000 (at simulation time IntraVehicleMsg)
2025-05-28 00:48:36,764 INFO  - Sent message to others cars = 'veh_12 | CartesianPoint{x=140.07,y=555.43,z=0.00}' (at simulation time 125.000,000,000 s)
2025-05-28 00:48:36,824 INFO  - Received event: 125000 (at simulation time IntraVehicleMsg)
2025-05-28 00:48:36,835 INFO  - Sent message to others cars = 'veh_12 | CartesianPoint{x=140.05,y=552.85,z=0.00}' (at simulation time 126.000,000,000 s)
2025-05-28 00:48:36,887 INFO  - Received event: 126000 (at simulation time IntraVehicleMsg)
2025-05-28 00:48:36,890 INFO  - Sent message to others cars = 'veh_12 | CartesianPoint{x=140.03,y=547.95,z=0.00}' (at simulation time 127.000,000,000 s)
2025-05-28 00:48:36,941 INFO  - Received event: 127000 (at simulation time IntraVehicleMsg)
2025-05-28 00:48:36,944 INFO  - Sent message to others cars = 'veh_12 | CartesianPoint{x=139.99,y=541.65,z=0.00}' (at simulation time 128.000,000,000 s)
2025-05-28 00:48:36,992 INFO  - Received event: 128000 (at simulation time IntraVehicleMsg)
2025-05-28 00:48:36,995 INFO  - Sent message to others cars = 'veh_12 | CartesianPoint{x=139.95,y=535.20,z=0.00}' (at simulation time 129.000,000,000 s)
2025-05-28 00:48:37,043 INFO  - Received event: 129000 (at simulation time IntraVehicleMsg)
2025-05-28 00:48:37,051 INFO  - Sent message to others cars = 'veh_12 | CartesianPoint{x=139.90,y=529.26,z=0.00}' (at simulation time 130.000,000,000 s)
2025-05-28 00:48:37,100 INFO  - Received event: 130000 (at simulation time IntraVehicleMsg)
2025-05-28 00:48:37,104 INFO  - Sent message to others cars = 'veh_12 | CartesianPoint{x=139.85,y=523.32,z=0.00}' (at simulation time 131.000,000,000 s)
2025-05-28 00:48:37,154 INFO  - Received event: 131000 (at simulation time IntraVehicleMsg)
2025-05-28 00:48:37,157 INFO  - Sent message to others cars = 'veh_12 | CartesianPoint{x=139.80,y=517.86,z=0.00}' (at simulation time 132.000,000,000 s)
2025-05-28 00:48:37,209 INFO  - Received event: 132000 (at simulation time IntraVehicleMsg)
2025-05-28 00:48:37,212 INFO  - Sent message to others cars = 'veh_12 | CartesianPoint{x=139.74,y=511.26,z=0.00}' (at simulation time 133.000,000,000 s)
2025-05-28 00:48:37,266 INFO  - Received event: 133000 (at simulation time IntraVehicleMsg)
2025-05-28 00:48:37,269 INFO  - Sent message to others cars = 'veh_12 | CartesianPoint{x=139.69,y=505.84,z=0.00}' (at simulation time 134.000,000,000 s)
2025-05-28 00:48:37,323 INFO  - Received event: 134000 (at simulation time IntraVehicleMsg)
2025-05-28 00:48:37,330 INFO  - Sent message to others cars = 'veh_12 | CartesianPoint{x=139.63,y=499.35,z=0.00}' (at simulation time 135.000,000,000 s)
2025-05-28 00:48:37,384 INFO  - Received event: 135000 (at simulation time IntraVehicleMsg)
2025-05-28 00:48:37,389 INFO  - Sent message to others cars = 'veh_12 | CartesianPoint{x=139.57,y=493.93,z=0.00}' (at simulation time 136.000,000,000 s)
2025-05-28 00:48:37,444 INFO  - Received event: 136000 (at simulation time IntraVehicleMsg)
2025-05-28 00:48:37,447 INFO  - Sent message to others cars = 'veh_12 | CartesianPoint{x=139.52,y=488.08,z=0.00}' (at simulation time 137.000,000,000 s)
2025-05-28 00:48:37,503 INFO  - Received event: 137000 (at simulation time IntraVehicleMsg)
2025-05-28 00:48:37,505 INFO  - Sent message to others cars = 'veh_12 | CartesianPoint{x=139.46,y=481.50,z=0.00}' (at simulation time 138.000,000,000 s)
2025-05-28 00:48:37,561 INFO  - Received event: 138000 (at simulation time IntraVehicleMsg)
2025-05-28 00:48:37,564 INFO  - Sent message to others cars = 'veh_12 | CartesianPoint{x=139.40,y=476.12,z=0.00}' (at simulation time 139.000,000,000 s)
2025-05-28 00:48:37,620 INFO  - Received event: 139000 (at simulation time IntraVehicleMsg)
2025-05-28 00:48:37,628 INFO  - Sent message to others cars = 'veh_12 | CartesianPoint{x=139.35,y=470.35,z=0.00}' (at simulation time 140.000,000,000 s)
2025-05-28 00:48:37,687 INFO  - Received event: 140000 (at simulation time IntraVehicleMsg)
2025-05-28 00:48:37,690 INFO  - Sent message to others cars = 'veh_12 | CartesianPoint{x=139.30,y=464.87,z=0.00}' (at simulation time 141.000,000,000 s)
2025-05-28 00:48:37,749 INFO  - Received event: 141000 (at simulation time IntraVehicleMsg)
2025-05-28 00:48:37,752 INFO  - Sent message to others cars = 'veh_12 | CartesianPoint{x=139.24,y=459.44,z=0.00}' (at simulation time 142.000,000,000 s)
2025-05-28 00:48:37,813 INFO  - Received event: 142000 (at simulation time IntraVehicleMsg)
2025-05-28 00:48:37,816 INFO  - Sent message to others cars = 'veh_12 | CartesianPoint{x=139.19,y=453.45,z=0.00}' (at simulation time 143.000,000,000 s)
2025-05-28 00:48:37,879 INFO  - Received event: 143000 (at simulation time IntraVehicleMsg)
2025-05-28 00:48:37,882 INFO  - Sent message to others cars = 'veh_12 | CartesianPoint{x=139.19,y=446.83,z=0.00}' (at simulation time 144.000,000,000 s)
2025-05-28 00:48:37,945 INFO  - Received event: 144000 (at simulation time IntraVehicleMsg)
2025-05-28 00:48:37,948 INFO  - Sent message to others cars = 'veh_12 | CartesianPoint{x=139.18,y=441.38,z=0.00}' (at simulation time 145.000,000,000 s)
2025-05-28 00:48:38,012 INFO  - Received event: 145000 (at simulation time IntraVehicleMsg)
2025-05-28 00:48:38,015 INFO  - Sent message to others cars = 'veh_12 | CartesianPoint{x=139.16,y=435.66,z=0.00}' (at simulation time 146.000,000,000 s)
2025-05-28 00:48:38,081 INFO  - Received event: 146000 (at simulation time IntraVehicleMsg)
2025-05-28 00:48:38,084 INFO  - Sent message to others cars = 'veh_12 | CartesianPoint{x=139.15,y=430.28,z=0.00}' (at simulation time 147.000,000,000 s)
2025-05-28 00:48:38,152 INFO  - Received event: 147000 (at simulation time IntraVehicleMsg)
2025-05-28 00:48:38,158 INFO  - Sent message to others cars = 'veh_12 | CartesianPoint{x=139.14,y=424.53,z=0.00}' (at simulation time 148.000,000,000 s)
2025-05-28 00:48:38,227 INFO  - Received event: 148000 (at simulation time IntraVehicleMsg)
2025-05-28 00:48:38,238 INFO  - Sent message to others cars = 'veh_12 | CartesianPoint{x=139.13,y=419.14,z=0.00}' (at simulation time 149.000,000,000 s)
2025-05-28 00:48:38,308 INFO  - Received event: 149000 (at simulation time IntraVehicleMsg)
2025-05-28 00:48:38,316 INFO  - Sent message to others cars = 'veh_12 | CartesianPoint{x=139.12,y=412.49,z=0.00}' (at simulation time 150.000,000,000 s)
2025-05-28 00:48:38,384 INFO  - Received event: 150000 (at simulation time IntraVehicleMsg)
2025-05-28 00:48:38,387 INFO  - Sent message to others cars = 'veh_12 | CartesianPoint{x=139.10,y=406.37,z=0.00}' (at simulation time 151.000,000,000 s)
2025-05-28 00:48:38,457 INFO  - Received event: 151000 (at simulation time IntraVehicleMsg)
2025-05-28 00:48:38,461 INFO  - Sent message to others cars = 'veh_12 | CartesianPoint{x=139.09,y=400.24,z=0.00}' (at simulation time 152.000,000,000 s)
2025-05-28 00:48:38,533 INFO  - Received event: 152000 (at simulation time IntraVehicleMsg)
2025-05-28 00:48:38,536 INFO  - Sent message to others cars = 'veh_12 | CartesianPoint{x=139.08,y=394.63,z=0.00}' (at simulation time 153.000,000,000 s)
2025-05-28 00:48:38,607 INFO  - Received event: 153000 (at simulation time IntraVehicleMsg)
2025-05-28 00:48:38,610 INFO  - Sent message to others cars = 'veh_12 | CartesianPoint{x=139.07,y=389.18,z=0.00}' (at simulation time 154.000,000,000 s)
2025-05-28 00:48:38,683 INFO  - Received event: 154000 (at simulation time IntraVehicleMsg)
2025-05-28 00:48:38,687 INFO  - Sent message to others cars = 'veh_12 | CartesianPoint{x=139.05,y=383.37,z=0.00}' (at simulation time 155.000,000,000 s)
2025-05-28 00:48:38,764 INFO  - Received event: 155000 (at simulation time IntraVehicleMsg)
2025-05-28 00:48:38,776 INFO  - Sent message to others cars = 'veh_12 | CartesianPoint{x=139.04,y=377.56,z=0.00}' (at simulation time 156.000,000,000 s)
2025-05-28 00:48:38,851 INFO  - Received event: 156000 (at simulation time IntraVehicleMsg)
2025-05-28 00:48:38,854 INFO  - Sent message to others cars = 'veh_12 | CartesianPoint{x=139.03,y=372.09,z=0.00}' (at simulation time 157.000,000,000 s)
2025-05-28 00:48:38,932 INFO  - Received event: 157000 (at simulation time IntraVehicleMsg)
2025-05-28 00:48:38,935 INFO  - Sent message to others cars = 'veh_12 | CartesianPoint{x=139.02,y=366.45,z=0.00}' (at simulation time 158.000,000,000 s)
2025-05-28 00:48:39,011 INFO  - Received event: 158000 (at simulation time IntraVehicleMsg)
2025-05-28 00:48:39,015 INFO  - Sent message to others cars = 'veh_12 | CartesianPoint{x=139.01,y=359.90,z=0.00}' (at simulation time 159.000,000,000 s)
2025-05-28 00:48:39,093 INFO  - Received event: 159000 (at simulation time IntraVehicleMsg)
2025-05-28 00:48:39,097 INFO  - Sent message to others cars = 'veh_12 | CartesianPoint{x=138.97,y=353.92,z=0.00}' (at simulation time 160.000,000,000 s)
2025-05-28 00:48:39,177 INFO  - Received event: 160000 (at simulation time IntraVehicleMsg)
2025-05-28 00:48:39,185 INFO  - Sent message to others cars = 'veh_12 | CartesianPoint{x=138.92,y=347.35,z=0.00}' (at simulation time 161.000,000,000 s)
2025-05-28 00:48:39,267 INFO  - Received event: 161000 (at simulation time IntraVehicleMsg)
2025-05-28 00:48:39,271 INFO  - Sent message to others cars = 'veh_12 | CartesianPoint{x=138.87,y=341.51,z=0.00}' (at simulation time 162.000,000,000 s)
2025-05-28 00:48:39,356 INFO  - Received event: 162000 (at simulation time IntraVehicleMsg)
2025-05-28 00:48:39,359 INFO  - Sent message to others cars = 'veh_12 | CartesianPoint{x=138.81,y=335.63,z=0.00}' (at simulation time 163.000,000,000 s)
2025-05-28 00:48:39,444 INFO  - Received event: 163000 (at simulation time IntraVehicleMsg)
2025-05-28 00:48:39,455 INFO  - Sent message to others cars = 'veh_12 | CartesianPoint{x=138.76,y=329.41,z=0.00}' (at simulation time 164.000,000,000 s)
2025-05-28 00:48:39,540 INFO  - Received event: 164000 (at simulation time IntraVehicleMsg)
2025-05-28 00:48:39,543 INFO  - Sent message to others cars = 'veh_12 | CartesianPoint{x=138.71,y=323.82,z=0.00}' (at simulation time 165.000,000,000 s)
2025-05-28 00:48:39,629 INFO  - Received event: 165000 (at simulation time IntraVehicleMsg)
2025-05-28 00:48:39,632 INFO  - Sent message to others cars = 'veh_12 | CartesianPoint{x=138.66,y=318.06,z=0.00}' (at simulation time 166.000,000,000 s)
2025-05-28 00:48:39,717 INFO  - Received event: 166000 (at simulation time IntraVehicleMsg)
2025-05-28 00:48:39,720 INFO  - Sent message to others cars = 'veh_12 | CartesianPoint{x=138.61,y=312.36,z=0.00}' (at simulation time 167.000,000,000 s)
2025-05-28 00:48:39,810 INFO  - Received event: 167000 (at simulation time IntraVehicleMsg)
2025-05-28 00:48:39,813 INFO  - Sent message to others cars = 'veh_12 | CartesianPoint{x=138.56,y=306.50,z=0.00}' (at simulation time 168.000,000,000 s)
2025-05-28 00:48:39,902 INFO  - Received event: 168000 (at simulation time IntraVehicleMsg)
2025-05-28 00:48:39,906 INFO  - Sent message to others cars = 'veh_12 | CartesianPoint{x=138.51,y=301.04,z=0.00}' (at simulation time 169.000,000,000 s)
2025-05-28 00:48:39,998 INFO  - Received event: 169000 (at simulation time IntraVehicleMsg)
2025-05-28 00:48:40,001 INFO  - Sent message to others cars = 'veh_12 | CartesianPoint{x=138.46,y=294.55,z=0.00}' (at simulation time 170.000,000,000 s)
2025-05-28 00:48:40,093 INFO  - Received event: 170000 (at simulation time IntraVehicleMsg)
2025-05-28 00:48:40,101 INFO  - Sent message to others cars = 'veh_12 | CartesianPoint{x=138.41,y=289.10,z=0.00}' (at simulation time 171.000,000,000 s)
2025-05-28 00:48:40,197 INFO  - Received event: 171000 (at simulation time IntraVehicleMsg)
2025-05-28 00:48:40,200 INFO  - Sent message to others cars = 'veh_12 | CartesianPoint{x=138.36,y=283.43,z=0.00}' (at simulation time 172.000,000,000 s)
2025-05-28 00:48:40,295 INFO  - Received event: 172000 (at simulation time IntraVehicleMsg)
2025-05-28 00:48:40,299 INFO  - Sent message to others cars = 'veh_12 | CartesianPoint{x=138.31,y=277.31,z=0.00}' (at simulation time 173.000,000,000 s)
2025-05-28 00:48:40,397 INFO  - Received event: 173000 (at simulation time IntraVehicleMsg)
2025-05-28 00:48:40,400 INFO  - Sent message to others cars = 'veh_12 | CartesianPoint{x=138.26,y=271.85,z=0.00}' (at simulation time 174.000,000,000 s)
2025-05-28 00:48:40,492 INFO  - Received event: 174000 (at simulation time IntraVehicleMsg)
2025-05-28 00:48:40,503 INFO  - Sent message to others cars = 'veh_12 | CartesianPoint{x=138.21,y=265.71,z=0.00}' (at simulation time 175.000,000,000 s)
2025-05-28 00:48:40,598 INFO  - Received event: 175000 (at simulation time IntraVehicleMsg)
2025-05-28 00:48:40,601 INFO  - Sent message to others cars = 'veh_12 | CartesianPoint{x=138.15,y=259.39,z=0.00}' (at simulation time 176.000,000,000 s)
2025-05-28 00:48:40,700 INFO  - Received event: 176000 (at simulation time IntraVehicleMsg)
2025-05-28 00:48:40,706 INFO  - Sent message to others cars = 'veh_12 | CartesianPoint{x=138.10,y=252.99,z=0.00}' (at simulation time 177.000,000,000 s)
2025-05-28 00:48:40,809 INFO  - Received event: 177000 (at simulation time IntraVehicleMsg)
2025-05-28 00:48:40,813 INFO  - Sent message to others cars = 'veh_12 | CartesianPoint{x=138.05,y=246.67,z=0.00}' (at simulation time 178.000,000,000 s)
2025-05-28 00:48:40,915 INFO  - Received event: 178000 (at simulation time IntraVehicleMsg)
2025-05-28 00:48:40,918 INFO  - Sent message to others cars = 'veh_12 | CartesianPoint{x=137.99,y=240.06,z=0.00}' (at simulation time 179.000,000,000 s)
2025-05-28 00:48:41,019 INFO  - Received event: 179000 (at simulation time IntraVehicleMsg)
2025-05-28 00:48:41,022 INFO  - Sent message to others cars = 'veh_12 | CartesianPoint{x=137.94,y=234.17,z=0.00}' (at simulation time 180.000,000,000 s)
2025-05-28 00:48:41,122 INFO  - Received event: 180000 (at simulation time IntraVehicleMsg)
2025-05-28 00:48:41,130 INFO  - Sent message to others cars = 'veh_12 | CartesianPoint{x=137.90,y=228.47,z=0.00}' (at simulation time 181.000,000,000 s)
2025-05-28 00:48:41,229 INFO  - Received event: 181000 (at simulation time IntraVehicleMsg)
2025-05-28 00:48:41,232 INFO  - Sent message to others cars = 'veh_12 | CartesianPoint{x=137.85,y=223.05,z=0.00}' (at simulation time 182.000,000,000 s)
2025-05-28 00:48:41,328 INFO  - Received event: 182000 (at simulation time IntraVehicleMsg)
2025-05-28 00:48:41,331 INFO  - Sent message to others cars = 'veh_12 | CartesianPoint{x=137.81,y=217.28,z=0.00}' (at simulation time 183.000,000,000 s)
2025-05-28 00:48:41,428 INFO  - Received event: 183000 (at simulation time IntraVehicleMsg)
2025-05-28 00:48:41,433 INFO  - Sent message to others cars = 'veh_12 | CartesianPoint{x=137.76,y=211.22,z=0.00}' (at simulation time 184.000,000,000 s)
2025-05-28 00:48:41,528 INFO  - Received event: 184000 (at simulation time IntraVehicleMsg)
2025-05-28 00:48:41,534 INFO  - Sent message to others cars = 'veh_12 | CartesianPoint{x=137.70,y=204.60,z=0.00}' (at simulation time 185.000,000,000 s)
2025-05-28 00:48:41,629 INFO  - Received event: 185000 (at simulation time IntraVehicleMsg)
2025-05-28 00:48:41,632 INFO  - Sent message to others cars = 'veh_12 | CartesianPoint{x=137.65,y=198.74,z=0.00}' (at simulation time 186.000,000,000 s)
2025-05-28 00:48:41,728 INFO  - Received event: 186000 (at simulation time IntraVehicleMsg)
2025-05-28 00:48:41,731 INFO  - Sent message to others cars = 'veh_12 | CartesianPoint{x=137.61,y=193.26,z=0.00}' (at simulation time 187.000,000,000 s)
2025-05-28 00:48:41,826 INFO  - Received event: 187000 (at simulation time IntraVehicleMsg)
2025-05-28 00:48:41,829 INFO  - Sent message to others cars = 'veh_12 | CartesianPoint{x=137.55,y=186.78,z=0.00}' (at simulation time 188.000,000,000 s)
2025-05-28 00:48:41,927 INFO  - Received event: 188000 (at simulation time IntraVehicleMsg)
2025-05-28 00:48:41,930 INFO  - Sent message to others cars = 'veh_12 | CartesianPoint{x=137.51,y=181.29,z=0.00}' (at simulation time 189.000,000,000 s)
2025-05-28 00:48:42,027 INFO  - Received event: 189000 (at simulation time IntraVehicleMsg)
2025-05-28 00:48:42,029 INFO  - Sent message to others cars = 'veh_12 | CartesianPoint{x=137.46,y=175.06,z=0.00}' (at simulation time 190.000,000,000 s)
2025-05-28 00:48:42,120 INFO  - Received event: 190000 (at simulation time IntraVehicleMsg)
2025-05-28 00:48:42,127 INFO  - Sent message to others cars = 'veh_12 | CartesianPoint{x=137.40,y=168.69,z=0.00}' (at simulation time 191.000,000,000 s)
2025-05-28 00:48:42,216 INFO  - Received event: 191000 (at simulation time IntraVehicleMsg)
2025-05-28 00:48:42,223 INFO  - Sent message to others cars = 'veh_12 | CartesianPoint{x=137.35,y=162.45,z=0.00}' (at simulation time 192.000,000,000 s)
2025-05-28 00:48:42,315 INFO  - Received event: 192000 (at simulation time IntraVehicleMsg)
2025-05-28 00:48:42,317 INFO  - Sent message to others cars = 'veh_12 | CartesianPoint{x=137.31,y=156.97,z=0.00}' (at simulation time 193.000,000,000 s)
2025-05-28 00:48:42,409 INFO  - Received event: 193000 (at simulation time IntraVehicleMsg)
2025-05-28 00:48:42,411 INFO  - Sent message to others cars = 'veh_12 | CartesianPoint{x=137.25,y=150.35,z=0.00}' (at simulation time 194.000,000,000 s)
2025-05-28 00:48:42,505 INFO  - Received event: 194000 (at simulation time IntraVehicleMsg)
2025-05-28 00:48:42,509 INFO  - Sent message to others cars = 'veh_12 | CartesianPoint{x=137.20,y=143.96,z=0.00}' (at simulation time 195.000,000,000 s)
2025-05-28 00:48:42,600 INFO  - Received event: 195000 (at simulation time IntraVehicleMsg)
2025-05-28 00:48:42,602 INFO  - Sent message to others cars = 'veh_12 | CartesianPoint{x=137.16,y=138.44,z=0.00}' (at simulation time 196.000,000,000 s)
2025-05-28 00:48:42,694 INFO  - Received event: 196000 (at simulation time IntraVehicleMsg)
2025-05-28 00:48:42,697 INFO  - Sent message to others cars = 'veh_12 | CartesianPoint{x=137.20,y=132.01,z=0.00}' (at simulation time 197.000,000,000 s)
2025-05-28 00:48:42,789 INFO  - Received event: 197000 (at simulation time IntraVehicleMsg)
2025-05-28 00:48:42,794 INFO  - Sent message to others cars = 'veh_12 | CartesianPoint{x=137.23,y=126.21,z=0.00}' (at simulation time 198.000,000,000 s)
2025-05-28 00:48:42,897 INFO  - Received event: 198000 (at simulation time IntraVehicleMsg)
2025-05-28 00:48:42,900 INFO  - Sent message to others cars = 'veh_12 | CartesianPoint{x=137.26,y=120.19,z=0.00}' (at simulation time 199.000,000,000 s)
2025-05-28 00:48:42,994 INFO  - Received event: 199000 (at simulation time IntraVehicleMsg)
2025-05-28 00:48:43,001 INFO  - Sent message to others cars = 'veh_12 | CartesianPoint{x=137.30,y=114.75,z=0.00}' (at simulation time 200.000,000,000 s)
2025-05-28 00:48:43,102 INFO  - Received event: 200000 (at simulation time IntraVehicleMsg)
2025-05-28 00:48:43,105 INFO  - Sent message to others cars = 'veh_12 | CartesianPoint{x=137.33,y=108.29,z=0.00}' (at simulation time 201.000,000,000 s)
2025-05-28 00:48:43,197 INFO  - Received event: 201000 (at simulation time IntraVehicleMsg)
2025-05-28 00:48:43,205 INFO  - Sent message to others cars = 'veh_12 | CartesianPoint{x=137.37,y=101.74,z=0.00}' (at simulation time 202.000,000,000 s)
2025-05-28 00:48:43,299 INFO  - Received event: 202000 (at simulation time IntraVehicleMsg)
2025-05-28 00:48:43,302 INFO  - Sent message to others cars = 'veh_12 | CartesianPoint{x=137.40,y=96.08,z=0.00}' (at simulation time 203.000,000,000 s)
2025-05-28 00:48:43,397 INFO  - Received event: 203000 (at simulation time IntraVehicleMsg)
2025-05-28 00:48:43,400 INFO  - Sent message to others cars = 'veh_12 | CartesianPoint{x=137.44,y=89.48,z=0.00}' (at simulation time 204.000,000,000 s)
2025-05-28 00:48:43,495 INFO  - Received event: 204000 (at simulation time IntraVehicleMsg)
2025-05-28 00:48:43,502 INFO  - Sent message to others cars = 'veh_12 | CartesianPoint{x=137.47,y=82.85,z=0.00}' (at simulation time 205.000,000,000 s)
2025-05-28 00:48:43,591 INFO  - Received event: 205000 (at simulation time IntraVehicleMsg)
2025-05-28 00:48:43,594 INFO  - Sent message to others cars = 'veh_12 | CartesianPoint{x=137.50,y=77.10,z=0.00}' (at simulation time 206.000,000,000 s)
2025-05-28 00:48:43,673 INFO  - Received event: 206000 (at simulation time IntraVehicleMsg)
2025-05-28 00:48:43,676 INFO  - Sent message to others cars = 'veh_12 | CartesianPoint{x=139.71,y=72.23,z=0.00}' (at simulation time 207.000,000,000 s)
2025-05-28 00:48:43,748 INFO  - Received event: 207000 (at simulation time IntraVehicleMsg)
2025-05-28 00:48:43,751 INFO  - Sent message to others cars = 'veh_12 | CartesianPoint{x=142.76,y=66.84,z=0.00}' (at simulation time 208.000,000,000 s)
2025-05-28 00:48:43,822 INFO  - Received event: 208000 (at simulation time IntraVehicleMsg)
2025-05-28 00:48:43,825 INFO  - Sent message to others cars = 'veh_12 | CartesianPoint{x=146.89,y=62.98,z=0.00}' (at simulation time 209.000,000,000 s)
2025-05-28 00:48:43,898 INFO  - Received event: 209000 (at simulation time IntraVehicleMsg)
2025-05-28 00:48:43,901 INFO  - Sent message to others cars = 'veh_12 | CartesianPoint{x=150.98,y=59.15,z=0.00}' (at simulation time 210.000,000,000 s)
2025-05-28 00:48:43,978 INFO  - Received event: 210000 (at simulation time IntraVehicleMsg)
2025-05-28 00:48:43,984 INFO  - Sent message to others cars = 'veh_12 | CartesianPoint{x=155.30,y=54.79,z=0.00}' (at simulation time 211.000,000,000 s)
2025-05-28 00:48:44,052 INFO  - Received event: 211000 (at simulation time IntraVehicleMsg)
2025-05-28 00:48:44,068 INFO  - Sent message to others cars = 'veh_12 | CartesianPoint{x=158.96,y=50.77,z=0.00}' (at simulation time 212.000,000,000 s)
2025-05-28 00:48:44,137 INFO  - Received event: 212000 (at simulation time IntraVehicleMsg)
2025-05-28 00:48:44,140 INFO  - Sent message to others cars = 'veh_12 | CartesianPoint{x=163.37,y=45.91,z=0.00}' (at simulation time 213.000,000,000 s)
2025-05-28 00:48:44,211 INFO  - Received event: 213000 (at simulation time IntraVehicleMsg)
2025-05-28 00:48:44,213 INFO  - Sent message to others cars = 'veh_12 | CartesianPoint{x=167.52,y=41.35,z=0.00}' (at simulation time 214.000,000,000 s)
2025-05-28 00:48:44,277 INFO  - Received event: 214000 (at simulation time IntraVehicleMsg)
2025-05-28 00:48:44,281 INFO  - Sent message to others cars = 'veh_12 | CartesianPoint{x=171.37,y=37.12,z=0.00}' (at simulation time 215.000,000,000 s)
2025-05-28 00:48:44,348 INFO  - Received event: 215000 (at simulation time IntraVehicleMsg)
2025-05-28 00:48:44,351 INFO  - Sent message to others cars = 'veh_12 | CartesianPoint{x=175.53,y=32.54,z=0.00}' (at simulation time 216.000,000,000 s)
2025-05-28 00:48:44,419 INFO  - Received event: 216000 (at simulation time IntraVehicleMsg)
2025-05-28 00:48:44,422 INFO  - Sent message to others cars = 'veh_12 | CartesianPoint{x=179.90,y=27.74,z=0.00}' (at simulation time 217.000,000,000 s)
2025-05-28 00:48:44,489 INFO  - Received event: 217000 (at simulation time IntraVehicleMsg)
2025-05-28 00:48:44,493 INFO  - Sent message to others cars = 'veh_12 | CartesianPoint{x=184.10,y=23.11,z=0.00}' (at simulation time 218.000,000,000 s)
2025-05-28 00:48:44,563 INFO  - Received event: 218000 (at simulation time IntraVehicleMsg)
2025-05-28 00:48:44,571 INFO  - Sent message to others cars = 'veh_12 | CartesianPoint{x=187.76,y=19.09,z=0.00}' (at simulation time 219.000,000,000 s)
2025-05-28 00:48:44,641 INFO  - Received event: 219000 (at simulation time IntraVehicleMsg)
2025-05-28 00:48:44,644 INFO  - Sent message to others cars = 'veh_12 | CartesianPoint{x=191.69,y=14.77,z=0.00}' (at simulation time 220.000,000,000 s)
2025-05-28 00:48:44,714 INFO  - Received event: 220000 (at simulation time IntraVehicleMsg)
2025-05-28 00:48:44,717 INFO  - Sent message to others cars = 'veh_12 | CartesianPoint{x=194.64,y=9.80,z=0.00}' (at simulation time 221.000,000,000 s)
2025-05-28 00:48:44,787 INFO  - Received event: 221000 (at simulation time IntraVehicleMsg)
2025-05-28 00:48:44,795 INFO  - Sent message to others cars = 'veh_12 | CartesianPoint{x=196.07,y=3.88,z=0.00}' (at simulation time 222.000,000,000 s)
2025-05-28 00:48:44,866 INFO  - Received event: 222000 (at simulation time IntraVehicleMsg)
2025-05-28 00:48:44,870 INFO  - ------------------------------------------------------------------------------------- (at simulation time 223.000,000,000 s)
2025-05-28 00:48:44,870 INFO  - Shutdown application (at simulation time 223.000,000,000 s)
2025-05-28 00:48:44,870 INFO  - ------------------------------------------------------------------------------------- (at simulation time 223.000,000,000 s)
