2025-05-28 00:18:36,104 INFO  - ------------------------------------------------------------------------------------- (at simulation time 222.000,000,000 s)
2025-05-28 00:18:36,105 INFO  - Initialize veh_43 application (at simulation time 222.000,000,000 s)
2025-05-28 00:18:36,105 INFO  - Activated AdHoc Module (at simulation time 222.000,000,000 s)
2025-05-28 00:18:36,105 INFO  - ------------------------------------------------------------------------------------- (at simulation time 222.000,000,000 s)
2025-05-28 00:18:36,105 INFO  - Sent message to others cars = 'veh_43 | CartesianPoint{x=-0.00,y=532.14,z=0.00}' (at simulation time 222.000,000,000 s)
2025-05-28 00:18:36,183 INFO  - Received event: 222000 (at simulation time IntraVehicleMsg)
2025-05-28 00:18:36,187 INFO  - Sent message to others cars = 'veh_43 | CartesianPoint{x=7.18,y=532.12,z=0.00}' (at simulation time 223.000,000,000 s)
2025-05-28 00:18:36,265 INFO  - Received event: 223000 (at simulation time IntraVehicleMsg)
2025-05-28 00:18:36,268 INFO  - Sent message to others cars = 'veh_43 | CartesianPoint{x=14.46,y=532.10,z=0.00}' (at simulation time 224.000,000,000 s)
2025-05-28 00:18:36,349 INFO  - Received event: 224000 (at simulation time IntraVehicleMsg)
2025-05-28 00:18:36,352 INFO  - Sent message to others cars = 'veh_43 | CartesianPoint{x=21.09,y=532.08,z=0.00}' (at simulation time 225.000,000,000 s)
2025-05-28 00:18:36,434 INFO  - Received event: 225000 (at simulation time IntraVehicleMsg)
2025-05-28 00:18:36,446 INFO  - Sent message to others cars = 'veh_43 | CartesianPoint{x=27.61,y=532.06,z=0.00}' (at simulation time 226.000,000,000 s)
2025-05-28 00:18:36,531 INFO  - Received event: 226000 (at simulation time IntraVehicleMsg)
2025-05-28 00:18:36,541 INFO  - Sent message to others cars = 'veh_43 | CartesianPoint{x=34.19,y=532.03,z=0.00}' (at simulation time 227.000,000,000 s)
2025-05-28 00:18:36,623 INFO  - Received event: 227000 (at simulation time IntraVehicleMsg)
2025-05-28 00:18:36,626 INFO  - Sent message to others cars = 'veh_43 | CartesianPoint{x=40.67,y=528.85,z=0.00}' (at simulation time 228.000,000,000 s)
2025-05-28 00:18:36,711 INFO  - Received event: 228000 (at simulation time IntraVehicleMsg)
2025-05-28 00:18:36,714 INFO  - Sent message to others cars = 'veh_43 | CartesianPoint{x=46.99,y=528.90,z=0.00}' (at simulation time 229.000,000,000 s)
2025-05-28 00:18:36,798 INFO  - Received event: 229000 (at simulation time IntraVehicleMsg)
2025-05-28 00:18:36,808 INFO  - Sent message to others cars = 'veh_43 | CartesianPoint{x=53.34,y=528.95,z=0.00}' (at simulation time 230.000,000,000 s)
2025-05-28 00:18:36,898 INFO  - Received event: 230000 (at simulation time IntraVehicleMsg)
2025-05-28 00:18:36,901 INFO  - Sent message to others cars = 'veh_43 | CartesianPoint{x=59.50,y=528.99,z=0.00}' (at simulation time 231.000,000,000 s)
2025-05-28 00:18:36,987 INFO  - Received event: 231000 (at simulation time IntraVehicleMsg)
2025-05-28 00:18:36,990 INFO  - Sent message to others cars = 'veh_43 | CartesianPoint{x=65.63,y=529.01,z=0.00}' (at simulation time 232.000,000,000 s)
2025-05-28 00:18:37,079 INFO  - Received event: 232000 (at simulation time IntraVehicleMsg)
2025-05-28 00:18:37,086 INFO  - Sent message to others cars = 'veh_43 | CartesianPoint{x=72.64,y=529.03,z=0.00}' (at simulation time 233.000,000,000 s)
2025-05-28 00:18:37,172 INFO  - Received event: 233000 (at simulation time IntraVehicleMsg)
2025-05-28 00:18:37,175 INFO  - Sent message to others cars = 'veh_43 | CartesianPoint{x=79.56,y=529.04,z=0.00}' (at simulation time 234.000,000,000 s)
2025-05-28 00:18:37,262 INFO  - Received event: 234000 (at simulation time IntraVehicleMsg)
2025-05-28 00:18:37,265 INFO  - Sent message to others cars = 'veh_43 | CartesianPoint{x=86.15,y=529.06,z=0.00}' (at simulation time 235.000,000,000 s)
2025-05-28 00:18:37,351 INFO  - Received event: 235000 (at simulation time IntraVehicleMsg)
2025-05-28 00:18:37,360 INFO  - Sent message to others cars = 'veh_43 | CartesianPoint{x=92.40,y=528.99,z=0.00}' (at simulation time 236.000,000,000 s)
2025-05-28 00:18:37,447 INFO  - Received event: 236000 (at simulation time IntraVehicleMsg)
2025-05-28 00:18:37,450 INFO  - Sent message to others cars = 'veh_43 | CartesianPoint{x=99.22,y=528.90,z=0.00}' (at simulation time 237.000,000,000 s)
2025-05-28 00:18:37,536 INFO  - Received event: 237000 (at simulation time IntraVehicleMsg)
2025-05-28 00:18:37,539 INFO  - Sent message to others cars = 'veh_43 | CartesianPoint{x=106.25,y=528.81,z=0.00}' (at simulation time 238.000,000,000 s)
2025-05-28 00:18:37,629 INFO  - Received event: 238000 (at simulation time IntraVehicleMsg)
2025-05-28 00:18:37,632 INFO  - Sent message to others cars = 'veh_43 | CartesianPoint{x=113.35,y=528.72,z=0.00}' (at simulation time 239.000,000,000 s)
2025-05-28 00:18:37,723 INFO  - Received event: 239000 (at simulation time IntraVehicleMsg)
2025-05-28 00:18:37,727 INFO  - Sent message to others cars = 'veh_43 | CartesianPoint{x=118.15,y=528.66,z=0.00}' (at simulation time 240.000,000,000 s)
2025-05-28 00:18:37,817 INFO  - Received event: 240000 (at simulation time IntraVehicleMsg)
2025-05-28 00:18:37,822 INFO  - Sent message to others cars = 'veh_43 | CartesianPoint{x=119.70,y=528.64,z=0.00}' (at simulation time 241.000,000,000 s)
2025-05-28 00:18:37,915 INFO  - Received event: 241000 (at simulation time IntraVehicleMsg)
2025-05-28 00:18:37,918 INFO  - Sent message to others cars = 'veh_43 | CartesianPoint{x=120.25,y=528.64,z=0.00}' (at simulation time 242.000,000,000 s)
2025-05-28 00:18:38,009 INFO  - Received event: 242000 (at simulation time IntraVehicleMsg)
2025-05-28 00:18:38,016 INFO  - Sent message to others cars = 'veh_43 | CartesianPoint{x=120.29,y=528.64,z=0.00}' (at simulation time 243.000,000,000 s)
2025-05-28 00:18:38,112 INFO  - Received event: 243000 (at simulation time IntraVehicleMsg)
2025-05-28 00:18:38,114 INFO  - Sent message to others cars = 'veh_43 | CartesianPoint{x=120.30,y=528.64,z=0.00}' (at simulation time 244.000,000,000 s)
2025-05-28 00:18:38,208 INFO  - Received event: 244000 (at simulation time IntraVehicleMsg)
2025-05-28 00:18:38,211 INFO  - Sent message to others cars = 'veh_43 | CartesianPoint{x=120.30,y=528.64,z=0.00}' (at simulation time 245.000,000,000 s)
2025-05-28 00:18:38,308 INFO  - Received event: 245000 (at simulation time IntraVehicleMsg)
2025-05-28 00:18:38,310 INFO  - Sent message to others cars = 'veh_43 | CartesianPoint{x=120.30,y=528.64,z=0.00}' (at simulation time 246.000,000,000 s)
2025-05-28 00:18:38,408 INFO  - Received event: 246000 (at simulation time IntraVehicleMsg)
2025-05-28 00:18:38,416 INFO  - Sent message to others cars = 'veh_43 | CartesianPoint{x=120.30,y=528.64,z=0.00}' (at simulation time 247.000,000,000 s)
2025-05-28 00:18:38,514 INFO  - Received event: 247000 (at simulation time IntraVehicleMsg)
2025-05-28 00:18:38,521 INFO  - Sent message to others cars = 'veh_43 | CartesianPoint{x=120.30,y=528.64,z=0.00}' (at simulation time 248.000,000,000 s)
2025-05-28 00:18:38,623 INFO  - Received event: 248000 (at simulation time IntraVehicleMsg)
2025-05-28 00:18:38,626 INFO  - Sent message to others cars = 'veh_43 | CartesianPoint{x=120.30,y=528.64,z=0.00}' (at simulation time 249.000,000,000 s)
2025-05-28 00:18:38,725 INFO  - Received event: 249000 (at simulation time IntraVehicleMsg)
2025-05-28 00:18:38,728 INFO  - Sent message to others cars = 'veh_43 | CartesianPoint{x=120.30,y=528.64,z=0.00}' (at simulation time 250.000,000,000 s)
2025-05-28 00:18:38,828 INFO  - Received event: 250000 (at simulation time IntraVehicleMsg)
2025-05-28 00:18:38,832 INFO  - Sent message to others cars = 'veh_43 | CartesianPoint{x=120.30,y=528.64,z=0.00}' (at simulation time 251.000,000,000 s)
2025-05-28 00:18:38,929 INFO  - Received event: 251000 (at simulation time IntraVehicleMsg)
2025-05-28 00:18:38,932 INFO  - Sent message to others cars = 'veh_43 | CartesianPoint{x=120.30,y=528.64,z=0.00}' (at simulation time 252.000,000,000 s)
2025-05-28 00:18:39,036 INFO  - Received event: 252000 (at simulation time IntraVehicleMsg)
2025-05-28 00:18:39,044 INFO  - Sent message to others cars = 'veh_43 | CartesianPoint{x=121.10,y=528.63,z=0.00}' (at simulation time 253.000,000,000 s)
2025-05-28 00:18:39,149 INFO  - Received event: 253000 (at simulation time IntraVehicleMsg)
2025-05-28 00:18:39,152 INFO  - Sent message to others cars = 'veh_43 | CartesianPoint{x=124.09,y=528.59,z=0.00}' (at simulation time 254.000,000,000 s)
2025-05-28 00:18:39,259 INFO  - Received event: 254000 (at simulation time IntraVehicleMsg)
2025-05-28 00:18:39,265 INFO  - Sent message to others cars = 'veh_43 | CartesianPoint{x=129.23,y=528.52,z=0.00}' (at simulation time 255.000,000,000 s)
2025-05-28 00:18:39,373 INFO  - Received event: 255000 (at simulation time IntraVehicleMsg)
2025-05-28 00:18:39,376 INFO  - Sent message to others cars = 'veh_43 | CartesianPoint{x=135.41,y=528.45,z=0.00}' (at simulation time 256.000,000,000 s)
2025-05-28 00:18:39,486 INFO  - Received event: 256000 (at simulation time IntraVehicleMsg)
2025-05-28 00:18:39,489 INFO  - Sent message to others cars = 'veh_43 | CartesianPoint{x=142.14,y=528.41,z=0.00}' (at simulation time 257.000,000,000 s)
2025-05-28 00:18:39,599 INFO  - Received event: 257000 (at simulation time IntraVehicleMsg)
2025-05-28 00:18:39,602 INFO  - Sent message to others cars = 'veh_43 | CartesianPoint{x=148.53,y=528.36,z=0.00}' (at simulation time 258.000,000,000 s)
2025-05-28 00:18:39,713 INFO  - Received event: 258000 (at simulation time IntraVehicleMsg)
2025-05-28 00:18:39,717 INFO  - Sent message to others cars = 'veh_43 | CartesianPoint{x=153.90,y=528.40,z=0.00}' (at simulation time 259.000,000,000 s)
2025-05-28 00:18:39,839 INFO  - Received event: 259000 (at simulation time IntraVehicleMsg)
2025-05-28 00:18:39,844 INFO  - Sent message to others cars = 'veh_43 | CartesianPoint{x=160.84,y=528.44,z=0.00}' (at simulation time 260.000,000,000 s)
2025-05-28 00:18:39,957 INFO  - Received event: 260000 (at simulation time IntraVehicleMsg)
2025-05-28 00:18:39,960 INFO  - Sent message to others cars = 'veh_43 | CartesianPoint{x=167.38,y=528.49,z=0.00}' (at simulation time 261.000,000,000 s)
2025-05-28 00:18:40,075 INFO  - Received event: 261000 (at simulation time IntraVehicleMsg)
2025-05-28 00:18:40,078 INFO  - Sent message to others cars = 'veh_43 | CartesianPoint{x=173.28,y=528.53,z=0.00}' (at simulation time 262.000,000,000 s)
2025-05-28 00:18:40,195 INFO  - Received event: 262000 (at simulation time IntraVehicleMsg)
2025-05-28 00:18:40,198 INFO  - Sent message to others cars = 'veh_43 | CartesianPoint{x=179.60,y=528.57,z=0.00}' (at simulation time 263.000,000,000 s)
2025-05-28 00:18:40,305 INFO  - Received event: 263000 (at simulation time IntraVehicleMsg)
2025-05-28 00:18:40,313 INFO  - Sent message to others cars = 'veh_43 | CartesianPoint{x=185.81,y=528.62,z=0.00}' (at simulation time 264.000,000,000 s)
2025-05-28 00:18:40,423 INFO  - Received event: 264000 (at simulation time IntraVehicleMsg)
2025-05-28 00:18:40,427 INFO  - Sent message to others cars = 'veh_43 | CartesianPoint{x=192.55,y=528.66,z=0.00}' (at simulation time 265.000,000,000 s)
2025-05-28 00:18:40,539 INFO  - Received event: 265000 (at simulation time IntraVehicleMsg)
2025-05-28 00:18:40,542 INFO  - Sent message to others cars = 'veh_43 | CartesianPoint{x=198.17,y=528.70,z=0.00}' (at simulation time 266.000,000,000 s)
2025-05-28 00:18:40,655 INFO  - Received event: 266000 (at simulation time IntraVehicleMsg)
2025-05-28 00:18:40,658 INFO  - Sent message to others cars = 'veh_43 | CartesianPoint{x=204.73,y=528.75,z=0.00}' (at simulation time 267.000,000,000 s)
2025-05-28 00:18:40,773 INFO  - Received event: 267000 (at simulation time IntraVehicleMsg)
2025-05-28 00:18:40,778 INFO  - Sent message to others cars = 'veh_43 | CartesianPoint{x=210.87,y=528.79,z=0.00}' (at simulation time 268.000,000,000 s)
2025-05-28 00:18:40,895 INFO  - Received event: 268000 (at simulation time IntraVehicleMsg)
2025-05-28 00:18:40,898 INFO  - Sent message to others cars = 'veh_43 | CartesianPoint{x=215.07,y=528.82,z=0.00}' (at simulation time 269.000,000,000 s)
2025-05-28 00:18:41,009 INFO  - Received event: 269000 (at simulation time IntraVehicleMsg)
2025-05-28 00:18:41,017 INFO  - Sent message to others cars = 'veh_43 | CartesianPoint{x=221.14,y=528.83,z=0.00}' (at simulation time 270.000,000,000 s)
2025-05-28 00:18:41,113 INFO  - Received event: 270000 (at simulation time IntraVehicleMsg)
2025-05-28 00:18:41,116 INFO  - Sent message to others cars = 'veh_43 | CartesianPoint{x=227.53,y=528.84,z=0.00}' (at simulation time 271.000,000,000 s)
2025-05-28 00:18:41,218 INFO  - Received event: 271000 (at simulation time IntraVehicleMsg)
2025-05-28 00:18:41,221 INFO  - Sent message to others cars = 'veh_43 | CartesianPoint{x=234.92,y=528.83,z=0.00}' (at simulation time 272.000,000,000 s)
2025-05-28 00:18:41,317 INFO  - Received event: 272000 (at simulation time IntraVehicleMsg)
2025-05-28 00:18:41,320 INFO  - Sent message to others cars = 'veh_43 | CartesianPoint{x=242.12,y=528.82,z=0.00}' (at simulation time 273.000,000,000 s)
2025-05-28 00:18:41,421 INFO  - Received event: 273000 (at simulation time IntraVehicleMsg)
2025-05-28 00:18:41,428 INFO  - Sent message to others cars = 'veh_43 | CartesianPoint{x=249.20,y=528.81,z=0.00}' (at simulation time 274.000,000,000 s)
2025-05-28 00:18:41,535 INFO  - Received event: 274000 (at simulation time IntraVehicleMsg)
2025-05-28 00:18:41,538 INFO  - Sent message to others cars = 'veh_43 | CartesianPoint{x=255.92,y=528.79,z=0.00}' (at simulation time 275.000,000,000 s)
2025-05-28 00:18:41,630 INFO  - Received event: 275000 (at simulation time IntraVehicleMsg)
2025-05-28 00:18:41,633 INFO  - Sent message to others cars = 'veh_43 | CartesianPoint{x=261.99,y=528.78,z=0.00}' (at simulation time 276.000,000,000 s)
2025-05-28 00:18:41,728 INFO  - Received event: 276000 (at simulation time IntraVehicleMsg)
2025-05-28 00:18:41,730 INFO  - Sent message to others cars = 'veh_43 | CartesianPoint{x=269.18,y=528.77,z=0.00}' (at simulation time 277.000,000,000 s)
2025-05-28 00:18:41,812 INFO  - Received event: 277000 (at simulation time IntraVehicleMsg)
2025-05-28 00:18:41,815 INFO  - Sent message to others cars = 'veh_43 | CartesianPoint{x=276.47,y=528.76,z=0.00}' (at simulation time 278.000,000,000 s)
2025-05-28 00:18:41,901 INFO  - Received event: 278000 (at simulation time IntraVehicleMsg)
2025-05-28 00:18:41,904 INFO  - Sent message to others cars = 'veh_43 | CartesianPoint{x=283.56,y=528.75,z=0.00}' (at simulation time 279.000,000,000 s)
2025-05-28 00:18:41,984 INFO  - Received event: 279000 (at simulation time IntraVehicleMsg)
2025-05-28 00:18:41,992 INFO  - Sent message to others cars = 'veh_43 | CartesianPoint{x=288.51,y=531.94,z=0.00}' (at simulation time 280.000,000,000 s)
2025-05-28 00:18:42,070 INFO  - Received event: 280000 (at simulation time IntraVehicleMsg)
2025-05-28 00:18:42,073 INFO  - Sent message to others cars = 'veh_43 | CartesianPoint{x=295.87,y=531.93,z=0.00}' (at simulation time 281.000,000,000 s)
2025-05-28 00:18:42,143 INFO  - Received event: 281000 (at simulation time IntraVehicleMsg)
2025-05-28 00:18:42,146 INFO  - Sent message to others cars = 'veh_43 | CartesianPoint{x=302.78,y=531.93,z=0.00}' (at simulation time 282.000,000,000 s)
2025-05-28 00:18:42,218 INFO  - Received event: 282000 (at simulation time IntraVehicleMsg)
2025-05-28 00:18:42,221 INFO  - Sent message to others cars = 'veh_43 | CartesianPoint{x=309.42,y=531.92,z=0.00}' (at simulation time 283.000,000,000 s)
2025-05-28 00:18:42,292 INFO  - Received event: 283000 (at simulation time IntraVehicleMsg)
2025-05-28 00:18:42,299 INFO  - Sent message to others cars = 'veh_43 | CartesianPoint{x=316.13,y=531.91,z=0.00}' (at simulation time 284.000,000,000 s)
2025-05-28 00:18:42,371 INFO  - Received event: 284000 (at simulation time IntraVehicleMsg)
2025-05-28 00:18:42,374 INFO  - Sent message to others cars = 'veh_43 | CartesianPoint{x=323.31,y=531.90,z=0.00}' (at simulation time 285.000,000,000 s)
2025-05-28 00:18:42,440 INFO  - Received event: 285000 (at simulation time IntraVehicleMsg)
2025-05-28 00:18:42,443 INFO  - Sent message to others cars = 'veh_43 | CartesianPoint{x=330.71,y=531.89,z=0.00}' (at simulation time 286.000,000,000 s)
2025-05-28 00:18:42,505 INFO  - Received event: 286000 (at simulation time IntraVehicleMsg)
2025-05-28 00:18:42,507 INFO  - Sent message to others cars = 'veh_43 | CartesianPoint{x=337.83,y=531.88,z=0.00}' (at simulation time 287.000,000,000 s)
2025-05-28 00:18:42,574 INFO  - Received event: 287000 (at simulation time IntraVehicleMsg)
2025-05-28 00:18:42,577 INFO  - Sent message to others cars = 'veh_43 | CartesianPoint{x=345.00,y=531.88,z=0.00}' (at simulation time 288.000,000,000 s)
2025-05-28 00:18:42,641 INFO  - Received event: 288000 (at simulation time IntraVehicleMsg)
2025-05-28 00:18:42,644 INFO  - ------------------------------------------------------------------------------------- (at simulation time 289.000,000,000 s)
2025-05-28 00:18:42,644 INFO  - Shutdown application (at simulation time 289.000,000,000 s)
2025-05-28 00:18:42,644 INFO  - ------------------------------------------------------------------------------------- (at simulation time 289.000,000,000 s)
