2025-05-28 00:48:43,204 INFO  - ------------------------------------------------------------------------------------- (at simulation time 202.000,000,000 s)
2025-05-28 00:48:43,204 INFO  - Initialize veh_39 application (at simulation time 202.000,000,000 s)
2025-05-28 00:48:43,204 INFO  - Activated AdHoc Module (at simulation time 202.000,000,000 s)
2025-05-28 00:48:43,204 INFO  - ------------------------------------------------------------------------------------- (at simulation time 202.000,000,000 s)
2025-05-28 00:48:43,205 INFO  - Sent message to others cars = 'veh_39 | CartesianPoint{x=-0.00,y=532.14,z=0.00}' (at simulation time 202.000,000,000 s)
2025-05-28 00:48:43,299 INFO  - Received event: 202000 (at simulation time IntraVehicleMsg)
2025-05-28 00:48:43,303 INFO  - Sent message to others cars = 'veh_39 | CartesianPoint{x=7.99,y=532.12,z=0.00}' (at simulation time 203.000,000,000 s)
2025-05-28 00:48:43,398 INFO  - Received event: 203000 (at simulation time IntraVehicleMsg)
2025-05-28 00:48:43,401 INFO  - Sent message to others cars = 'veh_39 | CartesianPoint{x=15.14,y=532.10,z=0.00}' (at simulation time 204.000,000,000 s)
2025-05-28 00:48:43,496 INFO  - Received event: 204000 (at simulation time IntraVehicleMsg)
2025-05-28 00:48:43,503 INFO  - Sent message to others cars = 'veh_39 | CartesianPoint{x=22.65,y=532.07,z=0.00}' (at simulation time 205.000,000,000 s)
2025-05-28 00:48:43,592 INFO  - Received event: 205000 (at simulation time IntraVehicleMsg)
2025-05-28 00:48:43,594 INFO  - Sent message to others cars = 'veh_39 | CartesianPoint{x=29.69,y=532.05,z=0.00}' (at simulation time 206.000,000,000 s)
2025-05-28 00:48:43,674 INFO  - Received event: 206000 (at simulation time IntraVehicleMsg)
2025-05-28 00:48:43,676 INFO  - Sent message to others cars = 'veh_39 | CartesianPoint{x=37.65,y=532.03,z=0.00}' (at simulation time 207.000,000,000 s)
2025-05-28 00:48:43,749 INFO  - Received event: 207000 (at simulation time IntraVehicleMsg)
2025-05-28 00:48:43,751 INFO  - Sent message to others cars = 'veh_39 | CartesianPoint{x=45.91,y=532.09,z=0.00}' (at simulation time 208.000,000,000 s)
2025-05-28 00:48:43,823 INFO  - Received event: 208000 (at simulation time IntraVehicleMsg)
2025-05-28 00:48:43,826 INFO  - Sent message to others cars = 'veh_39 | CartesianPoint{x=53.86,y=532.15,z=0.00}' (at simulation time 209.000,000,000 s)
2025-05-28 00:48:43,899 INFO  - Received event: 209000 (at simulation time IntraVehicleMsg)
2025-05-28 00:48:43,902 INFO  - Sent message to others cars = 'veh_39 | CartesianPoint{x=61.74,y=532.20,z=0.00}' (at simulation time 210.000,000,000 s)
2025-05-28 00:48:43,979 INFO  - Received event: 210000 (at simulation time IntraVehicleMsg)
2025-05-28 00:48:43,984 INFO  - Sent message to others cars = 'veh_39 | CartesianPoint{x=69.81,y=532.22,z=0.00}' (at simulation time 211.000,000,000 s)
2025-05-28 00:48:44,053 INFO  - Received event: 211000 (at simulation time IntraVehicleMsg)
2025-05-28 00:48:44,069 INFO  - Sent message to others cars = 'veh_39 | CartesianPoint{x=77.54,y=532.24,z=0.00}' (at simulation time 212.000,000,000 s)
2025-05-28 00:48:44,138 INFO  - Received event: 212000 (at simulation time IntraVehicleMsg)
2025-05-28 00:48:44,140 INFO  - Sent message to others cars = 'veh_39 | CartesianPoint{x=84.75,y=532.26,z=0.00}' (at simulation time 213.000,000,000 s)
2025-05-28 00:48:44,212 INFO  - Received event: 213000 (at simulation time IntraVehicleMsg)
2025-05-28 00:48:44,214 INFO  - Sent message to others cars = 'veh_39 | CartesianPoint{x=92.87,y=528.98,z=0.00}' (at simulation time 214.000,000,000 s)
2025-05-28 00:48:44,278 INFO  - Received event: 214000 (at simulation time IntraVehicleMsg)
2025-05-28 00:48:44,281 INFO  - Sent message to others cars = 'veh_39 | CartesianPoint{x=99.98,y=528.89,z=0.00}' (at simulation time 215.000,000,000 s)
2025-05-28 00:48:44,349 INFO  - Received event: 215000 (at simulation time IntraVehicleMsg)
2025-05-28 00:48:44,351 INFO  - Sent message to others cars = 'veh_39 | CartesianPoint{x=107.01,y=528.80,z=0.00}' (at simulation time 216.000,000,000 s)
2025-05-28 00:48:44,420 INFO  - Received event: 216000 (at simulation time IntraVehicleMsg)
2025-05-28 00:48:44,423 INFO  - Sent message to others cars = 'veh_39 | CartesianPoint{x=114.90,y=528.71,z=0.00}' (at simulation time 217.000,000,000 s)
2025-05-28 00:48:44,490 INFO  - Received event: 217000 (at simulation time IntraVehicleMsg)
2025-05-28 00:48:44,493 INFO  - Sent message to others cars = 'veh_39 | CartesianPoint{x=122.30,y=531.81,z=0.00}' (at simulation time 218.000,000,000 s)
2025-05-28 00:48:44,563 INFO  - Received event: 218000 (at simulation time IntraVehicleMsg)
2025-05-28 00:48:44,572 INFO  - Sent message to others cars = 'veh_39 | CartesianPoint{x=129.86,y=531.72,z=0.00}' (at simulation time 219.000,000,000 s)
2025-05-28 00:48:44,642 INFO  - Received event: 219000 (at simulation time IntraVehicleMsg)
2025-05-28 00:48:44,645 INFO  - Sent message to others cars = 'veh_39 | CartesianPoint{x=132.91,y=531.68,z=0.00}' (at simulation time 220.000,000,000 s)
2025-05-28 00:48:44,715 INFO  - Received event: 220000 (at simulation time IntraVehicleMsg)
2025-05-28 00:48:44,717 INFO  - Sent message to others cars = 'veh_39 | CartesianPoint{x=133.33,y=531.67,z=0.00}' (at simulation time 221.000,000,000 s)
2025-05-28 00:48:44,788 INFO  - Received event: 221000 (at simulation time IntraVehicleMsg)
2025-05-28 00:48:44,795 INFO  - Sent message to others cars = 'veh_39 | CartesianPoint{x=133.34,y=531.67,z=0.00}' (at simulation time 222.000,000,000 s)
2025-05-28 00:48:44,867 INFO  - Received event: 222000 (at simulation time IntraVehicleMsg)
2025-05-28 00:48:44,869 INFO  - Sent message to others cars = 'veh_39 | CartesianPoint{x=133.34,y=531.67,z=0.00}' (at simulation time 223.000,000,000 s)
2025-05-28 00:48:44,928 INFO  - Received event: 223000 (at simulation time IntraVehicleMsg)
2025-05-28 00:48:44,931 INFO  - Sent message to others cars = 'veh_39 | CartesianPoint{x=133.34,y=531.67,z=0.00}' (at simulation time 224.000,000,000 s)
2025-05-28 00:48:44,988 INFO  - Received event: 224000 (at simulation time IntraVehicleMsg)
2025-05-28 00:48:44,990 INFO  - Sent message to others cars = 'veh_39 | CartesianPoint{x=133.34,y=531.67,z=0.00}' (at simulation time 225.000,000,000 s)
2025-05-28 00:48:45,048 INFO  - Received event: 225000 (at simulation time IntraVehicleMsg)
2025-05-28 00:48:45,050 INFO  - Sent message to others cars = 'veh_39 | CartesianPoint{x=133.34,y=531.67,z=0.00}' (at simulation time 226.000,000,000 s)
2025-05-28 00:48:45,106 INFO  - Received event: 226000 (at simulation time IntraVehicleMsg)
2025-05-28 00:48:45,108 INFO  - Sent message to others cars = 'veh_39 | CartesianPoint{x=133.34,y=531.67,z=0.00}' (at simulation time 227.000,000,000 s)
2025-05-28 00:48:45,168 INFO  - Received event: 227000 (at simulation time IntraVehicleMsg)
2025-05-28 00:48:45,174 INFO  - Sent message to others cars = 'veh_39 | CartesianPoint{x=133.34,y=531.67,z=0.00}' (at simulation time 228.000,000,000 s)
2025-05-28 00:48:45,235 INFO  - Received event: 228000 (at simulation time IntraVehicleMsg)
2025-05-28 00:48:45,237 INFO  - Sent message to others cars = 'veh_39 | CartesianPoint{x=133.34,y=531.67,z=0.00}' (at simulation time 229.000,000,000 s)
2025-05-28 00:48:45,296 INFO  - Received event: 229000 (at simulation time IntraVehicleMsg)
2025-05-28 00:48:45,298 INFO  - Sent message to others cars = 'veh_39 | CartesianPoint{x=133.34,y=531.67,z=0.00}' (at simulation time 230.000,000,000 s)
2025-05-28 00:48:45,359 INFO  - Received event: 230000 (at simulation time IntraVehicleMsg)
2025-05-28 00:48:45,364 INFO  - Sent message to others cars = 'veh_39 | CartesianPoint{x=133.34,y=531.67,z=0.00}' (at simulation time 231.000,000,000 s)
2025-05-28 00:48:45,435 INFO  - Received event: 231000 (at simulation time IntraVehicleMsg)
2025-05-28 00:48:45,438 INFO  - Sent message to others cars = 'veh_39 | CartesianPoint{x=133.34,y=531.67,z=0.00}' (at simulation time 232.000,000,000 s)
2025-05-28 00:48:45,500 INFO  - Received event: 232000 (at simulation time IntraVehicleMsg)
2025-05-28 00:48:45,507 INFO  - Sent message to others cars = 'veh_39 | CartesianPoint{x=133.34,y=531.67,z=0.00}' (at simulation time 233.000,000,000 s)
2025-05-28 00:48:45,572 INFO  - Received event: 233000 (at simulation time IntraVehicleMsg)
2025-05-28 00:48:45,575 INFO  - Sent message to others cars = 'veh_39 | CartesianPoint{x=133.34,y=531.67,z=0.00}' (at simulation time 234.000,000,000 s)
2025-05-28 00:48:45,643 INFO  - Received event: 234000 (at simulation time IntraVehicleMsg)
2025-05-28 00:48:45,646 INFO  - Sent message to others cars = 'veh_39 | CartesianPoint{x=133.34,y=531.67,z=0.00}' (at simulation time 235.000,000,000 s)
2025-05-28 00:48:45,712 INFO  - Received event: 235000 (at simulation time IntraVehicleMsg)
2025-05-28 00:48:45,715 INFO  - Sent message to others cars = 'veh_39 | CartesianPoint{x=133.34,y=531.67,z=0.00}' (at simulation time 236.000,000,000 s)
2025-05-28 00:48:45,784 INFO  - Received event: 236000 (at simulation time IntraVehicleMsg)
2025-05-28 00:48:45,790 INFO  - Sent message to others cars = 'veh_39 | CartesianPoint{x=133.34,y=531.67,z=0.00}' (at simulation time 237.000,000,000 s)
2025-05-28 00:48:45,861 INFO  - Received event: 237000 (at simulation time IntraVehicleMsg)
2025-05-28 00:48:45,863 INFO  - Sent message to others cars = 'veh_39 | CartesianPoint{x=133.34,y=531.67,z=0.00}' (at simulation time 238.000,000,000 s)
2025-05-28 00:48:45,934 INFO  - Received event: 238000 (at simulation time IntraVehicleMsg)
2025-05-28 00:48:45,937 INFO  - Sent message to others cars = 'veh_39 | CartesianPoint{x=133.34,y=531.67,z=0.00}' (at simulation time 239.000,000,000 s)
2025-05-28 00:48:46,010 INFO  - Received event: 239000 (at simulation time IntraVehicleMsg)
2025-05-28 00:48:46,015 INFO  - Sent message to others cars = 'veh_39 | CartesianPoint{x=133.34,y=531.67,z=0.00}' (at simulation time 240.000,000,000 s)
2025-05-28 00:48:46,084 INFO  - Received event: 240000 (at simulation time IntraVehicleMsg)
2025-05-28 00:48:46,087 INFO  - Sent message to others cars = 'veh_39 | CartesianPoint{x=133.34,y=531.67,z=0.00}' (at simulation time 241.000,000,000 s)
2025-05-28 00:48:46,163 INFO  - Received event: 241000 (at simulation time IntraVehicleMsg)
2025-05-28 00:48:46,166 INFO  - Sent message to others cars = 'veh_39 | CartesianPoint{x=133.34,y=531.67,z=0.00}' (at simulation time 242.000,000,000 s)
2025-05-28 00:48:46,237 INFO  - Received event: 242000 (at simulation time IntraVehicleMsg)
2025-05-28 00:48:46,244 INFO  - Sent message to others cars = 'veh_39 | CartesianPoint{x=133.34,y=531.67,z=0.00}' (at simulation time 243.000,000,000 s)
2025-05-28 00:48:46,317 INFO  - Received event: 243000 (at simulation time IntraVehicleMsg)
2025-05-28 00:48:46,320 INFO  - Sent message to others cars = 'veh_39 | CartesianPoint{x=133.34,y=531.67,z=0.00}' (at simulation time 244.000,000,000 s)
2025-05-28 00:48:46,394 INFO  - Received event: 244000 (at simulation time IntraVehicleMsg)
2025-05-28 00:48:46,397 INFO  - Sent message to others cars = 'veh_39 | CartesianPoint{x=133.34,y=531.67,z=0.00}' (at simulation time 245.000,000,000 s)
2025-05-28 00:48:46,473 INFO  - Received event: 245000 (at simulation time IntraVehicleMsg)
2025-05-28 00:48:46,477 INFO  - Sent message to others cars = 'veh_39 | CartesianPoint{x=135.84,y=531.65,z=0.00}' (at simulation time 246.000,000,000 s)
2025-05-28 00:48:46,555 INFO  - Received event: 246000 (at simulation time IntraVehicleMsg)
2025-05-28 00:48:46,562 INFO  - Sent message to others cars = 'veh_39 | CartesianPoint{x=140.42,y=531.62,z=0.00}' (at simulation time 247.000,000,000 s)
2025-05-28 00:48:46,641 INFO  - Received event: 247000 (at simulation time IntraVehicleMsg)
2025-05-28 00:48:46,644 INFO  - Sent message to others cars = 'veh_39 | CartesianPoint{x=147.40,y=531.57,z=0.00}' (at simulation time 248.000,000,000 s)
2025-05-28 00:48:46,720 INFO  - Received event: 248000 (at simulation time IntraVehicleMsg)
2025-05-28 00:48:46,725 INFO  - Sent message to others cars = 'veh_39 | CartesianPoint{x=155.47,y=531.61,z=0.00}' (at simulation time 249.000,000,000 s)
2025-05-28 00:48:46,796 INFO  - Received event: 249000 (at simulation time IntraVehicleMsg)
2025-05-28 00:48:46,799 INFO  - Sent message to others cars = 'veh_39 | CartesianPoint{x=163.66,y=531.66,z=0.00}' (at simulation time 250.000,000,000 s)
2025-05-28 00:48:46,872 INFO  - Received event: 250000 (at simulation time IntraVehicleMsg)
2025-05-28 00:48:46,874 INFO  - Sent message to others cars = 'veh_39 | CartesianPoint{x=170.77,y=531.71,z=0.00}' (at simulation time 251.000,000,000 s)
2025-05-28 00:48:46,950 INFO  - Received event: 251000 (at simulation time IntraVehicleMsg)
2025-05-28 00:48:46,953 INFO  - Sent message to others cars = 'veh_39 | CartesianPoint{x=178.70,y=531.77,z=0.00}' (at simulation time 252.000,000,000 s)
2025-05-28 00:48:47,019 INFO  - Received event: 252000 (at simulation time IntraVehicleMsg)
2025-05-28 00:48:47,026 INFO  - Sent message to others cars = 'veh_39 | CartesianPoint{x=186.20,y=531.82,z=0.00}' (at simulation time 253.000,000,000 s)
2025-05-28 00:48:47,089 INFO  - Received event: 253000 (at simulation time IntraVehicleMsg)
2025-05-28 00:48:47,091 INFO  - Sent message to others cars = 'veh_39 | CartesianPoint{x=194.17,y=531.88,z=0.00}' (at simulation time 254.000,000,000 s)
2025-05-28 00:48:47,155 INFO  - Received event: 254000 (at simulation time IntraVehicleMsg)
2025-05-28 00:48:47,165 INFO  - Sent message to others cars = 'veh_39 | CartesianPoint{x=201.25,y=531.92,z=0.00}' (at simulation time 255.000,000,000 s)
2025-05-28 00:48:47,229 INFO  - Received event: 255000 (at simulation time IntraVehicleMsg)
2025-05-28 00:48:47,232 INFO  - Sent message to others cars = 'veh_39 | CartesianPoint{x=208.49,y=531.97,z=0.00}' (at simulation time 256.000,000,000 s)
2025-05-28 00:48:47,291 INFO  - Received event: 256000 (at simulation time IntraVehicleMsg)
2025-05-28 00:48:47,293 INFO  - Sent message to others cars = 'veh_39 | CartesianPoint{x=213.61,y=532.01,z=0.00}' (at simulation time 257.000,000,000 s)
2025-05-28 00:48:47,347 INFO  - Received event: 257000 (at simulation time IntraVehicleMsg)
2025-05-28 00:48:47,350 INFO  - Sent message to others cars = 'veh_39 | CartesianPoint{x=220.54,y=532.03,z=0.00}' (at simulation time 258.000,000,000 s)
2025-05-28 00:48:47,399 INFO  - Received event: 258000 (at simulation time IntraVehicleMsg)
2025-05-28 00:48:47,401 INFO  - Sent message to others cars = 'veh_39 | CartesianPoint{x=227.63,y=532.04,z=0.00}' (at simulation time 259.000,000,000 s)
2025-05-28 00:48:47,452 INFO  - Received event: 259000 (at simulation time IntraVehicleMsg)
2025-05-28 00:48:47,454 INFO  - Sent message to others cars = 'veh_39 | CartesianPoint{x=235.56,y=528.83,z=0.00}' (at simulation time 260.000,000,000 s)
2025-05-28 00:48:47,498 INFO  - Received event: 260000 (at simulation time IntraVehicleMsg)
2025-05-28 00:48:47,504 INFO  - Sent message to others cars = 'veh_39 | CartesianPoint{x=243.48,y=528.82,z=0.00}' (at simulation time 261.000,000,000 s)
2025-05-28 00:48:47,546 INFO  - Received event: 261000 (at simulation time IntraVehicleMsg)
2025-05-28 00:48:47,549 INFO  - Sent message to others cars = 'veh_39 | CartesianPoint{x=251.66,y=528.80,z=0.00}' (at simulation time 262.000,000,000 s)
2025-05-28 00:48:47,593 INFO  - Received event: 262000 (at simulation time IntraVehicleMsg)
2025-05-28 00:48:47,595 INFO  - Sent message to others cars = 'veh_39 | CartesianPoint{x=258.95,y=528.79,z=0.00}' (at simulation time 263.000,000,000 s)
2025-05-28 00:48:47,640 INFO  - Received event: 263000 (at simulation time IntraVehicleMsg)
2025-05-28 00:48:47,647 INFO  - Sent message to others cars = 'veh_39 | CartesianPoint{x=266.66,y=528.77,z=0.00}' (at simulation time 264.000,000,000 s)
2025-05-28 00:48:47,693 INFO  - Received event: 264000 (at simulation time IntraVehicleMsg)
2025-05-28 00:48:47,695 INFO  - Sent message to others cars = 'veh_39 | CartesianPoint{x=274.54,y=528.76,z=0.00}' (at simulation time 265.000,000,000 s)
2025-05-28 00:48:47,743 INFO  - Received event: 265000 (at simulation time IntraVehicleMsg)
2025-05-28 00:48:47,745 INFO  - Sent message to others cars = 'veh_39 | CartesianPoint{x=282.12,y=528.75,z=0.00}' (at simulation time 266.000,000,000 s)
2025-05-28 00:48:47,793 INFO  - Received event: 266000 (at simulation time IntraVehicleMsg)
2025-05-28 00:48:47,796 INFO  - Sent message to others cars = 'veh_39 | CartesianPoint{x=290.22,y=528.74,z=0.00}' (at simulation time 267.000,000,000 s)
2025-05-28 00:48:47,847 INFO  - Received event: 267000 (at simulation time IntraVehicleMsg)
2025-05-28 00:48:47,849 INFO  - Sent message to others cars = 'veh_39 | CartesianPoint{x=297.83,y=528.73,z=0.00}' (at simulation time 268.000,000,000 s)
2025-05-28 00:48:47,901 INFO  - Received event: 268000 (at simulation time IntraVehicleMsg)
2025-05-28 00:48:47,903 INFO  - Sent message to others cars = 'veh_39 | CartesianPoint{x=304.89,y=528.72,z=0.00}' (at simulation time 269.000,000,000 s)
2025-05-28 00:48:47,958 INFO  - Received event: 269000 (at simulation time IntraVehicleMsg)
2025-05-28 00:48:47,965 INFO  - Sent message to others cars = 'veh_39 | CartesianPoint{x=312.51,y=528.71,z=0.00}' (at simulation time 270.000,000,000 s)
2025-05-28 00:48:48,017 INFO  - Received event: 270000 (at simulation time IntraVehicleMsg)
2025-05-28 00:48:48,022 INFO  - Sent message to others cars = 'veh_39 | CartesianPoint{x=319.68,y=528.71,z=0.00}' (at simulation time 271.000,000,000 s)
2025-05-28 00:48:48,076 INFO  - Received event: 271000 (at simulation time IntraVehicleMsg)
2025-05-28 00:48:48,079 INFO  - Sent message to others cars = 'veh_39 | CartesianPoint{x=326.72,y=528.70,z=0.00}' (at simulation time 272.000,000,000 s)
2025-05-28 00:48:48,131 INFO  - Received event: 272000 (at simulation time IntraVehicleMsg)
2025-05-28 00:48:48,134 INFO  - Sent message to others cars = 'veh_39 | CartesianPoint{x=334.27,y=528.69,z=0.00}' (at simulation time 273.000,000,000 s)
2025-05-28 00:48:48,187 INFO  - Received event: 273000 (at simulation time IntraVehicleMsg)
2025-05-28 00:48:48,193 INFO  - Sent message to others cars = 'veh_39 | CartesianPoint{x=341.97,y=528.68,z=0.00}' (at simulation time 274.000,000,000 s)
2025-05-28 00:48:48,251 INFO  - Received event: 274000 (at simulation time IntraVehicleMsg)
2025-05-28 00:48:48,255 INFO  - Sent message to others cars = 'veh_39 | CartesianPoint{x=349.65,y=528.67,z=0.00}' (at simulation time 275.000,000,000 s)
2025-05-28 00:48:48,310 INFO  - Received event: 275000 (at simulation time IntraVehicleMsg)
2025-05-28 00:48:48,314 INFO  - ------------------------------------------------------------------------------------- (at simulation time 276.000,000,000 s)
2025-05-28 00:48:48,314 INFO  - Shutdown application (at simulation time 276.000,000,000 s)
2025-05-28 00:48:48,314 INFO  - ------------------------------------------------------------------------------------- (at simulation time 276.000,000,000 s)
