2025-06-04 14:59:25,439 INFO  - Initialize veh_33 application (at simulation time 171.000,000,000 s)
2025-06-04 14:59:25,441 INFO  - Sent InterVehicleMsg: veh_33 | CartesianPoint{x=-0.00,y=532.14,z=0.00} | {:.2f} m/s (at simulation time 9.874414578958682)
2025-06-04 14:59:25,449 INFO  - Sent InterVehicleMsg: veh_33 | CartesianPoint{x=8.74,y=532.11,z=0.00} | {:.2f} m/s (at simulation time 8.735010714310489)
2025-06-04 14:59:25,459 INFO  - Sent InterVehicleMsg: veh_33 | CartesianPoint{x=17.67,y=532.09,z=0.00} | {:.2f} m/s (at simulation time 8.933969895093037)
2025-06-04 14:59:25,466 INFO  - Sent InterVehicleMsg: veh_33 | CartesianPoint{x=27.44,y=532.06,z=0.00} | {:.2f} m/s (at simulation time 9.768615904839976)
2025-06-04 14:59:25,474 INFO  - Sent InterVehicleMsg: veh_33 | CartesianPoint{x=36.18,y=532.02,z=0.00} | {:.2f} m/s (at simulation time 8.738767950556507)
2025-06-04 14:59:25,481 INFO  - Sent InterVehicleMsg: veh_33 | CartesianPoint{x=45.91,y=532.09,z=0.00} | {:.2f} m/s (at simulation time 9.728721563372098)
2025-06-04 14:59:25,488 INFO  - Sent InterVehicleMsg: veh_33 | CartesianPoint{x=54.79,y=532.16,z=0.00} | {:.2f} m/s (at simulation time 8.88709622453273)
2025-06-04 14:59:25,494 INFO  - Sent InterVehicleMsg: veh_33 | CartesianPoint{x=63.54,y=532.21,z=0.00} | {:.2f} m/s (at simulation time 8.746749305486015)
2025-06-04 14:59:25,500 INFO  - Sent InterVehicleMsg: veh_33 | CartesianPoint{x=72.71,y=532.23,z=0.00} | {:.2f} m/s (at simulation time 9.17162112611652)
2025-06-04 14:59:25,507 INFO  - Sent InterVehicleMsg: veh_33 | CartesianPoint{x=82.19,y=532.25,z=0.00} | {:.2f} m/s (at simulation time 9.479419273155077)
2025-06-04 14:59:25,520 INFO  - Sent InterVehicleMsg: veh_33 | CartesianPoint{x=91.00,y=532.21,z=0.00} | {:.2f} m/s (at simulation time 8.805017294029973)
2025-06-04 14:59:25,526 INFO  - Sent InterVehicleMsg: veh_33 | CartesianPoint{x=100.54,y=532.09,z=0.00} | {:.2f} m/s (at simulation time 9.545842043397284)
2025-06-04 14:59:25,601 INFO  - Sent InterVehicleMsg: veh_33 | CartesianPoint{x=110.14,y=531.97,z=0.00} | {:.2f} m/s (at simulation time 9.597263488493196)
2025-06-04 14:59:25,608 INFO  - Sent InterVehicleMsg: veh_33 | CartesianPoint{x=117.00,y=531.88,z=0.00} | {:.2f} m/s (at simulation time 6.858332643571245)
2025-06-04 14:59:25,614 INFO  - Sent InterVehicleMsg: veh_33 | CartesianPoint{x=119.37,y=531.85,z=0.00} | {:.2f} m/s (at simulation time 2.368216680276142)
2025-06-04 14:59:25,621 INFO  - Sent InterVehicleMsg: veh_33 | CartesianPoint{x=120.33,y=531.84,z=0.00} | {:.2f} m/s (at simulation time 0.9651094289033973)
2025-06-04 14:59:25,627 INFO  - Sent InterVehicleMsg: veh_33 | CartesianPoint{x=120.33,y=531.84,z=0.00} | {:.2f} m/s (at simulation time 0.004446879804651676)
2025-06-04 14:59:25,633 INFO  - Sent InterVehicleMsg: veh_33 | CartesianPoint{x=120.34,y=531.84,z=0.00} | {:.2f} m/s (at simulation time 0.001838366328810632)
2025-06-04 14:59:25,640 INFO  - Sent InterVehicleMsg: veh_33 | CartesianPoint{x=120.34,y=531.84,z=0.00} | {:.2f} m/s (at simulation time 7.441788799068343E-4)
2025-06-04 14:59:25,650 INFO  - Sent InterVehicleMsg: veh_33 | CartesianPoint{x=120.34,y=531.84,z=0.00} | {:.2f} m/s (at simulation time 1.2765649335753584E-4)
2025-06-04 14:59:26,022 INFO  - Sent InterVehicleMsg: veh_33 | CartesianPoint{x=120.95,y=531.83,z=0.00} | {:.2f} m/s (at simulation time 0.6131628101218738)
2025-06-04 14:59:26,032 INFO  - Sent InterVehicleMsg: veh_33 | CartesianPoint{x=123.10,y=531.80,z=0.00} | {:.2f} m/s (at simulation time 2.146115494558342)
2025-06-04 14:59:26,040 INFO  - Sent InterVehicleMsg: veh_33 | CartesianPoint{x=127.49,y=531.75,z=0.00} | {:.2f} m/s (at simulation time 4.3913843603527045)
2025-06-04 14:59:26,049 INFO  - Sent InterVehicleMsg: veh_33 | CartesianPoint{x=133.01,y=531.68,z=0.00} | {:.2f} m/s (at simulation time 5.5176037395017214)
2025-06-04 14:59:26,058 INFO  - Sent InterVehicleMsg: veh_33 | CartesianPoint{x=140.22,y=531.62,z=0.00} | {:.2f} m/s (at simulation time 7.23111377508547)
2025-06-04 14:59:26,067 INFO  - Sent InterVehicleMsg: veh_33 | CartesianPoint{x=148.90,y=531.56,z=0.00} | {:.2f} m/s (at simulation time 8.694334511473986)
2025-06-04 14:59:26,076 INFO  - Sent InterVehicleMsg: veh_33 | CartesianPoint{x=157.48,y=531.62,z=0.00} | {:.2f} m/s (at simulation time 8.58460724737908)
2025-06-04 14:59:26,086 INFO  - Sent InterVehicleMsg: veh_33 | CartesianPoint{x=164.20,y=531.67,z=0.00} | {:.2f} m/s (at simulation time 6.720757330925998)
2025-06-04 14:59:26,095 INFO  - Sent InterVehicleMsg: veh_33 | CartesianPoint{x=171.81,y=531.72,z=0.00} | {:.2f} m/s (at simulation time 7.606069668774466)
2025-06-04 14:59:26,110 INFO  - Sent InterVehicleMsg: veh_33 | CartesianPoint{x=179.44,y=531.77,z=0.00} | {:.2f} m/s (at simulation time 7.637211845788672)
2025-06-04 14:59:26,118 INFO  - Sent InterVehicleMsg: veh_33 | CartesianPoint{x=187.39,y=531.83,z=0.00} | {:.2f} m/s (at simulation time 7.944892688243943)
2025-06-04 14:59:26,126 INFO  - Sent InterVehicleMsg: veh_33 | CartesianPoint{x=195.89,y=531.89,z=0.00} | {:.2f} m/s (at simulation time 8.500522936685664)
2025-06-04 14:59:26,216 INFO  - Sent InterVehicleMsg: veh_33 | CartesianPoint{x=200.29,y=531.92,z=0.00} | {:.2f} m/s (at simulation time 4.402244363818323)
2025-06-04 14:59:26,229 INFO  - Sent InterVehicleMsg: veh_33 | CartesianPoint{x=206.71,y=531.96,z=0.00} | {:.2f} m/s (at simulation time 6.425324588303462)
2025-06-04 14:59:26,244 INFO  - Sent InterVehicleMsg: veh_33 | CartesianPoint{x=212.71,y=532.00,z=0.00} | {:.2f} m/s (at simulation time 5.992632582206746)
2025-06-04 14:59:26,260 INFO  - Sent InterVehicleMsg: veh_33 | CartesianPoint{x=220.29,y=532.03,z=0.00} | {:.2f} m/s (at simulation time 7.5822934602904155)
2025-06-04 14:59:26,274 INFO  - Sent InterVehicleMsg: veh_33 | CartesianPoint{x=228.63,y=532.04,z=0.00} | {:.2f} m/s (at simulation time 8.325283902453691)
2025-06-04 14:59:26,285 INFO  - Sent InterVehicleMsg: veh_33 | CartesianPoint{x=236.91,y=532.03,z=0.00} | {:.2f} m/s (at simulation time 8.272541107330014)
2025-06-04 14:59:26,298 INFO  - Sent InterVehicleMsg: veh_33 | CartesianPoint{x=245.14,y=532.01,z=0.00} | {:.2f} m/s (at simulation time 8.234290751728414)
2025-06-04 14:59:26,311 INFO  - Sent InterVehicleMsg: veh_33 | CartesianPoint{x=252.49,y=532.00,z=0.00} | {:.2f} m/s (at simulation time 7.351601942110102)
2025-06-04 14:59:26,330 INFO  - Sent InterVehicleMsg: veh_33 | CartesianPoint{x=259.38,y=531.99,z=0.00} | {:.2f} m/s (at simulation time 6.892282723118709)
2025-06-04 14:59:26,372 INFO  - Sent InterVehicleMsg: veh_33 | CartesianPoint{x=267.33,y=531.97,z=0.00} | {:.2f} m/s (at simulation time 7.949902436855373)
2025-06-04 14:59:26,382 INFO  - Sent InterVehicleMsg: veh_33 | CartesianPoint{x=274.63,y=531.96,z=0.00} | {:.2f} m/s (at simulation time 7.2933509432911965)
2025-06-04 14:59:26,393 INFO  - Sent InterVehicleMsg: veh_33 | CartesianPoint{x=283.33,y=531.95,z=0.00} | {:.2f} m/s (at simulation time 8.705408461039744)
2025-06-04 14:59:26,405 INFO  - Sent InterVehicleMsg: veh_33 | CartesianPoint{x=290.29,y=531.94,z=0.00} | {:.2f} m/s (at simulation time 6.9617134786648425)
2025-06-04 14:59:26,416 INFO  - Sent InterVehicleMsg: veh_33 | CartesianPoint{x=299.08,y=531.93,z=0.00} | {:.2f} m/s (at simulation time 8.781499981195376)
2025-06-04 14:59:26,431 INFO  - Sent InterVehicleMsg: veh_33 | CartesianPoint{x=306.88,y=531.92,z=0.00} | {:.2f} m/s (at simulation time 7.803232829925356)
2025-06-04 14:59:26,447 INFO  - Sent InterVehicleMsg: veh_33 | CartesianPoint{x=313.31,y=531.91,z=0.00} | {:.2f} m/s (at simulation time 6.435804801072377)
2025-06-04 14:59:26,460 INFO  - Sent InterVehicleMsg: veh_33 | CartesianPoint{x=320.28,y=531.91,z=0.00} | {:.2f} m/s (at simulation time 6.963955628666329)
2025-06-04 14:59:26,476 INFO  - Sent InterVehicleMsg: veh_33 | CartesianPoint{x=327.24,y=531.90,z=0.00} | {:.2f} m/s (at simulation time 6.960508133588059)
2025-06-04 14:59:26,500 INFO  - Sent InterVehicleMsg: veh_33 | CartesianPoint{x=335.69,y=531.89,z=0.00} | {:.2f} m/s (at simulation time 8.45539255481409)
2025-06-04 14:59:26,513 INFO  - Sent InterVehicleMsg: veh_33 | CartesianPoint{x=344.48,y=531.88,z=0.00} | {:.2f} m/s (at simulation time 8.78861985178039)
2025-06-04 14:59:26,608 INFO  - Shutdown application (at simulation time 245.000,000,000 s)
