2025-05-28 00:39:20,688 INFO  - ------------------------------------------------------------------------------------- (at simulation time 366.000,000,000 s)
2025-05-28 00:39:20,688 INFO  - Initialize veh_71 application (at simulation time 366.000,000,000 s)
2025-05-28 00:39:20,688 INFO  - Activated AdHoc Module (at simulation time 366.000,000,000 s)
2025-05-28 00:39:20,688 INFO  - ------------------------------------------------------------------------------------- (at simulation time 366.000,000,000 s)
2025-05-28 00:39:20,689 INFO  - Sent message to others cars = 'veh_71 | CartesianPoint{x=-0.00,y=532.14,z=0.00}' (at simulation time 366.000,000,000 s)
2025-05-28 00:39:20,758 INFO  - Received event: 366000 (at simulation time IntraVehicleMsg)
2025-05-28 00:39:20,762 INFO  - Sent message to others cars = 'veh_71 | CartesianPoint{x=6.24,y=532.12,z=0.00}' (at simulation time 367.000,000,000 s)
2025-05-28 00:39:20,833 INFO  - Received event: 367000 (at simulation time IntraVehicleMsg)
2025-05-28 00:39:20,836 INFO  - Sent message to others cars = 'veh_71 | CartesianPoint{x=12.83,y=532.10,z=0.00}' (at simulation time 368.000,000,000 s)
2025-05-28 00:39:20,908 INFO  - Received event: 368000 (at simulation time IntraVehicleMsg)
2025-05-28 00:39:20,911 INFO  - Sent message to others cars = 'veh_71 | CartesianPoint{x=19.93,y=532.08,z=0.00}' (at simulation time 369.000,000,000 s)
2025-05-28 00:39:20,987 INFO  - Received event: 369000 (at simulation time IntraVehicleMsg)
2025-05-28 00:39:20,999 INFO  - Sent message to others cars = 'veh_71 | CartesianPoint{x=27.30,y=532.06,z=0.00}' (at simulation time 370.000,000,000 s)
2025-05-28 00:39:21,072 INFO  - Received event: 370000 (at simulation time IntraVehicleMsg)
2025-05-28 00:39:21,075 INFO  - Sent message to others cars = 'veh_71 | CartesianPoint{x=33.75,y=532.03,z=0.00}' (at simulation time 371.000,000,000 s)
2025-05-28 00:39:21,151 INFO  - Received event: 371000 (at simulation time IntraVehicleMsg)
2025-05-28 00:39:21,154 INFO  - Sent message to others cars = 'veh_71 | CartesianPoint{x=40.00,y=532.05,z=0.00}' (at simulation time 372.000,000,000 s)
2025-05-28 00:39:21,230 INFO  - Received event: 372000 (at simulation time IntraVehicleMsg)
2025-05-28 00:39:21,233 INFO  - Sent message to others cars = 'veh_71 | CartesianPoint{x=47.44,y=532.10,z=0.00}' (at simulation time 373.000,000,000 s)
2025-05-28 00:39:21,309 INFO  - Received event: 373000 (at simulation time IntraVehicleMsg)
2025-05-28 00:39:21,312 INFO  - Sent message to others cars = 'veh_71 | CartesianPoint{x=54.49,y=532.15,z=0.00}' (at simulation time 374.000,000,000 s)
2025-05-28 00:39:21,392 INFO  - Received event: 374000 (at simulation time IntraVehicleMsg)
2025-05-28 00:39:21,399 INFO  - Sent message to others cars = 'veh_71 | CartesianPoint{x=61.64,y=529.00,z=0.00}' (at simulation time 375.000,000,000 s)
2025-05-28 00:39:21,477 INFO  - Received event: 375000 (at simulation time IntraVehicleMsg)
2025-05-28 00:39:21,480 INFO  - Sent message to others cars = 'veh_71 | CartesianPoint{x=68.96,y=529.02,z=0.00}' (at simulation time 376.000,000,000 s)
2025-05-28 00:39:21,559 INFO  - Received event: 376000 (at simulation time IntraVehicleMsg)
2025-05-28 00:39:21,566 INFO  - Sent message to others cars = 'veh_71 | CartesianPoint{x=75.44,y=529.03,z=0.00}' (at simulation time 377.000,000,000 s)
2025-05-28 00:39:21,651 INFO  - Received event: 377000 (at simulation time IntraVehicleMsg)
2025-05-28 00:39:21,654 INFO  - Sent message to others cars = 'veh_71 | CartesianPoint{x=82.16,y=529.05,z=0.00}' (at simulation time 378.000,000,000 s)
2025-05-28 00:39:21,737 INFO  - Received event: 378000 (at simulation time IntraVehicleMsg)
2025-05-28 00:39:21,740 INFO  - Sent message to others cars = 'veh_71 | CartesianPoint{x=88.84,y=529.03,z=0.00}' (at simulation time 379.000,000,000 s)
2025-05-28 00:39:21,825 INFO  - Received event: 379000 (at simulation time IntraVehicleMsg)
2025-05-28 00:39:21,828 INFO  - Sent message to others cars = 'veh_71 | CartesianPoint{x=95.46,y=528.95,z=0.00}' (at simulation time 380.000,000,000 s)
2025-05-28 00:39:21,913 INFO  - Received event: 380000 (at simulation time IntraVehicleMsg)
2025-05-28 00:39:21,916 INFO  - Sent message to others cars = 'veh_71 | CartesianPoint{x=102.82,y=528.86,z=0.00}' (at simulation time 381.000,000,000 s)
2025-05-28 00:39:22,013 INFO  - Received event: 381000 (at simulation time IntraVehicleMsg)
2025-05-28 00:39:22,015 INFO  - Sent message to others cars = 'veh_71 | CartesianPoint{x=109.18,y=528.78,z=0.00}' (at simulation time 382.000,000,000 s)
2025-05-28 00:39:22,108 INFO  - Received event: 382000 (at simulation time IntraVehicleMsg)
2025-05-28 00:39:22,111 INFO  - Sent message to others cars = 'veh_71 | CartesianPoint{x=115.56,y=528.70,z=0.00}' (at simulation time 383.000,000,000 s)
2025-05-28 00:39:22,201 INFO  - Received event: 383000 (at simulation time IntraVehicleMsg)
2025-05-28 00:39:22,204 INFO  - Sent message to others cars = 'veh_71 | CartesianPoint{x=122.24,y=528.61,z=0.00}' (at simulation time 384.000,000,000 s)
2025-05-28 00:39:22,292 INFO  - Received event: 384000 (at simulation time IntraVehicleMsg)
2025-05-28 00:39:22,297 INFO  - Sent message to others cars = 'veh_71 | CartesianPoint{x=129.57,y=528.52,z=0.00}' (at simulation time 385.000,000,000 s)
2025-05-28 00:39:22,382 INFO  - Received event: 385000 (at simulation time IntraVehicleMsg)
2025-05-28 00:39:22,393 INFO  - Sent message to others cars = 'veh_71 | CartesianPoint{x=132.67,y=528.48,z=0.00}' (at simulation time 386.000,000,000 s)
2025-05-28 00:39:22,481 INFO  - Received event: 386000 (at simulation time IntraVehicleMsg)
2025-05-28 00:39:22,488 INFO  - Sent message to others cars = 'veh_71 | CartesianPoint{x=133.01,y=528.48,z=0.00}' (at simulation time 387.000,000,000 s)
2025-05-28 00:39:22,582 INFO  - Received event: 387000 (at simulation time IntraVehicleMsg)
2025-05-28 00:39:22,585 INFO  - Sent message to others cars = 'veh_71 | CartesianPoint{x=133.24,y=528.47,z=0.00}' (at simulation time 388.000,000,000 s)
2025-05-28 00:39:22,682 INFO  - Received event: 388000 (at simulation time IntraVehicleMsg)
2025-05-28 00:39:22,685 INFO  - Sent message to others cars = 'veh_71 | CartesianPoint{x=133.28,y=528.47,z=0.00}' (at simulation time 389.000,000,000 s)
2025-05-28 00:39:22,782 INFO  - Received event: 389000 (at simulation time IntraVehicleMsg)
2025-05-28 00:39:22,786 INFO  - Sent message to others cars = 'veh_71 | CartesianPoint{x=133.29,y=528.47,z=0.00}' (at simulation time 390.000,000,000 s)
2025-05-28 00:39:22,888 INFO  - Received event: 390000 (at simulation time IntraVehicleMsg)
2025-05-28 00:39:22,898 INFO  - Sent message to others cars = 'veh_71 | CartesianPoint{x=133.30,y=528.47,z=0.00}' (at simulation time 391.000,000,000 s)
2025-05-28 00:39:22,997 INFO  - Received event: 391000 (at simulation time IntraVehicleMsg)
2025-05-28 00:39:23,001 INFO  - Sent message to others cars = 'veh_71 | CartesianPoint{x=133.30,y=528.47,z=0.00}' (at simulation time 392.000,000,000 s)
2025-05-28 00:39:23,104 INFO  - Received event: 392000 (at simulation time IntraVehicleMsg)
2025-05-28 00:39:23,109 INFO  - Sent message to others cars = 'veh_71 | CartesianPoint{x=133.30,y=528.47,z=0.00}' (at simulation time 393.000,000,000 s)
2025-05-28 00:39:23,210 INFO  - Received event: 393000 (at simulation time IntraVehicleMsg)
2025-05-28 00:39:23,213 INFO  - Sent message to others cars = 'veh_71 | CartesianPoint{x=133.30,y=528.47,z=0.00}' (at simulation time 394.000,000,000 s)
2025-05-28 00:39:23,316 INFO  - Received event: 394000 (at simulation time IntraVehicleMsg)
2025-05-28 00:39:23,320 INFO  - Sent message to others cars = 'veh_71 | CartesianPoint{x=133.30,y=528.47,z=0.00}' (at simulation time 395.000,000,000 s)
2025-05-28 00:39:23,423 INFO  - Received event: 395000 (at simulation time IntraVehicleMsg)
2025-05-28 00:39:23,426 INFO  - Sent message to others cars = 'veh_71 | CartesianPoint{x=133.30,y=528.47,z=0.00}' (at simulation time 396.000,000,000 s)
2025-05-28 00:39:23,533 INFO  - Received event: 396000 (at simulation time IntraVehicleMsg)
2025-05-28 00:39:23,540 INFO  - Sent message to others cars = 'veh_71 | CartesianPoint{x=133.30,y=528.47,z=0.00}' (at simulation time 397.000,000,000 s)
2025-05-28 00:39:23,648 INFO  - Received event: 397000 (at simulation time IntraVehicleMsg)
2025-05-28 00:39:23,651 INFO  - Sent message to others cars = 'veh_71 | CartesianPoint{x=133.30,y=528.47,z=0.00}' (at simulation time 398.000,000,000 s)
2025-05-28 00:39:23,763 INFO  - Received event: 398000 (at simulation time IntraVehicleMsg)
2025-05-28 00:39:23,766 INFO  - Sent message to others cars = 'veh_71 | CartesianPoint{x=133.30,y=528.47,z=0.00}' (at simulation time 399.000,000,000 s)
2025-05-28 00:39:23,871 INFO  - Received event: 399000 (at simulation time IntraVehicleMsg)
2025-05-28 00:39:23,875 INFO  - Sent message to others cars = 'veh_71 | CartesianPoint{x=133.30,y=528.47,z=0.00}' (at simulation time 400.000,000,000 s)
2025-05-28 00:39:23,984 INFO  - Received event: 400000 (at simulation time IntraVehicleMsg)
2025-05-28 00:39:23,987 INFO  - Sent message to others cars = 'veh_71 | CartesianPoint{x=133.30,y=528.47,z=0.00}' (at simulation time 401.000,000,000 s)
2025-05-28 00:39:24,092 INFO  - Received event: 401000 (at simulation time IntraVehicleMsg)
2025-05-28 00:39:24,096 INFO  - Sent message to others cars = 'veh_71 | CartesianPoint{x=133.30,y=528.47,z=0.00}' (at simulation time 402.000,000,000 s)
2025-05-28 00:39:24,204 INFO  - Received event: 402000 (at simulation time IntraVehicleMsg)
2025-05-28 00:39:24,207 INFO  - Sent message to others cars = 'veh_71 | CartesianPoint{x=133.30,y=528.47,z=0.00}' (at simulation time 403.000,000,000 s)
2025-05-28 00:39:24,315 INFO  - Received event: 403000 (at simulation time IntraVehicleMsg)
2025-05-28 00:39:24,321 INFO  - Sent message to others cars = 'veh_71 | CartesianPoint{x=133.30,y=528.47,z=0.00}' (at simulation time 404.000,000,000 s)
2025-05-28 00:39:24,422 INFO  - Received event: 404000 (at simulation time IntraVehicleMsg)
2025-05-28 00:39:24,429 INFO  - Sent message to others cars = 'veh_71 | CartesianPoint{x=133.30,y=528.47,z=0.00}' (at simulation time 405.000,000,000 s)
2025-05-28 00:39:24,521 INFO  - Received event: 405000 (at simulation time IntraVehicleMsg)
2025-05-28 00:39:24,523 INFO  - Sent message to others cars = 'veh_71 | CartesianPoint{x=133.30,y=528.47,z=0.00}' (at simulation time 406.000,000,000 s)
2025-05-28 00:39:24,614 INFO  - Received event: 406000 (at simulation time IntraVehicleMsg)
2025-05-28 00:39:24,616 INFO  - Sent message to others cars = 'veh_71 | CartesianPoint{x=133.30,y=528.47,z=0.00}' (at simulation time 407.000,000,000 s)
2025-05-28 00:39:24,703 INFO  - Received event: 407000 (at simulation time IntraVehicleMsg)
2025-05-28 00:39:24,709 INFO  - Sent message to others cars = 'veh_71 | CartesianPoint{x=133.30,y=528.47,z=0.00}' (at simulation time 408.000,000,000 s)
2025-05-28 00:39:24,799 INFO  - Received event: 408000 (at simulation time IntraVehicleMsg)
2025-05-28 00:39:24,801 INFO  - Sent message to others cars = 'veh_71 | CartesianPoint{x=133.30,y=528.47,z=0.00}' (at simulation time 409.000,000,000 s)
2025-05-28 00:39:24,893 INFO  - Received event: 409000 (at simulation time IntraVehicleMsg)
2025-05-28 00:39:24,896 INFO  - Sent message to others cars = 'veh_71 | CartesianPoint{x=133.30,y=528.47,z=0.00}' (at simulation time 410.000,000,000 s)
2025-05-28 00:39:24,988 INFO  - Received event: 410000 (at simulation time IntraVehicleMsg)
2025-05-28 00:39:24,997 INFO  - Sent message to others cars = 'veh_71 | CartesianPoint{x=135.76,y=528.45,z=0.00}' (at simulation time 411.000,000,000 s)
2025-05-28 00:39:25,080 INFO  - Received event: 411000 (at simulation time IntraVehicleMsg)
2025-05-28 00:39:25,083 INFO  - Sent message to others cars = 'veh_71 | CartesianPoint{x=140.62,y=528.42,z=0.00}' (at simulation time 412.000,000,000 s)
2025-05-28 00:39:25,166 INFO  - Received event: 412000 (at simulation time IntraVehicleMsg)
2025-05-28 00:39:25,169 INFO  - Sent message to others cars = 'veh_71 | CartesianPoint{x=147.58,y=528.37,z=0.00}' (at simulation time 413.000,000,000 s)
2025-05-28 00:39:25,256 INFO  - Received event: 413000 (at simulation time IntraVehicleMsg)
2025-05-28 00:39:25,259 INFO  - Sent message to others cars = 'veh_71 | CartesianPoint{x=154.83,y=528.40,z=0.00}' (at simulation time 414.000,000,000 s)
2025-05-28 00:39:25,345 INFO  - Received event: 414000 (at simulation time IntraVehicleMsg)
2025-05-28 00:39:25,348 INFO  - Sent message to others cars = 'veh_71 | CartesianPoint{x=161.53,y=528.45,z=0.00}' (at simulation time 415.000,000,000 s)
2025-05-28 00:39:25,434 INFO  - Received event: 415000 (at simulation time IntraVehicleMsg)
2025-05-28 00:39:25,437 INFO  - Sent message to others cars = 'veh_71 | CartesianPoint{x=167.86,y=528.49,z=0.00}' (at simulation time 416.000,000,000 s)
2025-05-28 00:39:25,526 INFO  - Received event: 416000 (at simulation time IntraVehicleMsg)
2025-05-28 00:39:25,529 INFO  - Sent message to others cars = 'veh_71 | CartesianPoint{x=175.16,y=528.54,z=0.00}' (at simulation time 417.000,000,000 s)
2025-05-28 00:39:25,608 INFO  - Received event: 417000 (at simulation time IntraVehicleMsg)
2025-05-28 00:39:25,627 INFO  - Sent message to others cars = 'veh_71 | CartesianPoint{x=182.21,y=528.59,z=0.00}' (at simulation time 418.000,000,000 s)
2025-05-28 00:39:25,703 INFO  - Received event: 418000 (at simulation time IntraVehicleMsg)
2025-05-28 00:39:25,706 INFO  - Sent message to others cars = 'veh_71 | CartesianPoint{x=189.09,y=528.64,z=0.00}' (at simulation time 419.000,000,000 s)
2025-05-28 00:39:25,772 INFO  - Received event: 419000 (at simulation time IntraVehicleMsg)
2025-05-28 00:39:25,775 INFO  - Sent message to others cars = 'veh_71 | CartesianPoint{x=196.26,y=528.69,z=0.00}' (at simulation time 420.000,000,000 s)
2025-05-28 00:39:25,839 INFO  - Received event: 420000 (at simulation time IntraVehicleMsg)
2025-05-28 00:39:25,842 INFO  - Sent message to others cars = 'veh_71 | CartesianPoint{x=202.82,y=528.74,z=0.00}' (at simulation time 421.000,000,000 s)
2025-05-28 00:39:25,898 INFO  - Received event: 421000 (at simulation time IntraVehicleMsg)
2025-05-28 00:39:25,900 INFO  - Sent message to others cars = 'veh_71 | CartesianPoint{x=210.14,y=528.79,z=0.00}' (at simulation time 422.000,000,000 s)
2025-05-28 00:39:25,958 INFO  - Received event: 422000 (at simulation time IntraVehicleMsg)
2025-05-28 00:39:25,960 INFO  - Sent message to others cars = 'veh_71 | CartesianPoint{x=214.24,y=528.81,z=0.00}' (at simulation time 423.000,000,000 s)
2025-05-28 00:39:26,017 INFO  - Received event: 423000 (at simulation time IntraVehicleMsg)
2025-05-28 00:39:26,020 INFO  - Sent message to others cars = 'veh_71 | CartesianPoint{x=219.65,y=528.83,z=0.00}' (at simulation time 424.000,000,000 s)
2025-05-28 00:39:26,072 INFO  - Received event: 424000 (at simulation time IntraVehicleMsg)
2025-05-28 00:39:26,077 INFO  - Sent message to others cars = 'veh_71 | CartesianPoint{x=226.88,y=528.84,z=0.00}' (at simulation time 425.000,000,000 s)
2025-05-28 00:39:26,133 INFO  - Received event: 425000 (at simulation time IntraVehicleMsg)
2025-05-28 00:39:26,139 INFO  - Sent message to others cars = 'veh_71 | CartesianPoint{x=233.82,y=528.83,z=0.00}' (at simulation time 426.000,000,000 s)
2025-05-28 00:39:26,191 INFO  - Received event: 426000 (at simulation time IntraVehicleMsg)
2025-05-28 00:39:26,194 INFO  - Sent message to others cars = 'veh_71 | CartesianPoint{x=240.88,y=528.82,z=0.00}' (at simulation time 427.000,000,000 s)
2025-05-28 00:39:26,246 INFO  - Received event: 427000 (at simulation time IntraVehicleMsg)
2025-05-28 00:39:26,252 INFO  - Sent message to others cars = 'veh_71 | CartesianPoint{x=247.55,y=528.81,z=0.00}' (at simulation time 428.000,000,000 s)
2025-05-28 00:39:26,307 INFO  - Received event: 428000 (at simulation time IntraVehicleMsg)
2025-05-28 00:39:26,309 INFO  - Sent message to others cars = 'veh_71 | CartesianPoint{x=254.65,y=528.79,z=0.00}' (at simulation time 429.000,000,000 s)
2025-05-28 00:39:26,363 INFO  - Received event: 429000 (at simulation time IntraVehicleMsg)
2025-05-28 00:39:26,366 INFO  - Sent message to others cars = 'veh_71 | CartesianPoint{x=261.44,y=528.78,z=0.00}' (at simulation time 430.000,000,000 s)
2025-05-28 00:39:26,421 INFO  - Received event: 430000 (at simulation time IntraVehicleMsg)
2025-05-28 00:39:26,423 INFO  - Sent message to others cars = 'veh_71 | CartesianPoint{x=268.64,y=528.77,z=0.00}' (at simulation time 431.000,000,000 s)
2025-05-28 00:39:26,481 INFO  - Received event: 431000 (at simulation time IntraVehicleMsg)
2025-05-28 00:39:26,483 INFO  - Sent message to others cars = 'veh_71 | CartesianPoint{x=275.27,y=528.76,z=0.00}' (at simulation time 432.000,000,000 s)
2025-05-28 00:39:26,543 INFO  - Received event: 432000 (at simulation time IntraVehicleMsg)
2025-05-28 00:39:26,545 INFO  - Sent message to others cars = 'veh_71 | CartesianPoint{x=282.41,y=528.75,z=0.00}' (at simulation time 433.000,000,000 s)
2025-05-28 00:39:26,605 INFO  - Received event: 433000 (at simulation time IntraVehicleMsg)
2025-05-28 00:39:26,613 INFO  - Sent message to others cars = 'veh_71 | CartesianPoint{x=288.76,y=528.74,z=0.00}' (at simulation time 434.000,000,000 s)
2025-05-28 00:39:26,672 INFO  - Received event: 434000 (at simulation time IntraVehicleMsg)
2025-05-28 00:39:26,675 INFO  - Sent message to others cars = 'veh_71 | CartesianPoint{x=296.05,y=528.73,z=0.00}' (at simulation time 435.000,000,000 s)
2025-05-28 00:39:26,739 INFO  - Received event: 435000 (at simulation time IntraVehicleMsg)
2025-05-28 00:39:26,741 INFO  - Sent message to others cars = 'veh_71 | CartesianPoint{x=302.53,y=528.73,z=0.00}' (at simulation time 436.000,000,000 s)
2025-05-28 00:39:26,802 INFO  - Received event: 436000 (at simulation time IntraVehicleMsg)
2025-05-28 00:39:26,804 INFO  - Sent message to others cars = 'veh_71 | CartesianPoint{x=309.68,y=528.72,z=0.00}' (at simulation time 437.000,000,000 s)
2025-05-28 00:39:26,866 INFO  - Received event: 437000 (at simulation time IntraVehicleMsg)
2025-05-28 00:39:26,873 INFO  - Sent message to others cars = 'veh_71 | CartesianPoint{x=316.11,y=528.71,z=0.00}' (at simulation time 438.000,000,000 s)
2025-05-28 00:39:26,937 INFO  - Received event: 438000 (at simulation time IntraVehicleMsg)
2025-05-28 00:39:26,940 INFO  - Sent message to others cars = 'veh_71 | CartesianPoint{x=322.61,y=528.70,z=0.00}' (at simulation time 439.000,000,000 s)
2025-05-28 00:39:27,002 INFO  - Received event: 439000 (at simulation time IntraVehicleMsg)
2025-05-28 00:39:27,005 INFO  - Sent message to others cars = 'veh_71 | CartesianPoint{x=329.77,y=528.69,z=0.00}' (at simulation time 440.000,000,000 s)
2025-05-28 00:39:27,068 INFO  - Received event: 440000 (at simulation time IntraVehicleMsg)
2025-05-28 00:39:27,077 INFO  - Sent message to others cars = 'veh_71 | CartesianPoint{x=336.96,y=528.69,z=0.00}' (at simulation time 441.000,000,000 s)
2025-05-28 00:39:27,139 INFO  - Received event: 441000 (at simulation time IntraVehicleMsg)
2025-05-28 00:39:27,142 INFO  - Sent message to others cars = 'veh_71 | CartesianPoint{x=343.56,y=528.68,z=0.00}' (at simulation time 442.000,000,000 s)
2025-05-28 00:39:27,204 INFO  - Received event: 442000 (at simulation time IntraVehicleMsg)
2025-05-28 00:39:27,207 INFO  - ------------------------------------------------------------------------------------- (at simulation time 443.000,000,000 s)
2025-05-28 00:39:27,207 INFO  - Shutdown application (at simulation time 443.000,000,000 s)
2025-05-28 00:39:27,207 INFO  - ------------------------------------------------------------------------------------- (at simulation time 443.000,000,000 s)
