2025-05-28 00:39:29,097 INFO  - ------------------------------------------------------------------------------------- (at simulation time 469.000,000,000 s)
2025-05-28 00:39:29,098 INFO  - Initialize veh_91 application (at simulation time 469.000,000,000 s)
2025-05-28 00:39:29,098 INFO  - Activated AdHoc Module (at simulation time 469.000,000,000 s)
2025-05-28 00:39:29,098 INFO  - ------------------------------------------------------------------------------------- (at simulation time 469.000,000,000 s)
2025-05-28 00:39:29,098 INFO  - Sent message to others cars = 'veh_91 | CartesianPoint{x=-0.01,y=528.94,z=0.00}' (at simulation time 469.000,000,000 s)
2025-05-28 00:39:29,176 INFO  - Received event: 469000 (at simulation time IntraVehicleMsg)
2025-05-28 00:39:29,180 INFO  - Sent message to others cars = 'veh_91 | CartesianPoint{x=9.97,y=528.91,z=0.00}' (at simulation time 470.000,000,000 s)
2025-05-28 00:39:29,251 INFO  - Received event: 470000 (at simulation time IntraVehicleMsg)
2025-05-28 00:39:29,254 INFO  - Sent message to others cars = 'veh_91 | CartesianPoint{x=19.81,y=528.88,z=0.00}' (at simulation time 471.000,000,000 s)
2025-05-28 00:39:29,327 INFO  - Received event: 471000 (at simulation time IntraVehicleMsg)
2025-05-28 00:39:29,330 INFO  - Sent message to others cars = 'veh_91 | CartesianPoint{x=28.60,y=528.86,z=0.00}' (at simulation time 472.000,000,000 s)
2025-05-28 00:39:29,402 INFO  - Received event: 472000 (at simulation time IntraVehicleMsg)
2025-05-28 00:39:29,405 INFO  - Sent message to others cars = 'veh_91 | CartesianPoint{x=37.76,y=528.83,z=0.00}' (at simulation time 473.000,000,000 s)
2025-05-28 00:39:29,480 INFO  - Received event: 473000 (at simulation time IntraVehicleMsg)
2025-05-28 00:39:29,482 INFO  - Sent message to others cars = 'veh_91 | CartesianPoint{x=47.17,y=528.90,z=0.00}' (at simulation time 474.000,000,000 s)
2025-05-28 00:39:29,554 INFO  - Received event: 474000 (at simulation time IntraVehicleMsg)
2025-05-28 00:39:29,560 INFO  - Sent message to others cars = 'veh_91 | CartesianPoint{x=56.52,y=528.97,z=0.00}' (at simulation time 475.000,000,000 s)
2025-05-28 00:39:29,624 INFO  - Received event: 475000 (at simulation time IntraVehicleMsg)
2025-05-28 00:39:29,626 INFO  - Sent message to others cars = 'veh_91 | CartesianPoint{x=66.14,y=529.01,z=0.00}' (at simulation time 476.000,000,000 s)
2025-05-28 00:39:29,690 INFO  - Received event: 476000 (at simulation time IntraVehicleMsg)
2025-05-28 00:39:29,694 INFO  - Sent message to others cars = 'veh_91 | CartesianPoint{x=75.49,y=529.03,z=0.00}' (at simulation time 477.000,000,000 s)
2025-05-28 00:39:29,759 INFO  - Received event: 477000 (at simulation time IntraVehicleMsg)
2025-05-28 00:39:29,762 INFO  - Sent message to others cars = 'veh_91 | CartesianPoint{x=85.27,y=529.06,z=0.00}' (at simulation time 478.000,000,000 s)
2025-05-28 00:39:29,822 INFO  - Received event: 478000 (at simulation time IntraVehicleMsg)
2025-05-28 00:39:29,824 INFO  - Sent message to others cars = 'veh_91 | CartesianPoint{x=94.35,y=528.96,z=0.00}' (at simulation time 479.000,000,000 s)
2025-05-28 00:39:29,885 INFO  - Received event: 479000 (at simulation time IntraVehicleMsg)
2025-05-28 00:39:29,892 INFO  - Sent message to others cars = 'veh_91 | CartesianPoint{x=103.22,y=528.85,z=0.00}' (at simulation time 480.000,000,000 s)
2025-05-28 00:39:29,955 INFO  - Received event: 480000 (at simulation time IntraVehicleMsg)
2025-05-28 00:39:29,958 INFO  - Sent message to others cars = 'veh_91 | CartesianPoint{x=112.22,y=528.74,z=0.00}' (at simulation time 481.000,000,000 s)
2025-05-28 00:39:30,020 INFO  - Received event: 481000 (at simulation time IntraVehicleMsg)
2025-05-28 00:39:30,022 INFO  - Sent message to others cars = 'veh_91 | CartesianPoint{x=120.58,y=531.83,z=0.00}' (at simulation time 482.000,000,000 s)
2025-05-28 00:39:30,086 INFO  - Received event: 482000 (at simulation time IntraVehicleMsg)
2025-05-28 00:39:30,091 INFO  - Sent message to others cars = 'veh_91 | CartesianPoint{x=129.00,y=531.73,z=0.00}' (at simulation time 483.000,000,000 s)
2025-05-28 00:39:30,157 INFO  - Received event: 483000 (at simulation time IntraVehicleMsg)
2025-05-28 00:39:30,160 INFO  - Sent message to others cars = 'veh_91 | CartesianPoint{x=132.98,y=531.68,z=0.00}' (at simulation time 484.000,000,000 s)
2025-05-28 00:39:30,226 INFO  - Received event: 484000 (at simulation time IntraVehicleMsg)
2025-05-28 00:39:30,229 INFO  - Sent message to others cars = 'veh_91 | CartesianPoint{x=133.19,y=531.67,z=0.00}' (at simulation time 485.000,000,000 s)
2025-05-28 00:39:30,297 INFO  - Received event: 485000 (at simulation time IntraVehicleMsg)
2025-05-28 00:39:30,303 INFO  - Sent message to others cars = 'veh_91 | CartesianPoint{x=133.33,y=531.67,z=0.00}' (at simulation time 486.000,000,000 s)
2025-05-28 00:39:30,371 INFO  - Received event: 486000 (at simulation time IntraVehicleMsg)
2025-05-28 00:39:30,373 INFO  - Sent message to others cars = 'veh_91 | CartesianPoint{x=133.34,y=531.67,z=0.00}' (at simulation time 487.000,000,000 s)
2025-05-28 00:39:30,436 INFO  - Received event: 487000 (at simulation time IntraVehicleMsg)
2025-05-28 00:39:30,438 INFO  - Sent message to others cars = 'veh_91 | CartesianPoint{x=133.34,y=531.67,z=0.00}' (at simulation time 488.000,000,000 s)
2025-05-28 00:39:30,501 INFO  - Received event: 488000 (at simulation time IntraVehicleMsg)
2025-05-28 00:39:30,504 INFO  - Sent message to others cars = 'veh_91 | CartesianPoint{x=133.34,y=531.67,z=0.00}' (at simulation time 489.000,000,000 s)
2025-05-28 00:39:30,567 INFO  - Received event: 489000 (at simulation time IntraVehicleMsg)
2025-05-28 00:39:30,573 INFO  - Sent message to others cars = 'veh_91 | CartesianPoint{x=133.34,y=531.67,z=0.00}' (at simulation time 490.000,000,000 s)
2025-05-28 00:39:30,632 INFO  - Received event: 490000 (at simulation time IntraVehicleMsg)
2025-05-28 00:39:30,635 INFO  - Sent message to others cars = 'veh_91 | CartesianPoint{x=133.34,y=531.67,z=0.00}' (at simulation time 491.000,000,000 s)
2025-05-28 00:39:30,693 INFO  - Received event: 491000 (at simulation time IntraVehicleMsg)
2025-05-28 00:39:30,695 INFO  - Sent message to others cars = 'veh_91 | CartesianPoint{x=133.34,y=531.67,z=0.00}' (at simulation time 492.000,000,000 s)
2025-05-28 00:39:30,756 INFO  - Received event: 492000 (at simulation time IntraVehicleMsg)
2025-05-28 00:39:30,758 INFO  - Sent message to others cars = 'veh_91 | CartesianPoint{x=133.34,y=531.67,z=0.00}' (at simulation time 493.000,000,000 s)
2025-05-28 00:39:30,822 INFO  - Received event: 493000 (at simulation time IntraVehicleMsg)
2025-05-28 00:39:30,827 INFO  - Sent message to others cars = 'veh_91 | CartesianPoint{x=133.34,y=531.67,z=0.00}' (at simulation time 494.000,000,000 s)
2025-05-28 00:39:30,888 INFO  - Received event: 494000 (at simulation time IntraVehicleMsg)
2025-05-28 00:39:30,891 INFO  - Sent message to others cars = 'veh_91 | CartesianPoint{x=133.34,y=531.67,z=0.00}' (at simulation time 495.000,000,000 s)
2025-05-28 00:39:30,954 INFO  - Received event: 495000 (at simulation time IntraVehicleMsg)
2025-05-28 00:39:30,957 INFO  - Sent message to others cars = 'veh_91 | CartesianPoint{x=133.34,y=531.67,z=0.00}' (at simulation time 496.000,000,000 s)
2025-05-28 00:39:31,022 INFO  - Received event: 496000 (at simulation time IntraVehicleMsg)
2025-05-28 00:39:31,024 INFO  - Sent message to others cars = 'veh_91 | CartesianPoint{x=133.34,y=531.67,z=0.00}' (at simulation time 497.000,000,000 s)
2025-05-28 00:39:31,094 INFO  - Received event: 497000 (at simulation time IntraVehicleMsg)
2025-05-28 00:39:31,096 INFO  - Sent message to others cars = 'veh_91 | CartesianPoint{x=133.34,y=531.67,z=0.00}' (at simulation time 498.000,000,000 s)
2025-05-28 00:39:31,159 INFO  - Received event: 498000 (at simulation time IntraVehicleMsg)
2025-05-28 00:39:31,166 INFO  - Sent message to others cars = 'veh_91 | CartesianPoint{x=133.34,y=531.67,z=0.00}' (at simulation time 499.000,000,000 s)
2025-05-28 00:39:31,224 INFO  - Received event: 499000 (at simulation time IntraVehicleMsg)
2025-05-28 00:39:31,231 INFO  - Sent message to others cars = 'veh_91 | CartesianPoint{x=133.34,y=531.67,z=0.00}' (at simulation time 500.000,000,000 s)
2025-05-28 00:39:31,291 INFO  - Received event: 500000 (at simulation time IntraVehicleMsg)
2025-05-28 00:39:31,294 INFO  - Sent message to others cars = 'veh_91 | CartesianPoint{x=133.34,y=531.67,z=0.00}' (at simulation time 501.000,000,000 s)
2025-05-28 00:39:31,351 INFO  - Received event: 501000 (at simulation time IntraVehicleMsg)
2025-05-28 00:39:31,353 INFO  - Sent message to others cars = 'veh_91 | CartesianPoint{x=133.34,y=531.67,z=0.00}' (at simulation time 502.000,000,000 s)
2025-05-28 00:39:31,408 INFO  - Received event: 502000 (at simulation time IntraVehicleMsg)
2025-05-28 00:39:31,411 INFO  - Sent message to others cars = 'veh_91 | CartesianPoint{x=133.34,y=531.67,z=0.00}' (at simulation time 503.000,000,000 s)
2025-05-28 00:39:31,466 INFO  - Received event: 503000 (at simulation time IntraVehicleMsg)
2025-05-28 00:39:31,469 INFO  - Sent message to others cars = 'veh_91 | CartesianPoint{x=133.34,y=531.67,z=0.00}' (at simulation time 504.000,000,000 s)
2025-05-28 00:39:31,525 INFO  - Received event: 504000 (at simulation time IntraVehicleMsg)
2025-05-28 00:39:31,530 INFO  - Sent message to others cars = 'veh_91 | CartesianPoint{x=133.34,y=531.67,z=0.00}' (at simulation time 505.000,000,000 s)
2025-05-28 00:39:31,584 INFO  - Received event: 505000 (at simulation time IntraVehicleMsg)
2025-05-28 00:39:31,587 INFO  - Sent message to others cars = 'veh_91 | CartesianPoint{x=133.34,y=531.67,z=0.00}' (at simulation time 506.000,000,000 s)
2025-05-28 00:39:31,636 INFO  - Received event: 506000 (at simulation time IntraVehicleMsg)
2025-05-28 00:39:31,639 INFO  - Sent message to others cars = 'veh_91 | CartesianPoint{x=133.34,y=531.67,z=0.00}' (at simulation time 507.000,000,000 s)
2025-05-28 00:39:31,691 INFO  - Received event: 507000 (at simulation time IntraVehicleMsg)
2025-05-28 00:39:31,695 INFO  - Sent message to others cars = 'veh_91 | CartesianPoint{x=133.34,y=531.67,z=0.00}' (at simulation time 508.000,000,000 s)
2025-05-28 00:39:31,745 INFO  - Received event: 508000 (at simulation time IntraVehicleMsg)
2025-05-28 00:39:31,748 INFO  - Sent message to others cars = 'veh_91 | CartesianPoint{x=133.34,y=531.67,z=0.00}' (at simulation time 509.000,000,000 s)
2025-05-28 00:39:31,803 INFO  - Received event: 509000 (at simulation time IntraVehicleMsg)
2025-05-28 00:39:31,819 INFO  - Sent message to others cars = 'veh_91 | CartesianPoint{x=133.34,y=531.67,z=0.00}' (at simulation time 510.000,000,000 s)
2025-05-28 00:39:31,870 INFO  - Received event: 510000 (at simulation time IntraVehicleMsg)
2025-05-28 00:39:31,873 INFO  - Sent message to others cars = 'veh_91 | CartesianPoint{x=133.34,y=531.67,z=0.00}' (at simulation time 511.000,000,000 s)
2025-05-28 00:39:31,929 INFO  - Received event: 511000 (at simulation time IntraVehicleMsg)
2025-05-28 00:39:31,932 INFO  - Sent message to others cars = 'veh_91 | CartesianPoint{x=133.34,y=531.67,z=0.00}' (at simulation time 512.000,000,000 s)
2025-05-28 00:39:31,984 INFO  - Received event: 512000 (at simulation time IntraVehicleMsg)
2025-05-28 00:39:31,987 INFO  - Sent message to others cars = 'veh_91 | CartesianPoint{x=133.34,y=531.67,z=0.00}' (at simulation time 513.000,000,000 s)
2025-05-28 00:39:32,043 INFO  - Received event: 513000 (at simulation time IntraVehicleMsg)
2025-05-28 00:39:32,064 INFO  - Sent message to others cars = 'veh_91 | CartesianPoint{x=133.34,y=531.67,z=0.00}' (at simulation time 514.000,000,000 s)
2025-05-28 00:39:32,117 INFO  - Received event: 514000 (at simulation time IntraVehicleMsg)
2025-05-28 00:39:32,119 INFO  - Sent message to others cars = 'veh_91 | CartesianPoint{x=133.34,y=531.67,z=0.00}' (at simulation time 515.000,000,000 s)
2025-05-28 00:39:32,183 INFO  - Received event: 515000 (at simulation time IntraVehicleMsg)
2025-05-28 00:39:32,185 INFO  - Sent message to others cars = 'veh_91 | CartesianPoint{x=133.34,y=531.67,z=0.00}' (at simulation time 516.000,000,000 s)
2025-05-28 00:39:32,229 INFO  - Received event: 516000 (at simulation time IntraVehicleMsg)
2025-05-28 00:39:32,236 INFO  - Sent message to others cars = 'veh_91 | CartesianPoint{x=133.34,y=531.67,z=0.00}' (at simulation time 517.000,000,000 s)
2025-05-28 00:39:32,278 INFO  - Received event: 517000 (at simulation time IntraVehicleMsg)
2025-05-28 00:39:32,284 INFO  - Sent message to others cars = 'veh_91 | CartesianPoint{x=133.34,y=531.67,z=0.00}' (at simulation time 518.000,000,000 s)
2025-05-28 00:39:32,325 INFO  - Received event: 518000 (at simulation time IntraVehicleMsg)
2025-05-28 00:39:32,327 INFO  - Sent message to others cars = 'veh_91 | CartesianPoint{x=133.34,y=531.67,z=0.00}' (at simulation time 519.000,000,000 s)
2025-05-28 00:39:32,369 INFO  - Received event: 519000 (at simulation time IntraVehicleMsg)
2025-05-28 00:39:32,373 INFO  - Sent message to others cars = 'veh_91 | CartesianPoint{x=133.34,y=531.67,z=0.00}' (at simulation time 520.000,000,000 s)
2025-05-28 00:39:32,410 INFO  - Received event: 520000 (at simulation time IntraVehicleMsg)
2025-05-28 00:39:32,417 INFO  - Sent message to others cars = 'veh_91 | CartesianPoint{x=133.34,y=531.67,z=0.00}' (at simulation time 521.000,000,000 s)
2025-05-28 00:39:32,456 INFO  - Received event: 521000 (at simulation time IntraVehicleMsg)
2025-05-28 00:39:32,465 INFO  - Sent message to others cars = 'veh_91 | CartesianPoint{x=133.34,y=531.67,z=0.00}' (at simulation time 522.000,000,000 s)
2025-05-28 00:39:32,502 INFO  - Received event: 522000 (at simulation time IntraVehicleMsg)
2025-05-28 00:39:32,505 INFO  - Sent message to others cars = 'veh_91 | CartesianPoint{x=133.34,y=531.67,z=0.00}' (at simulation time 523.000,000,000 s)
2025-05-28 00:39:32,543 INFO  - Received event: 523000 (at simulation time IntraVehicleMsg)
2025-05-28 00:39:32,546 INFO  - Sent message to others cars = 'veh_91 | CartesianPoint{x=133.34,y=531.67,z=0.00}' (at simulation time 524.000,000,000 s)
2025-05-28 00:39:32,586 INFO  - Received event: 524000 (at simulation time IntraVehicleMsg)
2025-05-28 00:39:32,594 INFO  - Sent message to others cars = 'veh_91 | CartesianPoint{x=133.34,y=531.67,z=0.00}' (at simulation time 525.000,000,000 s)
2025-05-28 00:39:32,635 INFO  - Received event: 525000 (at simulation time IntraVehicleMsg)
2025-05-28 00:39:32,638 INFO  - Sent message to others cars = 'veh_91 | CartesianPoint{x=133.34,y=531.67,z=0.00}' (at simulation time 526.000,000,000 s)
2025-05-28 00:39:32,679 INFO  - Received event: 526000 (at simulation time IntraVehicleMsg)
2025-05-28 00:39:32,682 INFO  - Sent message to others cars = 'veh_91 | CartesianPoint{x=133.34,y=531.67,z=0.00}' (at simulation time 527.000,000,000 s)
2025-05-28 00:39:32,724 INFO  - Received event: 527000 (at simulation time IntraVehicleMsg)
2025-05-28 00:39:32,727 INFO  - Sent message to others cars = 'veh_91 | CartesianPoint{x=133.34,y=531.67,z=0.00}' (at simulation time 528.000,000,000 s)
2025-05-28 00:39:32,770 INFO  - Received event: 528000 (at simulation time IntraVehicleMsg)
2025-05-28 00:39:32,773 INFO  - Sent message to others cars = 'veh_91 | CartesianPoint{x=133.34,y=531.67,z=0.00}' (at simulation time 529.000,000,000 s)
2025-05-28 00:39:32,817 INFO  - Received event: 529000 (at simulation time IntraVehicleMsg)
2025-05-28 00:39:32,820 INFO  - Sent message to others cars = 'veh_91 | CartesianPoint{x=133.34,y=531.67,z=0.00}' (at simulation time 530.000,000,000 s)
2025-05-28 00:39:32,867 INFO  - Received event: 530000 (at simulation time IntraVehicleMsg)
2025-05-28 00:39:32,873 INFO  - Sent message to others cars = 'veh_91 | CartesianPoint{x=133.34,y=531.67,z=0.00}' (at simulation time 531.000,000,000 s)
2025-05-28 00:39:32,920 INFO  - Received event: 531000 (at simulation time IntraVehicleMsg)
2025-05-28 00:39:32,923 INFO  - Sent message to others cars = 'veh_91 | CartesianPoint{x=133.34,y=531.67,z=0.00}' (at simulation time 532.000,000,000 s)
2025-05-28 00:39:32,971 INFO  - Received event: 532000 (at simulation time IntraVehicleMsg)
2025-05-28 00:39:32,974 INFO  - Sent message to others cars = 'veh_91 | CartesianPoint{x=135.37,y=531.65,z=0.00}' (at simulation time 533.000,000,000 s)
2025-05-28 00:39:33,023 INFO  - Received event: 533000 (at simulation time IntraVehicleMsg)
2025-05-28 00:39:33,026 INFO  - Sent message to others cars = 'veh_91 | CartesianPoint{x=139.97,y=531.62,z=0.00}' (at simulation time 534.000,000,000 s)
2025-05-28 00:39:33,079 INFO  - Received event: 534000 (at simulation time IntraVehicleMsg)
2025-05-28 00:39:33,092 INFO  - Sent message to others cars = 'veh_91 | CartesianPoint{x=146.24,y=531.58,z=0.00}' (at simulation time 535.000,000,000 s)
2025-05-28 00:39:33,141 INFO  - Received event: 535000 (at simulation time IntraVehicleMsg)
2025-05-28 00:39:33,145 INFO  - Sent message to others cars = 'veh_91 | CartesianPoint{x=154.02,y=531.60,z=0.00}' (at simulation time 536.000,000,000 s)
2025-05-28 00:39:33,195 INFO  - Received event: 536000 (at simulation time IntraVehicleMsg)
2025-05-28 00:39:33,198 INFO  - Sent message to others cars = 'veh_91 | CartesianPoint{x=162.95,y=531.66,z=0.00}' (at simulation time 537.000,000,000 s)
2025-05-28 00:39:33,249 INFO  - Received event: 537000 (at simulation time IntraVehicleMsg)
2025-05-28 00:39:33,252 INFO  - Sent message to others cars = 'veh_91 | CartesianPoint{x=172.53,y=531.73,z=0.00}' (at simulation time 538.000,000,000 s)
2025-05-28 00:39:33,305 INFO  - Received event: 538000 (at simulation time IntraVehicleMsg)
2025-05-28 00:39:33,308 INFO  - Sent message to others cars = 'veh_91 | CartesianPoint{x=182.00,y=531.79,z=0.00}' (at simulation time 539.000,000,000 s)
2025-05-28 00:39:33,362 INFO  - Received event: 539000 (at simulation time IntraVehicleMsg)
2025-05-28 00:39:33,365 INFO  - Sent message to others cars = 'veh_91 | CartesianPoint{x=190.77,y=531.85,z=0.00}' (at simulation time 540.000,000,000 s)
2025-05-28 00:39:33,420 INFO  - Received event: 540000 (at simulation time IntraVehicleMsg)
2025-05-28 00:39:33,443 INFO  - Sent message to others cars = 'veh_91 | CartesianPoint{x=200.33,y=531.92,z=0.00}' (at simulation time 541.000,000,000 s)
2025-05-28 00:39:33,500 INFO  - Received event: 541000 (at simulation time IntraVehicleMsg)
2025-05-28 00:39:33,503 INFO  - Sent message to others cars = 'veh_91 | CartesianPoint{x=209.21,y=531.98,z=0.00}' (at simulation time 542.000,000,000 s)
2025-05-28 00:39:33,560 INFO  - Received event: 542000 (at simulation time IntraVehicleMsg)
2025-05-28 00:39:33,563 INFO  - Sent message to others cars = 'veh_91 | CartesianPoint{x=214.77,y=532.02,z=0.00}' (at simulation time 543.000,000,000 s)
2025-05-28 00:39:33,620 INFO  - Received event: 543000 (at simulation time IntraVehicleMsg)
2025-05-28 00:39:33,623 INFO  - Sent message to others cars = 'veh_91 | CartesianPoint{x=221.84,y=532.03,z=0.00}' (at simulation time 544.000,000,000 s)
2025-05-28 00:39:33,681 INFO  - Received event: 544000 (at simulation time IntraVehicleMsg)
2025-05-28 00:39:33,685 INFO  - Sent message to others cars = 'veh_91 | CartesianPoint{x=231.31,y=532.04,z=0.00}' (at simulation time 545.000,000,000 s)
2025-05-28 00:39:33,747 INFO  - Received event: 545000 (at simulation time IntraVehicleMsg)
2025-05-28 00:39:33,749 INFO  - Sent message to others cars = 'veh_91 | CartesianPoint{x=240.92,y=532.02,z=0.00}' (at simulation time 546.000,000,000 s)
2025-05-28 00:39:33,812 INFO  - Received event: 546000 (at simulation time IntraVehicleMsg)
2025-05-28 00:39:33,815 INFO  - Sent message to others cars = 'veh_91 | CartesianPoint{x=250.03,y=532.00,z=0.00}' (at simulation time 547.000,000,000 s)
2025-05-28 00:39:33,879 INFO  - Received event: 547000 (at simulation time IntraVehicleMsg)
2025-05-28 00:39:33,894 INFO  - Sent message to others cars = 'veh_91 | CartesianPoint{x=258.74,y=531.99,z=0.00}' (at simulation time 548.000,000,000 s)
2025-05-28 00:39:33,962 INFO  - Received event: 548000 (at simulation time IntraVehicleMsg)
2025-05-28 00:39:33,973 INFO  - Sent message to others cars = 'veh_91 | CartesianPoint{x=267.81,y=531.97,z=0.00}' (at simulation time 549.000,000,000 s)
2025-05-28 00:39:34,038 INFO  - Received event: 549000 (at simulation time IntraVehicleMsg)
2025-05-28 00:39:34,043 INFO  - Sent message to others cars = 'veh_91 | CartesianPoint{x=277.08,y=531.96,z=0.00}' (at simulation time 550.000,000,000 s)
2025-05-28 00:39:34,108 INFO  - Received event: 550000 (at simulation time IntraVehicleMsg)
2025-05-28 00:39:34,111 INFO  - Sent message to others cars = 'veh_91 | CartesianPoint{x=286.74,y=531.94,z=0.00}' (at simulation time 551.000,000,000 s)
2025-05-28 00:39:34,179 INFO  - Received event: 551000 (at simulation time IntraVehicleMsg)
2025-05-28 00:39:34,186 INFO  - Sent message to others cars = 'veh_91 | CartesianPoint{x=295.48,y=531.93,z=0.00}' (at simulation time 552.000,000,000 s)
2025-05-28 00:39:34,256 INFO  - Received event: 552000 (at simulation time IntraVehicleMsg)
2025-05-28 00:39:34,259 INFO  - Sent message to others cars = 'veh_91 | CartesianPoint{x=304.56,y=531.92,z=0.00}' (at simulation time 553.000,000,000 s)
2025-05-28 00:39:34,329 INFO  - Received event: 553000 (at simulation time IntraVehicleMsg)
2025-05-28 00:39:34,334 INFO  - Sent message to others cars = 'veh_91 | CartesianPoint{x=314.08,y=531.91,z=0.00}' (at simulation time 554.000,000,000 s)
2025-05-28 00:39:34,406 INFO  - Received event: 554000 (at simulation time IntraVehicleMsg)
2025-05-28 00:39:34,420 INFO  - Sent message to others cars = 'veh_91 | CartesianPoint{x=323.11,y=531.90,z=0.00}' (at simulation time 555.000,000,000 s)
2025-05-28 00:39:34,496 INFO  - Received event: 555000 (at simulation time IntraVehicleMsg)
2025-05-28 00:39:34,508 INFO  - Sent message to others cars = 'veh_91 | CartesianPoint{x=332.47,y=531.89,z=0.00}' (at simulation time 556.000,000,000 s)
2025-05-28 00:39:34,581 INFO  - Received event: 556000 (at simulation time IntraVehicleMsg)
2025-05-28 00:39:34,585 INFO  - Sent message to others cars = 'veh_91 | CartesianPoint{x=341.73,y=531.88,z=0.00}' (at simulation time 557.000,000,000 s)
2025-05-28 00:39:34,657 INFO  - Received event: 557000 (at simulation time IntraVehicleMsg)
2025-05-28 00:39:34,661 INFO  - ------------------------------------------------------------------------------------- (at simulation time 558.000,000,000 s)
2025-05-28 00:39:34,661 INFO  - Shutdown application (at simulation time 558.000,000,000 s)
2025-05-28 00:39:34,661 INFO  - ------------------------------------------------------------------------------------- (at simulation time 558.000,000,000 s)
