2025-05-28 00:33:58,537 INFO  - ------------------------------------------------------------------------------------- (at simulation time 562.000,000,000 s)
2025-05-28 00:33:58,537 INFO  - Initialize veh_109 application (at simulation time 562.000,000,000 s)
2025-05-28 00:33:58,537 INFO  - Activated AdHoc Module (at simulation time 562.000,000,000 s)
2025-05-28 00:33:58,537 INFO  - ------------------------------------------------------------------------------------- (at simulation time 562.000,000,000 s)
2025-05-28 00:33:58,538 INFO  - Sent message to others cars = 'veh_109 | CartesianPoint{x=-0.00,y=532.14,z=0.00}' (at simulation time 562.000,000,000 s)
2025-05-28 00:33:58,613 INFO  - Received event: 562000 (at simulation time IntraVehicleMsg)
2025-05-28 00:33:58,617 INFO  - Sent message to others cars = 'veh_109 | CartesianPoint{x=9.18,y=532.11,z=0.00}' (at simulation time 563.000,000,000 s)
2025-05-28 00:33:58,693 INFO  - Received event: 563000 (at simulation time IntraVehicleMsg)
2025-05-28 00:33:58,696 INFO  - Sent message to others cars = 'veh_109 | CartesianPoint{x=18.28,y=532.09,z=0.00}' (at simulation time 564.000,000,000 s)
2025-05-28 00:33:58,774 INFO  - Received event: 564000 (at simulation time IntraVehicleMsg)
2025-05-28 00:33:58,777 INFO  - Sent message to others cars = 'veh_109 | CartesianPoint{x=26.70,y=532.06,z=0.00}' (at simulation time 565.000,000,000 s)
2025-05-28 00:33:58,859 INFO  - Received event: 565000 (at simulation time IntraVehicleMsg)
2025-05-28 00:33:58,862 INFO  - Sent message to others cars = 'veh_109 | CartesianPoint{x=35.33,y=532.03,z=0.00}' (at simulation time 566.000,000,000 s)
2025-05-28 00:33:58,942 INFO  - Received event: 566000 (at simulation time IntraVehicleMsg)
2025-05-28 00:33:58,945 INFO  - Sent message to others cars = 'veh_109 | CartesianPoint{x=44.61,y=532.08,z=0.00}' (at simulation time 567.000,000,000 s)
2025-05-28 00:33:59,019 INFO  - Received event: 567000 (at simulation time IntraVehicleMsg)
2025-05-28 00:33:59,022 INFO  - Sent message to others cars = 'veh_109 | CartesianPoint{x=53.68,y=532.15,z=0.00}' (at simulation time 568.000,000,000 s)
2025-05-28 00:33:59,088 INFO  - Received event: 568000 (at simulation time IntraVehicleMsg)
2025-05-28 00:33:59,090 INFO  - Sent message to others cars = 'veh_109 | CartesianPoint{x=62.78,y=532.20,z=0.00}' (at simulation time 569.000,000,000 s)
2025-05-28 00:33:59,159 INFO  - Received event: 569000 (at simulation time IntraVehicleMsg)
2025-05-28 00:33:59,162 INFO  - Sent message to others cars = 'veh_109 | CartesianPoint{x=71.50,y=532.23,z=0.00}' (at simulation time 570.000,000,000 s)
2025-05-28 00:33:59,237 INFO  - Received event: 570000 (at simulation time IntraVehicleMsg)
2025-05-28 00:33:59,249 INFO  - Sent message to others cars = 'veh_109 | CartesianPoint{x=79.84,y=532.24,z=0.00}' (at simulation time 571.000,000,000 s)
2025-05-28 00:33:59,313 INFO  - Received event: 571000 (at simulation time IntraVehicleMsg)
2025-05-28 00:33:59,323 INFO  - Sent message to others cars = 'veh_109 | CartesianPoint{x=88.62,y=532.24,z=0.00}' (at simulation time 572.000,000,000 s)
2025-05-28 00:33:59,389 INFO  - Received event: 572000 (at simulation time IntraVehicleMsg)
2025-05-28 00:33:59,391 INFO  - Sent message to others cars = 'veh_109 | CartesianPoint{x=96.91,y=532.13,z=0.00}' (at simulation time 573.000,000,000 s)
2025-05-28 00:33:59,457 INFO  - Received event: 573000 (at simulation time IntraVehicleMsg)
2025-05-28 00:33:59,460 INFO  - Sent message to others cars = 'veh_109 | CartesianPoint{x=105.59,y=532.02,z=0.00}' (at simulation time 574.000,000,000 s)
2025-05-28 00:33:59,521 INFO  - Received event: 574000 (at simulation time IntraVehicleMsg)
2025-05-28 00:33:59,533 INFO  - Sent message to others cars = 'veh_109 | CartesianPoint{x=114.93,y=531.91,z=0.00}' (at simulation time 575.000,000,000 s)
2025-05-28 00:33:59,598 INFO  - Received event: 575000 (at simulation time IntraVehicleMsg)
2025-05-28 00:33:59,607 INFO  - Sent message to others cars = 'veh_109 | CartesianPoint{x=122.31,y=531.81,z=0.00}' (at simulation time 576.000,000,000 s)
2025-05-28 00:33:59,667 INFO  - Received event: 576000 (at simulation time IntraVehicleMsg)
2025-05-28 00:33:59,672 INFO  - Sent message to others cars = 'veh_109 | CartesianPoint{x=126.13,y=531.76,z=0.00}' (at simulation time 577.000,000,000 s)
2025-05-28 00:33:59,730 INFO  - Received event: 577000 (at simulation time IntraVehicleMsg)
2025-05-28 00:33:59,733 INFO  - Sent message to others cars = 'veh_109 | CartesianPoint{x=126.47,y=531.76,z=0.00}' (at simulation time 578.000,000,000 s)
2025-05-28 00:33:59,793 INFO  - Received event: 578000 (at simulation time IntraVehicleMsg)
2025-05-28 00:33:59,796 INFO  - Sent message to others cars = 'veh_109 | CartesianPoint{x=126.74,y=531.76,z=0.00}' (at simulation time 579.000,000,000 s)
2025-05-28 00:33:59,857 INFO  - Received event: 579000 (at simulation time IntraVehicleMsg)
2025-05-28 00:33:59,860 INFO  - Sent message to others cars = 'veh_109 | CartesianPoint{x=126.83,y=531.75,z=0.00}' (at simulation time 580.000,000,000 s)
2025-05-28 00:33:59,919 INFO  - Received event: 580000 (at simulation time IntraVehicleMsg)
2025-05-28 00:33:59,922 INFO  - Sent message to others cars = 'veh_109 | CartesianPoint{x=126.84,y=531.75,z=0.00}' (at simulation time 581.000,000,000 s)
2025-05-28 00:33:59,977 INFO  - Received event: 581000 (at simulation time IntraVehicleMsg)
2025-05-28 00:33:59,984 INFO  - Sent message to others cars = 'veh_109 | CartesianPoint{x=126.84,y=531.75,z=0.00}' (at simulation time 582.000,000,000 s)
2025-05-28 00:34:00,035 INFO  - Received event: 582000 (at simulation time IntraVehicleMsg)
2025-05-28 00:34:00,037 INFO  - Sent message to others cars = 'veh_109 | CartesianPoint{x=126.84,y=531.75,z=0.00}' (at simulation time 583.000,000,000 s)
2025-05-28 00:34:00,090 INFO  - Received event: 583000 (at simulation time IntraVehicleMsg)
2025-05-28 00:34:00,092 INFO  - Sent message to others cars = 'veh_109 | CartesianPoint{x=126.84,y=531.75,z=0.00}' (at simulation time 584.000,000,000 s)
2025-05-28 00:34:00,144 INFO  - Received event: 584000 (at simulation time IntraVehicleMsg)
2025-05-28 00:34:00,153 INFO  - Sent message to others cars = 'veh_109 | CartesianPoint{x=126.84,y=531.75,z=0.00}' (at simulation time 585.000,000,000 s)
2025-05-28 00:34:00,197 INFO  - Received event: 585000 (at simulation time IntraVehicleMsg)
2025-05-28 00:34:00,199 INFO  - Sent message to others cars = 'veh_109 | CartesianPoint{x=126.84,y=531.75,z=0.00}' (at simulation time 586.000,000,000 s)
2025-05-28 00:34:00,242 INFO  - Received event: 586000 (at simulation time IntraVehicleMsg)
2025-05-28 00:34:00,245 INFO  - Sent message to others cars = 'veh_109 | CartesianPoint{x=126.84,y=531.75,z=0.00}' (at simulation time 587.000,000,000 s)
2025-05-28 00:34:00,292 INFO  - Received event: 587000 (at simulation time IntraVehicleMsg)
2025-05-28 00:34:00,294 INFO  - Sent message to others cars = 'veh_109 | CartesianPoint{x=126.84,y=531.75,z=0.00}' (at simulation time 588.000,000,000 s)
2025-05-28 00:34:00,340 INFO  - Received event: 588000 (at simulation time IntraVehicleMsg)
2025-05-28 00:34:00,345 INFO  - Sent message to others cars = 'veh_109 | CartesianPoint{x=126.84,y=531.75,z=0.00}' (at simulation time 589.000,000,000 s)
2025-05-28 00:34:00,392 INFO  - Received event: 589000 (at simulation time IntraVehicleMsg)
2025-05-28 00:34:00,395 INFO  - Sent message to others cars = 'veh_109 | CartesianPoint{x=126.84,y=531.75,z=0.00}' (at simulation time 590.000,000,000 s)
2025-05-28 00:34:00,443 INFO  - Received event: 590000 (at simulation time IntraVehicleMsg)
2025-05-28 00:34:00,445 INFO  - Sent message to others cars = 'veh_109 | CartesianPoint{x=126.84,y=531.75,z=0.00}' (at simulation time 591.000,000,000 s)
2025-05-28 00:34:00,496 INFO  - Received event: 591000 (at simulation time IntraVehicleMsg)
2025-05-28 00:34:00,498 INFO  - Sent message to others cars = 'veh_109 | CartesianPoint{x=126.84,y=531.75,z=0.00}' (at simulation time 592.000,000,000 s)
2025-05-28 00:34:00,551 INFO  - Received event: 592000 (at simulation time IntraVehicleMsg)
2025-05-28 00:34:00,558 INFO  - Sent message to others cars = 'veh_109 | CartesianPoint{x=126.84,y=531.75,z=0.00}' (at simulation time 593.000,000,000 s)
2025-05-28 00:34:00,610 INFO  - Received event: 593000 (at simulation time IntraVehicleMsg)
2025-05-28 00:34:00,613 INFO  - Sent message to others cars = 'veh_109 | CartesianPoint{x=126.84,y=531.75,z=0.00}' (at simulation time 594.000,000,000 s)
2025-05-28 00:34:00,659 INFO  - Received event: 594000 (at simulation time IntraVehicleMsg)
2025-05-28 00:34:00,662 INFO  - Sent message to others cars = 'veh_109 | CartesianPoint{x=126.84,y=531.75,z=0.00}' (at simulation time 595.000,000,000 s)
2025-05-28 00:34:00,711 INFO  - Received event: 595000 (at simulation time IntraVehicleMsg)
2025-05-28 00:34:00,726 INFO  - Sent message to others cars = 'veh_109 | CartesianPoint{x=126.84,y=531.75,z=0.00}' (at simulation time 596.000,000,000 s)
2025-05-28 00:34:00,777 INFO  - Received event: 596000 (at simulation time IntraVehicleMsg)
2025-05-28 00:34:00,788 INFO  - Sent message to others cars = 'veh_109 | CartesianPoint{x=126.84,y=531.75,z=0.00}' (at simulation time 597.000,000,000 s)
2025-05-28 00:34:00,840 INFO  - Received event: 597000 (at simulation time IntraVehicleMsg)
2025-05-28 00:34:00,846 INFO  - Sent message to others cars = 'veh_109 | CartesianPoint{x=126.84,y=531.75,z=0.00}' (at simulation time 598.000,000,000 s)
2025-05-28 00:34:00,898 INFO  - Received event: 598000 (at simulation time IntraVehicleMsg)
2025-05-28 00:34:00,901 INFO  - Sent message to others cars = 'veh_109 | CartesianPoint{x=126.84,y=531.75,z=0.00}' (at simulation time 599.000,000,000 s)
2025-05-28 00:34:00,953 INFO  - Received event: 599000 (at simulation time IntraVehicleMsg)
2025-05-28 00:34:00,956 INFO  - Sent message to others cars = 'veh_109 | CartesianPoint{x=126.84,y=531.75,z=0.00}' (at simulation time 600.000,000,000 s)
2025-05-28 00:34:01,009 INFO  - Received event: 600000 (at simulation time IntraVehicleMsg)
2025-05-28 00:34:01,012 INFO  - Sent message to others cars = 'veh_109 | CartesianPoint{x=126.84,y=531.75,z=0.00}' (at simulation time 601.000,000,000 s)
2025-05-28 00:34:01,066 INFO  - Received event: 601000 (at simulation time IntraVehicleMsg)
2025-05-28 00:34:01,069 INFO  - Sent message to others cars = 'veh_109 | CartesianPoint{x=126.84,y=531.75,z=0.00}' (at simulation time 602.000,000,000 s)
2025-05-28 00:34:01,121 INFO  - Received event: 602000 (at simulation time IntraVehicleMsg)
2025-05-28 00:34:01,127 INFO  - Sent message to others cars = 'veh_109 | CartesianPoint{x=126.84,y=531.75,z=0.00}' (at simulation time 603.000,000,000 s)
2025-05-28 00:34:01,183 INFO  - Received event: 603000 (at simulation time IntraVehicleMsg)
2025-05-28 00:34:01,187 INFO  - Sent message to others cars = 'veh_109 | CartesianPoint{x=126.84,y=531.75,z=0.00}' (at simulation time 604.000,000,000 s)
2025-05-28 00:34:01,244 INFO  - Received event: 604000 (at simulation time IntraVehicleMsg)
2025-05-28 00:34:01,248 INFO  - Sent message to others cars = 'veh_109 | CartesianPoint{x=128.20,y=531.74,z=0.00}' (at simulation time 605.000,000,000 s)
2025-05-28 00:34:01,303 INFO  - Received event: 605000 (at simulation time IntraVehicleMsg)
2025-05-28 00:34:01,306 INFO  - Sent message to others cars = 'veh_109 | CartesianPoint{x=130.84,y=531.70,z=0.00}' (at simulation time 606.000,000,000 s)
2025-05-28 00:34:01,367 INFO  - Received event: 606000 (at simulation time IntraVehicleMsg)
2025-05-28 00:34:01,379 INFO  - Sent message to others cars = 'veh_109 | CartesianPoint{x=135.14,y=531.65,z=0.00}' (at simulation time 607.000,000,000 s)
2025-05-28 00:34:01,442 INFO  - Received event: 607000 (at simulation time IntraVehicleMsg)
2025-05-28 00:34:01,445 INFO  - Sent message to others cars = 'veh_109 | CartesianPoint{x=140.42,y=531.62,z=0.00}' (at simulation time 608.000,000,000 s)
2025-05-28 00:34:01,507 INFO  - Received event: 608000 (at simulation time IntraVehicleMsg)
2025-05-28 00:34:01,515 INFO  - Sent message to others cars = 'veh_109 | CartesianPoint{x=146.71,y=531.57,z=0.00}' (at simulation time 609.000,000,000 s)
2025-05-28 00:34:01,578 INFO  - Received event: 609000 (at simulation time IntraVehicleMsg)
2025-05-28 00:34:01,582 INFO  - Sent message to others cars = 'veh_109 | CartesianPoint{x=152.91,y=531.59,z=0.00}' (at simulation time 610.000,000,000 s)
2025-05-28 00:34:01,646 INFO  - Received event: 610000 (at simulation time IntraVehicleMsg)
2025-05-28 00:34:01,649 INFO  - Sent message to others cars = 'veh_109 | CartesianPoint{x=160.42,y=531.64,z=0.00}' (at simulation time 611.000,000,000 s)
2025-05-28 00:34:01,713 INFO  - Received event: 611000 (at simulation time IntraVehicleMsg)
2025-05-28 00:34:01,717 INFO  - Sent message to others cars = 'veh_109 | CartesianPoint{x=167.00,y=531.69,z=0.00}' (at simulation time 612.000,000,000 s)
2025-05-28 00:34:01,780 INFO  - Received event: 612000 (at simulation time IntraVehicleMsg)
2025-05-28 00:34:01,787 INFO  - Sent message to others cars = 'veh_109 | CartesianPoint{x=172.83,y=531.73,z=0.00}' (at simulation time 613.000,000,000 s)
2025-05-28 00:34:01,856 INFO  - Received event: 613000 (at simulation time IntraVehicleMsg)
2025-05-28 00:34:01,859 INFO  - Sent message to others cars = 'veh_109 | CartesianPoint{x=179.60,y=531.77,z=0.00}' (at simulation time 614.000,000,000 s)
2025-05-28 00:34:01,929 INFO  - Received event: 614000 (at simulation time IntraVehicleMsg)
2025-05-28 00:34:01,933 INFO  - Sent message to others cars = 'veh_109 | CartesianPoint{x=185.04,y=531.81,z=0.00}' (at simulation time 615.000,000,000 s)
2025-05-28 00:34:02,000 INFO  - Received event: 615000 (at simulation time IntraVehicleMsg)
2025-05-28 00:34:02,003 INFO  - Sent message to others cars = 'veh_109 | CartesianPoint{x=190.53,y=531.85,z=0.00}' (at simulation time 616.000,000,000 s)
2025-05-28 00:34:02,074 INFO  - Received event: 616000 (at simulation time IntraVehicleMsg)
2025-05-28 00:34:02,077 INFO  - Sent message to others cars = 'veh_109 | CartesianPoint{x=197.12,y=531.90,z=0.00}' (at simulation time 617.000,000,000 s)
2025-05-28 00:34:02,150 INFO  - Received event: 617000 (at simulation time IntraVehicleMsg)
2025-05-28 00:34:02,165 INFO  - Sent message to others cars = 'veh_109 | CartesianPoint{x=202.48,y=531.93,z=0.00}' (at simulation time 618.000,000,000 s)
2025-05-28 00:34:02,240 INFO  - Received event: 618000 (at simulation time IntraVehicleMsg)
2025-05-28 00:34:02,258 INFO  - Sent message to others cars = 'veh_109 | CartesianPoint{x=207.60,y=531.97,z=0.00}' (at simulation time 619.000,000,000 s)
2025-05-28 00:34:02,341 INFO  - Received event: 619000 (at simulation time IntraVehicleMsg)
2025-05-28 00:34:02,351 INFO  - Sent message to others cars = 'veh_109 | CartesianPoint{x=214.15,y=532.01,z=0.00}' (at simulation time 620.000,000,000 s)
2025-05-28 00:34:02,425 INFO  - Received event: 620000 (at simulation time IntraVehicleMsg)
2025-05-28 00:34:02,428 INFO  - Sent message to others cars = 'veh_109 | CartesianPoint{x=220.20,y=532.03,z=0.00}' (at simulation time 621.000,000,000 s)
2025-05-28 00:34:02,506 INFO  - Received event: 621000 (at simulation time IntraVehicleMsg)
2025-05-28 00:34:02,512 INFO  - Sent message to others cars = 'veh_109 | CartesianPoint{x=226.07,y=532.04,z=0.00}' (at simulation time 622.000,000,000 s)
2025-05-28 00:34:02,588 INFO  - Received event: 622000 (at simulation time IntraVehicleMsg)
2025-05-28 00:34:02,591 INFO  - Sent message to others cars = 'veh_109 | CartesianPoint{x=232.33,y=532.04,z=0.00}' (at simulation time 623.000,000,000 s)
2025-05-28 00:34:02,671 INFO  - Received event: 623000 (at simulation time IntraVehicleMsg)
2025-05-28 00:34:02,678 INFO  - Sent message to others cars = 'veh_109 | CartesianPoint{x=237.52,y=532.03,z=0.00}' (at simulation time 624.000,000,000 s)
2025-05-28 00:34:02,761 INFO  - Received event: 624000 (at simulation time IntraVehicleMsg)
2025-05-28 00:34:02,764 INFO  - Sent message to others cars = 'veh_109 | CartesianPoint{x=243.66,y=532.02,z=0.00}' (at simulation time 625.000,000,000 s)
2025-05-28 00:34:02,847 INFO  - Received event: 625000 (at simulation time IntraVehicleMsg)
2025-05-28 00:34:02,851 INFO  - Sent message to others cars = 'veh_109 | CartesianPoint{x=249.91,y=532.00,z=0.00}' (at simulation time 626.000,000,000 s)
2025-05-28 00:34:02,937 INFO  - Received event: 626000 (at simulation time IntraVehicleMsg)
2025-05-28 00:34:02,941 INFO  - Sent message to others cars = 'veh_109 | CartesianPoint{x=256.96,y=531.99,z=0.00}' (at simulation time 627.000,000,000 s)
2025-05-28 00:34:03,026 INFO  - Received event: 627000 (at simulation time IntraVehicleMsg)
2025-05-28 00:34:03,030 INFO  - Sent message to others cars = 'veh_109 | CartesianPoint{x=263.68,y=531.98,z=0.00}' (at simulation time 628.000,000,000 s)
2025-05-28 00:34:03,118 INFO  - Received event: 628000 (at simulation time IntraVehicleMsg)
2025-05-28 00:34:03,125 INFO  - Sent message to others cars = 'veh_109 | CartesianPoint{x=269.67,y=531.97,z=0.00}' (at simulation time 629.000,000,000 s)
2025-05-28 00:34:03,214 INFO  - Received event: 629000 (at simulation time IntraVehicleMsg)
2025-05-28 00:34:03,218 INFO  - Sent message to others cars = 'veh_109 | CartesianPoint{x=276.66,y=531.96,z=0.00}' (at simulation time 630.000,000,000 s)
2025-05-28 00:34:03,309 INFO  - Received event: 630000 (at simulation time IntraVehicleMsg)
2025-05-28 00:34:03,326 INFO  - Sent message to others cars = 'veh_109 | CartesianPoint{x=285.28,y=531.95,z=0.00}' (at simulation time 631.000,000,000 s)
2025-05-28 00:34:03,413 INFO  - Received event: 631000 (at simulation time IntraVehicleMsg)
2025-05-28 00:34:03,424 INFO  - Sent message to others cars = 'veh_109 | CartesianPoint{x=293.61,y=531.94,z=0.00}' (at simulation time 632.000,000,000 s)
2025-05-28 00:34:03,511 INFO  - Received event: 632000 (at simulation time IntraVehicleMsg)
2025-05-28 00:34:03,514 INFO  - Sent message to others cars = 'veh_109 | CartesianPoint{x=302.89,y=531.93,z=0.00}' (at simulation time 633.000,000,000 s)
2025-05-28 00:34:03,606 INFO  - Received event: 633000 (at simulation time IntraVehicleMsg)
2025-05-28 00:34:03,614 INFO  - Sent message to others cars = 'veh_109 | CartesianPoint{x=312.24,y=531.91,z=0.00}' (at simulation time 634.000,000,000 s)
2025-05-28 00:34:03,708 INFO  - Received event: 634000 (at simulation time IntraVehicleMsg)
2025-05-28 00:34:03,717 INFO  - Sent message to others cars = 'veh_109 | CartesianPoint{x=320.98,y=531.90,z=0.00}' (at simulation time 635.000,000,000 s)
2025-05-28 00:34:03,814 INFO  - Received event: 635000 (at simulation time IntraVehicleMsg)
2025-05-28 00:34:03,823 INFO  - Sent message to others cars = 'veh_109 | CartesianPoint{x=329.72,y=531.89,z=0.00}' (at simulation time 636.000,000,000 s)
2025-05-28 00:34:03,920 INFO  - Received event: 636000 (at simulation time IntraVehicleMsg)
2025-05-28 00:34:03,935 INFO  - Sent message to others cars = 'veh_109 | CartesianPoint{x=339.08,y=531.88,z=0.00}' (at simulation time 637.000,000,000 s)
2025-05-28 00:34:04,030 INFO  - Received event: 637000 (at simulation time IntraVehicleMsg)
2025-05-28 00:34:04,040 INFO  - Sent message to others cars = 'veh_109 | CartesianPoint{x=348.28,y=531.87,z=0.00}' (at simulation time 638.000,000,000 s)
2025-05-28 00:34:04,134 INFO  - Received event: 638000 (at simulation time IntraVehicleMsg)
2025-05-28 00:34:04,140 INFO  - ------------------------------------------------------------------------------------- (at simulation time 639.000,000,000 s)
2025-05-28 00:34:04,140 INFO  - Shutdown application (at simulation time 639.000,000,000 s)
2025-05-28 00:34:04,140 INFO  - ------------------------------------------------------------------------------------- (at simulation time 639.000,000,000 s)
