2025-06-04 14:59:24,551 INFO  - Initialize veh_25 application (at simulation time 130.000,000,000 s)
2025-06-04 14:59:24,552 INFO  - Sent InterVehicleMsg: veh_25 | CartesianPoint{x=-0.01,y=528.94,z=0.00} | {:.2f} m/s (at simulation time 7.614414637065308)
2025-06-04 14:59:24,565 INFO  - Sent InterVehicleMsg: veh_25 | CartesianPoint{x=7.04,y=528.92,z=0.00} | {:.2f} m/s (at simulation time 7.051406400925296)
2025-06-04 14:59:24,576 INFO  - Sent InterVehicleMsg: veh_25 | CartesianPoint{x=14.59,y=528.90,z=0.00} | {:.2f} m/s (at simulation time 7.554518189835178)
2025-06-04 14:59:24,588 INFO  - Sent InterVehicleMsg: veh_25 | CartesianPoint{x=22.00,y=528.88,z=0.00} | {:.2f} m/s (at simulation time 7.407992437849568)
2025-06-04 14:59:24,606 INFO  - Sent InterVehicleMsg: veh_25 | CartesianPoint{x=29.59,y=528.85,z=0.00} | {:.2f} m/s (at simulation time 7.594924949197845)
2025-06-04 14:59:24,624 INFO  - Sent InterVehicleMsg: veh_25 | CartesianPoint{x=36.78,y=528.82,z=0.00} | {:.2f} m/s (at simulation time 7.191113544087672)
2025-06-04 14:59:24,636 INFO  - Sent InterVehicleMsg: veh_25 | CartesianPoint{x=43.46,y=528.87,z=0.00} | {:.2f} m/s (at simulation time 6.675447951555068)
2025-06-04 14:59:24,647 INFO  - Sent InterVehicleMsg: veh_25 | CartesianPoint{x=49.96,y=528.92,z=0.00} | {:.2f} m/s (at simulation time 6.50612086164281)
2025-06-04 14:59:24,659 INFO  - Sent InterVehicleMsg: veh_25 | CartesianPoint{x=56.82,y=528.97,z=0.00} | {:.2f} m/s (at simulation time 6.857075612544829)
2025-06-04 14:59:24,672 INFO  - Sent InterVehicleMsg: veh_25 | CartesianPoint{x=64.19,y=529.01,z=0.00} | {:.2f} m/s (at simulation time 7.377581009659732)
2025-06-04 14:59:24,692 INFO  - Sent InterVehicleMsg: veh_25 | CartesianPoint{x=70.65,y=529.02,z=0.00} | {:.2f} m/s (at simulation time 6.462937306258643)
2025-06-04 14:59:24,705 INFO  - Sent InterVehicleMsg: veh_25 | CartesianPoint{x=77.26,y=529.04,z=0.00} | {:.2f} m/s (at simulation time 6.610757125629859)
2025-06-04 14:59:24,716 INFO  - Sent InterVehicleMsg: veh_25 | CartesianPoint{x=83.89,y=529.05,z=0.00} | {:.2f} m/s (at simulation time 6.623183190189117)
2025-06-04 14:59:24,727 INFO  - Sent InterVehicleMsg: veh_25 | CartesianPoint{x=91.17,y=529.00,z=0.00} | {:.2f} m/s (at simulation time 7.280659227184767)
2025-06-04 14:59:24,738 INFO  - Sent InterVehicleMsg: veh_25 | CartesianPoint{x=98.43,y=528.91,z=0.00} | {:.2f} m/s (at simulation time 7.269038851251641)
2025-06-04 14:59:24,752 INFO  - Sent InterVehicleMsg: veh_25 | CartesianPoint{x=104.79,y=528.83,z=0.00} | {:.2f} m/s (at simulation time 6.362622973155045)
2025-06-04 14:59:24,763 INFO  - Sent InterVehicleMsg: veh_25 | CartesianPoint{x=111.34,y=528.75,z=0.00} | {:.2f} m/s (at simulation time 6.547514522233794)
2025-06-04 14:59:24,774 INFO  - Sent InterVehicleMsg: veh_25 | CartesianPoint{x=117.97,y=528.67,z=0.00} | {:.2f} m/s (at simulation time 6.635715296813102)
2025-06-04 14:59:24,786 INFO  - Sent InterVehicleMsg: veh_25 | CartesianPoint{x=124.65,y=528.58,z=0.00} | {:.2f} m/s (at simulation time 6.683553239954451)
2025-06-04 14:59:24,798 INFO  - Sent InterVehicleMsg: veh_25 | CartesianPoint{x=130.91,y=528.50,z=0.00} | {:.2f} m/s (at simulation time 6.253392672680586)
2025-06-04 14:59:24,820 INFO  - Sent InterVehicleMsg: veh_25 | CartesianPoint{x=132.66,y=528.48,z=0.00} | {:.2f} m/s (at simulation time 1.7533926726805857)
2025-06-04 14:59:24,834 INFO  - Sent InterVehicleMsg: veh_25 | CartesianPoint{x=133.02,y=528.48,z=0.00} | {:.2f} m/s (at simulation time 0.36128803624458844)
2025-06-04 14:59:24,845 INFO  - Sent InterVehicleMsg: veh_25 | CartesianPoint{x=133.24,y=528.47,z=0.00} | {:.2f} m/s (at simulation time 0.2155503060578295)
2025-06-04 14:59:24,858 INFO  - Sent InterVehicleMsg: veh_25 | CartesianPoint{x=133.29,y=528.47,z=0.00} | {:.2f} m/s (at simulation time 0.05807967408486163)
2025-06-04 14:59:24,870 INFO  - Sent InterVehicleMsg: veh_25 | CartesianPoint{x=133.30,y=528.47,z=0.00} | {:.2f} m/s (at simulation time 0.004939876274155671)
2025-06-04 14:59:24,896 INFO  - Sent InterVehicleMsg: veh_25 | CartesianPoint{x=133.30,y=528.47,z=0.00} | {:.2f} m/s (at simulation time 1.4458302683286443E-4)
2025-06-04 14:59:26,001 INFO  - Sent InterVehicleMsg: veh_25 | CartesianPoint{x=135.39,y=528.45,z=0.00} | {:.2f} m/s (at simulation time 2.0886542320018635)
2025-06-04 14:59:26,015 INFO  - Sent InterVehicleMsg: veh_25 | CartesianPoint{x=139.88,y=528.42,z=0.00} | {:.2f} m/s (at simulation time 4.48367685682606)
2025-06-04 14:59:26,022 INFO  - Sent InterVehicleMsg: veh_25 | CartesianPoint{x=146.87,y=528.37,z=0.00} | {:.2f} m/s (at simulation time 6.971729469439015)
2025-06-04 14:59:26,032 INFO  - Sent InterVehicleMsg: veh_25 | CartesianPoint{x=153.35,y=528.39,z=0.00} | {:.2f} m/s (at simulation time 6.480660716229865)
2025-06-04 14:59:26,040 INFO  - Sent InterVehicleMsg: veh_25 | CartesianPoint{x=160.49,y=528.44,z=0.00} | {:.2f} m/s (at simulation time 7.134100673179889)
2025-06-04 14:59:26,048 INFO  - Sent InterVehicleMsg: veh_25 | CartesianPoint{x=167.45,y=528.49,z=0.00} | {:.2f} m/s (at simulation time 6.958559653693626)
2025-06-04 14:59:26,058 INFO  - Sent InterVehicleMsg: veh_25 | CartesianPoint{x=173.85,y=528.53,z=0.00} | {:.2f} m/s (at simulation time 6.406062689209172)
2025-06-04 14:59:26,067 INFO  - Sent InterVehicleMsg: veh_25 | CartesianPoint{x=181.02,y=528.58,z=0.00} | {:.2f} m/s (at simulation time 7.168450115872362)
2025-06-04 14:59:26,076 INFO  - Sent InterVehicleMsg: veh_25 | CartesianPoint{x=188.28,y=528.63,z=0.00} | {:.2f} m/s (at simulation time 7.255634168600479)
2025-06-04 14:59:26,086 INFO  - Sent InterVehicleMsg: veh_25 | CartesianPoint{x=194.95,y=528.68,z=0.00} | {:.2f} m/s (at simulation time 6.676278278319912)
2025-06-04 14:59:26,095 INFO  - Sent InterVehicleMsg: veh_25 | CartesianPoint{x=201.56,y=528.73,z=0.00} | {:.2f} m/s (at simulation time 6.608424484724925)
2025-06-04 14:59:26,109 INFO  - Sent InterVehicleMsg: veh_25 | CartesianPoint{x=208.17,y=528.77,z=0.00} | {:.2f} m/s (at simulation time 6.607630265848527)
2025-06-04 14:59:26,118 INFO  - Sent InterVehicleMsg: veh_25 | CartesianPoint{x=213.93,y=528.81,z=0.00} | {:.2f} m/s (at simulation time 5.764275137624585)
2025-06-04 14:59:26,126 INFO  - Sent InterVehicleMsg: veh_25 | CartesianPoint{x=221.18,y=528.83,z=0.00} | {:.2f} m/s (at simulation time 7.250456483121777)
2025-06-04 14:59:26,216 INFO  - Sent InterVehicleMsg: veh_25 | CartesianPoint{x=228.00,y=528.84,z=0.00} | {:.2f} m/s (at simulation time 6.832427706960404)
2025-06-04 14:59:26,229 INFO  - Sent InterVehicleMsg: veh_25 | CartesianPoint{x=235.60,y=528.83,z=0.00} | {:.2f} m/s (at simulation time 7.6072939797954655)
2025-06-04 14:59:26,244 INFO  - Sent InterVehicleMsg: veh_25 | CartesianPoint{x=242.41,y=528.82,z=0.00} | {:.2f} m/s (at simulation time 6.803123613884488)
2025-06-04 14:59:26,260 INFO  - Sent InterVehicleMsg: veh_25 | CartesianPoint{x=249.69,y=528.80,z=0.00} | {:.2f} m/s (at simulation time 7.27942560405452)
2025-06-04 14:59:26,273 INFO  - Sent InterVehicleMsg: veh_25 | CartesianPoint{x=256.51,y=528.79,z=0.00} | {:.2f} m/s (at simulation time 6.827165506915005)
2025-06-04 14:59:26,285 INFO  - Sent InterVehicleMsg: veh_25 | CartesianPoint{x=263.43,y=528.78,z=0.00} | {:.2f} m/s (at simulation time 6.912570296781884)
2025-06-04 14:59:26,297 INFO  - Sent InterVehicleMsg: veh_25 | CartesianPoint{x=270.70,y=528.76,z=0.00} | {:.2f} m/s (at simulation time 7.2764970482977125)
2025-06-04 14:59:26,311 INFO  - Sent InterVehicleMsg: veh_25 | CartesianPoint{x=277.85,y=528.75,z=0.00} | {:.2f} m/s (at simulation time 7.149245743402095)
2025-06-04 14:59:26,330 INFO  - Sent InterVehicleMsg: veh_25 | CartesianPoint{x=285.45,y=528.75,z=0.00} | {:.2f} m/s (at simulation time 7.602600867179969)
2025-06-04 14:59:26,371 INFO  - Sent InterVehicleMsg: veh_25 | CartesianPoint{x=292.19,y=528.74,z=0.00} | {:.2f} m/s (at simulation time 6.733384336479755)
2025-06-04 14:59:26,382 INFO  - Sent InterVehicleMsg: veh_25 | CartesianPoint{x=299.15,y=528.73,z=0.00} | {:.2f} m/s (at simulation time 6.960467387498172)
2025-06-04 14:59:26,393 INFO  - Sent InterVehicleMsg: veh_25 | CartesianPoint{x=306.26,y=528.72,z=0.00} | {:.2f} m/s (at simulation time 7.116913966317477)
2025-06-04 14:59:26,404 INFO  - Sent InterVehicleMsg: veh_25 | CartesianPoint{x=313.47,y=528.71,z=0.00} | {:.2f} m/s (at simulation time 7.202633737232351)
2025-06-04 14:59:26,416 INFO  - Sent InterVehicleMsg: veh_25 | CartesianPoint{x=320.33,y=528.70,z=0.00} | {:.2f} m/s (at simulation time 6.860651020235197)
2025-06-04 14:59:26,430 INFO  - Sent InterVehicleMsg: veh_25 | CartesianPoint{x=327.65,y=528.70,z=0.00} | {:.2f} m/s (at simulation time 7.322598644946518)
2025-06-04 14:59:26,447 INFO  - Sent InterVehicleMsg: veh_25 | CartesianPoint{x=334.68,y=528.69,z=0.00} | {:.2f} m/s (at simulation time 7.025351477525944)
2025-06-04 14:59:26,459 INFO  - Sent InterVehicleMsg: veh_25 | CartesianPoint{x=342.19,y=528.68,z=0.00} | {:.2f} m/s (at simulation time 7.511198072270306)
2025-06-04 14:59:26,475 INFO  - Sent InterVehicleMsg: veh_25 | CartesianPoint{x=348.78,y=528.67,z=0.00} | {:.2f} m/s (at simulation time 6.59509165433217)
2025-06-04 14:59:26,501 INFO  - Shutdown application (at simulation time 243.000,000,000 s)
