2025-05-28 00:39:12,907 INFO  - ------------------------------------------------------------------------------------- (at simulation time 243.000,000,000 s)
2025-05-28 00:39:12,908 INFO  - Initialize veh_46 application (at simulation time 243.000,000,000 s)
2025-05-28 00:39:12,908 INFO  - Activated AdHoc Module (at simulation time 243.000,000,000 s)
2025-05-28 00:39:12,908 INFO  - ------------------------------------------------------------------------------------- (at simulation time 243.000,000,000 s)
2025-05-28 00:39:12,909 INFO  - Sent message to others cars = 'veh_46 | CartesianPoint{x=140.74,y=749.35,z=0.00}' (at simulation time 243.000,000,000 s)
2025-05-28 00:39:12,987 INFO  - Received event: 243000 (at simulation time IntraVehicleMsg)
2025-05-28 00:39:12,992 INFO  - Sent message to others cars = 'veh_46 | CartesianPoint{x=140.72,y=741.55,z=0.00}' (at simulation time 244.000,000,000 s)
2025-05-28 00:39:13,067 INFO  - Received event: 244000 (at simulation time IntraVehicleMsg)
2025-05-28 00:39:13,070 INFO  - Sent message to others cars = 'veh_46 | CartesianPoint{x=140.70,y=734.30,z=0.00}' (at simulation time 245.000,000,000 s)
2025-05-28 00:39:13,146 INFO  - Received event: 245000 (at simulation time IntraVehicleMsg)
2025-05-28 00:39:13,149 INFO  - Sent message to others cars = 'veh_46 | CartesianPoint{x=140.67,y=727.35,z=0.00}' (at simulation time 246.000,000,000 s)
2025-05-28 00:39:13,224 INFO  - Received event: 246000 (at simulation time IntraVehicleMsg)
2025-05-28 00:39:13,230 INFO  - Sent message to others cars = 'veh_46 | CartesianPoint{x=140.65,y=719.29,z=0.00}' (at simulation time 247.000,000,000 s)
2025-05-28 00:39:13,310 INFO  - Received event: 247000 (at simulation time IntraVehicleMsg)
2025-05-28 00:39:13,313 INFO  - Sent message to others cars = 'veh_46 | CartesianPoint{x=140.62,y=711.69,z=0.00}' (at simulation time 248.000,000,000 s)
2025-05-28 00:39:13,394 INFO  - Received event: 248000 (at simulation time IntraVehicleMsg)
2025-05-28 00:39:13,397 INFO  - Sent message to others cars = 'veh_46 | CartesianPoint{x=140.59,y=703.83,z=0.00}' (at simulation time 249.000,000,000 s)
2025-05-28 00:39:13,471 INFO  - Received event: 249000 (at simulation time IntraVehicleMsg)
2025-05-28 00:39:13,476 INFO  - Sent message to others cars = 'veh_46 | CartesianPoint{x=140.57,y=696.00,z=0.00}' (at simulation time 250.000,000,000 s)
2025-05-28 00:39:13,550 INFO  - Received event: 250000 (at simulation time IntraVehicleMsg)
2025-05-28 00:39:13,552 INFO  - Sent message to others cars = 'veh_46 | CartesianPoint{x=140.54,y=688.40,z=0.00}' (at simulation time 251.000,000,000 s)
2025-05-28 00:39:13,629 INFO  - Received event: 251000 (at simulation time IntraVehicleMsg)
2025-05-28 00:39:13,631 INFO  - Sent message to others cars = 'veh_46 | CartesianPoint{x=140.52,y=680.96,z=0.00}' (at simulation time 252.000,000,000 s)
2025-05-28 00:39:13,693 INFO  - Received event: 252000 (at simulation time IntraVehicleMsg)
2025-05-28 00:39:13,700 INFO  - Sent message to others cars = 'veh_46 | CartesianPoint{x=140.49,y=672.80,z=0.00}' (at simulation time 253.000,000,000 s)
2025-05-28 00:39:13,763 INFO  - Received event: 253000 (at simulation time IntraVehicleMsg)
2025-05-28 00:39:13,766 INFO  - Sent message to others cars = 'veh_46 | CartesianPoint{x=140.47,y=664.68,z=0.00}' (at simulation time 254.000,000,000 s)
2025-05-28 00:39:13,833 INFO  - Received event: 254000 (at simulation time IntraVehicleMsg)
2025-05-28 00:39:13,838 INFO  - Sent message to others cars = 'veh_46 | CartesianPoint{x=140.45,y=657.72,z=0.00}' (at simulation time 255.000,000,000 s)
2025-05-28 00:39:13,898 INFO  - Received event: 255000 (at simulation time IntraVehicleMsg)
2025-05-28 00:39:13,900 INFO  - Sent message to others cars = 'veh_46 | CartesianPoint{x=140.43,y=649.96,z=0.00}' (at simulation time 256.000,000,000 s)
2025-05-28 00:39:13,952 INFO  - Received event: 256000 (at simulation time IntraVehicleMsg)
2025-05-28 00:39:13,954 INFO  - Sent message to others cars = 'veh_46 | CartesianPoint{x=140.42,y=642.86,z=0.00}' (at simulation time 257.000,000,000 s)
2025-05-28 00:39:14,001 INFO  - Received event: 257000 (at simulation time IntraVehicleMsg)
2025-05-28 00:39:14,003 INFO  - Sent message to others cars = 'veh_46 | CartesianPoint{x=140.40,y=635.50,z=0.00}' (at simulation time 258.000,000,000 s)
2025-05-28 00:39:14,045 INFO  - Received event: 258000 (at simulation time IntraVehicleMsg)
2025-05-28 00:39:14,047 INFO  - Sent message to others cars = 'veh_46 | CartesianPoint{x=140.38,y=627.51,z=0.00}' (at simulation time 259.000,000,000 s)
2025-05-28 00:39:14,089 INFO  - Received event: 259000 (at simulation time IntraVehicleMsg)
2025-05-28 00:39:14,091 INFO  - Sent message to others cars = 'veh_46 | CartesianPoint{x=140.36,y=619.49,z=0.00}' (at simulation time 260.000,000,000 s)
2025-05-28 00:39:14,134 INFO  - Received event: 260000 (at simulation time IntraVehicleMsg)
2025-05-28 00:39:14,138 INFO  - Sent message to others cars = 'veh_46 | CartesianPoint{x=140.34,y=612.13,z=0.00}' (at simulation time 261.000,000,000 s)
2025-05-28 00:39:14,180 INFO  - Received event: 261000 (at simulation time IntraVehicleMsg)
2025-05-28 00:39:14,182 INFO  - Sent message to others cars = 'veh_46 | CartesianPoint{x=140.32,y=604.04,z=0.00}' (at simulation time 262.000,000,000 s)
2025-05-28 00:39:14,226 INFO  - Received event: 262000 (at simulation time IntraVehicleMsg)
2025-05-28 00:39:14,228 INFO  - Sent message to others cars = 'veh_46 | CartesianPoint{x=140.28,y=595.91,z=0.00}' (at simulation time 263.000,000,000 s)
2025-05-28 00:39:14,274 INFO  - Received event: 263000 (at simulation time IntraVehicleMsg)
2025-05-28 00:39:14,280 INFO  - Sent message to others cars = 'veh_46 | CartesianPoint{x=140.24,y=588.96,z=0.00}' (at simulation time 264.000,000,000 s)
2025-05-28 00:39:14,328 INFO  - Received event: 264000 (at simulation time IntraVehicleMsg)
2025-05-28 00:39:14,331 INFO  - Sent message to others cars = 'veh_46 | CartesianPoint{x=140.20,y=580.87,z=0.00}' (at simulation time 265.000,000,000 s)
2025-05-28 00:39:14,382 INFO  - Received event: 265000 (at simulation time IntraVehicleMsg)
2025-05-28 00:39:14,384 INFO  - Sent message to others cars = 'veh_46 | CartesianPoint{x=140.16,y=572.79,z=0.00}' (at simulation time 266.000,000,000 s)
2025-05-28 00:39:14,441 INFO  - Received event: 266000 (at simulation time IntraVehicleMsg)
2025-05-28 00:39:14,444 INFO  - Sent message to others cars = 'veh_46 | CartesianPoint{x=140.12,y=565.67,z=0.00}' (at simulation time 267.000,000,000 s)
2025-05-28 00:39:14,496 INFO  - Received event: 267000 (at simulation time IntraVehicleMsg)
2025-05-28 00:39:14,499 INFO  - Sent message to others cars = 'veh_46 | CartesianPoint{x=140.08,y=558.23,z=0.00}' (at simulation time 268.000,000,000 s)
2025-05-28 00:39:14,549 INFO  - Received event: 268000 (at simulation time IntraVehicleMsg)
2025-05-28 00:39:14,552 INFO  - Sent message to others cars = 'veh_46 | CartesianPoint{x=140.06,y=553.75,z=0.00}' (at simulation time 269.000,000,000 s)
2025-05-28 00:39:14,603 INFO  - Received event: 269000 (at simulation time IntraVehicleMsg)
2025-05-28 00:39:14,612 INFO  - Sent message to others cars = 'veh_46 | CartesianPoint{x=140.05,y=552.23,z=0.00}' (at simulation time 270.000,000,000 s)
2025-05-28 00:39:14,662 INFO  - Received event: 270000 (at simulation time IntraVehicleMsg)
2025-05-28 00:39:14,664 INFO  - Sent message to others cars = 'veh_46 | CartesianPoint{x=140.04,y=551.44,z=0.00}' (at simulation time 271.000,000,000 s)
2025-05-28 00:39:14,717 INFO  - Received event: 271000 (at simulation time IntraVehicleMsg)
2025-05-28 00:39:14,720 INFO  - Sent message to others cars = 'veh_46 | CartesianPoint{x=140.04,y=551.24,z=0.00}' (at simulation time 272.000,000,000 s)
2025-05-28 00:39:14,772 INFO  - Received event: 272000 (at simulation time IntraVehicleMsg)
2025-05-28 00:39:14,775 INFO  - Sent message to others cars = 'veh_46 | CartesianPoint{x=140.04,y=551.20,z=0.00}' (at simulation time 273.000,000,000 s)
2025-05-28 00:39:14,825 INFO  - Received event: 273000 (at simulation time IntraVehicleMsg)
2025-05-28 00:39:14,832 INFO  - Sent message to others cars = 'veh_46 | CartesianPoint{x=140.04,y=551.19,z=0.00}' (at simulation time 274.000,000,000 s)
2025-05-28 00:39:14,885 INFO  - Received event: 274000 (at simulation time IntraVehicleMsg)
2025-05-28 00:39:14,889 INFO  - Sent message to others cars = 'veh_46 | CartesianPoint{x=140.04,y=551.19,z=0.00}' (at simulation time 275.000,000,000 s)
2025-05-28 00:39:14,943 INFO  - Received event: 275000 (at simulation time IntraVehicleMsg)
2025-05-28 00:39:14,947 INFO  - Sent message to others cars = 'veh_46 | CartesianPoint{x=140.04,y=551.19,z=0.00}' (at simulation time 276.000,000,000 s)
2025-05-28 00:39:15,000 INFO  - Received event: 276000 (at simulation time IntraVehicleMsg)
2025-05-28 00:39:15,003 INFO  - Sent message to others cars = 'veh_46 | CartesianPoint{x=140.04,y=551.19,z=0.00}' (at simulation time 277.000,000,000 s)
2025-05-28 00:39:15,057 INFO  - Received event: 277000 (at simulation time IntraVehicleMsg)
2025-05-28 00:39:15,067 INFO  - Sent message to others cars = 'veh_46 | CartesianPoint{x=140.04,y=549.97,z=0.00}' (at simulation time 278.000,000,000 s)
2025-05-28 00:39:15,131 INFO  - Received event: 278000 (at simulation time IntraVehicleMsg)
2025-05-28 00:39:15,134 INFO  - Sent message to others cars = 'veh_46 | CartesianPoint{x=140.02,y=547.49,z=0.00}' (at simulation time 279.000,000,000 s)
2025-05-28 00:39:15,185 INFO  - Received event: 279000 (at simulation time IntraVehicleMsg)
2025-05-28 00:39:15,190 INFO  - Sent message to others cars = 'veh_46 | CartesianPoint{x=140.01,y=545.35,z=0.00}' (at simulation time 280.000,000,000 s)
2025-05-28 00:39:15,241 INFO  - Received event: 280000 (at simulation time IntraVehicleMsg)
2025-05-28 00:39:15,243 INFO  - Sent message to others cars = 'veh_46 | CartesianPoint{x=140.01,y=544.93,z=0.00}' (at simulation time 281.000,000,000 s)
2025-05-28 00:39:15,294 INFO  - Received event: 281000 (at simulation time IntraVehicleMsg)
2025-05-28 00:39:15,296 INFO  - Sent message to others cars = 'veh_46 | CartesianPoint{x=140.01,y=544.76,z=0.00}' (at simulation time 282.000,000,000 s)
2025-05-28 00:39:15,345 INFO  - Received event: 282000 (at simulation time IntraVehicleMsg)
2025-05-28 00:39:15,347 INFO  - Sent message to others cars = 'veh_46 | CartesianPoint{x=140.01,y=544.72,z=0.00}' (at simulation time 283.000,000,000 s)
2025-05-28 00:39:15,391 INFO  - Received event: 283000 (at simulation time IntraVehicleMsg)
2025-05-28 00:39:15,399 INFO  - Sent message to others cars = 'veh_46 | CartesianPoint{x=140.01,y=544.70,z=0.00}' (at simulation time 284.000,000,000 s)
2025-05-28 00:39:15,450 INFO  - Received event: 284000 (at simulation time IntraVehicleMsg)
2025-05-28 00:39:15,453 INFO  - Sent message to others cars = 'veh_46 | CartesianPoint{x=140.01,y=544.69,z=0.00}' (at simulation time 285.000,000,000 s)
2025-05-28 00:39:15,502 INFO  - Received event: 285000 (at simulation time IntraVehicleMsg)
2025-05-28 00:39:15,505 INFO  - Sent message to others cars = 'veh_46 | CartesianPoint{x=140.01,y=544.69,z=0.00}' (at simulation time 286.000,000,000 s)
2025-05-28 00:39:15,554 INFO  - Received event: 286000 (at simulation time IntraVehicleMsg)
2025-05-28 00:39:15,557 INFO  - Sent message to others cars = 'veh_46 | CartesianPoint{x=140.01,y=544.69,z=0.00}' (at simulation time 287.000,000,000 s)
2025-05-28 00:39:15,608 INFO  - Received event: 287000 (at simulation time IntraVehicleMsg)
2025-05-28 00:39:15,611 INFO  - Sent message to others cars = 'veh_46 | CartesianPoint{x=140.01,y=544.69,z=0.00}' (at simulation time 288.000,000,000 s)
2025-05-28 00:39:15,663 INFO  - Received event: 288000 (at simulation time IntraVehicleMsg)
2025-05-28 00:39:15,669 INFO  - Sent message to others cars = 'veh_46 | CartesianPoint{x=140.01,y=544.69,z=0.00}' (at simulation time 289.000,000,000 s)
2025-05-28 00:39:15,721 INFO  - Received event: 289000 (at simulation time IntraVehicleMsg)
2025-05-28 00:39:15,724 INFO  - Sent message to others cars = 'veh_46 | CartesianPoint{x=140.01,y=544.69,z=0.00}' (at simulation time 290.000,000,000 s)
2025-05-28 00:39:15,780 INFO  - Received event: 290000 (at simulation time IntraVehicleMsg)
2025-05-28 00:39:15,783 INFO  - Sent message to others cars = 'veh_46 | CartesianPoint{x=140.01,y=544.69,z=0.00}' (at simulation time 291.000,000,000 s)
2025-05-28 00:39:15,837 INFO  - Received event: 291000 (at simulation time IntraVehicleMsg)
2025-05-28 00:39:15,840 INFO  - Sent message to others cars = 'veh_46 | CartesianPoint{x=140.01,y=544.69,z=0.00}' (at simulation time 292.000,000,000 s)
2025-05-28 00:39:15,896 INFO  - Received event: 292000 (at simulation time IntraVehicleMsg)
2025-05-28 00:39:15,898 INFO  - Sent message to others cars = 'veh_46 | CartesianPoint{x=140.01,y=544.69,z=0.00}' (at simulation time 293.000,000,000 s)
2025-05-28 00:39:15,956 INFO  - Received event: 293000 (at simulation time IntraVehicleMsg)
2025-05-28 00:39:15,966 INFO  - Sent message to others cars = 'veh_46 | CartesianPoint{x=140.01,y=544.69,z=0.00}' (at simulation time 294.000,000,000 s)
2025-05-28 00:39:16,019 INFO  - Received event: 294000 (at simulation time IntraVehicleMsg)
2025-05-28 00:39:16,022 INFO  - Sent message to others cars = 'veh_46 | CartesianPoint{x=140.01,y=544.69,z=0.00}' (at simulation time 295.000,000,000 s)
2025-05-28 00:39:16,073 INFO  - Received event: 295000 (at simulation time IntraVehicleMsg)
2025-05-28 00:39:16,076 INFO  - Sent message to others cars = 'veh_46 | CartesianPoint{x=140.01,y=544.69,z=0.00}' (at simulation time 296.000,000,000 s)
2025-05-28 00:39:16,130 INFO  - Received event: 296000 (at simulation time IntraVehicleMsg)
2025-05-28 00:39:16,133 INFO  - Sent message to others cars = 'veh_46 | CartesianPoint{x=140.01,y=544.69,z=0.00}' (at simulation time 297.000,000,000 s)
2025-05-28 00:39:16,181 INFO  - Received event: 297000 (at simulation time IntraVehicleMsg)
2025-05-28 00:39:16,184 INFO  - Sent message to others cars = 'veh_46 | CartesianPoint{x=140.01,y=544.69,z=0.00}' (at simulation time 298.000,000,000 s)
2025-05-28 00:39:16,238 INFO  - Received event: 298000 (at simulation time IntraVehicleMsg)
2025-05-28 00:39:16,250 INFO  - Sent message to others cars = 'veh_46 | CartesianPoint{x=140.01,y=544.69,z=0.00}' (at simulation time 299.000,000,000 s)
2025-05-28 00:39:16,299 INFO  - Received event: 299000 (at simulation time IntraVehicleMsg)
2025-05-28 00:39:16,302 INFO  - Sent message to others cars = 'veh_46 | CartesianPoint{x=140.01,y=544.69,z=0.00}' (at simulation time 300.000,000,000 s)
2025-05-28 00:39:16,340 INFO  - Received event: 300000 (at simulation time IntraVehicleMsg)
2025-05-28 00:39:16,343 INFO  - Sent message to others cars = 'veh_46 | CartesianPoint{x=140.01,y=544.69,z=0.00}' (at simulation time 301.000,000,000 s)
2025-05-28 00:39:16,382 INFO  - Received event: 301000 (at simulation time IntraVehicleMsg)
2025-05-28 00:39:16,384 INFO  - Sent message to others cars = 'veh_46 | CartesianPoint{x=140.01,y=544.69,z=0.00}' (at simulation time 302.000,000,000 s)
2025-05-28 00:39:16,426 INFO  - Received event: 302000 (at simulation time IntraVehicleMsg)
2025-05-28 00:39:16,429 INFO  - Sent message to others cars = 'veh_46 | CartesianPoint{x=140.01,y=544.69,z=0.00}' (at simulation time 303.000,000,000 s)
2025-05-28 00:39:16,471 INFO  - Received event: 303000 (at simulation time IntraVehicleMsg)
2025-05-28 00:39:16,475 INFO  - Sent message to others cars = 'veh_46 | CartesianPoint{x=140.01,y=544.69,z=0.00}' (at simulation time 304.000,000,000 s)
2025-05-28 00:39:16,520 INFO  - Received event: 304000 (at simulation time IntraVehicleMsg)
2025-05-28 00:39:16,528 INFO  - Sent message to others cars = 'veh_46 | CartesianPoint{x=140.01,y=544.69,z=0.00}' (at simulation time 305.000,000,000 s)
2025-05-28 00:39:16,575 INFO  - Received event: 305000 (at simulation time IntraVehicleMsg)
2025-05-28 00:39:16,584 INFO  - Sent message to others cars = 'veh_46 | CartesianPoint{x=140.01,y=544.69,z=0.00}' (at simulation time 306.000,000,000 s)
2025-05-28 00:39:16,627 INFO  - Received event: 306000 (at simulation time IntraVehicleMsg)
2025-05-28 00:39:16,630 INFO  - Sent message to others cars = 'veh_46 | CartesianPoint{x=140.01,y=544.69,z=0.00}' (at simulation time 307.000,000,000 s)
2025-05-28 00:39:16,677 INFO  - Received event: 307000 (at simulation time IntraVehicleMsg)
2025-05-28 00:39:16,684 INFO  - Sent message to others cars = 'veh_46 | CartesianPoint{x=140.01,y=544.69,z=0.00}' (at simulation time 308.000,000,000 s)
2025-05-28 00:39:16,730 INFO  - Received event: 308000 (at simulation time IntraVehicleMsg)
2025-05-28 00:39:16,734 INFO  - Sent message to others cars = 'veh_46 | CartesianPoint{x=140.01,y=544.69,z=0.00}' (at simulation time 309.000,000,000 s)
2025-05-28 00:39:16,782 INFO  - Received event: 309000 (at simulation time IntraVehicleMsg)
2025-05-28 00:39:16,785 INFO  - Sent message to others cars = 'veh_46 | CartesianPoint{x=140.01,y=544.69,z=0.00}' (at simulation time 310.000,000,000 s)
2025-05-28 00:39:16,832 INFO  - Received event: 310000 (at simulation time IntraVehicleMsg)
2025-05-28 00:39:16,835 INFO  - Sent message to others cars = 'veh_46 | CartesianPoint{x=140.01,y=544.69,z=0.00}' (at simulation time 311.000,000,000 s)
2025-05-28 00:39:16,885 INFO  - Received event: 311000 (at simulation time IntraVehicleMsg)
2025-05-28 00:39:16,889 INFO  - Sent message to others cars = 'veh_46 | CartesianPoint{x=140.01,y=544.69,z=0.00}' (at simulation time 312.000,000,000 s)
2025-05-28 00:39:16,953 INFO  - Received event: 312000 (at simulation time IntraVehicleMsg)
2025-05-28 00:39:16,957 INFO  - Sent message to others cars = 'veh_46 | CartesianPoint{x=140.01,y=544.69,z=0.00}' (at simulation time 313.000,000,000 s)
2025-05-28 00:39:17,008 INFO  - Received event: 313000 (at simulation time IntraVehicleMsg)
2025-05-28 00:39:17,011 INFO  - Sent message to others cars = 'veh_46 | CartesianPoint{x=140.01,y=544.69,z=0.00}' (at simulation time 314.000,000,000 s)
2025-05-28 00:39:17,062 INFO  - Received event: 314000 (at simulation time IntraVehicleMsg)
2025-05-28 00:39:17,070 INFO  - Sent message to others cars = 'veh_46 | CartesianPoint{x=140.01,y=544.69,z=0.00}' (at simulation time 315.000,000,000 s)
2025-05-28 00:39:17,124 INFO  - Received event: 315000 (at simulation time IntraVehicleMsg)
2025-05-28 00:39:17,127 INFO  - Sent message to others cars = 'veh_46 | CartesianPoint{x=140.01,y=544.69,z=0.00}' (at simulation time 316.000,000,000 s)
2025-05-28 00:39:17,181 INFO  - Received event: 316000 (at simulation time IntraVehicleMsg)
2025-05-28 00:39:17,185 INFO  - Sent message to others cars = 'veh_46 | CartesianPoint{x=140.01,y=544.69,z=0.00}' (at simulation time 317.000,000,000 s)
2025-05-28 00:39:17,239 INFO  - Received event: 317000 (at simulation time IntraVehicleMsg)
2025-05-28 00:39:17,243 INFO  - Sent message to others cars = 'veh_46 | CartesianPoint{x=140.01,y=544.69,z=0.00}' (at simulation time 318.000,000,000 s)
2025-05-28 00:39:17,299 INFO  - Received event: 318000 (at simulation time IntraVehicleMsg)
2025-05-28 00:39:17,316 INFO  - Sent message to others cars = 'veh_46 | CartesianPoint{x=140.01,y=544.69,z=0.00}' (at simulation time 319.000,000,000 s)
2025-05-28 00:39:17,375 INFO  - Received event: 319000 (at simulation time IntraVehicleMsg)
2025-05-28 00:39:17,387 INFO  - Sent message to others cars = 'veh_46 | CartesianPoint{x=140.01,y=544.69,z=0.00}' (at simulation time 320.000,000,000 s)
2025-05-28 00:39:17,444 INFO  - Received event: 320000 (at simulation time IntraVehicleMsg)
2025-05-28 00:39:17,447 INFO  - Sent message to others cars = 'veh_46 | CartesianPoint{x=140.01,y=544.69,z=0.00}' (at simulation time 321.000,000,000 s)
2025-05-28 00:39:17,506 INFO  - Received event: 321000 (at simulation time IntraVehicleMsg)
2025-05-28 00:39:17,509 INFO  - Sent message to others cars = 'veh_46 | CartesianPoint{x=140.01,y=544.69,z=0.00}' (at simulation time 322.000,000,000 s)
2025-05-28 00:39:17,570 INFO  - Received event: 322000 (at simulation time IntraVehicleMsg)
2025-05-28 00:39:17,574 INFO  - Sent message to others cars = 'veh_46 | CartesianPoint{x=140.01,y=544.69,z=0.00}' (at simulation time 323.000,000,000 s)
2025-05-28 00:39:17,635 INFO  - Received event: 323000 (at simulation time IntraVehicleMsg)
2025-05-28 00:39:17,641 INFO  - Sent message to others cars = 'veh_46 | CartesianPoint{x=140.01,y=544.69,z=0.00}' (at simulation time 324.000,000,000 s)
2025-05-28 00:39:17,702 INFO  - Received event: 324000 (at simulation time IntraVehicleMsg)
2025-05-28 00:39:17,710 INFO  - Sent message to others cars = 'veh_46 | CartesianPoint{x=140.01,y=544.69,z=0.00}' (at simulation time 325.000,000,000 s)
2025-05-28 00:39:17,774 INFO  - Received event: 325000 (at simulation time IntraVehicleMsg)
2025-05-28 00:39:17,778 INFO  - Sent message to others cars = 'veh_46 | CartesianPoint{x=140.01,y=544.69,z=0.00}' (at simulation time 326.000,000,000 s)
2025-05-28 00:39:17,841 INFO  - Received event: 326000 (at simulation time IntraVehicleMsg)
2025-05-28 00:39:17,845 INFO  - Sent message to others cars = 'veh_46 | CartesianPoint{x=140.01,y=544.69,z=0.00}' (at simulation time 327.000,000,000 s)
2025-05-28 00:39:17,911 INFO  - Received event: 327000 (at simulation time IntraVehicleMsg)
2025-05-28 00:39:17,914 INFO  - Sent message to others cars = 'veh_46 | CartesianPoint{x=140.01,y=544.69,z=0.00}' (at simulation time 328.000,000,000 s)
2025-05-28 00:39:17,982 INFO  - Received event: 328000 (at simulation time IntraVehicleMsg)
2025-05-28 00:39:17,985 INFO  - Sent message to others cars = 'veh_46 | CartesianPoint{x=140.01,y=544.69,z=0.00}' (at simulation time 329.000,000,000 s)
2025-05-28 00:39:18,054 INFO  - Received event: 329000 (at simulation time IntraVehicleMsg)
2025-05-28 00:39:18,058 INFO  - Sent message to others cars = 'veh_46 | CartesianPoint{x=140.01,y=544.69,z=0.00}' (at simulation time 330.000,000,000 s)
2025-05-28 00:39:18,127 INFO  - Received event: 330000 (at simulation time IntraVehicleMsg)
2025-05-28 00:39:18,143 INFO  - Sent message to others cars = 'veh_46 | CartesianPoint{x=140.01,y=544.69,z=0.00}' (at simulation time 331.000,000,000 s)
2025-05-28 00:39:18,218 INFO  - Received event: 331000 (at simulation time IntraVehicleMsg)
2025-05-28 00:39:18,231 INFO  - Sent message to others cars = 'veh_46 | CartesianPoint{x=140.01,y=544.69,z=0.00}' (at simulation time 332.000,000,000 s)
2025-05-28 00:39:18,301 INFO  - Received event: 332000 (at simulation time IntraVehicleMsg)
2025-05-28 00:39:18,305 INFO  - Sent message to others cars = 'veh_46 | CartesianPoint{x=140.01,y=544.69,z=0.00}' (at simulation time 333.000,000,000 s)
2025-05-28 00:39:18,376 INFO  - Received event: 333000 (at simulation time IntraVehicleMsg)
2025-05-28 00:39:18,381 INFO  - Sent message to others cars = 'veh_46 | CartesianPoint{x=140.01,y=544.69,z=0.00}' (at simulation time 334.000,000,000 s)
2025-05-28 00:39:18,453 INFO  - Received event: 334000 (at simulation time IntraVehicleMsg)
2025-05-28 00:39:18,457 INFO  - Sent message to others cars = 'veh_46 | CartesianPoint{x=140.01,y=544.69,z=0.00}' (at simulation time 335.000,000,000 s)
2025-05-28 00:39:18,531 INFO  - Received event: 335000 (at simulation time IntraVehicleMsg)
2025-05-28 00:39:18,539 INFO  - Sent message to others cars = 'veh_46 | CartesianPoint{x=140.01,y=544.69,z=0.00}' (at simulation time 336.000,000,000 s)
2025-05-28 00:39:18,615 INFO  - Received event: 336000 (at simulation time IntraVehicleMsg)
2025-05-28 00:39:18,619 INFO  - Sent message to others cars = 'veh_46 | CartesianPoint{x=140.01,y=544.69,z=0.00}' (at simulation time 337.000,000,000 s)
2025-05-28 00:39:18,695 INFO  - Received event: 337000 (at simulation time IntraVehicleMsg)
2025-05-28 00:39:18,699 INFO  - Sent message to others cars = 'veh_46 | CartesianPoint{x=140.01,y=544.69,z=0.00}' (at simulation time 338.000,000,000 s)
2025-05-28 00:39:18,778 INFO  - Received event: 338000 (at simulation time IntraVehicleMsg)
2025-05-28 00:39:18,794 INFO  - Sent message to others cars = 'veh_46 | CartesianPoint{x=140.01,y=544.69,z=0.00}' (at simulation time 339.000,000,000 s)
2025-05-28 00:39:18,877 INFO  - Received event: 339000 (at simulation time IntraVehicleMsg)
2025-05-28 00:39:18,890 INFO  - Sent message to others cars = 'veh_46 | CartesianPoint{x=140.01,y=544.69,z=0.00}' (at simulation time 340.000,000,000 s)
2025-05-28 00:39:18,970 INFO  - Received event: 340000 (at simulation time IntraVehicleMsg)
2025-05-28 00:39:18,974 INFO  - Sent message to others cars = 'veh_46 | CartesianPoint{x=140.01,y=544.69,z=0.00}' (at simulation time 341.000,000,000 s)
2025-05-28 00:39:19,056 INFO  - Received event: 341000 (at simulation time IntraVehicleMsg)
2025-05-28 00:39:19,060 INFO  - Sent message to others cars = 'veh_46 | CartesianPoint{x=140.00,y=543.23,z=0.00}' (at simulation time 342.000,000,000 s)
2025-05-28 00:39:19,142 INFO  - Received event: 342000 (at simulation time IntraVehicleMsg)
2025-05-28 00:39:19,146 INFO  - Sent message to others cars = 'veh_46 | CartesianPoint{x=139.99,y=540.42,z=0.00}' (at simulation time 343.000,000,000 s)
2025-05-28 00:39:19,224 INFO  - Received event: 343000 (at simulation time IntraVehicleMsg)
2025-05-28 00:39:19,229 INFO  - Sent message to others cars = 'veh_46 | CartesianPoint{x=139.96,y=535.99,z=0.00}' (at simulation time 344.000,000,000 s)
2025-05-28 00:39:19,304 INFO  - Received event: 344000 (at simulation time IntraVehicleMsg)
2025-05-28 00:39:19,309 INFO  - Sent message to others cars = 'veh_46 | CartesianPoint{x=139.90,y=529.26,z=0.00}' (at simulation time 345.000,000,000 s)
2025-05-28 00:39:19,373 INFO  - Received event: 345000 (at simulation time IntraVehicleMsg)
2025-05-28 00:39:19,381 INFO  - Sent message to others cars = 'veh_46 | CartesianPoint{x=139.84,y=522.25,z=0.00}' (at simulation time 346.000,000,000 s)
2025-05-28 00:39:19,449 INFO  - Received event: 346000 (at simulation time IntraVehicleMsg)
2025-05-28 00:39:19,452 INFO  - Sent message to others cars = 'veh_46 | CartesianPoint{x=139.77,y=514.40,z=0.00}' (at simulation time 347.000,000,000 s)
2025-05-28 00:39:19,516 INFO  - Received event: 347000 (at simulation time IntraVehicleMsg)
2025-05-28 00:39:19,519 INFO  - Sent message to others cars = 'veh_46 | CartesianPoint{x=139.70,y=507.26,z=0.00}' (at simulation time 348.000,000,000 s)
2025-05-28 00:39:19,585 INFO  - Received event: 348000 (at simulation time IntraVehicleMsg)
2025-05-28 00:39:19,588 INFO  - Sent message to others cars = 'veh_46 | CartesianPoint{x=139.63,y=499.52,z=0.00}' (at simulation time 349.000,000,000 s)
2025-05-28 00:39:19,649 INFO  - Received event: 349000 (at simulation time IntraVehicleMsg)
2025-05-28 00:39:19,652 INFO  - Sent message to others cars = 'veh_46 | CartesianPoint{x=139.56,y=492.57,z=0.00}' (at simulation time 350.000,000,000 s)
2025-05-28 00:39:19,712 INFO  - Received event: 350000 (at simulation time IntraVehicleMsg)
2025-05-28 00:39:19,718 INFO  - Sent message to others cars = 'veh_46 | CartesianPoint{x=139.48,y=484.41,z=0.00}' (at simulation time 351.000,000,000 s)
2025-05-28 00:39:19,774 INFO  - Received event: 351000 (at simulation time IntraVehicleMsg)
2025-05-28 00:39:19,777 INFO  - Sent message to others cars = 'veh_46 | CartesianPoint{x=139.41,y=476.86,z=0.00}' (at simulation time 352.000,000,000 s)
2025-05-28 00:39:19,833 INFO  - Received event: 352000 (at simulation time IntraVehicleMsg)
2025-05-28 00:39:19,835 INFO  - Sent message to others cars = 'veh_46 | CartesianPoint{x=139.33,y=468.82,z=0.00}' (at simulation time 353.000,000,000 s)
2025-05-28 00:39:19,893 INFO  - Received event: 353000 (at simulation time IntraVehicleMsg)
2025-05-28 00:39:19,900 INFO  - Sent message to others cars = 'veh_46 | CartesianPoint{x=139.26,y=461.27,z=0.00}' (at simulation time 354.000,000,000 s)
2025-05-28 00:39:19,955 INFO  - Received event: 354000 (at simulation time IntraVehicleMsg)
2025-05-28 00:39:19,958 INFO  - Sent message to others cars = 'veh_46 | CartesianPoint{x=139.19,y=453.14,z=0.00}' (at simulation time 355.000,000,000 s)
2025-05-28 00:39:20,015 INFO  - Received event: 355000 (at simulation time IntraVehicleMsg)
2025-05-28 00:39:20,022 INFO  - Sent message to others cars = 'veh_46 | CartesianPoint{x=139.18,y=445.47,z=0.00}' (at simulation time 356.000,000,000 s)
2025-05-28 00:39:20,080 INFO  - Received event: 356000 (at simulation time IntraVehicleMsg)
2025-05-28 00:39:20,083 INFO  - Sent message to others cars = 'veh_46 | CartesianPoint{x=139.17,y=438.47,z=0.00}' (at simulation time 357.000,000,000 s)
2025-05-28 00:39:20,143 INFO  - Received event: 357000 (at simulation time IntraVehicleMsg)
2025-05-28 00:39:20,146 INFO  - Sent message to others cars = 'veh_46 | CartesianPoint{x=139.15,y=430.32,z=0.00}' (at simulation time 358.000,000,000 s)
2025-05-28 00:39:20,207 INFO  - Received event: 358000 (at simulation time IntraVehicleMsg)
2025-05-28 00:39:20,210 INFO  - Sent message to others cars = 'veh_46 | CartesianPoint{x=139.14,y=423.28,z=0.00}' (at simulation time 359.000,000,000 s)
2025-05-28 00:39:20,271 INFO  - Received event: 359000 (at simulation time IntraVehicleMsg)
2025-05-28 00:39:20,274 INFO  - Sent message to others cars = 'veh_46 | CartesianPoint{x=139.12,y=416.15,z=0.00}' (at simulation time 360.000,000,000 s)
2025-05-28 00:39:20,337 INFO  - Received event: 360000 (at simulation time IntraVehicleMsg)
2025-05-28 00:39:20,340 INFO  - Sent message to others cars = 'veh_46 | CartesianPoint{x=139.11,y=409.13,z=0.00}' (at simulation time 361.000,000,000 s)
2025-05-28 00:39:20,403 INFO  - Received event: 361000 (at simulation time IntraVehicleMsg)
2025-05-28 00:39:20,406 INFO  - Sent message to others cars = 'veh_46 | CartesianPoint{x=139.09,y=402.09,z=0.00}' (at simulation time 362.000,000,000 s)
2025-05-28 00:39:20,471 INFO  - Received event: 362000 (at simulation time IntraVehicleMsg)
2025-05-28 00:39:20,476 INFO  - Sent message to others cars = 'veh_46 | CartesianPoint{x=139.08,y=394.65,z=0.00}' (at simulation time 363.000,000,000 s)
2025-05-28 00:39:20,542 INFO  - Received event: 363000 (at simulation time IntraVehicleMsg)
2025-05-28 00:39:20,545 INFO  - Sent message to others cars = 'veh_46 | CartesianPoint{x=139.06,y=387.38,z=0.00}' (at simulation time 364.000,000,000 s)
2025-05-28 00:39:20,611 INFO  - Received event: 364000 (at simulation time IntraVehicleMsg)
2025-05-28 00:39:20,615 INFO  - Sent message to others cars = 'veh_46 | CartesianPoint{x=139.05,y=380.12,z=0.00}' (at simulation time 365.000,000,000 s)
2025-05-28 00:39:20,682 INFO  - Received event: 365000 (at simulation time IntraVehicleMsg)
2025-05-28 00:39:20,689 INFO  - Sent message to others cars = 'veh_46 | CartesianPoint{x=139.03,y=372.23,z=0.00}' (at simulation time 366.000,000,000 s)
2025-05-28 00:39:20,758 INFO  - Received event: 366000 (at simulation time IntraVehicleMsg)
2025-05-28 00:39:20,761 INFO  - Sent message to others cars = 'veh_46 | CartesianPoint{x=139.02,y=364.58,z=0.00}' (at simulation time 367.000,000,000 s)
2025-05-28 00:39:20,832 INFO  - Received event: 367000 (at simulation time IntraVehicleMsg)
2025-05-28 00:39:20,835 INFO  - Sent message to others cars = 'veh_46 | CartesianPoint{x=139.00,y=357.35,z=0.00}' (at simulation time 368.000,000,000 s)
2025-05-28 00:39:20,907 INFO  - Received event: 368000 (at simulation time IntraVehicleMsg)
2025-05-28 00:39:20,910 INFO  - Sent message to others cars = 'veh_46 | CartesianPoint{x=138.94,y=349.99,z=0.00}' (at simulation time 369.000,000,000 s)
2025-05-28 00:39:20,986 INFO  - Received event: 369000 (at simulation time IntraVehicleMsg)
2025-05-28 00:39:20,999 INFO  - Sent message to others cars = 'veh_46 | CartesianPoint{x=138.87,y=342.26,z=0.00}' (at simulation time 370.000,000,000 s)
2025-05-28 00:39:21,071 INFO  - Received event: 370000 (at simulation time IntraVehicleMsg)
2025-05-28 00:39:21,074 INFO  - Sent message to others cars = 'veh_46 | CartesianPoint{x=138.80,y=334.26,z=0.00}' (at simulation time 371.000,000,000 s)
2025-05-28 00:39:21,150 INFO  - Received event: 371000 (at simulation time IntraVehicleMsg)
2025-05-28 00:39:21,153 INFO  - Sent message to others cars = 'veh_46 | CartesianPoint{x=138.74,y=326.67,z=0.00}' (at simulation time 372.000,000,000 s)
2025-05-28 00:39:21,229 INFO  - Received event: 372000 (at simulation time IntraVehicleMsg)
2025-05-28 00:39:21,232 INFO  - Sent message to others cars = 'veh_46 | CartesianPoint{x=138.67,y=318.73,z=0.00}' (at simulation time 373.000,000,000 s)
2025-05-28 00:39:21,308 INFO  - Received event: 373000 (at simulation time IntraVehicleMsg)
2025-05-28 00:39:21,311 INFO  - Sent message to others cars = 'veh_46 | CartesianPoint{x=138.60,y=310.56,z=0.00}' (at simulation time 374.000,000,000 s)
2025-05-28 00:39:21,391 INFO  - Received event: 374000 (at simulation time IntraVehicleMsg)
2025-05-28 00:39:21,398 INFO  - Sent message to others cars = 'veh_46 | CartesianPoint{x=138.53,y=302.55,z=0.00}' (at simulation time 375.000,000,000 s)
2025-05-28 00:39:21,476 INFO  - Received event: 375000 (at simulation time IntraVehicleMsg)
2025-05-28 00:39:21,479 INFO  - Sent message to others cars = 'veh_46 | CartesianPoint{x=138.46,y=294.48,z=0.00}' (at simulation time 376.000,000,000 s)
2025-05-28 00:39:21,558 INFO  - Received event: 376000 (at simulation time IntraVehicleMsg)
2025-05-28 00:39:21,566 INFO  - Sent message to others cars = 'veh_46 | CartesianPoint{x=138.39,y=286.47,z=0.00}' (at simulation time 377.000,000,000 s)
2025-05-28 00:39:21,650 INFO  - Received event: 377000 (at simulation time IntraVehicleMsg)
2025-05-28 00:39:21,653 INFO  - Sent message to others cars = 'veh_46 | CartesianPoint{x=138.32,y=278.58,z=0.00}' (at simulation time 378.000,000,000 s)
2025-05-28 00:39:21,736 INFO  - Received event: 378000 (at simulation time IntraVehicleMsg)
2025-05-28 00:39:21,739 INFO  - Sent message to others cars = 'veh_46 | CartesianPoint{x=138.26,y=271.13,z=0.00}' (at simulation time 379.000,000,000 s)
2025-05-28 00:39:21,824 INFO  - Received event: 379000 (at simulation time IntraVehicleMsg)
2025-05-28 00:39:21,828 INFO  - Sent message to others cars = 'veh_46 | CartesianPoint{x=138.19,y=263.54,z=0.00}' (at simulation time 380.000,000,000 s)
2025-05-28 00:39:21,912 INFO  - Received event: 380000 (at simulation time IntraVehicleMsg)
2025-05-28 00:39:21,915 INFO  - Sent message to others cars = 'veh_46 | CartesianPoint{x=138.13,y=256.18,z=0.00}' (at simulation time 381.000,000,000 s)
2025-05-28 00:39:22,012 INFO  - Received event: 381000 (at simulation time IntraVehicleMsg)
2025-05-28 00:39:22,015 INFO  - Sent message to others cars = 'veh_46 | CartesianPoint{x=138.06,y=248.23,z=0.00}' (at simulation time 382.000,000,000 s)
2025-05-28 00:39:22,107 INFO  - Received event: 382000 (at simulation time IntraVehicleMsg)
2025-05-28 00:39:22,111 INFO  - Sent message to others cars = 'veh_46 | CartesianPoint{x=138.00,y=240.44,z=0.00}' (at simulation time 383.000,000,000 s)
2025-05-28 00:39:22,200 INFO  - Received event: 383000 (at simulation time IntraVehicleMsg)
2025-05-28 00:39:22,203 INFO  - Sent message to others cars = 'veh_46 | CartesianPoint{x=137.94,y=233.09,z=0.00}' (at simulation time 384.000,000,000 s)
2025-05-28 00:39:22,291 INFO  - Received event: 384000 (at simulation time IntraVehicleMsg)
2025-05-28 00:39:22,297 INFO  - Sent message to others cars = 'veh_46 | CartesianPoint{x=137.87,y=225.63,z=0.00}' (at simulation time 385.000,000,000 s)
2025-05-28 00:39:22,381 INFO  - Received event: 385000 (at simulation time IntraVehicleMsg)
2025-05-28 00:39:22,392 INFO  - Sent message to others cars = 'veh_46 | CartesianPoint{x=137.82,y=218.45,z=0.00}' (at simulation time 386.000,000,000 s)
2025-05-28 00:39:22,480 INFO  - Received event: 386000 (at simulation time IntraVehicleMsg)
2025-05-28 00:39:22,488 INFO  - Sent message to others cars = 'veh_46 | CartesianPoint{x=137.75,y=210.32,z=0.00}' (at simulation time 387.000,000,000 s)
2025-05-28 00:39:22,581 INFO  - Received event: 387000 (at simulation time IntraVehicleMsg)
2025-05-28 00:39:22,585 INFO  - Sent message to others cars = 'veh_46 | CartesianPoint{x=137.68,y=202.41,z=0.00}' (at simulation time 388.000,000,000 s)
2025-05-28 00:39:22,681 INFO  - Received event: 388000 (at simulation time IntraVehicleMsg)
2025-05-28 00:39:22,685 INFO  - Sent message to others cars = 'veh_46 | CartesianPoint{x=137.62,y=194.64,z=0.00}' (at simulation time 389.000,000,000 s)
2025-05-28 00:39:22,781 INFO  - Received event: 389000 (at simulation time IntraVehicleMsg)
2025-05-28 00:39:22,785 INFO  - Sent message to others cars = 'veh_46 | CartesianPoint{x=137.55,y=186.88,z=0.00}' (at simulation time 390.000,000,000 s)
2025-05-28 00:39:22,887 INFO  - Received event: 390000 (at simulation time IntraVehicleMsg)
2025-05-28 00:39:22,898 INFO  - Sent message to others cars = 'veh_46 | CartesianPoint{x=137.49,y=179.38,z=0.00}' (at simulation time 391.000,000,000 s)
2025-05-28 00:39:22,996 INFO  - Received event: 391000 (at simulation time IntraVehicleMsg)
2025-05-28 00:39:23,000 INFO  - Sent message to others cars = 'veh_46 | CartesianPoint{x=137.43,y=171.85,z=0.00}' (at simulation time 392.000,000,000 s)
2025-05-28 00:39:23,103 INFO  - Received event: 392000 (at simulation time IntraVehicleMsg)
2025-05-28 00:39:23,109 INFO  - Sent message to others cars = 'veh_46 | CartesianPoint{x=137.36,y=163.81,z=0.00}' (at simulation time 393.000,000,000 s)
2025-05-28 00:39:23,209 INFO  - Received event: 393000 (at simulation time IntraVehicleMsg)
2025-05-28 00:39:23,213 INFO  - Sent message to others cars = 'veh_46 | CartesianPoint{x=137.30,y=156.32,z=0.00}' (at simulation time 394.000,000,000 s)
2025-05-28 00:39:23,315 INFO  - Received event: 394000 (at simulation time IntraVehicleMsg)
2025-05-28 00:39:23,319 INFO  - Sent message to others cars = 'veh_46 | CartesianPoint{x=137.24,y=148.17,z=0.00}' (at simulation time 395.000,000,000 s)
2025-05-28 00:39:23,422 INFO  - Received event: 395000 (at simulation time IntraVehicleMsg)
2025-05-28 00:39:23,426 INFO  - Sent message to others cars = 'veh_46 | CartesianPoint{x=137.18,y=141.03,z=0.00}' (at simulation time 396.000,000,000 s)
2025-05-28 00:39:23,532 INFO  - Received event: 396000 (at simulation time IntraVehicleMsg)
2025-05-28 00:39:23,540 INFO  - Sent message to others cars = 'veh_46 | CartesianPoint{x=137.19,y=133.73,z=0.00}' (at simulation time 397.000,000,000 s)
2025-05-28 00:39:23,647 INFO  - Received event: 397000 (at simulation time IntraVehicleMsg)
2025-05-28 00:39:23,650 INFO  - Sent message to others cars = 'veh_46 | CartesianPoint{x=137.23,y=126.73,z=0.00}' (at simulation time 398.000,000,000 s)
2025-05-28 00:39:23,762 INFO  - Received event: 398000 (at simulation time IntraVehicleMsg)
2025-05-28 00:39:23,766 INFO  - Sent message to others cars = 'veh_46 | CartesianPoint{x=137.27,y=119.35,z=0.00}' (at simulation time 399.000,000,000 s)
2025-05-28 00:39:23,870 INFO  - Received event: 399000 (at simulation time IntraVehicleMsg)
2025-05-28 00:39:23,874 INFO  - Sent message to others cars = 'veh_46 | CartesianPoint{x=137.31,y=111.86,z=0.00}' (at simulation time 400.000,000,000 s)
2025-05-28 00:39:23,983 INFO  - Received event: 400000 (at simulation time IntraVehicleMsg)
2025-05-28 00:39:23,986 INFO  - Sent message to others cars = 'veh_46 | CartesianPoint{x=137.35,y=104.24,z=0.00}' (at simulation time 401.000,000,000 s)
2025-05-28 00:39:24,091 INFO  - Received event: 401000 (at simulation time IntraVehicleMsg)
2025-05-28 00:39:24,095 INFO  - Sent message to others cars = 'veh_46 | CartesianPoint{x=137.40,y=96.48,z=0.00}' (at simulation time 402.000,000,000 s)
2025-05-28 00:39:24,203 INFO  - Received event: 402000 (at simulation time IntraVehicleMsg)
2025-05-28 00:39:24,206 INFO  - Sent message to others cars = 'veh_46 | CartesianPoint{x=137.44,y=89.12,z=0.00}' (at simulation time 403.000,000,000 s)
2025-05-28 00:39:24,315 INFO  - Received event: 403000 (at simulation time IntraVehicleMsg)
2025-05-28 00:39:24,320 INFO  - Sent message to others cars = 'veh_46 | CartesianPoint{x=137.48,y=81.44,z=0.00}' (at simulation time 404.000,000,000 s)
2025-05-28 00:39:24,421 INFO  - Received event: 404000 (at simulation time IntraVehicleMsg)
2025-05-28 00:39:24,428 INFO  - Sent message to others cars = 'veh_46 | CartesianPoint{x=138.53,y=74.33,z=0.00}' (at simulation time 405.000,000,000 s)
2025-05-28 00:39:24,520 INFO  - Received event: 405000 (at simulation time IntraVehicleMsg)
2025-05-28 00:39:24,523 INFO  - Sent message to others cars = 'veh_46 | CartesianPoint{x=142.12,y=67.93,z=0.00}' (at simulation time 406.000,000,000 s)
2025-05-28 00:39:24,613 INFO  - Received event: 406000 (at simulation time IntraVehicleMsg)
2025-05-28 00:39:24,616 INFO  - Sent message to others cars = 'veh_46 | CartesianPoint{x=147.83,y=62.10,z=0.00}' (at simulation time 407.000,000,000 s)
2025-05-28 00:39:24,702 INFO  - Received event: 407000 (at simulation time IntraVehicleMsg)
2025-05-28 00:39:24,709 INFO  - Sent message to others cars = 'veh_46 | CartesianPoint{x=153.06,y=57.20,z=0.00}' (at simulation time 408.000,000,000 s)
2025-05-28 00:39:24,798 INFO  - Received event: 408000 (at simulation time IntraVehicleMsg)
2025-05-28 00:39:24,801 INFO  - Sent message to others cars = 'veh_46 | CartesianPoint{x=157.84,y=51.99,z=0.00}' (at simulation time 409.000,000,000 s)
2025-05-28 00:39:24,892 INFO  - Received event: 409000 (at simulation time IntraVehicleMsg)
2025-05-28 00:39:24,895 INFO  - Sent message to others cars = 'veh_46 | CartesianPoint{x=162.75,y=46.59,z=0.00}' (at simulation time 410.000,000,000 s)
2025-05-28 00:39:24,988 INFO  - Received event: 410000 (at simulation time IntraVehicleMsg)
2025-05-28 00:39:24,996 INFO  - Sent message to others cars = 'veh_46 | CartesianPoint{x=168.12,y=40.69,z=0.00}' (at simulation time 411.000,000,000 s)
2025-05-28 00:39:25,079 INFO  - Received event: 411000 (at simulation time IntraVehicleMsg)
2025-05-28 00:39:25,083 INFO  - Sent message to others cars = 'veh_46 | CartesianPoint{x=172.95,y=35.38,z=0.00}' (at simulation time 412.000,000,000 s)
2025-05-28 00:39:25,165 INFO  - Received event: 412000 (at simulation time IntraVehicleMsg)
2025-05-28 00:39:25,168 INFO  - Sent message to others cars = 'veh_46 | CartesianPoint{x=178.46,y=29.32,z=0.00}' (at simulation time 413.000,000,000 s)
2025-05-28 00:39:25,255 INFO  - Received event: 413000 (at simulation time IntraVehicleMsg)
2025-05-28 00:39:25,258 INFO  - Sent message to others cars = 'veh_46 | CartesianPoint{x=183.52,y=23.76,z=0.00}' (at simulation time 414.000,000,000 s)
2025-05-28 00:39:25,344 INFO  - Received event: 414000 (at simulation time IntraVehicleMsg)
2025-05-28 00:39:25,347 INFO  - Sent message to others cars = 'veh_46 | CartesianPoint{x=188.44,y=18.34,z=0.00}' (at simulation time 415.000,000,000 s)
2025-05-28 00:39:25,433 INFO  - Received event: 415000 (at simulation time IntraVehicleMsg)
2025-05-28 00:39:25,436 INFO  - Sent message to others cars = 'veh_46 | CartesianPoint{x=193.69,y=12.56,z=0.00}' (at simulation time 416.000,000,000 s)
2025-05-28 00:39:25,525 INFO  - Received event: 416000 (at simulation time IntraVehicleMsg)
2025-05-28 00:39:25,528 INFO  - Sent message to others cars = 'veh_46 | CartesianPoint{x=195.82,y=4.93,z=0.00}' (at simulation time 417.000,000,000 s)
2025-05-28 00:39:25,607 INFO  - Received event: 417000 (at simulation time IntraVehicleMsg)
2025-05-28 00:39:25,628 INFO  - ------------------------------------------------------------------------------------- (at simulation time 418.000,000,000 s)
2025-05-28 00:39:25,628 INFO  - Shutdown application (at simulation time 418.000,000,000 s)
2025-05-28 00:39:25,628 INFO  - ------------------------------------------------------------------------------------- (at simulation time 418.000,000,000 s)
