2025-05-28 00:19:55,596 INFO  - ------------------------------------------------------------------------------------- (at simulation time 356.000,000,000 s)
2025-05-28 00:19:55,596 INFO  - Initialize veh_68 application (at simulation time 356.000,000,000 s)
2025-05-28 00:19:55,596 INFO  - Activated AdHoc Module (at simulation time 356.000,000,000 s)
2025-05-28 00:19:55,596 INFO  - ------------------------------------------------------------------------------------- (at simulation time 356.000,000,000 s)
2025-05-28 00:19:55,598 INFO  - Sent message to others cars = 'veh_68 | CartesianPoint{x=143.94,y=749.34,z=0.00}' (at simulation time 356.000,000,000 s)
2025-05-28 00:19:55,639 INFO  - Received event: 356000 (at simulation time IntraVehicleMsg)
2025-05-28 00:19:55,642 INFO  - Sent message to others cars = 'veh_68 | CartesianPoint{x=143.92,y=743.27,z=0.00}' (at simulation time 357.000,000,000 s)
2025-05-28 00:19:55,685 INFO  - Received event: 357000 (at simulation time IntraVehicleMsg)
2025-05-28 00:19:55,687 INFO  - Sent message to others cars = 'veh_68 | CartesianPoint{x=143.90,y=736.98,z=0.00}' (at simulation time 358.000,000,000 s)
2025-05-28 00:19:55,734 INFO  - Received event: 358000 (at simulation time IntraVehicleMsg)
2025-05-28 00:19:55,737 INFO  - Sent message to others cars = 'veh_68 | CartesianPoint{x=143.88,y=730.62,z=0.00}' (at simulation time 359.000,000,000 s)
2025-05-28 00:19:55,785 INFO  - Received event: 359000 (at simulation time IntraVehicleMsg)
2025-05-28 00:19:55,789 INFO  - Sent message to others cars = 'veh_68 | CartesianPoint{x=143.86,y=723.97,z=0.00}' (at simulation time 360.000,000,000 s)
2025-05-28 00:19:55,837 INFO  - Received event: 360000 (at simulation time IntraVehicleMsg)
2025-05-28 00:19:55,839 INFO  - Sent message to others cars = 'veh_68 | CartesianPoint{x=143.84,y=717.84,z=0.00}' (at simulation time 361.000,000,000 s)
2025-05-28 00:19:55,889 INFO  - Received event: 361000 (at simulation time IntraVehicleMsg)
2025-05-28 00:19:55,892 INFO  - Sent message to others cars = 'veh_68 | CartesianPoint{x=140.62,y=711.42,z=0.00}' (at simulation time 362.000,000,000 s)
2025-05-28 00:19:55,943 INFO  - Received event: 362000 (at simulation time IntraVehicleMsg)
2025-05-28 00:19:55,948 INFO  - Sent message to others cars = 'veh_68 | CartesianPoint{x=140.60,y=705.20,z=0.00}' (at simulation time 363.000,000,000 s)
2025-05-28 00:19:55,999 INFO  - Received event: 363000 (at simulation time IntraVehicleMsg)
2025-05-28 00:19:56,002 INFO  - Sent message to others cars = 'veh_68 | CartesianPoint{x=140.58,y=699.08,z=0.00}' (at simulation time 364.000,000,000 s)
2025-05-28 00:19:56,053 INFO  - Received event: 364000 (at simulation time IntraVehicleMsg)
2025-05-28 00:19:56,055 INFO  - Sent message to others cars = 'veh_68 | CartesianPoint{x=140.56,y=692.80,z=0.00}' (at simulation time 365.000,000,000 s)
2025-05-28 00:19:56,106 INFO  - Received event: 365000 (at simulation time IntraVehicleMsg)
2025-05-28 00:19:56,112 INFO  - Sent message to others cars = 'veh_68 | CartesianPoint{x=140.53,y=685.81,z=0.00}' (at simulation time 366.000,000,000 s)
2025-05-28 00:19:56,165 INFO  - Received event: 366000 (at simulation time IntraVehicleMsg)
2025-05-28 00:19:56,168 INFO  - Sent message to others cars = 'veh_68 | CartesianPoint{x=140.51,y=679.99,z=0.00}' (at simulation time 367.000,000,000 s)
2025-05-28 00:19:56,224 INFO  - Received event: 367000 (at simulation time IntraVehicleMsg)
2025-05-28 00:19:56,227 INFO  - Sent message to others cars = 'veh_68 | CartesianPoint{x=140.49,y=673.42,z=0.00}' (at simulation time 368.000,000,000 s)
2025-05-28 00:19:56,282 INFO  - Received event: 368000 (at simulation time IntraVehicleMsg)
2025-05-28 00:19:56,285 INFO  - Sent message to others cars = 'veh_68 | CartesianPoint{x=140.47,y=666.60,z=0.00}' (at simulation time 369.000,000,000 s)
2025-05-28 00:19:56,344 INFO  - Received event: 369000 (at simulation time IntraVehicleMsg)
2025-05-28 00:19:56,356 INFO  - Sent message to others cars = 'veh_68 | CartesianPoint{x=140.46,y=659.64,z=0.00}' (at simulation time 370.000,000,000 s)
2025-05-28 00:19:56,415 INFO  - Received event: 370000 (at simulation time IntraVehicleMsg)
2025-05-28 00:19:56,417 INFO  - Sent message to others cars = 'veh_68 | CartesianPoint{x=140.44,y=653.64,z=0.00}' (at simulation time 371.000,000,000 s)
2025-05-28 00:19:56,476 INFO  - Received event: 371000 (at simulation time IntraVehicleMsg)
2025-05-28 00:19:56,479 INFO  - Sent message to others cars = 'veh_68 | CartesianPoint{x=140.43,y=647.68,z=0.00}' (at simulation time 372.000,000,000 s)
2025-05-28 00:19:56,536 INFO  - Received event: 372000 (at simulation time IntraVehicleMsg)
2025-05-28 00:19:56,539 INFO  - Sent message to others cars = 'veh_68 | CartesianPoint{x=140.41,y=641.50,z=0.00}' (at simulation time 373.000,000,000 s)
2025-05-28 00:19:56,597 INFO  - Received event: 373000 (at simulation time IntraVehicleMsg)
2025-05-28 00:19:56,599 INFO  - Sent message to others cars = 'veh_68 | CartesianPoint{x=140.40,y=635.06,z=0.00}' (at simulation time 374.000,000,000 s)
2025-05-28 00:19:56,659 INFO  - Received event: 374000 (at simulation time IntraVehicleMsg)
2025-05-28 00:19:56,666 INFO  - Sent message to others cars = 'veh_68 | CartesianPoint{x=140.38,y=628.72,z=0.00}' (at simulation time 375.000,000,000 s)
2025-05-28 00:19:56,726 INFO  - Received event: 375000 (at simulation time IntraVehicleMsg)
2025-05-28 00:19:56,730 INFO  - Sent message to others cars = 'veh_68 | CartesianPoint{x=140.37,y=622.75,z=0.00}' (at simulation time 376.000,000,000 s)
2025-05-28 00:19:56,794 INFO  - Received event: 376000 (at simulation time IntraVehicleMsg)
2025-05-28 00:19:56,801 INFO  - Sent message to others cars = 'veh_68 | CartesianPoint{x=140.35,y=616.00,z=0.00}' (at simulation time 377.000,000,000 s)
2025-05-28 00:19:56,868 INFO  - Received event: 377000 (at simulation time IntraVehicleMsg)
2025-05-28 00:19:56,871 INFO  - Sent message to others cars = 'veh_68 | CartesianPoint{x=140.34,y=610.21,z=0.00}' (at simulation time 378.000,000,000 s)
2025-05-28 00:19:56,936 INFO  - Received event: 378000 (at simulation time IntraVehicleMsg)
2025-05-28 00:19:56,939 INFO  - Sent message to others cars = 'veh_68 | CartesianPoint{x=140.32,y=603.19,z=0.00}' (at simulation time 379.000,000,000 s)
2025-05-28 00:19:57,003 INFO  - Received event: 379000 (at simulation time IntraVehicleMsg)
2025-05-28 00:19:57,006 INFO  - Sent message to others cars = 'veh_68 | CartesianPoint{x=140.28,y=596.94,z=0.00}' (at simulation time 380.000,000,000 s)
2025-05-28 00:19:57,073 INFO  - Received event: 380000 (at simulation time IntraVehicleMsg)
2025-05-28 00:19:57,075 INFO  - Sent message to others cars = 'veh_68 | CartesianPoint{x=140.25,y=590.22,z=0.00}' (at simulation time 381.000,000,000 s)
2025-05-28 00:19:57,141 INFO  - Received event: 381000 (at simulation time IntraVehicleMsg)
2025-05-28 00:19:57,144 INFO  - Sent message to others cars = 'veh_68 | CartesianPoint{x=140.22,y=584.36,z=0.00}' (at simulation time 382.000,000,000 s)
2025-05-28 00:19:57,212 INFO  - Received event: 382000 (at simulation time IntraVehicleMsg)
2025-05-28 00:19:57,215 INFO  - Sent message to others cars = 'veh_68 | CartesianPoint{x=140.18,y=577.73,z=0.00}' (at simulation time 383.000,000,000 s)
2025-05-28 00:19:57,287 INFO  - Received event: 383000 (at simulation time IntraVehicleMsg)
2025-05-28 00:19:57,290 INFO  - Sent message to others cars = 'veh_68 | CartesianPoint{x=140.15,y=571.23,z=0.00}' (at simulation time 384.000,000,000 s)
2025-05-28 00:19:57,363 INFO  - Received event: 384000 (at simulation time IntraVehicleMsg)
2025-05-28 00:19:57,369 INFO  - Sent message to others cars = 'veh_68 | CartesianPoint{x=140.12,y=565.46,z=0.00}' (at simulation time 385.000,000,000 s)
2025-05-28 00:19:57,446 INFO  - Received event: 385000 (at simulation time IntraVehicleMsg)
2025-05-28 00:19:57,449 INFO  - Sent message to others cars = 'veh_68 | CartesianPoint{x=140.08,y=558.53,z=0.00}' (at simulation time 386.000,000,000 s)
2025-05-28 00:19:57,522 INFO  - Received event: 386000 (at simulation time IntraVehicleMsg)
2025-05-28 00:19:57,529 INFO  - Sent message to others cars = 'veh_68 | CartesianPoint{x=143.26,y=553.87,z=0.00}' (at simulation time 387.000,000,000 s)
2025-05-28 00:19:57,606 INFO  - Received event: 387000 (at simulation time IntraVehicleMsg)
2025-05-28 00:19:57,612 INFO  - Sent message to others cars = 'veh_68 | CartesianPoint{x=143.22,y=547.59,z=0.00}' (at simulation time 388.000,000,000 s)
2025-05-28 00:19:57,689 INFO  - Received event: 388000 (at simulation time IntraVehicleMsg)
2025-05-28 00:19:57,692 INFO  - Sent message to others cars = 'veh_68 | CartesianPoint{x=143.21,y=545.35,z=0.00}' (at simulation time 389.000,000,000 s)
2025-05-28 00:19:57,772 INFO  - Received event: 389000 (at simulation time IntraVehicleMsg)
2025-05-28 00:19:57,775 INFO  - Sent message to others cars = 'veh_68 | CartesianPoint{x=143.21,y=544.90,z=0.00}' (at simulation time 390.000,000,000 s)
2025-05-28 00:19:57,858 INFO  - Received event: 390000 (at simulation time IntraVehicleMsg)
2025-05-28 00:19:57,862 INFO  - Sent message to others cars = 'veh_68 | CartesianPoint{x=143.21,y=544.71,z=0.00}' (at simulation time 391.000,000,000 s)
2025-05-28 00:19:57,945 INFO  - Received event: 391000 (at simulation time IntraVehicleMsg)
2025-05-28 00:19:57,951 INFO  - Sent message to others cars = 'veh_68 | CartesianPoint{x=143.21,y=544.68,z=0.00}' (at simulation time 392.000,000,000 s)
2025-05-28 00:19:58,031 INFO  - Received event: 392000 (at simulation time IntraVehicleMsg)
2025-05-28 00:19:58,036 INFO  - Sent message to others cars = 'veh_68 | CartesianPoint{x=143.21,y=544.67,z=0.00}' (at simulation time 393.000,000,000 s)
2025-05-28 00:19:58,117 INFO  - Received event: 393000 (at simulation time IntraVehicleMsg)
2025-05-28 00:19:58,120 INFO  - Sent message to others cars = 'veh_68 | CartesianPoint{x=143.21,y=544.67,z=0.00}' (at simulation time 394.000,000,000 s)
2025-05-28 00:19:58,202 INFO  - Received event: 394000 (at simulation time IntraVehicleMsg)
2025-05-28 00:19:58,205 INFO  - Sent message to others cars = 'veh_68 | CartesianPoint{x=143.21,y=544.67,z=0.00}' (at simulation time 395.000,000,000 s)
2025-05-28 00:19:58,292 INFO  - Received event: 395000 (at simulation time IntraVehicleMsg)
2025-05-28 00:19:58,295 INFO  - Sent message to others cars = 'veh_68 | CartesianPoint{x=143.21,y=544.67,z=0.00}' (at simulation time 396.000,000,000 s)
2025-05-28 00:19:58,383 INFO  - Received event: 396000 (at simulation time IntraVehicleMsg)
2025-05-28 00:19:58,390 INFO  - Sent message to others cars = 'veh_68 | CartesianPoint{x=143.21,y=544.67,z=0.00}' (at simulation time 397.000,000,000 s)
2025-05-28 00:19:58,482 INFO  - Received event: 397000 (at simulation time IntraVehicleMsg)
2025-05-28 00:19:58,485 INFO  - Sent message to others cars = 'veh_68 | CartesianPoint{x=143.21,y=544.67,z=0.00}' (at simulation time 398.000,000,000 s)
2025-05-28 00:19:58,573 INFO  - Received event: 398000 (at simulation time IntraVehicleMsg)
2025-05-28 00:19:58,577 INFO  - Sent message to others cars = 'veh_68 | CartesianPoint{x=143.21,y=544.67,z=0.00}' (at simulation time 399.000,000,000 s)
2025-05-28 00:19:58,665 INFO  - Received event: 399000 (at simulation time IntraVehicleMsg)
2025-05-28 00:19:58,669 INFO  - Sent message to others cars = 'veh_68 | CartesianPoint{x=143.21,y=544.67,z=0.00}' (at simulation time 400.000,000,000 s)
2025-05-28 00:19:58,764 INFO  - Received event: 400000 (at simulation time IntraVehicleMsg)
2025-05-28 00:19:58,768 INFO  - Sent message to others cars = 'veh_68 | CartesianPoint{x=143.21,y=544.67,z=0.00}' (at simulation time 401.000,000,000 s)
2025-05-28 00:19:58,864 INFO  - Received event: 401000 (at simulation time IntraVehicleMsg)
2025-05-28 00:19:58,867 INFO  - Sent message to others cars = 'veh_68 | CartesianPoint{x=143.20,y=543.22,z=0.00}' (at simulation time 402.000,000,000 s)
2025-05-28 00:19:58,968 INFO  - Received event: 402000 (at simulation time IntraVehicleMsg)
2025-05-28 00:19:58,978 INFO  - Sent message to others cars = 'veh_68 | CartesianPoint{x=143.18,y=539.73,z=0.00}' (at simulation time 403.000,000,000 s)
2025-05-28 00:19:59,074 INFO  - Received event: 403000 (at simulation time IntraVehicleMsg)
2025-05-28 00:19:59,081 INFO  - Sent message to others cars = 'veh_68 | CartesianPoint{x=143.15,y=534.48,z=0.00}' (at simulation time 404.000,000,000 s)
2025-05-28 00:19:59,184 INFO  - Received event: 404000 (at simulation time IntraVehicleMsg)
2025-05-28 00:19:59,187 INFO  - Sent message to others cars = 'veh_68 | CartesianPoint{x=143.10,y=528.43,z=0.00}' (at simulation time 405.000,000,000 s)
2025-05-28 00:19:59,287 INFO  - Received event: 405000 (at simulation time IntraVehicleMsg)
2025-05-28 00:19:59,292 INFO  - Sent message to others cars = 'veh_68 | CartesianPoint{x=143.04,y=521.79,z=0.00}' (at simulation time 406.000,000,000 s)
2025-05-28 00:19:59,385 INFO  - Received event: 406000 (at simulation time IntraVehicleMsg)
2025-05-28 00:19:59,388 INFO  - Sent message to others cars = 'veh_68 | CartesianPoint{x=142.98,y=515.89,z=0.00}' (at simulation time 407.000,000,000 s)
2025-05-28 00:19:59,483 INFO  - Received event: 407000 (at simulation time IntraVehicleMsg)
2025-05-28 00:19:59,490 INFO  - Sent message to others cars = 'veh_68 | CartesianPoint{x=142.93,y=509.97,z=0.00}' (at simulation time 408.000,000,000 s)
2025-05-28 00:19:59,587 INFO  - Received event: 408000 (at simulation time IntraVehicleMsg)
2025-05-28 00:19:59,590 INFO  - Sent message to others cars = 'veh_68 | CartesianPoint{x=142.86,y=503.30,z=0.00}' (at simulation time 409.000,000,000 s)
2025-05-28 00:19:59,685 INFO  - Received event: 409000 (at simulation time IntraVehicleMsg)
2025-05-28 00:19:59,689 INFO  - Sent message to others cars = 'veh_68 | CartesianPoint{x=142.81,y=497.22,z=0.00}' (at simulation time 410.000,000,000 s)
2025-05-28 00:19:59,784 INFO  - Received event: 410000 (at simulation time IntraVehicleMsg)
2025-05-28 00:19:59,792 INFO  - Sent message to others cars = 'veh_68 | CartesianPoint{x=142.76,y=491.89,z=0.00}' (at simulation time 411.000,000,000 s)
2025-05-28 00:19:59,881 INFO  - Received event: 411000 (at simulation time IntraVehicleMsg)
2025-05-28 00:19:59,884 INFO  - Sent message to others cars = 'veh_68 | CartesianPoint{x=142.69,y=485.19,z=0.00}' (at simulation time 412.000,000,000 s)
2025-05-28 00:19:59,971 INFO  - Received event: 412000 (at simulation time IntraVehicleMsg)
2025-05-28 00:19:59,974 INFO  - Sent message to others cars = 'veh_68 | CartesianPoint{x=142.63,y=478.83,z=0.00}' (at simulation time 413.000,000,000 s)
2025-05-28 00:20:00,059 INFO  - Received event: 413000 (at simulation time IntraVehicleMsg)
2025-05-28 00:20:00,061 INFO  - Sent message to others cars = 'veh_68 | CartesianPoint{x=142.57,y=472.72,z=0.00}' (at simulation time 414.000,000,000 s)
2025-05-28 00:20:00,147 INFO  - Received event: 414000 (at simulation time IntraVehicleMsg)
2025-05-28 00:20:00,150 INFO  - Sent message to others cars = 'veh_68 | CartesianPoint{x=142.51,y=465.83,z=0.00}' (at simulation time 415.000,000,000 s)
