2025-05-28 00:34:09,735 INFO  - ------------------------------------------------------------------------------------- (at simulation time 696.000,000,000 s)
2025-05-28 00:34:09,735 INFO  - Initialize veh_134 application (at simulation time 696.000,000,000 s)
2025-05-28 00:34:09,735 INFO  - Activated AdHoc Module (at simulation time 696.000,000,000 s)
2025-05-28 00:34:09,735 INFO  - ------------------------------------------------------------------------------------- (at simulation time 696.000,000,000 s)
2025-05-28 00:34:09,737 INFO  - Sent message to others cars = 'veh_134 | CartesianPoint{x=143.94,y=749.34,z=0.00}' (at simulation time 696.000,000,000 s)
2025-05-28 00:34:09,838 INFO  - Received event: 696000 (at simulation time IntraVehicleMsg)
2025-05-28 00:34:09,843 INFO  - Sent message to others cars = 'veh_134 | CartesianPoint{x=143.92,y=741.75,z=0.00}' (at simulation time 697.000,000,000 s)
2025-05-28 00:34:09,952 INFO  - Received event: 697000 (at simulation time IntraVehicleMsg)
2025-05-28 00:34:09,955 INFO  - Sent message to others cars = 'veh_134 | CartesianPoint{x=143.90,y=734.82,z=0.00}' (at simulation time 698.000,000,000 s)
2025-05-28 00:34:10,060 INFO  - Received event: 698000 (at simulation time IntraVehicleMsg)
2025-05-28 00:34:10,063 INFO  - Sent message to others cars = 'veh_134 | CartesianPoint{x=143.87,y=727.57,z=0.00}' (at simulation time 699.000,000,000 s)
2025-05-28 00:34:10,167 INFO  - Received event: 699000 (at simulation time IntraVehicleMsg)
2025-05-28 00:34:10,173 INFO  - Sent message to others cars = 'veh_134 | CartesianPoint{x=143.85,y=719.90,z=0.00}' (at simulation time 700.000,000,000 s)
2025-05-28 00:34:10,270 INFO  - Received event: 700000 (at simulation time IntraVehicleMsg)
2025-05-28 00:34:10,272 INFO  - Sent message to others cars = 'veh_134 | CartesianPoint{x=143.82,y=712.63,z=0.00}' (at simulation time 701.000,000,000 s)
2025-05-28 00:34:10,366 INFO  - Received event: 701000 (at simulation time IntraVehicleMsg)
2025-05-28 00:34:10,369 INFO  - Sent message to others cars = 'veh_134 | CartesianPoint{x=143.80,y=704.73,z=0.00}' (at simulation time 702.000,000,000 s)
2025-05-28 00:34:10,469 INFO  - Received event: 702000 (at simulation time IntraVehicleMsg)
2025-05-28 00:34:10,474 INFO  - Sent message to others cars = 'veh_134 | CartesianPoint{x=143.77,y=696.93,z=0.00}' (at simulation time 703.000,000,000 s)
2025-05-28 00:34:10,573 INFO  - Received event: 703000 (at simulation time IntraVehicleMsg)
2025-05-28 00:34:10,576 INFO  - Sent message to others cars = 'veh_134 | CartesianPoint{x=143.74,y=688.72,z=0.00}' (at simulation time 704.000,000,000 s)
2025-05-28 00:34:10,680 INFO  - Received event: 704000 (at simulation time IntraVehicleMsg)
2025-05-28 00:34:10,682 INFO  - Sent message to others cars = 'veh_134 | CartesianPoint{x=143.72,y=681.56,z=0.00}' (at simulation time 705.000,000,000 s)
2025-05-28 00:34:10,785 INFO  - Received event: 705000 (at simulation time IntraVehicleMsg)
2025-05-28 00:34:10,788 INFO  - Sent message to others cars = 'veh_134 | CartesianPoint{x=143.69,y=674.54,z=0.00}' (at simulation time 706.000,000,000 s)
2025-05-28 00:34:10,878 INFO  - Received event: 706000 (at simulation time IntraVehicleMsg)
2025-05-28 00:34:10,881 INFO  - Sent message to others cars = 'veh_134 | CartesianPoint{x=143.67,y=667.10,z=0.00}' (at simulation time 707.000,000,000 s)
2025-05-28 00:34:10,971 INFO  - Received event: 707000 (at simulation time IntraVehicleMsg)
2025-05-28 00:34:10,973 INFO  - Sent message to others cars = 'veh_134 | CartesianPoint{x=143.66,y=660.03,z=0.00}' (at simulation time 708.000,000,000 s)
2025-05-28 00:34:11,062 INFO  - Received event: 708000 (at simulation time IntraVehicleMsg)
2025-05-28 00:34:11,065 INFO  - Sent message to others cars = 'veh_134 | CartesianPoint{x=143.64,y=651.99,z=0.00}' (at simulation time 709.000,000,000 s)
2025-05-28 00:34:11,155 INFO  - Received event: 709000 (at simulation time IntraVehicleMsg)
2025-05-28 00:34:11,158 INFO  - Sent message to others cars = 'veh_134 | CartesianPoint{x=143.62,y=644.84,z=0.00}' (at simulation time 710.000,000,000 s)
2025-05-28 00:34:11,246 INFO  - Received event: 710000 (at simulation time IntraVehicleMsg)
2025-05-28 00:34:11,249 INFO  - Sent message to others cars = 'veh_134 | CartesianPoint{x=143.60,y=637.29,z=0.00}' (at simulation time 711.000,000,000 s)
2025-05-28 00:34:11,327 INFO  - Received event: 711000 (at simulation time IntraVehicleMsg)
2025-05-28 00:34:11,329 INFO  - Sent message to others cars = 'veh_134 | CartesianPoint{x=140.39,y=629.78,z=0.00}' (at simulation time 712.000,000,000 s)
2025-05-28 00:34:11,399 INFO  - Received event: 712000 (at simulation time IntraVehicleMsg)
2025-05-28 00:34:11,401 INFO  - Sent message to others cars = 'veh_134 | CartesianPoint{x=140.37,y=621.87,z=0.00}' (at simulation time 713.000,000,000 s)
2025-05-28 00:34:11,471 INFO  - Received event: 713000 (at simulation time IntraVehicleMsg)
2025-05-28 00:34:11,476 INFO  - Sent message to others cars = 'veh_134 | CartesianPoint{x=140.35,y=614.37,z=0.00}' (at simulation time 714.000,000,000 s)
2025-05-28 00:34:11,548 INFO  - Received event: 714000 (at simulation time IntraVehicleMsg)
2025-05-28 00:34:11,550 INFO  - Sent message to others cars = 'veh_134 | CartesianPoint{x=140.33,y=606.83,z=0.00}' (at simulation time 715.000,000,000 s)
2025-05-28 00:34:11,621 INFO  - Received event: 715000 (at simulation time IntraVehicleMsg)
2025-05-28 00:34:11,623 INFO  - Sent message to others cars = 'veh_134 | CartesianPoint{x=140.29,y=598.65,z=0.00}' (at simulation time 716.000,000,000 s)
2025-05-28 00:34:11,696 INFO  - Received event: 716000 (at simulation time IntraVehicleMsg)
2025-05-28 00:34:11,698 INFO  - Sent message to others cars = 'veh_134 | CartesianPoint{x=140.25,y=590.48,z=0.00}' (at simulation time 717.000,000,000 s)
2025-05-28 00:34:11,777 INFO  - Received event: 717000 (at simulation time IntraVehicleMsg)
2025-05-28 00:34:11,789 INFO  - Sent message to others cars = 'veh_134 | CartesianPoint{x=140.21,y=582.57,z=0.00}' (at simulation time 718.000,000,000 s)
2025-05-28 00:34:11,871 INFO  - Received event: 718000 (at simulation time IntraVehicleMsg)
2025-05-28 00:34:11,873 INFO  - Sent message to others cars = 'veh_134 | CartesianPoint{x=140.17,y=575.45,z=0.00}' (at simulation time 719.000,000,000 s)
2025-05-28 00:34:11,939 INFO  - Received event: 719000 (at simulation time IntraVehicleMsg)
2025-05-28 00:34:11,942 INFO  - Sent message to others cars = 'veh_134 | CartesianPoint{x=140.13,y=568.17,z=0.00}' (at simulation time 720.000,000,000 s)
2025-05-28 00:34:12,006 INFO  - Received event: 720000 (at simulation time IntraVehicleMsg)
2025-05-28 00:34:12,009 INFO  - Sent message to others cars = 'veh_134 | CartesianPoint{x=140.09,y=560.28,z=0.00}' (at simulation time 721.000,000,000 s)
2025-05-28 00:34:12,074 INFO  - Received event: 721000 (at simulation time IntraVehicleMsg)
2025-05-28 00:34:12,076 INFO  - Sent message to others cars = 'veh_134 | CartesianPoint{x=140.06,y=554.16,z=0.00}' (at simulation time 722.000,000,000 s)
2025-05-28 00:34:12,136 INFO  - Received event: 722000 (at simulation time IntraVehicleMsg)
2025-05-28 00:34:12,144 INFO  - Sent message to others cars = 'veh_134 | CartesianPoint{x=140.05,y=552.13,z=0.00}' (at simulation time 723.000,000,000 s)
2025-05-28 00:34:12,208 INFO  - Received event: 723000 (at simulation time IntraVehicleMsg)
2025-05-28 00:34:12,210 INFO  - Sent message to others cars = 'veh_134 | CartesianPoint{x=140.05,y=551.66,z=0.00}' (at simulation time 724.000,000,000 s)
2025-05-28 00:34:12,274 INFO  - Received event: 724000 (at simulation time IntraVehicleMsg)
2025-05-28 00:34:12,276 INFO  - Sent message to others cars = 'veh_134 | CartesianPoint{x=140.04,y=551.35,z=0.00}' (at simulation time 725.000,000,000 s)
2025-05-28 00:34:12,340 INFO  - Received event: 725000 (at simulation time IntraVehicleMsg)
2025-05-28 00:34:12,342 INFO  - Sent message to others cars = 'veh_134 | CartesianPoint{x=140.04,y=551.26,z=0.00}' (at simulation time 726.000,000,000 s)
2025-05-28 00:34:12,404 INFO  - Received event: 726000 (at simulation time IntraVehicleMsg)
2025-05-28 00:34:12,406 INFO  - Sent message to others cars = 'veh_134 | CartesianPoint{x=140.04,y=551.20,z=0.00}' (at simulation time 727.000,000,000 s)
2025-05-28 00:34:12,462 INFO  - Received event: 727000 (at simulation time IntraVehicleMsg)
2025-05-28 00:34:12,464 INFO  - Sent message to others cars = 'veh_134 | CartesianPoint{x=140.04,y=551.20,z=0.00}' (at simulation time 728.000,000,000 s)
2025-05-28 00:34:12,525 INFO  - Received event: 728000 (at simulation time IntraVehicleMsg)
2025-05-28 00:34:12,527 INFO  - Sent message to others cars = 'veh_134 | CartesianPoint{x=140.04,y=551.19,z=0.00}' (at simulation time 729.000,000,000 s)
2025-05-28 00:34:12,594 INFO  - Received event: 729000 (at simulation time IntraVehicleMsg)
2025-05-28 00:34:12,596 INFO  - Sent message to others cars = 'veh_134 | CartesianPoint{x=140.04,y=551.19,z=0.00}' (at simulation time 730.000,000,000 s)
2025-05-28 00:34:12,655 INFO  - Received event: 730000 (at simulation time IntraVehicleMsg)
2025-05-28 00:34:12,657 INFO  - Sent message to others cars = 'veh_134 | CartesianPoint{x=140.04,y=551.19,z=0.00}' (at simulation time 731.000,000,000 s)
2025-05-28 00:34:12,717 INFO  - Received event: 731000 (at simulation time IntraVehicleMsg)
2025-05-28 00:34:12,719 INFO  - Sent message to others cars = 'veh_134 | CartesianPoint{x=140.04,y=551.19,z=0.00}' (at simulation time 732.000,000,000 s)
2025-05-28 00:34:12,780 INFO  - Received event: 732000 (at simulation time IntraVehicleMsg)
2025-05-28 00:34:12,782 INFO  - Sent message to others cars = 'veh_134 | CartesianPoint{x=140.04,y=551.19,z=0.00}' (at simulation time 733.000,000,000 s)
2025-05-28 00:34:12,845 INFO  - Received event: 733000 (at simulation time IntraVehicleMsg)
2025-05-28 00:34:12,847 INFO  - Sent message to others cars = 'veh_134 | CartesianPoint{x=140.04,y=551.19,z=0.00}' (at simulation time 734.000,000,000 s)
2025-05-28 00:34:12,909 INFO  - Received event: 734000 (at simulation time IntraVehicleMsg)
2025-05-28 00:34:12,912 INFO  - Sent message to others cars = 'veh_134 | CartesianPoint{x=140.04,y=551.19,z=0.00}' (at simulation time 735.000,000,000 s)
2025-05-28 00:34:12,974 INFO  - Received event: 735000 (at simulation time IntraVehicleMsg)
2025-05-28 00:34:12,976 INFO  - Sent message to others cars = 'veh_134 | CartesianPoint{x=140.04,y=551.19,z=0.00}' (at simulation time 736.000,000,000 s)
2025-05-28 00:34:13,040 INFO  - Received event: 736000 (at simulation time IntraVehicleMsg)
2025-05-28 00:34:13,042 INFO  - Sent message to others cars = 'veh_134 | CartesianPoint{x=140.04,y=551.19,z=0.00}' (at simulation time 737.000,000,000 s)
2025-05-28 00:34:13,106 INFO  - Received event: 737000 (at simulation time IntraVehicleMsg)
2025-05-28 00:34:13,108 INFO  - Sent message to others cars = 'veh_134 | CartesianPoint{x=140.04,y=551.19,z=0.00}' (at simulation time 738.000,000,000 s)
2025-05-28 00:34:13,173 INFO  - Received event: 738000 (at simulation time IntraVehicleMsg)
2025-05-28 00:34:13,176 INFO  - Sent message to others cars = 'veh_134 | CartesianPoint{x=140.04,y=551.19,z=0.00}' (at simulation time 739.000,000,000 s)
2025-05-28 00:34:13,243 INFO  - Received event: 739000 (at simulation time IntraVehicleMsg)
2025-05-28 00:34:13,245 INFO  - Sent message to others cars = 'veh_134 | CartesianPoint{x=140.04,y=551.19,z=0.00}' (at simulation time 740.000,000,000 s)
2025-05-28 00:34:13,315 INFO  - Received event: 740000 (at simulation time IntraVehicleMsg)
2025-05-28 00:34:13,317 INFO  - Sent message to others cars = 'veh_134 | CartesianPoint{x=140.04,y=551.19,z=0.00}' (at simulation time 741.000,000,000 s)
2025-05-28 00:34:13,385 INFO  - Received event: 741000 (at simulation time IntraVehicleMsg)
2025-05-28 00:34:13,388 INFO  - Sent message to others cars = 'veh_134 | CartesianPoint{x=140.04,y=551.19,z=0.00}' (at simulation time 742.000,000,000 s)
2025-05-28 00:34:13,453 INFO  - Received event: 742000 (at simulation time IntraVehicleMsg)
2025-05-28 00:34:13,455 INFO  - Sent message to others cars = 'veh_134 | CartesianPoint{x=140.04,y=551.19,z=0.00}' (at simulation time 743.000,000,000 s)
2025-05-28 00:34:13,521 INFO  - Received event: 743000 (at simulation time IntraVehicleMsg)
2025-05-28 00:34:13,523 INFO  - Sent message to others cars = 'veh_134 | CartesianPoint{x=140.04,y=551.19,z=0.00}' (at simulation time 744.000,000,000 s)
2025-05-28 00:34:13,588 INFO  - Received event: 744000 (at simulation time IntraVehicleMsg)
2025-05-28 00:34:13,589 INFO  - Sent message to others cars = 'veh_134 | CartesianPoint{x=140.04,y=551.19,z=0.00}' (at simulation time 745.000,000,000 s)
2025-05-28 00:34:13,650 INFO  - Received event: 745000 (at simulation time IntraVehicleMsg)
2025-05-28 00:34:13,652 INFO  - Sent message to others cars = 'veh_134 | CartesianPoint{x=140.04,y=551.19,z=0.00}' (at simulation time 746.000,000,000 s)
2025-05-28 00:34:13,713 INFO  - Received event: 746000 (at simulation time IntraVehicleMsg)
2025-05-28 00:34:13,715 INFO  - Sent message to others cars = 'veh_134 | CartesianPoint{x=140.04,y=551.19,z=0.00}' (at simulation time 747.000,000,000 s)
2025-05-28 00:34:13,778 INFO  - Received event: 747000 (at simulation time IntraVehicleMsg)
2025-05-28 00:34:13,780 INFO  - Sent message to others cars = 'veh_134 | CartesianPoint{x=140.04,y=551.19,z=0.00}' (at simulation time 748.000,000,000 s)
2025-05-28 00:34:13,836 INFO  - Received event: 748000 (at simulation time IntraVehicleMsg)
2025-05-28 00:34:13,838 INFO  - Sent message to others cars = 'veh_134 | CartesianPoint{x=140.04,y=551.19,z=0.00}' (at simulation time 749.000,000,000 s)
2025-05-28 00:34:13,895 INFO  - Received event: 749000 (at simulation time IntraVehicleMsg)
2025-05-28 00:34:13,897 INFO  - Sent message to others cars = 'veh_134 | CartesianPoint{x=140.04,y=551.19,z=0.00}' (at simulation time 750.000,000,000 s)
2025-05-28 00:34:13,941 INFO  - Received event: 750000 (at simulation time IntraVehicleMsg)
2025-05-28 00:34:13,942 INFO  - Sent message to others cars = 'veh_134 | CartesianPoint{x=140.04,y=551.19,z=0.00}' (at simulation time 751.000,000,000 s)
2025-05-28 00:34:13,981 INFO  - Received event: 751000 (at simulation time IntraVehicleMsg)
2025-05-28 00:34:13,982 INFO  - Sent message to others cars = 'veh_134 | CartesianPoint{x=140.04,y=551.19,z=0.00}' (at simulation time 752.000,000,000 s)
2025-05-28 00:34:14,022 INFO  - Received event: 752000 (at simulation time IntraVehicleMsg)
2025-05-28 00:34:14,023 INFO  - Sent message to others cars = 'veh_134 | CartesianPoint{x=140.04,y=551.19,z=0.00}' (at simulation time 753.000,000,000 s)
2025-05-28 00:34:14,065 INFO  - Received event: 753000 (at simulation time IntraVehicleMsg)
2025-05-28 00:34:14,066 INFO  - Sent message to others cars = 'veh_134 | CartesianPoint{x=140.04,y=551.19,z=0.00}' (at simulation time 754.000,000,000 s)
2025-05-28 00:34:14,106 INFO  - Received event: 754000 (at simulation time IntraVehicleMsg)
2025-05-28 00:34:14,107 INFO  - Sent message to others cars = 'veh_134 | CartesianPoint{x=140.04,y=551.19,z=0.00}' (at simulation time 755.000,000,000 s)
2025-05-28 00:34:14,148 INFO  - Received event: 755000 (at simulation time IntraVehicleMsg)
2025-05-28 00:34:14,150 INFO  - Sent message to others cars = 'veh_134 | CartesianPoint{x=140.04,y=551.19,z=0.00}' (at simulation time 756.000,000,000 s)
2025-05-28 00:34:14,185 INFO  - Received event: 756000 (at simulation time IntraVehicleMsg)
2025-05-28 00:34:14,186 INFO  - Sent message to others cars = 'veh_134 | CartesianPoint{x=140.04,y=551.19,z=0.00}' (at simulation time 757.000,000,000 s)
2025-05-28 00:34:14,222 INFO  - Received event: 757000 (at simulation time IntraVehicleMsg)
2025-05-28 00:34:14,223 INFO  - Sent message to others cars = 'veh_134 | CartesianPoint{x=140.04,y=551.19,z=0.00}' (at simulation time 758.000,000,000 s)
2025-05-28 00:34:14,259 INFO  - Received event: 758000 (at simulation time IntraVehicleMsg)
2025-05-28 00:34:14,260 INFO  - Sent message to others cars = 'veh_134 | CartesianPoint{x=140.04,y=551.19,z=0.00}' (at simulation time 759.000,000,000 s)
2025-05-28 00:34:14,298 INFO  - Received event: 759000 (at simulation time IntraVehicleMsg)
2025-05-28 00:34:14,299 INFO  - Sent message to others cars = 'veh_134 | CartesianPoint{x=140.04,y=551.19,z=0.00}' (at simulation time 760.000,000,000 s)
2025-05-28 00:34:14,328 INFO  - Received event: 760000 (at simulation time IntraVehicleMsg)
2025-05-28 00:34:14,329 INFO  - Sent message to others cars = 'veh_134 | CartesianPoint{x=140.04,y=551.19,z=0.00}' (at simulation time 761.000,000,000 s)
2025-05-28 00:34:14,361 INFO  - Received event: 761000 (at simulation time IntraVehicleMsg)
2025-05-28 00:34:14,362 INFO  - Sent message to others cars = 'veh_134 | CartesianPoint{x=140.04,y=551.19,z=0.00}' (at simulation time 762.000,000,000 s)
2025-05-28 00:34:14,391 INFO  - Received event: 762000 (at simulation time IntraVehicleMsg)
2025-05-28 00:34:14,392 INFO  - Sent message to others cars = 'veh_134 | CartesianPoint{x=140.04,y=551.19,z=0.00}' (at simulation time 763.000,000,000 s)
2025-05-28 00:34:14,422 INFO  - Received event: 763000 (at simulation time IntraVehicleMsg)
2025-05-28 00:34:14,423 INFO  - Sent message to others cars = 'veh_134 | CartesianPoint{x=140.04,y=551.19,z=0.00}' (at simulation time 764.000,000,000 s)
2025-05-28 00:34:14,454 INFO  - Received event: 764000 (at simulation time IntraVehicleMsg)
2025-05-28 00:34:14,455 INFO  - Sent message to others cars = 'veh_134 | CartesianPoint{x=140.04,y=551.19,z=0.00}' (at simulation time 765.000,000,000 s)
2025-05-28 00:34:14,486 INFO  - Received event: 765000 (at simulation time IntraVehicleMsg)
2025-05-28 00:34:14,487 INFO  - Sent message to others cars = 'veh_134 | CartesianPoint{x=140.04,y=551.19,z=0.00}' (at simulation time 766.000,000,000 s)
2025-05-28 00:34:14,519 INFO  - Received event: 766000 (at simulation time IntraVehicleMsg)
2025-05-28 00:34:14,520 INFO  - Sent message to others cars = 'veh_134 | CartesianPoint{x=140.04,y=551.19,z=0.00}' (at simulation time 767.000,000,000 s)
2025-05-28 00:34:14,551 INFO  - Received event: 767000 (at simulation time IntraVehicleMsg)
2025-05-28 00:34:14,552 INFO  - Sent message to others cars = 'veh_134 | CartesianPoint{x=140.04,y=551.19,z=0.00}' (at simulation time 768.000,000,000 s)
2025-05-28 00:34:14,594 INFO  - Received event: 768000 (at simulation time IntraVehicleMsg)
2025-05-28 00:34:14,595 INFO  - Sent message to others cars = 'veh_134 | CartesianPoint{x=140.04,y=551.19,z=0.00}' (at simulation time 769.000,000,000 s)
2025-05-28 00:34:14,627 INFO  - Received event: 769000 (at simulation time IntraVehicleMsg)
2025-05-28 00:34:14,628 INFO  - Sent message to others cars = 'veh_134 | CartesianPoint{x=140.04,y=551.19,z=0.00}' (at simulation time 770.000,000,000 s)
2025-05-28 00:34:14,653 INFO  - Received event: 770000 (at simulation time IntraVehicleMsg)
2025-05-28 00:34:14,654 INFO  - Sent message to others cars = 'veh_134 | CartesianPoint{x=140.04,y=551.19,z=0.00}' (at simulation time 771.000,000,000 s)
2025-05-28 00:34:14,678 INFO  - Received event: 771000 (at simulation time IntraVehicleMsg)
2025-05-28 00:34:14,679 INFO  - Sent message to others cars = 'veh_134 | CartesianPoint{x=140.04,y=551.19,z=0.00}' (at simulation time 772.000,000,000 s)
2025-05-28 00:34:14,704 INFO  - Received event: 772000 (at simulation time IntraVehicleMsg)
2025-05-28 00:34:14,705 INFO  - Sent message to others cars = 'veh_134 | CartesianPoint{x=140.04,y=551.19,z=0.00}' (at simulation time 773.000,000,000 s)
2025-05-28 00:34:14,730 INFO  - Received event: 773000 (at simulation time IntraVehicleMsg)
2025-05-28 00:34:14,730 INFO  - Sent message to others cars = 'veh_134 | CartesianPoint{x=140.04,y=551.19,z=0.00}' (at simulation time 774.000,000,000 s)
2025-05-28 00:34:14,757 INFO  - Received event: 774000 (at simulation time IntraVehicleMsg)
2025-05-28 00:34:14,758 INFO  - Sent message to others cars = 'veh_134 | CartesianPoint{x=140.04,y=551.19,z=0.00}' (at simulation time 775.000,000,000 s)
2025-05-28 00:34:14,783 INFO  - Received event: 775000 (at simulation time IntraVehicleMsg)
2025-05-28 00:34:14,784 INFO  - Sent message to others cars = 'veh_134 | CartesianPoint{x=140.04,y=551.19,z=0.00}' (at simulation time 776.000,000,000 s)
2025-05-28 00:34:14,810 INFO  - Received event: 776000 (at simulation time IntraVehicleMsg)
2025-05-28 00:34:14,811 INFO  - Sent message to others cars = 'veh_134 | CartesianPoint{x=140.04,y=551.19,z=0.00}' (at simulation time 777.000,000,000 s)
2025-05-28 00:34:14,837 INFO  - Received event: 777000 (at simulation time IntraVehicleMsg)
2025-05-28 00:34:14,838 INFO  - Sent message to others cars = 'veh_134 | CartesianPoint{x=140.04,y=551.19,z=0.00}' (at simulation time 778.000,000,000 s)
2025-05-28 00:34:14,865 INFO  - Received event: 778000 (at simulation time IntraVehicleMsg)
2025-05-28 00:34:14,866 INFO  - Sent message to others cars = 'veh_134 | CartesianPoint{x=140.04,y=551.19,z=0.00}' (at simulation time 779.000,000,000 s)
2025-05-28 00:34:14,892 INFO  - Received event: 779000 (at simulation time IntraVehicleMsg)
2025-05-28 00:34:14,893 INFO  - Sent message to others cars = 'veh_134 | CartesianPoint{x=140.04,y=551.19,z=0.00}' (at simulation time 780.000,000,000 s)
2025-05-28 00:34:14,920 INFO  - Received event: 780000 (at simulation time IntraVehicleMsg)
2025-05-28 00:34:14,921 INFO  - Sent message to others cars = 'veh_134 | CartesianPoint{x=140.04,y=551.19,z=0.00}' (at simulation time 781.000,000,000 s)
2025-05-28 00:34:14,948 INFO  - Received event: 781000 (at simulation time IntraVehicleMsg)
2025-05-28 00:34:14,949 INFO  - Sent message to others cars = 'veh_134 | CartesianPoint{x=140.04,y=551.19,z=0.00}' (at simulation time 782.000,000,000 s)
2025-05-28 00:34:14,977 INFO  - Received event: 782000 (at simulation time IntraVehicleMsg)
2025-05-28 00:34:14,978 INFO  - Sent message to others cars = 'veh_134 | CartesianPoint{x=140.04,y=551.19,z=0.00}' (at simulation time 783.000,000,000 s)
2025-05-28 00:34:15,006 INFO  - Received event: 783000 (at simulation time IntraVehicleMsg)
2025-05-28 00:34:15,007 INFO  - Sent message to others cars = 'veh_134 | CartesianPoint{x=140.04,y=551.19,z=0.00}' (at simulation time 784.000,000,000 s)
2025-05-28 00:34:15,035 INFO  - Received event: 784000 (at simulation time IntraVehicleMsg)
2025-05-28 00:34:15,036 INFO  - Sent message to others cars = 'veh_134 | CartesianPoint{x=140.04,y=551.19,z=0.00}' (at simulation time 785.000,000,000 s)
2025-05-28 00:34:15,064 INFO  - Received event: 785000 (at simulation time IntraVehicleMsg)
2025-05-28 00:34:15,065 INFO  - Sent message to others cars = 'veh_134 | CartesianPoint{x=140.04,y=551.19,z=0.00}' (at simulation time 786.000,000,000 s)
2025-05-28 00:34:15,093 INFO  - Received event: 786000 (at simulation time IntraVehicleMsg)
2025-05-28 00:34:15,094 INFO  - Sent message to others cars = 'veh_134 | CartesianPoint{x=140.04,y=551.19,z=0.00}' (at simulation time 787.000,000,000 s)
2025-05-28 00:34:15,123 INFO  - Received event: 787000 (at simulation time IntraVehicleMsg)
2025-05-28 00:34:15,124 INFO  - Sent message to others cars = 'veh_134 | CartesianPoint{x=140.04,y=551.19,z=0.00}' (at simulation time 788.000,000,000 s)
2025-05-28 00:34:15,153 INFO  - Received event: 788000 (at simulation time IntraVehicleMsg)
2025-05-28 00:34:15,153 INFO  - Sent message to others cars = 'veh_134 | CartesianPoint{x=140.04,y=551.19,z=0.00}' (at simulation time 789.000,000,000 s)
2025-05-28 00:34:15,184 INFO  - Received event: 789000 (at simulation time IntraVehicleMsg)
2025-05-28 00:34:15,185 INFO  - Sent message to others cars = 'veh_134 | CartesianPoint{x=140.04,y=551.19,z=0.00}' (at simulation time 790.000,000,000 s)
2025-05-28 00:34:15,214 INFO  - Received event: 790000 (at simulation time IntraVehicleMsg)
2025-05-28 00:34:15,215 INFO  - Sent message to others cars = 'veh_134 | CartesianPoint{x=140.04,y=551.19,z=0.00}' (at simulation time 791.000,000,000 s)
2025-05-28 00:34:15,245 INFO  - Received event: 791000 (at simulation time IntraVehicleMsg)
2025-05-28 00:34:15,246 INFO  - Sent message to others cars = 'veh_134 | CartesianPoint{x=140.04,y=551.19,z=0.00}' (at simulation time 792.000,000,000 s)
2025-05-28 00:34:15,276 INFO  - Received event: 792000 (at simulation time IntraVehicleMsg)
2025-05-28 00:34:15,277 INFO  - Sent message to others cars = 'veh_134 | CartesianPoint{x=140.04,y=551.19,z=0.00}' (at simulation time 793.000,000,000 s)
2025-05-28 00:34:15,306 INFO  - Received event: 793000 (at simulation time IntraVehicleMsg)
2025-05-28 00:34:15,307 INFO  - Sent message to others cars = 'veh_134 | CartesianPoint{x=140.04,y=551.19,z=0.00}' (at simulation time 794.000,000,000 s)
2025-05-28 00:34:15,338 INFO  - Received event: 794000 (at simulation time IntraVehicleMsg)
2025-05-28 00:34:15,339 INFO  - Sent message to others cars = 'veh_134 | CartesianPoint{x=140.04,y=549.81,z=0.00}' (at simulation time 795.000,000,000 s)
2025-05-28 00:34:15,370 INFO  - Received event: 795000 (at simulation time IntraVehicleMsg)
2025-05-28 00:34:15,371 INFO  - Sent message to others cars = 'veh_134 | CartesianPoint{x=140.02,y=546.28,z=0.00}' (at simulation time 796.000,000,000 s)
2025-05-28 00:34:15,403 INFO  - Received event: 796000 (at simulation time IntraVehicleMsg)
2025-05-28 00:34:15,404 INFO  - Sent message to others cars = 'veh_134 | CartesianPoint{x=139.99,y=541.62,z=0.00}' (at simulation time 797.000,000,000 s)
2025-05-28 00:34:15,435 INFO  - Received event: 797000 (at simulation time IntraVehicleMsg)
2025-05-28 00:34:15,436 INFO  - Sent message to others cars = 'veh_134 | CartesianPoint{x=139.95,y=534.72,z=0.00}' (at simulation time 798.000,000,000 s)
2025-05-28 00:34:15,469 INFO  - Received event: 798000 (at simulation time IntraVehicleMsg)
2025-05-28 00:34:15,470 INFO  - Sent message to others cars = 'veh_134 | CartesianPoint{x=139.88,y=526.92,z=0.00}' (at simulation time 799.000,000,000 s)
2025-05-28 00:34:15,502 INFO  - Received event: 799000 (at simulation time IntraVehicleMsg)
2025-05-28 00:34:15,504 INFO  - Sent message to others cars = 'veh_134 | CartesianPoint{x=139.81,y=519.03,z=0.00}' (at simulation time 800.000,000,000 s)
2025-05-28 00:34:15,544 INFO  - Received event: 800000 (at simulation time IntraVehicleMsg)
2025-05-28 00:34:15,545 INFO  - Sent message to others cars = 'veh_134 | CartesianPoint{x=139.75,y=512.07,z=0.00}' (at simulation time 801.000,000,000 s)
2025-05-28 00:34:15,580 INFO  - Received event: 801000 (at simulation time IntraVehicleMsg)
2025-05-28 00:34:15,581 INFO  - Sent message to others cars = 'veh_134 | CartesianPoint{x=139.67,y=503.99,z=0.00}' (at simulation time 802.000,000,000 s)
2025-05-28 00:34:15,615 INFO  - Received event: 802000 (at simulation time IntraVehicleMsg)
2025-05-28 00:34:15,616 INFO  - Sent message to others cars = 'veh_134 | CartesianPoint{x=139.60,y=496.99,z=0.00}' (at simulation time 803.000,000,000 s)
2025-05-28 00:34:15,649 INFO  - Received event: 803000 (at simulation time IntraVehicleMsg)
2025-05-28 00:34:15,650 INFO  - Sent message to others cars = 'veh_134 | CartesianPoint{x=139.53,y=489.06,z=0.00}' (at simulation time 804.000,000,000 s)
2025-05-28 00:34:15,683 INFO  - Received event: 804000 (at simulation time IntraVehicleMsg)
2025-05-28 00:34:15,684 INFO  - Sent message to others cars = 'veh_134 | CartesianPoint{x=139.46,y=481.69,z=0.00}' (at simulation time 805.000,000,000 s)
2025-05-28 00:34:15,718 INFO  - Received event: 805000 (at simulation time IntraVehicleMsg)
2025-05-28 00:34:15,719 INFO  - Sent message to others cars = 'veh_134 | CartesianPoint{x=139.39,y=474.10,z=0.00}' (at simulation time 806.000,000,000 s)
2025-05-28 00:34:15,753 INFO  - Received event: 806000 (at simulation time IntraVehicleMsg)
2025-05-28 00:34:15,754 INFO  - Sent message to others cars = 'veh_134 | CartesianPoint{x=139.31,y=466.22,z=0.00}' (at simulation time 807.000,000,000 s)
2025-05-28 00:34:15,788 INFO  - Received event: 807000 (at simulation time IntraVehicleMsg)
2025-05-28 00:34:15,789 INFO  - Sent message to others cars = 'veh_134 | CartesianPoint{x=139.24,y=458.96,z=0.00}' (at simulation time 808.000,000,000 s)
2025-05-28 00:34:15,823 INFO  - Received event: 808000 (at simulation time IntraVehicleMsg)
2025-05-28 00:34:15,824 INFO  - Sent message to others cars = 'veh_134 | CartesianPoint{x=139.19,y=450.94,z=0.00}' (at simulation time 809.000,000,000 s)
2025-05-28 00:34:15,859 INFO  - Received event: 809000 (at simulation time IntraVehicleMsg)
2025-05-28 00:34:15,860 INFO  - Sent message to others cars = 'veh_134 | CartesianPoint{x=139.18,y=443.77,z=0.00}' (at simulation time 810.000,000,000 s)
2025-05-28 00:34:15,897 INFO  - Received event: 810000 (at simulation time IntraVehicleMsg)
2025-05-28 00:34:15,898 INFO  - Sent message to others cars = 'veh_134 | CartesianPoint{x=139.16,y=436.24,z=0.00}' (at simulation time 811.000,000,000 s)
2025-05-28 00:34:15,936 INFO  - Received event: 811000 (at simulation time IntraVehicleMsg)
2025-05-28 00:34:15,937 INFO  - Sent message to others cars = 'veh_134 | CartesianPoint{x=139.15,y=429.10,z=0.00}' (at simulation time 812.000,000,000 s)
2025-05-28 00:34:15,972 INFO  - Received event: 812000 (at simulation time IntraVehicleMsg)
2025-05-28 00:34:15,973 INFO  - Sent message to others cars = 'veh_134 | CartesianPoint{x=139.14,y=422.15,z=0.00}' (at simulation time 813.000,000,000 s)
2025-05-28 00:34:16,008 INFO  - Received event: 813000 (at simulation time IntraVehicleMsg)
2025-05-28 00:34:16,009 INFO  - Sent message to others cars = 'veh_134 | CartesianPoint{x=139.12,y=414.91,z=0.00}' (at simulation time 814.000,000,000 s)
2025-05-28 00:34:16,045 INFO  - Received event: 814000 (at simulation time IntraVehicleMsg)
2025-05-28 00:34:16,046 INFO  - Sent message to others cars = 'veh_134 | CartesianPoint{x=139.10,y=407.07,z=0.00}' (at simulation time 815.000,000,000 s)
2025-05-28 00:34:16,081 INFO  - Received event: 815000 (at simulation time IntraVehicleMsg)
2025-05-28 00:34:16,082 INFO  - Sent message to others cars = 'veh_134 | CartesianPoint{x=139.09,y=399.24,z=0.00}' (at simulation time 816.000,000,000 s)
2025-05-28 00:34:16,120 INFO  - Received event: 816000 (at simulation time IntraVehicleMsg)
2025-05-28 00:34:16,120 INFO  - Sent message to others cars = 'veh_134 | CartesianPoint{x=139.07,y=391.11,z=0.00}' (at simulation time 817.000,000,000 s)
2025-05-28 00:34:16,157 INFO  - Received event: 817000 (at simulation time IntraVehicleMsg)
2025-05-28 00:34:16,158 INFO  - Sent message to others cars = 'veh_134 | CartesianPoint{x=139.05,y=383.40,z=0.00}' (at simulation time 818.000,000,000 s)
2025-05-28 00:34:16,195 INFO  - Received event: 818000 (at simulation time IntraVehicleMsg)
2025-05-28 00:34:16,195 INFO  - Sent message to others cars = 'veh_134 | CartesianPoint{x=139.04,y=375.75,z=0.00}' (at simulation time 819.000,000,000 s)
2025-05-28 00:34:16,233 INFO  - Received event: 819000 (at simulation time IntraVehicleMsg)
2025-05-28 00:34:16,234 INFO  - Sent message to others cars = 'veh_134 | CartesianPoint{x=139.02,y=368.69,z=0.00}' (at simulation time 820.000,000,000 s)
2025-05-28 00:34:16,271 INFO  - Received event: 820000 (at simulation time IntraVehicleMsg)
2025-05-28 00:34:16,272 INFO  - Sent message to others cars = 'veh_134 | CartesianPoint{x=139.01,y=361.72,z=0.00}' (at simulation time 821.000,000,000 s)
2025-05-28 00:34:16,310 INFO  - Received event: 821000 (at simulation time IntraVehicleMsg)
2025-05-28 00:34:16,311 INFO  - Sent message to others cars = 'veh_134 | CartesianPoint{x=138.98,y=354.77,z=0.00}' (at simulation time 822.000,000,000 s)
2025-05-28 00:34:16,349 INFO  - Received event: 822000 (at simulation time IntraVehicleMsg)
2025-05-28 00:34:16,350 INFO  - Sent message to others cars = 'veh_134 | CartesianPoint{x=138.91,y=346.64,z=0.00}' (at simulation time 823.000,000,000 s)
2025-05-28 00:34:16,388 INFO  - Received event: 823000 (at simulation time IntraVehicleMsg)
2025-05-28 00:34:16,389 INFO  - Sent message to others cars = 'veh_134 | CartesianPoint{x=138.84,y=338.79,z=0.00}' (at simulation time 824.000,000,000 s)
2025-05-28 00:34:16,427 INFO  - Received event: 824000 (at simulation time IntraVehicleMsg)
2025-05-28 00:34:16,428 INFO  - Sent message to others cars = 'veh_134 | CartesianPoint{x=138.77,y=331.05,z=0.00}' (at simulation time 825.000,000,000 s)
2025-05-28 00:34:16,466 INFO  - Received event: 825000 (at simulation time IntraVehicleMsg)
2025-05-28 00:34:16,467 INFO  - Sent message to others cars = 'veh_134 | CartesianPoint{x=138.71,y=323.40,z=0.00}' (at simulation time 826.000,000,000 s)
2025-05-28 00:34:16,506 INFO  - Received event: 826000 (at simulation time IntraVehicleMsg)
2025-05-28 00:34:16,507 INFO  - Sent message to others cars = 'veh_134 | CartesianPoint{x=138.65,y=316.22,z=0.00}' (at simulation time 827.000,000,000 s)
2025-05-28 00:34:16,546 INFO  - Received event: 827000 (at simulation time IntraVehicleMsg)
2025-05-28 00:34:16,547 INFO  - Sent message to others cars = 'veh_134 | CartesianPoint{x=138.58,y=309.09,z=0.00}' (at simulation time 828.000,000,000 s)
2025-05-28 00:34:16,586 INFO  - Received event: 828000 (at simulation time IntraVehicleMsg)
2025-05-28 00:34:16,587 INFO  - Sent message to others cars = 'veh_134 | CartesianPoint{x=138.52,y=301.76,z=0.00}' (at simulation time 829.000,000,000 s)
2025-05-28 00:34:16,626 INFO  - Received event: 829000 (at simulation time IntraVehicleMsg)
2025-05-28 00:34:16,627 INFO  - Sent message to others cars = 'veh_134 | CartesianPoint{x=138.45,y=293.69,z=0.00}' (at simulation time 830.000,000,000 s)
2025-05-28 00:34:16,667 INFO  - Received event: 830000 (at simulation time IntraVehicleMsg)
2025-05-28 00:34:16,667 INFO  - Sent message to others cars = 'veh_134 | CartesianPoint{x=138.38,y=285.66,z=0.00}' (at simulation time 831.000,000,000 s)
2025-05-28 00:34:16,707 INFO  - Received event: 831000 (at simulation time IntraVehicleMsg)
2025-05-28 00:34:16,708 INFO  - Sent message to others cars = 'veh_134 | CartesianPoint{x=138.32,y=278.39,z=0.00}' (at simulation time 832.000,000,000 s)
2025-05-28 00:34:16,748 INFO  - Received event: 832000 (at simulation time IntraVehicleMsg)
2025-05-28 00:34:16,749 INFO  - Sent message to others cars = 'veh_134 | CartesianPoint{x=138.25,y=270.44,z=0.00}' (at simulation time 833.000,000,000 s)
2025-05-28 00:34:16,790 INFO  - Received event: 833000 (at simulation time IntraVehicleMsg)
2025-05-28 00:34:16,790 INFO  - Sent message to others cars = 'veh_134 | CartesianPoint{x=138.18,y=262.42,z=0.00}' (at simulation time 834.000,000,000 s)
2025-05-28 00:34:16,830 INFO  - Received event: 834000 (at simulation time IntraVehicleMsg)
2025-05-28 00:34:16,831 INFO  - Sent message to others cars = 'veh_134 | CartesianPoint{x=138.11,y=254.21,z=0.00}' (at simulation time 835.000,000,000 s)
2025-05-28 00:34:16,872 INFO  - Received event: 835000 (at simulation time IntraVehicleMsg)
2025-05-28 00:34:16,873 INFO  - Sent message to others cars = 'veh_134 | CartesianPoint{x=138.04,y=246.13,z=0.00}' (at simulation time 836.000,000,000 s)
2025-05-28 00:34:16,915 INFO  - Received event: 836000 (at simulation time IntraVehicleMsg)
2025-05-28 00:34:16,916 INFO  - Sent message to others cars = 'veh_134 | CartesianPoint{x=137.98,y=238.43,z=0.00}' (at simulation time 837.000,000,000 s)
2025-05-28 00:34:16,958 INFO  - Received event: 837000 (at simulation time IntraVehicleMsg)
2025-05-28 00:34:16,958 INFO  - Sent message to others cars = 'veh_134 | CartesianPoint{x=137.92,y=231.41,z=0.00}' (at simulation time 838.000,000,000 s)
2025-05-28 00:34:17,001 INFO  - Received event: 838000 (at simulation time IntraVehicleMsg)
2025-05-28 00:34:17,002 INFO  - Sent message to others cars = 'veh_134 | CartesianPoint{x=137.86,y=223.33,z=0.00}' (at simulation time 839.000,000,000 s)
2025-05-28 00:34:17,043 INFO  - Received event: 839000 (at simulation time IntraVehicleMsg)
2025-05-28 00:34:17,044 INFO  - Sent message to others cars = 'veh_134 | CartesianPoint{x=137.79,y=215.19,z=0.00}' (at simulation time 840.000,000,000 s)
2025-05-28 00:34:17,086 INFO  - Received event: 840000 (at simulation time IntraVehicleMsg)
2025-05-28 00:34:17,087 INFO  - Sent message to others cars = 'veh_134 | CartesianPoint{x=137.73,y=207.69,z=0.00}' (at simulation time 841.000,000,000 s)
2025-05-28 00:34:17,129 INFO  - Received event: 841000 (at simulation time IntraVehicleMsg)
2025-05-28 00:34:17,130 INFO  - Sent message to others cars = 'veh_134 | CartesianPoint{x=137.67,y=200.56,z=0.00}' (at simulation time 842.000,000,000 s)
2025-05-28 00:34:17,173 INFO  - Received event: 842000 (at simulation time IntraVehicleMsg)
2025-05-28 00:34:17,173 INFO  - Sent message to others cars = 'veh_134 | CartesianPoint{x=137.61,y=193.60,z=0.00}' (at simulation time 843.000,000,000 s)
2025-05-28 00:34:17,217 INFO  - Received event: 843000 (at simulation time IntraVehicleMsg)
2025-05-28 00:34:17,218 INFO  - Sent message to others cars = 'veh_134 | CartesianPoint{x=137.55,y=186.12,z=0.00}' (at simulation time 844.000,000,000 s)
2025-05-28 00:34:17,261 INFO  - Received event: 844000 (at simulation time IntraVehicleMsg)
2025-05-28 00:34:17,262 INFO  - Sent message to others cars = 'veh_134 | CartesianPoint{x=137.49,y=179.16,z=0.00}' (at simulation time 845.000,000,000 s)
2025-05-28 00:34:17,305 INFO  - Received event: 845000 (at simulation time IntraVehicleMsg)
2025-05-28 00:34:17,306 INFO  - Sent message to others cars = 'veh_134 | CartesianPoint{x=137.43,y=171.47,z=0.00}' (at simulation time 846.000,000,000 s)
2025-05-28 00:34:17,350 INFO  - Received event: 846000 (at simulation time IntraVehicleMsg)
2025-05-28 00:34:17,350 INFO  - Sent message to others cars = 'veh_134 | CartesianPoint{x=137.37,y=164.08,z=0.00}' (at simulation time 847.000,000,000 s)
2025-05-28 00:34:17,394 INFO  - Received event: 847000 (at simulation time IntraVehicleMsg)
2025-05-28 00:34:17,395 INFO  - Sent message to others cars = 'veh_134 | CartesianPoint{x=137.31,y=156.79,z=0.00}' (at simulation time 848.000,000,000 s)
2025-05-28 00:34:17,439 INFO  - Received event: 848000 (at simulation time IntraVehicleMsg)
2025-05-28 00:34:17,440 INFO  - Sent message to others cars = 'veh_134 | CartesianPoint{x=137.24,y=148.82,z=0.00}' (at simulation time 849.000,000,000 s)
2025-05-28 00:34:17,484 INFO  - Received event: 849000 (at simulation time IntraVehicleMsg)
2025-05-28 00:34:17,485 INFO  - Sent message to others cars = 'veh_134 | CartesianPoint{x=137.17,y=140.79,z=0.00}' (at simulation time 850.000,000,000 s)
2025-05-28 00:34:17,530 INFO  - Received event: 850000 (at simulation time IntraVehicleMsg)
2025-05-28 00:34:17,530 INFO  - Sent message to others cars = 'veh_134 | CartesianPoint{x=137.19,y=133.13,z=0.00}' (at simulation time 851.000,000,000 s)
2025-05-28 00:34:17,575 INFO  - Received event: 851000 (at simulation time IntraVehicleMsg)
2025-05-28 00:34:17,576 INFO  - Sent message to others cars = 'veh_134 | CartesianPoint{x=137.24,y=125.04,z=0.00}' (at simulation time 852.000,000,000 s)
2025-05-28 00:34:17,621 INFO  - Received event: 852000 (at simulation time IntraVehicleMsg)
2025-05-28 00:34:17,622 INFO  - Sent message to others cars = 'veh_134 | CartesianPoint{x=137.28,y=116.93,z=0.00}' (at simulation time 853.000,000,000 s)
2025-05-28 00:34:17,668 INFO  - Received event: 853000 (at simulation time IntraVehicleMsg)
2025-05-28 00:34:17,669 INFO  - Sent message to others cars = 'veh_134 | CartesianPoint{x=137.32,y=109.86,z=0.00}' (at simulation time 854.000,000,000 s)
2025-05-28 00:34:17,715 INFO  - Received event: 854000 (at simulation time IntraVehicleMsg)
2025-05-28 00:34:17,716 INFO  - Sent message to others cars = 'veh_134 | CartesianPoint{x=137.36,y=102.55,z=0.00}' (at simulation time 855.000,000,000 s)
2025-05-28 00:34:17,762 INFO  - Received event: 855000 (at simulation time IntraVehicleMsg)
2025-05-28 00:34:17,763 INFO  - Sent message to others cars = 'veh_134 | CartesianPoint{x=137.40,y=95.58,z=0.00}' (at simulation time 856.000,000,000 s)
2025-05-28 00:34:17,809 INFO  - Received event: 856000 (at simulation time IntraVehicleMsg)
2025-05-28 00:34:17,810 INFO  - Sent message to others cars = 'veh_134 | CartesianPoint{x=137.44,y=88.02,z=0.00}' (at simulation time 857.000,000,000 s)
2025-05-28 00:34:17,856 INFO  - Received event: 857000 (at simulation time IntraVehicleMsg)
2025-05-28 00:34:17,857 INFO  - Sent message to others cars = 'veh_134 | CartesianPoint{x=137.49,y=80.12,z=0.00}' (at simulation time 858.000,000,000 s)
2025-05-28 00:34:17,904 INFO  - Received event: 858000 (at simulation time IntraVehicleMsg)
2025-05-28 00:34:17,905 INFO  - Sent message to others cars = 'veh_134 | CartesianPoint{x=139.45,y=72.69,z=0.00}' (at simulation time 859.000,000,000 s)
2025-05-28 00:34:17,951 INFO  - Received event: 859000 (at simulation time IntraVehicleMsg)
2025-05-28 00:34:17,952 INFO  - Sent message to others cars = 'veh_134 | CartesianPoint{x=143.68,y=65.99,z=0.00}' (at simulation time 860.000,000,000 s)
2025-05-28 00:34:17,999 INFO  - Received event: 860000 (at simulation time IntraVehicleMsg)
2025-05-28 00:34:18,000 INFO  - Sent message to others cars = 'veh_134 | CartesianPoint{x=148.92,y=61.07,z=0.00}' (at simulation time 861.000,000,000 s)
2025-05-28 00:34:18,047 INFO  - Received event: 861000 (at simulation time IntraVehicleMsg)
2025-05-28 00:34:18,048 INFO  - Sent message to others cars = 'veh_134 | CartesianPoint{x=154.08,y=56.13,z=0.00}' (at simulation time 862.000,000,000 s)
2025-05-28 00:34:18,097 INFO  - Received event: 862000 (at simulation time IntraVehicleMsg)
2025-05-28 00:34:18,098 INFO  - Sent message to others cars = 'veh_134 | CartesianPoint{x=159.06,y=50.65,z=0.00}' (at simulation time 863.000,000,000 s)
2025-05-28 00:34:18,147 INFO  - Received event: 863000 (at simulation time IntraVehicleMsg)
2025-05-28 00:34:18,147 INFO  - Sent message to others cars = 'veh_134 | CartesianPoint{x=164.35,y=44.84,z=0.00}' (at simulation time 864.000,000,000 s)
2025-05-28 00:34:18,195 INFO  - Received event: 864000 (at simulation time IntraVehicleMsg)
2025-05-28 00:34:18,196 INFO  - Sent message to others cars = 'veh_134 | CartesianPoint{x=169.59,y=39.08,z=0.00}' (at simulation time 865.000,000,000 s)
2025-05-28 00:34:18,245 INFO  - Received event: 865000 (at simulation time IntraVehicleMsg)
2025-05-28 00:34:18,246 INFO  - Sent message to others cars = 'veh_134 | CartesianPoint{x=175.04,y=33.08,z=0.00}' (at simulation time 866.000,000,000 s)
2025-05-28 00:34:18,294 INFO  - Received event: 866000 (at simulation time IntraVehicleMsg)
2025-05-28 00:34:18,294 INFO  - Sent message to others cars = 'veh_134 | CartesianPoint{x=180.04,y=27.58,z=0.00}' (at simulation time 867.000,000,000 s)
2025-05-28 00:34:18,324 INFO  - Received event: 867000 (at simulation time IntraVehicleMsg)
2025-05-28 00:34:18,325 INFO  - Sent message to others cars = 'veh_134 | CartesianPoint{x=184.99,y=22.14,z=0.00}' (at simulation time 868.000,000,000 s)
2025-05-28 00:34:18,353 INFO  - Received event: 868000 (at simulation time IntraVehicleMsg)
2025-05-28 00:34:18,353 INFO  - Sent message to others cars = 'veh_134 | CartesianPoint{x=189.87,y=16.77,z=0.00}' (at simulation time 869.000,000,000 s)
2025-05-28 00:34:18,382 INFO  - Received event: 869000 (at simulation time IntraVehicleMsg)
2025-05-28 00:34:18,383 INFO  - Sent message to others cars = 'veh_134 | CartesianPoint{x=194.43,y=10.71,z=0.00}' (at simulation time 870.000,000,000 s)
2025-05-28 00:34:18,411 INFO  - Received event: 870000 (at simulation time IntraVehicleMsg)
2025-05-28 00:34:18,412 INFO  - Sent message to others cars = 'veh_134 | CartesianPoint{x=196.24,y=3.18,z=0.00}' (at simulation time 871.000,000,000 s)
2025-05-28 00:34:18,440 INFO  - Received event: 871000 (at simulation time IntraVehicleMsg)
2025-05-28 00:34:18,441 INFO  - ------------------------------------------------------------------------------------- (at simulation time 872.000,000,000 s)
2025-05-28 00:34:18,441 INFO  - Shutdown application (at simulation time 872.000,000,000 s)
2025-05-28 00:34:18,441 INFO  - ------------------------------------------------------------------------------------- (at simulation time 872.000,000,000 s)
