2025-05-28 00:18:24,836 INFO  - ------------------------------------------------------------------------------------- (at simulation time 17.000,000,000 s)
2025-05-28 00:18:24,837 INFO  - Initialize veh_2 application (at simulation time 17.000,000,000 s)
2025-05-28 00:18:24,837 INFO  - Activated AdHoc Module (at simulation time 17.000,000,000 s)
2025-05-28 00:18:24,837 INFO  - ------------------------------------------------------------------------------------- (at simulation time 17.000,000,000 s)
2025-05-28 00:18:24,842 INFO  - Sent message to others cars = 'veh_2 | CartesianPoint{x=143.94,y=749.34,z=0.00}' (at simulation time 17.000,000,000 s)
2025-05-28 00:18:24,848 INFO  - Received event: 17000 (at simulation time IntraVehicleMsg)
2025-05-28 00:18:24,850 INFO  - Sent message to others cars = 'veh_2 | CartesianPoint{x=143.92,y=742.55,z=0.00}' (at simulation time 18.000,000,000 s)
2025-05-28 00:18:24,856 INFO  - Received event: 18000 (at simulation time IntraVehicleMsg)
2025-05-28 00:18:24,858 INFO  - Sent message to others cars = 'veh_2 | CartesianPoint{x=143.90,y=736.03,z=0.00}' (at simulation time 19.000,000,000 s)
2025-05-28 00:18:24,864 INFO  - Received event: 19000 (at simulation time IntraVehicleMsg)
2025-05-28 00:18:24,867 INFO  - Sent message to others cars = 'veh_2 | CartesianPoint{x=143.88,y=728.47,z=0.00}' (at simulation time 20.000,000,000 s)
2025-05-28 00:18:24,874 INFO  - Received event: 20000 (at simulation time IntraVehicleMsg)
2025-05-28 00:18:24,876 INFO  - Sent message to others cars = 'veh_2 | CartesianPoint{x=143.85,y=720.72,z=0.00}' (at simulation time 21.000,000,000 s)
2025-05-28 00:18:24,883 INFO  - Received event: 21000 (at simulation time IntraVehicleMsg)
2025-05-28 00:18:24,885 INFO  - Sent message to others cars = 'veh_2 | CartesianPoint{x=143.83,y=713.88,z=0.00}' (at simulation time 22.000,000,000 s)
2025-05-28 00:18:24,893 INFO  - Received event: 22000 (at simulation time IntraVehicleMsg)
2025-05-28 00:18:24,894 INFO  - Sent message to others cars = 'veh_2 | CartesianPoint{x=140.60,y=706.92,z=0.00}' (at simulation time 23.000,000,000 s)
2025-05-28 00:18:24,905 INFO  - Received event: 23000 (at simulation time IntraVehicleMsg)
2025-05-28 00:18:24,915 INFO  - Sent message to others cars = 'veh_2 | CartesianPoint{x=140.58,y=699.75,z=0.00}' (at simulation time 24.000,000,000 s)
2025-05-28 00:18:24,922 INFO  - Received event: 24000 (at simulation time IntraVehicleMsg)
2025-05-28 00:18:24,924 INFO  - Sent message to others cars = 'veh_2 | CartesianPoint{x=140.55,y=692.15,z=0.00}' (at simulation time 25.000,000,000 s)
2025-05-28 00:18:24,932 INFO  - Received event: 25000 (at simulation time IntraVehicleMsg)
2025-05-28 00:18:24,934 INFO  - Sent message to others cars = 'veh_2 | CartesianPoint{x=140.53,y=685.44,z=0.00}' (at simulation time 26.000,000,000 s)
2025-05-28 00:18:24,941 INFO  - Received event: 26000 (at simulation time IntraVehicleMsg)
2025-05-28 00:18:24,950 INFO  - Sent message to others cars = 'veh_2 | CartesianPoint{x=140.51,y=677.80,z=0.00}' (at simulation time 27.000,000,000 s)
2025-05-28 00:18:24,959 INFO  - Received event: 27000 (at simulation time IntraVehicleMsg)
2025-05-28 00:18:24,961 INFO  - Sent message to others cars = 'veh_2 | CartesianPoint{x=140.48,y=670.72,z=0.00}' (at simulation time 28.000,000,000 s)
2025-05-28 00:18:24,971 INFO  - Received event: 28000 (at simulation time IntraVehicleMsg)
2025-05-28 00:18:24,973 INFO  - Sent message to others cars = 'veh_2 | CartesianPoint{x=140.47,y=663.40,z=0.00}' (at simulation time 29.000,000,000 s)
2025-05-28 00:18:24,983 INFO  - Received event: 29000 (at simulation time IntraVehicleMsg)
2025-05-28 00:18:24,987 INFO  - Sent message to others cars = 'veh_2 | CartesianPoint{x=140.45,y=656.25,z=0.00}' (at simulation time 30.000,000,000 s)
2025-05-28 00:18:24,998 INFO  - Received event: 30000 (at simulation time IntraVehicleMsg)
2025-05-28 00:18:25,000 INFO  - Sent message to others cars = 'veh_2 | CartesianPoint{x=140.43,y=649.01,z=0.00}' (at simulation time 31.000,000,000 s)
2025-05-28 00:18:25,013 INFO  - Received event: 31000 (at simulation time IntraVehicleMsg)
2025-05-28 00:18:25,022 INFO  - Sent message to others cars = 'veh_2 | CartesianPoint{x=140.42,y=642.55,z=0.00}' (at simulation time 32.000,000,000 s)
2025-05-28 00:18:25,033 INFO  - Received event: 32000 (at simulation time IntraVehicleMsg)
2025-05-28 00:18:25,036 INFO  - Sent message to others cars = 'veh_2 | CartesianPoint{x=140.40,y=634.94,z=0.00}' (at simulation time 33.000,000,000 s)
2025-05-28 00:18:25,049 INFO  - Received event: 33000 (at simulation time IntraVehicleMsg)
2025-05-28 00:18:25,051 INFO  - Sent message to others cars = 'veh_2 | CartesianPoint{x=140.38,y=627.55,z=0.00}' (at simulation time 34.000,000,000 s)
2025-05-28 00:18:25,063 INFO  - Received event: 34000 (at simulation time IntraVehicleMsg)
2025-05-28 00:18:25,065 INFO  - Sent message to others cars = 'veh_2 | CartesianPoint{x=140.36,y=619.99,z=0.00}' (at simulation time 35.000,000,000 s)
2025-05-28 00:18:25,077 INFO  - Received event: 35000 (at simulation time IntraVehicleMsg)
2025-05-28 00:18:25,079 INFO  - Sent message to others cars = 'veh_2 | CartesianPoint{x=140.34,y=612.30,z=0.00}' (at simulation time 36.000,000,000 s)
2025-05-28 00:18:25,093 INFO  - Received event: 36000 (at simulation time IntraVehicleMsg)
2025-05-28 00:18:25,111 INFO  - Sent message to others cars = 'veh_2 | CartesianPoint{x=140.33,y=605.58,z=0.00}' (at simulation time 37.000,000,000 s)
2025-05-28 00:18:25,122 INFO  - Received event: 37000 (at simulation time IntraVehicleMsg)
2025-05-28 00:18:25,124 INFO  - Sent message to others cars = 'veh_2 | CartesianPoint{x=140.29,y=598.45,z=0.00}' (at simulation time 38.000,000,000 s)
2025-05-28 00:18:25,135 INFO  - Received event: 38000 (at simulation time IntraVehicleMsg)
2025-05-28 00:18:25,138 INFO  - Sent message to others cars = 'veh_2 | CartesianPoint{x=140.25,y=591.27,z=0.00}' (at simulation time 39.000,000,000 s)
2025-05-28 00:18:25,149 INFO  - Received event: 39000 (at simulation time IntraVehicleMsg)
2025-05-28 00:18:25,152 INFO  - Sent message to others cars = 'veh_2 | CartesianPoint{x=140.21,y=583.52,z=0.00}' (at simulation time 40.000,000,000 s)
2025-05-28 00:18:25,166 INFO  - Received event: 40000 (at simulation time IntraVehicleMsg)
2025-05-28 00:18:25,168 INFO  - Sent message to others cars = 'veh_2 | CartesianPoint{x=140.17,y=575.86,z=0.00}' (at simulation time 41.000,000,000 s)
2025-05-28 00:18:25,179 INFO  - Received event: 41000 (at simulation time IntraVehicleMsg)
2025-05-28 00:18:25,184 INFO  - Sent message to others cars = 'veh_2 | CartesianPoint{x=140.14,y=568.97,z=0.00}' (at simulation time 42.000,000,000 s)
2025-05-28 00:18:25,195 INFO  - Received event: 42000 (at simulation time IntraVehicleMsg)
2025-05-28 00:18:25,197 INFO  - Sent message to others cars = 'veh_2 | CartesianPoint{x=140.10,y=562.35,z=0.00}' (at simulation time 43.000,000,000 s)
2025-05-28 00:18:25,208 INFO  - Received event: 43000 (at simulation time IntraVehicleMsg)
2025-05-28 00:18:25,210 INFO  - Sent message to others cars = 'veh_2 | CartesianPoint{x=140.06,y=554.98,z=0.00}' (at simulation time 44.000,000,000 s)
2025-05-28 00:18:25,222 INFO  - Received event: 44000 (at simulation time IntraVehicleMsg)
2025-05-28 00:18:25,231 INFO  - Sent message to others cars = 'veh_2 | CartesianPoint{x=143.23,y=548.45,z=0.00}' (at simulation time 45.000,000,000 s)
2025-05-28 00:18:25,241 INFO  - Received event: 45000 (at simulation time IntraVehicleMsg)
2025-05-28 00:18:25,243 INFO  - Sent message to others cars = 'veh_2 | CartesianPoint{x=143.19,y=541.89,z=0.00}' (at simulation time 46.000,000,000 s)
2025-05-28 00:18:25,253 INFO  - Received event: 46000 (at simulation time IntraVehicleMsg)
2025-05-28 00:18:25,255 INFO  - Sent message to others cars = 'veh_2 | CartesianPoint{x=143.18,y=538.93,z=0.00}' (at simulation time 47.000,000,000 s)
2025-05-28 00:18:25,266 INFO  - Received event: 47000 (at simulation time IntraVehicleMsg)
2025-05-28 00:18:25,274 INFO  - Sent message to others cars = 'veh_2 | CartesianPoint{x=143.18,y=538.28,z=0.00}' (at simulation time 48.000,000,000 s)
2025-05-28 00:18:25,286 INFO  - Received event: 48000 (at simulation time IntraVehicleMsg)
2025-05-28 00:18:25,288 INFO  - Sent message to others cars = 'veh_2 | CartesianPoint{x=143.18,y=538.20,z=0.00}' (at simulation time 49.000,000,000 s)
2025-05-28 00:18:25,301 INFO  - Received event: 49000 (at simulation time IntraVehicleMsg)
2025-05-28 00:18:25,308 INFO  - Sent message to others cars = 'veh_2 | CartesianPoint{x=143.18,y=538.18,z=0.00}' (at simulation time 50.000,000,000 s)
2025-05-28 00:18:25,320 INFO  - Received event: 50000 (at simulation time IntraVehicleMsg)
2025-05-28 00:18:25,322 INFO  - Sent message to others cars = 'veh_2 | CartesianPoint{x=143.18,y=538.17,z=0.00}' (at simulation time 51.000,000,000 s)
2025-05-28 00:18:25,334 INFO  - Received event: 51000 (at simulation time IntraVehicleMsg)
2025-05-28 00:18:25,337 INFO  - Sent message to others cars = 'veh_2 | CartesianPoint{x=143.18,y=538.17,z=0.00}' (at simulation time 52.000,000,000 s)
2025-05-28 00:18:25,350 INFO  - Received event: 52000 (at simulation time IntraVehicleMsg)
2025-05-28 00:18:25,352 INFO  - Sent message to others cars = 'veh_2 | CartesianPoint{x=143.18,y=538.17,z=0.00}' (at simulation time 53.000,000,000 s)
2025-05-28 00:18:25,367 INFO  - Received event: 53000 (at simulation time IntraVehicleMsg)
2025-05-28 00:18:25,372 INFO  - Sent message to others cars = 'veh_2 | CartesianPoint{x=143.18,y=538.17,z=0.00}' (at simulation time 54.000,000,000 s)
2025-05-28 00:18:25,385 INFO  - Received event: 54000 (at simulation time IntraVehicleMsg)
2025-05-28 00:18:25,388 INFO  - Sent message to others cars = 'veh_2 | CartesianPoint{x=143.18,y=538.17,z=0.00}' (at simulation time 55.000,000,000 s)
2025-05-28 00:18:25,403 INFO  - Received event: 55000 (at simulation time IntraVehicleMsg)
2025-05-28 00:18:25,406 INFO  - Sent message to others cars = 'veh_2 | CartesianPoint{x=143.18,y=538.17,z=0.00}' (at simulation time 56.000,000,000 s)
2025-05-28 00:18:25,420 INFO  - Received event: 56000 (at simulation time IntraVehicleMsg)
2025-05-28 00:18:25,423 INFO  - Sent message to others cars = 'veh_2 | CartesianPoint{x=143.18,y=538.17,z=0.00}' (at simulation time 57.000,000,000 s)
2025-05-28 00:18:25,442 INFO  - Received event: 57000 (at simulation time IntraVehicleMsg)
2025-05-28 00:18:25,450 INFO  - Sent message to others cars = 'veh_2 | CartesianPoint{x=143.18,y=538.17,z=0.00}' (at simulation time 58.000,000,000 s)
2025-05-28 00:18:25,466 INFO  - Received event: 58000 (at simulation time IntraVehicleMsg)
2025-05-28 00:18:25,468 INFO  - Sent message to others cars = 'veh_2 | CartesianPoint{x=143.18,y=538.17,z=0.00}' (at simulation time 59.000,000,000 s)
2025-05-28 00:18:25,484 INFO  - Received event: 59000 (at simulation time IntraVehicleMsg)
2025-05-28 00:18:25,488 INFO  - Sent message to others cars = 'veh_2 | CartesianPoint{x=143.18,y=538.17,z=0.00}' (at simulation time 60.000,000,000 s)
2025-05-28 00:18:25,504 INFO  - Received event: 60000 (at simulation time IntraVehicleMsg)
2025-05-28 00:18:25,507 INFO  - Sent message to others cars = 'veh_2 | CartesianPoint{x=143.18,y=538.17,z=0.00}' (at simulation time 61.000,000,000 s)
2025-05-28 00:18:25,524 INFO  - Received event: 61000 (at simulation time IntraVehicleMsg)
2025-05-28 00:18:25,526 INFO  - Sent message to others cars = 'veh_2 | CartesianPoint{x=143.18,y=538.17,z=0.00}' (at simulation time 62.000,000,000 s)
2025-05-28 00:18:25,545 INFO  - Received event: 62000 (at simulation time IntraVehicleMsg)
2025-05-28 00:18:25,549 INFO  - Sent message to others cars = 'veh_2 | CartesianPoint{x=143.18,y=538.17,z=0.00}' (at simulation time 63.000,000,000 s)
2025-05-28 00:18:25,569 INFO  - Received event: 63000 (at simulation time IntraVehicleMsg)
2025-05-28 00:18:25,580 INFO  - Sent message to others cars = 'veh_2 | CartesianPoint{x=143.18,y=538.17,z=0.00}' (at simulation time 64.000,000,000 s)
2025-05-28 00:18:25,599 INFO  - Received event: 64000 (at simulation time IntraVehicleMsg)
2025-05-28 00:18:25,602 INFO  - Sent message to others cars = 'veh_2 | CartesianPoint{x=143.18,y=538.17,z=0.00}' (at simulation time 65.000,000,000 s)
2025-05-28 00:18:25,620 INFO  - Received event: 65000 (at simulation time IntraVehicleMsg)
2025-05-28 00:18:25,622 INFO  - Sent message to others cars = 'veh_2 | CartesianPoint{x=143.18,y=538.17,z=0.00}' (at simulation time 66.000,000,000 s)
2025-05-28 00:18:25,640 INFO  - Received event: 66000 (at simulation time IntraVehicleMsg)
2025-05-28 00:18:25,643 INFO  - Sent message to others cars = 'veh_2 | CartesianPoint{x=143.18,y=538.17,z=0.00}' (at simulation time 67.000,000,000 s)
2025-05-28 00:18:25,662 INFO  - Received event: 67000 (at simulation time IntraVehicleMsg)
2025-05-28 00:18:25,670 INFO  - Sent message to others cars = 'veh_2 | CartesianPoint{x=143.18,y=538.17,z=0.00}' (at simulation time 68.000,000,000 s)
2025-05-28 00:18:25,690 INFO  - Received event: 68000 (at simulation time IntraVehicleMsg)
2025-05-28 00:18:25,692 INFO  - Sent message to others cars = 'veh_2 | CartesianPoint{x=143.18,y=538.17,z=0.00}' (at simulation time 69.000,000,000 s)
2025-05-28 00:18:25,713 INFO  - Received event: 69000 (at simulation time IntraVehicleMsg)
2025-05-28 00:18:25,716 INFO  - Sent message to others cars = 'veh_2 | CartesianPoint{x=143.18,y=538.17,z=0.00}' (at simulation time 70.000,000,000 s)
2025-05-28 00:18:25,738 INFO  - Received event: 70000 (at simulation time IntraVehicleMsg)
2025-05-28 00:18:25,741 INFO  - Sent message to others cars = 'veh_2 | CartesianPoint{x=143.18,y=538.17,z=0.00}' (at simulation time 71.000,000,000 s)
2025-05-28 00:18:25,763 INFO  - Received event: 71000 (at simulation time IntraVehicleMsg)
2025-05-28 00:18:25,770 INFO  - Sent message to others cars = 'veh_2 | CartesianPoint{x=143.18,y=538.17,z=0.00}' (at simulation time 72.000,000,000 s)
2025-05-28 00:18:25,795 INFO  - Received event: 72000 (at simulation time IntraVehicleMsg)
2025-05-28 00:18:25,797 INFO  - Sent message to others cars = 'veh_2 | CartesianPoint{x=143.18,y=538.17,z=0.00}' (at simulation time 73.000,000,000 s)
2025-05-28 00:18:25,820 INFO  - Received event: 73000 (at simulation time IntraVehicleMsg)
2025-05-28 00:18:25,823 INFO  - Sent message to others cars = 'veh_2 | CartesianPoint{x=143.18,y=538.17,z=0.00}' (at simulation time 74.000,000,000 s)
2025-05-28 00:18:25,847 INFO  - Received event: 74000 (at simulation time IntraVehicleMsg)
2025-05-28 00:18:25,851 INFO  - Sent message to others cars = 'veh_2 | CartesianPoint{x=143.18,y=538.17,z=0.00}' (at simulation time 75.000,000,000 s)
2025-05-28 00:18:25,875 INFO  - Received event: 75000 (at simulation time IntraVehicleMsg)
2025-05-28 00:18:25,878 INFO  - Sent message to others cars = 'veh_2 | CartesianPoint{x=143.18,y=538.17,z=0.00}' (at simulation time 76.000,000,000 s)
2025-05-28 00:18:25,904 INFO  - Received event: 76000 (at simulation time IntraVehicleMsg)
2025-05-28 00:18:25,907 INFO  - Sent message to others cars = 'veh_2 | CartesianPoint{x=143.18,y=538.17,z=0.00}' (at simulation time 77.000,000,000 s)
2025-05-28 00:18:25,936 INFO  - Received event: 77000 (at simulation time IntraVehicleMsg)
2025-05-28 00:18:25,953 INFO  - Sent message to others cars = 'veh_2 | CartesianPoint{x=143.18,y=538.17,z=0.00}' (at simulation time 78.000,000,000 s)
2025-05-28 00:18:25,979 INFO  - Received event: 78000 (at simulation time IntraVehicleMsg)
2025-05-28 00:18:25,982 INFO  - Sent message to others cars = 'veh_2 | CartesianPoint{x=143.18,y=538.17,z=0.00}' (at simulation time 79.000,000,000 s)
2025-05-28 00:18:26,010 INFO  - Received event: 79000 (at simulation time IntraVehicleMsg)
2025-05-28 00:18:26,015 INFO  - Sent message to others cars = 'veh_2 | CartesianPoint{x=143.18,y=538.17,z=0.00}' (at simulation time 80.000,000,000 s)
2025-05-28 00:18:26,042 INFO  - Received event: 80000 (at simulation time IntraVehicleMsg)
2025-05-28 00:18:26,044 INFO  - Sent message to others cars = 'veh_2 | CartesianPoint{x=143.18,y=538.17,z=0.00}' (at simulation time 81.000,000,000 s)
2025-05-28 00:18:26,073 INFO  - Received event: 81000 (at simulation time IntraVehicleMsg)
2025-05-28 00:18:26,076 INFO  - Sent message to others cars = 'veh_2 | CartesianPoint{x=143.18,y=538.17,z=0.00}' (at simulation time 82.000,000,000 s)
2025-05-28 00:18:26,106 INFO  - Received event: 82000 (at simulation time IntraVehicleMsg)
2025-05-28 00:18:26,113 INFO  - Sent message to others cars = 'veh_2 | CartesianPoint{x=143.18,y=538.17,z=0.00}' (at simulation time 83.000,000,000 s)
2025-05-28 00:18:26,142 INFO  - Received event: 83000 (at simulation time IntraVehicleMsg)
2025-05-28 00:18:26,145 INFO  - Sent message to others cars = 'veh_2 | CartesianPoint{x=143.18,y=538.17,z=0.00}' (at simulation time 84.000,000,000 s)
2025-05-28 00:18:26,178 INFO  - Received event: 84000 (at simulation time IntraVehicleMsg)
2025-05-28 00:18:26,189 INFO  - Sent message to others cars = 'veh_2 | CartesianPoint{x=143.18,y=538.17,z=0.00}' (at simulation time 85.000,000,000 s)
2025-05-28 00:18:26,219 INFO  - Received event: 85000 (at simulation time IntraVehicleMsg)
2025-05-28 00:18:26,222 INFO  - Sent message to others cars = 'veh_2 | CartesianPoint{x=143.18,y=538.17,z=0.00}' (at simulation time 86.000,000,000 s)
2025-05-28 00:18:26,253 INFO  - Received event: 86000 (at simulation time IntraVehicleMsg)
2025-05-28 00:18:26,256 INFO  - Sent message to others cars = 'veh_2 | CartesianPoint{x=143.18,y=538.17,z=0.00}' (at simulation time 87.000,000,000 s)
2025-05-28 00:18:26,288 INFO  - Received event: 87000 (at simulation time IntraVehicleMsg)
2025-05-28 00:18:26,291 INFO  - Sent message to others cars = 'veh_2 | CartesianPoint{x=143.18,y=538.17,z=0.00}' (at simulation time 88.000,000,000 s)
2025-05-28 00:18:26,323 INFO  - Received event: 88000 (at simulation time IntraVehicleMsg)
2025-05-28 00:18:26,331 INFO  - Sent message to others cars = 'veh_2 | CartesianPoint{x=143.18,y=538.17,z=0.00}' (at simulation time 89.000,000,000 s)
2025-05-28 00:18:26,367 INFO  - Received event: 89000 (at simulation time IntraVehicleMsg)
2025-05-28 00:18:26,370 INFO  - Sent message to others cars = 'veh_2 | CartesianPoint{x=143.18,y=538.17,z=0.00}' (at simulation time 90.000,000,000 s)
2025-05-28 00:18:26,404 INFO  - Received event: 90000 (at simulation time IntraVehicleMsg)
2025-05-28 00:18:26,406 INFO  - Sent message to others cars = 'veh_2 | CartesianPoint{x=143.18,y=538.17,z=0.00}' (at simulation time 91.000,000,000 s)
2025-05-28 00:18:26,441 INFO  - Received event: 91000 (at simulation time IntraVehicleMsg)
2025-05-28 00:18:26,444 INFO  - Sent message to others cars = 'veh_2 | CartesianPoint{x=143.18,y=538.17,z=0.00}' (at simulation time 92.000,000,000 s)
2025-05-28 00:18:26,480 INFO  - Received event: 92000 (at simulation time IntraVehicleMsg)
2025-05-28 00:18:26,492 INFO  - Sent message to others cars = 'veh_2 | CartesianPoint{x=143.18,y=538.17,z=0.00}' (at simulation time 93.000,000,000 s)
2025-05-28 00:18:26,534 INFO  - Received event: 93000 (at simulation time IntraVehicleMsg)
2025-05-28 00:18:26,542 INFO  - Sent message to others cars = 'veh_2 | CartesianPoint{x=143.18,y=538.17,z=0.00}' (at simulation time 94.000,000,000 s)
2025-05-28 00:18:26,579 INFO  - Received event: 94000 (at simulation time IntraVehicleMsg)
2025-05-28 00:18:26,582 INFO  - Sent message to others cars = 'veh_2 | CartesianPoint{x=143.18,y=538.17,z=0.00}' (at simulation time 95.000,000,000 s)
2025-05-28 00:18:26,620 INFO  - Received event: 95000 (at simulation time IntraVehicleMsg)
2025-05-28 00:18:26,624 INFO  - Sent message to others cars = 'veh_2 | CartesianPoint{x=143.18,y=538.17,z=0.00}' (at simulation time 96.000,000,000 s)
2025-05-28 00:18:26,662 INFO  - Received event: 96000 (at simulation time IntraVehicleMsg)
2025-05-28 00:18:26,665 INFO  - Sent message to others cars = 'veh_2 | CartesianPoint{x=143.18,y=538.17,z=0.00}' (at simulation time 97.000,000,000 s)
2025-05-28 00:18:26,705 INFO  - Received event: 97000 (at simulation time IntraVehicleMsg)
2025-05-28 00:18:26,708 INFO  - Sent message to others cars = 'veh_2 | CartesianPoint{x=143.18,y=538.17,z=0.00}' (at simulation time 98.000,000,000 s)
2025-05-28 00:18:26,751 INFO  - Received event: 98000 (at simulation time IntraVehicleMsg)
2025-05-28 00:18:26,772 INFO  - Sent message to others cars = 'veh_2 | CartesianPoint{x=143.18,y=538.17,z=0.00}' (at simulation time 99.000,000,000 s)
2025-05-28 00:18:26,831 INFO  - Received event: 99000 (at simulation time IntraVehicleMsg)
2025-05-28 00:18:26,843 INFO  - Sent message to others cars = 'veh_2 | CartesianPoint{x=143.18,y=538.17,z=0.00}' (at simulation time 100.000,000,000 s)
2025-05-28 00:18:26,886 INFO  - Received event: 100000 (at simulation time IntraVehicleMsg)
2025-05-28 00:18:26,890 INFO  - Sent message to others cars = 'veh_2 | CartesianPoint{x=143.18,y=538.17,z=0.00}' (at simulation time 101.000,000,000 s)
2025-05-28 00:18:26,937 INFO  - Received event: 101000 (at simulation time IntraVehicleMsg)
2025-05-28 00:18:26,945 INFO  - Sent message to others cars = 'veh_2 | CartesianPoint{x=143.18,y=538.17,z=0.00}' (at simulation time 102.000,000,000 s)
2025-05-28 00:18:26,991 INFO  - Received event: 102000 (at simulation time IntraVehicleMsg)
2025-05-28 00:18:26,999 INFO  - Sent message to others cars = 'veh_2 | CartesianPoint{x=143.18,y=538.17,z=0.00}' (at simulation time 103.000,000,000 s)
2025-05-28 00:18:27,044 INFO  - Received event: 103000 (at simulation time IntraVehicleMsg)
2025-05-28 00:18:27,048 INFO  - Sent message to others cars = 'veh_2 | CartesianPoint{x=143.18,y=538.17,z=0.00}' (at simulation time 104.000,000,000 s)
2025-05-28 00:18:27,093 INFO  - Received event: 104000 (at simulation time IntraVehicleMsg)
2025-05-28 00:18:27,097 INFO  - Sent message to others cars = 'veh_2 | CartesianPoint{x=143.18,y=538.17,z=0.00}' (at simulation time 105.000,000,000 s)
2025-05-28 00:18:27,147 INFO  - Received event: 105000 (at simulation time IntraVehicleMsg)
2025-05-28 00:18:27,150 INFO  - Sent message to others cars = 'veh_2 | CartesianPoint{x=143.18,y=538.17,z=0.00}' (at simulation time 106.000,000,000 s)
2025-05-28 00:18:27,200 INFO  - Received event: 106000 (at simulation time IntraVehicleMsg)
2025-05-28 00:18:27,216 INFO  - Sent message to others cars = 'veh_2 | CartesianPoint{x=143.18,y=538.17,z=0.00}' (at simulation time 107.000,000,000 s)
2025-05-28 00:18:27,268 INFO  - Received event: 107000 (at simulation time IntraVehicleMsg)
2025-05-28 00:18:27,282 INFO  - Sent message to others cars = 'veh_2 | CartesianPoint{x=143.18,y=538.17,z=0.00}' (at simulation time 108.000,000,000 s)
2025-05-28 00:18:27,331 INFO  - Received event: 108000 (at simulation time IntraVehicleMsg)
2025-05-28 00:18:27,341 INFO  - Sent message to others cars = 'veh_2 | CartesianPoint{x=143.18,y=538.17,z=0.00}' (at simulation time 109.000,000,000 s)
2025-05-28 00:18:27,397 INFO  - Received event: 109000 (at simulation time IntraVehicleMsg)
2025-05-28 00:18:27,401 INFO  - Sent message to others cars = 'veh_2 | CartesianPoint{x=143.18,y=538.17,z=0.00}' (at simulation time 110.000,000,000 s)
2025-05-28 00:18:27,452 INFO  - Received event: 110000 (at simulation time IntraVehicleMsg)
2025-05-28 00:18:27,455 INFO  - Sent message to others cars = 'veh_2 | CartesianPoint{x=143.18,y=538.17,z=0.00}' (at simulation time 111.000,000,000 s)
2025-05-28 00:18:27,509 INFO  - Received event: 111000 (at simulation time IntraVehicleMsg)
2025-05-28 00:18:27,513 INFO  - Sent message to others cars = 'veh_2 | CartesianPoint{x=143.18,y=538.17,z=0.00}' (at simulation time 112.000,000,000 s)
2025-05-28 00:18:27,565 INFO  - Received event: 112000 (at simulation time IntraVehicleMsg)
2025-05-28 00:18:27,569 INFO  - Sent message to others cars = 'veh_2 | CartesianPoint{x=143.18,y=538.17,z=0.00}' (at simulation time 113.000,000,000 s)
2025-05-28 00:18:27,622 INFO  - Received event: 113000 (at simulation time IntraVehicleMsg)
2025-05-28 00:18:27,625 INFO  - Sent message to others cars = 'veh_2 | CartesianPoint{x=143.18,y=538.17,z=0.00}' (at simulation time 114.000,000,000 s)
2025-05-28 00:18:27,682 INFO  - Received event: 114000 (at simulation time IntraVehicleMsg)
2025-05-28 00:18:27,688 INFO  - Sent message to others cars = 'veh_2 | CartesianPoint{x=143.18,y=538.17,z=0.00}' (at simulation time 115.000,000,000 s)
2025-05-28 00:18:27,746 INFO  - Received event: 115000 (at simulation time IntraVehicleMsg)
2025-05-28 00:18:27,761 INFO  - Sent message to others cars = 'veh_2 | CartesianPoint{x=143.18,y=538.17,z=0.00}' (at simulation time 116.000,000,000 s)
2025-05-28 00:18:27,826 INFO  - Received event: 116000 (at simulation time IntraVehicleMsg)
2025-05-28 00:18:27,837 INFO  - Sent message to others cars = 'veh_2 | CartesianPoint{x=143.18,y=538.17,z=0.00}' (at simulation time 117.000,000,000 s)
2025-05-28 00:18:27,894 INFO  - Received event: 117000 (at simulation time IntraVehicleMsg)
2025-05-28 00:18:27,897 INFO  - Sent message to others cars = 'veh_2 | CartesianPoint{x=143.18,y=538.17,z=0.00}' (at simulation time 118.000,000,000 s)
2025-05-28 00:18:27,955 INFO  - Received event: 118000 (at simulation time IntraVehicleMsg)
2025-05-28 00:18:27,959 INFO  - Sent message to others cars = 'veh_2 | CartesianPoint{x=143.18,y=538.17,z=0.00}' (at simulation time 119.000,000,000 s)
2025-05-28 00:18:28,021 INFO  - Received event: 119000 (at simulation time IntraVehicleMsg)
2025-05-28 00:18:28,030 INFO  - Sent message to others cars = 'veh_2 | CartesianPoint{x=143.18,y=538.17,z=0.00}' (at simulation time 120.000,000,000 s)
2025-05-28 00:18:28,090 INFO  - Received event: 120000 (at simulation time IntraVehicleMsg)
2025-05-28 00:18:28,094 INFO  - Sent message to others cars = 'veh_2 | CartesianPoint{x=143.18,y=538.17,z=0.00}' (at simulation time 121.000,000,000 s)
2025-05-28 00:18:28,156 INFO  - Received event: 121000 (at simulation time IntraVehicleMsg)
2025-05-28 00:18:28,159 INFO  - Sent message to others cars = 'veh_2 | CartesianPoint{x=143.18,y=538.17,z=0.00}' (at simulation time 122.000,000,000 s)
2025-05-28 00:18:28,223 INFO  - Received event: 122000 (at simulation time IntraVehicleMsg)
2025-05-28 00:18:28,229 INFO  - Sent message to others cars = 'veh_2 | CartesianPoint{x=143.18,y=538.17,z=0.00}' (at simulation time 123.000,000,000 s)
2025-05-28 00:18:28,292 INFO  - Received event: 123000 (at simulation time IntraVehicleMsg)
2025-05-28 00:18:28,307 INFO  - Sent message to others cars = 'veh_2 | CartesianPoint{x=143.18,y=538.17,z=0.00}' (at simulation time 124.000,000,000 s)
2025-05-28 00:18:28,375 INFO  - Received event: 124000 (at simulation time IntraVehicleMsg)
2025-05-28 00:18:28,391 INFO  - Sent message to others cars = 'veh_2 | CartesianPoint{x=143.18,y=538.17,z=0.00}' (at simulation time 125.000,000,000 s)
2025-05-28 00:18:28,458 INFO  - Received event: 125000 (at simulation time IntraVehicleMsg)
2025-05-28 00:18:28,470 INFO  - Sent message to others cars = 'veh_2 | CartesianPoint{x=143.18,y=538.17,z=0.00}' (at simulation time 126.000,000,000 s)
2025-05-28 00:18:28,538 INFO  - Received event: 126000 (at simulation time IntraVehicleMsg)
2025-05-28 00:18:28,541 INFO  - Sent message to others cars = 'veh_2 | CartesianPoint{x=143.18,y=538.17,z=0.00}' (at simulation time 127.000,000,000 s)
2025-05-28 00:18:28,608 INFO  - Received event: 127000 (at simulation time IntraVehicleMsg)
2025-05-28 00:18:28,612 INFO  - Sent message to others cars = 'veh_2 | CartesianPoint{x=143.18,y=538.17,z=0.00}' (at simulation time 128.000,000,000 s)
2025-05-28 00:18:28,677 INFO  - Received event: 128000 (at simulation time IntraVehicleMsg)
2025-05-28 00:18:28,681 INFO  - Sent message to others cars = 'veh_2 | CartesianPoint{x=143.18,y=538.17,z=0.00}' (at simulation time 129.000,000,000 s)
2025-05-28 00:18:28,748 INFO  - Received event: 129000 (at simulation time IntraVehicleMsg)
2025-05-28 00:18:28,759 INFO  - Sent message to others cars = 'veh_2 | CartesianPoint{x=143.16,y=536.36,z=0.00}' (at simulation time 130.000,000,000 s)
2025-05-28 00:18:28,821 INFO  - Received event: 130000 (at simulation time IntraVehicleMsg)
2025-05-28 00:18:28,825 INFO  - Sent message to others cars = 'veh_2 | CartesianPoint{x=143.13,y=532.43,z=0.00}' (at simulation time 131.000,000,000 s)
2025-05-28 00:18:28,885 INFO  - Received event: 131000 (at simulation time IntraVehicleMsg)
2025-05-28 00:18:28,894 INFO  - Sent message to others cars = 'veh_2 | CartesianPoint{x=143.09,y=527.11,z=0.00}' (at simulation time 132.000,000,000 s)
2025-05-28 00:18:28,950 INFO  - Received event: 132000 (at simulation time IntraVehicleMsg)
2025-05-28 00:18:28,960 INFO  - Sent message to others cars = 'veh_2 | CartesianPoint{x=143.02,y=519.51,z=0.00}' (at simulation time 133.000,000,000 s)
2025-05-28 00:18:29,014 INFO  - Received event: 133000 (at simulation time IntraVehicleMsg)
2025-05-28 00:18:29,024 INFO  - Sent message to others cars = 'veh_2 | CartesianPoint{x=142.96,y=512.84,z=0.00}' (at simulation time 134.000,000,000 s)
2025-05-28 00:18:29,076 INFO  - Received event: 134000 (at simulation time IntraVehicleMsg)
2025-05-28 00:18:29,087 INFO  - Sent message to others cars = 'veh_2 | CartesianPoint{x=142.89,y=506.14,z=0.00}' (at simulation time 135.000,000,000 s)
2025-05-28 00:18:29,138 INFO  - Received event: 135000 (at simulation time IntraVehicleMsg)
2025-05-28 00:18:29,144 INFO  - Sent message to others cars = 'veh_2 | CartesianPoint{x=142.83,y=499.28,z=0.00}' (at simulation time 136.000,000,000 s)
2025-05-28 00:18:29,191 INFO  - Received event: 136000 (at simulation time IntraVehicleMsg)
2025-05-28 00:18:29,194 INFO  - Sent message to others cars = 'veh_2 | CartesianPoint{x=142.76,y=492.31,z=0.00}' (at simulation time 137.000,000,000 s)
2025-05-28 00:18:29,242 INFO  - Received event: 137000 (at simulation time IntraVehicleMsg)
2025-05-28 00:18:29,245 INFO  - Sent message to others cars = 'veh_2 | CartesianPoint{x=142.69,y=485.21,z=0.00}' (at simulation time 138.000,000,000 s)
2025-05-28 00:18:29,292 INFO  - Received event: 138000 (at simulation time IntraVehicleMsg)
2025-05-28 00:18:29,295 INFO  - Sent message to others cars = 'veh_2 | CartesianPoint{x=142.62,y=477.74,z=0.00}' (at simulation time 139.000,000,000 s)
2025-05-28 00:18:29,342 INFO  - Received event: 139000 (at simulation time IntraVehicleMsg)
2025-05-28 00:18:29,351 INFO  - Sent message to others cars = 'veh_2 | CartesianPoint{x=142.55,y=470.07,z=0.00}' (at simulation time 140.000,000,000 s)
2025-05-28 00:18:29,398 INFO  - Received event: 140000 (at simulation time IntraVehicleMsg)
2025-05-28 00:18:29,401 INFO  - Sent message to others cars = 'veh_2 | CartesianPoint{x=142.47,y=462.50,z=0.00}' (at simulation time 141.000,000,000 s)
2025-05-28 00:18:29,450 INFO  - Received event: 141000 (at simulation time IntraVehicleMsg)
2025-05-28 00:18:29,454 INFO  - Sent message to others cars = 'veh_2 | CartesianPoint{x=142.41,y=455.96,z=0.00}' (at simulation time 142.000,000,000 s)
2025-05-28 00:18:29,504 INFO  - Received event: 142000 (at simulation time IntraVehicleMsg)
2025-05-28 00:18:29,507 INFO  - Sent message to others cars = 'veh_2 | CartesianPoint{x=142.39,y=448.35,z=0.00}' (at simulation time 143.000,000,000 s)
2025-05-28 00:18:29,558 INFO  - Received event: 143000 (at simulation time IntraVehicleMsg)
2025-05-28 00:18:29,561 INFO  - Sent message to others cars = 'veh_2 | CartesianPoint{x=142.38,y=441.27,z=0.00}' (at simulation time 144.000,000,000 s)
2025-05-28 00:18:29,614 INFO  - Received event: 144000 (at simulation time IntraVehicleMsg)
2025-05-28 00:18:29,618 INFO  - Sent message to others cars = 'veh_2 | CartesianPoint{x=142.36,y=434.80,z=0.00}' (at simulation time 145.000,000,000 s)
2025-05-28 00:18:29,670 INFO  - Received event: 145000 (at simulation time IntraVehicleMsg)
2025-05-28 00:18:29,674 INFO  - Sent message to others cars = 'veh_2 | CartesianPoint{x=142.35,y=427.21,z=0.00}' (at simulation time 146.000,000,000 s)
2025-05-28 00:18:29,727 INFO  - Received event: 146000 (at simulation time IntraVehicleMsg)
2025-05-28 00:18:29,742 INFO  - Sent message to others cars = 'veh_2 | CartesianPoint{x=142.33,y=420.04,z=0.00}' (at simulation time 147.000,000,000 s)
2025-05-28 00:18:29,801 INFO  - Received event: 147000 (at simulation time IntraVehicleMsg)
2025-05-28 00:18:29,814 INFO  - Sent message to others cars = 'veh_2 | CartesianPoint{x=142.32,y=412.37,z=0.00}' (at simulation time 148.000,000,000 s)
2025-05-28 00:18:29,868 INFO  - Received event: 148000 (at simulation time IntraVehicleMsg)
2025-05-28 00:18:29,872 INFO  - Sent message to others cars = 'veh_2 | CartesianPoint{x=142.30,y=405.55,z=0.00}' (at simulation time 149.000,000,000 s)
2025-05-28 00:18:29,929 INFO  - Received event: 149000 (at simulation time IntraVehicleMsg)
2025-05-28 00:18:29,939 INFO  - Sent message to others cars = 'veh_2 | CartesianPoint{x=142.29,y=398.07,z=0.00}' (at simulation time 150.000,000,000 s)
2025-05-28 00:18:29,998 INFO  - Received event: 150000 (at simulation time IntraVehicleMsg)
2025-05-28 00:18:30,002 INFO  - Sent message to others cars = 'veh_2 | CartesianPoint{x=142.27,y=390.76,z=0.00}' (at simulation time 151.000,000,000 s)
2025-05-28 00:18:30,060 INFO  - Received event: 151000 (at simulation time IntraVehicleMsg)
2025-05-28 00:18:30,064 INFO  - Sent message to others cars = 'veh_2 | CartesianPoint{x=142.26,y=383.70,z=0.00}' (at simulation time 152.000,000,000 s)
2025-05-28 00:18:30,124 INFO  - Received event: 152000 (at simulation time IntraVehicleMsg)
2025-05-28 00:18:30,127 INFO  - Sent message to others cars = 'veh_2 | CartesianPoint{x=142.24,y=377.08,z=0.00}' (at simulation time 153.000,000,000 s)
2025-05-28 00:18:30,198 INFO  - Received event: 153000 (at simulation time IntraVehicleMsg)
2025-05-28 00:18:30,211 INFO  - Sent message to others cars = 'veh_2 | CartesianPoint{x=142.23,y=369.36,z=0.00}' (at simulation time 154.000,000,000 s)
2025-05-28 00:18:30,273 INFO  - Received event: 154000 (at simulation time IntraVehicleMsg)
2025-05-28 00:18:30,283 INFO  - Sent message to others cars = 'veh_2 | CartesianPoint{x=142.21,y=362.04,z=0.00}' (at simulation time 155.000,000,000 s)
2025-05-28 00:18:30,346 INFO  - Received event: 155000 (at simulation time IntraVehicleMsg)
2025-05-28 00:18:30,354 INFO  - Sent message to others cars = 'veh_2 | CartesianPoint{x=142.18,y=354.93,z=0.00}' (at simulation time 156.000,000,000 s)
2025-05-28 00:18:30,414 INFO  - Received event: 156000 (at simulation time IntraVehicleMsg)
2025-05-28 00:18:30,418 INFO  - Sent message to others cars = 'veh_2 | CartesianPoint{x=142.12,y=347.44,z=0.00}' (at simulation time 157.000,000,000 s)
2025-05-28 00:18:30,481 INFO  - Received event: 157000 (at simulation time IntraVehicleMsg)
2025-05-28 00:18:30,485 INFO  - Sent message to others cars = 'veh_2 | CartesianPoint{x=142.05,y=340.12,z=0.00}' (at simulation time 158.000,000,000 s)
2025-05-28 00:18:30,547 INFO  - Received event: 158000 (at simulation time IntraVehicleMsg)
2025-05-28 00:18:30,551 INFO  - Sent message to others cars = 'veh_2 | CartesianPoint{x=141.99,y=332.80,z=0.00}' (at simulation time 159.000,000,000 s)
2025-05-28 00:18:30,614 INFO  - Received event: 159000 (at simulation time IntraVehicleMsg)
2025-05-28 00:18:30,618 INFO  - Sent message to others cars = 'veh_2 | CartesianPoint{x=141.92,y=325.17,z=0.00}' (at simulation time 160.000,000,000 s)
2025-05-28 00:18:30,685 INFO  - Received event: 160000 (at simulation time IntraVehicleMsg)
2025-05-28 00:18:30,694 INFO  - Sent message to others cars = 'veh_2 | CartesianPoint{x=138.66,y=317.91,z=0.00}' (at simulation time 161.000,000,000 s)
2025-05-28 00:18:30,763 INFO  - Received event: 161000 (at simulation time IntraVehicleMsg)
2025-05-28 00:18:30,776 INFO  - Sent message to others cars = 'veh_2 | CartesianPoint{x=138.60,y=311.08,z=0.00}' (at simulation time 162.000,000,000 s)
2025-05-28 00:18:30,847 INFO  - Received event: 162000 (at simulation time IntraVehicleMsg)
2025-05-28 00:18:30,857 INFO  - Sent message to others cars = 'veh_2 | CartesianPoint{x=138.54,y=304.27,z=0.00}' (at simulation time 163.000,000,000 s)
2025-05-28 00:18:30,925 INFO  - Received event: 163000 (at simulation time IntraVehicleMsg)
2025-05-28 00:18:30,933 INFO  - Sent message to others cars = 'veh_2 | CartesianPoint{x=138.48,y=297.18,z=0.00}' (at simulation time 164.000,000,000 s)
2025-05-28 00:18:31,003 INFO  - Received event: 164000 (at simulation time IntraVehicleMsg)
2025-05-28 00:18:31,008 INFO  - Sent message to others cars = 'veh_2 | CartesianPoint{x=138.42,y=289.67,z=0.00}' (at simulation time 165.000,000,000 s)
2025-05-28 00:18:31,077 INFO  - Received event: 165000 (at simulation time IntraVehicleMsg)
2025-05-28 00:18:31,081 INFO  - Sent message to others cars = 'veh_2 | CartesianPoint{x=138.36,y=283.08,z=0.00}' (at simulation time 166.000,000,000 s)
2025-05-28 00:18:31,152 INFO  - Received event: 166000 (at simulation time IntraVehicleMsg)
2025-05-28 00:18:31,155 INFO  - Sent message to others cars = 'veh_2 | CartesianPoint{x=138.30,y=276.49,z=0.00}' (at simulation time 167.000,000,000 s)
2025-05-28 00:18:31,228 INFO  - Received event: 167000 (at simulation time IntraVehicleMsg)
2025-05-28 00:18:31,232 INFO  - Sent message to others cars = 'veh_2 | CartesianPoint{x=138.24,y=269.08,z=0.00}' (at simulation time 168.000,000,000 s)
2025-05-28 00:18:31,305 INFO  - Received event: 168000 (at simulation time IntraVehicleMsg)
2025-05-28 00:18:31,309 INFO  - Sent message to others cars = 'veh_2 | CartesianPoint{x=138.18,y=262.24,z=0.00}' (at simulation time 169.000,000,000 s)
2025-05-28 00:18:31,383 INFO  - Received event: 169000 (at simulation time IntraVehicleMsg)
2025-05-28 00:18:31,388 INFO  - Sent message to others cars = 'veh_2 | CartesianPoint{x=138.12,y=255.41,z=0.00}' (at simulation time 170.000,000,000 s)
2025-05-28 00:18:31,463 INFO  - Received event: 170000 (at simulation time IntraVehicleMsg)
2025-05-28 00:18:31,472 INFO  - Sent message to others cars = 'veh_2 | CartesianPoint{x=138.06,y=247.92,z=0.00}' (at simulation time 171.000,000,000 s)
2025-05-28 00:18:31,549 INFO  - Received event: 171000 (at simulation time IntraVehicleMsg)
2025-05-28 00:18:31,554 INFO  - Sent message to others cars = 'veh_2 | CartesianPoint{x=138.00,y=241.07,z=0.00}' (at simulation time 172.000,000,000 s)
2025-05-28 00:18:31,631 INFO  - Received event: 172000 (at simulation time IntraVehicleMsg)
2025-05-28 00:18:31,645 INFO  - Sent message to others cars = 'veh_2 | CartesianPoint{x=137.95,y=234.27,z=0.00}' (at simulation time 173.000,000,000 s)
2025-05-28 00:18:31,728 INFO  - Received event: 173000 (at simulation time IntraVehicleMsg)
2025-05-28 00:18:31,743 INFO  - Sent message to others cars = 'veh_2 | CartesianPoint{x=137.89,y=227.75,z=0.00}' (at simulation time 174.000,000,000 s)
2025-05-28 00:18:31,824 INFO  - Received event: 174000 (at simulation time IntraVehicleMsg)
2025-05-28 00:18:31,839 INFO  - Sent message to others cars = 'veh_2 | CartesianPoint{x=137.84,y=221.26,z=0.00}' (at simulation time 175.000,000,000 s)
2025-05-28 00:18:31,926 INFO  - Received event: 175000 (at simulation time IntraVehicleMsg)
2025-05-28 00:18:31,937 INFO  - Sent message to others cars = 'veh_2 | CartesianPoint{x=137.78,y=213.63,z=0.00}' (at simulation time 176.000,000,000 s)
2025-05-28 00:18:32,018 INFO  - Received event: 176000 (at simulation time IntraVehicleMsg)
2025-05-28 00:18:32,024 INFO  - Sent message to others cars = 'veh_2 | CartesianPoint{x=137.72,y=207.07,z=0.00}' (at simulation time 177.000,000,000 s)
2025-05-28 00:18:32,107 INFO  - Received event: 177000 (at simulation time IntraVehicleMsg)
2025-05-28 00:18:32,112 INFO  - Sent message to others cars = 'veh_2 | CartesianPoint{x=137.66,y=199.86,z=0.00}' (at simulation time 178.000,000,000 s)
2025-05-28 00:18:32,195 INFO  - Received event: 178000 (at simulation time IntraVehicleMsg)
2025-05-28 00:18:32,201 INFO  - Sent message to others cars = 'veh_2 | CartesianPoint{x=137.61,y=193.07,z=0.00}' (at simulation time 179.000,000,000 s)
2025-05-28 00:18:32,285 INFO  - Received event: 179000 (at simulation time IntraVehicleMsg)
2025-05-28 00:18:32,289 INFO  - Sent message to others cars = 'veh_2 | CartesianPoint{x=137.55,y=186.21,z=0.00}' (at simulation time 180.000,000,000 s)
2025-05-28 00:18:32,377 INFO  - Received event: 180000 (at simulation time IntraVehicleMsg)
2025-05-28 00:18:32,385 INFO  - Sent message to others cars = 'veh_2 | CartesianPoint{x=137.49,y=179.04,z=0.00}' (at simulation time 181.000,000,000 s)
2025-05-28 00:18:32,473 INFO  - Received event: 181000 (at simulation time IntraVehicleMsg)
2025-05-28 00:18:32,476 INFO  - Sent message to others cars = 'veh_2 | CartesianPoint{x=137.43,y=171.74,z=0.00}' (at simulation time 182.000,000,000 s)
2025-05-28 00:18:32,568 INFO  - Received event: 182000 (at simulation time IntraVehicleMsg)
2025-05-28 00:18:32,572 INFO  - Sent message to others cars = 'veh_2 | CartesianPoint{x=137.38,y=165.21,z=0.00}' (at simulation time 183.000,000,000 s)
2025-05-28 00:18:32,661 INFO  - Received event: 183000 (at simulation time IntraVehicleMsg)
2025-05-28 00:18:32,665 INFO  - Sent message to others cars = 'veh_2 | CartesianPoint{x=137.31,y=157.74,z=0.00}' (at simulation time 184.000,000,000 s)
2025-05-28 00:18:32,757 INFO  - Received event: 184000 (at simulation time IntraVehicleMsg)
2025-05-28 00:18:32,764 INFO  - Sent message to others cars = 'veh_2 | CartesianPoint{x=137.25,y=150.43,z=0.00}' (at simulation time 185.000,000,000 s)
2025-05-28 00:18:32,858 INFO  - Received event: 185000 (at simulation time IntraVehicleMsg)
2025-05-28 00:18:32,871 INFO  - Sent message to others cars = 'veh_2 | CartesianPoint{x=137.19,y=143.15,z=0.00}' (at simulation time 186.000,000,000 s)
2025-05-28 00:18:32,968 INFO  - Received event: 186000 (at simulation time IntraVehicleMsg)
2025-05-28 00:18:32,978 INFO  - Sent message to others cars = 'veh_2 | CartesianPoint{x=137.18,y=135.62,z=0.00}' (at simulation time 187.000,000,000 s)
2025-05-28 00:18:33,076 INFO  - Received event: 187000 (at simulation time IntraVehicleMsg)
2025-05-28 00:18:33,086 INFO  - Sent message to others cars = 'veh_2 | CartesianPoint{x=137.22,y=129.05,z=0.00}' (at simulation time 188.000,000,000 s)
2025-05-28 00:18:33,184 INFO  - Received event: 188000 (at simulation time IntraVehicleMsg)
2025-05-28 00:18:33,195 INFO  - Sent message to others cars = 'veh_2 | CartesianPoint{x=137.26,y=121.80,z=0.00}' (at simulation time 189.000,000,000 s)
2025-05-28 00:18:33,297 INFO  - Received event: 189000 (at simulation time IntraVehicleMsg)
2025-05-28 00:18:33,308 INFO  - Sent message to others cars = 'veh_2 | CartesianPoint{x=137.29,y=115.11,z=0.00}' (at simulation time 190.000,000,000 s)
2025-05-28 00:18:33,404 INFO  - Received event: 190000 (at simulation time IntraVehicleMsg)
2025-05-28 00:18:33,407 INFO  - Sent message to others cars = 'veh_2 | CartesianPoint{x=137.33,y=107.97,z=0.00}' (at simulation time 191.000,000,000 s)
2025-05-28 00:18:33,498 INFO  - Received event: 191000 (at simulation time IntraVehicleMsg)
2025-05-28 00:18:33,506 INFO  - Sent message to others cars = 'veh_2 | CartesianPoint{x=137.37,y=101.23,z=0.00}' (at simulation time 192.000,000,000 s)
2025-05-28 00:18:33,597 INFO  - Received event: 192000 (at simulation time IntraVehicleMsg)
2025-05-28 00:18:33,600 INFO  - Sent message to others cars = 'veh_2 | CartesianPoint{x=137.41,y=93.97,z=0.00}' (at simulation time 193.000,000,000 s)
2025-05-28 00:18:33,687 INFO  - Received event: 193000 (at simulation time IntraVehicleMsg)
2025-05-28 00:18:33,690 INFO  - Sent message to others cars = 'veh_2 | CartesianPoint{x=137.45,y=86.87,z=0.00}' (at simulation time 194.000,000,000 s)
2025-05-28 00:18:33,779 INFO  - Received event: 194000 (at simulation time IntraVehicleMsg)
2025-05-28 00:18:33,784 INFO  - Sent message to others cars = 'veh_2 | CartesianPoint{x=137.49,y=79.11,z=0.00}' (at simulation time 195.000,000,000 s)
2025-05-28 00:18:33,872 INFO  - Received event: 195000 (at simulation time IntraVehicleMsg)
2025-05-28 00:18:33,875 INFO  - Sent message to others cars = 'veh_2 | CartesianPoint{x=139.46,y=72.67,z=0.00}' (at simulation time 196.000,000,000 s)
2025-05-28 00:18:33,965 INFO  - Received event: 196000 (at simulation time IntraVehicleMsg)
2025-05-28 00:18:33,968 INFO  - Sent message to others cars = 'veh_2 | CartesianPoint{x=143.33,y=66.31,z=0.00}' (at simulation time 197.000,000,000 s)
2025-05-28 00:18:34,057 INFO  - Received event: 197000 (at simulation time IntraVehicleMsg)
2025-05-28 00:18:34,062 INFO  - Sent message to others cars = 'veh_2 | CartesianPoint{x=148.10,y=61.85,z=0.00}' (at simulation time 198.000,000,000 s)
2025-05-28 00:18:34,155 INFO  - Received event: 198000 (at simulation time IntraVehicleMsg)
2025-05-28 00:18:34,165 INFO  - Sent message to others cars = 'veh_2 | CartesianPoint{x=153.67,y=56.58,z=0.00}' (at simulation time 199.000,000,000 s)
2025-05-28 00:18:34,252 INFO  - Received event: 199000 (at simulation time IntraVehicleMsg)
2025-05-28 00:18:34,255 INFO  - Sent message to others cars = 'veh_2 | CartesianPoint{x=158.73,y=51.01,z=0.00}' (at simulation time 200.000,000,000 s)
2025-05-28 00:18:34,333 INFO  - Received event: 200000 (at simulation time IntraVehicleMsg)
2025-05-28 00:18:34,337 INFO  - Sent message to others cars = 'veh_2 | CartesianPoint{x=163.91,y=45.32,z=0.00}' (at simulation time 201.000,000,000 s)
2025-05-28 00:18:34,417 INFO  - Received event: 201000 (at simulation time IntraVehicleMsg)
2025-05-28 00:18:34,424 INFO  - Sent message to others cars = 'veh_2 | CartesianPoint{x=168.52,y=40.25,z=0.00}' (at simulation time 202.000,000,000 s)
2025-05-28 00:18:34,505 INFO  - Received event: 202000 (at simulation time IntraVehicleMsg)
2025-05-28 00:18:34,508 INFO  - Sent message to others cars = 'veh_2 | CartesianPoint{x=173.20,y=35.10,z=0.00}' (at simulation time 203.000,000,000 s)
2025-05-28 00:18:34,593 INFO  - Received event: 203000 (at simulation time IntraVehicleMsg)
2025-05-28 00:18:34,601 INFO  - Sent message to others cars = 'veh_2 | CartesianPoint{x=178.30,y=29.49,z=0.00}' (at simulation time 204.000,000,000 s)
2025-05-28 00:18:34,683 INFO  - Received event: 204000 (at simulation time IntraVehicleMsg)
2025-05-28 00:18:34,686 INFO  - Sent message to others cars = 'veh_2 | CartesianPoint{x=182.78,y=24.57,z=0.00}' (at simulation time 205.000,000,000 s)
2025-05-28 00:18:34,771 INFO  - Received event: 205000 (at simulation time IntraVehicleMsg)
2025-05-28 00:18:34,775 INFO  - Sent message to others cars = 'veh_2 | CartesianPoint{x=187.64,y=19.23,z=0.00}' (at simulation time 206.000,000,000 s)
2025-05-28 00:18:34,859 INFO  - Received event: 206000 (at simulation time IntraVehicleMsg)
2025-05-28 00:18:34,863 INFO  - Sent message to others cars = 'veh_2 | CartesianPoint{x=192.79,y=13.56,z=0.00}' (at simulation time 207.000,000,000 s)
2025-05-28 00:18:34,949 INFO  - Received event: 207000 (at simulation time IntraVehicleMsg)
2025-05-28 00:18:34,952 INFO  - Sent message to others cars = 'veh_2 | CartesianPoint{x=195.44,y=6.50,z=0.00}' (at simulation time 208.000,000,000 s)
2025-05-28 00:18:35,038 INFO  - Received event: 208000 (at simulation time IntraVehicleMsg)
2025-05-28 00:18:35,042 INFO  - Sent message to others cars = 'veh_2 | CartesianPoint{x=197.05,y=-0.19,z=0.00}' (at simulation time 209.000,000,000 s)
2025-05-28 00:18:35,130 INFO  - Received event: 209000 (at simulation time IntraVehicleMsg)
2025-05-28 00:18:35,134 INFO  - ------------------------------------------------------------------------------------- (at simulation time 210.000,000,000 s)
2025-05-28 00:18:35,134 INFO  - Shutdown application (at simulation time 210.000,000,000 s)
2025-05-28 00:18:35,134 INFO  - ------------------------------------------------------------------------------------- (at simulation time 210.000,000,000 s)
