2025-05-28 00:19:00,056 INFO  - ------------------------------------------------------------------------------------- (at simulation time 593.000,000,000 s)
2025-05-28 00:19:00,057 INFO  - Initialize veh_115 application (at simulation time 593.000,000,000 s)
2025-05-28 00:19:00,057 INFO  - Activated AdHoc Module (at simulation time 593.000,000,000 s)
2025-05-28 00:19:00,057 INFO  - ------------------------------------------------------------------------------------- (at simulation time 593.000,000,000 s)
2025-05-28 00:19:00,057 INFO  - Sent message to others cars = 'veh_115 | CartesianPoint{x=-0.01,y=528.94,z=0.00}' (at simulation time 593.000,000,000 s)
2025-05-28 00:19:00,109 INFO  - Received event: 593000 (at simulation time IntraVehicleMsg)
2025-05-28 00:19:00,112 INFO  - Sent message to others cars = 'veh_115 | CartesianPoint{x=7.63,y=528.92,z=0.00}' (at simulation time 594.000,000,000 s)
2025-05-28 00:19:00,165 INFO  - Received event: 594000 (at simulation time IntraVehicleMsg)
2025-05-28 00:19:00,168 INFO  - Sent message to others cars = 'veh_115 | CartesianPoint{x=15.22,y=528.90,z=0.00}' (at simulation time 595.000,000,000 s)
2025-05-28 00:19:00,224 INFO  - Received event: 595000 (at simulation time IntraVehicleMsg)
2025-05-28 00:19:00,236 INFO  - Sent message to others cars = 'veh_115 | CartesianPoint{x=22.79,y=528.87,z=0.00}' (at simulation time 596.000,000,000 s)
2025-05-28 00:19:00,293 INFO  - Received event: 596000 (at simulation time IntraVehicleMsg)
2025-05-28 00:19:00,310 INFO  - Sent message to others cars = 'veh_115 | CartesianPoint{x=30.54,y=528.85,z=0.00}' (at simulation time 597.000,000,000 s)
2025-05-28 00:19:00,368 INFO  - Received event: 597000 (at simulation time IntraVehicleMsg)
2025-05-28 00:19:00,377 INFO  - Sent message to others cars = 'veh_115 | CartesianPoint{x=38.43,y=528.84,z=0.00}' (at simulation time 598.000,000,000 s)
2025-05-28 00:19:00,431 INFO  - Received event: 598000 (at simulation time IntraVehicleMsg)
2025-05-28 00:19:00,434 INFO  - Sent message to others cars = 'veh_115 | CartesianPoint{x=46.12,y=528.89,z=0.00}' (at simulation time 599.000,000,000 s)
2025-05-28 00:19:00,491 INFO  - Received event: 599000 (at simulation time IntraVehicleMsg)
2025-05-28 00:19:00,494 INFO  - Sent message to others cars = 'veh_115 | CartesianPoint{x=53.98,y=528.95,z=0.00}' (at simulation time 600.000,000,000 s)
2025-05-28 00:19:00,551 INFO  - Received event: 600000 (at simulation time IntraVehicleMsg)
2025-05-28 00:19:00,554 INFO  - Sent message to others cars = 'veh_115 | CartesianPoint{x=61.22,y=529.00,z=0.00}' (at simulation time 601.000,000,000 s)
2025-05-28 00:19:00,611 INFO  - Received event: 601000 (at simulation time IntraVehicleMsg)
2025-05-28 00:19:00,614 INFO  - Sent message to others cars = 'veh_115 | CartesianPoint{x=68.00,y=529.02,z=0.00}' (at simulation time 602.000,000,000 s)
2025-05-28 00:19:00,675 INFO  - Received event: 602000 (at simulation time IntraVehicleMsg)
2025-05-28 00:19:00,681 INFO  - Sent message to others cars = 'veh_115 | CartesianPoint{x=74.79,y=529.03,z=0.00}' (at simulation time 603.000,000,000 s)
2025-05-28 00:19:00,741 INFO  - Received event: 603000 (at simulation time IntraVehicleMsg)
2025-05-28 00:19:00,745 INFO  - Sent message to others cars = 'veh_115 | CartesianPoint{x=82.31,y=529.05,z=0.00}' (at simulation time 604.000,000,000 s)
2025-05-28 00:19:00,808 INFO  - Received event: 604000 (at simulation time IntraVehicleMsg)
2025-05-28 00:19:00,821 INFO  - Sent message to others cars = 'veh_115 | CartesianPoint{x=89.87,y=529.02,z=0.00}' (at simulation time 605.000,000,000 s)
2025-05-28 00:19:00,885 INFO  - Received event: 605000 (at simulation time IntraVehicleMsg)
2025-05-28 00:19:00,899 INFO  - Sent message to others cars = 'veh_115 | CartesianPoint{x=96.73,y=528.93,z=0.00}' (at simulation time 606.000,000,000 s)
2025-05-28 00:19:00,966 INFO  - Received event: 606000 (at simulation time IntraVehicleMsg)
2025-05-28 00:19:00,981 INFO  - Sent message to others cars = 'veh_115 | CartesianPoint{x=103.53,y=528.85,z=0.00}' (at simulation time 607.000,000,000 s)
2025-05-28 00:19:01,047 INFO  - Received event: 607000 (at simulation time IntraVehicleMsg)
2025-05-28 00:19:01,057 INFO  - Sent message to others cars = 'veh_115 | CartesianPoint{x=110.67,y=528.76,z=0.00}' (at simulation time 608.000,000,000 s)
2025-05-28 00:19:01,122 INFO  - Received event: 608000 (at simulation time IntraVehicleMsg)
2025-05-28 00:19:01,130 INFO  - Sent message to others cars = 'veh_115 | CartesianPoint{x=117.11,y=531.88,z=0.00}' (at simulation time 609.000,000,000 s)
2025-05-28 00:19:01,196 INFO  - Received event: 609000 (at simulation time IntraVehicleMsg)
2025-05-28 00:19:01,199 INFO  - Sent message to others cars = 'veh_115 | CartesianPoint{x=124.59,y=531.78,z=0.00}' (at simulation time 610.000,000,000 s)
2025-05-28 00:19:01,265 INFO  - Received event: 610000 (at simulation time IntraVehicleMsg)
2025-05-28 00:19:01,269 INFO  - Sent message to others cars = 'veh_115 | CartesianPoint{x=132.11,y=531.69,z=0.00}' (at simulation time 611.000,000,000 s)
2025-05-28 00:19:01,339 INFO  - Received event: 611000 (at simulation time IntraVehicleMsg)
2025-05-28 00:19:01,342 INFO  - Sent message to others cars = 'veh_115 | CartesianPoint{x=139.51,y=531.62,z=0.00}' (at simulation time 612.000,000,000 s)
2025-05-28 00:19:01,410 INFO  - Received event: 612000 (at simulation time IntraVehicleMsg)
2025-05-28 00:19:01,417 INFO  - Sent message to others cars = 'veh_115 | CartesianPoint{x=147.50,y=531.57,z=0.00}' (at simulation time 613.000,000,000 s)
2025-05-28 00:19:01,484 INFO  - Received event: 613000 (at simulation time IntraVehicleMsg)
2025-05-28 00:19:01,488 INFO  - Sent message to others cars = 'veh_115 | CartesianPoint{x=155.27,y=531.61,z=0.00}' (at simulation time 614.000,000,000 s)
2025-05-28 00:19:01,556 INFO  - Received event: 614000 (at simulation time IntraVehicleMsg)
2025-05-28 00:19:01,559 INFO  - Sent message to others cars = 'veh_115 | CartesianPoint{x=162.37,y=531.65,z=0.00}' (at simulation time 615.000,000,000 s)
2025-05-28 00:19:01,630 INFO  - Received event: 615000 (at simulation time IntraVehicleMsg)
2025-05-28 00:19:01,633 INFO  - Sent message to others cars = 'veh_115 | CartesianPoint{x=170.03,y=531.71,z=0.00}' (at simulation time 616.000,000,000 s)
2025-05-28 00:19:01,709 INFO  - Received event: 616000 (at simulation time IntraVehicleMsg)
2025-05-28 00:19:01,721 INFO  - Sent message to others cars = 'veh_115 | CartesianPoint{x=177.72,y=531.76,z=0.00}' (at simulation time 617.000,000,000 s)
2025-05-28 00:19:01,797 INFO  - Received event: 617000 (at simulation time IntraVehicleMsg)
2025-05-28 00:19:01,811 INFO  - Sent message to others cars = 'veh_115 | CartesianPoint{x=185.69,y=531.82,z=0.00}' (at simulation time 618.000,000,000 s)
2025-05-28 00:19:01,891 INFO  - Received event: 618000 (at simulation time IntraVehicleMsg)
2025-05-28 00:19:01,907 INFO  - Sent message to others cars = 'veh_115 | CartesianPoint{x=193.17,y=531.87,z=0.00}' (at simulation time 619.000,000,000 s)
2025-05-28 00:19:01,989 INFO  - Received event: 619000 (at simulation time IntraVehicleMsg)
2025-05-28 00:19:02,004 INFO  - Sent message to others cars = 'veh_115 | CartesianPoint{x=199.97,y=531.92,z=0.00}' (at simulation time 620.000,000,000 s)
2025-05-28 00:19:02,086 INFO  - Received event: 620000 (at simulation time IntraVehicleMsg)
2025-05-28 00:19:02,096 INFO  - Sent message to others cars = 'veh_115 | CartesianPoint{x=207.53,y=531.97,z=0.00}' (at simulation time 621.000,000,000 s)
2025-05-28 00:19:02,178 INFO  - Received event: 621000 (at simulation time IntraVehicleMsg)
2025-05-28 00:19:02,184 INFO  - Sent message to others cars = 'veh_115 | CartesianPoint{x=213.91,y=532.01,z=0.00}' (at simulation time 622.000,000,000 s)
2025-05-28 00:19:02,265 INFO  - Received event: 622000 (at simulation time IntraVehicleMsg)
2025-05-28 00:19:02,269 INFO  - Sent message to others cars = 'veh_115 | CartesianPoint{x=220.95,y=532.03,z=0.00}' (at simulation time 623.000,000,000 s)
2025-05-28 00:19:02,350 INFO  - Received event: 623000 (at simulation time IntraVehicleMsg)
2025-05-28 00:19:02,357 INFO  - Sent message to others cars = 'veh_115 | CartesianPoint{x=228.20,y=532.04,z=0.00}' (at simulation time 624.000,000,000 s)
2025-05-28 00:19:02,435 INFO  - Received event: 624000 (at simulation time IntraVehicleMsg)
2025-05-28 00:19:02,439 INFO  - Sent message to others cars = 'veh_115 | CartesianPoint{x=235.02,y=532.03,z=0.00}' (at simulation time 625.000,000,000 s)
2025-05-28 00:19:02,523 INFO  - Received event: 625000 (at simulation time IntraVehicleMsg)
2025-05-28 00:19:02,526 INFO  - Sent message to others cars = 'veh_115 | CartesianPoint{x=243.04,y=532.02,z=0.00}' (at simulation time 626.000,000,000 s)
2025-05-28 00:19:02,610 INFO  - Received event: 626000 (at simulation time IntraVehicleMsg)
2025-05-28 00:19:02,613 INFO  - Sent message to others cars = 'veh_115 | CartesianPoint{x=250.53,y=532.00,z=0.00}' (at simulation time 627.000,000,000 s)
2025-05-28 00:19:02,700 INFO  - Received event: 627000 (at simulation time IntraVehicleMsg)
2025-05-28 00:19:02,704 INFO  - Sent message to others cars = 'veh_115 | CartesianPoint{x=258.56,y=531.99,z=0.00}' (at simulation time 628.000,000,000 s)
2025-05-28 00:19:02,791 INFO  - Received event: 628000 (at simulation time IntraVehicleMsg)
2025-05-28 00:19:02,797 INFO  - Sent message to others cars = 'veh_115 | CartesianPoint{x=265.93,y=531.97,z=0.00}' (at simulation time 629.000,000,000 s)
2025-05-28 00:19:02,887 INFO  - Received event: 629000 (at simulation time IntraVehicleMsg)
2025-05-28 00:19:02,902 INFO  - Sent message to others cars = 'veh_115 | CartesianPoint{x=273.73,y=531.96,z=0.00}' (at simulation time 630.000,000,000 s)
2025-05-28 00:19:02,993 INFO  - Received event: 630000 (at simulation time IntraVehicleMsg)
2025-05-28 00:19:03,003 INFO  - Sent message to others cars = 'veh_115 | CartesianPoint{x=280.96,y=531.95,z=0.00}' (at simulation time 631.000,000,000 s)
2025-05-28 00:19:03,098 INFO  - Received event: 631000 (at simulation time IntraVehicleMsg)
2025-05-28 00:19:03,110 INFO  - Sent message to others cars = 'veh_115 | CartesianPoint{x=288.86,y=531.94,z=0.00}' (at simulation time 632.000,000,000 s)
2025-05-28 00:19:03,203 INFO  - Received event: 632000 (at simulation time IntraVehicleMsg)
2025-05-28 00:19:03,206 INFO  - Sent message to others cars = 'veh_115 | CartesianPoint{x=296.23,y=531.93,z=0.00}' (at simulation time 633.000,000,000 s)
2025-05-28 00:19:03,295 INFO  - Received event: 633000 (at simulation time IntraVehicleMsg)
2025-05-28 00:19:03,302 INFO  - Sent message to others cars = 'veh_115 | CartesianPoint{x=303.90,y=531.92,z=0.00}' (at simulation time 634.000,000,000 s)
2025-05-28 00:19:03,396 INFO  - Received event: 634000 (at simulation time IntraVehicleMsg)
2025-05-28 00:19:03,406 INFO  - Sent message to others cars = 'veh_115 | CartesianPoint{x=311.24,y=531.92,z=0.00}' (at simulation time 635.000,000,000 s)
2025-05-28 00:19:03,500 INFO  - Received event: 635000 (at simulation time IntraVehicleMsg)
2025-05-28 00:19:03,509 INFO  - Sent message to others cars = 'veh_115 | CartesianPoint{x=319.18,y=531.91,z=0.00}' (at simulation time 636.000,000,000 s)
2025-05-28 00:19:03,603 INFO  - Received event: 636000 (at simulation time IntraVehicleMsg)
2025-05-28 00:19:03,606 INFO  - Sent message to others cars = 'veh_115 | CartesianPoint{x=326.27,y=531.90,z=0.00}' (at simulation time 637.000,000,000 s)
2025-05-28 00:19:03,697 INFO  - Received event: 637000 (at simulation time IntraVehicleMsg)
2025-05-28 00:19:03,700 INFO  - Sent message to others cars = 'veh_115 | CartesianPoint{x=334.18,y=531.89,z=0.00}' (at simulation time 638.000,000,000 s)
2025-05-28 00:19:03,795 INFO  - Received event: 638000 (at simulation time IntraVehicleMsg)
2025-05-28 00:19:03,816 INFO  - Sent message to others cars = 'veh_115 | CartesianPoint{x=341.17,y=531.88,z=0.00}' (at simulation time 639.000,000,000 s)
2025-05-28 00:19:03,913 INFO  - Received event: 639000 (at simulation time IntraVehicleMsg)
2025-05-28 00:19:03,916 INFO  - Sent message to others cars = 'veh_115 | CartesianPoint{x=348.33,y=531.87,z=0.00}' (at simulation time 640.000,000,000 s)
2025-05-28 00:19:04,002 INFO  - Received event: 640000 (at simulation time IntraVehicleMsg)
2025-05-28 00:19:04,005 INFO  - ------------------------------------------------------------------------------------- (at simulation time 641.000,000,000 s)
2025-05-28 00:19:04,005 INFO  - Shutdown application (at simulation time 641.000,000,000 s)
2025-05-28 00:19:04,005 INFO  - ------------------------------------------------------------------------------------- (at simulation time 641.000,000,000 s)
