2025-05-28 00:33:53,117 INFO  - ------------------------------------------------------------------------------------- (at simulation time 469.000,000,000 s)
2025-05-28 00:33:53,117 INFO  - Initialize veh_90 application (at simulation time 469.000,000,000 s)
2025-05-28 00:33:53,117 INFO  - Activated AdHoc Module (at simulation time 469.000,000,000 s)
2025-05-28 00:33:53,117 INFO  - ------------------------------------------------------------------------------------- (at simulation time 469.000,000,000 s)
2025-05-28 00:33:53,119 INFO  - Sent message to others cars = 'veh_90 | CartesianPoint{x=143.94,y=749.34,z=0.00}' (at simulation time 469.000,000,000 s)
2025-05-28 00:33:53,189 INFO  - Received event: 469000 (at simulation time IntraVehicleMsg)
2025-05-28 00:33:53,194 INFO  - Sent message to others cars = 'veh_90 | CartesianPoint{x=143.92,y=742.94,z=0.00}' (at simulation time 470.000,000,000 s)
2025-05-28 00:33:53,265 INFO  - Received event: 470000 (at simulation time IntraVehicleMsg)
2025-05-28 00:33:53,267 INFO  - Sent message to others cars = 'veh_90 | CartesianPoint{x=143.90,y=735.64,z=0.00}' (at simulation time 471.000,000,000 s)
2025-05-28 00:33:53,333 INFO  - Received event: 471000 (at simulation time IntraVehicleMsg)
2025-05-28 00:33:53,335 INFO  - Sent message to others cars = 'veh_90 | CartesianPoint{x=143.88,y=728.66,z=0.00}' (at simulation time 472.000,000,000 s)
2025-05-28 00:33:53,397 INFO  - Received event: 472000 (at simulation time IntraVehicleMsg)
2025-05-28 00:33:53,399 INFO  - Sent message to others cars = 'veh_90 | CartesianPoint{x=143.86,y=722.25,z=0.00}' (at simulation time 473.000,000,000 s)
2025-05-28 00:33:53,460 INFO  - Received event: 473000 (at simulation time IntraVehicleMsg)
2025-05-28 00:33:53,463 INFO  - Sent message to others cars = 'veh_90 | CartesianPoint{x=143.83,y=715.84,z=0.00}' (at simulation time 474.000,000,000 s)
2025-05-28 00:33:53,525 INFO  - Received event: 474000 (at simulation time IntraVehicleMsg)
2025-05-28 00:33:53,531 INFO  - Sent message to others cars = 'veh_90 | CartesianPoint{x=140.61,y=708.82,z=0.00}' (at simulation time 475.000,000,000 s)
2025-05-28 00:33:53,587 INFO  - Received event: 475000 (at simulation time IntraVehicleMsg)
2025-05-28 00:33:53,592 INFO  - Sent message to others cars = 'veh_90 | CartesianPoint{x=140.59,y=701.93,z=0.00}' (at simulation time 476.000,000,000 s)
2025-05-28 00:33:53,649 INFO  - Received event: 476000 (at simulation time IntraVehicleMsg)
2025-05-28 00:33:53,651 INFO  - Sent message to others cars = 'veh_90 | CartesianPoint{x=140.57,y=695.70,z=0.00}' (at simulation time 477.000,000,000 s)
2025-05-28 00:33:53,710 INFO  - Received event: 477000 (at simulation time IntraVehicleMsg)
2025-05-28 00:33:53,712 INFO  - Sent message to others cars = 'veh_90 | CartesianPoint{x=140.54,y=688.94,z=0.00}' (at simulation time 478.000,000,000 s)
2025-05-28 00:33:53,770 INFO  - Received event: 478000 (at simulation time IntraVehicleMsg)
2025-05-28 00:33:53,772 INFO  - Sent message to others cars = 'veh_90 | CartesianPoint{x=140.52,y=682.14,z=0.00}' (at simulation time 479.000,000,000 s)
2025-05-28 00:33:53,833 INFO  - Received event: 479000 (at simulation time IntraVehicleMsg)
2025-05-28 00:33:53,841 INFO  - Sent message to others cars = 'veh_90 | CartesianPoint{x=140.50,y=675.38,z=0.00}' (at simulation time 480.000,000,000 s)
2025-05-28 00:33:53,902 INFO  - Received event: 480000 (at simulation time IntraVehicleMsg)
2025-05-28 00:33:53,904 INFO  - Sent message to others cars = 'veh_90 | CartesianPoint{x=140.48,y=668.32,z=0.00}' (at simulation time 481.000,000,000 s)
2025-05-28 00:33:53,967 INFO  - Received event: 481000 (at simulation time IntraVehicleMsg)
2025-05-28 00:33:53,969 INFO  - Sent message to others cars = 'veh_90 | CartesianPoint{x=140.46,y=661.19,z=0.00}' (at simulation time 482.000,000,000 s)
2025-05-28 00:33:54,033 INFO  - Received event: 482000 (at simulation time IntraVehicleMsg)
2025-05-28 00:33:54,037 INFO  - Sent message to others cars = 'veh_90 | CartesianPoint{x=140.44,y=654.20,z=0.00}' (at simulation time 483.000,000,000 s)
2025-05-28 00:33:54,102 INFO  - Received event: 483000 (at simulation time IntraVehicleMsg)
2025-05-28 00:33:54,104 INFO  - Sent message to others cars = 'veh_90 | CartesianPoint{x=140.43,y=647.67,z=0.00}' (at simulation time 484.000,000,000 s)
2025-05-28 00:33:54,170 INFO  - Received event: 484000 (at simulation time IntraVehicleMsg)
2025-05-28 00:33:54,179 INFO  - Sent message to others cars = 'veh_90 | CartesianPoint{x=140.41,y=641.42,z=0.00}' (at simulation time 485.000,000,000 s)
2025-05-28 00:33:54,237 INFO  - Received event: 485000 (at simulation time IntraVehicleMsg)
2025-05-28 00:33:54,239 INFO  - Sent message to others cars = 'veh_90 | CartesianPoint{x=140.40,y=635.04,z=0.00}' (at simulation time 486.000,000,000 s)
2025-05-28 00:33:54,301 INFO  - Received event: 486000 (at simulation time IntraVehicleMsg)
2025-05-28 00:33:54,304 INFO  - Sent message to others cars = 'veh_90 | CartesianPoint{x=140.38,y=628.01,z=0.00}' (at simulation time 487.000,000,000 s)
2025-05-28 00:33:54,357 INFO  - Received event: 487000 (at simulation time IntraVehicleMsg)
2025-05-28 00:33:54,359 INFO  - Sent message to others cars = 'veh_90 | CartesianPoint{x=140.37,y=621.74,z=0.00}' (at simulation time 488.000,000,000 s)
2025-05-28 00:33:54,413 INFO  - Received event: 488000 (at simulation time IntraVehicleMsg)
2025-05-28 00:33:54,416 INFO  - Sent message to others cars = 'veh_90 | CartesianPoint{x=140.35,y=615.18,z=0.00}' (at simulation time 489.000,000,000 s)
2025-05-28 00:33:54,471 INFO  - Received event: 489000 (at simulation time IntraVehicleMsg)
2025-05-28 00:33:54,479 INFO  - Sent message to others cars = 'veh_90 | CartesianPoint{x=140.34,y=608.29,z=0.00}' (at simulation time 490.000,000,000 s)
2025-05-28 00:33:54,535 INFO  - Received event: 490000 (at simulation time IntraVehicleMsg)
2025-05-28 00:33:54,537 INFO  - Sent message to others cars = 'veh_90 | CartesianPoint{x=140.31,y=601.27,z=0.00}' (at simulation time 491.000,000,000 s)
2025-05-28 00:33:54,595 INFO  - Received event: 491000 (at simulation time IntraVehicleMsg)
2025-05-28 00:33:54,597 INFO  - Sent message to others cars = 'veh_90 | CartesianPoint{x=140.27,y=594.33,z=0.00}' (at simulation time 492.000,000,000 s)
2025-05-28 00:33:54,656 INFO  - Received event: 492000 (at simulation time IntraVehicleMsg)
2025-05-28 00:33:54,658 INFO  - Sent message to others cars = 'veh_90 | CartesianPoint{x=140.23,y=587.07,z=0.00}' (at simulation time 493.000,000,000 s)
2025-05-28 00:33:54,720 INFO  - Received event: 493000 (at simulation time IntraVehicleMsg)
2025-05-28 00:33:54,725 INFO  - Sent message to others cars = 'veh_90 | CartesianPoint{x=140.20,y=580.79,z=0.00}' (at simulation time 494.000,000,000 s)
2025-05-28 00:33:54,786 INFO  - Received event: 494000 (at simulation time IntraVehicleMsg)
2025-05-28 00:33:54,788 INFO  - Sent message to others cars = 'veh_90 | CartesianPoint{x=140.17,y=574.44,z=0.00}' (at simulation time 495.000,000,000 s)
2025-05-28 00:33:54,851 INFO  - Received event: 495000 (at simulation time IntraVehicleMsg)
2025-05-28 00:33:54,854 INFO  - Sent message to others cars = 'veh_90 | CartesianPoint{x=140.13,y=567.40,z=0.00}' (at simulation time 496.000,000,000 s)
2025-05-28 00:33:54,919 INFO  - Received event: 496000 (at simulation time IntraVehicleMsg)
2025-05-28 00:33:54,921 INFO  - Sent message to others cars = 'veh_90 | CartesianPoint{x=140.10,y=561.11,z=0.00}' (at simulation time 497.000,000,000 s)
2025-05-28 00:33:54,986 INFO  - Received event: 497000 (at simulation time IntraVehicleMsg)
2025-05-28 00:33:54,989 INFO  - Sent message to others cars = 'veh_90 | CartesianPoint{x=140.06,y=554.08,z=0.00}' (at simulation time 498.000,000,000 s)
2025-05-28 00:33:55,050 INFO  - Received event: 498000 (at simulation time IntraVehicleMsg)
2025-05-28 00:33:55,056 INFO  - Sent message to others cars = 'veh_90 | CartesianPoint{x=140.05,y=551.56,z=0.00}' (at simulation time 499.000,000,000 s)
2025-05-28 00:33:55,119 INFO  - Received event: 499000 (at simulation time IntraVehicleMsg)
2025-05-28 00:33:55,128 INFO  - Sent message to others cars = 'veh_90 | CartesianPoint{x=140.04,y=551.37,z=0.00}' (at simulation time 500.000,000,000 s)
2025-05-28 00:33:55,191 INFO  - Received event: 500000 (at simulation time IntraVehicleMsg)
2025-05-28 00:33:55,194 INFO  - Sent message to others cars = 'veh_90 | CartesianPoint{x=140.04,y=551.20,z=0.00}' (at simulation time 501.000,000,000 s)
2025-05-28 00:33:55,253 INFO  - Received event: 501000 (at simulation time IntraVehicleMsg)
2025-05-28 00:33:55,255 INFO  - Sent message to others cars = 'veh_90 | CartesianPoint{x=140.04,y=551.20,z=0.00}' (at simulation time 502.000,000,000 s)
2025-05-28 00:33:55,312 INFO  - Received event: 502000 (at simulation time IntraVehicleMsg)
2025-05-28 00:33:55,315 INFO  - Sent message to others cars = 'veh_90 | CartesianPoint{x=140.04,y=551.19,z=0.00}' (at simulation time 503.000,000,000 s)
2025-05-28 00:33:55,375 INFO  - Received event: 503000 (at simulation time IntraVehicleMsg)
2025-05-28 00:33:55,378 INFO  - Sent message to others cars = 'veh_90 | CartesianPoint{x=140.04,y=551.19,z=0.00}' (at simulation time 504.000,000,000 s)
2025-05-28 00:33:55,430 INFO  - Received event: 504000 (at simulation time IntraVehicleMsg)
2025-05-28 00:33:55,435 INFO  - Sent message to others cars = 'veh_90 | CartesianPoint{x=140.04,y=551.19,z=0.00}' (at simulation time 505.000,000,000 s)
2025-05-28 00:33:55,481 INFO  - Received event: 505000 (at simulation time IntraVehicleMsg)
2025-05-28 00:33:55,483 INFO  - Sent message to others cars = 'veh_90 | CartesianPoint{x=140.04,y=551.19,z=0.00}' (at simulation time 506.000,000,000 s)
2025-05-28 00:33:55,533 INFO  - Received event: 506000 (at simulation time IntraVehicleMsg)
2025-05-28 00:33:55,536 INFO  - Sent message to others cars = 'veh_90 | CartesianPoint{x=140.03,y=549.26,z=0.00}' (at simulation time 507.000,000,000 s)
2025-05-28 00:33:55,589 INFO  - Received event: 507000 (at simulation time IntraVehicleMsg)
2025-05-28 00:33:55,591 INFO  - Sent message to others cars = 'veh_90 | CartesianPoint{x=140.02,y=546.16,z=0.00}' (at simulation time 508.000,000,000 s)
2025-05-28 00:33:55,638 INFO  - Received event: 508000 (at simulation time IntraVehicleMsg)
2025-05-28 00:33:55,641 INFO  - Sent message to others cars = 'veh_90 | CartesianPoint{x=139.99,y=541.66,z=0.00}' (at simulation time 509.000,000,000 s)
2025-05-28 00:33:55,688 INFO  - Received event: 509000 (at simulation time IntraVehicleMsg)
2025-05-28 00:33:55,703 INFO  - Sent message to others cars = 'veh_90 | CartesianPoint{x=139.95,y=535.04,z=0.00}' (at simulation time 510.000,000,000 s)
2025-05-28 00:33:55,751 INFO  - Received event: 510000 (at simulation time IntraVehicleMsg)
2025-05-28 00:33:55,754 INFO  - Sent message to others cars = 'veh_90 | CartesianPoint{x=139.90,y=528.50,z=0.00}' (at simulation time 511.000,000,000 s)
2025-05-28 00:33:55,804 INFO  - Received event: 511000 (at simulation time IntraVehicleMsg)
2025-05-28 00:33:55,806 INFO  - Sent message to others cars = 'veh_90 | CartesianPoint{x=139.83,y=521.20,z=0.00}' (at simulation time 512.000,000,000 s)
2025-05-28 00:33:55,852 INFO  - Received event: 512000 (at simulation time IntraVehicleMsg)
2025-05-28 00:33:55,855 INFO  - Sent message to others cars = 'veh_90 | CartesianPoint{x=139.77,y=514.39,z=0.00}' (at simulation time 513.000,000,000 s)
2025-05-28 00:33:55,896 INFO  - Received event: 513000 (at simulation time IntraVehicleMsg)
2025-05-28 00:33:55,898 INFO  - Sent message to others cars = 'veh_90 | CartesianPoint{x=139.70,y=507.40,z=0.00}' (at simulation time 514.000,000,000 s)
2025-05-28 00:33:55,941 INFO  - Received event: 514000 (at simulation time IntraVehicleMsg)
2025-05-28 00:33:55,943 INFO  - Sent message to others cars = 'veh_90 | CartesianPoint{x=139.64,y=500.39,z=0.00}' (at simulation time 515.000,000,000 s)
2025-05-28 00:33:55,988 INFO  - Received event: 515000 (at simulation time IntraVehicleMsg)
2025-05-28 00:33:55,991 INFO  - Sent message to others cars = 'veh_90 | CartesianPoint{x=139.57,y=493.41,z=0.00}' (at simulation time 516.000,000,000 s)
2025-05-28 00:33:56,037 INFO  - Received event: 516000 (at simulation time IntraVehicleMsg)
2025-05-28 00:33:56,041 INFO  - Sent message to others cars = 'veh_90 | CartesianPoint{x=139.50,y=486.40,z=0.00}' (at simulation time 517.000,000,000 s)
2025-05-28 00:33:56,078 INFO  - Received event: 517000 (at simulation time IntraVehicleMsg)
2025-05-28 00:33:56,083 INFO  - Sent message to others cars = 'veh_90 | CartesianPoint{x=139.44,y=479.61,z=0.00}' (at simulation time 518.000,000,000 s)
2025-05-28 00:33:56,120 INFO  - Received event: 518000 (at simulation time IntraVehicleMsg)
2025-05-28 00:33:56,122 INFO  - Sent message to others cars = 'veh_90 | CartesianPoint{x=139.38,y=473.54,z=0.00}' (at simulation time 519.000,000,000 s)
2025-05-28 00:33:56,160 INFO  - Received event: 519000 (at simulation time IntraVehicleMsg)
2025-05-28 00:33:56,163 INFO  - Sent message to others cars = 'veh_90 | CartesianPoint{x=139.32,y=467.04,z=0.00}' (at simulation time 520.000,000,000 s)
2025-05-28 00:33:56,196 INFO  - Received event: 520000 (at simulation time IntraVehicleMsg)
2025-05-28 00:33:56,201 INFO  - Sent message to others cars = 'veh_90 | CartesianPoint{x=139.25,y=460.14,z=0.00}' (at simulation time 521.000,000,000 s)
2025-05-28 00:33:56,237 INFO  - Received event: 521000 (at simulation time IntraVehicleMsg)
2025-05-28 00:33:56,239 INFO  - Sent message to others cars = 'veh_90 | CartesianPoint{x=139.19,y=453.22,z=0.00}' (at simulation time 522.000,000,000 s)
2025-05-28 00:33:56,276 INFO  - Received event: 522000 (at simulation time IntraVehicleMsg)
2025-05-28 00:33:56,281 INFO  - Sent message to others cars = 'veh_90 | CartesianPoint{x=139.19,y=447.14,z=0.00}' (at simulation time 523.000,000,000 s)
2025-05-28 00:33:56,312 INFO  - Received event: 523000 (at simulation time IntraVehicleMsg)
2025-05-28 00:33:56,314 INFO  - Sent message to others cars = 'veh_90 | CartesianPoint{x=139.17,y=440.79,z=0.00}' (at simulation time 524.000,000,000 s)
2025-05-28 00:33:56,350 INFO  - Received event: 524000 (at simulation time IntraVehicleMsg)
2025-05-28 00:33:56,352 INFO  - Sent message to others cars = 'veh_90 | CartesianPoint{x=139.16,y=434.34,z=0.00}' (at simulation time 525.000,000,000 s)
2025-05-28 00:33:56,389 INFO  - Received event: 525000 (at simulation time IntraVehicleMsg)
2025-05-28 00:33:56,393 INFO  - Sent message to others cars = 'veh_90 | CartesianPoint{x=139.15,y=427.57,z=0.00}' (at simulation time 526.000,000,000 s)
2025-05-28 00:33:56,431 INFO  - Received event: 526000 (at simulation time IntraVehicleMsg)
2025-05-28 00:33:56,434 INFO  - Sent message to others cars = 'veh_90 | CartesianPoint{x=139.13,y=420.45,z=0.00}' (at simulation time 527.000,000,000 s)
2025-05-28 00:33:56,471 INFO  - Received event: 527000 (at simulation time IntraVehicleMsg)
2025-05-28 00:33:56,473 INFO  - Sent message to others cars = 'veh_90 | CartesianPoint{x=139.12,y=413.62,z=0.00}' (at simulation time 528.000,000,000 s)
2025-05-28 00:33:56,512 INFO  - Received event: 528000 (at simulation time IntraVehicleMsg)
2025-05-28 00:33:56,514 INFO  - Sent message to others cars = 'veh_90 | CartesianPoint{x=139.10,y=407.32,z=0.00}' (at simulation time 529.000,000,000 s)
2025-05-28 00:33:56,554 INFO  - Received event: 529000 (at simulation time IntraVehicleMsg)
2025-05-28 00:33:56,557 INFO  - Sent message to others cars = 'veh_90 | CartesianPoint{x=139.09,y=400.41,z=0.00}' (at simulation time 530.000,000,000 s)
2025-05-28 00:33:56,598 INFO  - Received event: 530000 (at simulation time IntraVehicleMsg)
2025-05-28 00:33:56,604 INFO  - Sent message to others cars = 'veh_90 | CartesianPoint{x=139.08,y=393.32,z=0.00}' (at simulation time 531.000,000,000 s)
2025-05-28 00:33:56,648 INFO  - Received event: 531000 (at simulation time IntraVehicleMsg)
2025-05-28 00:33:56,650 INFO  - Sent message to others cars = 'veh_90 | CartesianPoint{x=139.06,y=386.43,z=0.00}' (at simulation time 532.000,000,000 s)
2025-05-28 00:33:56,694 INFO  - Received event: 532000 (at simulation time IntraVehicleMsg)
2025-05-28 00:33:56,696 INFO  - Sent message to others cars = 'veh_90 | CartesianPoint{x=139.05,y=379.42,z=0.00}' (at simulation time 533.000,000,000 s)
2025-05-28 00:33:56,740 INFO  - Received event: 533000 (at simulation time IntraVehicleMsg)
2025-05-28 00:33:56,743 INFO  - Sent message to others cars = 'veh_90 | CartesianPoint{x=139.03,y=373.26,z=0.00}' (at simulation time 534.000,000,000 s)
2025-05-28 00:33:56,787 INFO  - Received event: 534000 (at simulation time IntraVehicleMsg)
2025-05-28 00:33:56,795 INFO  - Sent message to others cars = 'veh_90 | CartesianPoint{x=139.02,y=366.64,z=0.00}' (at simulation time 535.000,000,000 s)
2025-05-28 00:33:56,841 INFO  - Received event: 535000 (at simulation time IntraVehicleMsg)
2025-05-28 00:33:56,847 INFO  - Sent message to others cars = 'veh_90 | CartesianPoint{x=139.00,y=359.35,z=0.00}' (at simulation time 536.000,000,000 s)
2025-05-28 00:33:56,894 INFO  - Received event: 536000 (at simulation time IntraVehicleMsg)
2025-05-28 00:33:56,897 INFO  - Sent message to others cars = 'veh_90 | CartesianPoint{x=138.96,y=352.26,z=0.00}' (at simulation time 537.000,000,000 s)
2025-05-28 00:33:56,943 INFO  - Received event: 537000 (at simulation time IntraVehicleMsg)
2025-05-28 00:33:56,946 INFO  - Sent message to others cars = 'veh_90 | CartesianPoint{x=138.90,y=345.82,z=0.00}' (at simulation time 538.000,000,000 s)
2025-05-28 00:33:56,993 INFO  - Received event: 538000 (at simulation time IntraVehicleMsg)
2025-05-28 00:33:56,996 INFO  - Sent message to others cars = 'veh_90 | CartesianPoint{x=138.85,y=339.74,z=0.00}' (at simulation time 539.000,000,000 s)
2025-05-28 00:33:57,045 INFO  - Received event: 539000 (at simulation time IntraVehicleMsg)
2025-05-28 00:33:57,049 INFO  - Sent message to others cars = 'veh_90 | CartesianPoint{x=138.79,y=333.05,z=0.00}' (at simulation time 540.000,000,000 s)
2025-05-28 00:33:57,101 INFO  - Received event: 540000 (at simulation time IntraVehicleMsg)
2025-05-28 00:33:57,121 INFO  - Sent message to others cars = 'veh_90 | CartesianPoint{x=138.73,y=326.02,z=0.00}' (at simulation time 541.000,000,000 s)
2025-05-28 00:33:57,172 INFO  - Received event: 541000 (at simulation time IntraVehicleMsg)
2025-05-28 00:33:57,175 INFO  - Sent message to others cars = 'veh_90 | CartesianPoint{x=138.68,y=319.83,z=0.00}' (at simulation time 542.000,000,000 s)
2025-05-28 00:33:57,229 INFO  - Received event: 542000 (at simulation time IntraVehicleMsg)
2025-05-28 00:33:57,232 INFO  - Sent message to others cars = 'veh_90 | CartesianPoint{x=138.62,y=313.06,z=0.00}' (at simulation time 543.000,000,000 s)
2025-05-28 00:33:57,288 INFO  - Received event: 543000 (at simulation time IntraVehicleMsg)
2025-05-28 00:33:57,292 INFO  - Sent message to others cars = 'veh_90 | CartesianPoint{x=138.57,y=306.97,z=0.00}' (at simulation time 544.000,000,000 s)
2025-05-28 00:33:57,347 INFO  - Received event: 544000 (at simulation time IntraVehicleMsg)
2025-05-28 00:33:57,350 INFO  - Sent message to others cars = 'veh_90 | CartesianPoint{x=138.51,y=300.38,z=0.00}' (at simulation time 545.000,000,000 s)
2025-05-28 00:33:57,411 INFO  - Received event: 545000 (at simulation time IntraVehicleMsg)
2025-05-28 00:33:57,414 INFO  - Sent message to others cars = 'veh_90 | CartesianPoint{x=138.46,y=294.28,z=0.00}' (at simulation time 546.000,000,000 s)
2025-05-28 00:33:57,474 INFO  - Received event: 546000 (at simulation time IntraVehicleMsg)
2025-05-28 00:33:57,477 INFO  - Sent message to others cars = 'veh_90 | CartesianPoint{x=138.40,y=287.43,z=0.00}' (at simulation time 547.000,000,000 s)
2025-05-28 00:33:57,538 INFO  - Received event: 547000 (at simulation time IntraVehicleMsg)
2025-05-28 00:33:57,541 INFO  - Sent message to others cars = 'veh_90 | CartesianPoint{x=138.34,y=281.36,z=0.00}' (at simulation time 548.000,000,000 s)
2025-05-28 00:33:57,602 INFO  - Received event: 548000 (at simulation time IntraVehicleMsg)
2025-05-28 00:33:57,613 INFO  - Sent message to others cars = 'veh_90 | CartesianPoint{x=138.29,y=275.16,z=0.00}' (at simulation time 549.000,000,000 s)
2025-05-28 00:33:57,674 INFO  - Received event: 549000 (at simulation time IntraVehicleMsg)
2025-05-28 00:33:57,679 INFO  - Sent message to others cars = 'veh_90 | CartesianPoint{x=138.23,y=268.67,z=0.00}' (at simulation time 550.000,000,000 s)
2025-05-28 00:33:57,741 INFO  - Received event: 550000 (at simulation time IntraVehicleMsg)
2025-05-28 00:33:57,744 INFO  - Sent message to others cars = 'veh_90 | CartesianPoint{x=138.18,y=262.46,z=0.00}' (at simulation time 551.000,000,000 s)
2025-05-28 00:33:57,805 INFO  - Received event: 551000 (at simulation time IntraVehicleMsg)
2025-05-28 00:33:57,812 INFO  - Sent message to others cars = 'veh_90 | CartesianPoint{x=138.13,y=256.11,z=0.00}' (at simulation time 552.000,000,000 s)
2025-05-28 00:33:57,874 INFO  - Received event: 552000 (at simulation time IntraVehicleMsg)
2025-05-28 00:33:57,876 INFO  - Sent message to others cars = 'veh_90 | CartesianPoint{x=138.07,y=249.48,z=0.00}' (at simulation time 553.000,000,000 s)
2025-05-28 00:33:57,941 INFO  - Received event: 553000 (at simulation time IntraVehicleMsg)
2025-05-28 00:33:57,944 INFO  - Sent message to others cars = 'veh_90 | CartesianPoint{x=138.02,y=243.27,z=0.00}' (at simulation time 554.000,000,000 s)
2025-05-28 00:33:58,012 INFO  - Received event: 554000 (at simulation time IntraVehicleMsg)
2025-05-28 00:33:58,015 INFO  - Sent message to others cars = 'veh_90 | CartesianPoint{x=137.97,y=236.97,z=0.00}' (at simulation time 555.000,000,000 s)
2025-05-28 00:33:58,082 INFO  - Received event: 555000 (at simulation time IntraVehicleMsg)
2025-05-28 00:33:58,087 INFO  - Sent message to others cars = 'veh_90 | CartesianPoint{x=137.91,y=230.47,z=0.00}' (at simulation time 556.000,000,000 s)
2025-05-28 00:33:58,157 INFO  - Received event: 556000 (at simulation time IntraVehicleMsg)
2025-05-28 00:33:58,168 INFO  - Sent message to others cars = 'veh_90 | CartesianPoint{x=137.86,y=224.19,z=0.00}' (at simulation time 557.000,000,000 s)
2025-05-28 00:33:58,236 INFO  - Received event: 557000 (at simulation time IntraVehicleMsg)
2025-05-28 00:33:58,239 INFO  - Sent message to others cars = 'veh_90 | CartesianPoint{x=137.81,y=218.12,z=0.00}' (at simulation time 558.000,000,000 s)
2025-05-28 00:33:58,308 INFO  - Received event: 558000 (at simulation time IntraVehicleMsg)
2025-05-28 00:33:58,311 INFO  - Sent message to others cars = 'veh_90 | CartesianPoint{x=137.76,y=211.48,z=0.00}' (at simulation time 559.000,000,000 s)
2025-05-28 00:33:58,383 INFO  - Received event: 559000 (at simulation time IntraVehicleMsg)
2025-05-28 00:33:58,387 INFO  - Sent message to others cars = 'veh_90 | CartesianPoint{x=137.70,y=204.48,z=0.00}' (at simulation time 560.000,000,000 s)
2025-05-28 00:33:58,458 INFO  - Received event: 560000 (at simulation time IntraVehicleMsg)
2025-05-28 00:33:58,461 INFO  - Sent message to others cars = 'veh_90 | CartesianPoint{x=137.65,y=198.29,z=0.00}' (at simulation time 561.000,000,000 s)
2025-05-28 00:33:58,532 INFO  - Received event: 561000 (at simulation time IntraVehicleMsg)
2025-05-28 00:33:58,538 INFO  - Sent message to others cars = 'veh_90 | CartesianPoint{x=137.59,y=191.45,z=0.00}' (at simulation time 562.000,000,000 s)
2025-05-28 00:33:58,614 INFO  - Received event: 562000 (at simulation time IntraVehicleMsg)
2025-05-28 00:33:58,617 INFO  - Sent message to others cars = 'veh_90 | CartesianPoint{x=137.53,y=184.17,z=0.00}' (at simulation time 563.000,000,000 s)
2025-05-28 00:33:58,692 INFO  - Received event: 563000 (at simulation time IntraVehicleMsg)
2025-05-28 00:33:58,695 INFO  - Sent message to others cars = 'veh_90 | CartesianPoint{x=137.47,y=177.06,z=0.00}' (at simulation time 564.000,000,000 s)
2025-05-28 00:33:58,773 INFO  - Received event: 564000 (at simulation time IntraVehicleMsg)
2025-05-28 00:33:58,777 INFO  - Sent message to others cars = 'veh_90 | CartesianPoint{x=137.42,y=170.98,z=0.00}' (at simulation time 565.000,000,000 s)
2025-05-28 00:33:58,858 INFO  - Received event: 565000 (at simulation time IntraVehicleMsg)
2025-05-28 00:33:58,861 INFO  - Sent message to others cars = 'veh_90 | CartesianPoint{x=137.37,y=163.95,z=0.00}' (at simulation time 566.000,000,000 s)
2025-05-28 00:33:58,941 INFO  - Received event: 566000 (at simulation time IntraVehicleMsg)
2025-05-28 00:33:58,944 INFO  - Sent message to others cars = 'veh_90 | CartesianPoint{x=137.31,y=156.95,z=0.00}' (at simulation time 567.000,000,000 s)
2025-05-28 00:33:59,018 INFO  - Received event: 567000 (at simulation time IntraVehicleMsg)
2025-05-28 00:33:59,021 INFO  - Sent message to others cars = 'veh_90 | CartesianPoint{x=137.26,y=150.84,z=0.00}' (at simulation time 568.000,000,000 s)
2025-05-28 00:33:59,087 INFO  - Received event: 568000 (at simulation time IntraVehicleMsg)
2025-05-28 00:33:59,090 INFO  - Sent message to others cars = 'veh_90 | CartesianPoint{x=137.21,y=144.73,z=0.00}' (at simulation time 569.000,000,000 s)
2025-05-28 00:33:59,158 INFO  - Received event: 569000 (at simulation time IntraVehicleMsg)
2025-05-28 00:33:59,162 INFO  - Sent message to others cars = 'veh_90 | CartesianPoint{x=137.17,y=138.10,z=0.00}' (at simulation time 570.000,000,000 s)
2025-05-28 00:33:59,236 INFO  - Received event: 570000 (at simulation time IntraVehicleMsg)
2025-05-28 00:33:59,248 INFO  - Sent message to others cars = 'veh_90 | CartesianPoint{x=137.20,y=131.36,z=0.00}' (at simulation time 571.000,000,000 s)
2025-05-28 00:33:59,312 INFO  - Received event: 571000 (at simulation time IntraVehicleMsg)
2025-05-28 00:33:59,322 INFO  - Sent message to others cars = 'veh_90 | CartesianPoint{x=137.24,y=125.25,z=0.00}' (at simulation time 572.000,000,000 s)
2025-05-28 00:33:59,388 INFO  - Received event: 572000 (at simulation time IntraVehicleMsg)
2025-05-28 00:33:59,391 INFO  - Sent message to others cars = 'veh_90 | CartesianPoint{x=137.28,y=118.04,z=0.00}' (at simulation time 573.000,000,000 s)
2025-05-28 00:33:59,457 INFO  - Received event: 573000 (at simulation time IntraVehicleMsg)
2025-05-28 00:33:59,460 INFO  - Sent message to others cars = 'veh_90 | CartesianPoint{x=137.31,y=111.62,z=0.00}' (at simulation time 574.000,000,000 s)
2025-05-28 00:33:59,520 INFO  - Received event: 574000 (at simulation time IntraVehicleMsg)
2025-05-28 00:33:59,533 INFO  - Sent message to others cars = 'veh_90 | CartesianPoint{x=137.35,y=104.97,z=0.00}' (at simulation time 575.000,000,000 s)
2025-05-28 00:33:59,597 INFO  - Received event: 575000 (at simulation time IntraVehicleMsg)
2025-05-28 00:33:59,607 INFO  - Sent message to others cars = 'veh_90 | CartesianPoint{x=137.39,y=97.78,z=0.00}' (at simulation time 576.000,000,000 s)
2025-05-28 00:33:59,667 INFO  - Received event: 576000 (at simulation time IntraVehicleMsg)
2025-05-28 00:33:59,672 INFO  - Sent message to others cars = 'veh_90 | CartesianPoint{x=137.43,y=90.74,z=0.00}' (at simulation time 577.000,000,000 s)
2025-05-28 00:33:59,729 INFO  - Received event: 577000 (at simulation time IntraVehicleMsg)
2025-05-28 00:33:59,732 INFO  - Sent message to others cars = 'veh_90 | CartesianPoint{x=137.46,y=84.58,z=0.00}' (at simulation time 578.000,000,000 s)
2025-05-28 00:33:59,792 INFO  - Received event: 578000 (at simulation time IntraVehicleMsg)
2025-05-28 00:33:59,795 INFO  - Sent message to others cars = 'veh_90 | CartesianPoint{x=137.50,y=78.51,z=0.00}' (at simulation time 579.000,000,000 s)
2025-05-28 00:33:59,856 INFO  - Received event: 579000 (at simulation time IntraVehicleMsg)
2025-05-28 00:33:59,860 INFO  - Sent message to others cars = 'veh_90 | CartesianPoint{x=139.90,y=71.89,z=0.00}' (at simulation time 580.000,000,000 s)
2025-05-28 00:33:59,918 INFO  - Received event: 580000 (at simulation time IntraVehicleMsg)
2025-05-28 00:33:59,921 INFO  - Sent message to others cars = 'veh_90 | CartesianPoint{x=143.80,y=65.88,z=0.00}' (at simulation time 581.000,000,000 s)
2025-05-28 00:33:59,976 INFO  - Received event: 581000 (at simulation time IntraVehicleMsg)
2025-05-28 00:33:59,984 INFO  - Sent message to others cars = 'veh_90 | CartesianPoint{x=148.81,y=61.18,z=0.00}' (at simulation time 582.000,000,000 s)
2025-05-28 00:34:00,034 INFO  - Received event: 582000 (at simulation time IntraVehicleMsg)
2025-05-28 00:34:00,037 INFO  - Sent message to others cars = 'veh_90 | CartesianPoint{x=153.37,y=56.91,z=0.00}' (at simulation time 583.000,000,000 s)
2025-05-28 00:34:00,089 INFO  - Received event: 583000 (at simulation time IntraVehicleMsg)
2025-05-28 00:34:00,092 INFO  - Sent message to others cars = 'veh_90 | CartesianPoint{x=157.98,y=51.84,z=0.00}' (at simulation time 584.000,000,000 s)
2025-05-28 00:34:00,143 INFO  - Received event: 584000 (at simulation time IntraVehicleMsg)
2025-05-28 00:34:00,153 INFO  - Sent message to others cars = 'veh_90 | CartesianPoint{x=162.34,y=47.04,z=0.00}' (at simulation time 585.000,000,000 s)
2025-05-28 00:34:00,196 INFO  - Received event: 585000 (at simulation time IntraVehicleMsg)
2025-05-28 00:34:00,199 INFO  - Sent message to others cars = 'veh_90 | CartesianPoint{x=167.25,y=41.64,z=0.00}' (at simulation time 586.000,000,000 s)
2025-05-28 00:34:00,242 INFO  - Received event: 586000 (at simulation time IntraVehicleMsg)
2025-05-28 00:34:00,245 INFO  - Sent message to others cars = 'veh_90 | CartesianPoint{x=171.44,y=37.04,z=0.00}' (at simulation time 587.000,000,000 s)
2025-05-28 00:34:00,290 INFO  - Received event: 587000 (at simulation time IntraVehicleMsg)
2025-05-28 00:34:00,294 INFO  - Sent message to others cars = 'veh_90 | CartesianPoint{x=175.92,y=32.12,z=0.00}' (at simulation time 588.000,000,000 s)
2025-05-28 00:34:00,340 INFO  - Received event: 588000 (at simulation time IntraVehicleMsg)
2025-05-28 00:34:00,345 INFO  - Sent message to others cars = 'veh_90 | CartesianPoint{x=180.21,y=27.39,z=0.00}' (at simulation time 589.000,000,000 s)
2025-05-28 00:34:00,392 INFO  - Received event: 589000 (at simulation time IntraVehicleMsg)
2025-05-28 00:34:00,395 INFO  - Sent message to others cars = 'veh_90 | CartesianPoint{x=184.91,y=22.22,z=0.00}' (at simulation time 590.000,000,000 s)
2025-05-28 00:34:00,442 INFO  - Received event: 590000 (at simulation time IntraVehicleMsg)
2025-05-28 00:34:00,445 INFO  - Sent message to others cars = 'veh_90 | CartesianPoint{x=189.65,y=17.02,z=0.00}' (at simulation time 591.000,000,000 s)
2025-05-28 00:34:00,495 INFO  - Received event: 591000 (at simulation time IntraVehicleMsg)
2025-05-28 00:34:00,498 INFO  - Sent message to others cars = 'veh_90 | CartesianPoint{x=193.71,y=12.55,z=0.00}' (at simulation time 592.000,000,000 s)
2025-05-28 00:34:00,550 INFO  - Received event: 592000 (at simulation time IntraVehicleMsg)
2025-05-28 00:34:00,557 INFO  - Sent message to others cars = 'veh_90 | CartesianPoint{x=195.66,y=5.59,z=0.00}' (at simulation time 593.000,000,000 s)
2025-05-28 00:34:00,609 INFO  - Received event: 593000 (at simulation time IntraVehicleMsg)
2025-05-28 00:34:00,613 INFO  - ------------------------------------------------------------------------------------- (at simulation time 594.000,000,000 s)
2025-05-28 00:34:00,613 INFO  - Shutdown application (at simulation time 594.000,000,000 s)
2025-05-28 00:34:00,613 INFO  - ------------------------------------------------------------------------------------- (at simulation time 594.000,000,000 s)
