2025-05-28 00:49:12,856 INFO  - ------------------------------------------------------------------------------------- (at simulation time 603.000,000,000 s)
2025-05-28 00:49:12,857 INFO  - Initialize veh_116 application (at simulation time 603.000,000,000 s)
2025-05-28 00:49:12,857 INFO  - Activated AdHoc Module (at simulation time 603.000,000,000 s)
2025-05-28 00:49:12,857 INFO  - ------------------------------------------------------------------------------------- (at simulation time 603.000,000,000 s)
2025-05-28 00:49:12,858 INFO  - Sent message to others cars = 'veh_116 | CartesianPoint{x=143.94,y=749.34,z=0.00}' (at simulation time 603.000,000,000 s)
2025-05-28 00:49:12,947 INFO  - Received event: 603000 (at simulation time IntraVehicleMsg)
2025-05-28 00:49:12,952 INFO  - Sent message to others cars = 'veh_116 | CartesianPoint{x=143.92,y=742.37,z=0.00}' (at simulation time 604.000,000,000 s)
2025-05-28 00:49:13,039 INFO  - Received event: 604000 (at simulation time IntraVehicleMsg)
2025-05-28 00:49:13,043 INFO  - Sent message to others cars = 'veh_116 | CartesianPoint{x=143.90,y=736.33,z=0.00}' (at simulation time 605.000,000,000 s)
2025-05-28 00:49:13,140 INFO  - Received event: 605000 (at simulation time IntraVehicleMsg)
2025-05-28 00:49:13,144 INFO  - Sent message to others cars = 'veh_116 | CartesianPoint{x=143.88,y=729.59,z=0.00}' (at simulation time 606.000,000,000 s)
2025-05-28 00:49:13,233 INFO  - Received event: 606000 (at simulation time IntraVehicleMsg)
2025-05-28 00:49:13,236 INFO  - Sent message to others cars = 'veh_116 | CartesianPoint{x=143.86,y=722.86,z=0.00}' (at simulation time 607.000,000,000 s)
2025-05-28 00:49:13,329 INFO  - Received event: 607000 (at simulation time IntraVehicleMsg)
2025-05-28 00:49:13,342 INFO  - Sent message to others cars = 'veh_116 | CartesianPoint{x=143.84,y=716.57,z=0.00}' (at simulation time 608.000,000,000 s)
2025-05-28 00:49:13,420 INFO  - Received event: 608000 (at simulation time IntraVehicleMsg)
2025-05-28 00:49:13,428 INFO  - Sent message to others cars = 'veh_116 | CartesianPoint{x=140.61,y=710.13,z=0.00}' (at simulation time 609.000,000,000 s)
2025-05-28 00:49:13,504 INFO  - Received event: 609000 (at simulation time IntraVehicleMsg)
2025-05-28 00:49:13,508 INFO  - Sent message to others cars = 'veh_116 | CartesianPoint{x=140.59,y=703.87,z=0.00}' (at simulation time 610.000,000,000 s)
2025-05-28 00:49:13,586 INFO  - Received event: 610000 (at simulation time IntraVehicleMsg)
2025-05-28 00:49:13,589 INFO  - Sent message to others cars = 'veh_116 | CartesianPoint{x=140.57,y=697.83,z=0.00}' (at simulation time 611.000,000,000 s)
2025-05-28 00:49:13,662 INFO  - Received event: 611000 (at simulation time IntraVehicleMsg)
2025-05-28 00:49:13,665 INFO  - Sent message to others cars = 'veh_116 | CartesianPoint{x=140.55,y=691.67,z=0.00}' (at simulation time 612.000,000,000 s)
2025-05-28 00:49:13,739 INFO  - Received event: 612000 (at simulation time IntraVehicleMsg)
2025-05-28 00:49:13,747 INFO  - Sent message to others cars = 'veh_116 | CartesianPoint{x=140.53,y=685.60,z=0.00}' (at simulation time 613.000,000,000 s)
2025-05-28 00:49:13,825 INFO  - Received event: 613000 (at simulation time IntraVehicleMsg)
2025-05-28 00:49:13,828 INFO  - Sent message to others cars = 'veh_116 | CartesianPoint{x=140.51,y=678.62,z=0.00}' (at simulation time 614.000,000,000 s)
2025-05-28 00:49:13,907 INFO  - Received event: 614000 (at simulation time IntraVehicleMsg)
2025-05-28 00:49:13,911 INFO  - Sent message to others cars = 'veh_116 | CartesianPoint{x=140.49,y=672.39,z=0.00}' (at simulation time 615.000,000,000 s)
2025-05-28 00:49:13,982 INFO  - Received event: 615000 (at simulation time IntraVehicleMsg)
2025-05-28 00:49:13,985 INFO  - Sent message to others cars = 'veh_116 | CartesianPoint{x=140.47,y=665.44,z=0.00}' (at simulation time 616.000,000,000 s)
2025-05-28 00:49:14,057 INFO  - Received event: 616000 (at simulation time IntraVehicleMsg)
2025-05-28 00:49:14,061 INFO  - Sent message to others cars = 'veh_116 | CartesianPoint{x=140.45,y=658.99,z=0.00}' (at simulation time 617.000,000,000 s)
2025-05-28 00:49:14,135 INFO  - Received event: 617000 (at simulation time IntraVehicleMsg)
2025-05-28 00:49:14,138 INFO  - Sent message to others cars = 'veh_116 | CartesianPoint{x=140.44,y=653.09,z=0.00}' (at simulation time 618.000,000,000 s)
2025-05-28 00:49:14,207 INFO  - Received event: 618000 (at simulation time IntraVehicleMsg)
2025-05-28 00:49:14,218 INFO  - Sent message to others cars = 'veh_116 | CartesianPoint{x=140.42,y=646.01,z=0.00}' (at simulation time 619.000,000,000 s)
2025-05-28 00:49:14,283 INFO  - Received event: 619000 (at simulation time IntraVehicleMsg)
2025-05-28 00:49:14,291 INFO  - Sent message to others cars = 'veh_116 | CartesianPoint{x=140.41,y=640.04,z=0.00}' (at simulation time 620.000,000,000 s)
2025-05-28 00:49:14,356 INFO  - Received event: 620000 (at simulation time IntraVehicleMsg)
2025-05-28 00:49:14,362 INFO  - Sent message to others cars = 'veh_116 | CartesianPoint{x=140.39,y=633.20,z=0.00}' (at simulation time 621.000,000,000 s)
2025-05-28 00:49:14,420 INFO  - Received event: 621000 (at simulation time IntraVehicleMsg)
2025-05-28 00:49:14,423 INFO  - Sent message to others cars = 'veh_116 | CartesianPoint{x=140.38,y=626.16,z=0.00}' (at simulation time 622.000,000,000 s)
2025-05-28 00:49:14,482 INFO  - Received event: 622000 (at simulation time IntraVehicleMsg)
2025-05-28 00:49:14,485 INFO  - Sent message to others cars = 'veh_116 | CartesianPoint{x=140.36,y=619.50,z=0.00}' (at simulation time 623.000,000,000 s)
2025-05-28 00:49:14,545 INFO  - Received event: 623000 (at simulation time IntraVehicleMsg)
2025-05-28 00:49:14,552 INFO  - Sent message to others cars = 'veh_116 | CartesianPoint{x=140.35,y=612.69,z=0.00}' (at simulation time 624.000,000,000 s)
2025-05-28 00:49:14,612 INFO  - Received event: 624000 (at simulation time IntraVehicleMsg)
2025-05-28 00:49:14,615 INFO  - Sent message to others cars = 'veh_116 | CartesianPoint{x=140.33,y=606.11,z=0.00}' (at simulation time 625.000,000,000 s)
2025-05-28 00:49:14,678 INFO  - Received event: 625000 (at simulation time IntraVehicleMsg)
2025-05-28 00:49:14,681 INFO  - Sent message to others cars = 'veh_116 | CartesianPoint{x=140.30,y=600.21,z=0.00}' (at simulation time 626.000,000,000 s)
2025-05-28 00:49:14,743 INFO  - Received event: 626000 (at simulation time IntraVehicleMsg)
2025-05-28 00:49:14,749 INFO  - Sent message to others cars = 'veh_116 | CartesianPoint{x=140.26,y=593.21,z=0.00}' (at simulation time 627.000,000,000 s)
2025-05-28 00:49:14,818 INFO  - Received event: 627000 (at simulation time IntraVehicleMsg)
2025-05-28 00:49:14,825 INFO  - Sent message to others cars = 'veh_116 | CartesianPoint{x=140.23,y=586.47,z=0.00}' (at simulation time 628.000,000,000 s)
2025-05-28 00:49:14,891 INFO  - Received event: 628000 (at simulation time IntraVehicleMsg)
2025-05-28 00:49:14,894 INFO  - Sent message to others cars = 'veh_116 | CartesianPoint{x=140.19,y=580.04,z=0.00}' (at simulation time 629.000,000,000 s)
2025-05-28 00:49:14,960 INFO  - Received event: 629000 (at simulation time IntraVehicleMsg)
2025-05-28 00:49:14,963 INFO  - Sent message to others cars = 'veh_116 | CartesianPoint{x=140.16,y=573.74,z=0.00}' (at simulation time 630.000,000,000 s)
2025-05-28 00:49:15,029 INFO  - Received event: 630000 (at simulation time IntraVehicleMsg)
2025-05-28 00:49:15,032 INFO  - Sent message to others cars = 'veh_116 | CartesianPoint{x=140.13,y=567.12,z=0.00}' (at simulation time 631.000,000,000 s)
2025-05-28 00:49:15,102 INFO  - Received event: 631000 (at simulation time IntraVehicleMsg)
2025-05-28 00:49:15,104 INFO  - Sent message to others cars = 'veh_116 | CartesianPoint{x=140.09,y=560.46,z=0.00}' (at simulation time 632.000,000,000 s)
2025-05-28 00:49:15,174 INFO  - Received event: 632000 (at simulation time IntraVehicleMsg)
2025-05-28 00:49:15,178 INFO  - Sent message to others cars = 'veh_116 | CartesianPoint{x=140.06,y=554.29,z=0.00}' (at simulation time 633.000,000,000 s)
2025-05-28 00:49:15,248 INFO  - Received event: 633000 (at simulation time IntraVehicleMsg)
2025-05-28 00:49:15,258 INFO  - Sent message to others cars = 'veh_116 | CartesianPoint{x=140.03,y=547.71,z=0.00}' (at simulation time 634.000,000,000 s)
2025-05-28 00:49:15,329 INFO  - Received event: 634000 (at simulation time IntraVehicleMsg)
2025-05-28 00:49:15,332 INFO  - Sent message to others cars = 'veh_116 | CartesianPoint{x=140.01,y=544.50,z=0.00}' (at simulation time 635.000,000,000 s)
2025-05-28 00:49:15,406 INFO  - Received event: 635000 (at simulation time IntraVehicleMsg)
2025-05-28 00:49:15,408 INFO  - Sent message to others cars = 'veh_116 | CartesianPoint{x=140.01,y=543.91,z=0.00}' (at simulation time 636.000,000,000 s)
2025-05-28 00:49:15,485 INFO  - Received event: 636000 (at simulation time IntraVehicleMsg)
2025-05-28 00:49:15,488 INFO  - Sent message to others cars = 'veh_116 | CartesianPoint{x=140.00,y=543.79,z=0.00}' (at simulation time 637.000,000,000 s)
2025-05-28 00:49:15,564 INFO  - Received event: 637000 (at simulation time IntraVehicleMsg)
2025-05-28 00:49:15,567 INFO  - Sent message to others cars = 'veh_116 | CartesianPoint{x=140.00,y=543.73,z=0.00}' (at simulation time 638.000,000,000 s)
2025-05-28 00:49:15,645 INFO  - Received event: 638000 (at simulation time IntraVehicleMsg)
2025-05-28 00:49:15,656 INFO  - Sent message to others cars = 'veh_116 | CartesianPoint{x=140.00,y=543.71,z=0.00}' (at simulation time 639.000,000,000 s)
2025-05-28 00:49:15,731 INFO  - Received event: 639000 (at simulation time IntraVehicleMsg)
2025-05-28 00:49:15,734 INFO  - Sent message to others cars = 'veh_116 | CartesianPoint{x=140.00,y=543.70,z=0.00}' (at simulation time 640.000,000,000 s)
2025-05-28 00:49:15,810 INFO  - Received event: 640000 (at simulation time IntraVehicleMsg)
2025-05-28 00:49:15,813 INFO  - Sent message to others cars = 'veh_116 | CartesianPoint{x=140.00,y=543.69,z=0.00}' (at simulation time 641.000,000,000 s)
2025-05-28 00:49:15,893 INFO  - Received event: 641000 (at simulation time IntraVehicleMsg)
2025-05-28 00:49:15,895 INFO  - Sent message to others cars = 'veh_116 | CartesianPoint{x=140.00,y=543.69,z=0.00}' (at simulation time 642.000,000,000 s)
2025-05-28 00:49:15,976 INFO  - Received event: 642000 (at simulation time IntraVehicleMsg)
2025-05-28 00:49:15,979 INFO  - Sent message to others cars = 'veh_116 | CartesianPoint{x=140.00,y=543.69,z=0.00}' (at simulation time 643.000,000,000 s)
2025-05-28 00:49:16,063 INFO  - Received event: 643000 (at simulation time IntraVehicleMsg)
2025-05-28 00:49:16,070 INFO  - Sent message to others cars = 'veh_116 | CartesianPoint{x=140.00,y=543.69,z=0.00}' (at simulation time 644.000,000,000 s)
2025-05-28 00:49:16,153 INFO  - Received event: 644000 (at simulation time IntraVehicleMsg)
2025-05-28 00:49:16,157 INFO  - Sent message to others cars = 'veh_116 | CartesianPoint{x=140.00,y=543.69,z=0.00}' (at simulation time 645.000,000,000 s)
2025-05-28 00:49:16,243 INFO  - Received event: 645000 (at simulation time IntraVehicleMsg)
2025-05-28 00:49:16,246 INFO  - Sent message to others cars = 'veh_116 | CartesianPoint{x=140.00,y=543.69,z=0.00}' (at simulation time 646.000,000,000 s)
2025-05-28 00:49:16,334 INFO  - Received event: 646000 (at simulation time IntraVehicleMsg)
2025-05-28 00:49:16,338 INFO  - Sent message to others cars = 'veh_116 | CartesianPoint{x=140.00,y=543.69,z=0.00}' (at simulation time 647.000,000,000 s)
2025-05-28 00:49:16,425 INFO  - Received event: 647000 (at simulation time IntraVehicleMsg)
2025-05-28 00:49:16,428 INFO  - Sent message to others cars = 'veh_116 | CartesianPoint{x=140.00,y=543.69,z=0.00}' (at simulation time 648.000,000,000 s)
2025-05-28 00:49:16,520 INFO  - Received event: 648000 (at simulation time IntraVehicleMsg)
2025-05-28 00:49:16,526 INFO  - Sent message to others cars = 'veh_116 | CartesianPoint{x=140.00,y=543.69,z=0.00}' (at simulation time 649.000,000,000 s)
2025-05-28 00:49:16,613 INFO  - Received event: 649000 (at simulation time IntraVehicleMsg)
2025-05-28 00:49:16,617 INFO  - Sent message to others cars = 'veh_116 | CartesianPoint{x=140.00,y=542.38,z=0.00}' (at simulation time 650.000,000,000 s)
2025-05-28 00:49:16,704 INFO  - Received event: 650000 (at simulation time IntraVehicleMsg)
2025-05-28 00:49:16,711 INFO  - Sent message to others cars = 'veh_116 | CartesianPoint{x=139.98,y=539.20,z=0.00}' (at simulation time 651.000,000,000 s)
2025-05-28 00:49:16,796 INFO  - Received event: 651000 (at simulation time IntraVehicleMsg)
2025-05-28 00:49:16,800 INFO  - Sent message to others cars = 'veh_116 | CartesianPoint{x=139.94,y=533.69,z=0.00}' (at simulation time 652.000,000,000 s)
2025-05-28 00:49:16,884 INFO  - Received event: 652000 (at simulation time IntraVehicleMsg)
2025-05-28 00:49:16,889 INFO  - Sent message to others cars = 'veh_116 | CartesianPoint{x=139.89,y=527.60,z=0.00}' (at simulation time 653.000,000,000 s)
2025-05-28 00:49:16,977 INFO  - Received event: 653000 (at simulation time IntraVehicleMsg)
2025-05-28 00:49:16,984 INFO  - Sent message to others cars = 'veh_116 | CartesianPoint{x=139.83,y=521.12,z=0.00}' (at simulation time 654.000,000,000 s)
2025-05-28 00:49:17,069 INFO  - Received event: 654000 (at simulation time IntraVehicleMsg)
2025-05-28 00:49:17,072 INFO  - Sent message to others cars = 'veh_116 | CartesianPoint{x=139.77,y=514.22,z=0.00}' (at simulation time 655.000,000,000 s)
2025-05-28 00:49:17,159 INFO  - Received event: 655000 (at simulation time IntraVehicleMsg)
2025-05-28 00:49:17,162 INFO  - Sent message to others cars = 'veh_116 | CartesianPoint{x=139.70,y=507.27,z=0.00}' (at simulation time 656.000,000,000 s)
2025-05-28 00:49:17,236 INFO  - Received event: 656000 (at simulation time IntraVehicleMsg)
2025-05-28 00:49:17,242 INFO  - Sent message to others cars = 'veh_116 | CartesianPoint{x=139.64,y=501.03,z=0.00}' (at simulation time 657.000,000,000 s)
2025-05-28 00:49:17,320 INFO  - Received event: 657000 (at simulation time IntraVehicleMsg)
2025-05-28 00:49:17,323 INFO  - Sent message to others cars = 'veh_116 | CartesianPoint{x=139.57,y=493.87,z=0.00}' (at simulation time 658.000,000,000 s)
2025-05-28 00:49:17,399 INFO  - Received event: 658000 (at simulation time IntraVehicleMsg)
2025-05-28 00:49:17,403 INFO  - Sent message to others cars = 'veh_116 | CartesianPoint{x=139.52,y=487.83,z=0.00}' (at simulation time 659.000,000,000 s)
2025-05-28 00:49:17,481 INFO  - Received event: 659000 (at simulation time IntraVehicleMsg)
2025-05-28 00:49:17,484 INFO  - Sent message to others cars = 'veh_116 | CartesianPoint{x=139.45,y=480.80,z=0.00}' (at simulation time 660.000,000,000 s)
2025-05-28 00:49:17,561 INFO  - Received event: 660000 (at simulation time IntraVehicleMsg)
2025-05-28 00:49:17,566 INFO  - Sent message to others cars = 'veh_116 | CartesianPoint{x=139.39,y=474.75,z=0.00}' (at simulation time 661.000,000,000 s)
2025-05-28 00:49:17,636 INFO  - Received event: 661000 (at simulation time IntraVehicleMsg)
2025-05-28 00:49:17,638 INFO  - Sent message to others cars = 'veh_116 | CartesianPoint{x=139.33,y=468.67,z=0.00}' (at simulation time 662.000,000,000 s)
2025-05-28 00:49:17,711 INFO  - Received event: 662000 (at simulation time IntraVehicleMsg)
2025-05-28 00:49:17,714 INFO  - Sent message to others cars = 'veh_116 | CartesianPoint{x=139.27,y=462.35,z=0.00}' (at simulation time 663.000,000,000 s)
2025-05-28 00:49:17,778 INFO  - Received event: 663000 (at simulation time IntraVehicleMsg)
2025-05-28 00:49:17,781 INFO  - Sent message to others cars = 'veh_116 | CartesianPoint{x=139.21,y=456.18,z=0.00}' (at simulation time 664.000,000,000 s)
2025-05-28 00:49:17,847 INFO  - Received event: 664000 (at simulation time IntraVehicleMsg)
2025-05-28 00:49:17,854 INFO  - Sent message to others cars = 'veh_116 | CartesianPoint{x=139.19,y=449.39,z=0.00}' (at simulation time 665.000,000,000 s)
2025-05-28 00:49:17,922 INFO  - Received event: 665000 (at simulation time IntraVehicleMsg)
2025-05-28 00:49:17,924 INFO  - Sent message to others cars = 'veh_116 | CartesianPoint{x=139.18,y=442.24,z=0.00}' (at simulation time 666.000,000,000 s)
2025-05-28 00:49:17,993 INFO  - Received event: 666000 (at simulation time IntraVehicleMsg)
2025-05-28 00:49:17,999 INFO  - Sent message to others cars = 'veh_116 | CartesianPoint{x=139.16,y=436.33,z=0.00}' (at simulation time 667.000,000,000 s)
2025-05-28 00:49:18,068 INFO  - Received event: 667000 (at simulation time IntraVehicleMsg)
2025-05-28 00:49:18,070 INFO  - Sent message to others cars = 'veh_116 | CartesianPoint{x=139.15,y=430.01,z=0.00}' (at simulation time 668.000,000,000 s)
2025-05-28 00:49:18,142 INFO  - Received event: 668000 (at simulation time IntraVehicleMsg)
2025-05-28 00:49:18,145 INFO  - Sent message to others cars = 'veh_116 | CartesianPoint{x=139.14,y=423.86,z=0.00}' (at simulation time 669.000,000,000 s)
2025-05-28 00:49:18,216 INFO  - Received event: 669000 (at simulation time IntraVehicleMsg)
2025-05-28 00:49:18,219 INFO  - Sent message to others cars = 'veh_116 | CartesianPoint{x=139.13,y=417.49,z=0.00}' (at simulation time 670.000,000,000 s)
2025-05-28 00:49:18,289 INFO  - Received event: 670000 (at simulation time IntraVehicleMsg)
2025-05-28 00:49:18,292 INFO  - Sent message to others cars = 'veh_116 | CartesianPoint{x=139.11,y=410.98,z=0.00}' (at simulation time 671.000,000,000 s)
2025-05-28 00:49:18,370 INFO  - Received event: 671000 (at simulation time IntraVehicleMsg)
2025-05-28 00:49:18,380 INFO  - Sent message to others cars = 'veh_116 | CartesianPoint{x=139.10,y=404.21,z=0.00}' (at simulation time 672.000,000,000 s)
2025-05-28 00:49:18,456 INFO  - Received event: 672000 (at simulation time IntraVehicleMsg)
2025-05-28 00:49:18,459 INFO  - Sent message to others cars = 'veh_116 | CartesianPoint{x=139.08,y=397.38,z=0.00}' (at simulation time 673.000,000,000 s)
2025-05-28 00:49:18,522 INFO  - Received event: 673000 (at simulation time IntraVehicleMsg)
2025-05-28 00:49:18,524 INFO  - Sent message to others cars = 'veh_116 | CartesianPoint{x=139.07,y=390.92,z=0.00}' (at simulation time 674.000,000,000 s)
2025-05-28 00:49:18,590 INFO  - Received event: 674000 (at simulation time IntraVehicleMsg)
2025-05-28 00:49:18,598 INFO  - Sent message to others cars = 'veh_116 | CartesianPoint{x=139.06,y=383.95,z=0.00}' (at simulation time 675.000,000,000 s)
2025-05-28 00:49:18,664 INFO  - Received event: 675000 (at simulation time IntraVehicleMsg)
2025-05-28 00:49:18,667 INFO  - Sent message to others cars = 'veh_116 | CartesianPoint{x=139.04,y=377.56,z=0.00}' (at simulation time 676.000,000,000 s)
2025-05-28 00:49:18,732 INFO  - Received event: 676000 (at simulation time IntraVehicleMsg)
2025-05-28 00:49:18,735 INFO  - Sent message to others cars = 'veh_116 | CartesianPoint{x=139.03,y=370.67,z=0.00}' (at simulation time 677.000,000,000 s)
2025-05-28 00:49:18,797 INFO  - Received event: 677000 (at simulation time IntraVehicleMsg)
2025-05-28 00:49:18,799 INFO  - Sent message to others cars = 'veh_116 | CartesianPoint{x=139.02,y=364.61,z=0.00}' (at simulation time 678.000,000,000 s)
2025-05-28 00:49:18,858 INFO  - Received event: 678000 (at simulation time IntraVehicleMsg)
2025-05-28 00:49:18,860 INFO  - Sent message to others cars = 'veh_116 | CartesianPoint{x=139.00,y=357.61,z=0.00}' (at simulation time 679.000,000,000 s)
2025-05-28 00:49:18,919 INFO  - Received event: 679000 (at simulation time IntraVehicleMsg)
2025-05-28 00:49:18,921 INFO  - Sent message to others cars = 'veh_116 | CartesianPoint{x=138.94,y=350.44,z=0.00}' (at simulation time 680.000,000,000 s)
2025-05-28 00:49:19,008 INFO  - Received event: 680000 (at simulation time IntraVehicleMsg)
2025-05-28 00:49:19,015 INFO  - Sent message to others cars = 'veh_116 | CartesianPoint{x=138.89,y=344.42,z=0.00}' (at simulation time 681.000,000,000 s)
2025-05-28 00:49:19,068 INFO  - Received event: 681000 (at simulation time IntraVehicleMsg)
2025-05-28 00:49:19,073 INFO  - Sent message to others cars = 'veh_116 | CartesianPoint{x=138.83,y=337.59,z=0.00}' (at simulation time 682.000,000,000 s)
2025-05-28 00:49:19,126 INFO  - Received event: 682000 (at simulation time IntraVehicleMsg)
2025-05-28 00:49:19,129 INFO  - Sent message to others cars = 'veh_116 | CartesianPoint{x=138.78,y=331.19,z=0.00}' (at simulation time 683.000,000,000 s)
2025-05-28 00:49:19,189 INFO  - Received event: 683000 (at simulation time IntraVehicleMsg)
2025-05-28 00:49:19,193 INFO  - Sent message to others cars = 'veh_116 | CartesianPoint{x=138.72,y=324.52,z=0.00}' (at simulation time 684.000,000,000 s)
2025-05-28 00:49:19,259 INFO  - Received event: 684000 (at simulation time IntraVehicleMsg)
2025-05-28 00:49:19,266 INFO  - Sent message to others cars = 'veh_116 | CartesianPoint{x=138.67,y=318.51,z=0.00}' (at simulation time 685.000,000,000 s)
2025-05-28 00:49:19,324 INFO  - Received event: 685000 (at simulation time IntraVehicleMsg)
2025-05-28 00:49:19,326 INFO  - Sent message to others cars = 'veh_116 | CartesianPoint{x=138.61,y=311.98,z=0.00}' (at simulation time 686.000,000,000 s)
2025-05-28 00:49:19,376 INFO  - Received event: 686000 (at simulation time IntraVehicleMsg)
2025-05-28 00:49:19,378 INFO  - Sent message to others cars = 'veh_116 | CartesianPoint{x=138.55,y=305.22,z=0.00}' (at simulation time 687.000,000,000 s)
2025-05-28 00:49:19,430 INFO  - Received event: 687000 (at simulation time IntraVehicleMsg)
2025-05-28 00:49:19,433 INFO  - Sent message to others cars = 'veh_116 | CartesianPoint{x=138.50,y=299.09,z=0.00}' (at simulation time 688.000,000,000 s)
2025-05-28 00:49:19,489 INFO  - Received event: 688000 (at simulation time IntraVehicleMsg)
2025-05-28 00:49:19,491 INFO  - Sent message to others cars = 'veh_116 | CartesianPoint{x=138.44,y=292.26,z=0.00}' (at simulation time 689.000,000,000 s)
2025-05-28 00:49:19,546 INFO  - Received event: 689000 (at simulation time IntraVehicleMsg)
2025-05-28 00:49:19,549 INFO  - Sent message to others cars = 'veh_116 | CartesianPoint{x=138.38,y=285.09,z=0.00}' (at simulation time 690.000,000,000 s)
2025-05-28 00:49:19,604 INFO  - Received event: 690000 (at simulation time IntraVehicleMsg)
2025-05-28 00:49:19,607 INFO  - Sent message to others cars = 'veh_116 | CartesianPoint{x=138.32,y=278.58,z=0.00}' (at simulation time 691.000,000,000 s)
2025-05-28 00:49:19,664 INFO  - Received event: 691000 (at simulation time IntraVehicleMsg)
2025-05-28 00:49:19,666 INFO  - Sent message to others cars = 'veh_116 | CartesianPoint{x=138.26,y=271.95,z=0.00}' (at simulation time 692.000,000,000 s)
2025-05-28 00:49:19,722 INFO  - Received event: 692000 (at simulation time IntraVehicleMsg)
2025-05-28 00:49:19,727 INFO  - Sent message to others cars = 'veh_116 | CartesianPoint{x=138.21,y=265.41,z=0.00}' (at simulation time 693.000,000,000 s)
2025-05-28 00:49:19,783 INFO  - Received event: 693000 (at simulation time IntraVehicleMsg)
2025-05-28 00:49:19,788 INFO  - Sent message to others cars = 'veh_116 | CartesianPoint{x=138.15,y=259.46,z=0.00}' (at simulation time 694.000,000,000 s)
2025-05-28 00:49:19,850 INFO  - Received event: 694000 (at simulation time IntraVehicleMsg)
2025-05-28 00:49:19,853 INFO  - Sent message to others cars = 'veh_116 | CartesianPoint{x=138.10,y=252.66,z=0.00}' (at simulation time 695.000,000,000 s)
2025-05-28 00:49:19,913 INFO  - Received event: 695000 (at simulation time IntraVehicleMsg)
2025-05-28 00:49:19,920 INFO  - Sent message to others cars = 'veh_116 | CartesianPoint{x=138.05,y=246.35,z=0.00}' (at simulation time 696.000,000,000 s)
2025-05-28 00:49:19,985 INFO  - Received event: 696000 (at simulation time IntraVehicleMsg)
2025-05-28 00:49:19,987 INFO  - Sent message to others cars = 'veh_116 | CartesianPoint{x=138.00,y=240.34,z=0.00}' (at simulation time 697.000,000,000 s)
2025-05-28 00:49:20,048 INFO  - Received event: 697000 (at simulation time IntraVehicleMsg)
2025-05-28 00:49:20,051 INFO  - Sent message to others cars = 'veh_116 | CartesianPoint{x=137.94,y=233.76,z=0.00}' (at simulation time 698.000,000,000 s)
2025-05-28 00:49:20,112 INFO  - Received event: 698000 (at simulation time IntraVehicleMsg)
2025-05-28 00:49:20,121 INFO  - Sent message to others cars = 'veh_116 | CartesianPoint{x=137.89,y=227.43,z=0.00}' (at simulation time 699.000,000,000 s)
2025-05-28 00:49:20,182 INFO  - Received event: 699000 (at simulation time IntraVehicleMsg)
2025-05-28 00:49:20,185 INFO  - Sent message to others cars = 'veh_116 | CartesianPoint{x=137.84,y=221.45,z=0.00}' (at simulation time 700.000,000,000 s)
2025-05-28 00:49:20,252 INFO  - Received event: 700000 (at simulation time IntraVehicleMsg)
2025-05-28 00:49:20,256 INFO  - Sent message to others cars = 'veh_116 | CartesianPoint{x=137.79,y=215.33,z=0.00}' (at simulation time 701.000,000,000 s)
2025-05-28 00:49:20,324 INFO  - Received event: 701000 (at simulation time IntraVehicleMsg)
2025-05-28 00:49:20,327 INFO  - Sent message to others cars = 'veh_116 | CartesianPoint{x=137.74,y=208.85,z=0.00}' (at simulation time 702.000,000,000 s)
2025-05-28 00:49:20,385 INFO  - Received event: 702000 (at simulation time IntraVehicleMsg)
2025-05-28 00:49:20,390 INFO  - Sent message to others cars = 'veh_116 | CartesianPoint{x=137.68,y=201.87,z=0.00}' (at simulation time 703.000,000,000 s)
2025-05-28 00:49:20,455 INFO  - Received event: 703000 (at simulation time IntraVehicleMsg)
2025-05-28 00:49:20,458 INFO  - Sent message to others cars = 'veh_116 | CartesianPoint{x=137.63,y=195.96,z=0.00}' (at simulation time 704.000,000,000 s)
2025-05-28 00:49:20,517 INFO  - Received event: 704000 (at simulation time IntraVehicleMsg)
2025-05-28 00:49:20,520 INFO  - Sent message to others cars = 'veh_116 | CartesianPoint{x=137.57,y=189.04,z=0.00}' (at simulation time 705.000,000,000 s)
2025-05-28 00:49:20,581 INFO  - Received event: 705000 (at simulation time IntraVehicleMsg)
2025-05-28 00:49:20,584 INFO  - Sent message to others cars = 'veh_116 | CartesianPoint{x=137.52,y=182.85,z=0.00}' (at simulation time 706.000,000,000 s)
2025-05-28 00:49:20,648 INFO  - Received event: 706000 (at simulation time IntraVehicleMsg)
2025-05-28 00:49:20,651 INFO  - Sent message to others cars = 'veh_116 | CartesianPoint{x=137.47,y=176.12,z=0.00}' (at simulation time 707.000,000,000 s)
2025-05-28 00:49:20,709 INFO  - Received event: 707000 (at simulation time IntraVehicleMsg)
2025-05-28 00:49:20,713 INFO  - Sent message to others cars = 'veh_116 | CartesianPoint{x=137.41,y=169.82,z=0.00}' (at simulation time 708.000,000,000 s)
2025-05-28 00:49:20,772 INFO  - Received event: 708000 (at simulation time IntraVehicleMsg)
2025-05-28 00:49:20,775 INFO  - Sent message to others cars = 'veh_116 | CartesianPoint{x=137.36,y=162.75,z=0.00}' (at simulation time 709.000,000,000 s)
2025-05-28 00:49:20,832 INFO  - Received event: 709000 (at simulation time IntraVehicleMsg)
2025-05-28 00:49:20,835 INFO  - Sent message to others cars = 'veh_116 | CartesianPoint{x=137.30,y=155.72,z=0.00}' (at simulation time 710.000,000,000 s)
2025-05-28 00:49:20,889 INFO  - Received event: 710000 (at simulation time IntraVehicleMsg)
2025-05-28 00:49:20,891 INFO  - Sent message to others cars = 'veh_116 | CartesianPoint{x=137.25,y=149.37,z=0.00}' (at simulation time 711.000,000,000 s)
2025-05-28 00:49:20,944 INFO  - Received event: 711000 (at simulation time IntraVehicleMsg)
2025-05-28 00:49:20,946 INFO  - Sent message to others cars = 'veh_116 | CartesianPoint{x=137.19,y=142.70,z=0.00}' (at simulation time 712.000,000,000 s)
2025-05-28 00:49:20,999 INFO  - Received event: 712000 (at simulation time IntraVehicleMsg)
2025-05-28 00:49:21,004 INFO  - Sent message to others cars = 'veh_116 | CartesianPoint{x=137.18,y=135.76,z=0.00}' (at simulation time 713.000,000,000 s)
2025-05-28 00:49:21,057 INFO  - Received event: 713000 (at simulation time IntraVehicleMsg)
2025-05-28 00:49:21,060 INFO  - Sent message to others cars = 'veh_116 | CartesianPoint{x=137.21,y=129.75,z=0.00}' (at simulation time 714.000,000,000 s)
2025-05-28 00:49:21,116 INFO  - Received event: 714000 (at simulation time IntraVehicleMsg)
2025-05-28 00:49:21,119 INFO  - Sent message to others cars = 'veh_116 | CartesianPoint{x=137.25,y=122.75,z=0.00}' (at simulation time 715.000,000,000 s)
2025-05-28 00:49:21,176 INFO  - Received event: 715000 (at simulation time IntraVehicleMsg)
2025-05-28 00:49:21,179 INFO  - Sent message to others cars = 'veh_116 | CartesianPoint{x=137.29,y=116.29,z=0.00}' (at simulation time 716.000,000,000 s)
2025-05-28 00:49:21,234 INFO  - Received event: 716000 (at simulation time IntraVehicleMsg)
2025-05-28 00:49:21,236 INFO  - Sent message to others cars = 'veh_116 | CartesianPoint{x=137.32,y=109.77,z=0.00}' (at simulation time 717.000,000,000 s)
2025-05-28 00:49:21,293 INFO  - Received event: 717000 (at simulation time IntraVehicleMsg)
2025-05-28 00:49:21,295 INFO  - Sent message to others cars = 'veh_116 | CartesianPoint{x=137.36,y=103.66,z=0.00}' (at simulation time 718.000,000,000 s)
2025-05-28 00:49:21,355 INFO  - Received event: 718000 (at simulation time IntraVehicleMsg)
2025-05-28 00:49:21,361 INFO  - Sent message to others cars = 'veh_116 | CartesianPoint{x=137.39,y=97.41,z=0.00}' (at simulation time 719.000,000,000 s)
2025-05-28 00:49:21,417 INFO  - Received event: 719000 (at simulation time IntraVehicleMsg)
2025-05-28 00:49:21,419 INFO  - Sent message to others cars = 'veh_116 | CartesianPoint{x=137.43,y=90.43,z=0.00}' (at simulation time 720.000,000,000 s)
2025-05-28 00:49:21,476 INFO  - Received event: 720000 (at simulation time IntraVehicleMsg)
2025-05-28 00:49:21,478 INFO  - Sent message to others cars = 'veh_116 | CartesianPoint{x=137.47,y=83.58,z=0.00}' (at simulation time 721.000,000,000 s)
2025-05-28 00:49:21,528 INFO  - Received event: 721000 (at simulation time IntraVehicleMsg)
2025-05-28 00:49:21,530 INFO  - Sent message to others cars = 'veh_116 | CartesianPoint{x=137.50,y=77.35,z=0.00}' (at simulation time 722.000,000,000 s)
2025-05-28 00:49:21,583 INFO  - Received event: 722000 (at simulation time IntraVehicleMsg)
2025-05-28 00:49:21,590 INFO  - Sent message to others cars = 'veh_116 | CartesianPoint{x=139.92,y=71.84,z=0.00}' (at simulation time 723.000,000,000 s)
2025-05-28 00:49:21,641 INFO  - Received event: 723000 (at simulation time IntraVehicleMsg)
2025-05-28 00:49:21,643 INFO  - Sent message to others cars = 'veh_116 | CartesianPoint{x=143.50,y=66.15,z=0.00}' (at simulation time 724.000,000,000 s)
2025-05-28 00:49:21,690 INFO  - Received event: 724000 (at simulation time IntraVehicleMsg)
2025-05-28 00:49:21,692 INFO  - Sent message to others cars = 'veh_116 | CartesianPoint{x=147.83,y=62.10,z=0.00}' (at simulation time 725.000,000,000 s)
2025-05-28 00:49:21,734 INFO  - Received event: 725000 (at simulation time IntraVehicleMsg)
2025-05-28 00:49:21,736 INFO  - Sent message to others cars = 'veh_116 | CartesianPoint{x=152.74,y=57.50,z=0.00}' (at simulation time 726.000,000,000 s)
2025-05-28 00:49:21,780 INFO  - Received event: 726000 (at simulation time IntraVehicleMsg)
2025-05-28 00:49:21,782 INFO  - Sent message to others cars = 'veh_116 | CartesianPoint{x=157.40,y=52.47,z=0.00}' (at simulation time 727.000,000,000 s)
2025-05-28 00:49:21,820 INFO  - Received event: 727000 (at simulation time IntraVehicleMsg)
2025-05-28 00:49:21,821 INFO  - Sent message to others cars = 'veh_116 | CartesianPoint{x=161.94,y=47.48,z=0.00}' (at simulation time 728.000,000,000 s)
2025-05-28 00:49:21,860 INFO  - Received event: 728000 (at simulation time IntraVehicleMsg)
2025-05-28 00:49:21,862 INFO  - Sent message to others cars = 'veh_116 | CartesianPoint{x=166.38,y=42.60,z=0.00}' (at simulation time 729.000,000,000 s)
2025-05-28 00:49:21,895 INFO  - Received event: 729000 (at simulation time IntraVehicleMsg)
2025-05-28 00:49:21,897 INFO  - Sent message to others cars = 'veh_116 | CartesianPoint{x=170.66,y=37.89,z=0.00}' (at simulation time 730.000,000,000 s)
2025-05-28 00:49:21,931 INFO  - Received event: 730000 (at simulation time IntraVehicleMsg)
2025-05-28 00:49:21,933 INFO  - Sent message to others cars = 'veh_116 | CartesianPoint{x=175.24,y=32.85,z=0.00}' (at simulation time 731.000,000,000 s)
2025-05-28 00:49:21,968 INFO  - Received event: 731000 (at simulation time IntraVehicleMsg)
2025-05-28 00:49:21,970 INFO  - Sent message to others cars = 'veh_116 | CartesianPoint{x=179.96,y=27.67,z=0.00}' (at simulation time 732.000,000,000 s)
2025-05-28 00:49:22,005 INFO  - Received event: 732000 (at simulation time IntraVehicleMsg)
2025-05-28 00:49:22,006 INFO  - Sent message to others cars = 'veh_116 | CartesianPoint{x=184.39,y=22.80,z=0.00}' (at simulation time 733.000,000,000 s)
2025-05-28 00:49:22,042 INFO  - Received event: 733000 (at simulation time IntraVehicleMsg)
2025-05-28 00:49:22,043 INFO  - Sent message to others cars = 'veh_116 | CartesianPoint{x=188.99,y=17.74,z=0.00}' (at simulation time 734.000,000,000 s)
2025-05-28 00:49:22,080 INFO  - Received event: 734000 (at simulation time IntraVehicleMsg)
2025-05-28 00:49:22,081 INFO  - Sent message to others cars = 'veh_116 | CartesianPoint{x=193.24,y=13.06,z=0.00}' (at simulation time 735.000,000,000 s)
2025-05-28 00:49:22,118 INFO  - Received event: 735000 (at simulation time IntraVehicleMsg)
2025-05-28 00:49:22,120 INFO  - Sent message to others cars = 'veh_116 | CartesianPoint{x=195.18,y=7.60,z=0.00}' (at simulation time 736.000,000,000 s)
2025-05-28 00:49:22,157 INFO  - Received event: 736000 (at simulation time IntraVehicleMsg)
2025-05-28 00:49:22,158 INFO  - Sent message to others cars = 'veh_116 | CartesianPoint{x=196.76,y=1.01,z=0.00}' (at simulation time 737.000,000,000 s)
2025-05-28 00:49:22,197 INFO  - Received event: 737000 (at simulation time IntraVehicleMsg)
2025-05-28 00:49:22,199 INFO  - ------------------------------------------------------------------------------------- (at simulation time 738.000,000,000 s)
2025-05-28 00:49:22,199 INFO  - Shutdown application (at simulation time 738.000,000,000 s)
2025-05-28 00:49:22,199 INFO  - ------------------------------------------------------------------------------------- (at simulation time 738.000,000,000 s)
