2025-05-28 00:33:41,939 INFO  - ------------------------------------------------------------------------------------- (at simulation time 325.000,000,000 s)
2025-05-28 00:33:41,939 INFO  - Initialize veh_62 application (at simulation time 325.000,000,000 s)
2025-05-28 00:33:41,939 INFO  - Activated AdHoc Module (at simulation time 325.000,000,000 s)
2025-05-28 00:33:41,939 INFO  - ------------------------------------------------------------------------------------- (at simulation time 325.000,000,000 s)
2025-05-28 00:33:41,942 INFO  - Sent message to others cars = 'veh_62 | CartesianPoint{x=143.94,y=749.34,z=0.00}' (at simulation time 325.000,000,000 s)
2025-05-28 00:33:42,002 INFO  - Received event: 325000 (at simulation time IntraVehicleMsg)
2025-05-28 00:33:42,006 INFO  - Sent message to others cars = 'veh_62 | CartesianPoint{x=143.92,y=742.06,z=0.00}' (at simulation time 326.000,000,000 s)
2025-05-28 00:33:42,064 INFO  - Received event: 326000 (at simulation time IntraVehicleMsg)
2025-05-28 00:33:42,067 INFO  - Sent message to others cars = 'veh_62 | CartesianPoint{x=143.90,y=735.53,z=0.00}' (at simulation time 327.000,000,000 s)
2025-05-28 00:33:42,131 INFO  - Received event: 327000 (at simulation time IntraVehicleMsg)
2025-05-28 00:33:42,134 INFO  - Sent message to others cars = 'veh_62 | CartesianPoint{x=143.88,y=728.45,z=0.00}' (at simulation time 328.000,000,000 s)
2025-05-28 00:33:42,201 INFO  - Received event: 328000 (at simulation time IntraVehicleMsg)
2025-05-28 00:33:42,204 INFO  - Sent message to others cars = 'veh_62 | CartesianPoint{x=143.85,y=721.31,z=0.00}' (at simulation time 329.000,000,000 s)
2025-05-28 00:33:42,270 INFO  - Received event: 329000 (at simulation time IntraVehicleMsg)
2025-05-28 00:33:42,274 INFO  - Sent message to others cars = 'veh_62 | CartesianPoint{x=143.83,y=714.75,z=0.00}' (at simulation time 330.000,000,000 s)
2025-05-28 00:33:42,343 INFO  - Received event: 330000 (at simulation time IntraVehicleMsg)
2025-05-28 00:33:42,360 INFO  - Sent message to others cars = 'veh_62 | CartesianPoint{x=140.61,y=707.72,z=0.00}' (at simulation time 331.000,000,000 s)
2025-05-28 00:33:42,433 INFO  - Received event: 331000 (at simulation time IntraVehicleMsg)
2025-05-28 00:33:42,445 INFO  - Sent message to others cars = 'veh_62 | CartesianPoint{x=140.58,y=700.59,z=0.00}' (at simulation time 332.000,000,000 s)
2025-05-28 00:33:42,514 INFO  - Received event: 332000 (at simulation time IntraVehicleMsg)
2025-05-28 00:33:42,517 INFO  - Sent message to others cars = 'veh_62 | CartesianPoint{x=140.56,y=693.25,z=0.00}' (at simulation time 333.000,000,000 s)
2025-05-28 00:33:42,589 INFO  - Received event: 333000 (at simulation time IntraVehicleMsg)
2025-05-28 00:33:42,592 INFO  - Sent message to others cars = 'veh_62 | CartesianPoint{x=140.54,y=686.59,z=0.00}' (at simulation time 334.000,000,000 s)
2025-05-28 00:33:42,663 INFO  - Received event: 334000 (at simulation time IntraVehicleMsg)
2025-05-28 00:33:42,667 INFO  - Sent message to others cars = 'veh_62 | CartesianPoint{x=140.51,y=680.04,z=0.00}' (at simulation time 335.000,000,000 s)
2025-05-28 00:33:42,750 INFO  - Received event: 335000 (at simulation time IntraVehicleMsg)
2025-05-28 00:33:42,758 INFO  - Sent message to others cars = 'veh_62 | CartesianPoint{x=140.49,y=673.46,z=0.00}' (at simulation time 336.000,000,000 s)
2025-05-28 00:33:42,838 INFO  - Received event: 336000 (at simulation time IntraVehicleMsg)
2025-05-28 00:33:42,841 INFO  - Sent message to others cars = 'veh_62 | CartesianPoint{x=140.47,y=666.04,z=0.00}' (at simulation time 337.000,000,000 s)
2025-05-28 00:33:42,918 INFO  - Received event: 337000 (at simulation time IntraVehicleMsg)
2025-05-28 00:33:42,923 INFO  - Sent message to others cars = 'veh_62 | CartesianPoint{x=140.46,y=659.46,z=0.00}' (at simulation time 338.000,000,000 s)
2025-05-28 00:33:43,008 INFO  - Received event: 338000 (at simulation time IntraVehicleMsg)
2025-05-28 00:33:43,026 INFO  - Sent message to others cars = 'veh_62 | CartesianPoint{x=140.44,y=652.67,z=0.00}' (at simulation time 339.000,000,000 s)
2025-05-28 00:33:43,115 INFO  - Received event: 339000 (at simulation time IntraVehicleMsg)
2025-05-28 00:33:43,129 INFO  - Sent message to others cars = 'veh_62 | CartesianPoint{x=140.42,y=646.03,z=0.00}' (at simulation time 340.000,000,000 s)
2025-05-28 00:33:43,210 INFO  - Received event: 340000 (at simulation time IntraVehicleMsg)
2025-05-28 00:33:43,214 INFO  - Sent message to others cars = 'veh_62 | CartesianPoint{x=140.41,y=638.48,z=0.00}' (at simulation time 341.000,000,000 s)
2025-05-28 00:33:43,301 INFO  - Received event: 341000 (at simulation time IntraVehicleMsg)
2025-05-28 00:33:43,305 INFO  - Sent message to others cars = 'veh_62 | CartesianPoint{x=140.39,y=631.89,z=0.00}' (at simulation time 342.000,000,000 s)
2025-05-28 00:33:43,388 INFO  - Received event: 342000 (at simulation time IntraVehicleMsg)
2025-05-28 00:33:43,391 INFO  - Sent message to others cars = 'veh_62 | CartesianPoint{x=140.37,y=624.68,z=0.00}' (at simulation time 343.000,000,000 s)
2025-05-28 00:33:43,465 INFO  - Received event: 343000 (at simulation time IntraVehicleMsg)
2025-05-28 00:33:43,468 INFO  - Sent message to others cars = 'veh_62 | CartesianPoint{x=140.36,y=617.15,z=0.00}' (at simulation time 344.000,000,000 s)
2025-05-28 00:33:43,544 INFO  - Received event: 344000 (at simulation time IntraVehicleMsg)
2025-05-28 00:33:43,548 INFO  - Sent message to others cars = 'veh_62 | CartesianPoint{x=140.34,y=610.07,z=0.00}' (at simulation time 345.000,000,000 s)
2025-05-28 00:33:43,613 INFO  - Received event: 345000 (at simulation time IntraVehicleMsg)
2025-05-28 00:33:43,620 INFO  - Sent message to others cars = 'veh_62 | CartesianPoint{x=140.32,y=603.47,z=0.00}' (at simulation time 346.000,000,000 s)
2025-05-28 00:33:43,687 INFO  - Received event: 346000 (at simulation time IntraVehicleMsg)
2025-05-28 00:33:43,689 INFO  - Sent message to others cars = 'veh_62 | CartesianPoint{x=140.28,y=596.86,z=0.00}' (at simulation time 347.000,000,000 s)
2025-05-28 00:33:43,753 INFO  - Received event: 347000 (at simulation time IntraVehicleMsg)
2025-05-28 00:33:43,756 INFO  - Sent message to others cars = 'veh_62 | CartesianPoint{x=140.25,y=590.33,z=0.00}' (at simulation time 348.000,000,000 s)
2025-05-28 00:33:43,821 INFO  - Received event: 348000 (at simulation time IntraVehicleMsg)
2025-05-28 00:33:43,823 INFO  - Sent message to others cars = 'veh_62 | CartesianPoint{x=140.21,y=583.82,z=0.00}' (at simulation time 349.000,000,000 s)
2025-05-28 00:33:43,881 INFO  - Received event: 349000 (at simulation time IntraVehicleMsg)
2025-05-28 00:33:43,884 INFO  - Sent message to others cars = 'veh_62 | CartesianPoint{x=140.18,y=577.02,z=0.00}' (at simulation time 350.000,000,000 s)
2025-05-28 00:33:43,937 INFO  - Received event: 350000 (at simulation time IntraVehicleMsg)
2025-05-28 00:33:43,942 INFO  - Sent message to others cars = 'veh_62 | CartesianPoint{x=140.14,y=569.43,z=0.00}' (at simulation time 351.000,000,000 s)
2025-05-28 00:33:43,997 INFO  - Received event: 351000 (at simulation time IntraVehicleMsg)
2025-05-28 00:33:44,000 INFO  - Sent message to others cars = 'veh_62 | CartesianPoint{x=140.10,y=562.77,z=0.00}' (at simulation time 352.000,000,000 s)
2025-05-28 00:33:44,056 INFO  - Received event: 352000 (at simulation time IntraVehicleMsg)
2025-05-28 00:33:44,059 INFO  - Sent message to others cars = 'veh_62 | CartesianPoint{x=140.06,y=555.31,z=0.00}' (at simulation time 353.000,000,000 s)
2025-05-28 00:33:44,116 INFO  - Received event: 353000 (at simulation time IntraVehicleMsg)
2025-05-28 00:33:44,119 INFO  - Sent message to others cars = 'veh_62 | CartesianPoint{x=143.23,y=547.91,z=0.00}' (at simulation time 354.000,000,000 s)
2025-05-28 00:33:44,176 INFO  - Received event: 354000 (at simulation time IntraVehicleMsg)
2025-05-28 00:33:44,183 INFO  - Sent message to others cars = 'veh_62 | CartesianPoint{x=143.19,y=541.63,z=0.00}' (at simulation time 355.000,000,000 s)
2025-05-28 00:33:44,241 INFO  - Received event: 355000 (at simulation time IntraVehicleMsg)
2025-05-28 00:33:44,249 INFO  - Sent message to others cars = 'veh_62 | CartesianPoint{x=143.18,y=539.04,z=0.00}' (at simulation time 356.000,000,000 s)
2025-05-28 00:33:44,312 INFO  - Received event: 356000 (at simulation time IntraVehicleMsg)
2025-05-28 00:33:44,315 INFO  - Sent message to others cars = 'veh_62 | CartesianPoint{x=143.18,y=538.27,z=0.00}' (at simulation time 357.000,000,000 s)
2025-05-28 00:33:44,374 INFO  - Received event: 357000 (at simulation time IntraVehicleMsg)
2025-05-28 00:33:44,377 INFO  - Sent message to others cars = 'veh_62 | CartesianPoint{x=143.18,y=538.19,z=0.00}' (at simulation time 358.000,000,000 s)
2025-05-28 00:33:44,436 INFO  - Received event: 358000 (at simulation time IntraVehicleMsg)
2025-05-28 00:33:44,439 INFO  - Sent message to others cars = 'veh_62 | CartesianPoint{x=143.18,y=538.18,z=0.00}' (at simulation time 359.000,000,000 s)
2025-05-28 00:33:44,502 INFO  - Received event: 359000 (at simulation time IntraVehicleMsg)
2025-05-28 00:33:44,505 INFO  - Sent message to others cars = 'veh_62 | CartesianPoint{x=143.18,y=538.17,z=0.00}' (at simulation time 360.000,000,000 s)
2025-05-28 00:33:44,570 INFO  - Received event: 360000 (at simulation time IntraVehicleMsg)
2025-05-28 00:33:44,573 INFO  - Sent message to others cars = 'veh_62 | CartesianPoint{x=143.18,y=538.17,z=0.00}' (at simulation time 361.000,000,000 s)
2025-05-28 00:33:44,638 INFO  - Received event: 361000 (at simulation time IntraVehicleMsg)
2025-05-28 00:33:44,640 INFO  - Sent message to others cars = 'veh_62 | CartesianPoint{x=143.18,y=538.17,z=0.00}' (at simulation time 362.000,000,000 s)
2025-05-28 00:33:44,706 INFO  - Received event: 362000 (at simulation time IntraVehicleMsg)
2025-05-28 00:33:44,711 INFO  - Sent message to others cars = 'veh_62 | CartesianPoint{x=143.18,y=538.17,z=0.00}' (at simulation time 363.000,000,000 s)
2025-05-28 00:33:44,781 INFO  - Received event: 363000 (at simulation time IntraVehicleMsg)
2025-05-28 00:33:44,783 INFO  - Sent message to others cars = 'veh_62 | CartesianPoint{x=143.18,y=538.17,z=0.00}' (at simulation time 364.000,000,000 s)
2025-05-28 00:33:44,848 INFO  - Received event: 364000 (at simulation time IntraVehicleMsg)
2025-05-28 00:33:44,851 INFO  - Sent message to others cars = 'veh_62 | CartesianPoint{x=143.18,y=538.17,z=0.00}' (at simulation time 365.000,000,000 s)
2025-05-28 00:33:44,929 INFO  - Received event: 365000 (at simulation time IntraVehicleMsg)
2025-05-28 00:33:44,936 INFO  - Sent message to others cars = 'veh_62 | CartesianPoint{x=143.18,y=538.17,z=0.00}' (at simulation time 366.000,000,000 s)
2025-05-28 00:33:45,007 INFO  - Received event: 366000 (at simulation time IntraVehicleMsg)
2025-05-28 00:33:45,009 INFO  - Sent message to others cars = 'veh_62 | CartesianPoint{x=143.18,y=538.17,z=0.00}' (at simulation time 367.000,000,000 s)
2025-05-28 00:33:45,081 INFO  - Received event: 367000 (at simulation time IntraVehicleMsg)
2025-05-28 00:33:45,084 INFO  - Sent message to others cars = 'veh_62 | CartesianPoint{x=143.18,y=538.17,z=0.00}' (at simulation time 368.000,000,000 s)
2025-05-28 00:33:45,155 INFO  - Received event: 368000 (at simulation time IntraVehicleMsg)
2025-05-28 00:33:45,158 INFO  - Sent message to others cars = 'veh_62 | CartesianPoint{x=143.18,y=538.17,z=0.00}' (at simulation time 369.000,000,000 s)
2025-05-28 00:33:45,237 INFO  - Received event: 369000 (at simulation time IntraVehicleMsg)
2025-05-28 00:33:45,249 INFO  - Sent message to others cars = 'veh_62 | CartesianPoint{x=143.18,y=538.17,z=0.00}' (at simulation time 370.000,000,000 s)
2025-05-28 00:33:45,327 INFO  - Received event: 370000 (at simulation time IntraVehicleMsg)
2025-05-28 00:33:45,331 INFO  - Sent message to others cars = 'veh_62 | CartesianPoint{x=143.18,y=538.17,z=0.00}' (at simulation time 371.000,000,000 s)
2025-05-28 00:33:45,412 INFO  - Received event: 371000 (at simulation time IntraVehicleMsg)
2025-05-28 00:33:45,415 INFO  - Sent message to others cars = 'veh_62 | CartesianPoint{x=143.18,y=538.17,z=0.00}' (at simulation time 372.000,000,000 s)
2025-05-28 00:33:45,494 INFO  - Received event: 372000 (at simulation time IntraVehicleMsg)
2025-05-28 00:33:45,497 INFO  - Sent message to others cars = 'veh_62 | CartesianPoint{x=143.18,y=538.17,z=0.00}' (at simulation time 373.000,000,000 s)
2025-05-28 00:33:45,573 INFO  - Received event: 373000 (at simulation time IntraVehicleMsg)
2025-05-28 00:33:45,576 INFO  - Sent message to others cars = 'veh_62 | CartesianPoint{x=143.18,y=538.17,z=0.00}' (at simulation time 374.000,000,000 s)
2025-05-28 00:33:45,657 INFO  - Received event: 374000 (at simulation time IntraVehicleMsg)
2025-05-28 00:33:45,668 INFO  - Sent message to others cars = 'veh_62 | CartesianPoint{x=143.18,y=538.17,z=0.00}' (at simulation time 375.000,000,000 s)
2025-05-28 00:33:45,744 INFO  - Received event: 375000 (at simulation time IntraVehicleMsg)
2025-05-28 00:33:45,748 INFO  - Sent message to others cars = 'veh_62 | CartesianPoint{x=143.18,y=538.17,z=0.00}' (at simulation time 376.000,000,000 s)
2025-05-28 00:33:45,828 INFO  - Received event: 376000 (at simulation time IntraVehicleMsg)
2025-05-28 00:33:45,837 INFO  - Sent message to others cars = 'veh_62 | CartesianPoint{x=143.18,y=538.17,z=0.00}' (at simulation time 377.000,000,000 s)
2025-05-28 00:33:45,917 INFO  - Received event: 377000 (at simulation time IntraVehicleMsg)
2025-05-28 00:33:45,920 INFO  - Sent message to others cars = 'veh_62 | CartesianPoint{x=143.18,y=538.17,z=0.00}' (at simulation time 378.000,000,000 s)
2025-05-28 00:33:46,001 INFO  - Received event: 378000 (at simulation time IntraVehicleMsg)
2025-05-28 00:33:46,004 INFO  - Sent message to others cars = 'veh_62 | CartesianPoint{x=143.18,y=538.17,z=0.00}' (at simulation time 379.000,000,000 s)
2025-05-28 00:33:46,087 INFO  - Received event: 379000 (at simulation time IntraVehicleMsg)
2025-05-28 00:33:46,091 INFO  - Sent message to others cars = 'veh_62 | CartesianPoint{x=143.18,y=538.17,z=0.00}' (at simulation time 380.000,000,000 s)
2025-05-28 00:33:46,179 INFO  - Received event: 380000 (at simulation time IntraVehicleMsg)
2025-05-28 00:33:46,183 INFO  - Sent message to others cars = 'veh_62 | CartesianPoint{x=143.18,y=538.17,z=0.00}' (at simulation time 381.000,000,000 s)
2025-05-28 00:33:46,273 INFO  - Received event: 381000 (at simulation time IntraVehicleMsg)
2025-05-28 00:33:46,276 INFO  - Sent message to others cars = 'veh_62 | CartesianPoint{x=143.18,y=538.17,z=0.00}' (at simulation time 382.000,000,000 s)
2025-05-28 00:33:46,366 INFO  - Received event: 382000 (at simulation time IntraVehicleMsg)
2025-05-28 00:33:46,369 INFO  - Sent message to others cars = 'veh_62 | CartesianPoint{x=143.18,y=538.17,z=0.00}' (at simulation time 383.000,000,000 s)
2025-05-28 00:33:46,459 INFO  - Received event: 383000 (at simulation time IntraVehicleMsg)
2025-05-28 00:33:46,462 INFO  - Sent message to others cars = 'veh_62 | CartesianPoint{x=143.18,y=538.17,z=0.00}' (at simulation time 384.000,000,000 s)
2025-05-28 00:33:46,554 INFO  - Received event: 384000 (at simulation time IntraVehicleMsg)
2025-05-28 00:33:46,560 INFO  - Sent message to others cars = 'veh_62 | CartesianPoint{x=143.18,y=538.17,z=0.00}' (at simulation time 385.000,000,000 s)
2025-05-28 00:33:46,652 INFO  - Received event: 385000 (at simulation time IntraVehicleMsg)
2025-05-28 00:33:46,655 INFO  - Sent message to others cars = 'veh_62 | CartesianPoint{x=143.18,y=538.17,z=0.00}' (at simulation time 386.000,000,000 s)
2025-05-28 00:33:46,751 INFO  - Received event: 386000 (at simulation time IntraVehicleMsg)
2025-05-28 00:33:46,758 INFO  - Sent message to others cars = 'veh_62 | CartesianPoint{x=143.18,y=538.17,z=0.00}' (at simulation time 387.000,000,000 s)
2025-05-28 00:33:46,853 INFO  - Received event: 387000 (at simulation time IntraVehicleMsg)
2025-05-28 00:33:46,860 INFO  - Sent message to others cars = 'veh_62 | CartesianPoint{x=143.18,y=538.17,z=0.00}' (at simulation time 388.000,000,000 s)
2025-05-28 00:33:46,957 INFO  - Received event: 388000 (at simulation time IntraVehicleMsg)
2025-05-28 00:33:46,960 INFO  - Sent message to others cars = 'veh_62 | CartesianPoint{x=143.18,y=538.17,z=0.00}' (at simulation time 389.000,000,000 s)
2025-05-28 00:33:47,058 INFO  - Received event: 389000 (at simulation time IntraVehicleMsg)
2025-05-28 00:33:47,069 INFO  - Sent message to others cars = 'veh_62 | CartesianPoint{x=143.18,y=538.17,z=0.00}' (at simulation time 390.000,000,000 s)
2025-05-28 00:33:47,168 INFO  - Received event: 390000 (at simulation time IntraVehicleMsg)
2025-05-28 00:33:47,172 INFO  - Sent message to others cars = 'veh_62 | CartesianPoint{x=143.16,y=535.86,z=0.00}' (at simulation time 391.000,000,000 s)
2025-05-28 00:33:47,273 INFO  - Received event: 391000 (at simulation time IntraVehicleMsg)
2025-05-28 00:33:47,276 INFO  - Sent message to others cars = 'veh_62 | CartesianPoint{x=143.12,y=531.00,z=0.00}' (at simulation time 392.000,000,000 s)
2025-05-28 00:33:47,384 INFO  - Received event: 392000 (at simulation time IntraVehicleMsg)
2025-05-28 00:33:47,390 INFO  - Sent message to others cars = 'veh_62 | CartesianPoint{x=143.06,y=524.55,z=0.00}' (at simulation time 393.000,000,000 s)
2025-05-28 00:33:47,497 INFO  - Received event: 393000 (at simulation time IntraVehicleMsg)
2025-05-28 00:33:47,501 INFO  - Sent message to others cars = 'veh_62 | CartesianPoint{x=143.00,y=517.34,z=0.00}' (at simulation time 394.000,000,000 s)
2025-05-28 00:33:47,610 INFO  - Received event: 394000 (at simulation time IntraVehicleMsg)
2025-05-28 00:33:47,614 INFO  - Sent message to others cars = 'veh_62 | CartesianPoint{x=142.94,y=510.86,z=0.00}' (at simulation time 395.000,000,000 s)
2025-05-28 00:33:47,715 INFO  - Received event: 395000 (at simulation time IntraVehicleMsg)
2025-05-28 00:33:47,719 INFO  - Sent message to others cars = 'veh_62 | CartesianPoint{x=142.87,y=503.47,z=0.00}' (at simulation time 396.000,000,000 s)
2025-05-28 00:33:47,824 INFO  - Received event: 396000 (at simulation time IntraVehicleMsg)
2025-05-28 00:33:47,831 INFO  - Sent message to others cars = 'veh_62 | CartesianPoint{x=142.80,y=496.89,z=0.00}' (at simulation time 397.000,000,000 s)
2025-05-28 00:33:47,938 INFO  - Received event: 397000 (at simulation time IntraVehicleMsg)
2025-05-28 00:33:47,942 INFO  - Sent message to others cars = 'veh_62 | CartesianPoint{x=142.73,y=489.44,z=0.00}' (at simulation time 398.000,000,000 s)
2025-05-28 00:33:48,054 INFO  - Received event: 398000 (at simulation time IntraVehicleMsg)
2025-05-28 00:33:48,057 INFO  - Sent message to others cars = 'veh_62 | CartesianPoint{x=142.67,y=482.87,z=0.00}' (at simulation time 399.000,000,000 s)
2025-05-28 00:33:48,168 INFO  - Received event: 399000 (at simulation time IntraVehicleMsg)
2025-05-28 00:33:48,171 INFO  - Sent message to others cars = 'veh_62 | CartesianPoint{x=142.60,y=475.39,z=0.00}' (at simulation time 400.000,000,000 s)
2025-05-28 00:33:48,283 INFO  - Received event: 400000 (at simulation time IntraVehicleMsg)
2025-05-28 00:33:48,287 INFO  - Sent message to others cars = 'veh_62 | CartesianPoint{x=142.53,y=467.91,z=0.00}' (at simulation time 401.000,000,000 s)
2025-05-28 00:33:48,389 INFO  - Received event: 401000 (at simulation time IntraVehicleMsg)
2025-05-28 00:33:48,392 INFO  - Sent message to others cars = 'veh_62 | CartesianPoint{x=142.46,y=461.44,z=0.00}' (at simulation time 402.000,000,000 s)
2025-05-28 00:33:48,500 INFO  - Received event: 402000 (at simulation time IntraVehicleMsg)
2025-05-28 00:33:48,503 INFO  - Sent message to others cars = 'veh_62 | CartesianPoint{x=142.39,y=454.72,z=0.00}' (at simulation time 403.000,000,000 s)
2025-05-28 00:33:48,601 INFO  - Received event: 403000 (at simulation time IntraVehicleMsg)
2025-05-28 00:33:48,609 INFO  - Sent message to others cars = 'veh_62 | CartesianPoint{x=142.39,y=447.88,z=0.00}' (at simulation time 404.000,000,000 s)
2025-05-28 00:33:48,704 INFO  - Received event: 404000 (at simulation time IntraVehicleMsg)
2025-05-28 00:33:48,707 INFO  - Sent message to others cars = 'veh_62 | CartesianPoint{x=142.37,y=441.01,z=0.00}' (at simulation time 405.000,000,000 s)
2025-05-28 00:33:48,796 INFO  - Received event: 405000 (at simulation time IntraVehicleMsg)
2025-05-28 00:33:48,798 INFO  - Sent message to others cars = 'veh_62 | CartesianPoint{x=142.36,y=433.69,z=0.00}' (at simulation time 406.000,000,000 s)
2025-05-28 00:33:48,888 INFO  - Received event: 406000 (at simulation time IntraVehicleMsg)
2025-05-28 00:33:48,891 INFO  - Sent message to others cars = 'veh_62 | CartesianPoint{x=142.35,y=427.20,z=0.00}' (at simulation time 407.000,000,000 s)
2025-05-28 00:33:48,978 INFO  - Received event: 407000 (at simulation time IntraVehicleMsg)
2025-05-28 00:33:48,985 INFO  - Sent message to others cars = 'veh_62 | CartesianPoint{x=142.33,y=420.15,z=0.00}' (at simulation time 408.000,000,000 s)
2025-05-28 00:33:49,073 INFO  - Received event: 408000 (at simulation time IntraVehicleMsg)
2025-05-28 00:33:49,076 INFO  - Sent message to others cars = 'veh_62 | CartesianPoint{x=142.32,y=412.83,z=0.00}' (at simulation time 409.000,000,000 s)
2025-05-28 00:33:49,166 INFO  - Received event: 409000 (at simulation time IntraVehicleMsg)
2025-05-28 00:33:49,170 INFO  - Sent message to others cars = 'veh_62 | CartesianPoint{x=142.30,y=406.23,z=0.00}' (at simulation time 410.000,000,000 s)
2025-05-28 00:33:49,263 INFO  - Received event: 410000 (at simulation time IntraVehicleMsg)
2025-05-28 00:33:49,271 INFO  - Sent message to others cars = 'veh_62 | CartesianPoint{x=142.29,y=399.35,z=0.00}' (at simulation time 411.000,000,000 s)
2025-05-28 00:33:49,352 INFO  - Received event: 411000 (at simulation time IntraVehicleMsg)
2025-05-28 00:33:49,355 INFO  - Sent message to others cars = 'veh_62 | CartesianPoint{x=142.27,y=391.88,z=0.00}' (at simulation time 412.000,000,000 s)
2025-05-28 00:33:49,438 INFO  - Received event: 412000 (at simulation time IntraVehicleMsg)
2025-05-28 00:33:49,441 INFO  - Sent message to others cars = 'veh_62 | CartesianPoint{x=142.26,y=385.56,z=0.00}' (at simulation time 413.000,000,000 s)
2025-05-28 00:33:49,525 INFO  - Received event: 413000 (at simulation time IntraVehicleMsg)
2025-05-28 00:33:49,528 INFO  - Sent message to others cars = 'veh_62 | CartesianPoint{x=142.25,y=379.06,z=0.00}' (at simulation time 414.000,000,000 s)
2025-05-28 00:33:49,613 INFO  - Received event: 414000 (at simulation time IntraVehicleMsg)
2025-05-28 00:33:49,616 INFO  - Sent message to others cars = 'veh_62 | CartesianPoint{x=142.23,y=372.58,z=0.00}' (at simulation time 415.000,000,000 s)
2025-05-28 00:33:49,704 INFO  - Received event: 415000 (at simulation time IntraVehicleMsg)
2025-05-28 00:33:49,707 INFO  - Sent message to others cars = 'veh_62 | CartesianPoint{x=142.22,y=365.84,z=0.00}' (at simulation time 416.000,000,000 s)
2025-05-28 00:33:49,785 INFO  - Received event: 416000 (at simulation time IntraVehicleMsg)
2025-05-28 00:33:49,787 INFO  - Sent message to others cars = 'veh_62 | CartesianPoint{x=142.20,y=358.55,z=0.00}' (at simulation time 417.000,000,000 s)
2025-05-28 00:33:49,868 INFO  - Received event: 417000 (at simulation time IntraVehicleMsg)
2025-05-28 00:33:49,875 INFO  - Sent message to others cars = 'veh_62 | CartesianPoint{x=142.15,y=351.33,z=0.00}' (at simulation time 418.000,000,000 s)
2025-05-28 00:33:49,941 INFO  - Received event: 418000 (at simulation time IntraVehicleMsg)
2025-05-28 00:33:49,943 INFO  - Sent message to others cars = 'veh_62 | CartesianPoint{x=142.10,y=344.94,z=0.00}' (at simulation time 419.000,000,000 s)
2025-05-28 00:33:50,012 INFO  - Received event: 419000 (at simulation time IntraVehicleMsg)
2025-05-28 00:33:50,016 INFO  - Sent message to others cars = 'veh_62 | CartesianPoint{x=142.03,y=337.88,z=0.00}' (at simulation time 420.000,000,000 s)
2025-05-28 00:33:50,079 INFO  - Received event: 420000 (at simulation time IntraVehicleMsg)
2025-05-28 00:33:50,082 INFO  - Sent message to others cars = 'veh_62 | CartesianPoint{x=141.97,y=330.64,z=0.00}' (at simulation time 421.000,000,000 s)
2025-05-28 00:33:50,148 INFO  - Received event: 421000 (at simulation time IntraVehicleMsg)
2025-05-28 00:33:50,151 INFO  - Sent message to others cars = 'veh_62 | CartesianPoint{x=141.92,y=324.27,z=0.00}' (at simulation time 422.000,000,000 s)
2025-05-28 00:33:50,209 INFO  - Received event: 422000 (at simulation time IntraVehicleMsg)
2025-05-28 00:33:50,212 INFO  - Sent message to others cars = 'veh_62 | CartesianPoint{x=141.86,y=317.81,z=0.00}' (at simulation time 423.000,000,000 s)
2025-05-28 00:33:50,265 INFO  - Received event: 423000 (at simulation time IntraVehicleMsg)
2025-05-28 00:33:50,267 INFO  - Sent message to others cars = 'veh_62 | CartesianPoint{x=141.80,y=310.88,z=0.00}' (at simulation time 424.000,000,000 s)
2025-05-28 00:33:50,322 INFO  - Received event: 424000 (at simulation time IntraVehicleMsg)
2025-05-28 00:33:50,331 INFO  - Sent message to others cars = 'veh_62 | CartesianPoint{x=141.74,y=304.40,z=0.00}' (at simulation time 425.000,000,000 s)
2025-05-28 00:33:50,378 INFO  - Received event: 425000 (at simulation time IntraVehicleMsg)
2025-05-28 00:33:50,380 INFO  - Sent message to others cars = 'veh_62 | CartesianPoint{x=141.69,y=297.67,z=0.00}' (at simulation time 426.000,000,000 s)
2025-05-28 00:33:50,428 INFO  - Received event: 426000 (at simulation time IntraVehicleMsg)
2025-05-28 00:33:50,430 INFO  - Sent message to others cars = 'veh_62 | CartesianPoint{x=141.62,y=290.44,z=0.00}' (at simulation time 427.000,000,000 s)
2025-05-28 00:33:50,478 INFO  - Received event: 427000 (at simulation time IntraVehicleMsg)
2025-05-28 00:33:50,484 INFO  - Sent message to others cars = 'veh_62 | CartesianPoint{x=141.57,y=283.96,z=0.00}' (at simulation time 428.000,000,000 s)
2025-05-28 00:33:50,535 INFO  - Received event: 428000 (at simulation time IntraVehicleMsg)
2025-05-28 00:33:50,538 INFO  - Sent message to others cars = 'veh_62 | CartesianPoint{x=141.51,y=277.16,z=0.00}' (at simulation time 429.000,000,000 s)
2025-05-28 00:33:50,589 INFO  - Received event: 429000 (at simulation time IntraVehicleMsg)
2025-05-28 00:33:50,592 INFO  - Sent message to others cars = 'veh_62 | CartesianPoint{x=141.45,y=270.48,z=0.00}' (at simulation time 430.000,000,000 s)
2025-05-28 00:33:50,644 INFO  - Received event: 430000 (at simulation time IntraVehicleMsg)
2025-05-28 00:33:50,646 INFO  - Sent message to others cars = 'veh_62 | CartesianPoint{x=141.39,y=263.23,z=0.00}' (at simulation time 431.000,000,000 s)
2025-05-28 00:33:50,699 INFO  - Received event: 431000 (at simulation time IntraVehicleMsg)
2025-05-28 00:33:50,701 INFO  - Sent message to others cars = 'veh_62 | CartesianPoint{x=141.33,y=256.83,z=0.00}' (at simulation time 432.000,000,000 s)
2025-05-28 00:33:50,755 INFO  - Received event: 432000 (at simulation time IntraVehicleMsg)
2025-05-28 00:33:50,758 INFO  - Sent message to others cars = 'veh_62 | CartesianPoint{x=141.27,y=249.39,z=0.00}' (at simulation time 433.000,000,000 s)
2025-05-28 00:33:50,814 INFO  - Received event: 433000 (at simulation time IntraVehicleMsg)
2025-05-28 00:33:50,822 INFO  - Sent message to others cars = 'veh_62 | CartesianPoint{x=141.22,y=242.72,z=0.00}' (at simulation time 434.000,000,000 s)
2025-05-28 00:33:50,877 INFO  - Received event: 434000 (at simulation time IntraVehicleMsg)
2025-05-28 00:33:50,880 INFO  - Sent message to others cars = 'veh_62 | CartesianPoint{x=141.16,y=236.31,z=0.00}' (at simulation time 435.000,000,000 s)
2025-05-28 00:33:50,940 INFO  - Received event: 435000 (at simulation time IntraVehicleMsg)
2025-05-28 00:33:50,942 INFO  - Sent message to others cars = 'veh_62 | CartesianPoint{x=141.11,y=229.35,z=0.00}' (at simulation time 436.000,000,000 s)
2025-05-28 00:33:51,004 INFO  - Received event: 436000 (at simulation time IntraVehicleMsg)
2025-05-28 00:33:51,007 INFO  - Sent message to others cars = 'veh_62 | CartesianPoint{x=141.04,y=222.02,z=0.00}' (at simulation time 437.000,000,000 s)
2025-05-28 00:33:51,063 INFO  - Received event: 437000 (at simulation time IntraVehicleMsg)
2025-05-28 00:33:51,070 INFO  - Sent message to others cars = 'veh_62 | CartesianPoint{x=140.98,y=214.46,z=0.00}' (at simulation time 438.000,000,000 s)
2025-05-28 00:33:51,125 INFO  - Received event: 438000 (at simulation time IntraVehicleMsg)
2025-05-28 00:33:51,128 INFO  - Sent message to others cars = 'veh_62 | CartesianPoint{x=140.93,y=207.62,z=0.00}' (at simulation time 439.000,000,000 s)
2025-05-28 00:33:51,182 INFO  - Received event: 439000 (at simulation time IntraVehicleMsg)
2025-05-28 00:33:51,186 INFO  - Sent message to others cars = 'veh_62 | CartesianPoint{x=140.87,y=200.29,z=0.00}' (at simulation time 440.000,000,000 s)
2025-05-28 00:33:51,243 INFO  - Received event: 440000 (at simulation time IntraVehicleMsg)
2025-05-28 00:33:51,245 INFO  - Sent message to others cars = 'veh_62 | CartesianPoint{x=140.81,y=193.72,z=0.00}' (at simulation time 441.000,000,000 s)
2025-05-28 00:33:51,300 INFO  - Received event: 441000 (at simulation time IntraVehicleMsg)
2025-05-28 00:33:51,306 INFO  - Sent message to others cars = 'veh_62 | CartesianPoint{x=137.55,y=185.96,z=0.00}' (at simulation time 442.000,000,000 s)
2025-05-28 00:33:51,361 INFO  - Received event: 442000 (at simulation time IntraVehicleMsg)
2025-05-28 00:33:51,363 INFO  - Sent message to others cars = 'veh_62 | CartesianPoint{x=137.49,y=179.46,z=0.00}' (at simulation time 443.000,000,000 s)
2025-05-28 00:33:51,418 INFO  - Received event: 443000 (at simulation time IntraVehicleMsg)
2025-05-28 00:33:51,421 INFO  - Sent message to others cars = 'veh_62 | CartesianPoint{x=137.43,y=171.93,z=0.00}' (at simulation time 444.000,000,000 s)
2025-05-28 00:33:51,474 INFO  - Received event: 444000 (at simulation time IntraVehicleMsg)
2025-05-28 00:33:51,477 INFO  - Sent message to others cars = 'veh_62 | CartesianPoint{x=137.37,y=164.63,z=0.00}' (at simulation time 445.000,000,000 s)
2025-05-28 00:33:51,528 INFO  - Received event: 445000 (at simulation time IntraVehicleMsg)
2025-05-28 00:33:51,533 INFO  - Sent message to others cars = 'veh_62 | CartesianPoint{x=137.32,y=158.01,z=0.00}' (at simulation time 446.000,000,000 s)
2025-05-28 00:33:51,588 INFO  - Received event: 446000 (at simulation time IntraVehicleMsg)
2025-05-28 00:33:51,590 INFO  - Sent message to others cars = 'veh_62 | CartesianPoint{x=137.25,y=150.42,z=0.00}' (at simulation time 447.000,000,000 s)
2025-05-28 00:33:51,646 INFO  - Received event: 447000 (at simulation time IntraVehicleMsg)
2025-05-28 00:33:51,648 INFO  - Sent message to others cars = 'veh_62 | CartesianPoint{x=137.20,y=143.39,z=0.00}' (at simulation time 448.000,000,000 s)
2025-05-28 00:33:51,703 INFO  - Received event: 448000 (at simulation time IntraVehicleMsg)
2025-05-28 00:33:51,709 INFO  - Sent message to others cars = 'veh_62 | CartesianPoint{x=137.18,y=136.21,z=0.00}' (at simulation time 449.000,000,000 s)
2025-05-28 00:33:51,765 INFO  - Received event: 449000 (at simulation time IntraVehicleMsg)
2025-05-28 00:33:51,768 INFO  - Sent message to others cars = 'veh_62 | CartesianPoint{x=137.22,y=128.76,z=0.00}' (at simulation time 450.000,000,000 s)
2025-05-28 00:33:51,824 INFO  - Received event: 450000 (at simulation time IntraVehicleMsg)
2025-05-28 00:33:51,830 INFO  - Sent message to others cars = 'veh_62 | CartesianPoint{x=137.26,y=121.65,z=0.00}' (at simulation time 451.000,000,000 s)
2025-05-28 00:33:51,889 INFO  - Received event: 451000 (at simulation time IntraVehicleMsg)
2025-05-28 00:33:51,891 INFO  - Sent message to others cars = 'veh_62 | CartesianPoint{x=137.29,y=114.84,z=0.00}' (at simulation time 452.000,000,000 s)
2025-05-28 00:33:51,948 INFO  - Received event: 452000 (at simulation time IntraVehicleMsg)
2025-05-28 00:33:51,951 INFO  - Sent message to others cars = 'veh_62 | CartesianPoint{x=137.33,y=107.78,z=0.00}' (at simulation time 453.000,000,000 s)
2025-05-28 00:33:52,012 INFO  - Received event: 453000 (at simulation time IntraVehicleMsg)
2025-05-28 00:33:52,017 INFO  - Sent message to others cars = 'veh_62 | CartesianPoint{x=137.38,y=100.39,z=0.00}' (at simulation time 454.000,000,000 s)
2025-05-28 00:33:52,080 INFO  - Received event: 454000 (at simulation time IntraVehicleMsg)
2025-05-28 00:33:52,083 INFO  - Sent message to others cars = 'veh_62 | CartesianPoint{x=137.41,y=93.72,z=0.00}' (at simulation time 455.000,000,000 s)
2025-05-28 00:33:52,146 INFO  - Received event: 455000 (at simulation time IntraVehicleMsg)
2025-05-28 00:33:52,149 INFO  - Sent message to others cars = 'veh_62 | CartesianPoint{x=137.45,y=86.62,z=0.00}' (at simulation time 456.000,000,000 s)
2025-05-28 00:33:52,214 INFO  - Received event: 456000 (at simulation time IntraVehicleMsg)
2025-05-28 00:33:52,217 INFO  - Sent message to others cars = 'veh_62 | CartesianPoint{x=137.49,y=79.58,z=0.00}' (at simulation time 457.000,000,000 s)
2025-05-28 00:33:52,280 INFO  - Received event: 457000 (at simulation time IntraVehicleMsg)
2025-05-28 00:33:52,283 INFO  - Sent message to others cars = 'veh_62 | CartesianPoint{x=139.52,y=72.56,z=0.00}' (at simulation time 458.000,000,000 s)
2025-05-28 00:33:52,347 INFO  - Received event: 458000 (at simulation time IntraVehicleMsg)
2025-05-28 00:33:52,354 INFO  - Sent message to others cars = 'veh_62 | CartesianPoint{x=142.84,y=66.77,z=0.00}' (at simulation time 459.000,000,000 s)
2025-05-28 00:33:52,421 INFO  - Received event: 459000 (at simulation time IntraVehicleMsg)
2025-05-28 00:33:52,424 INFO  - Sent message to others cars = 'veh_62 | CartesianPoint{x=147.67,y=62.25,z=0.00}' (at simulation time 460.000,000,000 s)
2025-05-28 00:33:52,493 INFO  - Received event: 460000 (at simulation time IntraVehicleMsg)
2025-05-28 00:33:52,496 INFO  - Sent message to others cars = 'veh_62 | CartesianPoint{x=152.57,y=57.66,z=0.00}' (at simulation time 461.000,000,000 s)
2025-05-28 00:33:52,567 INFO  - Received event: 461000 (at simulation time IntraVehicleMsg)
2025-05-28 00:33:52,570 INFO  - Sent message to others cars = 'veh_62 | CartesianPoint{x=157.44,y=52.43,z=0.00}' (at simulation time 462.000,000,000 s)
2025-05-28 00:33:52,642 INFO  - Received event: 462000 (at simulation time IntraVehicleMsg)
2025-05-28 00:33:52,645 INFO  - Sent message to others cars = 'veh_62 | CartesianPoint{x=162.12,y=47.29,z=0.00}' (at simulation time 463.000,000,000 s)
2025-05-28 00:33:52,717 INFO  - Received event: 463000 (at simulation time IntraVehicleMsg)
2025-05-28 00:33:52,719 INFO  - Sent message to others cars = 'veh_62 | CartesianPoint{x=166.96,y=41.97,z=0.00}' (at simulation time 464.000,000,000 s)
2025-05-28 00:33:52,794 INFO  - Received event: 464000 (at simulation time IntraVehicleMsg)
2025-05-28 00:33:52,799 INFO  - Sent message to others cars = 'veh_62 | CartesianPoint{x=171.66,y=36.80,z=0.00}' (at simulation time 465.000,000,000 s)
2025-05-28 00:33:52,873 INFO  - Received event: 465000 (at simulation time IntraVehicleMsg)
2025-05-28 00:33:52,876 INFO  - Sent message to others cars = 'veh_62 | CartesianPoint{x=176.70,y=31.26,z=0.00}' (at simulation time 466.000,000,000 s)
2025-05-28 00:33:52,951 INFO  - Received event: 466000 (at simulation time IntraVehicleMsg)
2025-05-28 00:33:52,959 INFO  - Sent message to others cars = 'veh_62 | CartesianPoint{x=181.12,y=26.39,z=0.00}' (at simulation time 467.000,000,000 s)
2025-05-28 00:33:53,033 INFO  - Received event: 467000 (at simulation time IntraVehicleMsg)
2025-05-28 00:33:53,036 INFO  - Sent message to others cars = 'veh_62 | CartesianPoint{x=185.80,y=21.25,z=0.00}' (at simulation time 468.000,000,000 s)
2025-05-28 00:33:53,112 INFO  - Received event: 468000 (at simulation time IntraVehicleMsg)
2025-05-28 00:33:53,119 INFO  - Sent message to others cars = 'veh_62 | CartesianPoint{x=190.20,y=16.41,z=0.00}' (at simulation time 469.000,000,000 s)
2025-05-28 00:33:53,190 INFO  - Received event: 469000 (at simulation time IntraVehicleMsg)
2025-05-28 00:33:53,193 INFO  - Sent message to others cars = 'veh_62 | CartesianPoint{x=194.46,y=10.57,z=0.00}' (at simulation time 470.000,000,000 s)
2025-05-28 00:33:53,263 INFO  - Received event: 470000 (at simulation time IntraVehicleMsg)
2025-05-28 00:33:53,266 INFO  - Sent message to others cars = 'veh_62 | CartesianPoint{x=196.10,y=3.76,z=0.00}' (at simulation time 471.000,000,000 s)
2025-05-28 00:33:53,332 INFO  - Received event: 471000 (at simulation time IntraVehicleMsg)
2025-05-28 00:33:53,336 INFO  - ------------------------------------------------------------------------------------- (at simulation time 472.000,000,000 s)
2025-05-28 00:33:53,336 INFO  - Shutdown application (at simulation time 472.000,000,000 s)
2025-05-28 00:33:53,336 INFO  - ------------------------------------------------------------------------------------- (at simulation time 472.000,000,000 s)
