2025-05-28 00:39:24,707 INFO  - ------------------------------------------------------------------------------------- (at simulation time 408.000,000,000 s)
2025-05-28 00:39:24,707 INFO  - Initialize veh_78 application (at simulation time 408.000,000,000 s)
2025-05-28 00:39:24,707 INFO  - Activated AdHoc Module (at simulation time 408.000,000,000 s)
2025-05-28 00:39:24,707 INFO  - ------------------------------------------------------------------------------------- (at simulation time 408.000,000,000 s)
2025-05-28 00:39:24,709 INFO  - Sent message to others cars = 'veh_78 | CartesianPoint{x=143.94,y=749.34,z=0.00}' (at simulation time 408.000,000,000 s)
2025-05-28 00:39:24,798 INFO  - Received event: 408000 (at simulation time IntraVehicleMsg)
2025-05-28 00:39:24,802 INFO  - Sent message to others cars = 'veh_78 | CartesianPoint{x=143.92,y=741.36,z=0.00}' (at simulation time 409.000,000,000 s)
2025-05-28 00:39:24,893 INFO  - Received event: 409000 (at simulation time IntraVehicleMsg)
2025-05-28 00:39:24,896 INFO  - Sent message to others cars = 'veh_78 | CartesianPoint{x=143.89,y=733.25,z=0.00}' (at simulation time 410.000,000,000 s)
2025-05-28 00:39:24,989 INFO  - Received event: 410000 (at simulation time IntraVehicleMsg)
2025-05-28 00:39:24,997 INFO  - Sent message to others cars = 'veh_78 | CartesianPoint{x=143.87,y=725.19,z=0.00}' (at simulation time 411.000,000,000 s)
2025-05-28 00:39:25,080 INFO  - Received event: 411000 (at simulation time IntraVehicleMsg)
2025-05-28 00:39:25,083 INFO  - Sent message to others cars = 'veh_78 | CartesianPoint{x=143.84,y=717.67,z=0.00}' (at simulation time 412.000,000,000 s)
2025-05-28 00:39:25,166 INFO  - Received event: 412000 (at simulation time IntraVehicleMsg)
2025-05-28 00:39:25,169 INFO  - Sent message to others cars = 'veh_78 | CartesianPoint{x=143.82,y=710.24,z=0.00}' (at simulation time 413.000,000,000 s)
2025-05-28 00:39:25,256 INFO  - Received event: 413000 (at simulation time IntraVehicleMsg)
2025-05-28 00:39:25,259 INFO  - Sent message to others cars = 'veh_78 | CartesianPoint{x=143.79,y=702.67,z=0.00}' (at simulation time 414.000,000,000 s)
2025-05-28 00:39:25,345 INFO  - Received event: 414000 (at simulation time IntraVehicleMsg)
2025-05-28 00:39:25,348 INFO  - Sent message to others cars = 'veh_78 | CartesianPoint{x=140.56,y=695.10,z=0.00}' (at simulation time 415.000,000,000 s)
2025-05-28 00:39:25,434 INFO  - Received event: 415000 (at simulation time IntraVehicleMsg)
2025-05-28 00:39:25,437 INFO  - Sent message to others cars = 'veh_78 | CartesianPoint{x=140.54,y=686.80,z=0.00}' (at simulation time 416.000,000,000 s)
2025-05-28 00:39:25,526 INFO  - Received event: 416000 (at simulation time IntraVehicleMsg)
2025-05-28 00:39:25,529 INFO  - Sent message to others cars = 'veh_78 | CartesianPoint{x=140.51,y=679.08,z=0.00}' (at simulation time 417.000,000,000 s)
2025-05-28 00:39:25,608 INFO  - Received event: 417000 (at simulation time IntraVehicleMsg)
2025-05-28 00:39:25,628 INFO  - Sent message to others cars = 'veh_78 | CartesianPoint{x=140.48,y=671.30,z=0.00}' (at simulation time 418.000,000,000 s)
2025-05-28 00:39:25,704 INFO  - Received event: 418000 (at simulation time IntraVehicleMsg)
2025-05-28 00:39:25,706 INFO  - Sent message to others cars = 'veh_78 | CartesianPoint{x=140.47,y=663.65,z=0.00}' (at simulation time 419.000,000,000 s)
2025-05-28 00:39:25,773 INFO  - Received event: 419000 (at simulation time IntraVehicleMsg)
2025-05-28 00:39:25,775 INFO  - Sent message to others cars = 'veh_78 | CartesianPoint{x=140.45,y=655.74,z=0.00}' (at simulation time 420.000,000,000 s)
2025-05-28 00:39:25,840 INFO  - Received event: 420000 (at simulation time IntraVehicleMsg)
2025-05-28 00:39:25,842 INFO  - Sent message to others cars = 'veh_78 | CartesianPoint{x=140.43,y=647.43,z=0.00}' (at simulation time 421.000,000,000 s)
2025-05-28 00:39:25,898 INFO  - Received event: 421000 (at simulation time IntraVehicleMsg)
2025-05-28 00:39:25,900 INFO  - Sent message to others cars = 'veh_78 | CartesianPoint{x=140.41,y=639.18,z=0.00}' (at simulation time 422.000,000,000 s)
2025-05-28 00:39:25,958 INFO  - Received event: 422000 (at simulation time IntraVehicleMsg)
2025-05-28 00:39:25,960 INFO  - Sent message to others cars = 'veh_78 | CartesianPoint{x=140.39,y=630.99,z=0.00}' (at simulation time 423.000,000,000 s)
2025-05-28 00:39:26,018 INFO  - Received event: 423000 (at simulation time IntraVehicleMsg)
2025-05-28 00:39:26,020 INFO  - Sent message to others cars = 'veh_78 | CartesianPoint{x=140.37,y=622.33,z=0.00}' (at simulation time 424.000,000,000 s)
2025-05-28 00:39:26,073 INFO  - Received event: 424000 (at simulation time IntraVehicleMsg)
2025-05-28 00:39:26,077 INFO  - Sent message to others cars = 'veh_78 | CartesianPoint{x=140.35,y=614.36,z=0.00}' (at simulation time 425.000,000,000 s)
2025-05-28 00:39:26,133 INFO  - Received event: 425000 (at simulation time IntraVehicleMsg)
2025-05-28 00:39:26,139 INFO  - Sent message to others cars = 'veh_78 | CartesianPoint{x=140.33,y=606.96,z=0.00}' (at simulation time 426.000,000,000 s)
2025-05-28 00:39:26,191 INFO  - Received event: 426000 (at simulation time IntraVehicleMsg)
2025-05-28 00:39:26,194 INFO  - Sent message to others cars = 'veh_78 | CartesianPoint{x=140.29,y=598.34,z=0.00}' (at simulation time 427.000,000,000 s)
2025-05-28 00:39:26,246 INFO  - Received event: 427000 (at simulation time IntraVehicleMsg)
2025-05-28 00:39:26,252 INFO  - Sent message to others cars = 'veh_78 | CartesianPoint{x=140.25,y=590.71,z=0.00}' (at simulation time 428.000,000,000 s)
2025-05-28 00:39:26,307 INFO  - Received event: 428000 (at simulation time IntraVehicleMsg)
2025-05-28 00:39:26,309 INFO  - Sent message to others cars = 'veh_78 | CartesianPoint{x=140.21,y=583.13,z=0.00}' (at simulation time 429.000,000,000 s)
2025-05-28 00:39:26,364 INFO  - Received event: 429000 (at simulation time IntraVehicleMsg)
2025-05-28 00:39:26,366 INFO  - Sent message to others cars = 'veh_78 | CartesianPoint{x=140.17,y=574.51,z=0.00}' (at simulation time 430.000,000,000 s)
2025-05-28 00:39:26,421 INFO  - Received event: 430000 (at simulation time IntraVehicleMsg)
2025-05-28 00:39:26,423 INFO  - Sent message to others cars = 'veh_78 | CartesianPoint{x=140.12,y=566.67,z=0.00}' (at simulation time 431.000,000,000 s)
2025-05-28 00:39:26,481 INFO  - Received event: 431000 (at simulation time IntraVehicleMsg)
2025-05-28 00:39:26,483 INFO  - Sent message to others cars = 'veh_78 | CartesianPoint{x=143.28,y=558.15,z=0.00}' (at simulation time 432.000,000,000 s)
2025-05-28 00:39:26,543 INFO  - Received event: 432000 (at simulation time IntraVehicleMsg)
2025-05-28 00:39:26,545 INFO  - Sent message to others cars = 'veh_78 | CartesianPoint{x=143.24,y=549.74,z=0.00}' (at simulation time 433.000,000,000 s)
2025-05-28 00:39:26,606 INFO  - Received event: 433000 (at simulation time IntraVehicleMsg)
2025-05-28 00:39:26,613 INFO  - Sent message to others cars = 'veh_78 | CartesianPoint{x=143.22,y=545.84,z=0.00}' (at simulation time 434.000,000,000 s)
2025-05-28 00:39:26,672 INFO  - Received event: 434000 (at simulation time IntraVehicleMsg)
2025-05-28 00:39:26,675 INFO  - Sent message to others cars = 'veh_78 | CartesianPoint{x=143.21,y=545.09,z=0.00}' (at simulation time 435.000,000,000 s)
2025-05-28 00:39:26,739 INFO  - Received event: 435000 (at simulation time IntraVehicleMsg)
2025-05-28 00:39:26,741 INFO  - Sent message to others cars = 'veh_78 | CartesianPoint{x=143.21,y=544.71,z=0.00}' (at simulation time 436.000,000,000 s)
2025-05-28 00:39:26,802 INFO  - Received event: 436000 (at simulation time IntraVehicleMsg)
2025-05-28 00:39:26,804 INFO  - Sent message to others cars = 'veh_78 | CartesianPoint{x=143.21,y=544.68,z=0.00}' (at simulation time 437.000,000,000 s)
2025-05-28 00:39:26,867 INFO  - Received event: 437000 (at simulation time IntraVehicleMsg)
2025-05-28 00:39:26,873 INFO  - Sent message to others cars = 'veh_78 | CartesianPoint{x=143.21,y=544.67,z=0.00}' (at simulation time 438.000,000,000 s)
2025-05-28 00:39:26,938 INFO  - Received event: 438000 (at simulation time IntraVehicleMsg)
2025-05-28 00:39:26,940 INFO  - Sent message to others cars = 'veh_78 | CartesianPoint{x=143.21,y=544.67,z=0.00}' (at simulation time 439.000,000,000 s)
2025-05-28 00:39:27,002 INFO  - Received event: 439000 (at simulation time IntraVehicleMsg)
2025-05-28 00:39:27,005 INFO  - Sent message to others cars = 'veh_78 | CartesianPoint{x=143.21,y=544.67,z=0.00}' (at simulation time 440.000,000,000 s)
2025-05-28 00:39:27,068 INFO  - Received event: 440000 (at simulation time IntraVehicleMsg)
2025-05-28 00:39:27,077 INFO  - Sent message to others cars = 'veh_78 | CartesianPoint{x=143.20,y=543.70,z=0.00}' (at simulation time 441.000,000,000 s)
2025-05-28 00:39:27,140 INFO  - Received event: 441000 (at simulation time IntraVehicleMsg)
2025-05-28 00:39:27,142 INFO  - Sent message to others cars = 'veh_78 | CartesianPoint{x=143.19,y=540.62,z=0.00}' (at simulation time 442.000,000,000 s)
2025-05-28 00:39:27,204 INFO  - Received event: 442000 (at simulation time IntraVehicleMsg)
2025-05-28 00:39:27,207 INFO  - Sent message to others cars = 'veh_78 | CartesianPoint{x=143.16,y=535.81,z=0.00}' (at simulation time 443.000,000,000 s)
2025-05-28 00:39:27,268 INFO  - Received event: 443000 (at simulation time IntraVehicleMsg)
2025-05-28 00:39:27,270 INFO  - Sent message to others cars = 'veh_78 | CartesianPoint{x=143.11,y=529.69,z=0.00}' (at simulation time 444.000,000,000 s)
2025-05-28 00:39:27,332 INFO  - Received event: 444000 (at simulation time IntraVehicleMsg)
2025-05-28 00:39:27,334 INFO  - Sent message to others cars = 'veh_78 | CartesianPoint{x=143.05,y=522.27,z=0.00}' (at simulation time 445.000,000,000 s)
2025-05-28 00:39:27,398 INFO  - Received event: 445000 (at simulation time IntraVehicleMsg)
2025-05-28 00:39:27,403 INFO  - Sent message to others cars = 'veh_78 | CartesianPoint{x=142.97,y=514.70,z=0.00}' (at simulation time 446.000,000,000 s)
2025-05-28 00:39:27,463 INFO  - Received event: 446000 (at simulation time IntraVehicleMsg)
2025-05-28 00:39:27,465 INFO  - Sent message to others cars = 'veh_78 | CartesianPoint{x=142.90,y=506.70,z=0.00}' (at simulation time 447.000,000,000 s)
2025-05-28 00:39:27,523 INFO  - Received event: 447000 (at simulation time IntraVehicleMsg)
2025-05-28 00:39:27,526 INFO  - Sent message to others cars = 'veh_78 | CartesianPoint{x=142.82,y=498.91,z=0.00}' (at simulation time 448.000,000,000 s)
2025-05-28 00:39:27,590 INFO  - Received event: 448000 (at simulation time IntraVehicleMsg)
2025-05-28 00:39:27,596 INFO  - Sent message to others cars = 'veh_78 | CartesianPoint{x=142.75,y=490.92,z=0.00}' (at simulation time 449.000,000,000 s)
2025-05-28 00:39:27,658 INFO  - Received event: 449000 (at simulation time IntraVehicleMsg)
2025-05-28 00:39:27,661 INFO  - Sent message to others cars = 'veh_78 | CartesianPoint{x=142.67,y=483.19,z=0.00}' (at simulation time 450.000,000,000 s)
2025-05-28 00:39:27,730 INFO  - Received event: 450000 (at simulation time IntraVehicleMsg)
2025-05-28 00:39:27,735 INFO  - Sent message to others cars = 'veh_78 | CartesianPoint{x=142.60,y=475.44,z=0.00}' (at simulation time 451.000,000,000 s)
2025-05-28 00:39:27,802 INFO  - Received event: 451000 (at simulation time IntraVehicleMsg)
2025-05-28 00:39:27,804 INFO  - Sent message to others cars = 'veh_78 | CartesianPoint{x=142.53,y=468.03,z=0.00}' (at simulation time 452.000,000,000 s)
2025-05-28 00:39:27,870 INFO  - Received event: 452000 (at simulation time IntraVehicleMsg)
2025-05-28 00:39:27,872 INFO  - Sent message to others cars = 'veh_78 | CartesianPoint{x=142.44,y=459.52,z=0.00}' (at simulation time 453.000,000,000 s)
2025-05-28 00:39:27,938 INFO  - Received event: 453000 (at simulation time IntraVehicleMsg)
2025-05-28 00:39:27,943 INFO  - Sent message to others cars = 'veh_78 | CartesianPoint{x=142.39,y=451.37,z=0.00}' (at simulation time 454.000,000,000 s)
2025-05-28 00:39:28,010 INFO  - Received event: 454000 (at simulation time IntraVehicleMsg)
2025-05-28 00:39:28,013 INFO  - Sent message to others cars = 'veh_78 | CartesianPoint{x=142.38,y=443.34,z=0.00}' (at simulation time 455.000,000,000 s)
2025-05-28 00:39:28,080 INFO  - Received event: 455000 (at simulation time IntraVehicleMsg)
2025-05-28 00:39:28,082 INFO  - Sent message to others cars = 'veh_78 | CartesianPoint{x=142.36,y=435.36,z=0.00}' (at simulation time 456.000,000,000 s)
2025-05-28 00:39:28,151 INFO  - Received event: 456000 (at simulation time IntraVehicleMsg)
2025-05-28 00:39:28,154 INFO  - Sent message to others cars = 'veh_78 | CartesianPoint{x=142.35,y=426.80,z=0.00}' (at simulation time 457.000,000,000 s)
2025-05-28 00:39:28,225 INFO  - Received event: 457000 (at simulation time IntraVehicleMsg)
2025-05-28 00:39:28,228 INFO  - Sent message to others cars = 'veh_78 | CartesianPoint{x=142.33,y=418.41,z=0.00}' (at simulation time 458.000,000,000 s)
2025-05-28 00:39:28,299 INFO  - Received event: 458000 (at simulation time IntraVehicleMsg)
2025-05-28 00:39:28,305 INFO  - Sent message to others cars = 'veh_78 | CartesianPoint{x=142.31,y=410.62,z=0.00}' (at simulation time 459.000,000,000 s)
2025-05-28 00:39:28,377 INFO  - Received event: 459000 (at simulation time IntraVehicleMsg)
2025-05-28 00:39:28,380 INFO  - Sent message to others cars = 'veh_78 | CartesianPoint{x=142.30,y=403.08,z=0.00}' (at simulation time 460.000,000,000 s)
2025-05-28 00:39:28,455 INFO  - Received event: 460000 (at simulation time IntraVehicleMsg)
2025-05-28 00:39:28,458 INFO  - Sent message to others cars = 'veh_78 | CartesianPoint{x=142.28,y=394.73,z=0.00}' (at simulation time 461.000,000,000 s)
2025-05-28 00:39:28,532 INFO  - Received event: 461000 (at simulation time IntraVehicleMsg)
2025-05-28 00:39:28,534 INFO  - Sent message to others cars = 'veh_78 | CartesianPoint{x=142.26,y=386.47,z=0.00}' (at simulation time 462.000,000,000 s)
2025-05-28 00:39:28,611 INFO  - Received event: 462000 (at simulation time IntraVehicleMsg)
2025-05-28 00:39:28,614 INFO  - Sent message to others cars = 'veh_78 | CartesianPoint{x=142.24,y=377.98,z=0.00}' (at simulation time 463.000,000,000 s)
2025-05-28 00:39:28,693 INFO  - Received event: 463000 (at simulation time IntraVehicleMsg)
2025-05-28 00:39:28,698 INFO  - Sent message to others cars = 'veh_78 | CartesianPoint{x=142.23,y=370.06,z=0.00}' (at simulation time 464.000,000,000 s)
2025-05-28 00:39:28,776 INFO  - Received event: 464000 (at simulation time IntraVehicleMsg)
2025-05-28 00:39:28,779 INFO  - Sent message to others cars = 'veh_78 | CartesianPoint{x=142.21,y=362.12,z=0.00}' (at simulation time 465.000,000,000 s)
2025-05-28 00:39:28,854 INFO  - Received event: 465000 (at simulation time IntraVehicleMsg)
2025-05-28 00:39:28,856 INFO  - Sent message to others cars = 'veh_78 | CartesianPoint{x=142.17,y=353.45,z=0.00}' (at simulation time 466.000,000,000 s)
2025-05-28 00:39:28,931 INFO  - Received event: 466000 (at simulation time IntraVehicleMsg)
2025-05-28 00:39:28,937 INFO  - Sent message to others cars = 'veh_78 | CartesianPoint{x=142.10,y=345.10,z=0.00}' (at simulation time 467.000,000,000 s)
2025-05-28 00:39:29,011 INFO  - Received event: 467000 (at simulation time IntraVehicleMsg)
2025-05-28 00:39:29,014 INFO  - Sent message to others cars = 'veh_78 | CartesianPoint{x=142.03,y=337.56,z=0.00}' (at simulation time 468.000,000,000 s)
2025-05-28 00:39:29,092 INFO  - Received event: 468000 (at simulation time IntraVehicleMsg)
2025-05-28 00:39:29,099 INFO  - Sent message to others cars = 'veh_78 | CartesianPoint{x=141.97,y=330.10,z=0.00}' (at simulation time 469.000,000,000 s)
2025-05-28 00:39:29,176 INFO  - Received event: 469000 (at simulation time IntraVehicleMsg)
2025-05-28 00:39:29,180 INFO  - Sent message to others cars = 'veh_78 | CartesianPoint{x=141.90,y=322.30,z=0.00}' (at simulation time 470.000,000,000 s)
2025-05-28 00:39:29,250 INFO  - Received event: 470000 (at simulation time IntraVehicleMsg)
2025-05-28 00:39:29,253 INFO  - Sent message to others cars = 'veh_78 | CartesianPoint{x=141.84,y=314.90,z=0.00}' (at simulation time 471.000,000,000 s)
2025-05-28 00:39:29,327 INFO  - Received event: 471000 (at simulation time IntraVehicleMsg)
2025-05-28 00:39:29,329 INFO  - Sent message to others cars = 'veh_78 | CartesianPoint{x=141.77,y=307.45,z=0.00}' (at simulation time 472.000,000,000 s)
2025-05-28 00:39:29,401 INFO  - Received event: 472000 (at simulation time IntraVehicleMsg)
2025-05-28 00:39:29,404 INFO  - Sent message to others cars = 'veh_78 | CartesianPoint{x=141.70,y=299.77,z=0.00}' (at simulation time 473.000,000,000 s)
2025-05-28 00:39:29,479 INFO  - Received event: 473000 (at simulation time IntraVehicleMsg)
2025-05-28 00:39:29,482 INFO  - Sent message to others cars = 'veh_78 | CartesianPoint{x=141.63,y=291.65,z=0.00}' (at simulation time 474.000,000,000 s)
2025-05-28 00:39:29,553 INFO  - Received event: 474000 (at simulation time IntraVehicleMsg)
2025-05-28 00:39:29,560 INFO  - Sent message to others cars = 'veh_78 | CartesianPoint{x=141.56,y=283.68,z=0.00}' (at simulation time 475.000,000,000 s)
2025-05-28 00:39:29,623 INFO  - Received event: 475000 (at simulation time IntraVehicleMsg)
2025-05-28 00:39:29,625 INFO  - Sent message to others cars = 'veh_78 | CartesianPoint{x=141.50,y=275.63,z=0.00}' (at simulation time 476.000,000,000 s)
2025-05-28 00:39:29,689 INFO  - Received event: 476000 (at simulation time IntraVehicleMsg)
2025-05-28 00:39:29,694 INFO  - Sent message to others cars = 'veh_78 | CartesianPoint{x=141.43,y=267.84,z=0.00}' (at simulation time 477.000,000,000 s)
2025-05-28 00:39:29,758 INFO  - Received event: 477000 (at simulation time IntraVehicleMsg)
2025-05-28 00:39:29,761 INFO  - Sent message to others cars = 'veh_78 | CartesianPoint{x=141.36,y=259.99,z=0.00}' (at simulation time 478.000,000,000 s)
2025-05-28 00:39:29,821 INFO  - Received event: 478000 (at simulation time IntraVehicleMsg)
2025-05-28 00:39:29,824 INFO  - Sent message to others cars = 'veh_78 | CartesianPoint{x=141.29,y=252.29,z=0.00}' (at simulation time 479.000,000,000 s)
2025-05-28 00:39:29,885 INFO  - Received event: 479000 (at simulation time IntraVehicleMsg)
2025-05-28 00:39:29,891 INFO  - Sent message to others cars = 'veh_78 | CartesianPoint{x=141.23,y=244.56,z=0.00}' (at simulation time 480.000,000,000 s)
2025-05-28 00:39:29,955 INFO  - Received event: 480000 (at simulation time IntraVehicleMsg)
2025-05-28 00:39:29,957 INFO  - Sent message to others cars = 'veh_78 | CartesianPoint{x=141.16,y=236.54,z=0.00}' (at simulation time 481.000,000,000 s)
2025-05-28 00:39:30,019 INFO  - Received event: 481000 (at simulation time IntraVehicleMsg)
2025-05-28 00:39:30,021 INFO  - Sent message to others cars = 'veh_78 | CartesianPoint{x=141.10,y=229.08,z=0.00}' (at simulation time 482.000,000,000 s)
2025-05-28 00:39:30,086 INFO  - Received event: 482000 (at simulation time IntraVehicleMsg)
2025-05-28 00:39:30,090 INFO  - Sent message to others cars = 'veh_78 | CartesianPoint{x=141.03,y=220.55,z=0.00}' (at simulation time 483.000,000,000 s)
2025-05-28 00:39:30,157 INFO  - Received event: 483000 (at simulation time IntraVehicleMsg)
2025-05-28 00:39:30,159 INFO  - Sent message to others cars = 'veh_78 | CartesianPoint{x=140.97,y=213.18,z=0.00}' (at simulation time 484.000,000,000 s)
2025-05-28 00:39:30,225 INFO  - Received event: 484000 (at simulation time IntraVehicleMsg)
2025-05-28 00:39:30,228 INFO  - Sent message to others cars = 'veh_78 | CartesianPoint{x=140.90,y=204.55,z=0.00}' (at simulation time 485.000,000,000 s)
2025-05-28 00:39:30,296 INFO  - Received event: 485000 (at simulation time IntraVehicleMsg)
2025-05-28 00:39:30,303 INFO  - Sent message to others cars = 'veh_78 | CartesianPoint{x=140.84,y=196.70,z=0.00}' (at simulation time 486.000,000,000 s)
2025-05-28 00:39:30,370 INFO  - Received event: 486000 (at simulation time IntraVehicleMsg)
2025-05-28 00:39:30,373 INFO  - Sent message to others cars = 'veh_78 | CartesianPoint{x=140.77,y=188.91,z=0.00}' (at simulation time 487.000,000,000 s)
2025-05-28 00:39:30,435 INFO  - Received event: 487000 (at simulation time IntraVehicleMsg)
2025-05-28 00:39:30,438 INFO  - Sent message to others cars = 'veh_78 | CartesianPoint{x=140.71,y=181.07,z=0.00}' (at simulation time 488.000,000,000 s)
2025-05-28 00:39:30,501 INFO  - Received event: 488000 (at simulation time IntraVehicleMsg)
2025-05-28 00:39:30,503 INFO  - Sent message to others cars = 'veh_78 | CartesianPoint{x=140.64,y=172.99,z=0.00}' (at simulation time 489.000,000,000 s)
2025-05-28 00:39:30,566 INFO  - Received event: 489000 (at simulation time IntraVehicleMsg)
2025-05-28 00:39:30,573 INFO  - Sent message to others cars = 'veh_78 | CartesianPoint{x=140.57,y=165.04,z=0.00}' (at simulation time 490.000,000,000 s)
2025-05-28 00:39:30,631 INFO  - Received event: 490000 (at simulation time IntraVehicleMsg)
2025-05-28 00:39:30,634 INFO  - Sent message to others cars = 'veh_78 | CartesianPoint{x=140.51,y=157.56,z=0.00}' (at simulation time 491.000,000,000 s)
2025-05-28 00:39:30,692 INFO  - Received event: 491000 (at simulation time IntraVehicleMsg)
2025-05-28 00:39:30,695 INFO  - Sent message to others cars = 'veh_78 | CartesianPoint{x=140.44,y=149.32,z=0.00}' (at simulation time 492.000,000,000 s)
2025-05-28 00:39:30,755 INFO  - Received event: 492000 (at simulation time IntraVehicleMsg)
2025-05-28 00:39:30,758 INFO  - Sent message to others cars = 'veh_78 | CartesianPoint{x=140.38,y=141.79,z=0.00}' (at simulation time 493.000,000,000 s)
2025-05-28 00:39:30,821 INFO  - Received event: 493000 (at simulation time IntraVehicleMsg)
2025-05-28 00:39:30,826 INFO  - Sent message to others cars = 'veh_78 | CartesianPoint{x=140.39,y=134.19,z=0.00}' (at simulation time 494.000,000,000 s)
2025-05-28 00:39:30,887 INFO  - Received event: 494000 (at simulation time IntraVehicleMsg)
2025-05-28 00:39:30,890 INFO  - Sent message to others cars = 'veh_78 | CartesianPoint{x=140.43,y=126.50,z=0.00}' (at simulation time 495.000,000,000 s)
2025-05-28 00:39:30,953 INFO  - Received event: 495000 (at simulation time IntraVehicleMsg)
2025-05-28 00:39:30,957 INFO  - Sent message to others cars = 'veh_78 | CartesianPoint{x=140.47,y=118.44,z=0.00}' (at simulation time 496.000,000,000 s)
2025-05-28 00:39:31,021 INFO  - Received event: 496000 (at simulation time IntraVehicleMsg)
2025-05-28 00:39:31,024 INFO  - Sent message to others cars = 'veh_78 | CartesianPoint{x=140.52,y=110.47,z=0.00}' (at simulation time 497.000,000,000 s)
2025-05-28 00:39:31,093 INFO  - Received event: 497000 (at simulation time IntraVehicleMsg)
2025-05-28 00:39:31,096 INFO  - Sent message to others cars = 'veh_78 | CartesianPoint{x=140.56,y=102.40,z=0.00}' (at simulation time 498.000,000,000 s)
2025-05-28 00:39:31,159 INFO  - Received event: 498000 (at simulation time IntraVehicleMsg)
2025-05-28 00:39:31,166 INFO  - Sent message to others cars = 'veh_78 | CartesianPoint{x=140.61,y=93.74,z=0.00}' (at simulation time 499.000,000,000 s)
2025-05-28 00:39:31,223 INFO  - Received event: 499000 (at simulation time IntraVehicleMsg)
2025-05-28 00:39:31,230 INFO  - Sent message to others cars = 'veh_78 | CartesianPoint{x=140.65,y=85.59,z=0.00}' (at simulation time 500.000,000,000 s)
2025-05-28 00:39:31,291 INFO  - Received event: 500000 (at simulation time IntraVehicleMsg)
2025-05-28 00:39:31,294 INFO  - Sent message to others cars = 'veh_78 | CartesianPoint{x=140.70,y=77.03,z=0.00}' (at simulation time 501.000,000,000 s)
2025-05-28 00:39:31,350 INFO  - Received event: 501000 (at simulation time IntraVehicleMsg)
2025-05-28 00:39:31,353 INFO  - Sent message to others cars = 'veh_78 | CartesianPoint{x=144.72,y=69.84,z=0.00}' (at simulation time 502.000,000,000 s)
2025-05-28 00:39:31,408 INFO  - Received event: 502000 (at simulation time IntraVehicleMsg)
2025-05-28 00:39:31,411 INFO  - Sent message to others cars = 'veh_78 | CartesianPoint{x=150.01,y=64.44,z=0.00}' (at simulation time 503.000,000,000 s)
2025-05-28 00:39:31,466 INFO  - Received event: 503000 (at simulation time IntraVehicleMsg)
2025-05-28 00:39:31,469 INFO  - Sent message to others cars = 'veh_78 | CartesianPoint{x=155.59,y=59.21,z=0.00}' (at simulation time 504.000,000,000 s)
2025-05-28 00:39:31,525 INFO  - Received event: 504000 (at simulation time IntraVehicleMsg)
2025-05-28 00:39:31,530 INFO  - Sent message to others cars = 'veh_78 | CartesianPoint{x=160.86,y=53.43,z=0.00}' (at simulation time 505.000,000,000 s)
2025-05-28 00:39:31,583 INFO  - Received event: 505000 (at simulation time IntraVehicleMsg)
2025-05-28 00:39:31,587 INFO  - Sent message to others cars = 'veh_78 | CartesianPoint{x=166.23,y=47.53,z=0.00}' (at simulation time 506.000,000,000 s)
2025-05-28 00:39:31,636 INFO  - Received event: 506000 (at simulation time IntraVehicleMsg)
2025-05-28 00:39:31,639 INFO  - Sent message to others cars = 'veh_78 | CartesianPoint{x=171.60,y=41.63,z=0.00}' (at simulation time 507.000,000,000 s)
2025-05-28 00:39:31,690 INFO  - Received event: 507000 (at simulation time IntraVehicleMsg)
2025-05-28 00:39:31,694 INFO  - Sent message to others cars = 'veh_78 | CartesianPoint{x=177.21,y=35.45,z=0.00}' (at simulation time 508.000,000,000 s)
2025-05-28 00:39:31,745 INFO  - Received event: 508000 (at simulation time IntraVehicleMsg)
2025-05-28 00:39:31,748 INFO  - Sent message to others cars = 'veh_78 | CartesianPoint{x=182.46,y=29.68,z=0.00}' (at simulation time 509.000,000,000 s)
2025-05-28 00:39:31,803 INFO  - Received event: 509000 (at simulation time IntraVehicleMsg)
2025-05-28 00:39:31,819 INFO  - Sent message to others cars = 'veh_78 | CartesianPoint{x=187.42,y=24.22,z=0.00}' (at simulation time 510.000,000,000 s)
2025-05-28 00:39:31,870 INFO  - Received event: 510000 (at simulation time IntraVehicleMsg)
2025-05-28 00:39:31,872 INFO  - Sent message to others cars = 'veh_78 | CartesianPoint{x=192.42,y=18.72,z=0.00}' (at simulation time 511.000,000,000 s)
2025-05-28 00:39:31,929 INFO  - Received event: 511000 (at simulation time IntraVehicleMsg)
2025-05-28 00:39:31,932 INFO  - Sent message to others cars = 'veh_78 | CartesianPoint{x=197.20,y=12.88,z=0.00}' (at simulation time 512.000,000,000 s)
2025-05-28 00:39:31,984 INFO  - Received event: 512000 (at simulation time IntraVehicleMsg)
2025-05-28 00:39:31,987 INFO  - Sent message to others cars = 'veh_78 | CartesianPoint{x=199.12,y=4.88,z=0.00}' (at simulation time 513.000,000,000 s)
2025-05-28 00:39:32,043 INFO  - Received event: 513000 (at simulation time IntraVehicleMsg)
2025-05-28 00:39:32,064 INFO  - ------------------------------------------------------------------------------------- (at simulation time 514.000,000,000 s)
2025-05-28 00:39:32,064 INFO  - Shutdown application (at simulation time 514.000,000,000 s)
2025-05-28 00:39:32,064 INFO  - ------------------------------------------------------------------------------------- (at simulation time 514.000,000,000 s)
