2025-05-28 00:38:59,044 INFO  - ------------------------------------------------------------------------------------- (at simulation time 17.000,000,000 s)
2025-05-28 00:38:59,045 INFO  - Initialize veh_3 application (at simulation time 17.000,000,000 s)
2025-05-28 00:38:59,045 INFO  - Activated AdHoc Module (at simulation time 17.000,000,000 s)
2025-05-28 00:38:59,045 INFO  - ------------------------------------------------------------------------------------- (at simulation time 17.000,000,000 s)
2025-05-28 00:38:59,048 INFO  - Sent message to others cars = 'veh_3 | CartesianPoint{x=-0.00,y=532.14,z=0.00}' (at simulation time 17.000,000,000 s)
2025-05-28 00:38:59,054 INFO  - Received event: 17000 (at simulation time IntraVehicleMsg)
2025-05-28 00:38:59,057 INFO  - Sent message to others cars = 'veh_3 | CartesianPoint{x=8.30,y=532.12,z=0.00}' (at simulation time 18.000,000,000 s)
2025-05-28 00:38:59,065 INFO  - Received event: 18000 (at simulation time IntraVehicleMsg)
2025-05-28 00:38:59,068 INFO  - Sent message to others cars = 'veh_3 | CartesianPoint{x=17.21,y=532.09,z=0.00}' (at simulation time 19.000,000,000 s)
2025-05-28 00:38:59,075 INFO  - Received event: 19000 (at simulation time IntraVehicleMsg)
2025-05-28 00:38:59,079 INFO  - Sent message to others cars = 'veh_3 | CartesianPoint{x=26.12,y=532.06,z=0.00}' (at simulation time 20.000,000,000 s)
2025-05-28 00:38:59,086 INFO  - Received event: 20000 (at simulation time IntraVehicleMsg)
2025-05-28 00:38:59,088 INFO  - Sent message to others cars = 'veh_3 | CartesianPoint{x=34.48,y=532.03,z=0.00}' (at simulation time 21.000,000,000 s)
2025-05-28 00:38:59,096 INFO  - Received event: 21000 (at simulation time IntraVehicleMsg)
2025-05-28 00:38:59,098 INFO  - Sent message to others cars = 'veh_3 | CartesianPoint{x=42.81,y=532.07,z=0.00}' (at simulation time 22.000,000,000 s)
2025-05-28 00:38:59,107 INFO  - Received event: 22000 (at simulation time IntraVehicleMsg)
2025-05-28 00:38:59,109 INFO  - Sent message to others cars = 'veh_3 | CartesianPoint{x=50.68,y=532.13,z=0.00}' (at simulation time 23.000,000,000 s)
2025-05-28 00:38:59,121 INFO  - Received event: 23000 (at simulation time IntraVehicleMsg)
2025-05-28 00:38:59,131 INFO  - Sent message to others cars = 'veh_3 | CartesianPoint{x=58.99,y=532.19,z=0.00}' (at simulation time 24.000,000,000 s)
2025-05-28 00:38:59,140 INFO  - Received event: 24000 (at simulation time IntraVehicleMsg)
2025-05-28 00:38:59,142 INFO  - Sent message to others cars = 'veh_3 | CartesianPoint{x=67.29,y=532.22,z=0.00}' (at simulation time 25.000,000,000 s)
2025-05-28 00:38:59,151 INFO  - Received event: 25000 (at simulation time IntraVehicleMsg)
2025-05-28 00:38:59,153 INFO  - Sent message to others cars = 'veh_3 | CartesianPoint{x=75.83,y=532.23,z=0.00}' (at simulation time 26.000,000,000 s)
2025-05-28 00:38:59,162 INFO  - Received event: 26000 (at simulation time IntraVehicleMsg)
2025-05-28 00:38:59,172 INFO  - Sent message to others cars = 'veh_3 | CartesianPoint{x=84.79,y=532.26,z=0.00}' (at simulation time 27.000,000,000 s)
2025-05-28 00:38:59,182 INFO  - Received event: 27000 (at simulation time IntraVehicleMsg)
2025-05-28 00:38:59,184 INFO  - Sent message to others cars = 'veh_3 | CartesianPoint{x=93.03,y=532.18,z=0.00}' (at simulation time 28.000,000,000 s)
2025-05-28 00:38:59,195 INFO  - Received event: 28000 (at simulation time IntraVehicleMsg)
2025-05-28 00:38:59,197 INFO  - Sent message to others cars = 'veh_3 | CartesianPoint{x=101.27,y=532.08,z=0.00}' (at simulation time 29.000,000,000 s)
2025-05-28 00:38:59,209 INFO  - Received event: 29000 (at simulation time IntraVehicleMsg)
2025-05-28 00:38:59,213 INFO  - Sent message to others cars = 'veh_3 | CartesianPoint{x=109.70,y=531.97,z=0.00}' (at simulation time 30.000,000,000 s)
2025-05-28 00:38:59,226 INFO  - Received event: 30000 (at simulation time IntraVehicleMsg)
2025-05-28 00:38:59,228 INFO  - Sent message to others cars = 'veh_3 | CartesianPoint{x=118.09,y=531.87,z=0.00}' (at simulation time 31.000,000,000 s)
2025-05-28 00:38:59,244 INFO  - Received event: 31000 (at simulation time IntraVehicleMsg)
2025-05-28 00:38:59,252 INFO  - Sent message to others cars = 'veh_3 | CartesianPoint{x=126.33,y=531.76,z=0.00}' (at simulation time 32.000,000,000 s)
2025-05-28 00:38:59,266 INFO  - Received event: 32000 (at simulation time IntraVehicleMsg)
2025-05-28 00:38:59,268 INFO  - Sent message to others cars = 'veh_3 | CartesianPoint{x=131.43,y=531.70,z=0.00}' (at simulation time 33.000,000,000 s)
2025-05-28 00:38:59,283 INFO  - Received event: 33000 (at simulation time IntraVehicleMsg)
2025-05-28 00:38:59,285 INFO  - Sent message to others cars = 'veh_3 | CartesianPoint{x=133.14,y=531.68,z=0.00}' (at simulation time 34.000,000,000 s)
2025-05-28 00:38:59,300 INFO  - Received event: 34000 (at simulation time IntraVehicleMsg)
2025-05-28 00:38:59,303 INFO  - Sent message to others cars = 'veh_3 | CartesianPoint{x=133.31,y=531.67,z=0.00}' (at simulation time 35.000,000,000 s)
2025-05-28 00:38:59,317 INFO  - Received event: 35000 (at simulation time IntraVehicleMsg)
2025-05-28 00:38:59,319 INFO  - Sent message to others cars = 'veh_3 | CartesianPoint{x=133.34,y=531.67,z=0.00}' (at simulation time 36.000,000,000 s)
2025-05-28 00:38:59,336 INFO  - Received event: 36000 (at simulation time IntraVehicleMsg)
2025-05-28 00:38:59,354 INFO  - Sent message to others cars = 'veh_3 | CartesianPoint{x=133.34,y=531.67,z=0.00}' (at simulation time 37.000,000,000 s)
2025-05-28 00:38:59,368 INFO  - Received event: 37000 (at simulation time IntraVehicleMsg)
2025-05-28 00:38:59,371 INFO  - Sent message to others cars = 'veh_3 | CartesianPoint{x=133.34,y=531.67,z=0.00}' (at simulation time 38.000,000,000 s)
2025-05-28 00:38:59,384 INFO  - Received event: 38000 (at simulation time IntraVehicleMsg)
2025-05-28 00:38:59,386 INFO  - Sent message to others cars = 'veh_3 | CartesianPoint{x=133.34,y=531.67,z=0.00}' (at simulation time 39.000,000,000 s)
2025-05-28 00:38:59,400 INFO  - Received event: 39000 (at simulation time IntraVehicleMsg)
2025-05-28 00:38:59,403 INFO  - Sent message to others cars = 'veh_3 | CartesianPoint{x=133.34,y=531.67,z=0.00}' (at simulation time 40.000,000,000 s)
2025-05-28 00:38:59,419 INFO  - Received event: 40000 (at simulation time IntraVehicleMsg)
2025-05-28 00:38:59,421 INFO  - Sent message to others cars = 'veh_3 | CartesianPoint{x=133.34,y=531.67,z=0.00}' (at simulation time 41.000,000,000 s)
2025-05-28 00:38:59,435 INFO  - Received event: 41000 (at simulation time IntraVehicleMsg)
2025-05-28 00:38:59,441 INFO  - Sent message to others cars = 'veh_3 | CartesianPoint{x=133.34,y=531.67,z=0.00}' (at simulation time 42.000,000,000 s)
2025-05-28 00:38:59,453 INFO  - Received event: 42000 (at simulation time IntraVehicleMsg)
2025-05-28 00:38:59,455 INFO  - Sent message to others cars = 'veh_3 | CartesianPoint{x=133.34,y=531.67,z=0.00}' (at simulation time 43.000,000,000 s)
2025-05-28 00:38:59,469 INFO  - Received event: 43000 (at simulation time IntraVehicleMsg)
2025-05-28 00:38:59,471 INFO  - Sent message to others cars = 'veh_3 | CartesianPoint{x=133.34,y=531.67,z=0.00}' (at simulation time 44.000,000,000 s)
2025-05-28 00:38:59,486 INFO  - Received event: 44000 (at simulation time IntraVehicleMsg)
2025-05-28 00:38:59,495 INFO  - Sent message to others cars = 'veh_3 | CartesianPoint{x=133.34,y=531.67,z=0.00}' (at simulation time 45.000,000,000 s)
2025-05-28 00:38:59,508 INFO  - Received event: 45000 (at simulation time IntraVehicleMsg)
2025-05-28 00:38:59,510 INFO  - Sent message to others cars = 'veh_3 | CartesianPoint{x=133.34,y=531.67,z=0.00}' (at simulation time 46.000,000,000 s)
2025-05-28 00:38:59,524 INFO  - Received event: 46000 (at simulation time IntraVehicleMsg)
2025-05-28 00:38:59,526 INFO  - Sent message to others cars = 'veh_3 | CartesianPoint{x=133.34,y=531.67,z=0.00}' (at simulation time 47.000,000,000 s)
2025-05-28 00:38:59,540 INFO  - Received event: 47000 (at simulation time IntraVehicleMsg)
2025-05-28 00:38:59,549 INFO  - Sent message to others cars = 'veh_3 | CartesianPoint{x=133.34,y=531.67,z=0.00}' (at simulation time 48.000,000,000 s)
2025-05-28 00:38:59,564 INFO  - Received event: 48000 (at simulation time IntraVehicleMsg)
2025-05-28 00:38:59,566 INFO  - Sent message to others cars = 'veh_3 | CartesianPoint{x=133.34,y=531.67,z=0.00}' (at simulation time 49.000,000,000 s)
2025-05-28 00:38:59,583 INFO  - Received event: 49000 (at simulation time IntraVehicleMsg)
2025-05-28 00:38:59,590 INFO  - Sent message to others cars = 'veh_3 | CartesianPoint{x=133.34,y=531.67,z=0.00}' (at simulation time 50.000,000,000 s)
2025-05-28 00:38:59,606 INFO  - Received event: 50000 (at simulation time IntraVehicleMsg)
2025-05-28 00:38:59,608 INFO  - Sent message to others cars = 'veh_3 | CartesianPoint{x=133.34,y=531.67,z=0.00}' (at simulation time 51.000,000,000 s)
2025-05-28 00:38:59,624 INFO  - Received event: 51000 (at simulation time IntraVehicleMsg)
2025-05-28 00:38:59,627 INFO  - Sent message to others cars = 'veh_3 | CartesianPoint{x=133.34,y=531.67,z=0.00}' (at simulation time 52.000,000,000 s)
2025-05-28 00:38:59,644 INFO  - Received event: 52000 (at simulation time IntraVehicleMsg)
2025-05-28 00:38:59,646 INFO  - Sent message to others cars = 'veh_3 | CartesianPoint{x=133.34,y=531.67,z=0.00}' (at simulation time 53.000,000,000 s)
2025-05-28 00:38:59,664 INFO  - Received event: 53000 (at simulation time IntraVehicleMsg)
2025-05-28 00:38:59,669 INFO  - Sent message to others cars = 'veh_3 | CartesianPoint{x=133.34,y=531.67,z=0.00}' (at simulation time 54.000,000,000 s)
2025-05-28 00:38:59,685 INFO  - Received event: 54000 (at simulation time IntraVehicleMsg)
2025-05-28 00:38:59,690 INFO  - Sent message to others cars = 'veh_3 | CartesianPoint{x=133.34,y=531.67,z=0.00}' (at simulation time 55.000,000,000 s)
2025-05-28 00:38:59,708 INFO  - Received event: 55000 (at simulation time IntraVehicleMsg)
2025-05-28 00:38:59,710 INFO  - Sent message to others cars = 'veh_3 | CartesianPoint{x=133.34,y=531.67,z=0.00}' (at simulation time 56.000,000,000 s)
2025-05-28 00:38:59,729 INFO  - Received event: 56000 (at simulation time IntraVehicleMsg)
2025-05-28 00:38:59,731 INFO  - Sent message to others cars = 'veh_3 | CartesianPoint{x=133.34,y=531.67,z=0.00}' (at simulation time 57.000,000,000 s)
2025-05-28 00:38:59,750 INFO  - Received event: 57000 (at simulation time IntraVehicleMsg)
2025-05-28 00:38:59,759 INFO  - Sent message to others cars = 'veh_3 | CartesianPoint{x=133.34,y=531.67,z=0.00}' (at simulation time 58.000,000,000 s)
2025-05-28 00:38:59,779 INFO  - Received event: 58000 (at simulation time IntraVehicleMsg)
2025-05-28 00:38:59,782 INFO  - Sent message to others cars = 'veh_3 | CartesianPoint{x=133.34,y=531.67,z=0.00}' (at simulation time 59.000,000,000 s)
2025-05-28 00:38:59,802 INFO  - Received event: 59000 (at simulation time IntraVehicleMsg)
2025-05-28 00:38:59,806 INFO  - Sent message to others cars = 'veh_3 | CartesianPoint{x=133.34,y=531.67,z=0.00}' (at simulation time 60.000,000,000 s)
2025-05-28 00:38:59,828 INFO  - Received event: 60000 (at simulation time IntraVehicleMsg)
2025-05-28 00:38:59,830 INFO  - Sent message to others cars = 'veh_3 | CartesianPoint{x=133.34,y=531.67,z=0.00}' (at simulation time 61.000,000,000 s)
2025-05-28 00:38:59,853 INFO  - Received event: 61000 (at simulation time IntraVehicleMsg)
2025-05-28 00:38:59,856 INFO  - Sent message to others cars = 'veh_3 | CartesianPoint{x=133.34,y=531.67,z=0.00}' (at simulation time 62.000,000,000 s)
2025-05-28 00:38:59,879 INFO  - Received event: 62000 (at simulation time IntraVehicleMsg)
2025-05-28 00:38:59,885 INFO  - Sent message to others cars = 'veh_3 | CartesianPoint{x=133.34,y=531.67,z=0.00}' (at simulation time 63.000,000,000 s)
2025-05-28 00:38:59,910 INFO  - Received event: 63000 (at simulation time IntraVehicleMsg)
2025-05-28 00:38:59,922 INFO  - Sent message to others cars = 'veh_3 | CartesianPoint{x=133.34,y=531.67,z=0.00}' (at simulation time 64.000,000,000 s)
2025-05-28 00:38:59,948 INFO  - Received event: 64000 (at simulation time IntraVehicleMsg)
2025-05-28 00:38:59,951 INFO  - Sent message to others cars = 'veh_3 | CartesianPoint{x=133.34,y=531.67,z=0.00}' (at simulation time 65.000,000,000 s)
2025-05-28 00:38:59,974 INFO  - Received event: 65000 (at simulation time IntraVehicleMsg)
2025-05-28 00:38:59,977 INFO  - Sent message to others cars = 'veh_3 | CartesianPoint{x=133.34,y=531.67,z=0.00}' (at simulation time 66.000,000,000 s)
2025-05-28 00:39:00,001 INFO  - Received event: 66000 (at simulation time IntraVehicleMsg)
2025-05-28 00:39:00,004 INFO  - Sent message to others cars = 'veh_3 | CartesianPoint{x=133.34,y=531.67,z=0.00}' (at simulation time 67.000,000,000 s)
2025-05-28 00:39:00,030 INFO  - Received event: 67000 (at simulation time IntraVehicleMsg)
2025-05-28 00:39:00,038 INFO  - Sent message to others cars = 'veh_3 | CartesianPoint{x=133.34,y=531.67,z=0.00}' (at simulation time 68.000,000,000 s)
2025-05-28 00:39:00,064 INFO  - Received event: 68000 (at simulation time IntraVehicleMsg)
2025-05-28 00:39:00,067 INFO  - Sent message to others cars = 'veh_3 | CartesianPoint{x=133.34,y=531.67,z=0.00}' (at simulation time 69.000,000,000 s)
2025-05-28 00:39:00,093 INFO  - Received event: 69000 (at simulation time IntraVehicleMsg)
2025-05-28 00:39:00,097 INFO  - Sent message to others cars = 'veh_3 | CartesianPoint{x=133.34,y=531.67,z=0.00}' (at simulation time 70.000,000,000 s)
2025-05-28 00:39:00,124 INFO  - Received event: 70000 (at simulation time IntraVehicleMsg)
2025-05-28 00:39:00,127 INFO  - Sent message to others cars = 'veh_3 | CartesianPoint{x=133.34,y=531.67,z=0.00}' (at simulation time 71.000,000,000 s)
2025-05-28 00:39:00,157 INFO  - Received event: 71000 (at simulation time IntraVehicleMsg)
2025-05-28 00:39:00,165 INFO  - Sent message to others cars = 'veh_3 | CartesianPoint{x=133.34,y=531.67,z=0.00}' (at simulation time 72.000,000,000 s)
2025-05-28 00:39:00,195 INFO  - Received event: 72000 (at simulation time IntraVehicleMsg)
2025-05-28 00:39:00,198 INFO  - Sent message to others cars = 'veh_3 | CartesianPoint{x=133.34,y=531.67,z=0.00}' (at simulation time 73.000,000,000 s)
2025-05-28 00:39:00,227 INFO  - Received event: 73000 (at simulation time IntraVehicleMsg)
2025-05-28 00:39:00,231 INFO  - Sent message to others cars = 'veh_3 | CartesianPoint{x=133.34,y=531.67,z=0.00}' (at simulation time 74.000,000,000 s)
2025-05-28 00:39:00,261 INFO  - Received event: 74000 (at simulation time IntraVehicleMsg)
2025-05-28 00:39:00,265 INFO  - Sent message to others cars = 'veh_3 | CartesianPoint{x=133.34,y=531.67,z=0.00}' (at simulation time 75.000,000,000 s)
2025-05-28 00:39:00,296 INFO  - Received event: 75000 (at simulation time IntraVehicleMsg)
2025-05-28 00:39:00,299 INFO  - Sent message to others cars = 'veh_3 | CartesianPoint{x=133.34,y=531.67,z=0.00}' (at simulation time 76.000,000,000 s)
2025-05-28 00:39:00,331 INFO  - Received event: 76000 (at simulation time IntraVehicleMsg)
2025-05-28 00:39:00,335 INFO  - Sent message to others cars = 'veh_3 | CartesianPoint{x=133.34,y=531.67,z=0.00}' (at simulation time 77.000,000,000 s)
2025-05-28 00:39:00,372 INFO  - Received event: 77000 (at simulation time IntraVehicleMsg)
2025-05-28 00:39:00,391 INFO  - Sent message to others cars = 'veh_3 | CartesianPoint{x=133.34,y=531.67,z=0.00}' (at simulation time 78.000,000,000 s)
2025-05-28 00:39:00,423 INFO  - Received event: 78000 (at simulation time IntraVehicleMsg)
2025-05-28 00:39:00,426 INFO  - Sent message to others cars = 'veh_3 | CartesianPoint{x=133.34,y=531.67,z=0.00}' (at simulation time 79.000,000,000 s)
2025-05-28 00:39:00,463 INFO  - Received event: 79000 (at simulation time IntraVehicleMsg)
2025-05-28 00:39:00,467 INFO  - Sent message to others cars = 'veh_3 | CartesianPoint{x=133.34,y=531.67,z=0.00}' (at simulation time 80.000,000,000 s)
2025-05-28 00:39:00,501 INFO  - Received event: 80000 (at simulation time IntraVehicleMsg)
2025-05-28 00:39:00,505 INFO  - Sent message to others cars = 'veh_3 | CartesianPoint{x=133.34,y=531.67,z=0.00}' (at simulation time 81.000,000,000 s)
2025-05-28 00:39:00,540 INFO  - Received event: 81000 (at simulation time IntraVehicleMsg)
2025-05-28 00:39:00,544 INFO  - Sent message to others cars = 'veh_3 | CartesianPoint{x=133.34,y=531.67,z=0.00}' (at simulation time 82.000,000,000 s)
2025-05-28 00:39:00,581 INFO  - Received event: 82000 (at simulation time IntraVehicleMsg)
2025-05-28 00:39:00,590 INFO  - Sent message to others cars = 'veh_3 | CartesianPoint{x=133.34,y=531.67,z=0.00}' (at simulation time 83.000,000,000 s)
2025-05-28 00:39:00,627 INFO  - Received event: 83000 (at simulation time IntraVehicleMsg)
2025-05-28 00:39:00,630 INFO  - Sent message to others cars = 'veh_3 | CartesianPoint{x=133.34,y=531.67,z=0.00}' (at simulation time 84.000,000,000 s)
2025-05-28 00:39:00,672 INFO  - Received event: 84000 (at simulation time IntraVehicleMsg)
2025-05-28 00:39:00,684 INFO  - Sent message to others cars = 'veh_3 | CartesianPoint{x=133.34,y=531.67,z=0.00}' (at simulation time 85.000,000,000 s)
2025-05-28 00:39:00,722 INFO  - Received event: 85000 (at simulation time IntraVehicleMsg)
2025-05-28 00:39:00,725 INFO  - Sent message to others cars = 'veh_3 | CartesianPoint{x=133.34,y=531.67,z=0.00}' (at simulation time 86.000,000,000 s)
2025-05-28 00:39:00,764 INFO  - Received event: 86000 (at simulation time IntraVehicleMsg)
2025-05-28 00:39:00,767 INFO  - Sent message to others cars = 'veh_3 | CartesianPoint{x=133.34,y=531.67,z=0.00}' (at simulation time 87.000,000,000 s)
2025-05-28 00:39:00,806 INFO  - Received event: 87000 (at simulation time IntraVehicleMsg)
2025-05-28 00:39:00,809 INFO  - Sent message to others cars = 'veh_3 | CartesianPoint{x=133.34,y=531.67,z=0.00}' (at simulation time 88.000,000,000 s)
2025-05-28 00:39:00,850 INFO  - Received event: 88000 (at simulation time IntraVehicleMsg)
2025-05-28 00:39:00,859 INFO  - Sent message to others cars = 'veh_3 | CartesianPoint{x=133.34,y=531.67,z=0.00}' (at simulation time 89.000,000,000 s)
2025-05-28 00:39:00,903 INFO  - Received event: 89000 (at simulation time IntraVehicleMsg)
2025-05-28 00:39:00,907 INFO  - Sent message to others cars = 'veh_3 | CartesianPoint{x=133.34,y=531.67,z=0.00}' (at simulation time 90.000,000,000 s)
2025-05-28 00:39:00,951 INFO  - Received event: 90000 (at simulation time IntraVehicleMsg)
2025-05-28 00:39:00,957 INFO  - Sent message to others cars = 'veh_3 | CartesianPoint{x=135.59,y=531.65,z=0.00}' (at simulation time 91.000,000,000 s)
2025-05-28 00:39:01,006 INFO  - Received event: 91000 (at simulation time IntraVehicleMsg)
2025-05-28 00:39:01,010 INFO  - Sent message to others cars = 'veh_3 | CartesianPoint{x=139.61,y=531.62,z=0.00}' (at simulation time 92.000,000,000 s)
2025-05-28 00:39:01,059 INFO  - Received event: 92000 (at simulation time IntraVehicleMsg)
2025-05-28 00:39:01,068 INFO  - Sent message to others cars = 'veh_3 | CartesianPoint{x=145.14,y=531.59,z=0.00}' (at simulation time 93.000,000,000 s)
2025-05-28 00:39:01,116 INFO  - Received event: 93000 (at simulation time IntraVehicleMsg)
2025-05-28 00:39:01,125 INFO  - Sent message to others cars = 'veh_3 | CartesianPoint{x=153.18,y=531.59,z=0.00}' (at simulation time 94.000,000,000 s)
2025-05-28 00:39:01,174 INFO  - Received event: 94000 (at simulation time IntraVehicleMsg)
2025-05-28 00:39:01,179 INFO  - Sent message to others cars = 'veh_3 | CartesianPoint{x=160.98,y=531.65,z=0.00}' (at simulation time 95.000,000,000 s)
2025-05-28 00:39:01,227 INFO  - Received event: 95000 (at simulation time IntraVehicleMsg)
2025-05-28 00:39:01,231 INFO  - Sent message to others cars = 'veh_3 | CartesianPoint{x=168.72,y=531.70,z=0.00}' (at simulation time 96.000,000,000 s)
2025-05-28 00:39:01,280 INFO  - Received event: 96000 (at simulation time IntraVehicleMsg)
2025-05-28 00:39:01,284 INFO  - Sent message to others cars = 'veh_3 | CartesianPoint{x=176.65,y=531.75,z=0.00}' (at simulation time 97.000,000,000 s)
2025-05-28 00:39:01,334 INFO  - Received event: 97000 (at simulation time IntraVehicleMsg)
2025-05-28 00:39:01,338 INFO  - Sent message to others cars = 'veh_3 | CartesianPoint{x=184.36,y=531.81,z=0.00}' (at simulation time 98.000,000,000 s)
2025-05-28 00:39:01,392 INFO  - Received event: 98000 (at simulation time IntraVehicleMsg)
2025-05-28 00:39:01,401 INFO  - Sent message to others cars = 'veh_3 | CartesianPoint{x=192.30,y=531.86,z=0.00}' (at simulation time 99.000,000,000 s)
2025-05-28 00:39:01,456 INFO  - Received event: 99000 (at simulation time IntraVehicleMsg)
2025-05-28 00:39:01,470 INFO  - Sent message to others cars = 'veh_3 | CartesianPoint{x=200.33,y=531.92,z=0.00}' (at simulation time 100.000,000,000 s)
2025-05-28 00:39:01,524 INFO  - Received event: 100000 (at simulation time IntraVehicleMsg)
2025-05-28 00:39:01,529 INFO  - Sent message to others cars = 'veh_3 | CartesianPoint{x=209.08,y=531.98,z=0.00}' (at simulation time 101.000,000,000 s)
2025-05-28 00:39:01,585 INFO  - Received event: 101000 (at simulation time IntraVehicleMsg)
2025-05-28 00:39:01,588 INFO  - Sent message to others cars = 'veh_3 | CartesianPoint{x=214.46,y=532.02,z=0.00}' (at simulation time 102.000,000,000 s)
2025-05-28 00:39:01,640 INFO  - Received event: 102000 (at simulation time IntraVehicleMsg)
2025-05-28 00:39:01,643 INFO  - Sent message to others cars = 'veh_3 | CartesianPoint{x=222.27,y=532.03,z=0.00}' (at simulation time 103.000,000,000 s)
2025-05-28 00:39:01,697 INFO  - Received event: 103000 (at simulation time IntraVehicleMsg)
2025-05-28 00:39:01,703 INFO  - Sent message to others cars = 'veh_3 | CartesianPoint{x=230.84,y=532.04,z=0.00}' (at simulation time 104.000,000,000 s)
2025-05-28 00:39:01,756 INFO  - Received event: 104000 (at simulation time IntraVehicleMsg)
2025-05-28 00:39:01,760 INFO  - Sent message to others cars = 'veh_3 | CartesianPoint{x=238.77,y=532.03,z=0.00}' (at simulation time 105.000,000,000 s)
2025-05-28 00:39:01,820 INFO  - Received event: 105000 (at simulation time IntraVehicleMsg)
2025-05-28 00:39:01,823 INFO  - Sent message to others cars = 'veh_3 | CartesianPoint{x=247.53,y=532.01,z=0.00}' (at simulation time 106.000,000,000 s)
2025-05-28 00:39:01,884 INFO  - Received event: 106000 (at simulation time IntraVehicleMsg)
2025-05-28 00:39:01,904 INFO  - Sent message to others cars = 'veh_3 | CartesianPoint{x=256.01,y=531.99,z=0.00}' (at simulation time 107.000,000,000 s)
2025-05-28 00:39:01,968 INFO  - Received event: 107000 (at simulation time IntraVehicleMsg)
2025-05-28 00:39:01,981 INFO  - Sent message to others cars = 'veh_3 | CartesianPoint{x=263.94,y=531.98,z=0.00}' (at simulation time 108.000,000,000 s)
2025-05-28 00:39:02,043 INFO  - Received event: 108000 (at simulation time IntraVehicleMsg)
2025-05-28 00:39:02,051 INFO  - Sent message to others cars = 'veh_3 | CartesianPoint{x=272.65,y=531.96,z=0.00}' (at simulation time 109.000,000,000 s)
2025-05-28 00:39:02,112 INFO  - Received event: 109000 (at simulation time IntraVehicleMsg)
2025-05-28 00:39:02,116 INFO  - Sent message to others cars = 'veh_3 | CartesianPoint{x=281.25,y=528.75,z=0.00}' (at simulation time 110.000,000,000 s)
2025-05-28 00:39:02,179 INFO  - Received event: 110000 (at simulation time IntraVehicleMsg)
2025-05-28 00:39:02,182 INFO  - Sent message to others cars = 'veh_3 | CartesianPoint{x=289.37,y=528.74,z=0.00}' (at simulation time 111.000,000,000 s)
2025-05-28 00:39:02,249 INFO  - Received event: 111000 (at simulation time IntraVehicleMsg)
2025-05-28 00:39:02,252 INFO  - Sent message to others cars = 'veh_3 | CartesianPoint{x=297.15,y=528.73,z=0.00}' (at simulation time 112.000,000,000 s)
2025-05-28 00:39:02,327 INFO  - Received event: 112000 (at simulation time IntraVehicleMsg)
2025-05-28 00:39:02,330 INFO  - Sent message to others cars = 'veh_3 | CartesianPoint{x=304.89,y=528.72,z=0.00}' (at simulation time 113.000,000,000 s)
2025-05-28 00:39:02,398 INFO  - Received event: 113000 (at simulation time IntraVehicleMsg)
2025-05-28 00:39:02,402 INFO  - Sent message to others cars = 'veh_3 | CartesianPoint{x=313.21,y=528.71,z=0.00}' (at simulation time 114.000,000,000 s)
2025-05-28 00:39:02,473 INFO  - Received event: 114000 (at simulation time IntraVehicleMsg)
2025-05-28 00:39:02,480 INFO  - Sent message to others cars = 'veh_3 | CartesianPoint{x=321.05,y=528.70,z=0.00}' (at simulation time 115.000,000,000 s)
2025-05-28 00:39:02,550 INFO  - Received event: 115000 (at simulation time IntraVehicleMsg)
2025-05-28 00:39:02,568 INFO  - Sent message to others cars = 'veh_3 | CartesianPoint{x=328.89,y=528.69,z=0.00}' (at simulation time 116.000,000,000 s)
2025-05-28 00:39:02,642 INFO  - Received event: 116000 (at simulation time IntraVehicleMsg)
2025-05-28 00:39:02,654 INFO  - Sent message to others cars = 'veh_3 | CartesianPoint{x=336.73,y=528.69,z=0.00}' (at simulation time 117.000,000,000 s)
2025-05-28 00:39:02,726 INFO  - Received event: 117000 (at simulation time IntraVehicleMsg)
2025-05-28 00:39:02,730 INFO  - Sent message to others cars = 'veh_3 | CartesianPoint{x=345.40,y=528.68,z=0.00}' (at simulation time 118.000,000,000 s)
2025-05-28 00:39:02,802 INFO  - Received event: 118000 (at simulation time IntraVehicleMsg)
2025-05-28 00:39:02,807 INFO  - ------------------------------------------------------------------------------------- (at simulation time 119.000,000,000 s)
2025-05-28 00:39:02,807 INFO  - Shutdown application (at simulation time 119.000,000,000 s)
2025-05-28 00:39:02,807 INFO  - ------------------------------------------------------------------------------------- (at simulation time 119.000,000,000 s)
