2025-05-28 00:49:17,852 INFO  - ------------------------------------------------------------------------------------- (at simulation time 665.000,000,000 s)
2025-05-28 00:49:17,852 INFO  - Initialize veh_128 application (at simulation time 665.000,000,000 s)
2025-05-28 00:49:17,852 INFO  - Activated AdHoc Module (at simulation time 665.000,000,000 s)
2025-05-28 00:49:17,852 INFO  - ------------------------------------------------------------------------------------- (at simulation time 665.000,000,000 s)
2025-05-28 00:49:17,853 INFO  - Sent message to others cars = 'veh_128 | CartesianPoint{x=143.94,y=749.34,z=0.00}' (at simulation time 665.000,000,000 s)
2025-05-28 00:49:17,922 INFO  - Received event: 665000 (at simulation time IntraVehicleMsg)
2025-05-28 00:49:17,925 INFO  - Sent message to others cars = 'veh_128 | CartesianPoint{x=143.92,y=742.54,z=0.00}' (at simulation time 666.000,000,000 s)
2025-05-28 00:49:17,994 INFO  - Received event: 666000 (at simulation time IntraVehicleMsg)
2025-05-28 00:49:17,999 INFO  - Sent message to others cars = 'veh_128 | CartesianPoint{x=143.90,y=734.85,z=0.00}' (at simulation time 667.000,000,000 s)
2025-05-28 00:49:18,068 INFO  - Received event: 667000 (at simulation time IntraVehicleMsg)
2025-05-28 00:49:18,071 INFO  - Sent message to others cars = 'veh_128 | CartesianPoint{x=143.87,y=727.96,z=0.00}' (at simulation time 668.000,000,000 s)
2025-05-28 00:49:18,143 INFO  - Received event: 668000 (at simulation time IntraVehicleMsg)
2025-05-28 00:49:18,145 INFO  - Sent message to others cars = 'veh_128 | CartesianPoint{x=143.85,y=720.94,z=0.00}' (at simulation time 669.000,000,000 s)
2025-05-28 00:49:18,217 INFO  - Received event: 669000 (at simulation time IntraVehicleMsg)
2025-05-28 00:49:18,219 INFO  - Sent message to others cars = 'veh_128 | CartesianPoint{x=143.83,y=713.64,z=0.00}' (at simulation time 670.000,000,000 s)
2025-05-28 00:49:18,290 INFO  - Received event: 670000 (at simulation time IntraVehicleMsg)
2025-05-28 00:49:18,292 INFO  - Sent message to others cars = 'veh_128 | CartesianPoint{x=140.60,y=706.53,z=0.00}' (at simulation time 671.000,000,000 s)
2025-05-28 00:49:18,371 INFO  - Received event: 671000 (at simulation time IntraVehicleMsg)
2025-05-28 00:49:18,381 INFO  - Sent message to others cars = 'veh_128 | CartesianPoint{x=140.58,y=699.75,z=0.00}' (at simulation time 672.000,000,000 s)
2025-05-28 00:49:18,456 INFO  - Received event: 672000 (at simulation time IntraVehicleMsg)
2025-05-28 00:49:18,459 INFO  - Sent message to others cars = 'veh_128 | CartesianPoint{x=140.56,y=693.22,z=0.00}' (at simulation time 673.000,000,000 s)
2025-05-28 00:49:18,522 INFO  - Received event: 673000 (at simulation time IntraVehicleMsg)
2025-05-28 00:49:18,525 INFO  - Sent message to others cars = 'veh_128 | CartesianPoint{x=140.53,y=686.01,z=0.00}' (at simulation time 674.000,000,000 s)
2025-05-28 00:49:18,591 INFO  - Received event: 674000 (at simulation time IntraVehicleMsg)
2025-05-28 00:49:18,598 INFO  - Sent message to others cars = 'veh_128 | CartesianPoint{x=140.51,y=679.10,z=0.00}' (at simulation time 675.000,000,000 s)
2025-05-28 00:49:18,665 INFO  - Received event: 675000 (at simulation time IntraVehicleMsg)
2025-05-28 00:49:18,667 INFO  - Sent message to others cars = 'veh_128 | CartesianPoint{x=140.49,y=672.59,z=0.00}' (at simulation time 676.000,000,000 s)
2025-05-28 00:49:18,733 INFO  - Received event: 676000 (at simulation time IntraVehicleMsg)
2025-05-28 00:49:18,736 INFO  - Sent message to others cars = 'veh_128 | CartesianPoint{x=140.47,y=665.33,z=0.00}' (at simulation time 677.000,000,000 s)
2025-05-28 00:49:18,797 INFO  - Received event: 677000 (at simulation time IntraVehicleMsg)
2025-05-28 00:49:18,800 INFO  - Sent message to others cars = 'veh_128 | CartesianPoint{x=140.45,y=658.25,z=0.00}' (at simulation time 678.000,000,000 s)
2025-05-28 00:49:18,858 INFO  - Received event: 678000 (at simulation time IntraVehicleMsg)
2025-05-28 00:49:18,861 INFO  - Sent message to others cars = 'veh_128 | CartesianPoint{x=140.44,y=650.84,z=0.00}' (at simulation time 679.000,000,000 s)
2025-05-28 00:49:18,919 INFO  - Received event: 679000 (at simulation time IntraVehicleMsg)
2025-05-28 00:49:18,922 INFO  - Sent message to others cars = 'veh_128 | CartesianPoint{x=140.42,y=643.71,z=0.00}' (at simulation time 680.000,000,000 s)
2025-05-28 00:49:19,008 INFO  - Received event: 680000 (at simulation time IntraVehicleMsg)
2025-05-28 00:49:19,016 INFO  - Sent message to others cars = 'veh_128 | CartesianPoint{x=140.40,y=636.88,z=0.00}' (at simulation time 681.000,000,000 s)
2025-05-28 00:49:19,069 INFO  - Received event: 681000 (at simulation time IntraVehicleMsg)
2025-05-28 00:49:19,073 INFO  - Sent message to others cars = 'veh_128 | CartesianPoint{x=140.39,y=630.03,z=0.00}' (at simulation time 682.000,000,000 s)
2025-05-28 00:49:19,127 INFO  - Received event: 682000 (at simulation time IntraVehicleMsg)
2025-05-28 00:49:19,130 INFO  - Sent message to others cars = 'veh_128 | CartesianPoint{x=140.37,y=622.80,z=0.00}' (at simulation time 683.000,000,000 s)
2025-05-28 00:49:19,190 INFO  - Received event: 683000 (at simulation time IntraVehicleMsg)
2025-05-28 00:49:19,194 INFO  - Sent message to others cars = 'veh_128 | CartesianPoint{x=140.35,y=615.36,z=0.00}' (at simulation time 684.000,000,000 s)
2025-05-28 00:49:19,260 INFO  - Received event: 684000 (at simulation time IntraVehicleMsg)
2025-05-28 00:49:19,266 INFO  - Sent message to others cars = 'veh_128 | CartesianPoint{x=140.34,y=608.61,z=0.00}' (at simulation time 685.000,000,000 s)
2025-05-28 00:49:19,324 INFO  - Received event: 685000 (at simulation time IntraVehicleMsg)
2025-05-28 00:49:19,326 INFO  - Sent message to others cars = 'veh_128 | CartesianPoint{x=140.31,y=602.02,z=0.00}' (at simulation time 686.000,000,000 s)
2025-05-28 00:49:19,376 INFO  - Received event: 686000 (at simulation time IntraVehicleMsg)
2025-05-28 00:49:19,379 INFO  - Sent message to others cars = 'veh_128 | CartesianPoint{x=140.27,y=594.87,z=0.00}' (at simulation time 687.000,000,000 s)
2025-05-28 00:49:19,431 INFO  - Received event: 687000 (at simulation time IntraVehicleMsg)
2025-05-28 00:49:19,433 INFO  - Sent message to others cars = 'veh_128 | CartesianPoint{x=140.24,y=588.21,z=0.00}' (at simulation time 688.000,000,000 s)
2025-05-28 00:49:19,489 INFO  - Received event: 688000 (at simulation time IntraVehicleMsg)
2025-05-28 00:49:19,491 INFO  - Sent message to others cars = 'veh_128 | CartesianPoint{x=140.20,y=581.02,z=0.00}' (at simulation time 689.000,000,000 s)
2025-05-28 00:49:19,547 INFO  - Received event: 689000 (at simulation time IntraVehicleMsg)
2025-05-28 00:49:19,549 INFO  - Sent message to others cars = 'veh_128 | CartesianPoint{x=140.16,y=574.05,z=0.00}' (at simulation time 690.000,000,000 s)
2025-05-28 00:49:19,605 INFO  - Received event: 690000 (at simulation time IntraVehicleMsg)
2025-05-28 00:49:19,607 INFO  - Sent message to others cars = 'veh_128 | CartesianPoint{x=140.13,y=566.83,z=0.00}' (at simulation time 691.000,000,000 s)
2025-05-28 00:49:19,665 INFO  - Received event: 691000 (at simulation time IntraVehicleMsg)
2025-05-28 00:49:19,666 INFO  - Sent message to others cars = 'veh_128 | CartesianPoint{x=140.09,y=560.09,z=0.00}' (at simulation time 692.000,000,000 s)
2025-05-28 00:49:19,723 INFO  - Received event: 692000 (at simulation time IntraVehicleMsg)
2025-05-28 00:49:19,727 INFO  - Sent message to others cars = 'veh_128 | CartesianPoint{x=140.05,y=552.77,z=0.00}' (at simulation time 693.000,000,000 s)
2025-05-28 00:49:19,783 INFO  - Received event: 693000 (at simulation time IntraVehicleMsg)
2025-05-28 00:49:19,789 INFO  - Sent message to others cars = 'veh_128 | CartesianPoint{x=140.02,y=547.26,z=0.00}' (at simulation time 694.000,000,000 s)
2025-05-28 00:49:19,851 INFO  - Received event: 694000 (at simulation time IntraVehicleMsg)
2025-05-28 00:49:19,854 INFO  - Sent message to others cars = 'veh_128 | CartesianPoint{x=140.01,y=545.00,z=0.00}' (at simulation time 695.000,000,000 s)
2025-05-28 00:49:19,913 INFO  - Received event: 695000 (at simulation time IntraVehicleMsg)
2025-05-28 00:49:19,920 INFO  - Sent message to others cars = 'veh_128 | CartesianPoint{x=140.01,y=544.72,z=0.00}' (at simulation time 696.000,000,000 s)
2025-05-28 00:49:19,985 INFO  - Received event: 696000 (at simulation time IntraVehicleMsg)
2025-05-28 00:49:19,987 INFO  - Sent message to others cars = 'veh_128 | CartesianPoint{x=140.01,y=544.69,z=0.00}' (at simulation time 697.000,000,000 s)
2025-05-28 00:49:20,048 INFO  - Received event: 697000 (at simulation time IntraVehicleMsg)
2025-05-28 00:49:20,051 INFO  - Sent message to others cars = 'veh_128 | CartesianPoint{x=140.01,y=544.69,z=0.00}' (at simulation time 698.000,000,000 s)
2025-05-28 00:49:20,112 INFO  - Received event: 698000 (at simulation time IntraVehicleMsg)
2025-05-28 00:49:20,121 INFO  - Sent message to others cars = 'veh_128 | CartesianPoint{x=140.01,y=544.69,z=0.00}' (at simulation time 699.000,000,000 s)
2025-05-28 00:49:20,183 INFO  - Received event: 699000 (at simulation time IntraVehicleMsg)
2025-05-28 00:49:20,186 INFO  - Sent message to others cars = 'veh_128 | CartesianPoint{x=140.01,y=544.69,z=0.00}' (at simulation time 700.000,000,000 s)
2025-05-28 00:49:20,253 INFO  - Received event: 700000 (at simulation time IntraVehicleMsg)
2025-05-28 00:49:20,256 INFO  - Sent message to others cars = 'veh_128 | CartesianPoint{x=140.01,y=544.69,z=0.00}' (at simulation time 701.000,000,000 s)
2025-05-28 00:49:20,324 INFO  - Received event: 701000 (at simulation time IntraVehicleMsg)
2025-05-28 00:49:20,327 INFO  - Sent message to others cars = 'veh_128 | CartesianPoint{x=140.01,y=544.69,z=0.00}' (at simulation time 702.000,000,000 s)
2025-05-28 00:49:20,386 INFO  - Received event: 702000 (at simulation time IntraVehicleMsg)
2025-05-28 00:49:20,391 INFO  - Sent message to others cars = 'veh_128 | CartesianPoint{x=140.01,y=544.69,z=0.00}' (at simulation time 703.000,000,000 s)
2025-05-28 00:49:20,455 INFO  - Received event: 703000 (at simulation time IntraVehicleMsg)
2025-05-28 00:49:20,458 INFO  - Sent message to others cars = 'veh_128 | CartesianPoint{x=140.01,y=544.69,z=0.00}' (at simulation time 704.000,000,000 s)
2025-05-28 00:49:20,517 INFO  - Received event: 704000 (at simulation time IntraVehicleMsg)
2025-05-28 00:49:20,520 INFO  - Sent message to others cars = 'veh_128 | CartesianPoint{x=140.00,y=543.69,z=0.00}' (at simulation time 705.000,000,000 s)
2025-05-28 00:49:20,582 INFO  - Received event: 705000 (at simulation time IntraVehicleMsg)
2025-05-28 00:49:20,585 INFO  - Sent message to others cars = 'veh_128 | CartesianPoint{x=139.99,y=541.17,z=0.00}' (at simulation time 706.000,000,000 s)
2025-05-28 00:49:20,649 INFO  - Received event: 706000 (at simulation time IntraVehicleMsg)
2025-05-28 00:49:20,651 INFO  - Sent message to others cars = 'veh_128 | CartesianPoint{x=139.97,y=537.04,z=0.00}' (at simulation time 707.000,000,000 s)
2025-05-28 00:49:20,710 INFO  - Received event: 707000 (at simulation time IntraVehicleMsg)
2025-05-28 00:49:20,714 INFO  - Sent message to others cars = 'veh_128 | CartesianPoint{x=139.91,y=530.32,z=0.00}' (at simulation time 708.000,000,000 s)
2025-05-28 00:49:20,773 INFO  - Received event: 708000 (at simulation time IntraVehicleMsg)
2025-05-28 00:49:20,775 INFO  - Sent message to others cars = 'veh_128 | CartesianPoint{x=139.85,y=523.24,z=0.00}' (at simulation time 709.000,000,000 s)
2025-05-28 00:49:20,832 INFO  - Received event: 709000 (at simulation time IntraVehicleMsg)
2025-05-28 00:49:20,835 INFO  - Sent message to others cars = 'veh_128 | CartesianPoint{x=139.78,y=515.93,z=0.00}' (at simulation time 710.000,000,000 s)
2025-05-28 00:49:20,889 INFO  - Received event: 710000 (at simulation time IntraVehicleMsg)
2025-05-28 00:49:20,891 INFO  - Sent message to others cars = 'veh_128 | CartesianPoint{x=139.72,y=508.80,z=0.00}' (at simulation time 711.000,000,000 s)
2025-05-28 00:49:20,944 INFO  - Received event: 711000 (at simulation time IntraVehicleMsg)
2025-05-28 00:49:20,946 INFO  - Sent message to others cars = 'veh_128 | CartesianPoint{x=139.65,y=501.72,z=0.00}' (at simulation time 712.000,000,000 s)
2025-05-28 00:49:20,999 INFO  - Received event: 712000 (at simulation time IntraVehicleMsg)
2025-05-28 00:49:21,004 INFO  - Sent message to others cars = 'veh_128 | CartesianPoint{x=139.58,y=494.07,z=0.00}' (at simulation time 713.000,000,000 s)
2025-05-28 00:49:21,057 INFO  - Received event: 713000 (at simulation time IntraVehicleMsg)
2025-05-28 00:49:21,060 INFO  - Sent message to others cars = 'veh_128 | CartesianPoint{x=139.51,y=487.25,z=0.00}' (at simulation time 714.000,000,000 s)
2025-05-28 00:49:21,116 INFO  - Received event: 714000 (at simulation time IntraVehicleMsg)
2025-05-28 00:49:21,119 INFO  - Sent message to others cars = 'veh_128 | CartesianPoint{x=139.44,y=480.03,z=0.00}' (at simulation time 715.000,000,000 s)
2025-05-28 00:49:21,177 INFO  - Received event: 715000 (at simulation time IntraVehicleMsg)
2025-05-28 00:49:21,179 INFO  - Sent message to others cars = 'veh_128 | CartesianPoint{x=139.37,y=472.59,z=0.00}' (at simulation time 716.000,000,000 s)
2025-05-28 00:49:21,234 INFO  - Received event: 716000 (at simulation time IntraVehicleMsg)
2025-05-28 00:49:21,236 INFO  - Sent message to others cars = 'veh_128 | CartesianPoint{x=139.31,y=465.83,z=0.00}' (at simulation time 717.000,000,000 s)
2025-05-28 00:49:21,293 INFO  - Received event: 717000 (at simulation time IntraVehicleMsg)
2025-05-28 00:49:21,295 INFO  - Sent message to others cars = 'veh_128 | CartesianPoint{x=139.24,y=459.38,z=0.00}' (at simulation time 718.000,000,000 s)
2025-05-28 00:49:21,355 INFO  - Received event: 718000 (at simulation time IntraVehicleMsg)
2025-05-28 00:49:21,361 INFO  - Sent message to others cars = 'veh_128 | CartesianPoint{x=139.19,y=453.51,z=0.00}' (at simulation time 719.000,000,000 s)
2025-05-28 00:49:21,417 INFO  - Received event: 719000 (at simulation time IntraVehicleMsg)
2025-05-28 00:49:21,419 INFO  - Sent message to others cars = 'veh_128 | CartesianPoint{x=139.19,y=446.51,z=0.00}' (at simulation time 720.000,000,000 s)
2025-05-28 00:49:21,476 INFO  - Received event: 720000 (at simulation time IntraVehicleMsg)
2025-05-28 00:49:21,478 INFO  - Sent message to others cars = 'veh_128 | CartesianPoint{x=139.17,y=440.01,z=0.00}' (at simulation time 721.000,000,000 s)
2025-05-28 00:49:21,528 INFO  - Received event: 721000 (at simulation time IntraVehicleMsg)
2025-05-28 00:49:21,530 INFO  - Sent message to others cars = 'veh_128 | CartesianPoint{x=139.16,y=433.49,z=0.00}' (at simulation time 722.000,000,000 s)
2025-05-28 00:49:21,584 INFO  - Received event: 722000 (at simulation time IntraVehicleMsg)
2025-05-28 00:49:21,590 INFO  - Sent message to others cars = 'veh_128 | CartesianPoint{x=139.14,y=425.86,z=0.00}' (at simulation time 723.000,000,000 s)
2025-05-28 00:49:21,642 INFO  - Received event: 723000 (at simulation time IntraVehicleMsg)
2025-05-28 00:49:21,643 INFO  - Sent message to others cars = 'veh_128 | CartesianPoint{x=139.13,y=418.84,z=0.00}' (at simulation time 724.000,000,000 s)
2025-05-28 00:49:21,690 INFO  - Received event: 724000 (at simulation time IntraVehicleMsg)
2025-05-28 00:49:21,692 INFO  - Sent message to others cars = 'veh_128 | CartesianPoint{x=139.12,y=412.33,z=0.00}' (at simulation time 725.000,000,000 s)
2025-05-28 00:49:21,734 INFO  - Received event: 725000 (at simulation time IntraVehicleMsg)
2025-05-28 00:49:21,736 INFO  - Sent message to others cars = 'veh_128 | CartesianPoint{x=139.10,y=404.79,z=0.00}' (at simulation time 726.000,000,000 s)
2025-05-28 00:49:21,780 INFO  - Received event: 726000 (at simulation time IntraVehicleMsg)
2025-05-28 00:49:21,782 INFO  - Sent message to others cars = 'veh_128 | CartesianPoint{x=139.08,y=397.47,z=0.00}' (at simulation time 727.000,000,000 s)
2025-05-28 00:49:21,820 INFO  - Received event: 727000 (at simulation time IntraVehicleMsg)
2025-05-28 00:49:21,822 INFO  - Sent message to others cars = 'veh_128 | CartesianPoint{x=139.07,y=390.58,z=0.00}' (at simulation time 728.000,000,000 s)
2025-05-28 00:49:21,860 INFO  - Received event: 728000 (at simulation time IntraVehicleMsg)
2025-05-28 00:49:21,862 INFO  - Sent message to others cars = 'veh_128 | CartesianPoint{x=139.05,y=383.24,z=0.00}' (at simulation time 729.000,000,000 s)
2025-05-28 00:49:21,895 INFO  - Received event: 729000 (at simulation time IntraVehicleMsg)
2025-05-28 00:49:21,897 INFO  - Sent message to others cars = 'veh_128 | CartesianPoint{x=139.04,y=376.17,z=0.00}' (at simulation time 730.000,000,000 s)
2025-05-28 00:49:21,931 INFO  - Received event: 730000 (at simulation time IntraVehicleMsg)
2025-05-28 00:49:21,933 INFO  - Sent message to others cars = 'veh_128 | CartesianPoint{x=139.02,y=368.85,z=0.00}' (at simulation time 731.000,000,000 s)
2025-05-28 00:49:21,968 INFO  - Received event: 731000 (at simulation time IntraVehicleMsg)
2025-05-28 00:49:21,970 INFO  - Sent message to others cars = 'veh_128 | CartesianPoint{x=139.01,y=361.14,z=0.00}' (at simulation time 732.000,000,000 s)
2025-05-28 00:49:22,005 INFO  - Received event: 732000 (at simulation time IntraVehicleMsg)
2025-05-28 00:49:22,006 INFO  - Sent message to others cars = 'veh_128 | CartesianPoint{x=138.97,y=353.44,z=0.00}' (at simulation time 733.000,000,000 s)
2025-05-28 00:49:22,042 INFO  - Received event: 733000 (at simulation time IntraVehicleMsg)
2025-05-28 00:49:22,043 INFO  - Sent message to others cars = 'veh_128 | CartesianPoint{x=138.90,y=345.86,z=0.00}' (at simulation time 734.000,000,000 s)
2025-05-28 00:49:22,080 INFO  - Received event: 734000 (at simulation time IntraVehicleMsg)
2025-05-28 00:49:22,081 INFO  - Sent message to others cars = 'veh_128 | CartesianPoint{x=138.84,y=339.02,z=0.00}' (at simulation time 735.000,000,000 s)
2025-05-28 00:49:22,118 INFO  - Received event: 735000 (at simulation time IntraVehicleMsg)
2025-05-28 00:49:22,120 INFO  - Sent message to others cars = 'veh_128 | CartesianPoint{x=138.78,y=331.47,z=0.00}' (at simulation time 736.000,000,000 s)
2025-05-28 00:49:22,157 INFO  - Received event: 736000 (at simulation time IntraVehicleMsg)
2025-05-28 00:49:22,159 INFO  - Sent message to others cars = 'veh_128 | CartesianPoint{x=138.72,y=324.86,z=0.00}' (at simulation time 737.000,000,000 s)
2025-05-28 00:49:22,198 INFO  - Received event: 737000 (at simulation time IntraVehicleMsg)
2025-05-28 00:49:22,199 INFO  - Sent message to others cars = 'veh_128 | CartesianPoint{x=138.66,y=318.29,z=0.00}' (at simulation time 738.000,000,000 s)
2025-05-28 00:49:22,232 INFO  - Received event: 738000 (at simulation time IntraVehicleMsg)
2025-05-28 00:49:22,234 INFO  - Sent message to others cars = 'veh_128 | CartesianPoint{x=138.60,y=310.77,z=0.00}' (at simulation time 739.000,000,000 s)
2025-05-28 00:49:22,267 INFO  - Received event: 739000 (at simulation time IntraVehicleMsg)
2025-05-28 00:49:22,269 INFO  - Sent message to others cars = 'veh_128 | CartesianPoint{x=138.54,y=304.33,z=0.00}' (at simulation time 740.000,000,000 s)
2025-05-28 00:49:22,302 INFO  - Received event: 740000 (at simulation time IntraVehicleMsg)
2025-05-28 00:49:22,304 INFO  - Sent message to others cars = 'veh_128 | CartesianPoint{x=138.49,y=297.63,z=0.00}' (at simulation time 741.000,000,000 s)
2025-05-28 00:49:22,338 INFO  - Received event: 741000 (at simulation time IntraVehicleMsg)
2025-05-28 00:49:22,339 INFO  - Sent message to others cars = 'veh_128 | CartesianPoint{x=138.43,y=291.06,z=0.00}' (at simulation time 742.000,000,000 s)
2025-05-28 00:49:22,374 INFO  - Received event: 742000 (at simulation time IntraVehicleMsg)
2025-05-28 00:49:22,376 INFO  - Sent message to others cars = 'veh_128 | CartesianPoint{x=138.37,y=284.58,z=0.00}' (at simulation time 743.000,000,000 s)
2025-05-28 00:49:22,412 INFO  - Received event: 743000 (at simulation time IntraVehicleMsg)
2025-05-28 00:49:22,414 INFO  - Sent message to others cars = 'veh_128 | CartesianPoint{x=138.31,y=277.64,z=0.00}' (at simulation time 744.000,000,000 s)
2025-05-28 00:49:22,451 INFO  - Received event: 744000 (at simulation time IntraVehicleMsg)
2025-05-28 00:49:22,454 INFO  - Sent message to others cars = 'veh_128 | CartesianPoint{x=138.25,y=270.92,z=0.00}' (at simulation time 745.000,000,000 s)
2025-05-28 00:49:22,494 INFO  - Received event: 745000 (at simulation time IntraVehicleMsg)
2025-05-28 00:49:22,496 INFO  - Sent message to others cars = 'veh_128 | CartesianPoint{x=138.20,y=264.21,z=0.00}' (at simulation time 746.000,000,000 s)
2025-05-28 00:49:22,534 INFO  - Received event: 746000 (at simulation time IntraVehicleMsg)
2025-05-28 00:49:22,536 INFO  - Sent message to others cars = 'veh_128 | CartesianPoint{x=138.14,y=257.35,z=0.00}' (at simulation time 747.000,000,000 s)
2025-05-28 00:49:22,575 INFO  - Received event: 747000 (at simulation time IntraVehicleMsg)
2025-05-28 00:49:22,577 INFO  - Sent message to others cars = 'veh_128 | CartesianPoint{x=138.08,y=250.01,z=0.00}' (at simulation time 748.000,000,000 s)
2025-05-28 00:49:22,617 INFO  - Received event: 748000 (at simulation time IntraVehicleMsg)
2025-05-28 00:49:22,618 INFO  - Sent message to others cars = 'veh_128 | CartesianPoint{x=138.01,y=242.58,z=0.00}' (at simulation time 749.000,000,000 s)
2025-05-28 00:49:22,656 INFO  - Received event: 749000 (at simulation time IntraVehicleMsg)
2025-05-28 00:49:22,658 INFO  - Sent message to others cars = 'veh_128 | CartesianPoint{x=137.95,y=234.86,z=0.00}' (at simulation time 750.000,000,000 s)
2025-05-28 00:49:22,697 INFO  - Received event: 750000 (at simulation time IntraVehicleMsg)
2025-05-28 00:49:22,698 INFO  - Sent message to others cars = 'veh_128 | CartesianPoint{x=137.89,y=227.64,z=0.00}' (at simulation time 751.000,000,000 s)
2025-05-28 00:49:22,737 INFO  - Received event: 751000 (at simulation time IntraVehicleMsg)
2025-05-28 00:49:22,738 INFO  - Sent message to others cars = 'veh_128 | CartesianPoint{x=137.83,y=220.16,z=0.00}' (at simulation time 752.000,000,000 s)
2025-05-28 00:49:22,778 INFO  - Received event: 752000 (at simulation time IntraVehicleMsg)
2025-05-28 00:49:22,779 INFO  - Sent message to others cars = 'veh_128 | CartesianPoint{x=137.77,y=213.40,z=0.00}' (at simulation time 753.000,000,000 s)
2025-05-28 00:49:22,821 INFO  - Received event: 753000 (at simulation time IntraVehicleMsg)
2025-05-28 00:49:22,822 INFO  - Sent message to others cars = 'veh_128 | CartesianPoint{x=137.71,y=205.91,z=0.00}' (at simulation time 754.000,000,000 s)
2025-05-28 00:49:22,863 INFO  - Received event: 754000 (at simulation time IntraVehicleMsg)
2025-05-28 00:49:22,865 INFO  - Sent message to others cars = 'veh_128 | CartesianPoint{x=137.65,y=198.22,z=0.00}' (at simulation time 755.000,000,000 s)
2025-05-28 00:49:22,908 INFO  - Received event: 755000 (at simulation time IntraVehicleMsg)
2025-05-28 00:49:22,910 INFO  - Sent message to others cars = 'veh_128 | CartesianPoint{x=137.59,y=191.39,z=0.00}' (at simulation time 756.000,000,000 s)
2025-05-28 00:49:22,955 INFO  - Received event: 756000 (at simulation time IntraVehicleMsg)
2025-05-28 00:49:22,956 INFO  - Sent message to others cars = 'veh_128 | CartesianPoint{x=137.53,y=184.31,z=0.00}' (at simulation time 757.000,000,000 s)
2025-05-28 00:49:22,998 INFO  - Received event: 757000 (at simulation time IntraVehicleMsg)
2025-05-28 00:49:22,999 INFO  - Sent message to others cars = 'veh_128 | CartesianPoint{x=137.48,y=177.27,z=0.00}' (at simulation time 758.000,000,000 s)
2025-05-28 00:49:23,042 INFO  - Received event: 758000 (at simulation time IntraVehicleMsg)
2025-05-28 00:49:23,043 INFO  - Sent message to others cars = 'veh_128 | CartesianPoint{x=137.41,y=169.60,z=0.00}' (at simulation time 759.000,000,000 s)
2025-05-28 00:49:23,087 INFO  - Received event: 759000 (at simulation time IntraVehicleMsg)
2025-05-28 00:49:23,088 INFO  - Sent message to others cars = 'veh_128 | CartesianPoint{x=137.35,y=162.51,z=0.00}' (at simulation time 760.000,000,000 s)
2025-05-28 00:49:23,133 INFO  - Received event: 760000 (at simulation time IntraVehicleMsg)
2025-05-28 00:49:23,134 INFO  - Sent message to others cars = 'veh_128 | CartesianPoint{x=137.29,y=155.07,z=0.00}' (at simulation time 761.000,000,000 s)
2025-05-28 00:49:23,178 INFO  - Received event: 761000 (at simulation time IntraVehicleMsg)
2025-05-28 00:49:23,180 INFO  - Sent message to others cars = 'veh_128 | CartesianPoint{x=137.24,y=148.27,z=0.00}' (at simulation time 762.000,000,000 s)
2025-05-28 00:49:23,224 INFO  - Received event: 762000 (at simulation time IntraVehicleMsg)
2025-05-28 00:49:23,226 INFO  - Sent message to others cars = 'veh_128 | CartesianPoint{x=137.18,y=141.68,z=0.00}' (at simulation time 763.000,000,000 s)
2025-05-28 00:49:23,272 INFO  - Received event: 763000 (at simulation time IntraVehicleMsg)
2025-05-28 00:49:23,273 INFO  - Sent message to others cars = 'veh_128 | CartesianPoint{x=137.18,y=134.69,z=0.00}' (at simulation time 764.000,000,000 s)
2025-05-28 00:49:23,319 INFO  - Received event: 764000 (at simulation time IntraVehicleMsg)
2025-05-28 00:49:23,320 INFO  - Sent message to others cars = 'veh_128 | CartesianPoint{x=137.22,y=127.57,z=0.00}' (at simulation time 765.000,000,000 s)
2025-05-28 00:49:23,366 INFO  - Received event: 765000 (at simulation time IntraVehicleMsg)
2025-05-28 00:49:23,368 INFO  - Sent message to others cars = 'veh_128 | CartesianPoint{x=137.27,y=119.88,z=0.00}' (at simulation time 766.000,000,000 s)
2025-05-28 00:49:23,415 INFO  - Received event: 766000 (at simulation time IntraVehicleMsg)
2025-05-28 00:49:23,416 INFO  - Sent message to others cars = 'veh_128 | CartesianPoint{x=137.31,y=112.20,z=0.00}' (at simulation time 767.000,000,000 s)
2025-05-28 00:49:23,463 INFO  - Received event: 767000 (at simulation time IntraVehicleMsg)
2025-05-28 00:49:23,464 INFO  - Sent message to others cars = 'veh_128 | CartesianPoint{x=137.35,y=105.37,z=0.00}' (at simulation time 768.000,000,000 s)
2025-05-28 00:49:23,507 INFO  - Received event: 768000 (at simulation time IntraVehicleMsg)
2025-05-28 00:49:23,508 INFO  - Sent message to others cars = 'veh_128 | CartesianPoint{x=137.39,y=98.54,z=0.00}' (at simulation time 769.000,000,000 s)
2025-05-28 00:49:23,550 INFO  - Received event: 769000 (at simulation time IntraVehicleMsg)
2025-05-28 00:49:23,551 INFO  - Sent message to others cars = 'veh_128 | CartesianPoint{x=137.42,y=91.51,z=0.00}' (at simulation time 770.000,000,000 s)
2025-05-28 00:49:23,594 INFO  - Received event: 770000 (at simulation time IntraVehicleMsg)
2025-05-28 00:49:23,595 INFO  - Sent message to others cars = 'veh_128 | CartesianPoint{x=137.47,y=84.00,z=0.00}' (at simulation time 771.000,000,000 s)
2025-05-28 00:49:23,638 INFO  - Received event: 771000 (at simulation time IntraVehicleMsg)
2025-05-28 00:49:23,639 INFO  - Sent message to others cars = 'veh_128 | CartesianPoint{x=137.50,y=77.53,z=0.00}' (at simulation time 772.000,000,000 s)
2025-05-28 00:49:23,683 INFO  - Received event: 772000 (at simulation time IntraVehicleMsg)
2025-05-28 00:49:23,684 INFO  - Sent message to others cars = 'veh_128 | CartesianPoint{x=140.15,y=71.44,z=0.00}' (at simulation time 773.000,000,000 s)
2025-05-28 00:49:23,727 INFO  - Received event: 773000 (at simulation time IntraVehicleMsg)
2025-05-28 00:49:23,729 INFO  - Sent message to others cars = 'veh_128 | CartesianPoint{x=144.13,y=65.56,z=0.00}' (at simulation time 774.000,000,000 s)
2025-05-28 00:49:23,777 INFO  - Received event: 774000 (at simulation time IntraVehicleMsg)
2025-05-28 00:49:23,778 INFO  - Sent message to others cars = 'veh_128 | CartesianPoint{x=149.48,y=60.55,z=0.00}' (at simulation time 775.000,000,000 s)
2025-05-28 00:49:23,813 INFO  - Received event: 775000 (at simulation time IntraVehicleMsg)
2025-05-28 00:49:23,814 INFO  - Sent message to others cars = 'veh_128 | CartesianPoint{x=154.85,y=55.29,z=0.00}' (at simulation time 776.000,000,000 s)
2025-05-28 00:49:23,849 INFO  - Received event: 776000 (at simulation time IntraVehicleMsg)
2025-05-28 00:49:23,850 INFO  - Sent message to others cars = 'veh_128 | CartesianPoint{x=159.27,y=50.43,z=0.00}' (at simulation time 777.000,000,000 s)
2025-05-28 00:49:23,885 INFO  - Received event: 777000 (at simulation time IntraVehicleMsg)
2025-05-28 00:49:23,886 INFO  - Sent message to others cars = 'veh_128 | CartesianPoint{x=164.45,y=44.72,z=0.00}' (at simulation time 778.000,000,000 s)
2025-05-28 00:49:23,916 INFO  - Received event: 778000 (at simulation time IntraVehicleMsg)
2025-05-28 00:49:23,917 INFO  - Sent message to others cars = 'veh_128 | CartesianPoint{x=169.29,y=39.40,z=0.00}' (at simulation time 779.000,000,000 s)
2025-05-28 00:49:23,936 INFO  - Received event: 779000 (at simulation time IntraVehicleMsg)
2025-05-28 00:49:23,937 INFO  - Sent message to others cars = 'veh_128 | CartesianPoint{x=174.13,y=34.07,z=0.00}' (at simulation time 780.000,000,000 s)
2025-05-28 00:49:23,956 INFO  - Received event: 780000 (at simulation time IntraVehicleMsg)
2025-05-28 00:49:23,957 INFO  - Sent message to others cars = 'veh_128 | CartesianPoint{x=178.97,y=28.76,z=0.00}' (at simulation time 781.000,000,000 s)
2025-05-28 00:49:23,972 INFO  - Received event: 781000 (at simulation time IntraVehicleMsg)
2025-05-28 00:49:23,973 INFO  - Sent message to others cars = 'veh_128 | CartesianPoint{x=184.07,y=23.15,z=0.00}' (at simulation time 782.000,000,000 s)
2025-05-28 00:49:23,988 INFO  - Received event: 782000 (at simulation time IntraVehicleMsg)
2025-05-28 00:49:23,989 INFO  - Sent message to others cars = 'veh_128 | CartesianPoint{x=188.85,y=17.89,z=0.00}' (at simulation time 783.000,000,000 s)
2025-05-28 00:49:24,004 INFO  - Received event: 783000 (at simulation time IntraVehicleMsg)
2025-05-28 00:49:24,005 INFO  - Sent message to others cars = 'veh_128 | CartesianPoint{x=193.93,y=12.31,z=0.00}' (at simulation time 784.000,000,000 s)
2025-05-28 00:49:24,021 INFO  - Received event: 784000 (at simulation time IntraVehicleMsg)
2025-05-28 00:49:24,022 INFO  - Sent message to others cars = 'veh_128 | CartesianPoint{x=195.57,y=5.97,z=0.00}' (at simulation time 785.000,000,000 s)
2025-05-28 00:49:24,038 INFO  - Received event: 785000 (at simulation time IntraVehicleMsg)
2025-05-28 00:49:24,038 INFO  - Sent message to others cars = 'veh_128 | CartesianPoint{x=197.25,y=-1.03,z=0.00}' (at simulation time 786.000,000,000 s)
2025-05-28 00:49:24,054 INFO  - Received event: 786000 (at simulation time IntraVehicleMsg)
2025-05-28 00:49:24,055 INFO  - ------------------------------------------------------------------------------------- (at simulation time 787.000,000,000 s)
2025-05-28 00:49:24,055 INFO  - Shutdown application (at simulation time 787.000,000,000 s)
2025-05-28 00:49:24,055 INFO  - ------------------------------------------------------------------------------------- (at simulation time 787.000,000,000 s)
