2025-05-28 00:33:36,348 INFO  - ------------------------------------------------------------------------------------- (at simulation time 233.000,000,000 s)
2025-05-28 00:33:36,349 INFO  - Initialize veh_44 application (at simulation time 233.000,000,000 s)
2025-05-28 00:33:36,349 INFO  - Activated AdHoc Module (at simulation time 233.000,000,000 s)
2025-05-28 00:33:36,349 INFO  - ------------------------------------------------------------------------------------- (at simulation time 233.000,000,000 s)
2025-05-28 00:33:36,351 INFO  - Sent message to others cars = 'veh_44 | CartesianPoint{x=143.94,y=749.34,z=0.00}' (at simulation time 233.000,000,000 s)
2025-05-28 00:33:36,413 INFO  - Received event: 233000 (at simulation time IntraVehicleMsg)
2025-05-28 00:33:36,416 INFO  - Sent message to others cars = 'veh_44 | CartesianPoint{x=143.91,y=739.82,z=0.00}' (at simulation time 234.000,000,000 s)
2025-05-28 00:33:36,480 INFO  - Received event: 234000 (at simulation time IntraVehicleMsg)
2025-05-28 00:33:36,483 INFO  - Sent message to others cars = 'veh_44 | CartesianPoint{x=143.89,y=731.12,z=0.00}' (at simulation time 235.000,000,000 s)
2025-05-28 00:33:36,548 INFO  - Received event: 235000 (at simulation time IntraVehicleMsg)
2025-05-28 00:33:36,550 INFO  - Sent message to others cars = 'veh_44 | CartesianPoint{x=143.85,y=721.75,z=0.00}' (at simulation time 236.000,000,000 s)
2025-05-28 00:33:36,615 INFO  - Received event: 236000 (at simulation time IntraVehicleMsg)
2025-05-28 00:33:36,622 INFO  - Sent message to others cars = 'veh_44 | CartesianPoint{x=143.82,y=712.97,z=0.00}' (at simulation time 237.000,000,000 s)
2025-05-28 00:33:36,689 INFO  - Received event: 237000 (at simulation time IntraVehicleMsg)
2025-05-28 00:33:36,692 INFO  - Sent message to others cars = 'veh_44 | CartesianPoint{x=143.79,y=703.69,z=0.00}' (at simulation time 238.000,000,000 s)
2025-05-28 00:33:36,761 INFO  - Received event: 238000 (at simulation time IntraVehicleMsg)
2025-05-28 00:33:36,764 INFO  - Sent message to others cars = 'veh_44 | CartesianPoint{x=143.76,y=694.17,z=0.00}' (at simulation time 239.000,000,000 s)
2025-05-28 00:33:36,834 INFO  - Received event: 239000 (at simulation time IntraVehicleMsg)
2025-05-28 00:33:36,839 INFO  - Sent message to others cars = 'veh_44 | CartesianPoint{x=143.73,y=684.31,z=0.00}' (at simulation time 240.000,000,000 s)
2025-05-28 00:33:36,910 INFO  - Received event: 240000 (at simulation time IntraVehicleMsg)
2025-05-28 00:33:36,912 INFO  - Sent message to others cars = 'veh_44 | CartesianPoint{x=143.70,y=675.53,z=0.00}' (at simulation time 241.000,000,000 s)
2025-05-28 00:33:36,985 INFO  - Received event: 241000 (at simulation time IntraVehicleMsg)
2025-05-28 00:33:36,989 INFO  - Sent message to others cars = 'veh_44 | CartesianPoint{x=143.67,y=665.78,z=0.00}' (at simulation time 242.000,000,000 s)
2025-05-28 00:33:37,061 INFO  - Received event: 242000 (at simulation time IntraVehicleMsg)
2025-05-28 00:33:37,068 INFO  - Sent message to others cars = 'veh_44 | CartesianPoint{x=143.65,y=656.70,z=0.00}' (at simulation time 243.000,000,000 s)
2025-05-28 00:33:37,141 INFO  - Received event: 243000 (at simulation time IntraVehicleMsg)
2025-05-28 00:33:37,144 INFO  - Sent message to others cars = 'veh_44 | CartesianPoint{x=140.43,y=647.24,z=0.00}' (at simulation time 244.000,000,000 s)
2025-05-28 00:33:37,220 INFO  - Received event: 244000 (at simulation time IntraVehicleMsg)
2025-05-28 00:33:37,224 INFO  - Sent message to others cars = 'veh_44 | CartesianPoint{x=140.41,y=638.35,z=0.00}' (at simulation time 245.000,000,000 s)
2025-05-28 00:33:37,300 INFO  - Received event: 245000 (at simulation time IntraVehicleMsg)
2025-05-28 00:33:37,303 INFO  - Sent message to others cars = 'veh_44 | CartesianPoint{x=140.39,y=629.78,z=0.00}' (at simulation time 246.000,000,000 s)
2025-05-28 00:33:37,382 INFO  - Received event: 246000 (at simulation time IntraVehicleMsg)
2025-05-28 00:33:37,388 INFO  - Sent message to others cars = 'veh_44 | CartesianPoint{x=140.36,y=620.09,z=0.00}' (at simulation time 247.000,000,000 s)
2025-05-28 00:33:37,467 INFO  - Received event: 247000 (at simulation time IntraVehicleMsg)
2025-05-28 00:33:37,470 INFO  - Sent message to others cars = 'veh_44 | CartesianPoint{x=140.34,y=610.85,z=0.00}' (at simulation time 248.000,000,000 s)
2025-05-28 00:33:37,549 INFO  - Received event: 248000 (at simulation time IntraVehicleMsg)
2025-05-28 00:33:37,552 INFO  - Sent message to others cars = 'veh_44 | CartesianPoint{x=140.31,y=601.36,z=0.00}' (at simulation time 249.000,000,000 s)
2025-05-28 00:33:37,635 INFO  - Received event: 249000 (at simulation time IntraVehicleMsg)
2025-05-28 00:33:37,641 INFO  - Sent message to others cars = 'veh_44 | CartesianPoint{x=140.26,y=591.90,z=0.00}' (at simulation time 250.000,000,000 s)
2025-05-28 00:33:37,716 INFO  - Received event: 250000 (at simulation time IntraVehicleMsg)
2025-05-28 00:33:37,719 INFO  - Sent message to others cars = 'veh_44 | CartesianPoint{x=140.21,y=582.67,z=0.00}' (at simulation time 251.000,000,000 s)
2025-05-28 00:33:37,793 INFO  - Received event: 251000 (at simulation time IntraVehicleMsg)
2025-05-28 00:33:37,797 INFO  - Sent message to others cars = 'veh_44 | CartesianPoint{x=140.16,y=573.61,z=0.00}' (at simulation time 252.000,000,000 s)
2025-05-28 00:33:37,865 INFO  - Received event: 252000 (at simulation time IntraVehicleMsg)
2025-05-28 00:33:37,872 INFO  - Sent message to others cars = 'veh_44 | CartesianPoint{x=140.11,y=563.81,z=0.00}' (at simulation time 253.000,000,000 s)
2025-05-28 00:33:37,936 INFO  - Received event: 253000 (at simulation time IntraVehicleMsg)
2025-05-28 00:33:37,938 INFO  - Sent message to others cars = 'veh_44 | CartesianPoint{x=140.07,y=555.37,z=0.00}' (at simulation time 254.000,000,000 s)
2025-05-28 00:33:38,004 INFO  - Received event: 254000 (at simulation time IntraVehicleMsg)
2025-05-28 00:33:38,015 INFO  - Sent message to others cars = 'veh_44 | CartesianPoint{x=143.24,y=551.41,z=0.00}' (at simulation time 255.000,000,000 s)
2025-05-28 00:33:38,081 INFO  - Received event: 255000 (at simulation time IntraVehicleMsg)
2025-05-28 00:33:38,084 INFO  - Sent message to others cars = 'veh_44 | CartesianPoint{x=143.22,y=547.05,z=0.00}' (at simulation time 256.000,000,000 s)
2025-05-28 00:33:38,140 INFO  - Received event: 256000 (at simulation time IntraVehicleMsg)
2025-05-28 00:33:38,142 INFO  - Sent message to others cars = 'veh_44 | CartesianPoint{x=143.21,y=545.49,z=0.00}' (at simulation time 257.000,000,000 s)
2025-05-28 00:33:38,200 INFO  - Received event: 257000 (at simulation time IntraVehicleMsg)
2025-05-28 00:33:38,202 INFO  - Sent message to others cars = 'veh_44 | CartesianPoint{x=143.21,y=544.79,z=0.00}' (at simulation time 258.000,000,000 s)
2025-05-28 00:33:38,253 INFO  - Received event: 258000 (at simulation time IntraVehicleMsg)
2025-05-28 00:33:38,256 INFO  - Sent message to others cars = 'veh_44 | CartesianPoint{x=143.21,y=544.71,z=0.00}' (at simulation time 259.000,000,000 s)
2025-05-28 00:33:38,307 INFO  - Received event: 259000 (at simulation time IntraVehicleMsg)
2025-05-28 00:33:38,312 INFO  - Sent message to others cars = 'veh_44 | CartesianPoint{x=143.21,y=544.68,z=0.00}' (at simulation time 260.000,000,000 s)
2025-05-28 00:33:38,356 INFO  - Received event: 260000 (at simulation time IntraVehicleMsg)
2025-05-28 00:33:38,358 INFO  - Sent message to others cars = 'veh_44 | CartesianPoint{x=143.21,y=544.67,z=0.00}' (at simulation time 261.000,000,000 s)
2025-05-28 00:33:38,402 INFO  - Received event: 261000 (at simulation time IntraVehicleMsg)
2025-05-28 00:33:38,405 INFO  - Sent message to others cars = 'veh_44 | CartesianPoint{x=143.21,y=544.67,z=0.00}' (at simulation time 262.000,000,000 s)
2025-05-28 00:33:38,451 INFO  - Received event: 262000 (at simulation time IntraVehicleMsg)
2025-05-28 00:33:38,453 INFO  - Sent message to others cars = 'veh_44 | CartesianPoint{x=143.21,y=544.67,z=0.00}' (at simulation time 263.000,000,000 s)
2025-05-28 00:33:38,500 INFO  - Received event: 263000 (at simulation time IntraVehicleMsg)
2025-05-28 00:33:38,507 INFO  - Sent message to others cars = 'veh_44 | CartesianPoint{x=143.21,y=544.67,z=0.00}' (at simulation time 264.000,000,000 s)
2025-05-28 00:33:38,556 INFO  - Received event: 264000 (at simulation time IntraVehicleMsg)
2025-05-28 00:33:38,559 INFO  - Sent message to others cars = 'veh_44 | CartesianPoint{x=143.21,y=544.67,z=0.00}' (at simulation time 265.000,000,000 s)
2025-05-28 00:33:38,612 INFO  - Received event: 265000 (at simulation time IntraVehicleMsg)
2025-05-28 00:33:38,614 INFO  - Sent message to others cars = 'veh_44 | CartesianPoint{x=143.21,y=544.67,z=0.00}' (at simulation time 266.000,000,000 s)
2025-05-28 00:33:38,666 INFO  - Received event: 266000 (at simulation time IntraVehicleMsg)
2025-05-28 00:33:38,668 INFO  - Sent message to others cars = 'veh_44 | CartesianPoint{x=143.21,y=544.67,z=0.00}' (at simulation time 267.000,000,000 s)
2025-05-28 00:33:38,721 INFO  - Received event: 267000 (at simulation time IntraVehicleMsg)
2025-05-28 00:33:38,724 INFO  - Sent message to others cars = 'veh_44 | CartesianPoint{x=143.21,y=544.67,z=0.00}' (at simulation time 268.000,000,000 s)
2025-05-28 00:33:38,775 INFO  - Received event: 268000 (at simulation time IntraVehicleMsg)
2025-05-28 00:33:38,777 INFO  - Sent message to others cars = 'veh_44 | CartesianPoint{x=143.21,y=544.67,z=0.00}' (at simulation time 269.000,000,000 s)
2025-05-28 00:33:38,832 INFO  - Received event: 269000 (at simulation time IntraVehicleMsg)
2025-05-28 00:33:38,841 INFO  - Sent message to others cars = 'veh_44 | CartesianPoint{x=143.21,y=544.67,z=0.00}' (at simulation time 270.000,000,000 s)
2025-05-28 00:33:38,893 INFO  - Received event: 270000 (at simulation time IntraVehicleMsg)
2025-05-28 00:33:38,896 INFO  - Sent message to others cars = 'veh_44 | CartesianPoint{x=143.21,y=544.67,z=0.00}' (at simulation time 271.000,000,000 s)
2025-05-28 00:33:38,952 INFO  - Received event: 271000 (at simulation time IntraVehicleMsg)
2025-05-28 00:33:38,955 INFO  - Sent message to others cars = 'veh_44 | CartesianPoint{x=143.21,y=544.67,z=0.00}' (at simulation time 272.000,000,000 s)
2025-05-28 00:33:39,010 INFO  - Received event: 272000 (at simulation time IntraVehicleMsg)
2025-05-28 00:33:39,013 INFO  - Sent message to others cars = 'veh_44 | CartesianPoint{x=143.21,y=544.67,z=0.00}' (at simulation time 273.000,000,000 s)
2025-05-28 00:33:39,072 INFO  - Received event: 273000 (at simulation time IntraVehicleMsg)
2025-05-28 00:33:39,079 INFO  - Sent message to others cars = 'veh_44 | CartesianPoint{x=143.21,y=544.67,z=0.00}' (at simulation time 274.000,000,000 s)
2025-05-28 00:33:39,131 INFO  - Received event: 274000 (at simulation time IntraVehicleMsg)
2025-05-28 00:33:39,135 INFO  - Sent message to others cars = 'veh_44 | CartesianPoint{x=143.21,y=544.67,z=0.00}' (at simulation time 275.000,000,000 s)
2025-05-28 00:33:39,191 INFO  - Received event: 275000 (at simulation time IntraVehicleMsg)
2025-05-28 00:33:39,195 INFO  - Sent message to others cars = 'veh_44 | CartesianPoint{x=143.21,y=544.67,z=0.00}' (at simulation time 276.000,000,000 s)
2025-05-28 00:33:39,254 INFO  - Received event: 276000 (at simulation time IntraVehicleMsg)
2025-05-28 00:33:39,257 INFO  - Sent message to others cars = 'veh_44 | CartesianPoint{x=143.20,y=543.27,z=0.00}' (at simulation time 277.000,000,000 s)
2025-05-28 00:33:39,315 INFO  - Received event: 277000 (at simulation time IntraVehicleMsg)
2025-05-28 00:33:39,317 INFO  - Sent message to others cars = 'veh_44 | CartesianPoint{x=143.19,y=540.29,z=0.00}' (at simulation time 278.000,000,000 s)
2025-05-28 00:33:39,378 INFO  - Received event: 278000 (at simulation time IntraVehicleMsg)
2025-05-28 00:33:39,388 INFO  - Sent message to others cars = 'veh_44 | CartesianPoint{x=143.18,y=538.52,z=0.00}' (at simulation time 279.000,000,000 s)
2025-05-28 00:33:39,447 INFO  - Received event: 279000 (at simulation time IntraVehicleMsg)
2025-05-28 00:33:39,452 INFO  - Sent message to others cars = 'veh_44 | CartesianPoint{x=143.18,y=538.35,z=0.00}' (at simulation time 280.000,000,000 s)
2025-05-28 00:33:39,511 INFO  - Received event: 280000 (at simulation time IntraVehicleMsg)
2025-05-28 00:33:39,514 INFO  - Sent message to others cars = 'veh_44 | CartesianPoint{x=143.18,y=538.21,z=0.00}' (at simulation time 281.000,000,000 s)
2025-05-28 00:33:39,566 INFO  - Received event: 281000 (at simulation time IntraVehicleMsg)
2025-05-28 00:33:39,569 INFO  - Sent message to others cars = 'veh_44 | CartesianPoint{x=143.18,y=538.19,z=0.00}' (at simulation time 282.000,000,000 s)
2025-05-28 00:33:39,620 INFO  - Received event: 282000 (at simulation time IntraVehicleMsg)
2025-05-28 00:33:39,622 INFO  - Sent message to others cars = 'veh_44 | CartesianPoint{x=143.18,y=538.17,z=0.00}' (at simulation time 283.000,000,000 s)
2025-05-28 00:33:39,672 INFO  - Received event: 283000 (at simulation time IntraVehicleMsg)
2025-05-28 00:33:39,680 INFO  - Sent message to others cars = 'veh_44 | CartesianPoint{x=143.18,y=538.17,z=0.00}' (at simulation time 284.000,000,000 s)
2025-05-28 00:33:39,729 INFO  - Received event: 284000 (at simulation time IntraVehicleMsg)
2025-05-28 00:33:39,732 INFO  - Sent message to others cars = 'veh_44 | CartesianPoint{x=143.18,y=538.17,z=0.00}' (at simulation time 285.000,000,000 s)
2025-05-28 00:33:39,780 INFO  - Received event: 285000 (at simulation time IntraVehicleMsg)
2025-05-28 00:33:39,784 INFO  - Sent message to others cars = 'veh_44 | CartesianPoint{x=143.18,y=538.17,z=0.00}' (at simulation time 286.000,000,000 s)
2025-05-28 00:33:39,836 INFO  - Received event: 286000 (at simulation time IntraVehicleMsg)
2025-05-28 00:33:39,839 INFO  - Sent message to others cars = 'veh_44 | CartesianPoint{x=143.18,y=538.17,z=0.00}' (at simulation time 287.000,000,000 s)
2025-05-28 00:33:39,890 INFO  - Received event: 287000 (at simulation time IntraVehicleMsg)
2025-05-28 00:33:39,893 INFO  - Sent message to others cars = 'veh_44 | CartesianPoint{x=143.18,y=538.17,z=0.00}' (at simulation time 288.000,000,000 s)
2025-05-28 00:33:39,945 INFO  - Received event: 288000 (at simulation time IntraVehicleMsg)
2025-05-28 00:33:39,954 INFO  - Sent message to others cars = 'veh_44 | CartesianPoint{x=143.18,y=538.17,z=0.00}' (at simulation time 289.000,000,000 s)
2025-05-28 00:33:40,008 INFO  - Received event: 289000 (at simulation time IntraVehicleMsg)
2025-05-28 00:33:40,012 INFO  - Sent message to others cars = 'veh_44 | CartesianPoint{x=143.18,y=538.17,z=0.00}' (at simulation time 290.000,000,000 s)
2025-05-28 00:33:40,073 INFO  - Received event: 290000 (at simulation time IntraVehicleMsg)
2025-05-28 00:33:40,076 INFO  - Sent message to others cars = 'veh_44 | CartesianPoint{x=143.18,y=538.17,z=0.00}' (at simulation time 291.000,000,000 s)
2025-05-28 00:33:40,133 INFO  - Received event: 291000 (at simulation time IntraVehicleMsg)
2025-05-28 00:33:40,136 INFO  - Sent message to others cars = 'veh_44 | CartesianPoint{x=143.18,y=538.17,z=0.00}' (at simulation time 292.000,000,000 s)
2025-05-28 00:33:40,194 INFO  - Received event: 292000 (at simulation time IntraVehicleMsg)
2025-05-28 00:33:40,196 INFO  - Sent message to others cars = 'veh_44 | CartesianPoint{x=143.18,y=538.17,z=0.00}' (at simulation time 293.000,000,000 s)
2025-05-28 00:33:40,257 INFO  - Received event: 293000 (at simulation time IntraVehicleMsg)
2025-05-28 00:33:40,266 INFO  - Sent message to others cars = 'veh_44 | CartesianPoint{x=143.18,y=538.17,z=0.00}' (at simulation time 294.000,000,000 s)
2025-05-28 00:33:40,321 INFO  - Received event: 294000 (at simulation time IntraVehicleMsg)
2025-05-28 00:33:40,324 INFO  - Sent message to others cars = 'veh_44 | CartesianPoint{x=143.18,y=538.17,z=0.00}' (at simulation time 295.000,000,000 s)
2025-05-28 00:33:40,381 INFO  - Received event: 295000 (at simulation time IntraVehicleMsg)
2025-05-28 00:33:40,384 INFO  - Sent message to others cars = 'veh_44 | CartesianPoint{x=143.18,y=538.17,z=0.00}' (at simulation time 296.000,000,000 s)
2025-05-28 00:33:40,442 INFO  - Received event: 296000 (at simulation time IntraVehicleMsg)
2025-05-28 00:33:40,444 INFO  - Sent message to others cars = 'veh_44 | CartesianPoint{x=143.18,y=538.17,z=0.00}' (at simulation time 297.000,000,000 s)
2025-05-28 00:33:40,494 INFO  - Received event: 297000 (at simulation time IntraVehicleMsg)
2025-05-28 00:33:40,497 INFO  - Sent message to others cars = 'veh_44 | CartesianPoint{x=143.18,y=538.17,z=0.00}' (at simulation time 298.000,000,000 s)
2025-05-28 00:33:40,548 INFO  - Received event: 298000 (at simulation time IntraVehicleMsg)
2025-05-28 00:33:40,560 INFO  - Sent message to others cars = 'veh_44 | CartesianPoint{x=143.18,y=538.17,z=0.00}' (at simulation time 299.000,000,000 s)
2025-05-28 00:33:40,609 INFO  - Received event: 299000 (at simulation time IntraVehicleMsg)
2025-05-28 00:33:40,612 INFO  - Sent message to others cars = 'veh_44 | CartesianPoint{x=143.18,y=538.17,z=0.00}' (at simulation time 300.000,000,000 s)
2025-05-28 00:33:40,650 INFO  - Received event: 300000 (at simulation time IntraVehicleMsg)
2025-05-28 00:33:40,653 INFO  - Sent message to others cars = 'veh_44 | CartesianPoint{x=143.18,y=538.17,z=0.00}' (at simulation time 301.000,000,000 s)
2025-05-28 00:33:40,691 INFO  - Received event: 301000 (at simulation time IntraVehicleMsg)
2025-05-28 00:33:40,693 INFO  - Sent message to others cars = 'veh_44 | CartesianPoint{x=143.18,y=538.17,z=0.00}' (at simulation time 302.000,000,000 s)
2025-05-28 00:33:40,731 INFO  - Received event: 302000 (at simulation time IntraVehicleMsg)
2025-05-28 00:33:40,734 INFO  - Sent message to others cars = 'veh_44 | CartesianPoint{x=143.18,y=538.17,z=0.00}' (at simulation time 303.000,000,000 s)
2025-05-28 00:33:40,773 INFO  - Received event: 303000 (at simulation time IntraVehicleMsg)
2025-05-28 00:33:40,776 INFO  - Sent message to others cars = 'veh_44 | CartesianPoint{x=143.18,y=538.17,z=0.00}' (at simulation time 304.000,000,000 s)
2025-05-28 00:33:40,815 INFO  - Received event: 304000 (at simulation time IntraVehicleMsg)
2025-05-28 00:33:40,822 INFO  - Sent message to others cars = 'veh_44 | CartesianPoint{x=143.18,y=538.17,z=0.00}' (at simulation time 305.000,000,000 s)
2025-05-28 00:33:40,865 INFO  - Received event: 305000 (at simulation time IntraVehicleMsg)
2025-05-28 00:33:40,874 INFO  - Sent message to others cars = 'veh_44 | CartesianPoint{x=143.18,y=538.17,z=0.00}' (at simulation time 306.000,000,000 s)
2025-05-28 00:33:40,917 INFO  - Received event: 306000 (at simulation time IntraVehicleMsg)
2025-05-28 00:33:40,921 INFO  - Sent message to others cars = 'veh_44 | CartesianPoint{x=143.18,y=538.17,z=0.00}' (at simulation time 307.000,000,000 s)
2025-05-28 00:33:40,965 INFO  - Received event: 307000 (at simulation time IntraVehicleMsg)
2025-05-28 00:33:40,973 INFO  - Sent message to others cars = 'veh_44 | CartesianPoint{x=143.18,y=538.17,z=0.00}' (at simulation time 308.000,000,000 s)
2025-05-28 00:33:41,017 INFO  - Received event: 308000 (at simulation time IntraVehicleMsg)
2025-05-28 00:33:41,020 INFO  - Sent message to others cars = 'veh_44 | CartesianPoint{x=143.18,y=538.17,z=0.00}' (at simulation time 309.000,000,000 s)
2025-05-28 00:33:41,063 INFO  - Received event: 309000 (at simulation time IntraVehicleMsg)
2025-05-28 00:33:41,066 INFO  - Sent message to others cars = 'veh_44 | CartesianPoint{x=143.18,y=538.17,z=0.00}' (at simulation time 310.000,000,000 s)
2025-05-28 00:33:41,112 INFO  - Received event: 310000 (at simulation time IntraVehicleMsg)
2025-05-28 00:33:41,115 INFO  - Sent message to others cars = 'veh_44 | CartesianPoint{x=143.18,y=538.17,z=0.00}' (at simulation time 311.000,000,000 s)
2025-05-28 00:33:41,162 INFO  - Received event: 311000 (at simulation time IntraVehicleMsg)
2025-05-28 00:33:41,165 INFO  - Sent message to others cars = 'veh_44 | CartesianPoint{x=143.18,y=538.17,z=0.00}' (at simulation time 312.000,000,000 s)
2025-05-28 00:33:41,212 INFO  - Received event: 312000 (at simulation time IntraVehicleMsg)
2025-05-28 00:33:41,215 INFO  - Sent message to others cars = 'veh_44 | CartesianPoint{x=143.18,y=538.17,z=0.00}' (at simulation time 313.000,000,000 s)
2025-05-28 00:33:41,266 INFO  - Received event: 313000 (at simulation time IntraVehicleMsg)
2025-05-28 00:33:41,270 INFO  - Sent message to others cars = 'veh_44 | CartesianPoint{x=143.18,y=538.17,z=0.00}' (at simulation time 314.000,000,000 s)
2025-05-28 00:33:41,321 INFO  - Received event: 314000 (at simulation time IntraVehicleMsg)
2025-05-28 00:33:41,329 INFO  - Sent message to others cars = 'veh_44 | CartesianPoint{x=143.18,y=538.17,z=0.00}' (at simulation time 315.000,000,000 s)
2025-05-28 00:33:41,380 INFO  - Received event: 315000 (at simulation time IntraVehicleMsg)
2025-05-28 00:33:41,384 INFO  - Sent message to others cars = 'veh_44 | CartesianPoint{x=143.18,y=538.17,z=0.00}' (at simulation time 316.000,000,000 s)
2025-05-28 00:33:41,437 INFO  - Received event: 316000 (at simulation time IntraVehicleMsg)
2025-05-28 00:33:41,441 INFO  - Sent message to others cars = 'veh_44 | CartesianPoint{x=143.18,y=538.17,z=0.00}' (at simulation time 317.000,000,000 s)
2025-05-28 00:33:41,494 INFO  - Received event: 317000 (at simulation time IntraVehicleMsg)
2025-05-28 00:33:41,498 INFO  - Sent message to others cars = 'veh_44 | CartesianPoint{x=143.18,y=538.17,z=0.00}' (at simulation time 318.000,000,000 s)
2025-05-28 00:33:41,553 INFO  - Received event: 318000 (at simulation time IntraVehicleMsg)
2025-05-28 00:33:41,556 INFO  - Sent message to others cars = 'veh_44 | CartesianPoint{x=143.18,y=538.17,z=0.00}' (at simulation time 319.000,000,000 s)
2025-05-28 00:33:41,614 INFO  - Received event: 319000 (at simulation time IntraVehicleMsg)
2025-05-28 00:33:41,624 INFO  - Sent message to others cars = 'veh_44 | CartesianPoint{x=143.18,y=538.17,z=0.00}' (at simulation time 320.000,000,000 s)
2025-05-28 00:33:41,679 INFO  - Received event: 320000 (at simulation time IntraVehicleMsg)
2025-05-28 00:33:41,682 INFO  - Sent message to others cars = 'veh_44 | CartesianPoint{x=143.18,y=538.17,z=0.00}' (at simulation time 321.000,000,000 s)
2025-05-28 00:33:41,741 INFO  - Received event: 321000 (at simulation time IntraVehicleMsg)
2025-05-28 00:33:41,745 INFO  - Sent message to others cars = 'veh_44 | CartesianPoint{x=143.18,y=538.17,z=0.00}' (at simulation time 322.000,000,000 s)
2025-05-28 00:33:41,804 INFO  - Received event: 322000 (at simulation time IntraVehicleMsg)
2025-05-28 00:33:41,807 INFO  - Sent message to others cars = 'veh_44 | CartesianPoint{x=143.18,y=538.17,z=0.00}' (at simulation time 323.000,000,000 s)
2025-05-28 00:33:41,868 INFO  - Received event: 323000 (at simulation time IntraVehicleMsg)
2025-05-28 00:33:41,873 INFO  - Sent message to others cars = 'veh_44 | CartesianPoint{x=143.18,y=538.17,z=0.00}' (at simulation time 324.000,000,000 s)
2025-05-28 00:33:41,933 INFO  - Received event: 324000 (at simulation time IntraVehicleMsg)
2025-05-28 00:33:41,942 INFO  - Sent message to others cars = 'veh_44 | CartesianPoint{x=143.18,y=538.17,z=0.00}' (at simulation time 325.000,000,000 s)
2025-05-28 00:33:42,003 INFO  - Received event: 325000 (at simulation time IntraVehicleMsg)
2025-05-28 00:33:42,005 INFO  - Sent message to others cars = 'veh_44 | CartesianPoint{x=143.18,y=538.17,z=0.00}' (at simulation time 326.000,000,000 s)
2025-05-28 00:33:42,063 INFO  - Received event: 326000 (at simulation time IntraVehicleMsg)
2025-05-28 00:33:42,067 INFO  - Sent message to others cars = 'veh_44 | CartesianPoint{x=143.18,y=538.17,z=0.00}' (at simulation time 327.000,000,000 s)
2025-05-28 00:33:42,130 INFO  - Received event: 327000 (at simulation time IntraVehicleMsg)
2025-05-28 00:33:42,133 INFO  - Sent message to others cars = 'veh_44 | CartesianPoint{x=143.18,y=538.17,z=0.00}' (at simulation time 328.000,000,000 s)
2025-05-28 00:33:42,200 INFO  - Received event: 328000 (at simulation time IntraVehicleMsg)
2025-05-28 00:33:42,203 INFO  - Sent message to others cars = 'veh_44 | CartesianPoint{x=143.18,y=538.17,z=0.00}' (at simulation time 329.000,000,000 s)
2025-05-28 00:33:42,269 INFO  - Received event: 329000 (at simulation time IntraVehicleMsg)
2025-05-28 00:33:42,273 INFO  - Sent message to others cars = 'veh_44 | CartesianPoint{x=143.18,y=538.17,z=0.00}' (at simulation time 330.000,000,000 s)
2025-05-28 00:33:42,342 INFO  - Received event: 330000 (at simulation time IntraVehicleMsg)
2025-05-28 00:33:42,359 INFO  - Sent message to others cars = 'veh_44 | CartesianPoint{x=143.18,y=538.17,z=0.00}' (at simulation time 331.000,000,000 s)
2025-05-28 00:33:42,432 INFO  - Received event: 331000 (at simulation time IntraVehicleMsg)
2025-05-28 00:33:42,445 INFO  - Sent message to others cars = 'veh_44 | CartesianPoint{x=143.18,y=538.17,z=0.00}' (at simulation time 332.000,000,000 s)
2025-05-28 00:33:42,513 INFO  - Received event: 332000 (at simulation time IntraVehicleMsg)
2025-05-28 00:33:42,516 INFO  - Sent message to others cars = 'veh_44 | CartesianPoint{x=143.18,y=538.17,z=0.00}' (at simulation time 333.000,000,000 s)
2025-05-28 00:33:42,589 INFO  - Received event: 333000 (at simulation time IntraVehicleMsg)
2025-05-28 00:33:42,592 INFO  - Sent message to others cars = 'veh_44 | CartesianPoint{x=143.18,y=538.17,z=0.00}' (at simulation time 334.000,000,000 s)
2025-05-28 00:33:42,662 INFO  - Received event: 334000 (at simulation time IntraVehicleMsg)
2025-05-28 00:33:42,666 INFO  - Sent message to others cars = 'veh_44 | CartesianPoint{x=143.18,y=538.17,z=0.00}' (at simulation time 335.000,000,000 s)
2025-05-28 00:33:42,749 INFO  - Received event: 335000 (at simulation time IntraVehicleMsg)
2025-05-28 00:33:42,757 INFO  - Sent message to others cars = 'veh_44 | CartesianPoint{x=143.18,y=538.17,z=0.00}' (at simulation time 336.000,000,000 s)
2025-05-28 00:33:42,837 INFO  - Received event: 336000 (at simulation time IntraVehicleMsg)
2025-05-28 00:33:42,841 INFO  - Sent message to others cars = 'veh_44 | CartesianPoint{x=143.18,y=538.17,z=0.00}' (at simulation time 337.000,000,000 s)
2025-05-28 00:33:42,918 INFO  - Received event: 337000 (at simulation time IntraVehicleMsg)
2025-05-28 00:33:42,922 INFO  - Sent message to others cars = 'veh_44 | CartesianPoint{x=143.18,y=538.17,z=0.00}' (at simulation time 338.000,000,000 s)
2025-05-28 00:33:43,007 INFO  - Received event: 338000 (at simulation time IntraVehicleMsg)
2025-05-28 00:33:43,026 INFO  - Sent message to others cars = 'veh_44 | CartesianPoint{x=143.18,y=538.17,z=0.00}' (at simulation time 339.000,000,000 s)
2025-05-28 00:33:43,114 INFO  - Received event: 339000 (at simulation time IntraVehicleMsg)
2025-05-28 00:33:43,128 INFO  - Sent message to others cars = 'veh_44 | CartesianPoint{x=143.18,y=538.17,z=0.00}' (at simulation time 340.000,000,000 s)
2025-05-28 00:33:43,209 INFO  - Received event: 340000 (at simulation time IntraVehicleMsg)
2025-05-28 00:33:43,214 INFO  - Sent message to others cars = 'veh_44 | CartesianPoint{x=143.16,y=535.97,z=0.00}' (at simulation time 341.000,000,000 s)
2025-05-28 00:33:43,301 INFO  - Received event: 341000 (at simulation time IntraVehicleMsg)
2025-05-28 00:33:43,305 INFO  - Sent message to others cars = 'veh_44 | CartesianPoint{x=143.12,y=531.69,z=0.00}' (at simulation time 342.000,000,000 s)
2025-05-28 00:33:43,387 INFO  - Received event: 342000 (at simulation time IntraVehicleMsg)
2025-05-28 00:33:43,391 INFO  - Sent message to others cars = 'veh_44 | CartesianPoint{x=143.07,y=525.09,z=0.00}' (at simulation time 343.000,000,000 s)
2025-05-28 00:33:43,464 INFO  - Received event: 343000 (at simulation time IntraVehicleMsg)
2025-05-28 00:33:43,468 INFO  - Sent message to others cars = 'veh_44 | CartesianPoint{x=143.00,y=517.07,z=0.00}' (at simulation time 344.000,000,000 s)
2025-05-28 00:33:43,543 INFO  - Received event: 344000 (at simulation time IntraVehicleMsg)
2025-05-28 00:33:43,547 INFO  - Sent message to others cars = 'veh_44 | CartesianPoint{x=142.91,y=508.46,z=0.00}' (at simulation time 345.000,000,000 s)
2025-05-28 00:33:43,612 INFO  - Received event: 345000 (at simulation time IntraVehicleMsg)
2025-05-28 00:33:43,620 INFO  - Sent message to others cars = 'veh_44 | CartesianPoint{x=142.82,y=498.67,z=0.00}' (at simulation time 346.000,000,000 s)
2025-05-28 00:33:43,686 INFO  - Received event: 346000 (at simulation time IntraVehicleMsg)
2025-05-28 00:33:43,689 INFO  - Sent message to others cars = 'veh_44 | CartesianPoint{x=142.74,y=489.80,z=0.00}' (at simulation time 347.000,000,000 s)
2025-05-28 00:33:43,752 INFO  - Received event: 347000 (at simulation time IntraVehicleMsg)
2025-05-28 00:33:43,755 INFO  - Sent message to others cars = 'veh_44 | CartesianPoint{x=142.65,y=480.37,z=0.00}' (at simulation time 348.000,000,000 s)
2025-05-28 00:33:43,820 INFO  - Received event: 348000 (at simulation time IntraVehicleMsg)
2025-05-28 00:33:43,823 INFO  - Sent message to others cars = 'veh_44 | CartesianPoint{x=142.55,y=470.83,z=0.00}' (at simulation time 349.000,000,000 s)
2025-05-28 00:33:43,881 INFO  - Received event: 349000 (at simulation time IntraVehicleMsg)
2025-05-28 00:33:43,884 INFO  - Sent message to others cars = 'veh_44 | CartesianPoint{x=142.47,y=461.60,z=0.00}' (at simulation time 350.000,000,000 s)
2025-05-28 00:33:43,936 INFO  - Received event: 350000 (at simulation time IntraVehicleMsg)
2025-05-28 00:33:43,942 INFO  - Sent message to others cars = 'veh_44 | CartesianPoint{x=142.39,y=452.81,z=0.00}' (at simulation time 351.000,000,000 s)
2025-05-28 00:33:43,997 INFO  - Received event: 351000 (at simulation time IntraVehicleMsg)
2025-05-28 00:33:44,000 INFO  - Sent message to others cars = 'veh_44 | CartesianPoint{x=139.18,y=443.09,z=0.00}' (at simulation time 352.000,000,000 s)
2025-05-28 00:33:44,056 INFO  - Received event: 352000 (at simulation time IntraVehicleMsg)
2025-05-28 00:33:44,058 INFO  - Sent message to others cars = 'veh_44 | CartesianPoint{x=139.16,y=433.59,z=0.00}' (at simulation time 353.000,000,000 s)
2025-05-28 00:33:44,115 INFO  - Received event: 353000 (at simulation time IntraVehicleMsg)
2025-05-28 00:33:44,118 INFO  - Sent message to others cars = 'veh_44 | CartesianPoint{x=139.14,y=425.02,z=0.00}' (at simulation time 354.000,000,000 s)
2025-05-28 00:33:44,176 INFO  - Received event: 354000 (at simulation time IntraVehicleMsg)
2025-05-28 00:33:44,183 INFO  - Sent message to others cars = 'veh_44 | CartesianPoint{x=139.12,y=415.21,z=0.00}' (at simulation time 355.000,000,000 s)
2025-05-28 00:33:44,240 INFO  - Received event: 355000 (at simulation time IntraVehicleMsg)
2025-05-28 00:33:44,248 INFO  - Sent message to others cars = 'veh_44 | CartesianPoint{x=139.10,y=405.54,z=0.00}' (at simulation time 356.000,000,000 s)
2025-05-28 00:33:44,312 INFO  - Received event: 356000 (at simulation time IntraVehicleMsg)
2025-05-28 00:33:44,314 INFO  - Sent message to others cars = 'veh_44 | CartesianPoint{x=139.08,y=396.50,z=0.00}' (at simulation time 357.000,000,000 s)
2025-05-28 00:33:44,374 INFO  - Received event: 357000 (at simulation time IntraVehicleMsg)
2025-05-28 00:33:44,377 INFO  - Sent message to others cars = 'veh_44 | CartesianPoint{x=139.06,y=387.31,z=0.00}' (at simulation time 358.000,000,000 s)
2025-05-28 00:33:44,436 INFO  - Received event: 358000 (at simulation time IntraVehicleMsg)
2025-05-28 00:33:44,439 INFO  - Sent message to others cars = 'veh_44 | CartesianPoint{x=139.04,y=378.38,z=0.00}' (at simulation time 359.000,000,000 s)
2025-05-28 00:33:44,502 INFO  - Received event: 359000 (at simulation time IntraVehicleMsg)
2025-05-28 00:33:44,505 INFO  - Sent message to others cars = 'veh_44 | CartesianPoint{x=139.02,y=368.60,z=0.00}' (at simulation time 360.000,000,000 s)
2025-05-28 00:33:44,570 INFO  - Received event: 360000 (at simulation time IntraVehicleMsg)
2025-05-28 00:33:44,573 INFO  - Sent message to others cars = 'veh_44 | CartesianPoint{x=139.01,y=359.92,z=0.00}' (at simulation time 361.000,000,000 s)
2025-05-28 00:33:44,637 INFO  - Received event: 361000 (at simulation time IntraVehicleMsg)
2025-05-28 00:33:44,640 INFO  - Sent message to others cars = 'veh_44 | CartesianPoint{x=138.95,y=351.16,z=0.00}' (at simulation time 362.000,000,000 s)
2025-05-28 00:33:44,705 INFO  - Received event: 362000 (at simulation time IntraVehicleMsg)
2025-05-28 00:33:44,710 INFO  - Sent message to others cars = 'veh_44 | CartesianPoint{x=138.87,y=342.51,z=0.00}' (at simulation time 363.000,000,000 s)
2025-05-28 00:33:44,780 INFO  - Received event: 363000 (at simulation time IntraVehicleMsg)
2025-05-28 00:33:44,783 INFO  - Sent message to others cars = 'veh_44 | CartesianPoint{x=138.80,y=333.84,z=0.00}' (at simulation time 364.000,000,000 s)
2025-05-28 00:33:44,847 INFO  - Received event: 364000 (at simulation time IntraVehicleMsg)
2025-05-28 00:33:44,850 INFO  - Sent message to others cars = 'veh_44 | CartesianPoint{x=138.72,y=324.77,z=0.00}' (at simulation time 365.000,000,000 s)
2025-05-28 00:33:44,928 INFO  - Received event: 365000 (at simulation time IntraVehicleMsg)
2025-05-28 00:33:44,935 INFO  - Sent message to others cars = 'veh_44 | CartesianPoint{x=138.64,y=315.87,z=0.00}' (at simulation time 366.000,000,000 s)
2025-05-28 00:33:45,006 INFO  - Received event: 366000 (at simulation time IntraVehicleMsg)
2025-05-28 00:33:45,009 INFO  - Sent message to others cars = 'veh_44 | CartesianPoint{x=138.57,y=306.98,z=0.00}' (at simulation time 367.000,000,000 s)
2025-05-28 00:33:45,080 INFO  - Received event: 367000 (at simulation time IntraVehicleMsg)
2025-05-28 00:33:45,083 INFO  - Sent message to others cars = 'veh_44 | CartesianPoint{x=138.48,y=297.46,z=0.00}' (at simulation time 368.000,000,000 s)
2025-05-28 00:33:45,155 INFO  - Received event: 368000 (at simulation time IntraVehicleMsg)
2025-05-28 00:33:45,158 INFO  - Sent message to others cars = 'veh_44 | CartesianPoint{x=138.40,y=288.17,z=0.00}' (at simulation time 369.000,000,000 s)
2025-05-28 00:33:45,236 INFO  - Received event: 369000 (at simulation time IntraVehicleMsg)
2025-05-28 00:33:45,249 INFO  - Sent message to others cars = 'veh_44 | CartesianPoint{x=138.33,y=279.32,z=0.00}' (at simulation time 370.000,000,000 s)
2025-05-28 00:33:45,327 INFO  - Received event: 370000 (at simulation time IntraVehicleMsg)
2025-05-28 00:33:45,330 INFO  - Sent message to others cars = 'veh_44 | CartesianPoint{x=138.25,y=270.32,z=0.00}' (at simulation time 371.000,000,000 s)
2025-05-28 00:33:45,411 INFO  - Received event: 371000 (at simulation time IntraVehicleMsg)
2025-05-28 00:33:45,414 INFO  - Sent message to others cars = 'veh_44 | CartesianPoint{x=138.17,y=260.96,z=0.00}' (at simulation time 372.000,000,000 s)
2025-05-28 00:33:45,493 INFO  - Received event: 372000 (at simulation time IntraVehicleMsg)
2025-05-28 00:33:45,496 INFO  - Sent message to others cars = 'veh_44 | CartesianPoint{x=138.09,y=251.33,z=0.00}' (at simulation time 373.000,000,000 s)
2025-05-28 00:33:45,573 INFO  - Received event: 373000 (at simulation time IntraVehicleMsg)
2025-05-28 00:33:45,576 INFO  - Sent message to others cars = 'veh_44 | CartesianPoint{x=138.01,y=242.10,z=0.00}' (at simulation time 374.000,000,000 s)
2025-05-28 00:33:45,656 INFO  - Received event: 374000 (at simulation time IntraVehicleMsg)
2025-05-28 00:33:45,668 INFO  - Sent message to others cars = 'veh_44 | CartesianPoint{x=137.93,y=232.54,z=0.00}' (at simulation time 375.000,000,000 s)
2025-05-28 00:33:45,744 INFO  - Received event: 375000 (at simulation time IntraVehicleMsg)
2025-05-28 00:33:45,747 INFO  - Sent message to others cars = 'veh_44 | CartesianPoint{x=137.85,y=222.73,z=0.00}' (at simulation time 376.000,000,000 s)
2025-05-28 00:33:45,828 INFO  - Received event: 376000 (at simulation time IntraVehicleMsg)
2025-05-28 00:33:45,836 INFO  - Sent message to others cars = 'veh_44 | CartesianPoint{x=137.77,y=213.09,z=0.00}' (at simulation time 377.000,000,000 s)
2025-05-28 00:33:45,917 INFO  - Received event: 377000 (at simulation time IntraVehicleMsg)
2025-05-28 00:33:45,920 INFO  - Sent message to others cars = 'veh_44 | CartesianPoint{x=137.69,y=203.39,z=0.00}' (at simulation time 378.000,000,000 s)
2025-05-28 00:33:46,000 INFO  - Received event: 378000 (at simulation time IntraVehicleMsg)
2025-05-28 00:33:46,003 INFO  - Sent message to others cars = 'veh_44 | CartesianPoint{x=137.61,y=193.74,z=0.00}' (at simulation time 379.000,000,000 s)
2025-05-28 00:33:46,087 INFO  - Received event: 379000 (at simulation time IntraVehicleMsg)
2025-05-28 00:33:46,091 INFO  - Sent message to others cars = 'veh_44 | CartesianPoint{x=137.53,y=184.22,z=0.00}' (at simulation time 380.000,000,000 s)
2025-05-28 00:33:46,179 INFO  - Received event: 380000 (at simulation time IntraVehicleMsg)
2025-05-28 00:33:46,182 INFO  - Sent message to others cars = 'veh_44 | CartesianPoint{x=137.46,y=174.96,z=0.00}' (at simulation time 381.000,000,000 s)
2025-05-28 00:33:46,272 INFO  - Received event: 381000 (at simulation time IntraVehicleMsg)
2025-05-28 00:33:46,275 INFO  - Sent message to others cars = 'veh_44 | CartesianPoint{x=137.38,y=165.65,z=0.00}' (at simulation time 382.000,000,000 s)
2025-05-28 00:33:46,365 INFO  - Received event: 382000 (at simulation time IntraVehicleMsg)
2025-05-28 00:33:46,369 INFO  - Sent message to others cars = 'veh_44 | CartesianPoint{x=137.30,y=156.30,z=0.00}' (at simulation time 383.000,000,000 s)
2025-05-28 00:33:46,458 INFO  - Received event: 383000 (at simulation time IntraVehicleMsg)
2025-05-28 00:33:46,461 INFO  - Sent message to others cars = 'veh_44 | CartesianPoint{x=137.22,y=146.76,z=0.00}' (at simulation time 384.000,000,000 s)
2025-05-28 00:33:46,553 INFO  - Received event: 384000 (at simulation time IntraVehicleMsg)
2025-05-28 00:33:46,559 INFO  - Sent message to others cars = 'veh_44 | CartesianPoint{x=137.17,y=137.78,z=0.00}' (at simulation time 385.000,000,000 s)
2025-05-28 00:33:46,652 INFO  - Received event: 385000 (at simulation time IntraVehicleMsg)
2025-05-28 00:33:46,655 INFO  - Sent message to others cars = 'veh_44 | CartesianPoint{x=137.22,y=128.28,z=0.00}' (at simulation time 386.000,000,000 s)
2025-05-28 00:33:46,750 INFO  - Received event: 386000 (at simulation time IntraVehicleMsg)
2025-05-28 00:33:46,757 INFO  - Sent message to others cars = 'veh_44 | CartesianPoint{x=137.27,y=119.34,z=0.00}' (at simulation time 387.000,000,000 s)
2025-05-28 00:33:46,852 INFO  - Received event: 387000 (at simulation time IntraVehicleMsg)
2025-05-28 00:33:46,860 INFO  - Sent message to others cars = 'veh_44 | CartesianPoint{x=137.32,y=110.44,z=0.00}' (at simulation time 388.000,000,000 s)
2025-05-28 00:33:46,957 INFO  - Received event: 388000 (at simulation time IntraVehicleMsg)
2025-05-28 00:33:46,960 INFO  - Sent message to others cars = 'veh_44 | CartesianPoint{x=137.37,y=100.77,z=0.00}' (at simulation time 389.000,000,000 s)
2025-05-28 00:33:47,058 INFO  - Received event: 389000 (at simulation time IntraVehicleMsg)
2025-05-28 00:33:47,068 INFO  - Sent message to others cars = 'veh_44 | CartesianPoint{x=137.43,y=91.38,z=0.00}' (at simulation time 390.000,000,000 s)
2025-05-28 00:33:47,167 INFO  - Received event: 390000 (at simulation time IntraVehicleMsg)
2025-05-28 00:33:47,172 INFO  - Sent message to others cars = 'veh_44 | CartesianPoint{x=137.48,y=81.92,z=0.00}' (at simulation time 391.000,000,000 s)
2025-05-28 00:33:47,272 INFO  - Received event: 391000 (at simulation time IntraVehicleMsg)
2025-05-28 00:33:47,276 INFO  - Sent message to others cars = 'veh_44 | CartesianPoint{x=139.25,y=73.04,z=0.00}' (at simulation time 392.000,000,000 s)
2025-05-28 00:33:47,384 INFO  - Received event: 392000 (at simulation time IntraVehicleMsg)
2025-05-28 00:33:47,389 INFO  - Sent message to others cars = 'veh_44 | CartesianPoint{x=143.99,y=65.69,z=0.00}' (at simulation time 393.000,000,000 s)
2025-05-28 00:33:47,496 INFO  - Received event: 393000 (at simulation time IntraVehicleMsg)
2025-05-28 00:33:47,500 INFO  - Sent message to others cars = 'veh_44 | CartesianPoint{x=150.33,y=59.75,z=0.00}' (at simulation time 394.000,000,000 s)
2025-05-28 00:33:47,610 INFO  - Received event: 394000 (at simulation time IntraVehicleMsg)
2025-05-28 00:33:47,614 INFO  - Sent message to others cars = 'veh_44 | CartesianPoint{x=156.48,y=53.49,z=0.00}' (at simulation time 395.000,000,000 s)
2025-05-28 00:33:47,714 INFO  - Received event: 395000 (at simulation time IntraVehicleMsg)
2025-05-28 00:33:47,718 INFO  - Sent message to others cars = 'veh_44 | CartesianPoint{x=163.06,y=46.26,z=0.00}' (at simulation time 396.000,000,000 s)
2025-05-28 00:33:47,823 INFO  - Received event: 396000 (at simulation time IntraVehicleMsg)
2025-05-28 00:33:47,831 INFO  - Sent message to others cars = 'veh_44 | CartesianPoint{x=169.34,y=39.34,z=0.00}' (at simulation time 397.000,000,000 s)
2025-05-28 00:33:47,938 INFO  - Received event: 397000 (at simulation time IntraVehicleMsg)
2025-05-28 00:33:47,942 INFO  - Sent message to others cars = 'veh_44 | CartesianPoint{x=175.54,y=32.53,z=0.00}' (at simulation time 398.000,000,000 s)
2025-05-28 00:33:48,053 INFO  - Received event: 398000 (at simulation time IntraVehicleMsg)
2025-05-28 00:33:48,057 INFO  - Sent message to others cars = 'veh_44 | CartesianPoint{x=181.60,y=25.87,z=0.00}' (at simulation time 399.000,000,000 s)
2025-05-28 00:33:48,167 INFO  - Received event: 399000 (at simulation time IntraVehicleMsg)
2025-05-28 00:33:48,171 INFO  - Sent message to others cars = 'veh_44 | CartesianPoint{x=187.46,y=19.42,z=0.00}' (at simulation time 400.000,000,000 s)
2025-05-28 00:33:48,282 INFO  - Received event: 400000 (at simulation time IntraVehicleMsg)
2025-05-28 00:33:48,286 INFO  - Sent message to others cars = 'veh_44 | CartesianPoint{x=193.72,y=12.53,z=0.00}' (at simulation time 401.000,000,000 s)
2025-05-28 00:33:48,389 INFO  - Received event: 401000 (at simulation time IntraVehicleMsg)
2025-05-28 00:33:48,392 INFO  - Sent message to others cars = 'veh_44 | CartesianPoint{x=196.07,y=3.89,z=0.00}' (at simulation time 402.000,000,000 s)
2025-05-28 00:33:48,500 INFO  - Received event: 402000 (at simulation time IntraVehicleMsg)
2025-05-28 00:33:48,504 INFO  - ------------------------------------------------------------------------------------- (at simulation time 403.000,000,000 s)
2025-05-28 00:33:48,504 INFO  - Shutdown application (at simulation time 403.000,000,000 s)
2025-05-28 00:33:48,504 INFO  - ------------------------------------------------------------------------------------- (at simulation time 403.000,000,000 s)
