2025-05-28 00:19:42,422 INFO  - ------------------------------------------------------------------------------------- (at simulation time 171.000,000,000 s)
2025-05-28 00:19:42,422 INFO  - Initialize veh_32 application (at simulation time 171.000,000,000 s)
2025-05-28 00:19:42,422 INFO  - Activated AdHoc Module (at simulation time 171.000,000,000 s)
2025-05-28 00:19:42,422 INFO  - ------------------------------------------------------------------------------------- (at simulation time 171.000,000,000 s)
2025-05-28 00:19:42,424 INFO  - Sent message to others cars = 'veh_32 | CartesianPoint{x=143.94,y=749.34,z=0.00}' (at simulation time 171.000,000,000 s)
2025-05-28 00:19:42,522 INFO  - Received event: 171000 (at simulation time IntraVehicleMsg)
2025-05-28 00:19:42,527 INFO  - Sent message to others cars = 'veh_32 | CartesianPoint{x=143.92,y=741.83,z=0.00}' (at simulation time 172.000,000,000 s)
2025-05-28 00:19:42,624 INFO  - Received event: 172000 (at simulation time IntraVehicleMsg)
2025-05-28 00:19:42,627 INFO  - Sent message to others cars = 'veh_32 | CartesianPoint{x=143.90,y=734.60,z=0.00}' (at simulation time 173.000,000,000 s)
2025-05-28 00:19:42,728 INFO  - Received event: 173000 (at simulation time IntraVehicleMsg)
2025-05-28 00:19:42,732 INFO  - Sent message to others cars = 'veh_32 | CartesianPoint{x=143.88,y=728.14,z=0.00}' (at simulation time 174.000,000,000 s)
2025-05-28 00:19:42,835 INFO  - Received event: 174000 (at simulation time IntraVehicleMsg)
2025-05-28 00:19:42,849 INFO  - Sent message to others cars = 'veh_32 | CartesianPoint{x=143.85,y=720.86,z=0.00}' (at simulation time 175.000,000,000 s)
2025-05-28 00:19:42,952 INFO  - Received event: 175000 (at simulation time IntraVehicleMsg)
2025-05-28 00:19:42,956 INFO  - Sent message to others cars = 'veh_32 | CartesianPoint{x=143.83,y=713.92,z=0.00}' (at simulation time 176.000,000,000 s)
2025-05-28 00:19:43,098 INFO  - Received event: 176000 (at simulation time IntraVehicleMsg)
2025-05-28 00:19:43,104 INFO  - Sent message to others cars = 'veh_32 | CartesianPoint{x=140.61,y=707.27,z=0.00}' (at simulation time 177.000,000,000 s)
2025-05-28 00:19:43,211 INFO  - Received event: 177000 (at simulation time IntraVehicleMsg)
2025-05-28 00:19:43,215 INFO  - Sent message to others cars = 'veh_32 | CartesianPoint{x=140.58,y=700.59,z=0.00}' (at simulation time 178.000,000,000 s)
2025-05-28 00:19:43,319 INFO  - Received event: 178000 (at simulation time IntraVehicleMsg)
2025-05-28 00:19:43,322 INFO  - Sent message to others cars = 'veh_32 | CartesianPoint{x=140.56,y=693.51,z=0.00}' (at simulation time 179.000,000,000 s)
2025-05-28 00:19:43,430 INFO  - Received event: 179000 (at simulation time IntraVehicleMsg)
2025-05-28 00:19:43,440 INFO  - Sent message to others cars = 'veh_32 | CartesianPoint{x=140.54,y=687.09,z=0.00}' (at simulation time 180.000,000,000 s)
2025-05-28 00:19:43,542 INFO  - Received event: 180000 (at simulation time IntraVehicleMsg)
2025-05-28 00:19:43,554 INFO  - Sent message to others cars = 'veh_32 | CartesianPoint{x=140.52,y=680.63,z=0.00}' (at simulation time 181.000,000,000 s)
2025-05-28 00:19:43,651 INFO  - Received event: 181000 (at simulation time IntraVehicleMsg)
2025-05-28 00:19:43,654 INFO  - Sent message to others cars = 'veh_32 | CartesianPoint{x=140.49,y=673.30,z=0.00}' (at simulation time 182.000,000,000 s)
2025-05-28 00:19:43,754 INFO  - Received event: 182000 (at simulation time IntraVehicleMsg)
2025-05-28 00:19:43,757 INFO  - Sent message to others cars = 'veh_32 | CartesianPoint{x=140.47,y=666.14,z=0.00}' (at simulation time 183.000,000,000 s)
2025-05-28 00:19:43,863 INFO  - Received event: 183000 (at simulation time IntraVehicleMsg)
2025-05-28 00:19:43,873 INFO  - Sent message to others cars = 'veh_32 | CartesianPoint{x=140.45,y=659.03,z=0.00}' (at simulation time 184.000,000,000 s)
2025-05-28 00:19:43,972 INFO  - Received event: 184000 (at simulation time IntraVehicleMsg)
2025-05-28 00:19:43,977 INFO  - Sent message to others cars = 'veh_32 | CartesianPoint{x=140.44,y=651.74,z=0.00}' (at simulation time 185.000,000,000 s)
2025-05-28 00:19:44,076 INFO  - Received event: 185000 (at simulation time IntraVehicleMsg)
2025-05-28 00:19:44,080 INFO  - Sent message to others cars = 'veh_32 | CartesianPoint{x=140.42,y=644.35,z=0.00}' (at simulation time 186.000,000,000 s)
2025-05-28 00:19:44,185 INFO  - Received event: 186000 (at simulation time IntraVehicleMsg)
2025-05-28 00:19:44,188 INFO  - Sent message to others cars = 'veh_32 | CartesianPoint{x=140.40,y=636.96,z=0.00}' (at simulation time 187.000,000,000 s)
2025-05-28 00:19:44,288 INFO  - Received event: 187000 (at simulation time IntraVehicleMsg)
2025-05-28 00:19:44,290 INFO  - Sent message to others cars = 'veh_32 | CartesianPoint{x=140.39,y=630.04,z=0.00}' (at simulation time 188.000,000,000 s)
2025-05-28 00:19:44,386 INFO  - Received event: 188000 (at simulation time IntraVehicleMsg)
2025-05-28 00:19:44,389 INFO  - Sent message to others cars = 'veh_32 | CartesianPoint{x=140.37,y=622.90,z=0.00}' (at simulation time 189.000,000,000 s)
2025-05-28 00:19:44,487 INFO  - Received event: 189000 (at simulation time IntraVehicleMsg)
2025-05-28 00:19:44,490 INFO  - Sent message to others cars = 'veh_32 | CartesianPoint{x=140.35,y=615.73,z=0.00}' (at simulation time 190.000,000,000 s)
2025-05-28 00:19:44,580 INFO  - Received event: 190000 (at simulation time IntraVehicleMsg)
2025-05-28 00:19:44,588 INFO  - Sent message to others cars = 'veh_32 | CartesianPoint{x=140.33,y=608.04,z=0.00}' (at simulation time 191.000,000,000 s)
2025-05-28 00:19:44,677 INFO  - Received event: 191000 (at simulation time IntraVehicleMsg)
2025-05-28 00:19:44,684 INFO  - Sent message to others cars = 'veh_32 | CartesianPoint{x=140.31,y=601.61,z=0.00}' (at simulation time 192.000,000,000 s)
2025-05-28 00:19:44,777 INFO  - Received event: 192000 (at simulation time IntraVehicleMsg)
2025-05-28 00:19:44,781 INFO  - Sent message to others cars = 'veh_32 | CartesianPoint{x=140.27,y=594.62,z=0.00}' (at simulation time 193.000,000,000 s)
2025-05-28 00:19:44,873 INFO  - Received event: 193000 (at simulation time IntraVehicleMsg)
2025-05-28 00:19:44,876 INFO  - Sent message to others cars = 'veh_32 | CartesianPoint{x=140.24,y=588.21,z=0.00}' (at simulation time 194.000,000,000 s)
2025-05-28 00:19:44,971 INFO  - Received event: 194000 (at simulation time IntraVehicleMsg)
2025-05-28 00:19:44,974 INFO  - Sent message to others cars = 'veh_32 | CartesianPoint{x=140.20,y=580.60,z=0.00}' (at simulation time 195.000,000,000 s)
2025-05-28 00:19:45,070 INFO  - Received event: 195000 (at simulation time IntraVehicleMsg)
2025-05-28 00:19:45,073 INFO  - Sent message to others cars = 'veh_32 | CartesianPoint{x=140.16,y=573.72,z=0.00}' (at simulation time 196.000,000,000 s)
2025-05-28 00:19:45,171 INFO  - Received event: 196000 (at simulation time IntraVehicleMsg)
2025-05-28 00:19:45,174 INFO  - Sent message to others cars = 'veh_32 | CartesianPoint{x=140.12,y=566.70,z=0.00}' (at simulation time 197.000,000,000 s)
2025-05-28 00:19:45,278 INFO  - Received event: 197000 (at simulation time IntraVehicleMsg)
2025-05-28 00:19:45,284 INFO  - Sent message to others cars = 'veh_32 | CartesianPoint{x=140.09,y=560.10,z=0.00}' (at simulation time 198.000,000,000 s)
2025-05-28 00:19:45,386 INFO  - Received event: 198000 (at simulation time IntraVehicleMsg)
2025-05-28 00:19:45,388 INFO  - Sent message to others cars = 'veh_32 | CartesianPoint{x=140.05,y=552.51,z=0.00}' (at simulation time 199.000,000,000 s)
2025-05-28 00:19:45,492 INFO  - Received event: 199000 (at simulation time IntraVehicleMsg)
2025-05-28 00:19:45,499 INFO  - Sent message to others cars = 'veh_32 | CartesianPoint{x=143.22,y=547.28,z=0.00}' (at simulation time 200.000,000,000 s)
2025-05-28 00:19:45,602 INFO  - Received event: 200000 (at simulation time IntraVehicleMsg)
2025-05-28 00:19:45,606 INFO  - Sent message to others cars = 'veh_32 | CartesianPoint{x=143.19,y=541.40,z=0.00}' (at simulation time 201.000,000,000 s)
2025-05-28 00:19:45,704 INFO  - Received event: 201000 (at simulation time IntraVehicleMsg)
2025-05-28 00:19:45,711 INFO  - Sent message to others cars = 'veh_32 | CartesianPoint{x=143.18,y=538.62,z=0.00}' (at simulation time 202.000,000,000 s)
2025-05-28 00:19:45,808 INFO  - Received event: 202000 (at simulation time IntraVehicleMsg)
2025-05-28 00:19:45,812 INFO  - Sent message to others cars = 'veh_32 | CartesianPoint{x=143.18,y=538.28,z=0.00}' (at simulation time 203.000,000,000 s)
2025-05-28 00:19:45,907 INFO  - Received event: 203000 (at simulation time IntraVehicleMsg)
2025-05-28 00:19:45,909 INFO  - Sent message to others cars = 'veh_32 | CartesianPoint{x=143.18,y=538.19,z=0.00}' (at simulation time 204.000,000,000 s)
2025-05-28 00:19:46,008 INFO  - Received event: 204000 (at simulation time IntraVehicleMsg)
2025-05-28 00:19:46,014 INFO  - Sent message to others cars = 'veh_32 | CartesianPoint{x=143.18,y=538.17,z=0.00}' (at simulation time 205.000,000,000 s)
2025-05-28 00:19:46,103 INFO  - Received event: 205000 (at simulation time IntraVehicleMsg)
2025-05-28 00:19:46,106 INFO  - Sent message to others cars = 'veh_32 | CartesianPoint{x=143.18,y=538.17,z=0.00}' (at simulation time 206.000,000,000 s)
2025-05-28 00:19:46,189 INFO  - Received event: 206000 (at simulation time IntraVehicleMsg)
2025-05-28 00:19:46,192 INFO  - Sent message to others cars = 'veh_32 | CartesianPoint{x=143.18,y=538.17,z=0.00}' (at simulation time 207.000,000,000 s)
2025-05-28 00:19:46,268 INFO  - Received event: 207000 (at simulation time IntraVehicleMsg)
2025-05-28 00:19:46,270 INFO  - Sent message to others cars = 'veh_32 | CartesianPoint{x=143.18,y=538.17,z=0.00}' (at simulation time 208.000,000,000 s)
2025-05-28 00:19:46,345 INFO  - Received event: 208000 (at simulation time IntraVehicleMsg)
2025-05-28 00:19:46,347 INFO  - Sent message to others cars = 'veh_32 | CartesianPoint{x=143.18,y=538.17,z=0.00}' (at simulation time 209.000,000,000 s)
2025-05-28 00:19:46,424 INFO  - Received event: 209000 (at simulation time IntraVehicleMsg)
2025-05-28 00:19:46,427 INFO  - Sent message to others cars = 'veh_32 | CartesianPoint{x=143.18,y=538.17,z=0.00}' (at simulation time 210.000,000,000 s)
2025-05-28 00:19:46,503 INFO  - Received event: 210000 (at simulation time IntraVehicleMsg)
2025-05-28 00:19:46,508 INFO  - Sent message to others cars = 'veh_32 | CartesianPoint{x=143.18,y=538.17,z=0.00}' (at simulation time 211.000,000,000 s)
2025-05-28 00:19:46,577 INFO  - Received event: 211000 (at simulation time IntraVehicleMsg)
2025-05-28 00:19:46,594 INFO  - Sent message to others cars = 'veh_32 | CartesianPoint{x=143.18,y=538.17,z=0.00}' (at simulation time 212.000,000,000 s)
2025-05-28 00:19:46,665 INFO  - Received event: 212000 (at simulation time IntraVehicleMsg)
2025-05-28 00:19:46,668 INFO  - Sent message to others cars = 'veh_32 | CartesianPoint{x=143.18,y=538.17,z=0.00}' (at simulation time 213.000,000,000 s)
2025-05-28 00:19:46,739 INFO  - Received event: 213000 (at simulation time IntraVehicleMsg)
2025-05-28 00:19:46,742 INFO  - Sent message to others cars = 'veh_32 | CartesianPoint{x=143.18,y=538.17,z=0.00}' (at simulation time 214.000,000,000 s)
2025-05-28 00:19:46,815 INFO  - Received event: 214000 (at simulation time IntraVehicleMsg)
2025-05-28 00:19:46,818 INFO  - Sent message to others cars = 'veh_32 | CartesianPoint{x=143.18,y=538.17,z=0.00}' (at simulation time 215.000,000,000 s)
2025-05-28 00:19:46,893 INFO  - Received event: 215000 (at simulation time IntraVehicleMsg)
2025-05-28 00:19:46,896 INFO  - Sent message to others cars = 'veh_32 | CartesianPoint{x=143.18,y=538.17,z=0.00}' (at simulation time 216.000,000,000 s)
2025-05-28 00:19:46,964 INFO  - Received event: 216000 (at simulation time IntraVehicleMsg)
2025-05-28 00:19:46,966 INFO  - Sent message to others cars = 'veh_32 | CartesianPoint{x=143.17,y=536.75,z=0.00}' (at simulation time 217.000,000,000 s)
2025-05-28 00:19:47,036 INFO  - Received event: 217000 (at simulation time IntraVehicleMsg)
2025-05-28 00:19:47,041 INFO  - Sent message to others cars = 'veh_32 | CartesianPoint{x=143.14,y=533.26,z=0.00}' (at simulation time 218.000,000,000 s)
2025-05-28 00:19:47,112 INFO  - Received event: 218000 (at simulation time IntraVehicleMsg)
2025-05-28 00:19:47,119 INFO  - Sent message to others cars = 'veh_32 | CartesianPoint{x=143.09,y=527.63,z=0.00}' (at simulation time 219.000,000,000 s)
2025-05-28 00:19:47,185 INFO  - Received event: 219000 (at simulation time IntraVehicleMsg)
2025-05-28 00:19:47,188 INFO  - Sent message to others cars = 'veh_32 | CartesianPoint{x=143.03,y=521.15,z=0.00}' (at simulation time 220.000,000,000 s)
2025-05-28 00:19:47,255 INFO  - Received event: 220000 (at simulation time IntraVehicleMsg)
2025-05-28 00:19:47,258 INFO  - Sent message to others cars = 'veh_32 | CartesianPoint{x=142.96,y=513.73,z=0.00}' (at simulation time 221.000,000,000 s)
2025-05-28 00:19:47,322 INFO  - Received event: 221000 (at simulation time IntraVehicleMsg)
2025-05-28 00:19:47,329 INFO  - Sent message to others cars = 'veh_32 | CartesianPoint{x=142.90,y=506.71,z=0.00}' (at simulation time 222.000,000,000 s)
2025-05-28 00:19:47,395 INFO  - Received event: 222000 (at simulation time IntraVehicleMsg)
2025-05-28 00:19:47,397 INFO  - Sent message to others cars = 'veh_32 | CartesianPoint{x=142.83,y=499.85,z=0.00}' (at simulation time 223.000,000,000 s)
2025-05-28 00:19:47,454 INFO  - Received event: 223000 (at simulation time IntraVehicleMsg)
2025-05-28 00:19:47,457 INFO  - Sent message to others cars = 'veh_32 | CartesianPoint{x=142.76,y=492.39,z=0.00}' (at simulation time 224.000,000,000 s)
2025-05-28 00:19:47,515 INFO  - Received event: 224000 (at simulation time IntraVehicleMsg)
2025-05-28 00:19:47,519 INFO  - Sent message to others cars = 'veh_32 | CartesianPoint{x=142.69,y=485.11,z=0.00}' (at simulation time 225.000,000,000 s)
2025-05-28 00:19:47,578 INFO  - Received event: 225000 (at simulation time IntraVehicleMsg)
2025-05-28 00:19:47,580 INFO  - Sent message to others cars = 'veh_32 | CartesianPoint{x=142.63,y=478.70,z=0.00}' (at simulation time 226.000,000,000 s)
2025-05-28 00:19:47,641 INFO  - Received event: 226000 (at simulation time IntraVehicleMsg)
2025-05-28 00:19:47,643 INFO  - Sent message to others cars = 'veh_32 | CartesianPoint{x=142.56,y=471.93,z=0.00}' (at simulation time 227.000,000,000 s)
2025-05-28 00:19:47,702 INFO  - Received event: 227000 (at simulation time IntraVehicleMsg)
2025-05-28 00:19:47,708 INFO  - Sent message to others cars = 'veh_32 | CartesianPoint{x=142.50,y=464.90,z=0.00}' (at simulation time 228.000,000,000 s)
2025-05-28 00:19:47,769 INFO  - Received event: 228000 (at simulation time IntraVehicleMsg)
2025-05-28 00:19:47,771 INFO  - Sent message to others cars = 'veh_32 | CartesianPoint{x=142.43,y=458.33,z=0.00}' (at simulation time 229.000,000,000 s)
2025-05-28 00:19:47,831 INFO  - Received event: 229000 (at simulation time IntraVehicleMsg)
2025-05-28 00:19:47,834 INFO  - Sent message to others cars = 'veh_32 | CartesianPoint{x=142.39,y=450.81,z=0.00}' (at simulation time 230.000,000,000 s)
2025-05-28 00:19:47,895 INFO  - Received event: 230000 (at simulation time IntraVehicleMsg)
2025-05-28 00:19:47,900 INFO  - Sent message to others cars = 'veh_32 | CartesianPoint{x=142.38,y=444.01,z=0.00}' (at simulation time 231.000,000,000 s)
2025-05-28 00:19:47,962 INFO  - Received event: 231000 (at simulation time IntraVehicleMsg)
2025-05-28 00:19:47,964 INFO  - Sent message to others cars = 'veh_32 | CartesianPoint{x=142.37,y=437.35,z=0.00}' (at simulation time 232.000,000,000 s)
2025-05-28 00:19:48,026 INFO  - Received event: 232000 (at simulation time IntraVehicleMsg)
2025-05-28 00:19:48,033 INFO  - Sent message to others cars = 'veh_32 | CartesianPoint{x=142.35,y=430.27,z=0.00}' (at simulation time 233.000,000,000 s)
2025-05-28 00:19:48,096 INFO  - Received event: 233000 (at simulation time IntraVehicleMsg)
2025-05-28 00:19:48,098 INFO  - Sent message to others cars = 'veh_32 | CartesianPoint{x=142.34,y=423.09,z=0.00}' (at simulation time 234.000,000,000 s)
2025-05-28 00:19:48,165 INFO  - Received event: 234000 (at simulation time IntraVehicleMsg)
2025-05-28 00:19:48,168 INFO  - Sent message to others cars = 'veh_32 | CartesianPoint{x=142.32,y=416.65,z=0.00}' (at simulation time 235.000,000,000 s)
2025-05-28 00:19:48,234 INFO  - Received event: 235000 (at simulation time IntraVehicleMsg)
2025-05-28 00:19:48,237 INFO  - Sent message to others cars = 'veh_32 | CartesianPoint{x=142.31,y=409.19,z=0.00}' (at simulation time 236.000,000,000 s)
2025-05-28 00:19:48,304 INFO  - Received event: 236000 (at simulation time IntraVehicleMsg)
2025-05-28 00:19:48,310 INFO  - Sent message to others cars = 'veh_32 | CartesianPoint{x=142.29,y=401.86,z=0.00}' (at simulation time 237.000,000,000 s)
2025-05-28 00:19:48,379 INFO  - Received event: 237000 (at simulation time IntraVehicleMsg)
2025-05-28 00:19:48,381 INFO  - Sent message to others cars = 'veh_32 | CartesianPoint{x=142.28,y=395.32,z=0.00}' (at simulation time 238.000,000,000 s)
2025-05-28 00:19:48,450 INFO  - Received event: 238000 (at simulation time IntraVehicleMsg)
2025-05-28 00:19:48,452 INFO  - Sent message to others cars = 'veh_32 | CartesianPoint{x=142.27,y=388.40,z=0.00}' (at simulation time 239.000,000,000 s)
2025-05-28 00:19:48,522 INFO  - Received event: 239000 (at simulation time IntraVehicleMsg)
2025-05-28 00:19:48,527 INFO  - Sent message to others cars = 'veh_32 | CartesianPoint{x=142.25,y=380.76,z=0.00}' (at simulation time 240.000,000,000 s)
2025-05-28 00:19:48,598 INFO  - Received event: 240000 (at simulation time IntraVehicleMsg)
2025-05-28 00:19:48,601 INFO  - Sent message to others cars = 'veh_32 | CartesianPoint{x=142.23,y=373.44,z=0.00}' (at simulation time 241.000,000,000 s)
2025-05-28 00:19:48,672 INFO  - Received event: 241000 (at simulation time IntraVehicleMsg)
2025-05-28 00:19:48,675 INFO  - Sent message to others cars = 'veh_32 | CartesianPoint{x=142.22,y=365.87,z=0.00}' (at simulation time 242.000,000,000 s)
2025-05-28 00:19:48,748 INFO  - Received event: 242000 (at simulation time IntraVehicleMsg)
2025-05-28 00:19:48,756 INFO  - Sent message to others cars = 'veh_32 | CartesianPoint{x=142.20,y=359.35,z=0.00}' (at simulation time 243.000,000,000 s)
2025-05-28 00:19:48,830 INFO  - Received event: 243000 (at simulation time IntraVehicleMsg)
2025-05-28 00:19:48,833 INFO  - Sent message to others cars = 'veh_32 | CartesianPoint{x=142.16,y=352.32,z=0.00}' (at simulation time 244.000,000,000 s)
2025-05-28 00:19:48,908 INFO  - Received event: 244000 (at simulation time IntraVehicleMsg)
2025-05-28 00:19:48,912 INFO  - Sent message to others cars = 'veh_32 | CartesianPoint{x=142.10,y=345.17,z=0.00}' (at simulation time 245.000,000,000 s)
2025-05-28 00:19:48,988 INFO  - Received event: 245000 (at simulation time IntraVehicleMsg)
2025-05-28 00:19:48,990 INFO  - Sent message to others cars = 'veh_32 | CartesianPoint{x=142.03,y=337.58,z=0.00}' (at simulation time 246.000,000,000 s)
2025-05-28 00:19:49,068 INFO  - Received event: 246000 (at simulation time IntraVehicleMsg)
2025-05-28 00:19:49,074 INFO  - Sent message to others cars = 'veh_32 | CartesianPoint{x=141.97,y=330.60,z=0.00}' (at simulation time 247.000,000,000 s)
2025-05-28 00:19:49,149 INFO  - Received event: 247000 (at simulation time IntraVehicleMsg)
2025-05-28 00:19:49,152 INFO  - Sent message to others cars = 'veh_32 | CartesianPoint{x=141.91,y=323.04,z=0.00}' (at simulation time 248.000,000,000 s)
2025-05-28 00:19:49,232 INFO  - Received event: 248000 (at simulation time IntraVehicleMsg)
2025-05-28 00:19:49,238 INFO  - Sent message to others cars = 'veh_32 | CartesianPoint{x=141.85,y=316.43,z=0.00}' (at simulation time 249.000,000,000 s)
2025-05-28 00:19:49,308 INFO  - Received event: 249000 (at simulation time IntraVehicleMsg)
2025-05-28 00:19:49,311 INFO  - Sent message to others cars = 'veh_32 | CartesianPoint{x=141.79,y=309.94,z=0.00}' (at simulation time 250.000,000,000 s)
2025-05-28 00:19:49,380 INFO  - Received event: 250000 (at simulation time IntraVehicleMsg)
2025-05-28 00:19:49,383 INFO  - Sent message to others cars = 'veh_32 | CartesianPoint{x=141.73,y=302.41,z=0.00}' (at simulation time 251.000,000,000 s)
2025-05-28 00:19:49,455 INFO  - Received event: 251000 (at simulation time IntraVehicleMsg)
2025-05-28 00:19:49,458 INFO  - Sent message to others cars = 'veh_32 | CartesianPoint{x=141.67,y=295.50,z=0.00}' (at simulation time 252.000,000,000 s)
2025-05-28 00:19:49,521 INFO  - Received event: 252000 (at simulation time IntraVehicleMsg)
2025-05-28 00:19:49,528 INFO  - Sent message to others cars = 'veh_32 | CartesianPoint{x=141.60,y=287.82,z=0.00}' (at simulation time 253.000,000,000 s)
2025-05-28 00:19:49,592 INFO  - Received event: 253000 (at simulation time IntraVehicleMsg)
2025-05-28 00:19:49,595 INFO  - Sent message to others cars = 'veh_32 | CartesianPoint{x=141.54,y=280.73,z=0.00}' (at simulation time 254.000,000,000 s)
2025-05-28 00:19:49,661 INFO  - Received event: 254000 (at simulation time IntraVehicleMsg)
2025-05-28 00:19:49,667 INFO  - Sent message to others cars = 'veh_32 | CartesianPoint{x=141.48,y=273.34,z=0.00}' (at simulation time 255.000,000,000 s)
2025-05-28 00:19:49,724 INFO  - Received event: 255000 (at simulation time IntraVehicleMsg)
2025-05-28 00:19:49,726 INFO  - Sent message to others cars = 'veh_32 | CartesianPoint{x=141.42,y=266.62,z=0.00}' (at simulation time 256.000,000,000 s)
2025-05-28 00:19:49,776 INFO  - Received event: 256000 (at simulation time IntraVehicleMsg)
2025-05-28 00:19:49,779 INFO  - Sent message to others cars = 'veh_32 | CartesianPoint{x=141.35,y=259.42,z=0.00}' (at simulation time 257.000,000,000 s)
2025-05-28 00:19:49,826 INFO  - Received event: 257000 (at simulation time IntraVehicleMsg)
2025-05-28 00:19:49,829 INFO  - Sent message to others cars = 'veh_32 | CartesianPoint{x=141.29,y=252.18,z=0.00}' (at simulation time 258.000,000,000 s)
2025-05-28 00:19:49,871 INFO  - Received event: 258000 (at simulation time IntraVehicleMsg)
2025-05-28 00:19:49,873 INFO  - Sent message to others cars = 'veh_32 | CartesianPoint{x=141.24,y=245.39,z=0.00}' (at simulation time 259.000,000,000 s)
2025-05-28 00:19:49,916 INFO  - Received event: 259000 (at simulation time IntraVehicleMsg)
2025-05-28 00:19:49,921 INFO  - Sent message to others cars = 'veh_32 | CartesianPoint{x=141.18,y=238.92,z=0.00}' (at simulation time 260.000,000,000 s)
2025-05-28 00:19:49,962 INFO  - Received event: 260000 (at simulation time IntraVehicleMsg)
2025-05-28 00:19:49,964 INFO  - Sent message to others cars = 'veh_32 | CartesianPoint{x=141.12,y=231.71,z=0.00}' (at simulation time 261.000,000,000 s)
2025-05-28 00:19:50,007 INFO  - Received event: 261000 (at simulation time IntraVehicleMsg)
2025-05-28 00:19:50,009 INFO  - Sent message to others cars = 'veh_32 | CartesianPoint{x=141.06,y=224.32,z=0.00}' (at simulation time 262.000,000,000 s)
2025-05-28 00:19:50,053 INFO  - Received event: 262000 (at simulation time IntraVehicleMsg)
2025-05-28 00:19:50,056 INFO  - Sent message to others cars = 'veh_32 | CartesianPoint{x=141.00,y=216.84,z=0.00}' (at simulation time 263.000,000,000 s)
2025-05-28 00:19:50,102 INFO  - Received event: 263000 (at simulation time IntraVehicleMsg)
2025-05-28 00:19:50,109 INFO  - Sent message to others cars = 'veh_32 | CartesianPoint{x=140.95,y=210.26,z=0.00}' (at simulation time 264.000,000,000 s)
2025-05-28 00:19:50,155 INFO  - Received event: 264000 (at simulation time IntraVehicleMsg)
2025-05-28 00:19:50,158 INFO  - Sent message to others cars = 'veh_32 | CartesianPoint{x=140.89,y=202.82,z=0.00}' (at simulation time 265.000,000,000 s)
2025-05-28 00:19:50,204 INFO  - Received event: 265000 (at simulation time IntraVehicleMsg)
2025-05-28 00:19:50,207 INFO  - Sent message to others cars = 'veh_32 | CartesianPoint{x=140.83,y=196.31,z=0.00}' (at simulation time 266.000,000,000 s)
2025-05-28 00:19:50,255 INFO  - Received event: 266000 (at simulation time IntraVehicleMsg)
2025-05-28 00:19:50,257 INFO  - Sent message to others cars = 'veh_32 | CartesianPoint{x=140.77,y=189.07,z=0.00}' (at simulation time 267.000,000,000 s)
2025-05-28 00:19:50,308 INFO  - Received event: 267000 (at simulation time IntraVehicleMsg)
2025-05-28 00:19:50,311 INFO  - Sent message to others cars = 'veh_32 | CartesianPoint{x=140.71,y=181.48,z=0.00}' (at simulation time 268.000,000,000 s)
2025-05-28 00:19:50,362 INFO  - Received event: 268000 (at simulation time IntraVehicleMsg)
2025-05-28 00:19:50,365 INFO  - Sent message to others cars = 'veh_32 | CartesianPoint{x=140.65,y=173.82,z=0.00}' (at simulation time 269.000,000,000 s)
2025-05-28 00:19:50,417 INFO  - Received event: 269000 (at simulation time IntraVehicleMsg)
2025-05-28 00:19:50,424 INFO  - Sent message to others cars = 'veh_32 | CartesianPoint{x=140.59,y=167.22,z=0.00}' (at simulation time 270.000,000,000 s)
2025-05-28 00:19:50,476 INFO  - Received event: 270000 (at simulation time IntraVehicleMsg)
2025-05-28 00:19:50,481 INFO  - Sent message to others cars = 'veh_32 | CartesianPoint{x=137.33,y=159.34,z=0.00}' (at simulation time 271.000,000,000 s)
2025-05-28 00:19:50,535 INFO  - Received event: 271000 (at simulation time IntraVehicleMsg)
2025-05-28 00:19:50,537 INFO  - Sent message to others cars = 'veh_32 | CartesianPoint{x=137.27,y=152.42,z=0.00}' (at simulation time 272.000,000,000 s)
2025-05-28 00:19:50,591 INFO  - Received event: 272000 (at simulation time IntraVehicleMsg)
2025-05-28 00:19:50,594 INFO  - Sent message to others cars = 'veh_32 | CartesianPoint{x=137.21,y=144.77,z=0.00}' (at simulation time 273.000,000,000 s)
2025-05-28 00:19:50,645 INFO  - Received event: 273000 (at simulation time IntraVehicleMsg)
2025-05-28 00:19:50,652 INFO  - Sent message to others cars = 'veh_32 | CartesianPoint{x=137.17,y=137.78,z=0.00}' (at simulation time 274.000,000,000 s)
2025-05-28 00:19:50,704 INFO  - Received event: 274000 (at simulation time IntraVehicleMsg)
2025-05-28 00:19:50,710 INFO  - Sent message to others cars = 'veh_32 | CartesianPoint{x=137.20,y=131.23,z=0.00}' (at simulation time 275.000,000,000 s)
2025-05-28 00:19:50,762 INFO  - Received event: 275000 (at simulation time IntraVehicleMsg)
2025-05-28 00:19:50,765 INFO  - Sent message to others cars = 'veh_32 | CartesianPoint{x=137.24,y=124.42,z=0.00}' (at simulation time 276.000,000,000 s)
2025-05-28 00:19:50,830 INFO  - Received event: 276000 (at simulation time IntraVehicleMsg)
2025-05-28 00:19:50,833 INFO  - Sent message to others cars = 'veh_32 | CartesianPoint{x=137.28,y=117.31,z=0.00}' (at simulation time 277.000,000,000 s)
2025-05-28 00:19:50,889 INFO  - Received event: 277000 (at simulation time IntraVehicleMsg)
2025-05-28 00:19:50,900 INFO  - Sent message to others cars = 'veh_32 | CartesianPoint{x=137.32,y=109.63,z=0.00}' (at simulation time 278.000,000,000 s)
2025-05-28 00:19:50,949 INFO  - Received event: 278000 (at simulation time IntraVehicleMsg)
2025-05-28 00:19:50,952 INFO  - Sent message to others cars = 'veh_32 | CartesianPoint{x=137.37,y=102.02,z=0.00}' (at simulation time 279.000,000,000 s)
2025-05-28 00:19:51,002 INFO  - Received event: 279000 (at simulation time IntraVehicleMsg)
2025-05-28 00:19:51,007 INFO  - Sent message to others cars = 'veh_32 | CartesianPoint{x=137.41,y=94.93,z=0.00}' (at simulation time 280.000,000,000 s)
2025-05-28 00:19:51,050 INFO  - Received event: 280000 (at simulation time IntraVehicleMsg)
2025-05-28 00:19:51,052 INFO  - Sent message to others cars = 'veh_32 | CartesianPoint{x=137.45,y=87.35,z=0.00}' (at simulation time 281.000,000,000 s)
2025-05-28 00:19:51,097 INFO  - Received event: 281000 (at simulation time IntraVehicleMsg)
2025-05-28 00:19:51,099 INFO  - Sent message to others cars = 'veh_32 | CartesianPoint{x=137.49,y=80.20,z=0.00}' (at simulation time 282.000,000,000 s)
2025-05-28 00:19:51,145 INFO  - Received event: 282000 (at simulation time IntraVehicleMsg)
2025-05-28 00:19:51,147 INFO  - Sent message to others cars = 'veh_32 | CartesianPoint{x=139.26,y=73.03,z=0.00}' (at simulation time 283.000,000,000 s)
2025-05-28 00:19:51,194 INFO  - Received event: 283000 (at simulation time IntraVehicleMsg)
2025-05-28 00:19:51,200 INFO  - Sent message to others cars = 'veh_32 | CartesianPoint{x=142.43,y=67.38,z=0.00}' (at simulation time 284.000,000,000 s)
2025-05-28 00:19:51,248 INFO  - Received event: 284000 (at simulation time IntraVehicleMsg)
2025-05-28 00:19:51,251 INFO  - Sent message to others cars = 'veh_32 | CartesianPoint{x=147.60,y=62.31,z=0.00}' (at simulation time 285.000,000,000 s)
2025-05-28 00:19:51,299 INFO  - Received event: 285000 (at simulation time IntraVehicleMsg)
2025-05-28 00:19:51,301 INFO  - Sent message to others cars = 'veh_32 | CartesianPoint{x=152.53,y=57.70,z=0.00}' (at simulation time 286.000,000,000 s)
2025-05-28 00:19:51,354 INFO  - Received event: 286000 (at simulation time IntraVehicleMsg)
2025-05-28 00:19:51,356 INFO  - Sent message to others cars = 'veh_32 | CartesianPoint{x=157.19,y=52.70,z=0.00}' (at simulation time 287.000,000,000 s)
2025-05-28 00:19:51,406 INFO  - Received event: 287000 (at simulation time IntraVehicleMsg)
2025-05-28 00:19:51,408 INFO  - Sent message to others cars = 'veh_32 | CartesianPoint{x=161.91,y=47.51,z=0.00}' (at simulation time 288.000,000,000 s)
2025-05-28 00:19:51,460 INFO  - Received event: 288000 (at simulation time IntraVehicleMsg)
2025-05-28 00:19:51,466 INFO  - Sent message to others cars = 'veh_32 | CartesianPoint{x=166.83,y=42.10,z=0.00}' (at simulation time 289.000,000,000 s)
2025-05-28 00:19:51,518 INFO  - Received event: 289000 (at simulation time IntraVehicleMsg)
2025-05-28 00:19:51,521 INFO  - Sent message to others cars = 'veh_32 | CartesianPoint{x=171.45,y=37.03,z=0.00}' (at simulation time 290.000,000,000 s)
2025-05-28 00:19:51,576 INFO  - Received event: 290000 (at simulation time IntraVehicleMsg)
2025-05-28 00:19:51,578 INFO  - Sent message to others cars = 'veh_32 | CartesianPoint{x=176.54,y=31.43,z=0.00}' (at simulation time 291.000,000,000 s)
2025-05-28 00:19:51,633 INFO  - Received event: 291000 (at simulation time IntraVehicleMsg)
2025-05-28 00:19:51,635 INFO  - Sent message to others cars = 'veh_32 | CartesianPoint{x=181.54,y=25.94,z=0.00}' (at simulation time 292.000,000,000 s)
2025-05-28 00:19:51,691 INFO  - Received event: 292000 (at simulation time IntraVehicleMsg)
2025-05-28 00:19:51,694 INFO  - Sent message to others cars = 'veh_32 | CartesianPoint{x=186.32,y=20.67,z=0.00}' (at simulation time 293.000,000,000 s)
2025-05-28 00:19:51,751 INFO  - Received event: 293000 (at simulation time IntraVehicleMsg)
2025-05-28 00:19:51,764 INFO  - Sent message to others cars = 'veh_32 | CartesianPoint{x=191.15,y=15.36,z=0.00}' (at simulation time 294.000,000,000 s)
2025-05-28 00:19:51,822 INFO  - Received event: 294000 (at simulation time IntraVehicleMsg)
2025-05-28 00:19:51,825 INFO  - Sent message to others cars = 'veh_32 | CartesianPoint{x=194.60,y=9.99,z=0.00}' (at simulation time 295.000,000,000 s)
2025-05-28 00:19:51,878 INFO  - Received event: 295000 (at simulation time IntraVehicleMsg)
2025-05-28 00:19:51,880 INFO  - Sent message to others cars = 'veh_32 | CartesianPoint{x=196.24,y=3.17,z=0.00}' (at simulation time 296.000,000,000 s)
2025-05-28 00:19:51,934 INFO  - Received event: 296000 (at simulation time IntraVehicleMsg)
2025-05-28 00:19:51,937 INFO  - ------------------------------------------------------------------------------------- (at simulation time 297.000,000,000 s)
2025-05-28 00:19:51,937 INFO  - Shutdown application (at simulation time 297.000,000,000 s)
2025-05-28 00:19:51,937 INFO  - ------------------------------------------------------------------------------------- (at simulation time 297.000,000,000 s)
