2025-05-28 00:34:07,463 INFO  - ------------------------------------------------------------------------------------- (at simulation time 675.000,000,000 s)
2025-05-28 00:34:07,463 INFO  - Initialize veh_131 application (at simulation time 675.000,000,000 s)
2025-05-28 00:34:07,463 INFO  - Activated AdHoc Module (at simulation time 675.000,000,000 s)
2025-05-28 00:34:07,463 INFO  - ------------------------------------------------------------------------------------- (at simulation time 675.000,000,000 s)
2025-05-28 00:34:07,464 INFO  - Sent message to others cars = 'veh_131 | CartesianPoint{x=-0.01,y=528.94,z=0.00}' (at simulation time 675.000,000,000 s)
2025-05-28 00:34:07,562 INFO  - Received event: 675000 (at simulation time IntraVehicleMsg)
2025-05-28 00:34:07,566 INFO  - Sent message to others cars = 'veh_131 | CartesianPoint{x=6.48,y=528.92,z=0.00}' (at simulation time 676.000,000,000 s)
2025-05-28 00:34:07,667 INFO  - Received event: 676000 (at simulation time IntraVehicleMsg)
2025-05-28 00:34:07,670 INFO  - Sent message to others cars = 'veh_131 | CartesianPoint{x=12.65,y=528.90,z=0.00}' (at simulation time 677.000,000,000 s)
2025-05-28 00:34:07,771 INFO  - Received event: 677000 (at simulation time IntraVehicleMsg)
2025-05-28 00:34:07,774 INFO  - Sent message to others cars = 'veh_131 | CartesianPoint{x=18.84,y=528.89,z=0.00}' (at simulation time 678.000,000,000 s)
2025-05-28 00:34:07,878 INFO  - Received event: 678000 (at simulation time IntraVehicleMsg)
2025-05-28 00:34:07,881 INFO  - Sent message to others cars = 'veh_131 | CartesianPoint{x=26.17,y=528.86,z=0.00}' (at simulation time 679.000,000,000 s)
2025-05-28 00:34:07,985 INFO  - Received event: 679000 (at simulation time IntraVehicleMsg)
2025-05-28 00:34:07,988 INFO  - Sent message to others cars = 'veh_131 | CartesianPoint{x=33.22,y=528.84,z=0.00}' (at simulation time 680.000,000,000 s)
2025-05-28 00:34:08,093 INFO  - Received event: 680000 (at simulation time IntraVehicleMsg)
2025-05-28 00:34:08,101 INFO  - Sent message to others cars = 'veh_131 | CartesianPoint{x=39.88,y=528.85,z=0.00}' (at simulation time 681.000,000,000 s)
2025-05-28 00:34:08,200 INFO  - Received event: 681000 (at simulation time IntraVehicleMsg)
2025-05-28 00:34:08,203 INFO  - Sent message to others cars = 'veh_131 | CartesianPoint{x=46.72,y=528.90,z=0.00}' (at simulation time 682.000,000,000 s)
2025-05-28 00:34:08,304 INFO  - Received event: 682000 (at simulation time IntraVehicleMsg)
2025-05-28 00:34:08,307 INFO  - Sent message to others cars = 'veh_131 | CartesianPoint{x=53.86,y=528.95,z=0.00}' (at simulation time 683.000,000,000 s)
2025-05-28 00:34:08,409 INFO  - Received event: 683000 (at simulation time IntraVehicleMsg)
2025-05-28 00:34:08,411 INFO  - Sent message to others cars = 'veh_131 | CartesianPoint{x=60.90,y=529.00,z=0.00}' (at simulation time 684.000,000,000 s)
2025-05-28 00:34:08,517 INFO  - Received event: 684000 (at simulation time IntraVehicleMsg)
2025-05-28 00:34:08,523 INFO  - Sent message to others cars = 'veh_131 | CartesianPoint{x=67.21,y=529.02,z=0.00}' (at simulation time 685.000,000,000 s)
2025-05-28 00:34:08,621 INFO  - Received event: 685000 (at simulation time IntraVehicleMsg)
2025-05-28 00:34:08,624 INFO  - Sent message to others cars = 'veh_131 | CartesianPoint{x=73.88,y=529.03,z=0.00}' (at simulation time 686.000,000,000 s)
2025-05-28 00:34:08,726 INFO  - Received event: 686000 (at simulation time IntraVehicleMsg)
2025-05-28 00:34:08,728 INFO  - Sent message to others cars = 'veh_131 | CartesianPoint{x=81.08,y=529.05,z=0.00}' (at simulation time 687.000,000,000 s)
2025-05-28 00:34:08,829 INFO  - Received event: 687000 (at simulation time IntraVehicleMsg)
2025-05-28 00:34:08,831 INFO  - Sent message to others cars = 'veh_131 | CartesianPoint{x=88.00,y=529.04,z=0.00}' (at simulation time 688.000,000,000 s)
2025-05-28 00:34:08,935 INFO  - Received event: 688000 (at simulation time IntraVehicleMsg)
2025-05-28 00:34:08,938 INFO  - Sent message to others cars = 'veh_131 | CartesianPoint{x=95.23,y=528.95,z=0.00}' (at simulation time 689.000,000,000 s)
2025-05-28 00:34:09,042 INFO  - Received event: 689000 (at simulation time IntraVehicleMsg)
2025-05-28 00:34:09,045 INFO  - Sent message to others cars = 'veh_131 | CartesianPoint{x=101.66,y=528.87,z=0.00}' (at simulation time 690.000,000,000 s)
2025-05-28 00:34:09,153 INFO  - Received event: 690000 (at simulation time IntraVehicleMsg)
2025-05-28 00:34:09,155 INFO  - Sent message to others cars = 'veh_131 | CartesianPoint{x=109.04,y=528.78,z=0.00}' (at simulation time 691.000,000,000 s)
2025-05-28 00:34:09,305 INFO  - Received event: 691000 (at simulation time IntraVehicleMsg)
2025-05-28 00:34:09,308 INFO  - Sent message to others cars = 'veh_131 | CartesianPoint{x=115.82,y=528.69,z=0.00}' (at simulation time 692.000,000,000 s)
2025-05-28 00:34:09,409 INFO  - Received event: 692000 (at simulation time IntraVehicleMsg)
2025-05-28 00:34:09,419 INFO  - Sent message to others cars = 'veh_131 | CartesianPoint{x=122.86,y=528.60,z=0.00}' (at simulation time 693.000,000,000 s)
2025-05-28 00:34:09,520 INFO  - Received event: 693000 (at simulation time IntraVehicleMsg)
2025-05-28 00:34:09,526 INFO  - Sent message to others cars = 'veh_131 | CartesianPoint{x=129.30,y=528.52,z=0.00}' (at simulation time 694.000,000,000 s)
2025-05-28 00:34:09,627 INFO  - Received event: 694000 (at simulation time IntraVehicleMsg)
2025-05-28 00:34:09,630 INFO  - Sent message to others cars = 'veh_131 | CartesianPoint{x=136.29,y=528.45,z=0.00}' (at simulation time 695.000,000,000 s)
2025-05-28 00:34:09,731 INFO  - Received event: 695000 (at simulation time IntraVehicleMsg)
2025-05-28 00:34:09,737 INFO  - Sent message to others cars = 'veh_131 | CartesianPoint{x=143.31,y=528.40,z=0.00}' (at simulation time 696.000,000,000 s)
2025-05-28 00:34:09,840 INFO  - Received event: 696000 (at simulation time IntraVehicleMsg)
2025-05-28 00:34:09,842 INFO  - Sent message to others cars = 'veh_131 | CartesianPoint{x=149.72,y=528.37,z=0.00}' (at simulation time 697.000,000,000 s)
2025-05-28 00:34:09,952 INFO  - Received event: 697000 (at simulation time IntraVehicleMsg)
2025-05-28 00:34:09,955 INFO  - Sent message to others cars = 'veh_131 | CartesianPoint{x=156.88,y=528.42,z=0.00}' (at simulation time 698.000,000,000 s)
2025-05-28 00:34:10,060 INFO  - Received event: 698000 (at simulation time IntraVehicleMsg)
2025-05-28 00:34:10,063 INFO  - Sent message to others cars = 'veh_131 | CartesianPoint{x=163.32,y=528.46,z=0.00}' (at simulation time 699.000,000,000 s)
2025-05-28 00:34:10,167 INFO  - Received event: 699000 (at simulation time IntraVehicleMsg)
2025-05-28 00:34:10,172 INFO  - Sent message to others cars = 'veh_131 | CartesianPoint{x=169.85,y=528.51,z=0.00}' (at simulation time 700.000,000,000 s)
2025-05-28 00:34:10,270 INFO  - Received event: 700000 (at simulation time IntraVehicleMsg)
2025-05-28 00:34:10,272 INFO  - Sent message to others cars = 'veh_131 | CartesianPoint{x=176.66,y=528.55,z=0.00}' (at simulation time 701.000,000,000 s)
2025-05-28 00:34:10,366 INFO  - Received event: 701000 (at simulation time IntraVehicleMsg)
2025-05-28 00:34:10,369 INFO  - Sent message to others cars = 'veh_131 | CartesianPoint{x=183.53,y=528.60,z=0.00}' (at simulation time 702.000,000,000 s)
2025-05-28 00:34:10,469 INFO  - Received event: 702000 (at simulation time IntraVehicleMsg)
2025-05-28 00:34:10,474 INFO  - Sent message to others cars = 'veh_131 | CartesianPoint{x=190.17,y=528.65,z=0.00}' (at simulation time 703.000,000,000 s)
2025-05-28 00:34:10,573 INFO  - Received event: 703000 (at simulation time IntraVehicleMsg)
2025-05-28 00:34:10,576 INFO  - Sent message to others cars = 'veh_131 | CartesianPoint{x=196.94,y=528.69,z=0.00}' (at simulation time 704.000,000,000 s)
2025-05-28 00:34:10,680 INFO  - Received event: 704000 (at simulation time IntraVehicleMsg)
2025-05-28 00:34:10,682 INFO  - Sent message to others cars = 'veh_131 | CartesianPoint{x=203.98,y=528.74,z=0.00}' (at simulation time 705.000,000,000 s)
2025-05-28 00:34:10,785 INFO  - Received event: 705000 (at simulation time IntraVehicleMsg)
2025-05-28 00:34:10,788 INFO  - Sent message to others cars = 'veh_131 | CartesianPoint{x=211.30,y=528.79,z=0.00}' (at simulation time 706.000,000,000 s)
2025-05-28 00:34:10,878 INFO  - Received event: 706000 (at simulation time IntraVehicleMsg)
2025-05-28 00:34:10,881 INFO  - Sent message to others cars = 'veh_131 | CartesianPoint{x=215.97,y=528.83,z=0.00}' (at simulation time 707.000,000,000 s)
2025-05-28 00:34:10,970 INFO  - Received event: 707000 (at simulation time IntraVehicleMsg)
2025-05-28 00:34:10,973 INFO  - Sent message to others cars = 'veh_131 | CartesianPoint{x=222.64,y=528.83,z=0.00}' (at simulation time 708.000,000,000 s)
2025-05-28 00:34:11,062 INFO  - Received event: 708000 (at simulation time IntraVehicleMsg)
2025-05-28 00:34:11,064 INFO  - Sent message to others cars = 'veh_131 | CartesianPoint{x=228.93,y=528.84,z=0.00}' (at simulation time 709.000,000,000 s)
2025-05-28 00:34:11,155 INFO  - Received event: 709000 (at simulation time IntraVehicleMsg)
2025-05-28 00:34:11,158 INFO  - Sent message to others cars = 'veh_131 | CartesianPoint{x=235.23,y=528.83,z=0.00}' (at simulation time 710.000,000,000 s)
2025-05-28 00:34:11,246 INFO  - Received event: 710000 (at simulation time IntraVehicleMsg)
2025-05-28 00:34:11,249 INFO  - Sent message to others cars = 'veh_131 | CartesianPoint{x=241.77,y=528.82,z=0.00}' (at simulation time 711.000,000,000 s)
2025-05-28 00:34:11,327 INFO  - Received event: 711000 (at simulation time IntraVehicleMsg)
2025-05-28 00:34:11,329 INFO  - Sent message to others cars = 'veh_131 | CartesianPoint{x=248.57,y=528.81,z=0.00}' (at simulation time 712.000,000,000 s)
2025-05-28 00:34:11,399 INFO  - Received event: 712000 (at simulation time IntraVehicleMsg)
2025-05-28 00:34:11,401 INFO  - Sent message to others cars = 'veh_131 | CartesianPoint{x=255.20,y=528.79,z=0.00}' (at simulation time 713.000,000,000 s)
2025-05-28 00:34:11,471 INFO  - Received event: 713000 (at simulation time IntraVehicleMsg)
2025-05-28 00:34:11,476 INFO  - Sent message to others cars = 'veh_131 | CartesianPoint{x=261.78,y=528.78,z=0.00}' (at simulation time 714.000,000,000 s)
2025-05-28 00:34:11,547 INFO  - Received event: 714000 (at simulation time IntraVehicleMsg)
2025-05-28 00:34:11,550 INFO  - Sent message to others cars = 'veh_131 | CartesianPoint{x=268.96,y=528.77,z=0.00}' (at simulation time 715.000,000,000 s)
2025-05-28 00:34:11,621 INFO  - Received event: 715000 (at simulation time IntraVehicleMsg)
2025-05-28 00:34:11,623 INFO  - Sent message to others cars = 'veh_131 | CartesianPoint{x=276.06,y=528.76,z=0.00}' (at simulation time 716.000,000,000 s)
2025-05-28 00:34:11,696 INFO  - Received event: 716000 (at simulation time IntraVehicleMsg)
2025-05-28 00:34:11,698 INFO  - Sent message to others cars = 'veh_131 | CartesianPoint{x=282.29,y=528.75,z=0.00}' (at simulation time 717.000,000,000 s)
2025-05-28 00:34:11,777 INFO  - Received event: 717000 (at simulation time IntraVehicleMsg)
2025-05-28 00:34:11,789 INFO  - Sent message to others cars = 'veh_131 | CartesianPoint{x=289.41,y=528.74,z=0.00}' (at simulation time 718.000,000,000 s)
2025-05-28 00:34:11,871 INFO  - Received event: 718000 (at simulation time IntraVehicleMsg)
2025-05-28 00:34:11,873 INFO  - Sent message to others cars = 'veh_131 | CartesianPoint{x=296.42,y=528.73,z=0.00}' (at simulation time 719.000,000,000 s)
2025-05-28 00:34:11,939 INFO  - Received event: 719000 (at simulation time IntraVehicleMsg)
2025-05-28 00:34:11,942 INFO  - Sent message to others cars = 'veh_131 | CartesianPoint{x=303.72,y=528.72,z=0.00}' (at simulation time 720.000,000,000 s)
2025-05-28 00:34:12,006 INFO  - Received event: 720000 (at simulation time IntraVehicleMsg)
2025-05-28 00:34:12,009 INFO  - Sent message to others cars = 'veh_131 | CartesianPoint{x=310.77,y=528.72,z=0.00}' (at simulation time 721.000,000,000 s)
2025-05-28 00:34:12,074 INFO  - Received event: 721000 (at simulation time IntraVehicleMsg)
2025-05-28 00:34:12,076 INFO  - Sent message to others cars = 'veh_131 | CartesianPoint{x=316.95,y=528.71,z=0.00}' (at simulation time 722.000,000,000 s)
2025-05-28 00:34:12,136 INFO  - Received event: 722000 (at simulation time IntraVehicleMsg)
2025-05-28 00:34:12,144 INFO  - Sent message to others cars = 'veh_131 | CartesianPoint{x=323.39,y=528.70,z=0.00}' (at simulation time 723.000,000,000 s)
2025-05-28 00:34:12,207 INFO  - Received event: 723000 (at simulation time IntraVehicleMsg)
2025-05-28 00:34:12,210 INFO  - Sent message to others cars = 'veh_131 | CartesianPoint{x=329.69,y=528.69,z=0.00}' (at simulation time 724.000,000,000 s)
2025-05-28 00:34:12,274 INFO  - Received event: 724000 (at simulation time IntraVehicleMsg)
2025-05-28 00:34:12,276 INFO  - Sent message to others cars = 'veh_131 | CartesianPoint{x=337.03,y=528.69,z=0.00}' (at simulation time 725.000,000,000 s)
2025-05-28 00:34:12,340 INFO  - Received event: 725000 (at simulation time IntraVehicleMsg)
2025-05-28 00:34:12,342 INFO  - Sent message to others cars = 'veh_131 | CartesianPoint{x=343.82,y=528.68,z=0.00}' (at simulation time 726.000,000,000 s)
2025-05-28 00:34:12,404 INFO  - Received event: 726000 (at simulation time IntraVehicleMsg)
2025-05-28 00:34:12,406 INFO  - ------------------------------------------------------------------------------------- (at simulation time 727.000,000,000 s)
2025-05-28 00:34:12,406 INFO  - Shutdown application (at simulation time 727.000,000,000 s)
2025-05-28 00:34:12,406 INFO  - ------------------------------------------------------------------------------------- (at simulation time 727.000,000,000 s)
