2025-05-28 00:34:01,125 INFO  - ------------------------------------------------------------------------------------- (at simulation time 603.000,000,000 s)
2025-05-28 00:34:01,125 INFO  - Initialize veh_116 application (at simulation time 603.000,000,000 s)
2025-05-28 00:34:01,125 INFO  - Activated AdHoc Module (at simulation time 603.000,000,000 s)
2025-05-28 00:34:01,125 INFO  - ------------------------------------------------------------------------------------- (at simulation time 603.000,000,000 s)
2025-05-28 00:34:01,127 INFO  - Sent message to others cars = 'veh_116 | CartesianPoint{x=143.94,y=749.34,z=0.00}' (at simulation time 603.000,000,000 s)
2025-05-28 00:34:01,183 INFO  - Received event: 603000 (at simulation time IntraVehicleMsg)
2025-05-28 00:34:01,187 INFO  - Sent message to others cars = 'veh_116 | CartesianPoint{x=143.92,y=742.65,z=0.00}' (at simulation time 604.000,000,000 s)
2025-05-28 00:34:01,245 INFO  - Received event: 604000 (at simulation time IntraVehicleMsg)
2025-05-28 00:34:01,248 INFO  - Sent message to others cars = 'veh_116 | CartesianPoint{x=143.90,y=735.77,z=0.00}' (at simulation time 605.000,000,000 s)
2025-05-28 00:34:01,303 INFO  - Received event: 605000 (at simulation time IntraVehicleMsg)
2025-05-28 00:34:01,306 INFO  - Sent message to others cars = 'veh_116 | CartesianPoint{x=143.88,y=728.87,z=0.00}' (at simulation time 606.000,000,000 s)
2025-05-28 00:34:01,367 INFO  - Received event: 606000 (at simulation time IntraVehicleMsg)
2025-05-28 00:34:01,379 INFO  - Sent message to others cars = 'veh_116 | CartesianPoint{x=143.86,y=722.75,z=0.00}' (at simulation time 607.000,000,000 s)
2025-05-28 00:34:01,442 INFO  - Received event: 607000 (at simulation time IntraVehicleMsg)
2025-05-28 00:34:01,446 INFO  - Sent message to others cars = 'veh_116 | CartesianPoint{x=143.83,y=715.61,z=0.00}' (at simulation time 608.000,000,000 s)
2025-05-28 00:34:01,507 INFO  - Received event: 608000 (at simulation time IntraVehicleMsg)
2025-05-28 00:34:01,516 INFO  - Sent message to others cars = 'veh_116 | CartesianPoint{x=140.61,y=708.71,z=0.00}' (at simulation time 609.000,000,000 s)
2025-05-28 00:34:01,579 INFO  - Received event: 609000 (at simulation time IntraVehicleMsg)
2025-05-28 00:34:01,582 INFO  - Sent message to others cars = 'veh_116 | CartesianPoint{x=140.59,y=702.41,z=0.00}' (at simulation time 610.000,000,000 s)
2025-05-28 00:34:01,646 INFO  - Received event: 610000 (at simulation time IntraVehicleMsg)
2025-05-28 00:34:01,649 INFO  - Sent message to others cars = 'veh_116 | CartesianPoint{x=140.57,y=696.23,z=0.00}' (at simulation time 611.000,000,000 s)
2025-05-28 00:34:01,713 INFO  - Received event: 611000 (at simulation time IntraVehicleMsg)
2025-05-28 00:34:01,717 INFO  - Sent message to others cars = 'veh_116 | CartesianPoint{x=140.54,y=689.11,z=0.00}' (at simulation time 612.000,000,000 s)
2025-05-28 00:34:01,781 INFO  - Received event: 612000 (at simulation time IntraVehicleMsg)
2025-05-28 00:34:01,788 INFO  - Sent message to others cars = 'veh_116 | CartesianPoint{x=140.52,y=682.01,z=0.00}' (at simulation time 613.000,000,000 s)
2025-05-28 00:34:01,856 INFO  - Received event: 613000 (at simulation time IntraVehicleMsg)
2025-05-28 00:34:01,860 INFO  - Sent message to others cars = 'veh_116 | CartesianPoint{x=140.50,y=675.71,z=0.00}' (at simulation time 614.000,000,000 s)
2025-05-28 00:34:01,930 INFO  - Received event: 614000 (at simulation time IntraVehicleMsg)
2025-05-28 00:34:01,933 INFO  - Sent message to others cars = 'veh_116 | CartesianPoint{x=140.48,y=668.75,z=0.00}' (at simulation time 615.000,000,000 s)
2025-05-28 00:34:02,000 INFO  - Received event: 615000 (at simulation time IntraVehicleMsg)
2025-05-28 00:34:02,003 INFO  - Sent message to others cars = 'veh_116 | CartesianPoint{x=140.46,y=662.34,z=0.00}' (at simulation time 616.000,000,000 s)
2025-05-28 00:34:02,074 INFO  - Received event: 616000 (at simulation time IntraVehicleMsg)
2025-05-28 00:34:02,077 INFO  - Sent message to others cars = 'veh_116 | CartesianPoint{x=140.45,y=655.98,z=0.00}' (at simulation time 617.000,000,000 s)
2025-05-28 00:34:02,150 INFO  - Received event: 617000 (at simulation time IntraVehicleMsg)
2025-05-28 00:34:02,166 INFO  - Sent message to others cars = 'veh_116 | CartesianPoint{x=140.43,y=649.99,z=0.00}' (at simulation time 618.000,000,000 s)
2025-05-28 00:34:02,240 INFO  - Received event: 618000 (at simulation time IntraVehicleMsg)
2025-05-28 00:34:02,258 INFO  - Sent message to others cars = 'veh_116 | CartesianPoint{x=140.42,y=644.09,z=0.00}' (at simulation time 619.000,000,000 s)
2025-05-28 00:34:02,341 INFO  - Received event: 619000 (at simulation time IntraVehicleMsg)
2025-05-28 00:34:02,352 INFO  - Sent message to others cars = 'veh_116 | CartesianPoint{x=140.40,y=637.36,z=0.00}' (at simulation time 620.000,000,000 s)
2025-05-28 00:34:02,425 INFO  - Received event: 620000 (at simulation time IntraVehicleMsg)
2025-05-28 00:34:02,429 INFO  - Sent message to others cars = 'veh_116 | CartesianPoint{x=140.39,y=631.06,z=0.00}' (at simulation time 621.000,000,000 s)
2025-05-28 00:34:02,507 INFO  - Received event: 621000 (at simulation time IntraVehicleMsg)
2025-05-28 00:34:02,512 INFO  - Sent message to others cars = 'veh_116 | CartesianPoint{x=140.37,y=624.17,z=0.00}' (at simulation time 622.000,000,000 s)
2025-05-28 00:34:02,588 INFO  - Received event: 622000 (at simulation time IntraVehicleMsg)
2025-05-28 00:34:02,592 INFO  - Sent message to others cars = 'veh_116 | CartesianPoint{x=140.36,y=618.00,z=0.00}' (at simulation time 623.000,000,000 s)
2025-05-28 00:34:02,671 INFO  - Received event: 623000 (at simulation time IntraVehicleMsg)
2025-05-28 00:34:02,678 INFO  - Sent message to others cars = 'veh_116 | CartesianPoint{x=140.34,y=611.38,z=0.00}' (at simulation time 624.000,000,000 s)
2025-05-28 00:34:02,761 INFO  - Received event: 624000 (at simulation time IntraVehicleMsg)
2025-05-28 00:34:02,765 INFO  - Sent message to others cars = 'veh_116 | CartesianPoint{x=140.32,y=604.92,z=0.00}' (at simulation time 625.000,000,000 s)
2025-05-28 00:34:02,848 INFO  - Received event: 625000 (at simulation time IntraVehicleMsg)
2025-05-28 00:34:02,852 INFO  - Sent message to others cars = 'veh_116 | CartesianPoint{x=140.29,y=598.05,z=0.00}' (at simulation time 626.000,000,000 s)
2025-05-28 00:34:02,937 INFO  - Received event: 626000 (at simulation time IntraVehicleMsg)
2025-05-28 00:34:02,941 INFO  - Sent message to others cars = 'veh_116 | CartesianPoint{x=140.26,y=592.09,z=0.00}' (at simulation time 627.000,000,000 s)
2025-05-28 00:34:03,027 INFO  - Received event: 627000 (at simulation time IntraVehicleMsg)
2025-05-28 00:34:03,030 INFO  - Sent message to others cars = 'veh_116 | CartesianPoint{x=140.22,y=585.84,z=0.00}' (at simulation time 628.000,000,000 s)
2025-05-28 00:34:03,118 INFO  - Received event: 628000 (at simulation time IntraVehicleMsg)
2025-05-28 00:34:03,125 INFO  - Sent message to others cars = 'veh_116 | CartesianPoint{x=140.19,y=579.38,z=0.00}' (at simulation time 629.000,000,000 s)
2025-05-28 00:34:03,214 INFO  - Received event: 629000 (at simulation time IntraVehicleMsg)
2025-05-28 00:34:03,218 INFO  - Sent message to others cars = 'veh_116 | CartesianPoint{x=140.16,y=573.03,z=0.00}' (at simulation time 630.000,000,000 s)
2025-05-28 00:34:03,309 INFO  - Received event: 630000 (at simulation time IntraVehicleMsg)
2025-05-28 00:34:03,326 INFO  - Sent message to others cars = 'veh_116 | CartesianPoint{x=140.15,y=571.11,z=0.00}' (at simulation time 631.000,000,000 s)
2025-05-28 00:34:03,413 INFO  - Received event: 631000 (at simulation time IntraVehicleMsg)
2025-05-28 00:34:03,424 INFO  - Sent message to others cars = 'veh_116 | CartesianPoint{x=140.15,y=570.78,z=0.00}' (at simulation time 632.000,000,000 s)
2025-05-28 00:34:03,511 INFO  - Received event: 632000 (at simulation time IntraVehicleMsg)
2025-05-28 00:34:03,515 INFO  - Sent message to others cars = 'veh_116 | CartesianPoint{x=140.15,y=570.70,z=0.00}' (at simulation time 633.000,000,000 s)
2025-05-28 00:34:03,607 INFO  - Received event: 633000 (at simulation time IntraVehicleMsg)
2025-05-28 00:34:03,615 INFO  - Sent message to others cars = 'veh_116 | CartesianPoint{x=140.15,y=570.70,z=0.00}' (at simulation time 634.000,000,000 s)
2025-05-28 00:34:03,709 INFO  - Received event: 634000 (at simulation time IntraVehicleMsg)
2025-05-28 00:34:03,717 INFO  - Sent message to others cars = 'veh_116 | CartesianPoint{x=140.14,y=570.10,z=0.00}' (at simulation time 635.000,000,000 s)
2025-05-28 00:34:03,814 INFO  - Received event: 635000 (at simulation time IntraVehicleMsg)
2025-05-28 00:34:03,823 INFO  - Sent message to others cars = 'veh_116 | CartesianPoint{x=140.13,y=567.63,z=0.00}' (at simulation time 636.000,000,000 s)
2025-05-28 00:34:03,920 INFO  - Received event: 636000 (at simulation time IntraVehicleMsg)
2025-05-28 00:34:03,936 INFO  - Sent message to others cars = 'veh_116 | CartesianPoint{x=140.11,y=563.18,z=0.00}' (at simulation time 637.000,000,000 s)
2025-05-28 00:34:04,030 INFO  - Received event: 637000 (at simulation time IntraVehicleMsg)
2025-05-28 00:34:04,040 INFO  - Sent message to others cars = 'veh_116 | CartesianPoint{x=140.08,y=557.73,z=0.00}' (at simulation time 638.000,000,000 s)
2025-05-28 00:34:04,135 INFO  - Received event: 638000 (at simulation time IntraVehicleMsg)
2025-05-28 00:34:04,140 INFO  - Sent message to others cars = 'veh_116 | CartesianPoint{x=140.05,y=551.71,z=0.00}' (at simulation time 639.000,000,000 s)
2025-05-28 00:34:04,241 INFO  - Received event: 639000 (at simulation time IntraVehicleMsg)
2025-05-28 00:34:04,251 INFO  - Sent message to others cars = 'veh_116 | CartesianPoint{x=140.02,y=547.10,z=0.00}' (at simulation time 640.000,000,000 s)
2025-05-28 00:34:04,333 INFO  - Received event: 640000 (at simulation time IntraVehicleMsg)
2025-05-28 00:34:04,336 INFO  - Sent message to others cars = 'veh_116 | CartesianPoint{x=140.01,y=545.33,z=0.00}' (at simulation time 641.000,000,000 s)
2025-05-28 00:34:04,420 INFO  - Received event: 641000 (at simulation time IntraVehicleMsg)
2025-05-28 00:34:04,423 INFO  - Sent message to others cars = 'veh_116 | CartesianPoint{x=140.01,y=544.90,z=0.00}' (at simulation time 642.000,000,000 s)
2025-05-28 00:34:04,501 INFO  - Received event: 642000 (at simulation time IntraVehicleMsg)
2025-05-28 00:34:04,504 INFO  - Sent message to others cars = 'veh_116 | CartesianPoint{x=140.01,y=544.77,z=0.00}' (at simulation time 643.000,000,000 s)
2025-05-28 00:34:04,582 INFO  - Received event: 643000 (at simulation time IntraVehicleMsg)
2025-05-28 00:34:04,588 INFO  - Sent message to others cars = 'veh_116 | CartesianPoint{x=140.01,y=544.70,z=0.00}' (at simulation time 644.000,000,000 s)
2025-05-28 00:34:04,670 INFO  - Received event: 644000 (at simulation time IntraVehicleMsg)
2025-05-28 00:34:04,673 INFO  - Sent message to others cars = 'veh_116 | CartesianPoint{x=140.01,y=544.69,z=0.00}' (at simulation time 645.000,000,000 s)
2025-05-28 00:34:04,754 INFO  - Received event: 645000 (at simulation time IntraVehicleMsg)
2025-05-28 00:34:04,756 INFO  - Sent message to others cars = 'veh_116 | CartesianPoint{x=140.01,y=544.69,z=0.00}' (at simulation time 646.000,000,000 s)
2025-05-28 00:34:04,841 INFO  - Received event: 646000 (at simulation time IntraVehicleMsg)
2025-05-28 00:34:04,844 INFO  - Sent message to others cars = 'veh_116 | CartesianPoint{x=140.01,y=544.69,z=0.00}' (at simulation time 647.000,000,000 s)
2025-05-28 00:34:04,927 INFO  - Received event: 647000 (at simulation time IntraVehicleMsg)
2025-05-28 00:34:04,930 INFO  - Sent message to others cars = 'veh_116 | CartesianPoint{x=140.01,y=544.69,z=0.00}' (at simulation time 648.000,000,000 s)
2025-05-28 00:34:05,014 INFO  - Received event: 648000 (at simulation time IntraVehicleMsg)
2025-05-28 00:34:05,019 INFO  - Sent message to others cars = 'veh_116 | CartesianPoint{x=140.01,y=544.69,z=0.00}' (at simulation time 649.000,000,000 s)
2025-05-28 00:34:05,106 INFO  - Received event: 649000 (at simulation time IntraVehicleMsg)
2025-05-28 00:34:05,110 INFO  - Sent message to others cars = 'veh_116 | CartesianPoint{x=140.01,y=544.69,z=0.00}' (at simulation time 650.000,000,000 s)
2025-05-28 00:34:05,197 INFO  - Received event: 650000 (at simulation time IntraVehicleMsg)
2025-05-28 00:34:05,205 INFO  - Sent message to others cars = 'veh_116 | CartesianPoint{x=140.01,y=544.69,z=0.00}' (at simulation time 651.000,000,000 s)
2025-05-28 00:34:05,293 INFO  - Received event: 651000 (at simulation time IntraVehicleMsg)
2025-05-28 00:34:05,296 INFO  - Sent message to others cars = 'veh_116 | CartesianPoint{x=140.01,y=544.69,z=0.00}' (at simulation time 652.000,000,000 s)
2025-05-28 00:34:05,385 INFO  - Received event: 652000 (at simulation time IntraVehicleMsg)
2025-05-28 00:34:05,388 INFO  - Sent message to others cars = 'veh_116 | CartesianPoint{x=140.01,y=544.69,z=0.00}' (at simulation time 653.000,000,000 s)
2025-05-28 00:34:05,480 INFO  - Received event: 653000 (at simulation time IntraVehicleMsg)
2025-05-28 00:34:05,486 INFO  - Sent message to others cars = 'veh_116 | CartesianPoint{x=140.01,y=544.69,z=0.00}' (at simulation time 654.000,000,000 s)
2025-05-28 00:34:05,570 INFO  - Received event: 654000 (at simulation time IntraVehicleMsg)
2025-05-28 00:34:05,573 INFO  - Sent message to others cars = 'veh_116 | CartesianPoint{x=140.01,y=544.69,z=0.00}' (at simulation time 655.000,000,000 s)
2025-05-28 00:34:05,658 INFO  - Received event: 655000 (at simulation time IntraVehicleMsg)
2025-05-28 00:34:05,667 INFO  - Sent message to others cars = 'veh_116 | CartesianPoint{x=140.01,y=544.69,z=0.00}' (at simulation time 656.000,000,000 s)
2025-05-28 00:34:05,753 INFO  - Received event: 656000 (at simulation time IntraVehicleMsg)
2025-05-28 00:34:05,756 INFO  - Sent message to others cars = 'veh_116 | CartesianPoint{x=140.01,y=544.69,z=0.00}' (at simulation time 657.000,000,000 s)
2025-05-28 00:34:05,842 INFO  - Received event: 657000 (at simulation time IntraVehicleMsg)
2025-05-28 00:34:05,845 INFO  - Sent message to others cars = 'veh_116 | CartesianPoint{x=140.01,y=544.69,z=0.00}' (at simulation time 658.000,000,000 s)
2025-05-28 00:34:05,934 INFO  - Received event: 658000 (at simulation time IntraVehicleMsg)
2025-05-28 00:34:05,937 INFO  - Sent message to others cars = 'veh_116 | CartesianPoint{x=140.01,y=544.69,z=0.00}' (at simulation time 659.000,000,000 s)
2025-05-28 00:34:06,025 INFO  - Received event: 659000 (at simulation time IntraVehicleMsg)
2025-05-28 00:34:06,029 INFO  - Sent message to others cars = 'veh_116 | CartesianPoint{x=140.01,y=544.69,z=0.00}' (at simulation time 660.000,000,000 s)
2025-05-28 00:34:06,122 INFO  - Received event: 660000 (at simulation time IntraVehicleMsg)
2025-05-28 00:34:06,127 INFO  - Sent message to others cars = 'veh_116 | CartesianPoint{x=140.01,y=544.69,z=0.00}' (at simulation time 661.000,000,000 s)
2025-05-28 00:34:06,218 INFO  - Received event: 661000 (at simulation time IntraVehicleMsg)
2025-05-28 00:34:06,221 INFO  - Sent message to others cars = 'veh_116 | CartesianPoint{x=140.01,y=544.69,z=0.00}' (at simulation time 662.000,000,000 s)
2025-05-28 00:34:06,311 INFO  - Received event: 662000 (at simulation time IntraVehicleMsg)
2025-05-28 00:34:06,314 INFO  - Sent message to others cars = 'veh_116 | CartesianPoint{x=140.01,y=544.69,z=0.00}' (at simulation time 663.000,000,000 s)
2025-05-28 00:34:06,399 INFO  - Received event: 663000 (at simulation time IntraVehicleMsg)
2025-05-28 00:34:06,403 INFO  - Sent message to others cars = 'veh_116 | CartesianPoint{x=140.01,y=544.69,z=0.00}' (at simulation time 664.000,000,000 s)
2025-05-28 00:34:06,487 INFO  - Received event: 664000 (at simulation time IntraVehicleMsg)
2025-05-28 00:34:06,495 INFO  - Sent message to others cars = 'veh_116 | CartesianPoint{x=140.01,y=544.69,z=0.00}' (at simulation time 665.000,000,000 s)
2025-05-28 00:34:06,582 INFO  - Received event: 665000 (at simulation time IntraVehicleMsg)
2025-05-28 00:34:06,586 INFO  - Sent message to others cars = 'veh_116 | CartesianPoint{x=140.01,y=544.69,z=0.00}' (at simulation time 666.000,000,000 s)
2025-05-28 00:34:06,677 INFO  - Received event: 666000 (at simulation time IntraVehicleMsg)
2025-05-28 00:34:06,687 INFO  - Sent message to others cars = 'veh_116 | CartesianPoint{x=140.01,y=544.69,z=0.00}' (at simulation time 667.000,000,000 s)
2025-05-28 00:34:06,778 INFO  - Received event: 667000 (at simulation time IntraVehicleMsg)
2025-05-28 00:34:06,781 INFO  - Sent message to others cars = 'veh_116 | CartesianPoint{x=140.01,y=544.69,z=0.00}' (at simulation time 668.000,000,000 s)
2025-05-28 00:34:06,870 INFO  - Received event: 668000 (at simulation time IntraVehicleMsg)
2025-05-28 00:34:06,873 INFO  - Sent message to others cars = 'veh_116 | CartesianPoint{x=140.01,y=544.69,z=0.00}' (at simulation time 669.000,000,000 s)
2025-05-28 00:34:06,964 INFO  - Received event: 669000 (at simulation time IntraVehicleMsg)
2025-05-28 00:34:06,968 INFO  - Sent message to others cars = 'veh_116 | CartesianPoint{x=140.01,y=544.69,z=0.00}' (at simulation time 670.000,000,000 s)
2025-05-28 00:34:07,059 INFO  - Received event: 670000 (at simulation time IntraVehicleMsg)
2025-05-28 00:34:07,062 INFO  - Sent message to others cars = 'veh_116 | CartesianPoint{x=140.01,y=544.69,z=0.00}' (at simulation time 671.000,000,000 s)
2025-05-28 00:34:07,157 INFO  - Received event: 671000 (at simulation time IntraVehicleMsg)
2025-05-28 00:34:07,164 INFO  - Sent message to others cars = 'veh_116 | CartesianPoint{x=140.01,y=544.69,z=0.00}' (at simulation time 672.000,000,000 s)
2025-05-28 00:34:07,259 INFO  - Received event: 672000 (at simulation time IntraVehicleMsg)
2025-05-28 00:34:07,262 INFO  - Sent message to others cars = 'veh_116 | CartesianPoint{x=140.00,y=543.31,z=0.00}' (at simulation time 673.000,000,000 s)
2025-05-28 00:34:07,355 INFO  - Received event: 673000 (at simulation time IntraVehicleMsg)
2025-05-28 00:34:07,359 INFO  - Sent message to others cars = 'veh_116 | CartesianPoint{x=139.98,y=539.67,z=0.00}' (at simulation time 674.000,000,000 s)
2025-05-28 00:34:07,456 INFO  - Received event: 674000 (at simulation time IntraVehicleMsg)
2025-05-28 00:34:07,464 INFO  - Sent message to others cars = 'veh_116 | CartesianPoint{x=139.94,y=533.49,z=0.00}' (at simulation time 675.000,000,000 s)
2025-05-28 00:34:07,562 INFO  - Received event: 675000 (at simulation time IntraVehicleMsg)
2025-05-28 00:34:07,565 INFO  - Sent message to others cars = 'veh_116 | CartesianPoint{x=139.89,y=527.02,z=0.00}' (at simulation time 676.000,000,000 s)
2025-05-28 00:34:07,667 INFO  - Received event: 676000 (at simulation time IntraVehicleMsg)
2025-05-28 00:34:07,670 INFO  - Sent message to others cars = 'veh_116 | CartesianPoint{x=139.83,y=520.71,z=0.00}' (at simulation time 677.000,000,000 s)
2025-05-28 00:34:07,771 INFO  - Received event: 677000 (at simulation time IntraVehicleMsg)
2025-05-28 00:34:07,774 INFO  - Sent message to others cars = 'veh_116 | CartesianPoint{x=139.77,y=514.66,z=0.00}' (at simulation time 678.000,000,000 s)
2025-05-28 00:34:07,878 INFO  - Received event: 678000 (at simulation time IntraVehicleMsg)
2025-05-28 00:34:07,881 INFO  - Sent message to others cars = 'veh_116 | CartesianPoint{x=139.72,y=508.67,z=0.00}' (at simulation time 679.000,000,000 s)
2025-05-28 00:34:07,985 INFO  - Received event: 679000 (at simulation time IntraVehicleMsg)
2025-05-28 00:34:07,988 INFO  - Sent message to others cars = 'veh_116 | CartesianPoint{x=139.66,y=502.43,z=0.00}' (at simulation time 680.000,000,000 s)
2025-05-28 00:34:08,092 INFO  - Received event: 680000 (at simulation time IntraVehicleMsg)
2025-05-28 00:34:08,100 INFO  - Sent message to others cars = 'veh_116 | CartesianPoint{x=139.59,y=495.71,z=0.00}' (at simulation time 681.000,000,000 s)
2025-05-28 00:34:08,199 INFO  - Received event: 681000 (at simulation time IntraVehicleMsg)
2025-05-28 00:34:08,203 INFO  - Sent message to others cars = 'veh_116 | CartesianPoint{x=139.53,y=489.31,z=0.00}' (at simulation time 682.000,000,000 s)
2025-05-28 00:34:08,303 INFO  - Received event: 682000 (at simulation time IntraVehicleMsg)
2025-05-28 00:34:08,306 INFO  - Sent message to others cars = 'veh_116 | CartesianPoint{x=139.47,y=482.99,z=0.00}' (at simulation time 683.000,000,000 s)
2025-05-28 00:34:08,408 INFO  - Received event: 683000 (at simulation time IntraVehicleMsg)
2025-05-28 00:34:08,411 INFO  - Sent message to others cars = 'veh_116 | CartesianPoint{x=139.41,y=476.97,z=0.00}' (at simulation time 684.000,000,000 s)
2025-05-28 00:34:08,516 INFO  - Received event: 684000 (at simulation time IntraVehicleMsg)
2025-05-28 00:34:08,523 INFO  - Sent message to others cars = 'veh_116 | CartesianPoint{x=139.35,y=470.08,z=0.00}' (at simulation time 685.000,000,000 s)
2025-05-28 00:34:08,621 INFO  - Received event: 685000 (at simulation time IntraVehicleMsg)
2025-05-28 00:34:08,623 INFO  - Sent message to others cars = 'veh_116 | CartesianPoint{x=139.28,y=463.51,z=0.00}' (at simulation time 686.000,000,000 s)
2025-05-28 00:34:08,725 INFO  - Received event: 686000 (at simulation time IntraVehicleMsg)
2025-05-28 00:34:08,728 INFO  - Sent message to others cars = 'veh_116 | CartesianPoint{x=139.21,y=456.49,z=0.00}' (at simulation time 687.000,000,000 s)
2025-05-28 00:34:08,828 INFO  - Received event: 687000 (at simulation time IntraVehicleMsg)
2025-05-28 00:34:08,831 INFO  - Sent message to others cars = 'veh_116 | CartesianPoint{x=139.19,y=449.57,z=0.00}' (at simulation time 688.000,000,000 s)
2025-05-28 00:34:08,935 INFO  - Received event: 688000 (at simulation time IntraVehicleMsg)
2025-05-28 00:34:08,937 INFO  - Sent message to others cars = 'veh_116 | CartesianPoint{x=139.18,y=442.44,z=0.00}' (at simulation time 689.000,000,000 s)
2025-05-28 00:34:09,042 INFO  - Received event: 689000 (at simulation time IntraVehicleMsg)
2025-05-28 00:34:09,045 INFO  - Sent message to others cars = 'veh_116 | CartesianPoint{x=139.16,y=435.82,z=0.00}' (at simulation time 690.000,000,000 s)
2025-05-28 00:34:09,152 INFO  - Received event: 690000 (at simulation time IntraVehicleMsg)
2025-05-28 00:34:09,155 INFO  - Sent message to others cars = 'veh_116 | CartesianPoint{x=139.15,y=429.30,z=0.00}' (at simulation time 691.000,000,000 s)
2025-05-28 00:34:09,304 INFO  - Received event: 691000 (at simulation time IntraVehicleMsg)
2025-05-28 00:34:09,308 INFO  - Sent message to others cars = 'veh_116 | CartesianPoint{x=139.14,y=423.32,z=0.00}' (at simulation time 692.000,000,000 s)
2025-05-28 00:34:09,409 INFO  - Received event: 692000 (at simulation time IntraVehicleMsg)
2025-05-28 00:34:09,418 INFO  - Sent message to others cars = 'veh_116 | CartesianPoint{x=139.12,y=416.19,z=0.00}' (at simulation time 693.000,000,000 s)
2025-05-28 00:34:09,519 INFO  - Received event: 693000 (at simulation time IntraVehicleMsg)
2025-05-28 00:34:09,526 INFO  - Sent message to others cars = 'veh_116 | CartesianPoint{x=139.11,y=409.92,z=0.00}' (at simulation time 694.000,000,000 s)
2025-05-28 00:34:09,627 INFO  - Received event: 694000 (at simulation time IntraVehicleMsg)
2025-05-28 00:34:09,630 INFO  - Sent message to others cars = 'veh_116 | CartesianPoint{x=139.10,y=404.01,z=0.00}' (at simulation time 695.000,000,000 s)
2025-05-28 00:34:09,730 INFO  - Received event: 695000 (at simulation time IntraVehicleMsg)
2025-05-28 00:34:09,737 INFO  - Sent message to others cars = 'veh_116 | CartesianPoint{x=139.08,y=397.57,z=0.00}' (at simulation time 696.000,000,000 s)
2025-05-28 00:34:09,839 INFO  - Received event: 696000 (at simulation time IntraVehicleMsg)
2025-05-28 00:34:09,842 INFO  - Sent message to others cars = 'veh_116 | CartesianPoint{x=139.07,y=391.56,z=0.00}' (at simulation time 697.000,000,000 s)
2025-05-28 00:34:09,951 INFO  - Received event: 697000 (at simulation time IntraVehicleMsg)
2025-05-28 00:34:09,955 INFO  - Sent message to others cars = 'veh_116 | CartesianPoint{x=139.06,y=384.38,z=0.00}' (at simulation time 698.000,000,000 s)
2025-05-28 00:34:10,060 INFO  - Received event: 698000 (at simulation time IntraVehicleMsg)
2025-05-28 00:34:10,063 INFO  - Sent message to others cars = 'veh_116 | CartesianPoint{x=139.04,y=377.58,z=0.00}' (at simulation time 699.000,000,000 s)
2025-05-28 00:34:10,166 INFO  - Received event: 699000 (at simulation time IntraVehicleMsg)
2025-05-28 00:34:10,172 INFO  - Sent message to others cars = 'veh_116 | CartesianPoint{x=139.03,y=370.48,z=0.00}' (at simulation time 700.000,000,000 s)
2025-05-28 00:34:10,269 INFO  - Received event: 700000 (at simulation time IntraVehicleMsg)
2025-05-28 00:34:10,272 INFO  - Sent message to others cars = 'veh_116 | CartesianPoint{x=139.01,y=364.26,z=0.00}' (at simulation time 701.000,000,000 s)
2025-05-28 00:34:10,366 INFO  - Received event: 701000 (at simulation time IntraVehicleMsg)
2025-05-28 00:34:10,369 INFO  - Sent message to others cars = 'veh_116 | CartesianPoint{x=139.00,y=357.72,z=0.00}' (at simulation time 702.000,000,000 s)
2025-05-28 00:34:10,469 INFO  - Received event: 702000 (at simulation time IntraVehicleMsg)
2025-05-28 00:34:10,473 INFO  - Sent message to others cars = 'veh_116 | CartesianPoint{x=138.94,y=350.68,z=0.00}' (at simulation time 703.000,000,000 s)
2025-05-28 00:34:10,572 INFO  - Received event: 703000 (at simulation time IntraVehicleMsg)
2025-05-28 00:34:10,575 INFO  - Sent message to others cars = 'veh_116 | CartesianPoint{x=138.88,y=343.50,z=0.00}' (at simulation time 704.000,000,000 s)
2025-05-28 00:34:10,679 INFO  - Received event: 704000 (at simulation time IntraVehicleMsg)
2025-05-28 00:34:10,682 INFO  - Sent message to others cars = 'veh_116 | CartesianPoint{x=138.83,y=337.62,z=0.00}' (at simulation time 705.000,000,000 s)
2025-05-28 00:34:10,785 INFO  - Received event: 705000 (at simulation time IntraVehicleMsg)
2025-05-28 00:34:10,787 INFO  - Sent message to others cars = 'veh_116 | CartesianPoint{x=138.77,y=330.87,z=0.00}' (at simulation time 706.000,000,000 s)
2025-05-28 00:34:10,878 INFO  - Received event: 706000 (at simulation time IntraVehicleMsg)
2025-05-28 00:34:10,880 INFO  - Sent message to others cars = 'veh_116 | CartesianPoint{x=138.72,y=324.78,z=0.00}' (at simulation time 707.000,000,000 s)
2025-05-28 00:34:10,970 INFO  - Received event: 707000 (at simulation time IntraVehicleMsg)
2025-05-28 00:34:10,973 INFO  - Sent message to others cars = 'veh_116 | CartesianPoint{x=138.67,y=318.98,z=0.00}' (at simulation time 708.000,000,000 s)
2025-05-28 00:34:11,062 INFO  - Received event: 708000 (at simulation time IntraVehicleMsg)
2025-05-28 00:34:11,064 INFO  - Sent message to others cars = 'veh_116 | CartesianPoint{x=138.61,y=312.13,z=0.00}' (at simulation time 709.000,000,000 s)
2025-05-28 00:34:11,154 INFO  - Received event: 709000 (at simulation time IntraVehicleMsg)
2025-05-28 00:34:11,157 INFO  - Sent message to others cars = 'veh_116 | CartesianPoint{x=138.55,y=305.22,z=0.00}' (at simulation time 710.000,000,000 s)
2025-05-28 00:34:11,245 INFO  - Received event: 710000 (at simulation time IntraVehicleMsg)
2025-05-28 00:34:11,248 INFO  - Sent message to others cars = 'veh_116 | CartesianPoint{x=138.49,y=298.23,z=0.00}' (at simulation time 711.000,000,000 s)
2025-05-28 00:34:11,326 INFO  - Received event: 711000 (at simulation time IntraVehicleMsg)
2025-05-28 00:34:11,329 INFO  - Sent message to others cars = 'veh_116 | CartesianPoint{x=138.43,y=291.69,z=0.00}' (at simulation time 712.000,000,000 s)
2025-05-28 00:34:11,398 INFO  - Received event: 712000 (at simulation time IntraVehicleMsg)
2025-05-28 00:34:11,401 INFO  - Sent message to others cars = 'veh_116 | CartesianPoint{x=138.38,y=285.12,z=0.00}' (at simulation time 713.000,000,000 s)
2025-05-28 00:34:11,471 INFO  - Received event: 713000 (at simulation time IntraVehicleMsg)
2025-05-28 00:34:11,476 INFO  - Sent message to others cars = 'veh_116 | CartesianPoint{x=138.32,y=278.40,z=0.00}' (at simulation time 714.000,000,000 s)
2025-05-28 00:34:11,547 INFO  - Received event: 714000 (at simulation time IntraVehicleMsg)
2025-05-28 00:34:11,550 INFO  - Sent message to others cars = 'veh_116 | CartesianPoint{x=138.27,y=272.21,z=0.00}' (at simulation time 715.000,000,000 s)
2025-05-28 00:34:11,621 INFO  - Received event: 715000 (at simulation time IntraVehicleMsg)
2025-05-28 00:34:11,623 INFO  - Sent message to others cars = 'veh_116 | CartesianPoint{x=138.20,y=265.14,z=0.00}' (at simulation time 716.000,000,000 s)
2025-05-28 00:34:11,695 INFO  - Received event: 716000 (at simulation time IntraVehicleMsg)
2025-05-28 00:34:11,698 INFO  - Sent message to others cars = 'veh_116 | CartesianPoint{x=138.14,y=258.01,z=0.00}' (at simulation time 717.000,000,000 s)
2025-05-28 00:34:11,776 INFO  - Received event: 717000 (at simulation time IntraVehicleMsg)
2025-05-28 00:34:11,789 INFO  - Sent message to others cars = 'veh_116 | CartesianPoint{x=138.09,y=251.87,z=0.00}' (at simulation time 718.000,000,000 s)
2025-05-28 00:34:11,870 INFO  - Received event: 718000 (at simulation time IntraVehicleMsg)
2025-05-28 00:34:11,873 INFO  - Sent message to others cars = 'veh_116 | CartesianPoint{x=138.04,y=245.34,z=0.00}' (at simulation time 719.000,000,000 s)
2025-05-28 00:34:11,939 INFO  - Received event: 719000 (at simulation time IntraVehicleMsg)
2025-05-28 00:34:11,941 INFO  - Sent message to others cars = 'veh_116 | CartesianPoint{x=137.98,y=238.67,z=0.00}' (at simulation time 720.000,000,000 s)
2025-05-28 00:34:12,005 INFO  - Received event: 720000 (at simulation time IntraVehicleMsg)
2025-05-28 00:34:12,008 INFO  - Sent message to others cars = 'veh_116 | CartesianPoint{x=137.93,y=232.69,z=0.00}' (at simulation time 721.000,000,000 s)
2025-05-28 00:34:12,073 INFO  - Received event: 721000 (at simulation time IntraVehicleMsg)
2025-05-28 00:34:12,076 INFO  - Sent message to others cars = 'veh_116 | CartesianPoint{x=137.88,y=225.86,z=0.00}' (at simulation time 722.000,000,000 s)
2025-05-28 00:34:12,135 INFO  - Received event: 722000 (at simulation time IntraVehicleMsg)
2025-05-28 00:34:12,144 INFO  - Sent message to others cars = 'veh_116 | CartesianPoint{x=137.82,y=219.40,z=0.00}' (at simulation time 723.000,000,000 s)
2025-05-28 00:34:12,207 INFO  - Received event: 723000 (at simulation time IntraVehicleMsg)
2025-05-28 00:34:12,210 INFO  - Sent message to others cars = 'veh_116 | CartesianPoint{x=137.77,y=213.12,z=0.00}' (at simulation time 724.000,000,000 s)
2025-05-28 00:34:12,273 INFO  - Received event: 724000 (at simulation time IntraVehicleMsg)
2025-05-28 00:34:12,276 INFO  - Sent message to others cars = 'veh_116 | CartesianPoint{x=137.71,y=206.24,z=0.00}' (at simulation time 725.000,000,000 s)
2025-05-28 00:34:12,339 INFO  - Received event: 725000 (at simulation time IntraVehicleMsg)
2025-05-28 00:34:12,342 INFO  - Sent message to others cars = 'veh_116 | CartesianPoint{x=137.66,y=200.15,z=0.00}' (at simulation time 726.000,000,000 s)
2025-05-28 00:34:12,403 INFO  - Received event: 726000 (at simulation time IntraVehicleMsg)
2025-05-28 00:34:12,406 INFO  - Sent message to others cars = 'veh_116 | CartesianPoint{x=137.61,y=193.69,z=0.00}' (at simulation time 727.000,000,000 s)
2025-05-28 00:34:12,462 INFO  - Received event: 727000 (at simulation time IntraVehicleMsg)
2025-05-28 00:34:12,464 INFO  - Sent message to others cars = 'veh_116 | CartesianPoint{x=137.55,y=186.60,z=0.00}' (at simulation time 728.000,000,000 s)
2025-05-28 00:34:12,524 INFO  - Received event: 728000 (at simulation time IntraVehicleMsg)
2025-05-28 00:34:12,526 INFO  - Sent message to others cars = 'veh_116 | CartesianPoint{x=137.50,y=179.71,z=0.00}' (at simulation time 729.000,000,000 s)
2025-05-28 00:34:12,593 INFO  - Received event: 729000 (at simulation time IntraVehicleMsg)
2025-05-28 00:34:12,596 INFO  - Sent message to others cars = 'veh_116 | CartesianPoint{x=137.44,y=173.05,z=0.00}' (at simulation time 730.000,000,000 s)
2025-05-28 00:34:12,655 INFO  - Received event: 730000 (at simulation time IntraVehicleMsg)
2025-05-28 00:34:12,657 INFO  - Sent message to others cars = 'veh_116 | CartesianPoint{x=137.39,y=167.14,z=0.00}' (at simulation time 731.000,000,000 s)
2025-05-28 00:34:12,717 INFO  - Received event: 731000 (at simulation time IntraVehicleMsg)
2025-05-28 00:34:12,719 INFO  - Sent message to others cars = 'veh_116 | CartesianPoint{x=137.34,y=160.53,z=0.00}' (at simulation time 732.000,000,000 s)
2025-05-28 00:34:12,779 INFO  - Received event: 732000 (at simulation time IntraVehicleMsg)
2025-05-28 00:34:12,782 INFO  - Sent message to others cars = 'veh_116 | CartesianPoint{x=137.28,y=153.94,z=0.00}' (at simulation time 733.000,000,000 s)
2025-05-28 00:34:12,845 INFO  - Received event: 733000 (at simulation time IntraVehicleMsg)
2025-05-28 00:34:12,847 INFO  - Sent message to others cars = 'veh_116 | CartesianPoint{x=137.22,y=146.92,z=0.00}' (at simulation time 734.000,000,000 s)
2025-05-28 00:34:12,909 INFO  - Received event: 734000 (at simulation time IntraVehicleMsg)
2025-05-28 00:34:12,911 INFO  - Sent message to others cars = 'veh_116 | CartesianPoint{x=137.17,y=140.46,z=0.00}' (at simulation time 735.000,000,000 s)
2025-05-28 00:34:12,974 INFO  - Received event: 735000 (at simulation time IntraVehicleMsg)
2025-05-28 00:34:12,976 INFO  - Sent message to others cars = 'veh_116 | CartesianPoint{x=137.19,y=133.82,z=0.00}' (at simulation time 736.000,000,000 s)
2025-05-28 00:34:13,040 INFO  - Received event: 736000 (at simulation time IntraVehicleMsg)
2025-05-28 00:34:13,042 INFO  - Sent message to others cars = 'veh_116 | CartesianPoint{x=137.22,y=127.85,z=0.00}' (at simulation time 737.000,000,000 s)
2025-05-28 00:34:13,106 INFO  - Received event: 737000 (at simulation time IntraVehicleMsg)
2025-05-28 00:34:13,108 INFO  - Sent message to others cars = 'veh_116 | CartesianPoint{x=137.26,y=121.51,z=0.00}' (at simulation time 738.000,000,000 s)
2025-05-28 00:34:13,173 INFO  - Received event: 738000 (at simulation time IntraVehicleMsg)
2025-05-28 00:34:13,176 INFO  - Sent message to others cars = 'veh_116 | CartesianPoint{x=137.29,y=115.44,z=0.00}' (at simulation time 739.000,000,000 s)
2025-05-28 00:34:13,242 INFO  - Received event: 739000 (at simulation time IntraVehicleMsg)
2025-05-28 00:34:13,245 INFO  - Sent message to others cars = 'veh_116 | CartesianPoint{x=137.33,y=109.10,z=0.00}' (at simulation time 740.000,000,000 s)
2025-05-28 00:34:13,314 INFO  - Received event: 740000 (at simulation time IntraVehicleMsg)
2025-05-28 00:34:13,317 INFO  - Sent message to others cars = 'veh_116 | CartesianPoint{x=137.37,y=102.16,z=0.00}' (at simulation time 741.000,000,000 s)
2025-05-28 00:34:13,385 INFO  - Received event: 741000 (at simulation time IntraVehicleMsg)
2025-05-28 00:34:13,387 INFO  - Sent message to others cars = 'veh_116 | CartesianPoint{x=137.40,y=95.50,z=0.00}' (at simulation time 742.000,000,000 s)
2025-05-28 00:34:13,452 INFO  - Received event: 742000 (at simulation time IntraVehicleMsg)
2025-05-28 00:34:13,455 INFO  - Sent message to others cars = 'veh_116 | CartesianPoint{x=137.44,y=89.57,z=0.00}' (at simulation time 743.000,000,000 s)
2025-05-28 00:34:13,521 INFO  - Received event: 743000 (at simulation time IntraVehicleMsg)
2025-05-28 00:34:13,523 INFO  - Sent message to others cars = 'veh_116 | CartesianPoint{x=137.47,y=82.82,z=0.00}' (at simulation time 744.000,000,000 s)
2025-05-28 00:34:13,587 INFO  - Received event: 744000 (at simulation time IntraVehicleMsg)
2025-05-28 00:34:13,589 INFO  - Sent message to others cars = 'veh_116 | CartesianPoint{x=137.67,y=75.87,z=0.00}' (at simulation time 745.000,000,000 s)
2025-05-28 00:34:13,650 INFO  - Received event: 745000 (at simulation time IntraVehicleMsg)
2025-05-28 00:34:13,652 INFO  - Sent message to others cars = 'veh_116 | CartesianPoint{x=141.04,y=69.85,z=0.00}' (at simulation time 746.000,000,000 s)
2025-05-28 00:34:13,713 INFO  - Received event: 746000 (at simulation time IntraVehicleMsg)
2025-05-28 00:34:13,715 INFO  - Sent message to others cars = 'veh_116 | CartesianPoint{x=145.17,y=64.58,z=0.00}' (at simulation time 747.000,000,000 s)
2025-05-28 00:34:13,778 INFO  - Received event: 747000 (at simulation time IntraVehicleMsg)
2025-05-28 00:34:13,780 INFO  - Sent message to others cars = 'veh_116 | CartesianPoint{x=150.41,y=59.68,z=0.00}' (at simulation time 748.000,000,000 s)
2025-05-28 00:34:13,836 INFO  - Received event: 748000 (at simulation time IntraVehicleMsg)
2025-05-28 00:34:13,838 INFO  - Sent message to others cars = 'veh_116 | CartesianPoint{x=155.19,y=54.91,z=0.00}' (at simulation time 749.000,000,000 s)
2025-05-28 00:34:13,895 INFO  - Received event: 749000 (at simulation time IntraVehicleMsg)
2025-05-28 00:34:13,896 INFO  - Sent message to others cars = 'veh_116 | CartesianPoint{x=159.55,y=50.12,z=0.00}' (at simulation time 750.000,000,000 s)
2025-05-28 00:34:13,940 INFO  - Received event: 750000 (at simulation time IntraVehicleMsg)
2025-05-28 00:34:13,942 INFO  - Sent message to others cars = 'veh_116 | CartesianPoint{x=164.28,y=44.91,z=0.00}' (at simulation time 751.000,000,000 s)
2025-05-28 00:34:13,981 INFO  - Received event: 751000 (at simulation time IntraVehicleMsg)
2025-05-28 00:34:13,982 INFO  - Sent message to others cars = 'veh_116 | CartesianPoint{x=169.08,y=39.63,z=0.00}' (at simulation time 752.000,000,000 s)
2025-05-28 00:34:14,022 INFO  - Received event: 752000 (at simulation time IntraVehicleMsg)
2025-05-28 00:34:14,023 INFO  - Sent message to others cars = 'veh_116 | CartesianPoint{x=173.32,y=34.97,z=0.00}' (at simulation time 753.000,000,000 s)
2025-05-28 00:34:14,064 INFO  - Received event: 753000 (at simulation time IntraVehicleMsg)
2025-05-28 00:34:14,066 INFO  - Sent message to others cars = 'veh_116 | CartesianPoint{x=177.72,y=30.13,z=0.00}' (at simulation time 754.000,000,000 s)
2025-05-28 00:34:14,106 INFO  - Received event: 754000 (at simulation time IntraVehicleMsg)
2025-05-28 00:34:14,107 INFO  - Sent message to others cars = 'veh_116 | CartesianPoint{x=182.44,y=24.94,z=0.00}' (at simulation time 755.000,000,000 s)
2025-05-28 00:34:14,148 INFO  - Received event: 755000 (at simulation time IntraVehicleMsg)
2025-05-28 00:34:14,149 INFO  - Sent message to others cars = 'veh_116 | CartesianPoint{x=186.42,y=20.57,z=0.00}' (at simulation time 756.000,000,000 s)
2025-05-28 00:34:14,185 INFO  - Received event: 756000 (at simulation time IntraVehicleMsg)
2025-05-28 00:34:14,186 INFO  - Sent message to others cars = 'veh_116 | CartesianPoint{x=190.90,y=15.64,z=0.00}' (at simulation time 757.000,000,000 s)
2025-05-28 00:34:14,222 INFO  - Received event: 757000 (at simulation time IntraVehicleMsg)
2025-05-28 00:34:14,223 INFO  - Sent message to others cars = 'veh_116 | CartesianPoint{x=194.39,y=10.84,z=0.00}' (at simulation time 758.000,000,000 s)
2025-05-28 00:34:14,259 INFO  - Received event: 758000 (at simulation time IntraVehicleMsg)
2025-05-28 00:34:14,260 INFO  - Sent message to others cars = 'veh_116 | CartesianPoint{x=196.03,y=4.05,z=0.00}' (at simulation time 759.000,000,000 s)
2025-05-28 00:34:14,297 INFO  - Received event: 759000 (at simulation time IntraVehicleMsg)
2025-05-28 00:34:14,299 INFO  - ------------------------------------------------------------------------------------- (at simulation time 760.000,000,000 s)
2025-05-28 00:34:14,299 INFO  - Shutdown application (at simulation time 760.000,000,000 s)
2025-05-28 00:34:14,299 INFO  - ------------------------------------------------------------------------------------- (at simulation time 760.000,000,000 s)
