2025-05-28 00:33:51,707 INFO  - ------------------------------------------------------------------------------------- (at simulation time 449.000,000,000 s)
2025-05-28 00:33:51,708 INFO  - Initialize veh_86 application (at simulation time 449.000,000,000 s)
2025-05-28 00:33:51,708 INFO  - Activated AdHoc Module (at simulation time 449.000,000,000 s)
2025-05-28 00:33:51,708 INFO  - ------------------------------------------------------------------------------------- (at simulation time 449.000,000,000 s)
2025-05-28 00:33:51,709 INFO  - Sent message to others cars = 'veh_86 | CartesianPoint{x=143.94,y=749.34,z=0.00}' (at simulation time 449.000,000,000 s)
2025-05-28 00:33:51,765 INFO  - Received event: 449000 (at simulation time IntraVehicleMsg)
2025-05-28 00:33:51,769 INFO  - Sent message to others cars = 'veh_86 | CartesianPoint{x=143.92,y=741.15,z=0.00}' (at simulation time 450.000,000,000 s)
2025-05-28 00:33:51,825 INFO  - Received event: 450000 (at simulation time IntraVehicleMsg)
2025-05-28 00:33:51,830 INFO  - Sent message to others cars = 'veh_86 | CartesianPoint{x=143.89,y=732.84,z=0.00}' (at simulation time 451.000,000,000 s)
2025-05-28 00:33:51,889 INFO  - Received event: 451000 (at simulation time IntraVehicleMsg)
2025-05-28 00:33:51,891 INFO  - Sent message to others cars = 'veh_86 | CartesianPoint{x=143.87,y=725.68,z=0.00}' (at simulation time 452.000,000,000 s)
2025-05-28 00:33:51,949 INFO  - Received event: 452000 (at simulation time IntraVehicleMsg)
2025-05-28 00:33:51,951 INFO  - Sent message to others cars = 'veh_86 | CartesianPoint{x=143.84,y=718.10,z=0.00}' (at simulation time 453.000,000,000 s)
2025-05-28 00:33:52,013 INFO  - Received event: 453000 (at simulation time IntraVehicleMsg)
2025-05-28 00:33:52,018 INFO  - Sent message to others cars = 'veh_86 | CartesianPoint{x=143.81,y=709.92,z=0.00}' (at simulation time 454.000,000,000 s)
2025-05-28 00:33:52,081 INFO  - Received event: 454000 (at simulation time IntraVehicleMsg)
2025-05-28 00:33:52,083 INFO  - Sent message to others cars = 'veh_86 | CartesianPoint{x=140.59,y=702.38,z=0.00}' (at simulation time 455.000,000,000 s)
2025-05-28 00:33:52,147 INFO  - Received event: 455000 (at simulation time IntraVehicleMsg)
2025-05-28 00:33:52,149 INFO  - Sent message to others cars = 'veh_86 | CartesianPoint{x=140.56,y=694.89,z=0.00}' (at simulation time 456.000,000,000 s)
2025-05-28 00:33:52,215 INFO  - Received event: 456000 (at simulation time IntraVehicleMsg)
2025-05-28 00:33:52,217 INFO  - Sent message to others cars = 'veh_86 | CartesianPoint{x=140.54,y=686.55,z=0.00}' (at simulation time 457.000,000,000 s)
2025-05-28 00:33:52,281 INFO  - Received event: 457000 (at simulation time IntraVehicleMsg)
2025-05-28 00:33:52,283 INFO  - Sent message to others cars = 'veh_86 | CartesianPoint{x=140.51,y=678.13,z=0.00}' (at simulation time 458.000,000,000 s)
2025-05-28 00:33:52,348 INFO  - Received event: 458000 (at simulation time IntraVehicleMsg)
2025-05-28 00:33:52,354 INFO  - Sent message to others cars = 'veh_86 | CartesianPoint{x=140.48,y=670.92,z=0.00}' (at simulation time 459.000,000,000 s)
2025-05-28 00:33:52,422 INFO  - Received event: 459000 (at simulation time IntraVehicleMsg)
2025-05-28 00:33:52,425 INFO  - Sent message to others cars = 'veh_86 | CartesianPoint{x=140.46,y=663.01,z=0.00}' (at simulation time 460.000,000,000 s)
2025-05-28 00:33:52,494 INFO  - Received event: 460000 (at simulation time IntraVehicleMsg)
2025-05-28 00:33:52,496 INFO  - Sent message to others cars = 'veh_86 | CartesianPoint{x=140.45,y=655.19,z=0.00}' (at simulation time 461.000,000,000 s)
2025-05-28 00:33:52,568 INFO  - Received event: 461000 (at simulation time IntraVehicleMsg)
2025-05-28 00:33:52,571 INFO  - Sent message to others cars = 'veh_86 | CartesianPoint{x=140.43,y=648.00,z=0.00}' (at simulation time 462.000,000,000 s)
2025-05-28 00:33:52,643 INFO  - Received event: 462000 (at simulation time IntraVehicleMsg)
2025-05-28 00:33:52,645 INFO  - Sent message to others cars = 'veh_86 | CartesianPoint{x=140.41,y=640.11,z=0.00}' (at simulation time 463.000,000,000 s)
2025-05-28 00:33:52,718 INFO  - Received event: 463000 (at simulation time IntraVehicleMsg)
2025-05-28 00:33:52,720 INFO  - Sent message to others cars = 'veh_86 | CartesianPoint{x=140.39,y=631.80,z=0.00}' (at simulation time 464.000,000,000 s)
2025-05-28 00:33:52,795 INFO  - Received event: 464000 (at simulation time IntraVehicleMsg)
2025-05-28 00:33:52,800 INFO  - Sent message to others cars = 'veh_86 | CartesianPoint{x=140.37,y=623.44,z=0.00}' (at simulation time 465.000,000,000 s)
2025-05-28 00:33:52,874 INFO  - Received event: 465000 (at simulation time IntraVehicleMsg)
2025-05-28 00:33:52,876 INFO  - Sent message to others cars = 'veh_86 | CartesianPoint{x=140.35,y=615.00,z=0.00}' (at simulation time 466.000,000,000 s)
2025-05-28 00:33:52,952 INFO  - Received event: 466000 (at simulation time IntraVehicleMsg)
2025-05-28 00:33:52,960 INFO  - Sent message to others cars = 'veh_86 | CartesianPoint{x=140.33,y=607.74,z=0.00}' (at simulation time 467.000,000,000 s)
2025-05-28 00:33:53,034 INFO  - Received event: 467000 (at simulation time IntraVehicleMsg)
2025-05-28 00:33:53,037 INFO  - Sent message to others cars = 'veh_86 | CartesianPoint{x=140.30,y=600.45,z=0.00}' (at simulation time 468.000,000,000 s)
2025-05-28 00:33:53,113 INFO  - Received event: 468000 (at simulation time IntraVehicleMsg)
2025-05-28 00:33:53,119 INFO  - Sent message to others cars = 'veh_86 | CartesianPoint{x=140.26,y=593.14,z=0.00}' (at simulation time 469.000,000,000 s)
2025-05-28 00:33:53,190 INFO  - Received event: 469000 (at simulation time IntraVehicleMsg)
2025-05-28 00:33:53,194 INFO  - Sent message to others cars = 'veh_86 | CartesianPoint{x=140.22,y=585.75,z=0.00}' (at simulation time 470.000,000,000 s)
2025-05-28 00:33:53,264 INFO  - Received event: 470000 (at simulation time IntraVehicleMsg)
2025-05-28 00:33:53,267 INFO  - Sent message to others cars = 'veh_86 | CartesianPoint{x=140.18,y=577.57,z=0.00}' (at simulation time 471.000,000,000 s)
2025-05-28 00:33:53,333 INFO  - Received event: 471000 (at simulation time IntraVehicleMsg)
2025-05-28 00:33:53,335 INFO  - Sent message to others cars = 'veh_86 | CartesianPoint{x=140.14,y=569.54,z=0.00}' (at simulation time 472.000,000,000 s)
2025-05-28 00:33:53,397 INFO  - Received event: 472000 (at simulation time IntraVehicleMsg)
2025-05-28 00:33:53,399 INFO  - Sent message to others cars = 'veh_86 | CartesianPoint{x=140.10,y=561.94,z=0.00}' (at simulation time 473.000,000,000 s)
2025-05-28 00:33:53,460 INFO  - Received event: 473000 (at simulation time IntraVehicleMsg)
2025-05-28 00:33:53,462 INFO  - Sent message to others cars = 'veh_86 | CartesianPoint{x=140.06,y=553.67,z=0.00}' (at simulation time 474.000,000,000 s)
2025-05-28 00:33:53,525 INFO  - Received event: 474000 (at simulation time IntraVehicleMsg)
2025-05-28 00:33:53,531 INFO  - Sent message to others cars = 'veh_86 | CartesianPoint{x=140.02,y=547.56,z=0.00}' (at simulation time 475.000,000,000 s)
2025-05-28 00:33:53,587 INFO  - Received event: 475000 (at simulation time IntraVehicleMsg)
2025-05-28 00:33:53,592 INFO  - Sent message to others cars = 'veh_86 | CartesianPoint{x=140.01,y=545.24,z=0.00}' (at simulation time 476.000,000,000 s)
2025-05-28 00:33:53,649 INFO  - Received event: 476000 (at simulation time IntraVehicleMsg)
2025-05-28 00:33:53,651 INFO  - Sent message to others cars = 'veh_86 | CartesianPoint{x=140.01,y=544.75,z=0.00}' (at simulation time 477.000,000,000 s)
2025-05-28 00:33:53,709 INFO  - Received event: 477000 (at simulation time IntraVehicleMsg)
2025-05-28 00:33:53,712 INFO  - Sent message to others cars = 'veh_86 | CartesianPoint{x=140.01,y=544.70,z=0.00}' (at simulation time 478.000,000,000 s)
2025-05-28 00:33:53,770 INFO  - Received event: 478000 (at simulation time IntraVehicleMsg)
2025-05-28 00:33:53,772 INFO  - Sent message to others cars = 'veh_86 | CartesianPoint{x=140.01,y=544.69,z=0.00}' (at simulation time 479.000,000,000 s)
2025-05-28 00:33:53,833 INFO  - Received event: 479000 (at simulation time IntraVehicleMsg)
2025-05-28 00:33:53,841 INFO  - Sent message to others cars = 'veh_86 | CartesianPoint{x=140.01,y=544.69,z=0.00}' (at simulation time 480.000,000,000 s)
2025-05-28 00:33:53,902 INFO  - Received event: 480000 (at simulation time IntraVehicleMsg)
2025-05-28 00:33:53,904 INFO  - Sent message to others cars = 'veh_86 | CartesianPoint{x=140.01,y=544.69,z=0.00}' (at simulation time 481.000,000,000 s)
2025-05-28 00:33:53,966 INFO  - Received event: 481000 (at simulation time IntraVehicleMsg)
2025-05-28 00:33:53,969 INFO  - Sent message to others cars = 'veh_86 | CartesianPoint{x=140.01,y=544.69,z=0.00}' (at simulation time 482.000,000,000 s)
2025-05-28 00:33:54,032 INFO  - Received event: 482000 (at simulation time IntraVehicleMsg)
2025-05-28 00:33:54,037 INFO  - Sent message to others cars = 'veh_86 | CartesianPoint{x=140.01,y=544.69,z=0.00}' (at simulation time 483.000,000,000 s)
2025-05-28 00:33:54,101 INFO  - Received event: 483000 (at simulation time IntraVehicleMsg)
2025-05-28 00:33:54,104 INFO  - Sent message to others cars = 'veh_86 | CartesianPoint{x=140.01,y=544.69,z=0.00}' (at simulation time 484.000,000,000 s)
2025-05-28 00:33:54,169 INFO  - Received event: 484000 (at simulation time IntraVehicleMsg)
2025-05-28 00:33:54,179 INFO  - Sent message to others cars = 'veh_86 | CartesianPoint{x=140.01,y=544.69,z=0.00}' (at simulation time 485.000,000,000 s)
2025-05-28 00:33:54,236 INFO  - Received event: 485000 (at simulation time IntraVehicleMsg)
2025-05-28 00:33:54,239 INFO  - Sent message to others cars = 'veh_86 | CartesianPoint{x=140.01,y=544.69,z=0.00}' (at simulation time 486.000,000,000 s)
2025-05-28 00:33:54,301 INFO  - Received event: 486000 (at simulation time IntraVehicleMsg)
2025-05-28 00:33:54,304 INFO  - Sent message to others cars = 'veh_86 | CartesianPoint{x=140.01,y=544.69,z=0.00}' (at simulation time 487.000,000,000 s)
2025-05-28 00:33:54,357 INFO  - Received event: 487000 (at simulation time IntraVehicleMsg)
2025-05-28 00:33:54,359 INFO  - Sent message to others cars = 'veh_86 | CartesianPoint{x=140.01,y=544.69,z=0.00}' (at simulation time 488.000,000,000 s)
2025-05-28 00:33:54,413 INFO  - Received event: 488000 (at simulation time IntraVehicleMsg)
2025-05-28 00:33:54,416 INFO  - Sent message to others cars = 'veh_86 | CartesianPoint{x=140.01,y=544.69,z=0.00}' (at simulation time 489.000,000,000 s)
2025-05-28 00:33:54,471 INFO  - Received event: 489000 (at simulation time IntraVehicleMsg)
2025-05-28 00:33:54,479 INFO  - Sent message to others cars = 'veh_86 | CartesianPoint{x=140.01,y=544.69,z=0.00}' (at simulation time 490.000,000,000 s)
2025-05-28 00:33:54,535 INFO  - Received event: 490000 (at simulation time IntraVehicleMsg)
2025-05-28 00:33:54,537 INFO  - Sent message to others cars = 'veh_86 | CartesianPoint{x=140.01,y=544.69,z=0.00}' (at simulation time 491.000,000,000 s)
2025-05-28 00:33:54,595 INFO  - Received event: 491000 (at simulation time IntraVehicleMsg)
2025-05-28 00:33:54,597 INFO  - Sent message to others cars = 'veh_86 | CartesianPoint{x=140.01,y=544.69,z=0.00}' (at simulation time 492.000,000,000 s)
2025-05-28 00:33:54,656 INFO  - Received event: 492000 (at simulation time IntraVehicleMsg)
2025-05-28 00:33:54,658 INFO  - Sent message to others cars = 'veh_86 | CartesianPoint{x=140.01,y=544.69,z=0.00}' (at simulation time 493.000,000,000 s)
2025-05-28 00:33:54,720 INFO  - Received event: 493000 (at simulation time IntraVehicleMsg)
2025-05-28 00:33:54,725 INFO  - Sent message to others cars = 'veh_86 | CartesianPoint{x=140.01,y=544.69,z=0.00}' (at simulation time 494.000,000,000 s)
2025-05-28 00:33:54,785 INFO  - Received event: 494000 (at simulation time IntraVehicleMsg)
2025-05-28 00:33:54,788 INFO  - Sent message to others cars = 'veh_86 | CartesianPoint{x=140.01,y=544.69,z=0.00}' (at simulation time 495.000,000,000 s)
2025-05-28 00:33:54,851 INFO  - Received event: 495000 (at simulation time IntraVehicleMsg)
2025-05-28 00:33:54,854 INFO  - Sent message to others cars = 'veh_86 | CartesianPoint{x=140.01,y=544.69,z=0.00}' (at simulation time 496.000,000,000 s)
2025-05-28 00:33:54,918 INFO  - Received event: 496000 (at simulation time IntraVehicleMsg)
2025-05-28 00:33:54,921 INFO  - Sent message to others cars = 'veh_86 | CartesianPoint{x=140.01,y=544.69,z=0.00}' (at simulation time 497.000,000,000 s)
2025-05-28 00:33:54,986 INFO  - Received event: 497000 (at simulation time IntraVehicleMsg)
2025-05-28 00:33:54,989 INFO  - Sent message to others cars = 'veh_86 | CartesianPoint{x=140.01,y=544.69,z=0.00}' (at simulation time 498.000,000,000 s)
2025-05-28 00:33:55,049 INFO  - Received event: 498000 (at simulation time IntraVehicleMsg)
2025-05-28 00:33:55,056 INFO  - Sent message to others cars = 'veh_86 | CartesianPoint{x=140.01,y=544.69,z=0.00}' (at simulation time 499.000,000,000 s)
2025-05-28 00:33:55,119 INFO  - Received event: 499000 (at simulation time IntraVehicleMsg)
2025-05-28 00:33:55,128 INFO  - Sent message to others cars = 'veh_86 | CartesianPoint{x=140.01,y=544.69,z=0.00}' (at simulation time 500.000,000,000 s)
2025-05-28 00:33:55,191 INFO  - Received event: 500000 (at simulation time IntraVehicleMsg)
2025-05-28 00:33:55,194 INFO  - Sent message to others cars = 'veh_86 | CartesianPoint{x=140.01,y=544.69,z=0.00}' (at simulation time 501.000,000,000 s)
2025-05-28 00:33:55,253 INFO  - Received event: 501000 (at simulation time IntraVehicleMsg)
2025-05-28 00:33:55,255 INFO  - Sent message to others cars = 'veh_86 | CartesianPoint{x=140.01,y=544.69,z=0.00}' (at simulation time 502.000,000,000 s)
2025-05-28 00:33:55,312 INFO  - Received event: 502000 (at simulation time IntraVehicleMsg)
2025-05-28 00:33:55,315 INFO  - Sent message to others cars = 'veh_86 | CartesianPoint{x=140.01,y=544.69,z=0.00}' (at simulation time 503.000,000,000 s)
2025-05-28 00:33:55,375 INFO  - Received event: 503000 (at simulation time IntraVehicleMsg)
2025-05-28 00:33:55,378 INFO  - Sent message to others cars = 'veh_86 | CartesianPoint{x=140.01,y=544.69,z=0.00}' (at simulation time 504.000,000,000 s)
2025-05-28 00:33:55,430 INFO  - Received event: 504000 (at simulation time IntraVehicleMsg)
2025-05-28 00:33:55,435 INFO  - Sent message to others cars = 'veh_86 | CartesianPoint{x=140.01,y=544.69,z=0.00}' (at simulation time 505.000,000,000 s)
2025-05-28 00:33:55,480 INFO  - Received event: 505000 (at simulation time IntraVehicleMsg)
2025-05-28 00:33:55,483 INFO  - Sent message to others cars = 'veh_86 | CartesianPoint{x=140.00,y=542.57,z=0.00}' (at simulation time 506.000,000,000 s)
2025-05-28 00:33:55,533 INFO  - Received event: 506000 (at simulation time IntraVehicleMsg)
2025-05-28 00:33:55,536 INFO  - Sent message to others cars = 'veh_86 | CartesianPoint{x=139.98,y=538.94,z=0.00}' (at simulation time 507.000,000,000 s)
2025-05-28 00:33:55,589 INFO  - Received event: 507000 (at simulation time IntraVehicleMsg)
2025-05-28 00:33:55,591 INFO  - Sent message to others cars = 'veh_86 | CartesianPoint{x=139.94,y=533.80,z=0.00}' (at simulation time 508.000,000,000 s)
2025-05-28 00:33:55,638 INFO  - Received event: 508000 (at simulation time IntraVehicleMsg)
2025-05-28 00:33:55,640 INFO  - Sent message to others cars = 'veh_86 | CartesianPoint{x=139.88,y=526.60,z=0.00}' (at simulation time 509.000,000,000 s)
2025-05-28 00:33:55,688 INFO  - Received event: 509000 (at simulation time IntraVehicleMsg)
2025-05-28 00:33:55,703 INFO  - Sent message to others cars = 'veh_86 | CartesianPoint{x=139.81,y=518.99,z=0.00}' (at simulation time 510.000,000,000 s)
2025-05-28 00:33:55,751 INFO  - Received event: 510000 (at simulation time IntraVehicleMsg)
2025-05-28 00:33:55,754 INFO  - Sent message to others cars = 'veh_86 | CartesianPoint{x=139.74,y=511.60,z=0.00}' (at simulation time 511.000,000,000 s)
2025-05-28 00:33:55,804 INFO  - Received event: 511000 (at simulation time IntraVehicleMsg)
2025-05-28 00:33:55,806 INFO  - Sent message to others cars = 'veh_86 | CartesianPoint{x=139.67,y=504.39,z=0.00}' (at simulation time 512.000,000,000 s)
2025-05-28 00:33:55,852 INFO  - Received event: 512000 (at simulation time IntraVehicleMsg)
2025-05-28 00:33:55,854 INFO  - Sent message to others cars = 'veh_86 | CartesianPoint{x=139.60,y=496.90,z=0.00}' (at simulation time 513.000,000,000 s)
2025-05-28 00:33:55,896 INFO  - Received event: 513000 (at simulation time IntraVehicleMsg)
2025-05-28 00:33:55,898 INFO  - Sent message to others cars = 'veh_86 | CartesianPoint{x=139.53,y=489.04,z=0.00}' (at simulation time 514.000,000,000 s)
2025-05-28 00:33:55,941 INFO  - Received event: 514000 (at simulation time IntraVehicleMsg)
2025-05-28 00:33:55,943 INFO  - Sent message to others cars = 'veh_86 | CartesianPoint{x=139.45,y=481.01,z=0.00}' (at simulation time 515.000,000,000 s)
2025-05-28 00:33:55,987 INFO  - Received event: 515000 (at simulation time IntraVehicleMsg)
2025-05-28 00:33:55,991 INFO  - Sent message to others cars = 'veh_86 | CartesianPoint{x=139.37,y=472.75,z=0.00}' (at simulation time 516.000,000,000 s)
2025-05-28 00:33:56,037 INFO  - Received event: 516000 (at simulation time IntraVehicleMsg)
2025-05-28 00:33:56,041 INFO  - Sent message to others cars = 'veh_86 | CartesianPoint{x=139.29,y=464.63,z=0.00}' (at simulation time 517.000,000,000 s)
2025-05-28 00:33:56,078 INFO  - Received event: 517000 (at simulation time IntraVehicleMsg)
2025-05-28 00:33:56,083 INFO  - Sent message to others cars = 'veh_86 | CartesianPoint{x=139.21,y=456.68,z=0.00}' (at simulation time 518.000,000,000 s)
2025-05-28 00:33:56,120 INFO  - Received event: 518000 (at simulation time IntraVehicleMsg)
2025-05-28 00:33:56,122 INFO  - Sent message to others cars = 'veh_86 | CartesianPoint{x=139.19,y=448.40,z=0.00}' (at simulation time 519.000,000,000 s)
2025-05-28 00:33:56,160 INFO  - Received event: 519000 (at simulation time IntraVehicleMsg)
2025-05-28 00:33:56,163 INFO  - Sent message to others cars = 'veh_86 | CartesianPoint{x=139.17,y=440.19,z=0.00}' (at simulation time 520.000,000,000 s)
2025-05-28 00:33:56,195 INFO  - Received event: 520000 (at simulation time IntraVehicleMsg)
2025-05-28 00:33:56,201 INFO  - Sent message to others cars = 'veh_86 | CartesianPoint{x=139.16,y=431.93,z=0.00}' (at simulation time 521.000,000,000 s)
2025-05-28 00:33:56,237 INFO  - Received event: 521000 (at simulation time IntraVehicleMsg)
2025-05-28 00:33:56,239 INFO  - Sent message to others cars = 'veh_86 | CartesianPoint{x=139.14,y=424.18,z=0.00}' (at simulation time 522.000,000,000 s)
2025-05-28 00:33:56,276 INFO  - Received event: 522000 (at simulation time IntraVehicleMsg)
2025-05-28 00:33:56,280 INFO  - Sent message to others cars = 'veh_86 | CartesianPoint{x=139.12,y=416.27,z=0.00}' (at simulation time 523.000,000,000 s)
2025-05-28 00:33:56,312 INFO  - Received event: 523000 (at simulation time IntraVehicleMsg)
2025-05-28 00:33:56,314 INFO  - Sent message to others cars = 'veh_86 | CartesianPoint{x=139.11,y=407.99,z=0.00}' (at simulation time 524.000,000,000 s)
2025-05-28 00:33:56,349 INFO  - Received event: 524000 (at simulation time IntraVehicleMsg)
2025-05-28 00:33:56,352 INFO  - Sent message to others cars = 'veh_86 | CartesianPoint{x=139.09,y=399.73,z=0.00}' (at simulation time 525.000,000,000 s)
2025-05-28 00:33:56,389 INFO  - Received event: 525000 (at simulation time IntraVehicleMsg)
2025-05-28 00:33:56,393 INFO  - Sent message to others cars = 'veh_86 | CartesianPoint{x=139.07,y=391.60,z=0.00}' (at simulation time 526.000,000,000 s)
2025-05-28 00:33:56,431 INFO  - Received event: 526000 (at simulation time IntraVehicleMsg)
2025-05-28 00:33:56,434 INFO  - Sent message to others cars = 'veh_86 | CartesianPoint{x=139.06,y=384.08,z=0.00}' (at simulation time 527.000,000,000 s)
2025-05-28 00:33:56,471 INFO  - Received event: 527000 (at simulation time IntraVehicleMsg)
2025-05-28 00:33:56,473 INFO  - Sent message to others cars = 'veh_86 | CartesianPoint{x=139.04,y=376.41,z=0.00}' (at simulation time 528.000,000,000 s)
2025-05-28 00:33:56,512 INFO  - Received event: 528000 (at simulation time IntraVehicleMsg)
2025-05-28 00:33:56,514 INFO  - Sent message to others cars = 'veh_86 | CartesianPoint{x=139.03,y=369.24,z=0.00}' (at simulation time 529.000,000,000 s)
2025-05-28 00:33:56,554 INFO  - Received event: 529000 (at simulation time IntraVehicleMsg)
2025-05-28 00:33:56,557 INFO  - Sent message to others cars = 'veh_86 | CartesianPoint{x=139.01,y=361.11,z=0.00}' (at simulation time 530.000,000,000 s)
2025-05-28 00:33:56,598 INFO  - Received event: 530000 (at simulation time IntraVehicleMsg)
2025-05-28 00:33:56,604 INFO  - Sent message to others cars = 'veh_86 | CartesianPoint{x=138.97,y=353.69,z=0.00}' (at simulation time 531.000,000,000 s)
2025-05-28 00:33:56,648 INFO  - Received event: 531000 (at simulation time IntraVehicleMsg)
2025-05-28 00:33:56,650 INFO  - Sent message to others cars = 'veh_86 | CartesianPoint{x=138.90,y=345.47,z=0.00}' (at simulation time 532.000,000,000 s)
2025-05-28 00:33:56,693 INFO  - Received event: 532000 (at simulation time IntraVehicleMsg)
2025-05-28 00:33:56,696 INFO  - Sent message to others cars = 'veh_86 | CartesianPoint{x=138.83,y=337.97,z=0.00}' (at simulation time 533.000,000,000 s)
2025-05-28 00:33:56,740 INFO  - Received event: 533000 (at simulation time IntraVehicleMsg)
2025-05-28 00:33:56,742 INFO  - Sent message to others cars = 'veh_86 | CartesianPoint{x=138.76,y=329.92,z=0.00}' (at simulation time 534.000,000,000 s)
2025-05-28 00:33:56,787 INFO  - Received event: 534000 (at simulation time IntraVehicleMsg)
2025-05-28 00:33:56,795 INFO  - Sent message to others cars = 'veh_86 | CartesianPoint{x=138.70,y=322.72,z=0.00}' (at simulation time 535.000,000,000 s)
2025-05-28 00:33:56,840 INFO  - Received event: 535000 (at simulation time IntraVehicleMsg)
2025-05-28 00:33:56,847 INFO  - Sent message to others cars = 'veh_86 | CartesianPoint{x=138.64,y=315.26,z=0.00}' (at simulation time 536.000,000,000 s)
2025-05-28 00:33:56,894 INFO  - Received event: 536000 (at simulation time IntraVehicleMsg)
2025-05-28 00:33:56,896 INFO  - Sent message to others cars = 'veh_86 | CartesianPoint{x=138.57,y=307.73,z=0.00}' (at simulation time 537.000,000,000 s)
2025-05-28 00:33:56,943 INFO  - Received event: 537000 (at simulation time IntraVehicleMsg)
2025-05-28 00:33:56,946 INFO  - Sent message to others cars = 'veh_86 | CartesianPoint{x=138.51,y=300.05,z=0.00}' (at simulation time 538.000,000,000 s)
2025-05-28 00:33:56,993 INFO  - Received event: 538000 (at simulation time IntraVehicleMsg)
2025-05-28 00:33:56,996 INFO  - Sent message to others cars = 'veh_86 | CartesianPoint{x=138.44,y=292.09,z=0.00}' (at simulation time 539.000,000,000 s)
2025-05-28 00:33:57,045 INFO  - Received event: 539000 (at simulation time IntraVehicleMsg)
2025-05-28 00:33:57,049 INFO  - Sent message to others cars = 'veh_86 | CartesianPoint{x=138.37,y=283.90,z=0.00}' (at simulation time 540.000,000,000 s)
2025-05-28 00:33:57,100 INFO  - Received event: 540000 (at simulation time IntraVehicleMsg)
2025-05-28 00:33:57,121 INFO  - Sent message to others cars = 'veh_86 | CartesianPoint{x=138.29,y=275.65,z=0.00}' (at simulation time 541.000,000,000 s)
2025-05-28 00:33:57,172 INFO  - Received event: 541000 (at simulation time IntraVehicleMsg)
2025-05-28 00:33:57,175 INFO  - Sent message to others cars = 'veh_86 | CartesianPoint{x=138.22,y=267.22,z=0.00}' (at simulation time 542.000,000,000 s)
2025-05-28 00:33:57,229 INFO  - Received event: 542000 (at simulation time IntraVehicleMsg)
2025-05-28 00:33:57,232 INFO  - Sent message to others cars = 'veh_86 | CartesianPoint{x=138.16,y=259.57,z=0.00}' (at simulation time 543.000,000,000 s)
2025-05-28 00:33:57,288 INFO  - Received event: 543000 (at simulation time IntraVehicleMsg)
2025-05-28 00:33:57,291 INFO  - Sent message to others cars = 'veh_86 | CartesianPoint{x=138.09,y=251.26,z=0.00}' (at simulation time 544.000,000,000 s)
2025-05-28 00:33:57,347 INFO  - Received event: 544000 (at simulation time IntraVehicleMsg)
2025-05-28 00:33:57,350 INFO  - Sent message to others cars = 'veh_86 | CartesianPoint{x=138.02,y=242.87,z=0.00}' (at simulation time 545.000,000,000 s)
2025-05-28 00:33:57,410 INFO  - Received event: 545000 (at simulation time IntraVehicleMsg)
2025-05-28 00:33:57,414 INFO  - Sent message to others cars = 'veh_86 | CartesianPoint{x=137.95,y=234.64,z=0.00}' (at simulation time 546.000,000,000 s)
2025-05-28 00:33:57,474 INFO  - Received event: 546000 (at simulation time IntraVehicleMsg)
2025-05-28 00:33:57,477 INFO  - Sent message to others cars = 'veh_86 | CartesianPoint{x=137.89,y=227.10,z=0.00}' (at simulation time 547.000,000,000 s)
2025-05-28 00:33:57,537 INFO  - Received event: 547000 (at simulation time IntraVehicleMsg)
2025-05-28 00:33:57,540 INFO  - Sent message to others cars = 'veh_86 | CartesianPoint{x=137.82,y=219.22,z=0.00}' (at simulation time 548.000,000,000 s)
2025-05-28 00:33:57,602 INFO  - Received event: 548000 (at simulation time IntraVehicleMsg)
2025-05-28 00:33:57,613 INFO  - Sent message to others cars = 'veh_86 | CartesianPoint{x=137.76,y=211.95,z=0.00}' (at simulation time 549.000,000,000 s)
2025-05-28 00:33:57,674 INFO  - Received event: 549000 (at simulation time IntraVehicleMsg)
2025-05-28 00:33:57,679 INFO  - Sent message to others cars = 'veh_86 | CartesianPoint{x=137.69,y=203.87,z=0.00}' (at simulation time 550.000,000,000 s)
2025-05-28 00:33:57,741 INFO  - Received event: 550000 (at simulation time IntraVehicleMsg)
2025-05-28 00:33:57,744 INFO  - Sent message to others cars = 'veh_86 | CartesianPoint{x=137.63,y=195.67,z=0.00}' (at simulation time 551.000,000,000 s)
2025-05-28 00:33:57,805 INFO  - Received event: 551000 (at simulation time IntraVehicleMsg)
2025-05-28 00:33:57,812 INFO  - Sent message to others cars = 'veh_86 | CartesianPoint{x=137.56,y=188.09,z=0.00}' (at simulation time 552.000,000,000 s)
2025-05-28 00:33:57,874 INFO  - Received event: 552000 (at simulation time IntraVehicleMsg)
2025-05-28 00:33:57,876 INFO  - Sent message to others cars = 'veh_86 | CartesianPoint{x=137.50,y=180.13,z=0.00}' (at simulation time 553.000,000,000 s)
2025-05-28 00:33:57,941 INFO  - Received event: 553000 (at simulation time IntraVehicleMsg)
2025-05-28 00:33:57,944 INFO  - Sent message to others cars = 'veh_86 | CartesianPoint{x=137.44,y=172.52,z=0.00}' (at simulation time 554.000,000,000 s)
2025-05-28 00:33:58,012 INFO  - Received event: 554000 (at simulation time IntraVehicleMsg)
2025-05-28 00:33:58,015 INFO  - Sent message to others cars = 'veh_86 | CartesianPoint{x=137.38,y=165.32,z=0.00}' (at simulation time 555.000,000,000 s)
2025-05-28 00:33:58,082 INFO  - Received event: 555000 (at simulation time IntraVehicleMsg)
2025-05-28 00:33:58,087 INFO  - Sent message to others cars = 'veh_86 | CartesianPoint{x=137.31,y=157.26,z=0.00}' (at simulation time 556.000,000,000 s)
2025-05-28 00:33:58,157 INFO  - Received event: 556000 (at simulation time IntraVehicleMsg)
2025-05-28 00:33:58,168 INFO  - Sent message to others cars = 'veh_86 | CartesianPoint{x=137.24,y=149.17,z=0.00}' (at simulation time 557.000,000,000 s)
2025-05-28 00:33:58,236 INFO  - Received event: 557000 (at simulation time IntraVehicleMsg)
2025-05-28 00:33:58,239 INFO  - Sent message to others cars = 'veh_86 | CartesianPoint{x=137.18,y=141.44,z=0.00}' (at simulation time 558.000,000,000 s)
2025-05-28 00:33:58,308 INFO  - Received event: 558000 (at simulation time IntraVehicleMsg)
2025-05-28 00:33:58,311 INFO  - Sent message to others cars = 'veh_86 | CartesianPoint{x=137.19,y=133.42,z=0.00}' (at simulation time 559.000,000,000 s)
2025-05-28 00:33:58,383 INFO  - Received event: 559000 (at simulation time IntraVehicleMsg)
2025-05-28 00:33:58,387 INFO  - Sent message to others cars = 'veh_86 | CartesianPoint{x=137.23,y=125.88,z=0.00}' (at simulation time 560.000,000,000 s)
2025-05-28 00:33:58,458 INFO  - Received event: 560000 (at simulation time IntraVehicleMsg)
2025-05-28 00:33:58,461 INFO  - Sent message to others cars = 'veh_86 | CartesianPoint{x=137.27,y=118.48,z=0.00}' (at simulation time 561.000,000,000 s)
2025-05-28 00:33:58,532 INFO  - Received event: 561000 (at simulation time IntraVehicleMsg)
2025-05-28 00:33:58,538 INFO  - Sent message to others cars = 'veh_86 | CartesianPoint{x=137.32,y=110.97,z=0.00}' (at simulation time 562.000,000,000 s)
2025-05-28 00:33:58,614 INFO  - Received event: 562000 (at simulation time IntraVehicleMsg)
2025-05-28 00:33:58,617 INFO  - Sent message to others cars = 'veh_86 | CartesianPoint{x=137.36,y=103.32,z=0.00}' (at simulation time 563.000,000,000 s)
2025-05-28 00:33:58,692 INFO  - Received event: 563000 (at simulation time IntraVehicleMsg)
2025-05-28 00:33:58,695 INFO  - Sent message to others cars = 'veh_86 | CartesianPoint{x=137.41,y=94.93,z=0.00}' (at simulation time 564.000,000,000 s)
2025-05-28 00:33:58,773 INFO  - Received event: 564000 (at simulation time IntraVehicleMsg)
2025-05-28 00:33:58,776 INFO  - Sent message to others cars = 'veh_86 | CartesianPoint{x=137.45,y=86.58,z=0.00}' (at simulation time 565.000,000,000 s)
2025-05-28 00:33:58,858 INFO  - Received event: 565000 (at simulation time IntraVehicleMsg)
2025-05-28 00:33:58,861 INFO  - Sent message to others cars = 'veh_86 | CartesianPoint{x=137.49,y=79.08,z=0.00}' (at simulation time 566.000,000,000 s)
2025-05-28 00:33:58,941 INFO  - Received event: 566000 (at simulation time IntraVehicleMsg)
2025-05-28 00:33:58,944 INFO  - Sent message to others cars = 'veh_86 | CartesianPoint{x=139.67,y=72.29,z=0.00}' (at simulation time 567.000,000,000 s)
2025-05-28 00:33:59,018 INFO  - Received event: 567000 (at simulation time IntraVehicleMsg)
2025-05-28 00:33:59,021 INFO  - Sent message to others cars = 'veh_86 | CartesianPoint{x=143.94,y=65.74,z=0.00}' (at simulation time 568.000,000,000 s)
2025-05-28 00:33:59,087 INFO  - Received event: 568000 (at simulation time IntraVehicleMsg)
2025-05-28 00:33:59,090 INFO  - Sent message to others cars = 'veh_86 | CartesianPoint{x=150.03,y=60.04,z=0.00}' (at simulation time 569.000,000,000 s)
2025-05-28 00:33:59,158 INFO  - Received event: 569000 (at simulation time IntraVehicleMsg)
2025-05-28 00:33:59,161 INFO  - Sent message to others cars = 'veh_86 | CartesianPoint{x=155.59,y=54.47,z=0.00}' (at simulation time 570.000,000,000 s)
2025-05-28 00:33:59,236 INFO  - Received event: 570000 (at simulation time IntraVehicleMsg)
2025-05-28 00:33:59,248 INFO  - Sent message to others cars = 'veh_86 | CartesianPoint{x=161.08,y=48.43,z=0.00}' (at simulation time 571.000,000,000 s)
2025-05-28 00:33:59,312 INFO  - Received event: 571000 (at simulation time IntraVehicleMsg)
2025-05-28 00:33:59,322 INFO  - Sent message to others cars = 'veh_86 | CartesianPoint{x=166.23,y=42.76,z=0.00}' (at simulation time 572.000,000,000 s)
2025-05-28 00:33:59,388 INFO  - Received event: 572000 (at simulation time IntraVehicleMsg)
2025-05-28 00:33:59,391 INFO  - Sent message to others cars = 'veh_86 | CartesianPoint{x=171.48,y=36.99,z=0.00}' (at simulation time 573.000,000,000 s)
2025-05-28 00:33:59,457 INFO  - Received event: 573000 (at simulation time IntraVehicleMsg)
2025-05-28 00:33:59,459 INFO  - Sent message to others cars = 'veh_86 | CartesianPoint{x=176.45,y=31.53,z=0.00}' (at simulation time 574.000,000,000 s)
2025-05-28 00:33:59,520 INFO  - Received event: 574000 (at simulation time IntraVehicleMsg)
2025-05-28 00:33:59,533 INFO  - Sent message to others cars = 'veh_86 | CartesianPoint{x=181.61,y=25.86,z=0.00}' (at simulation time 575.000,000,000 s)
2025-05-28 00:33:59,597 INFO  - Received event: 575000 (at simulation time IntraVehicleMsg)
2025-05-28 00:33:59,607 INFO  - Sent message to others cars = 'veh_86 | CartesianPoint{x=186.73,y=20.22,z=0.00}' (at simulation time 576.000,000,000 s)
2025-05-28 00:33:59,666 INFO  - Received event: 576000 (at simulation time IntraVehicleMsg)
2025-05-28 00:33:59,672 INFO  - Sent message to others cars = 'veh_86 | CartesianPoint{x=192.21,y=14.20,z=0.00}' (at simulation time 577.000,000,000 s)
2025-05-28 00:33:59,729 INFO  - Received event: 577000 (at simulation time IntraVehicleMsg)
2025-05-28 00:33:59,732 INFO  - Sent message to others cars = 'veh_86 | CartesianPoint{x=195.22,y=7.41,z=0.00}' (at simulation time 578.000,000,000 s)
2025-05-28 00:33:59,792 INFO  - Received event: 578000 (at simulation time IntraVehicleMsg)
2025-05-28 00:33:59,795 INFO  - Sent message to others cars = 'veh_86 | CartesianPoint{x=196.90,y=0.43,z=0.00}' (at simulation time 579.000,000,000 s)
2025-05-28 00:33:59,856 INFO  - Received event: 579000 (at simulation time IntraVehicleMsg)
2025-05-28 00:33:59,860 INFO  - ------------------------------------------------------------------------------------- (at simulation time 580.000,000,000 s)
2025-05-28 00:33:59,860 INFO  - Shutdown application (at simulation time 580.000,000,000 s)
2025-05-28 00:33:59,860 INFO  - ------------------------------------------------------------------------------------- (at simulation time 580.000,000,000 s)
