2025-05-28 00:48:33,255 INFO  - ------------------------------------------------------------------------------------- (at simulation time 58.000,000,000 s)
2025-05-28 00:48:33,256 INFO  - Initialize veh_10 application (at simulation time 58.000,000,000 s)
2025-05-28 00:48:33,256 INFO  - Activated AdHoc Module (at simulation time 58.000,000,000 s)
2025-05-28 00:48:33,256 INFO  - ------------------------------------------------------------------------------------- (at simulation time 58.000,000,000 s)
2025-05-28 00:48:33,259 INFO  - Sent message to others cars = 'veh_10 | CartesianPoint{x=143.94,y=749.34,z=0.00}' (at simulation time 58.000,000,000 s)
2025-05-28 00:48:33,278 INFO  - Received event: 58000 (at simulation time IntraVehicleMsg)
2025-05-28 00:48:33,282 INFO  - Sent message to others cars = 'veh_10 | CartesianPoint{x=143.92,y=742.28,z=0.00}' (at simulation time 59.000,000,000 s)
2025-05-28 00:48:33,302 INFO  - Received event: 59000 (at simulation time IntraVehicleMsg)
2025-05-28 00:48:33,306 INFO  - Sent message to others cars = 'veh_10 | CartesianPoint{x=143.90,y=734.91,z=0.00}' (at simulation time 60.000,000,000 s)
2025-05-28 00:48:33,330 INFO  - Received event: 60000 (at simulation time IntraVehicleMsg)
2025-05-28 00:48:33,333 INFO  - Sent message to others cars = 'veh_10 | CartesianPoint{x=143.88,y=728.31,z=0.00}' (at simulation time 61.000,000,000 s)
2025-05-28 00:48:33,355 INFO  - Received event: 61000 (at simulation time IntraVehicleMsg)
2025-05-28 00:48:33,357 INFO  - Sent message to others cars = 'veh_10 | CartesianPoint{x=143.85,y=720.88,z=0.00}' (at simulation time 62.000,000,000 s)
2025-05-28 00:48:33,380 INFO  - Received event: 62000 (at simulation time IntraVehicleMsg)
2025-05-28 00:48:33,385 INFO  - Sent message to others cars = 'veh_10 | CartesianPoint{x=143.83,y=713.93,z=0.00}' (at simulation time 63.000,000,000 s)
2025-05-28 00:48:33,412 INFO  - Received event: 63000 (at simulation time IntraVehicleMsg)
2025-05-28 00:48:33,424 INFO  - Sent message to others cars = 'veh_10 | CartesianPoint{x=140.60,y=706.27,z=0.00}' (at simulation time 64.000,000,000 s)
2025-05-28 00:48:33,448 INFO  - Received event: 64000 (at simulation time IntraVehicleMsg)
2025-05-28 00:48:33,452 INFO  - Sent message to others cars = 'veh_10 | CartesianPoint{x=140.58,y=699.24,z=0.00}' (at simulation time 65.000,000,000 s)
2025-05-28 00:48:33,474 INFO  - Received event: 65000 (at simulation time IntraVehicleMsg)
2025-05-28 00:48:33,477 INFO  - Sent message to others cars = 'veh_10 | CartesianPoint{x=140.55,y=692.03,z=0.00}' (at simulation time 66.000,000,000 s)
2025-05-28 00:48:33,501 INFO  - Received event: 66000 (at simulation time IntraVehicleMsg)
2025-05-28 00:48:33,503 INFO  - Sent message to others cars = 'veh_10 | CartesianPoint{x=140.53,y=685.24,z=0.00}' (at simulation time 67.000,000,000 s)
2025-05-28 00:48:33,528 INFO  - Received event: 67000 (at simulation time IntraVehicleMsg)
2025-05-28 00:48:33,537 INFO  - Sent message to others cars = 'veh_10 | CartesianPoint{x=140.51,y=678.54,z=0.00}' (at simulation time 68.000,000,000 s)
2025-05-28 00:48:33,561 INFO  - Received event: 68000 (at simulation time IntraVehicleMsg)
2025-05-28 00:48:33,564 INFO  - Sent message to others cars = 'veh_10 | CartesianPoint{x=140.48,y=671.74,z=0.00}' (at simulation time 69.000,000,000 s)
2025-05-28 00:48:33,590 INFO  - Received event: 69000 (at simulation time IntraVehicleMsg)
2025-05-28 00:48:33,593 INFO  - Sent message to others cars = 'veh_10 | CartesianPoint{x=140.47,y=664.27,z=0.00}' (at simulation time 70.000,000,000 s)
2025-05-28 00:48:33,620 INFO  - Received event: 70000 (at simulation time IntraVehicleMsg)
2025-05-28 00:48:33,623 INFO  - Sent message to others cars = 'veh_10 | CartesianPoint{x=140.45,y=656.78,z=0.00}' (at simulation time 71.000,000,000 s)
2025-05-28 00:48:33,651 INFO  - Received event: 71000 (at simulation time IntraVehicleMsg)
2025-05-28 00:48:33,659 INFO  - Sent message to others cars = 'veh_10 | CartesianPoint{x=140.43,y=649.09,z=0.00}' (at simulation time 72.000,000,000 s)
2025-05-28 00:48:33,689 INFO  - Received event: 72000 (at simulation time IntraVehicleMsg)
2025-05-28 00:48:33,692 INFO  - Sent message to others cars = 'veh_10 | CartesianPoint{x=140.41,y=641.67,z=0.00}' (at simulation time 73.000,000,000 s)
2025-05-28 00:48:33,720 INFO  - Received event: 73000 (at simulation time IntraVehicleMsg)
2025-05-28 00:48:33,724 INFO  - Sent message to others cars = 'veh_10 | CartesianPoint{x=140.40,y=634.71,z=0.00}' (at simulation time 74.000,000,000 s)
2025-05-28 00:48:33,754 INFO  - Received event: 74000 (at simulation time IntraVehicleMsg)
2025-05-28 00:48:33,758 INFO  - Sent message to others cars = 'veh_10 | CartesianPoint{x=140.38,y=626.92,z=0.00}' (at simulation time 75.000,000,000 s)
2025-05-28 00:48:33,789 INFO  - Received event: 75000 (at simulation time IntraVehicleMsg)
2025-05-28 00:48:33,792 INFO  - Sent message to others cars = 'veh_10 | CartesianPoint{x=140.36,y=619.51,z=0.00}' (at simulation time 76.000,000,000 s)
2025-05-28 00:48:33,824 INFO  - Received event: 76000 (at simulation time IntraVehicleMsg)
2025-05-28 00:48:33,828 INFO  - Sent message to others cars = 'veh_10 | CartesianPoint{x=140.35,y=612.83,z=0.00}' (at simulation time 77.000,000,000 s)
2025-05-28 00:48:33,864 INFO  - Received event: 77000 (at simulation time IntraVehicleMsg)
2025-05-28 00:48:33,883 INFO  - Sent message to others cars = 'veh_10 | CartesianPoint{x=140.33,y=605.61,z=0.00}' (at simulation time 78.000,000,000 s)
2025-05-28 00:48:33,918 INFO  - Received event: 78000 (at simulation time IntraVehicleMsg)
2025-05-28 00:48:33,921 INFO  - Sent message to others cars = 'veh_10 | CartesianPoint{x=140.29,y=598.07,z=0.00}' (at simulation time 79.000,000,000 s)
2025-05-28 00:48:33,955 INFO  - Received event: 79000 (at simulation time IntraVehicleMsg)
2025-05-28 00:48:33,959 INFO  - Sent message to others cars = 'veh_10 | CartesianPoint{x=140.25,y=590.80,z=0.00}' (at simulation time 80.000,000,000 s)
2025-05-28 00:48:33,993 INFO  - Received event: 80000 (at simulation time IntraVehicleMsg)
2025-05-28 00:48:33,996 INFO  - Sent message to others cars = 'veh_10 | CartesianPoint{x=140.21,y=583.40,z=0.00}' (at simulation time 81.000,000,000 s)
2025-05-28 00:48:34,032 INFO  - Received event: 81000 (at simulation time IntraVehicleMsg)
2025-05-28 00:48:34,035 INFO  - Sent message to others cars = 'veh_10 | CartesianPoint{x=140.18,y=576.61,z=0.00}' (at simulation time 82.000,000,000 s)
2025-05-28 00:48:34,074 INFO  - Received event: 82000 (at simulation time IntraVehicleMsg)
2025-05-28 00:48:34,083 INFO  - Sent message to others cars = 'veh_10 | CartesianPoint{x=140.14,y=569.14,z=0.00}' (at simulation time 83.000,000,000 s)
2025-05-28 00:48:34,120 INFO  - Received event: 83000 (at simulation time IntraVehicleMsg)
2025-05-28 00:48:34,123 INFO  - Sent message to others cars = 'veh_10 | CartesianPoint{x=140.10,y=561.57,z=0.00}' (at simulation time 84.000,000,000 s)
2025-05-28 00:48:34,169 INFO  - Received event: 84000 (at simulation time IntraVehicleMsg)
2025-05-28 00:48:34,182 INFO  - Sent message to others cars = 'veh_10 | CartesianPoint{x=143.28,y=558.49,z=0.00}' (at simulation time 85.000,000,000 s)
2025-05-28 00:48:34,220 INFO  - Received event: 85000 (at simulation time IntraVehicleMsg)
2025-05-28 00:48:34,223 INFO  - Sent message to others cars = 'veh_10 | CartesianPoint{x=143.26,y=553.72,z=0.00}' (at simulation time 86.000,000,000 s)
2025-05-28 00:48:34,262 INFO  - Received event: 86000 (at simulation time IntraVehicleMsg)
2025-05-28 00:48:34,267 INFO  - Sent message to others cars = 'veh_10 | CartesianPoint{x=143.25,y=552.36,z=0.00}' (at simulation time 87.000,000,000 s)
2025-05-28 00:48:34,307 INFO  - Received event: 87000 (at simulation time IntraVehicleMsg)
2025-05-28 00:48:34,310 INFO  - Sent message to others cars = 'veh_10 | CartesianPoint{x=143.25,y=551.77,z=0.00}' (at simulation time 88.000,000,000 s)
2025-05-28 00:48:34,351 INFO  - Received event: 88000 (at simulation time IntraVehicleMsg)
2025-05-28 00:48:34,360 INFO  - Sent message to others cars = 'veh_10 | CartesianPoint{x=143.24,y=551.31,z=0.00}' (at simulation time 89.000,000,000 s)
2025-05-28 00:48:34,406 INFO  - Received event: 89000 (at simulation time IntraVehicleMsg)
2025-05-28 00:48:34,410 INFO  - Sent message to others cars = 'veh_10 | CartesianPoint{x=143.24,y=551.21,z=0.00}' (at simulation time 90.000,000,000 s)
2025-05-28 00:48:34,455 INFO  - Received event: 90000 (at simulation time IntraVehicleMsg)
2025-05-28 00:48:34,462 INFO  - Sent message to others cars = 'veh_10 | CartesianPoint{x=143.24,y=551.17,z=0.00}' (at simulation time 91.000,000,000 s)
2025-05-28 00:48:34,523 INFO  - Received event: 91000 (at simulation time IntraVehicleMsg)
2025-05-28 00:48:34,527 INFO  - Sent message to others cars = 'veh_10 | CartesianPoint{x=143.24,y=551.17,z=0.00}' (at simulation time 92.000,000,000 s)
2025-05-28 00:48:34,574 INFO  - Received event: 92000 (at simulation time IntraVehicleMsg)
2025-05-28 00:48:34,583 INFO  - Sent message to others cars = 'veh_10 | CartesianPoint{x=143.24,y=551.17,z=0.00}' (at simulation time 93.000,000,000 s)
2025-05-28 00:48:34,633 INFO  - Received event: 93000 (at simulation time IntraVehicleMsg)
2025-05-28 00:48:34,642 INFO  - Sent message to others cars = 'veh_10 | CartesianPoint{x=143.24,y=551.17,z=0.00}' (at simulation time 94.000,000,000 s)
2025-05-28 00:48:34,689 INFO  - Received event: 94000 (at simulation time IntraVehicleMsg)
2025-05-28 00:48:34,694 INFO  - Sent message to others cars = 'veh_10 | CartesianPoint{x=143.24,y=551.17,z=0.00}' (at simulation time 95.000,000,000 s)
2025-05-28 00:48:34,742 INFO  - Received event: 95000 (at simulation time IntraVehicleMsg)
2025-05-28 00:48:34,745 INFO  - Sent message to others cars = 'veh_10 | CartesianPoint{x=143.24,y=551.17,z=0.00}' (at simulation time 96.000,000,000 s)
2025-05-28 00:48:34,794 INFO  - Received event: 96000 (at simulation time IntraVehicleMsg)
2025-05-28 00:48:34,797 INFO  - Sent message to others cars = 'veh_10 | CartesianPoint{x=143.24,y=551.17,z=0.00}' (at simulation time 97.000,000,000 s)
2025-05-28 00:48:34,847 INFO  - Received event: 97000 (at simulation time IntraVehicleMsg)
2025-05-28 00:48:34,853 INFO  - Sent message to others cars = 'veh_10 | CartesianPoint{x=143.24,y=551.17,z=0.00}' (at simulation time 98.000,000,000 s)
2025-05-28 00:48:34,903 INFO  - Received event: 98000 (at simulation time IntraVehicleMsg)
2025-05-28 00:48:34,911 INFO  - Sent message to others cars = 'veh_10 | CartesianPoint{x=143.24,y=551.17,z=0.00}' (at simulation time 99.000,000,000 s)
2025-05-28 00:48:34,966 INFO  - Received event: 99000 (at simulation time IntraVehicleMsg)
2025-05-28 00:48:34,983 INFO  - Sent message to others cars = 'veh_10 | CartesianPoint{x=143.24,y=551.17,z=0.00}' (at simulation time 100.000,000,000 s)
2025-05-28 00:48:35,037 INFO  - Received event: 100000 (at simulation time IntraVehicleMsg)
2025-05-28 00:48:35,042 INFO  - Sent message to others cars = 'veh_10 | CartesianPoint{x=143.24,y=551.17,z=0.00}' (at simulation time 101.000,000,000 s)
2025-05-28 00:48:35,102 INFO  - Received event: 101000 (at simulation time IntraVehicleMsg)
2025-05-28 00:48:35,106 INFO  - Sent message to others cars = 'veh_10 | CartesianPoint{x=143.24,y=551.17,z=0.00}' (at simulation time 102.000,000,000 s)
2025-05-28 00:48:35,160 INFO  - Received event: 102000 (at simulation time IntraVehicleMsg)
2025-05-28 00:48:35,164 INFO  - Sent message to others cars = 'veh_10 | CartesianPoint{x=143.24,y=551.17,z=0.00}' (at simulation time 103.000,000,000 s)
2025-05-28 00:48:35,220 INFO  - Received event: 103000 (at simulation time IntraVehicleMsg)
2025-05-28 00:48:35,227 INFO  - Sent message to others cars = 'veh_10 | CartesianPoint{x=143.24,y=551.17,z=0.00}' (at simulation time 104.000,000,000 s)
2025-05-28 00:48:35,283 INFO  - Received event: 104000 (at simulation time IntraVehicleMsg)
2025-05-28 00:48:35,287 INFO  - Sent message to others cars = 'veh_10 | CartesianPoint{x=143.24,y=551.17,z=0.00}' (at simulation time 105.000,000,000 s)
2025-05-28 00:48:35,346 INFO  - Received event: 105000 (at simulation time IntraVehicleMsg)
2025-05-28 00:48:35,349 INFO  - Sent message to others cars = 'veh_10 | CartesianPoint{x=143.24,y=551.17,z=0.00}' (at simulation time 106.000,000,000 s)
2025-05-28 00:48:35,409 INFO  - Received event: 106000 (at simulation time IntraVehicleMsg)
2025-05-28 00:48:35,431 INFO  - Sent message to others cars = 'veh_10 | CartesianPoint{x=143.24,y=551.17,z=0.00}' (at simulation time 107.000,000,000 s)
2025-05-28 00:48:35,495 INFO  - Received event: 107000 (at simulation time IntraVehicleMsg)
2025-05-28 00:48:35,510 INFO  - Sent message to others cars = 'veh_10 | CartesianPoint{x=143.24,y=551.17,z=0.00}' (at simulation time 108.000,000,000 s)
2025-05-28 00:48:35,575 INFO  - Received event: 108000 (at simulation time IntraVehicleMsg)
2025-05-28 00:48:35,585 INFO  - Sent message to others cars = 'veh_10 | CartesianPoint{x=143.24,y=551.17,z=0.00}' (at simulation time 109.000,000,000 s)
2025-05-28 00:48:35,644 INFO  - Received event: 109000 (at simulation time IntraVehicleMsg)
2025-05-28 00:48:35,648 INFO  - Sent message to others cars = 'veh_10 | CartesianPoint{x=143.24,y=551.17,z=0.00}' (at simulation time 110.000,000,000 s)
2025-05-28 00:48:35,706 INFO  - Received event: 110000 (at simulation time IntraVehicleMsg)
2025-05-28 00:48:35,709 INFO  - Sent message to others cars = 'veh_10 | CartesianPoint{x=143.24,y=551.17,z=0.00}' (at simulation time 111.000,000,000 s)
2025-05-28 00:48:35,780 INFO  - Received event: 111000 (at simulation time IntraVehicleMsg)
2025-05-28 00:48:35,784 INFO  - Sent message to others cars = 'veh_10 | CartesianPoint{x=143.24,y=551.17,z=0.00}' (at simulation time 112.000,000,000 s)
2025-05-28 00:48:35,849 INFO  - Received event: 112000 (at simulation time IntraVehicleMsg)
2025-05-28 00:48:35,852 INFO  - Sent message to others cars = 'veh_10 | CartesianPoint{x=143.24,y=551.17,z=0.00}' (at simulation time 113.000,000,000 s)
2025-05-28 00:48:35,918 INFO  - Received event: 113000 (at simulation time IntraVehicleMsg)
2025-05-28 00:48:35,922 INFO  - Sent message to others cars = 'veh_10 | CartesianPoint{x=143.24,y=551.17,z=0.00}' (at simulation time 114.000,000,000 s)
2025-05-28 00:48:35,992 INFO  - Received event: 114000 (at simulation time IntraVehicleMsg)
2025-05-28 00:48:35,998 INFO  - Sent message to others cars = 'veh_10 | CartesianPoint{x=143.24,y=551.17,z=0.00}' (at simulation time 115.000,000,000 s)
2025-05-28 00:48:36,067 INFO  - Received event: 115000 (at simulation time IntraVehicleMsg)
2025-05-28 00:48:36,084 INFO  - Sent message to others cars = 'veh_10 | CartesianPoint{x=143.24,y=551.17,z=0.00}' (at simulation time 116.000,000,000 s)
2025-05-28 00:48:36,159 INFO  - Received event: 116000 (at simulation time IntraVehicleMsg)
2025-05-28 00:48:36,173 INFO  - Sent message to others cars = 'veh_10 | CartesianPoint{x=143.24,y=551.17,z=0.00}' (at simulation time 117.000,000,000 s)
2025-05-28 00:48:36,243 INFO  - Received event: 117000 (at simulation time IntraVehicleMsg)
2025-05-28 00:48:36,246 INFO  - Sent message to others cars = 'veh_10 | CartesianPoint{x=143.24,y=551.17,z=0.00}' (at simulation time 118.000,000,000 s)
2025-05-28 00:48:36,317 INFO  - Received event: 118000 (at simulation time IntraVehicleMsg)
2025-05-28 00:48:36,321 INFO  - Sent message to others cars = 'veh_10 | CartesianPoint{x=143.24,y=551.17,z=0.00}' (at simulation time 119.000,000,000 s)
2025-05-28 00:48:36,395 INFO  - Received event: 119000 (at simulation time IntraVehicleMsg)
2025-05-28 00:48:36,406 INFO  - Sent message to others cars = 'veh_10 | CartesianPoint{x=143.24,y=551.17,z=0.00}' (at simulation time 120.000,000,000 s)
2025-05-28 00:48:36,476 INFO  - Received event: 120000 (at simulation time IntraVehicleMsg)
2025-05-28 00:48:36,481 INFO  - Sent message to others cars = 'veh_10 | CartesianPoint{x=143.24,y=551.17,z=0.00}' (at simulation time 121.000,000,000 s)
2025-05-28 00:48:36,551 INFO  - Received event: 121000 (at simulation time IntraVehicleMsg)
2025-05-28 00:48:36,555 INFO  - Sent message to others cars = 'veh_10 | CartesianPoint{x=143.24,y=551.17,z=0.00}' (at simulation time 122.000,000,000 s)
2025-05-28 00:48:36,618 INFO  - Received event: 122000 (at simulation time IntraVehicleMsg)
2025-05-28 00:48:36,624 INFO  - Sent message to others cars = 'veh_10 | CartesianPoint{x=143.24,y=550.14,z=0.00}' (at simulation time 123.000,000,000 s)
2025-05-28 00:48:36,686 INFO  - Received event: 123000 (at simulation time IntraVehicleMsg)
2025-05-28 00:48:36,695 INFO  - Sent message to others cars = 'veh_10 | CartesianPoint{x=143.22,y=547.63,z=0.00}' (at simulation time 124.000,000,000 s)
2025-05-28 00:48:36,751 INFO  - Received event: 124000 (at simulation time IntraVehicleMsg)
2025-05-28 00:48:36,764 INFO  - Sent message to others cars = 'veh_10 | CartesianPoint{x=143.20,y=542.97,z=0.00}' (at simulation time 125.000,000,000 s)
2025-05-28 00:48:36,824 INFO  - Received event: 125000 (at simulation time IntraVehicleMsg)
2025-05-28 00:48:36,835 INFO  - Sent message to others cars = 'veh_10 | CartesianPoint{x=143.17,y=537.14,z=0.00}' (at simulation time 126.000,000,000 s)
2025-05-28 00:48:36,886 INFO  - Received event: 126000 (at simulation time IntraVehicleMsg)
2025-05-28 00:48:36,890 INFO  - Sent message to others cars = 'veh_10 | CartesianPoint{x=143.11,y=529.69,z=0.00}' (at simulation time 127.000,000,000 s)
2025-05-28 00:48:36,941 INFO  - Received event: 127000 (at simulation time IntraVehicleMsg)
2025-05-28 00:48:36,944 INFO  - Sent message to others cars = 'veh_10 | CartesianPoint{x=143.05,y=522.46,z=0.00}' (at simulation time 128.000,000,000 s)
2025-05-28 00:48:36,992 INFO  - Received event: 128000 (at simulation time IntraVehicleMsg)
2025-05-28 00:48:36,995 INFO  - Sent message to others cars = 'veh_10 | CartesianPoint{x=142.97,y=514.90,z=0.00}' (at simulation time 129.000,000,000 s)
2025-05-28 00:48:37,043 INFO  - Received event: 129000 (at simulation time IntraVehicleMsg)
2025-05-28 00:48:37,051 INFO  - Sent message to others cars = 'veh_10 | CartesianPoint{x=142.91,y=508.18,z=0.00}' (at simulation time 130.000,000,000 s)
2025-05-28 00:48:37,100 INFO  - Received event: 130000 (at simulation time IntraVehicleMsg)
2025-05-28 00:48:37,104 INFO  - Sent message to others cars = 'veh_10 | CartesianPoint{x=142.85,y=501.55,z=0.00}' (at simulation time 131.000,000,000 s)
2025-05-28 00:48:37,154 INFO  - Received event: 131000 (at simulation time IntraVehicleMsg)
2025-05-28 00:48:37,157 INFO  - Sent message to others cars = 'veh_10 | CartesianPoint{x=142.78,y=494.98,z=0.00}' (at simulation time 132.000,000,000 s)
2025-05-28 00:48:37,209 INFO  - Received event: 132000 (at simulation time IntraVehicleMsg)
2025-05-28 00:48:37,211 INFO  - Sent message to others cars = 'veh_10 | CartesianPoint{x=142.72,y=487.99,z=0.00}' (at simulation time 133.000,000,000 s)
2025-05-28 00:48:37,266 INFO  - Received event: 133000 (at simulation time IntraVehicleMsg)
2025-05-28 00:48:37,269 INFO  - Sent message to others cars = 'veh_10 | CartesianPoint{x=142.65,y=481.32,z=0.00}' (at simulation time 134.000,000,000 s)
2025-05-28 00:48:37,323 INFO  - Received event: 134000 (at simulation time IntraVehicleMsg)
2025-05-28 00:48:37,329 INFO  - Sent message to others cars = 'veh_10 | CartesianPoint{x=142.59,y=474.60,z=0.00}' (at simulation time 135.000,000,000 s)
2025-05-28 00:48:37,383 INFO  - Received event: 135000 (at simulation time IntraVehicleMsg)
2025-05-28 00:48:37,389 INFO  - Sent message to others cars = 'veh_10 | CartesianPoint{x=142.53,y=468.00,z=0.00}' (at simulation time 136.000,000,000 s)
2025-05-28 00:48:37,444 INFO  - Received event: 136000 (at simulation time IntraVehicleMsg)
2025-05-28 00:48:37,447 INFO  - Sent message to others cars = 'veh_10 | CartesianPoint{x=142.45,y=460.49,z=0.00}' (at simulation time 137.000,000,000 s)
2025-05-28 00:48:37,502 INFO  - Received event: 137000 (at simulation time IntraVehicleMsg)
2025-05-28 00:48:37,505 INFO  - Sent message to others cars = 'veh_10 | CartesianPoint{x=142.39,y=453.35,z=0.00}' (at simulation time 138.000,000,000 s)
2025-05-28 00:48:37,561 INFO  - Received event: 138000 (at simulation time IntraVehicleMsg)
2025-05-28 00:48:37,564 INFO  - Sent message to others cars = 'veh_10 | CartesianPoint{x=142.39,y=446.57,z=0.00}' (at simulation time 139.000,000,000 s)
2025-05-28 00:48:37,619 INFO  - Received event: 139000 (at simulation time IntraVehicleMsg)
2025-05-28 00:48:37,628 INFO  - Sent message to others cars = 'veh_10 | CartesianPoint{x=142.37,y=439.14,z=0.00}' (at simulation time 140.000,000,000 s)
2025-05-28 00:48:37,687 INFO  - Received event: 140000 (at simulation time IntraVehicleMsg)
2025-05-28 00:48:37,690 INFO  - Sent message to others cars = 'veh_10 | CartesianPoint{x=142.36,y=432.17,z=0.00}' (at simulation time 141.000,000,000 s)
2025-05-28 00:48:37,749 INFO  - Received event: 141000 (at simulation time IntraVehicleMsg)
2025-05-28 00:48:37,752 INFO  - Sent message to others cars = 'veh_10 | CartesianPoint{x=142.34,y=425.33,z=0.00}' (at simulation time 142.000,000,000 s)
2025-05-28 00:48:37,813 INFO  - Received event: 142000 (at simulation time IntraVehicleMsg)
2025-05-28 00:48:37,816 INFO  - Sent message to others cars = 'veh_10 | CartesianPoint{x=142.33,y=418.41,z=0.00}' (at simulation time 143.000,000,000 s)
2025-05-28 00:48:37,879 INFO  - Received event: 143000 (at simulation time IntraVehicleMsg)
2025-05-28 00:48:37,882 INFO  - Sent message to others cars = 'veh_10 | CartesianPoint{x=142.31,y=411.68,z=0.00}' (at simulation time 144.000,000,000 s)
2025-05-28 00:48:37,945 INFO  - Received event: 144000 (at simulation time IntraVehicleMsg)
2025-05-28 00:48:37,948 INFO  - Sent message to others cars = 'veh_10 | CartesianPoint{x=142.30,y=404.74,z=0.00}' (at simulation time 145.000,000,000 s)
2025-05-28 00:48:38,012 INFO  - Received event: 145000 (at simulation time IntraVehicleMsg)
2025-05-28 00:48:38,015 INFO  - Sent message to others cars = 'veh_10 | CartesianPoint{x=142.28,y=397.69,z=0.00}' (at simulation time 146.000,000,000 s)
2025-05-28 00:48:38,081 INFO  - Received event: 146000 (at simulation time IntraVehicleMsg)
2025-05-28 00:48:38,084 INFO  - Sent message to others cars = 'veh_10 | CartesianPoint{x=142.27,y=391.11,z=0.00}' (at simulation time 147.000,000,000 s)
2025-05-28 00:48:38,152 INFO  - Received event: 147000 (at simulation time IntraVehicleMsg)
2025-05-28 00:48:38,158 INFO  - Sent message to others cars = 'veh_10 | CartesianPoint{x=142.26,y=384.19,z=0.00}' (at simulation time 148.000,000,000 s)
2025-05-28 00:48:38,227 INFO  - Received event: 148000 (at simulation time IntraVehicleMsg)
2025-05-28 00:48:38,238 INFO  - Sent message to others cars = 'veh_10 | CartesianPoint{x=142.24,y=376.73,z=0.00}' (at simulation time 149.000,000,000 s)
2025-05-28 00:48:38,308 INFO  - Received event: 149000 (at simulation time IntraVehicleMsg)
2025-05-28 00:48:38,316 INFO  - Sent message to others cars = 'veh_10 | CartesianPoint{x=142.23,y=369.45,z=0.00}' (at simulation time 150.000,000,000 s)
2025-05-28 00:48:38,384 INFO  - Received event: 150000 (at simulation time IntraVehicleMsg)
2025-05-28 00:48:38,387 INFO  - Sent message to others cars = 'veh_10 | CartesianPoint{x=142.21,y=362.45,z=0.00}' (at simulation time 151.000,000,000 s)
2025-05-28 00:48:38,457 INFO  - Received event: 151000 (at simulation time IntraVehicleMsg)
2025-05-28 00:48:38,461 INFO  - Sent message to others cars = 'veh_10 | CartesianPoint{x=142.19,y=355.72,z=0.00}' (at simulation time 152.000,000,000 s)
2025-05-28 00:48:38,533 INFO  - Received event: 152000 (at simulation time IntraVehicleMsg)
2025-05-28 00:48:38,536 INFO  - Sent message to others cars = 'veh_10 | CartesianPoint{x=142.13,y=348.53,z=0.00}' (at simulation time 153.000,000,000 s)
2025-05-28 00:48:38,606 INFO  - Received event: 153000 (at simulation time IntraVehicleMsg)
2025-05-28 00:48:38,610 INFO  - Sent message to others cars = 'veh_10 | CartesianPoint{x=142.06,y=340.88,z=0.00}' (at simulation time 154.000,000,000 s)
2025-05-28 00:48:38,683 INFO  - Received event: 154000 (at simulation time IntraVehicleMsg)
2025-05-28 00:48:38,687 INFO  - Sent message to others cars = 'veh_10 | CartesianPoint{x=142.00,y=334.15,z=0.00}' (at simulation time 155.000,000,000 s)
2025-05-28 00:48:38,764 INFO  - Received event: 155000 (at simulation time IntraVehicleMsg)
2025-05-28 00:48:38,776 INFO  - Sent message to others cars = 'veh_10 | CartesianPoint{x=141.94,y=327.13,z=0.00}' (at simulation time 156.000,000,000 s)
2025-05-28 00:48:38,851 INFO  - Received event: 156000 (at simulation time IntraVehicleMsg)
2025-05-28 00:48:38,854 INFO  - Sent message to others cars = 'veh_10 | CartesianPoint{x=141.88,y=319.96,z=0.00}' (at simulation time 157.000,000,000 s)
2025-05-28 00:48:38,931 INFO  - Received event: 157000 (at simulation time IntraVehicleMsg)
2025-05-28 00:48:38,935 INFO  - Sent message to others cars = 'veh_10 | CartesianPoint{x=141.81,y=312.28,z=0.00}' (at simulation time 158.000,000,000 s)
2025-05-28 00:48:39,011 INFO  - Received event: 158000 (at simulation time IntraVehicleMsg)
2025-05-28 00:48:39,014 INFO  - Sent message to others cars = 'veh_10 | CartesianPoint{x=141.75,y=304.95,z=0.00}' (at simulation time 159.000,000,000 s)
2025-05-28 00:48:39,093 INFO  - Received event: 159000 (at simulation time IntraVehicleMsg)
2025-05-28 00:48:39,097 INFO  - Sent message to others cars = 'veh_10 | CartesianPoint{x=141.68,y=297.49,z=0.00}' (at simulation time 160.000,000,000 s)
2025-05-28 00:48:39,177 INFO  - Received event: 160000 (at simulation time IntraVehicleMsg)
2025-05-28 00:48:39,185 INFO  - Sent message to others cars = 'veh_10 | CartesianPoint{x=141.62,y=290.23,z=0.00}' (at simulation time 161.000,000,000 s)
2025-05-28 00:48:39,267 INFO  - Received event: 161000 (at simulation time IntraVehicleMsg)
2025-05-28 00:48:39,271 INFO  - Sent message to others cars = 'veh_10 | CartesianPoint{x=141.56,y=283.55,z=0.00}' (at simulation time 162.000,000,000 s)
2025-05-28 00:48:39,355 INFO  - Received event: 162000 (at simulation time IntraVehicleMsg)
2025-05-28 00:48:39,358 INFO  - Sent message to others cars = 'veh_10 | CartesianPoint{x=141.50,y=275.85,z=0.00}' (at simulation time 163.000,000,000 s)
2025-05-28 00:48:39,444 INFO  - Received event: 163000 (at simulation time IntraVehicleMsg)
2025-05-28 00:48:39,455 INFO  - Sent message to others cars = 'veh_10 | CartesianPoint{x=141.44,y=269.26,z=0.00}' (at simulation time 164.000,000,000 s)
2025-05-28 00:48:39,540 INFO  - Received event: 164000 (at simulation time IntraVehicleMsg)
2025-05-28 00:48:39,543 INFO  - Sent message to others cars = 'veh_10 | CartesianPoint{x=141.38,y=262.19,z=0.00}' (at simulation time 165.000,000,000 s)
2025-05-28 00:48:39,629 INFO  - Received event: 165000 (at simulation time IntraVehicleMsg)
2025-05-28 00:48:39,632 INFO  - Sent message to others cars = 'veh_10 | CartesianPoint{x=141.32,y=255.03,z=0.00}' (at simulation time 166.000,000,000 s)
2025-05-28 00:48:39,717 INFO  - Received event: 166000 (at simulation time IntraVehicleMsg)
2025-05-28 00:48:39,720 INFO  - Sent message to others cars = 'veh_10 | CartesianPoint{x=141.26,y=247.74,z=0.00}' (at simulation time 167.000,000,000 s)
2025-05-28 00:48:39,810 INFO  - Received event: 167000 (at simulation time IntraVehicleMsg)
2025-05-28 00:48:39,813 INFO  - Sent message to others cars = 'veh_10 | CartesianPoint{x=141.19,y=239.90,z=0.00}' (at simulation time 168.000,000,000 s)
2025-05-28 00:48:39,902 INFO  - Received event: 168000 (at simulation time IntraVehicleMsg)
2025-05-28 00:48:39,906 INFO  - Sent message to others cars = 'veh_10 | CartesianPoint{x=141.13,y=232.91,z=0.00}' (at simulation time 169.000,000,000 s)
2025-05-28 00:48:39,997 INFO  - Received event: 169000 (at simulation time IntraVehicleMsg)
2025-05-28 00:48:40,001 INFO  - Sent message to others cars = 'veh_10 | CartesianPoint{x=141.07,y=225.61,z=0.00}' (at simulation time 170.000,000,000 s)
2025-05-28 00:48:40,093 INFO  - Received event: 170000 (at simulation time IntraVehicleMsg)
2025-05-28 00:48:40,101 INFO  - Sent message to others cars = 'veh_10 | CartesianPoint{x=141.01,y=218.02,z=0.00}' (at simulation time 171.000,000,000 s)
2025-05-28 00:48:40,197 INFO  - Received event: 171000 (at simulation time IntraVehicleMsg)
2025-05-28 00:48:40,200 INFO  - Sent message to others cars = 'veh_10 | CartesianPoint{x=140.95,y=210.48,z=0.00}' (at simulation time 172.000,000,000 s)
2025-05-28 00:48:40,295 INFO  - Received event: 172000 (at simulation time IntraVehicleMsg)
2025-05-28 00:48:40,299 INFO  - Sent message to others cars = 'veh_10 | CartesianPoint{x=140.89,y=203.31,z=0.00}' (at simulation time 173.000,000,000 s)
2025-05-28 00:48:40,397 INFO  - Received event: 173000 (at simulation time IntraVehicleMsg)
2025-05-28 00:48:40,400 INFO  - Sent message to others cars = 'veh_10 | CartesianPoint{x=140.83,y=195.81,z=0.00}' (at simulation time 174.000,000,000 s)
2025-05-28 00:48:40,492 INFO  - Received event: 174000 (at simulation time IntraVehicleMsg)
2025-05-28 00:48:40,503 INFO  - Sent message to others cars = 'veh_10 | CartesianPoint{x=140.77,y=188.67,z=0.00}' (at simulation time 175.000,000,000 s)
2025-05-28 00:48:40,598 INFO  - Received event: 175000 (at simulation time IntraVehicleMsg)
2025-05-28 00:48:40,601 INFO  - Sent message to others cars = 'veh_10 | CartesianPoint{x=140.71,y=181.12,z=0.00}' (at simulation time 176.000,000,000 s)
2025-05-28 00:48:40,700 INFO  - Received event: 176000 (at simulation time IntraVehicleMsg)
2025-05-28 00:48:40,706 INFO  - Sent message to others cars = 'veh_10 | CartesianPoint{x=140.65,y=174.55,z=0.00}' (at simulation time 177.000,000,000 s)
2025-05-28 00:48:40,809 INFO  - Received event: 177000 (at simulation time IntraVehicleMsg)
2025-05-28 00:48:40,813 INFO  - Sent message to others cars = 'veh_10 | CartesianPoint{x=140.60,y=167.81,z=0.00}' (at simulation time 178.000,000,000 s)
2025-05-28 00:48:40,915 INFO  - Received event: 178000 (at simulation time IntraVehicleMsg)
2025-05-28 00:48:40,918 INFO  - Sent message to others cars = 'veh_10 | CartesianPoint{x=140.54,y=160.61,z=0.00}' (at simulation time 179.000,000,000 s)
2025-05-28 00:48:41,019 INFO  - Received event: 179000 (at simulation time IntraVehicleMsg)
2025-05-28 00:48:41,022 INFO  - Sent message to others cars = 'veh_10 | CartesianPoint{x=140.47,y=152.84,z=0.00}' (at simulation time 180.000,000,000 s)
2025-05-28 00:48:41,122 INFO  - Received event: 180000 (at simulation time IntraVehicleMsg)
2025-05-28 00:48:41,130 INFO  - Sent message to others cars = 'veh_10 | CartesianPoint{x=140.42,y=146.19,z=0.00}' (at simulation time 181.000,000,000 s)
2025-05-28 00:48:41,229 INFO  - Received event: 181000 (at simulation time IntraVehicleMsg)
2025-05-28 00:48:41,232 INFO  - Sent message to others cars = 'veh_10 | CartesianPoint{x=140.36,y=139.44,z=0.00}' (at simulation time 182.000,000,000 s)
2025-05-28 00:48:41,328 INFO  - Received event: 182000 (at simulation time IntraVehicleMsg)
2025-05-28 00:48:41,331 INFO  - Sent message to others cars = 'veh_10 | CartesianPoint{x=140.40,y=132.33,z=0.00}' (at simulation time 183.000,000,000 s)
2025-05-28 00:48:41,428 INFO  - Received event: 183000 (at simulation time IntraVehicleMsg)
2025-05-28 00:48:41,433 INFO  - Sent message to others cars = 'veh_10 | CartesianPoint{x=140.44,y=124.54,z=0.00}' (at simulation time 184.000,000,000 s)
2025-05-28 00:48:41,528 INFO  - Received event: 184000 (at simulation time IntraVehicleMsg)
2025-05-28 00:48:41,534 INFO  - Sent message to others cars = 'veh_10 | CartesianPoint{x=140.48,y=117.48,z=0.00}' (at simulation time 185.000,000,000 s)
2025-05-28 00:48:41,629 INFO  - Received event: 185000 (at simulation time IntraVehicleMsg)
2025-05-28 00:48:41,632 INFO  - Sent message to others cars = 'veh_10 | CartesianPoint{x=140.52,y=109.81,z=0.00}' (at simulation time 186.000,000,000 s)
2025-05-28 00:48:41,728 INFO  - Received event: 186000 (at simulation time IntraVehicleMsg)
2025-05-28 00:48:41,731 INFO  - Sent message to others cars = 'veh_10 | CartesianPoint{x=140.56,y=102.99,z=0.00}' (at simulation time 187.000,000,000 s)
2025-05-28 00:48:41,826 INFO  - Received event: 187000 (at simulation time IntraVehicleMsg)
2025-05-28 00:48:41,829 INFO  - Sent message to others cars = 'veh_10 | CartesianPoint{x=140.60,y=96.04,z=0.00}' (at simulation time 188.000,000,000 s)
2025-05-28 00:48:41,927 INFO  - Received event: 188000 (at simulation time IntraVehicleMsg)
2025-05-28 00:48:41,930 INFO  - Sent message to others cars = 'veh_10 | CartesianPoint{x=140.64,y=88.20,z=0.00}' (at simulation time 189.000,000,000 s)
2025-05-28 00:48:42,026 INFO  - Received event: 189000 (at simulation time IntraVehicleMsg)
2025-05-28 00:48:42,029 INFO  - Sent message to others cars = 'veh_10 | CartesianPoint{x=140.68,y=81.00,z=0.00}' (at simulation time 190.000,000,000 s)
2025-05-28 00:48:42,120 INFO  - Received event: 190000 (at simulation time IntraVehicleMsg)
2025-05-28 00:48:42,127 INFO  - Sent message to others cars = 'veh_10 | CartesianPoint{x=142.16,y=74.40,z=0.00}' (at simulation time 191.000,000,000 s)
2025-05-28 00:48:42,216 INFO  - Received event: 191000 (at simulation time IntraVehicleMsg)
2025-05-28 00:48:42,223 INFO  - Sent message to others cars = 'veh_10 | CartesianPoint{x=146.29,y=67.92,z=0.00}' (at simulation time 192.000,000,000 s)
2025-05-28 00:48:42,315 INFO  - Received event: 192000 (at simulation time IntraVehicleMsg)
2025-05-28 00:48:42,317 INFO  - Sent message to others cars = 'veh_10 | CartesianPoint{x=151.76,y=62.81,z=0.00}' (at simulation time 193.000,000,000 s)
2025-05-28 00:48:42,409 INFO  - Received event: 193000 (at simulation time IntraVehicleMsg)
2025-05-28 00:48:42,411 INFO  - Sent message to others cars = 'veh_10 | CartesianPoint{x=157.13,y=57.53,z=0.00}' (at simulation time 194.000,000,000 s)
2025-05-28 00:48:42,505 INFO  - Received event: 194000 (at simulation time IntraVehicleMsg)
2025-05-28 00:48:42,509 INFO  - Sent message to others cars = 'veh_10 | CartesianPoint{x=161.72,y=52.49,z=0.00}' (at simulation time 195.000,000,000 s)
2025-05-28 00:48:42,600 INFO  - Received event: 195000 (at simulation time IntraVehicleMsg)
2025-05-28 00:48:42,602 INFO  - Sent message to others cars = 'veh_10 | CartesianPoint{x=166.38,y=47.36,z=0.00}' (at simulation time 196.000,000,000 s)
2025-05-28 00:48:42,694 INFO  - Received event: 196000 (at simulation time IntraVehicleMsg)
2025-05-28 00:48:42,697 INFO  - Sent message to others cars = 'veh_10 | CartesianPoint{x=170.96,y=42.33,z=0.00}' (at simulation time 197.000,000,000 s)
2025-05-28 00:48:42,789 INFO  - Received event: 197000 (at simulation time IntraVehicleMsg)
2025-05-28 00:48:42,794 INFO  - Sent message to others cars = 'veh_10 | CartesianPoint{x=175.72,y=37.09,z=0.00}' (at simulation time 198.000,000,000 s)
2025-05-28 00:48:42,897 INFO  - Received event: 198000 (at simulation time IntraVehicleMsg)
2025-05-28 00:48:42,900 INFO  - Sent message to others cars = 'veh_10 | CartesianPoint{x=180.61,y=31.71,z=0.00}' (at simulation time 199.000,000,000 s)
2025-05-28 00:48:42,994 INFO  - Received event: 199000 (at simulation time IntraVehicleMsg)
2025-05-28 00:48:43,001 INFO  - Sent message to others cars = 'veh_10 | CartesianPoint{x=185.57,y=26.26,z=0.00}' (at simulation time 200.000,000,000 s)
2025-05-28 00:48:43,102 INFO  - Received event: 200000 (at simulation time IntraVehicleMsg)
2025-05-28 00:48:43,105 INFO  - Sent message to others cars = 'veh_10 | CartesianPoint{x=190.19,y=21.18,z=0.00}' (at simulation time 201.000,000,000 s)
2025-05-28 00:48:43,197 INFO  - Received event: 201000 (at simulation time IntraVehicleMsg)
2025-05-28 00:48:43,205 INFO  - Sent message to others cars = 'veh_10 | CartesianPoint{x=194.73,y=16.19,z=0.00}' (at simulation time 202.000,000,000 s)
2025-05-28 00:48:43,299 INFO  - Received event: 202000 (at simulation time IntraVehicleMsg)
2025-05-28 00:48:43,302 INFO  - Sent message to others cars = 'veh_10 | CartesianPoint{x=197.99,y=9.57,z=0.00}' (at simulation time 203.000,000,000 s)
2025-05-28 00:48:43,397 INFO  - Received event: 203000 (at simulation time IntraVehicleMsg)
2025-05-28 00:48:43,400 INFO  - Sent message to others cars = 'veh_10 | CartesianPoint{x=199.61,y=2.84,z=0.00}' (at simulation time 204.000,000,000 s)
2025-05-28 00:48:43,495 INFO  - Received event: 204000 (at simulation time IntraVehicleMsg)
2025-05-28 00:48:43,503 INFO  - ------------------------------------------------------------------------------------- (at simulation time 205.000,000,000 s)
2025-05-28 00:48:43,503 INFO  - Shutdown application (at simulation time 205.000,000,000 s)
2025-05-28 00:48:43,503 INFO  - ------------------------------------------------------------------------------------- (at simulation time 205.000,000,000 s)
