2025-05-28 00:33:23,994 INFO  - ------------------------------------------------------------------------------------- (at simulation time 58.000,000,000 s)
2025-05-28 00:33:23,995 INFO  - Initialize veh_11 application (at simulation time 58.000,000,000 s)
2025-05-28 00:33:23,995 INFO  - Activated AdHoc Module (at simulation time 58.000,000,000 s)
2025-05-28 00:33:23,995 INFO  - ------------------------------------------------------------------------------------- (at simulation time 58.000,000,000 s)
2025-05-28 00:33:23,996 INFO  - Sent message to others cars = 'veh_11 | CartesianPoint{x=-0.00,y=532.14,z=0.00}' (at simulation time 58.000,000,000 s)
2025-05-28 00:33:24,017 INFO  - Received event: 58000 (at simulation time IntraVehicleMsg)
2025-05-28 00:33:24,021 INFO  - Sent message to others cars = 'veh_11 | CartesianPoint{x=8.23,y=532.12,z=0.00}' (at simulation time 59.000,000,000 s)
2025-05-28 00:33:24,041 INFO  - Received event: 59000 (at simulation time IntraVehicleMsg)
2025-05-28 00:33:24,045 INFO  - Sent message to others cars = 'veh_11 | CartesianPoint{x=16.83,y=532.09,z=0.00}' (at simulation time 60.000,000,000 s)
2025-05-28 00:33:24,066 INFO  - Received event: 60000 (at simulation time IntraVehicleMsg)
2025-05-28 00:33:24,070 INFO  - Sent message to others cars = 'veh_11 | CartesianPoint{x=24.80,y=532.07,z=0.00}' (at simulation time 61.000,000,000 s)
2025-05-28 00:33:24,092 INFO  - Received event: 61000 (at simulation time IntraVehicleMsg)
2025-05-28 00:33:24,095 INFO  - Sent message to others cars = 'veh_11 | CartesianPoint{x=32.80,y=532.04,z=0.00}' (at simulation time 62.000,000,000 s)
2025-05-28 00:33:24,119 INFO  - Received event: 62000 (at simulation time IntraVehicleMsg)
2025-05-28 00:33:24,125 INFO  - Sent message to others cars = 'veh_11 | CartesianPoint{x=41.09,y=532.06,z=0.00}' (at simulation time 63.000,000,000 s)
2025-05-28 00:33:24,150 INFO  - Received event: 63000 (at simulation time IntraVehicleMsg)
2025-05-28 00:33:24,165 INFO  - Sent message to others cars = 'veh_11 | CartesianPoint{x=50.00,y=532.12,z=0.00}' (at simulation time 64.000,000,000 s)
2025-05-28 00:33:24,189 INFO  - Received event: 64000 (at simulation time IntraVehicleMsg)
2025-05-28 00:33:24,193 INFO  - Sent message to others cars = 'veh_11 | CartesianPoint{x=59.09,y=532.19,z=0.00}' (at simulation time 65.000,000,000 s)
2025-05-28 00:33:24,220 INFO  - Received event: 65000 (at simulation time IntraVehicleMsg)
2025-05-28 00:33:24,224 INFO  - Sent message to others cars = 'veh_11 | CartesianPoint{x=68.24,y=532.22,z=0.00}' (at simulation time 66.000,000,000 s)
2025-05-28 00:33:24,250 INFO  - Received event: 66000 (at simulation time IntraVehicleMsg)
2025-05-28 00:33:24,253 INFO  - Sent message to others cars = 'veh_11 | CartesianPoint{x=76.71,y=532.24,z=0.00}' (at simulation time 67.000,000,000 s)
2025-05-28 00:33:24,278 INFO  - Received event: 67000 (at simulation time IntraVehicleMsg)
2025-05-28 00:33:24,286 INFO  - Sent message to others cars = 'veh_11 | CartesianPoint{x=85.39,y=532.26,z=0.00}' (at simulation time 68.000,000,000 s)
2025-05-28 00:33:24,312 INFO  - Received event: 68000 (at simulation time IntraVehicleMsg)
2025-05-28 00:33:24,315 INFO  - Sent message to others cars = 'veh_11 | CartesianPoint{x=94.41,y=532.16,z=0.00}' (at simulation time 69.000,000,000 s)
2025-05-28 00:33:24,342 INFO  - Received event: 69000 (at simulation time IntraVehicleMsg)
2025-05-28 00:33:24,345 INFO  - Sent message to others cars = 'veh_11 | CartesianPoint{x=102.75,y=532.06,z=0.00}' (at simulation time 70.000,000,000 s)
2025-05-28 00:33:24,373 INFO  - Received event: 70000 (at simulation time IntraVehicleMsg)
2025-05-28 00:33:24,377 INFO  - Sent message to others cars = 'veh_11 | CartesianPoint{x=110.78,y=531.96,z=0.00}' (at simulation time 71.000,000,000 s)
2025-05-28 00:33:24,406 INFO  - Received event: 71000 (at simulation time IntraVehicleMsg)
2025-05-28 00:33:24,414 INFO  - Sent message to others cars = 'veh_11 | CartesianPoint{x=117.63,y=531.87,z=0.00}' (at simulation time 72.000,000,000 s)
2025-05-28 00:33:24,443 INFO  - Received event: 72000 (at simulation time IntraVehicleMsg)
2025-05-28 00:33:24,446 INFO  - Sent message to others cars = 'veh_11 | CartesianPoint{x=119.98,y=531.84,z=0.00}' (at simulation time 73.000,000,000 s)
2025-05-28 00:33:24,477 INFO  - Received event: 73000 (at simulation time IntraVehicleMsg)
2025-05-28 00:33:24,480 INFO  - Sent message to others cars = 'veh_11 | CartesianPoint{x=120.19,y=531.84,z=0.00}' (at simulation time 74.000,000,000 s)
2025-05-28 00:33:24,511 INFO  - Received event: 74000 (at simulation time IntraVehicleMsg)
2025-05-28 00:33:24,514 INFO  - Sent message to others cars = 'veh_11 | CartesianPoint{x=120.31,y=531.84,z=0.00}' (at simulation time 75.000,000,000 s)
2025-05-28 00:33:24,546 INFO  - Received event: 75000 (at simulation time IntraVehicleMsg)
2025-05-28 00:33:24,549 INFO  - Sent message to others cars = 'veh_11 | CartesianPoint{x=120.33,y=531.84,z=0.00}' (at simulation time 76.000,000,000 s)
2025-05-28 00:33:24,581 INFO  - Received event: 76000 (at simulation time IntraVehicleMsg)
2025-05-28 00:33:24,585 INFO  - Sent message to others cars = 'veh_11 | CartesianPoint{x=120.34,y=531.84,z=0.00}' (at simulation time 77.000,000,000 s)
2025-05-28 00:33:24,622 INFO  - Received event: 77000 (at simulation time IntraVehicleMsg)
2025-05-28 00:33:24,641 INFO  - Sent message to others cars = 'veh_11 | CartesianPoint{x=120.34,y=531.84,z=0.00}' (at simulation time 78.000,000,000 s)
2025-05-28 00:33:24,675 INFO  - Received event: 78000 (at simulation time IntraVehicleMsg)
2025-05-28 00:33:24,678 INFO  - Sent message to others cars = 'veh_11 | CartesianPoint{x=120.34,y=531.84,z=0.00}' (at simulation time 79.000,000,000 s)
2025-05-28 00:33:24,714 INFO  - Received event: 79000 (at simulation time IntraVehicleMsg)
2025-05-28 00:33:24,720 INFO  - Sent message to others cars = 'veh_11 | CartesianPoint{x=120.34,y=531.84,z=0.00}' (at simulation time 80.000,000,000 s)
2025-05-28 00:33:24,757 INFO  - Received event: 80000 (at simulation time IntraVehicleMsg)
2025-05-28 00:33:24,760 INFO  - Sent message to others cars = 'veh_11 | CartesianPoint{x=120.34,y=531.84,z=0.00}' (at simulation time 81.000,000,000 s)
2025-05-28 00:33:24,796 INFO  - Received event: 81000 (at simulation time IntraVehicleMsg)
2025-05-28 00:33:24,799 INFO  - Sent message to others cars = 'veh_11 | CartesianPoint{x=120.34,y=531.84,z=0.00}' (at simulation time 82.000,000,000 s)
2025-05-28 00:33:24,838 INFO  - Received event: 82000 (at simulation time IntraVehicleMsg)
2025-05-28 00:33:24,849 INFO  - Sent message to others cars = 'veh_11 | CartesianPoint{x=120.34,y=531.84,z=0.00}' (at simulation time 83.000,000,000 s)
2025-05-28 00:33:24,886 INFO  - Received event: 83000 (at simulation time IntraVehicleMsg)
2025-05-28 00:33:24,889 INFO  - Sent message to others cars = 'veh_11 | CartesianPoint{x=120.34,y=531.84,z=0.00}' (at simulation time 84.000,000,000 s)
2025-05-28 00:33:24,934 INFO  - Received event: 84000 (at simulation time IntraVehicleMsg)
2025-05-28 00:33:24,947 INFO  - Sent message to others cars = 'veh_11 | CartesianPoint{x=120.34,y=531.84,z=0.00}' (at simulation time 85.000,000,000 s)
2025-05-28 00:33:24,985 INFO  - Received event: 85000 (at simulation time IntraVehicleMsg)
2025-05-28 00:33:24,988 INFO  - Sent message to others cars = 'veh_11 | CartesianPoint{x=120.34,y=531.84,z=0.00}' (at simulation time 86.000,000,000 s)
2025-05-28 00:33:25,027 INFO  - Received event: 86000 (at simulation time IntraVehicleMsg)
2025-05-28 00:33:25,031 INFO  - Sent message to others cars = 'veh_11 | CartesianPoint{x=120.34,y=531.84,z=0.00}' (at simulation time 87.000,000,000 s)
2025-05-28 00:33:25,070 INFO  - Received event: 87000 (at simulation time IntraVehicleMsg)
2025-05-28 00:33:25,074 INFO  - Sent message to others cars = 'veh_11 | CartesianPoint{x=120.34,y=531.84,z=0.00}' (at simulation time 88.000,000,000 s)
2025-05-28 00:33:25,115 INFO  - Received event: 88000 (at simulation time IntraVehicleMsg)
2025-05-28 00:33:25,126 INFO  - Sent message to others cars = 'veh_11 | CartesianPoint{x=120.34,y=531.84,z=0.00}' (at simulation time 89.000,000,000 s)
2025-05-28 00:33:25,171 INFO  - Received event: 89000 (at simulation time IntraVehicleMsg)
2025-05-28 00:33:25,178 INFO  - Sent message to others cars = 'veh_11 | CartesianPoint{x=120.34,y=531.84,z=0.00}' (at simulation time 90.000,000,000 s)
2025-05-28 00:33:25,226 INFO  - Received event: 90000 (at simulation time IntraVehicleMsg)
2025-05-28 00:33:25,230 INFO  - Sent message to others cars = 'veh_11 | CartesianPoint{x=120.34,y=531.84,z=0.00}' (at simulation time 91.000,000,000 s)
2025-05-28 00:33:25,276 INFO  - Received event: 91000 (at simulation time IntraVehicleMsg)
2025-05-28 00:33:25,280 INFO  - Sent message to others cars = 'veh_11 | CartesianPoint{x=121.52,y=531.82,z=0.00}' (at simulation time 92.000,000,000 s)
2025-05-28 00:33:25,326 INFO  - Received event: 92000 (at simulation time IntraVehicleMsg)
2025-05-28 00:33:25,335 INFO  - Sent message to others cars = 'veh_11 | CartesianPoint{x=124.97,y=531.78,z=0.00}' (at simulation time 93.000,000,000 s)
2025-05-28 00:33:25,384 INFO  - Received event: 93000 (at simulation time IntraVehicleMsg)
2025-05-28 00:33:25,394 INFO  - Sent message to others cars = 'veh_11 | CartesianPoint{x=129.87,y=531.72,z=0.00}' (at simulation time 94.000,000,000 s)
2025-05-28 00:33:25,443 INFO  - Received event: 94000 (at simulation time IntraVehicleMsg)
2025-05-28 00:33:25,447 INFO  - Sent message to others cars = 'veh_11 | CartesianPoint{x=136.54,y=531.64,z=0.00}' (at simulation time 95.000,000,000 s)
2025-05-28 00:33:25,495 INFO  - Received event: 95000 (at simulation time IntraVehicleMsg)
2025-05-28 00:33:25,499 INFO  - Sent message to others cars = 'veh_11 | CartesianPoint{x=145.12,y=531.59,z=0.00}' (at simulation time 96.000,000,000 s)
2025-05-28 00:33:25,548 INFO  - Received event: 96000 (at simulation time IntraVehicleMsg)
2025-05-28 00:33:25,551 INFO  - Sent message to others cars = 'veh_11 | CartesianPoint{x=152.18,y=531.58,z=0.00}' (at simulation time 97.000,000,000 s)
2025-05-28 00:33:25,601 INFO  - Received event: 97000 (at simulation time IntraVehicleMsg)
2025-05-28 00:33:25,604 INFO  - Sent message to others cars = 'veh_11 | CartesianPoint{x=159.86,y=531.64,z=0.00}' (at simulation time 98.000,000,000 s)
2025-05-28 00:33:25,658 INFO  - Received event: 98000 (at simulation time IntraVehicleMsg)
2025-05-28 00:33:25,666 INFO  - Sent message to others cars = 'veh_11 | CartesianPoint{x=168.02,y=531.69,z=0.00}' (at simulation time 99.000,000,000 s)
2025-05-28 00:33:25,722 INFO  - Received event: 99000 (at simulation time IntraVehicleMsg)
2025-05-28 00:33:25,736 INFO  - Sent message to others cars = 'veh_11 | CartesianPoint{x=175.50,y=531.75,z=0.00}' (at simulation time 100.000,000,000 s)
2025-05-28 00:33:25,788 INFO  - Received event: 100000 (at simulation time IntraVehicleMsg)
2025-05-28 00:33:25,791 INFO  - Sent message to others cars = 'veh_11 | CartesianPoint{x=182.39,y=531.79,z=0.00}' (at simulation time 101.000,000,000 s)
2025-05-28 00:33:25,845 INFO  - Received event: 101000 (at simulation time IntraVehicleMsg)
2025-05-28 00:33:25,848 INFO  - Sent message to others cars = 'veh_11 | CartesianPoint{x=191.06,y=531.85,z=0.00}' (at simulation time 102.000,000,000 s)
2025-05-28 00:33:25,905 INFO  - Received event: 102000 (at simulation time IntraVehicleMsg)
2025-05-28 00:33:25,908 INFO  - Sent message to others cars = 'veh_11 | CartesianPoint{x=196.92,y=531.89,z=0.00}' (at simulation time 103.000,000,000 s)
2025-05-28 00:33:25,965 INFO  - Received event: 103000 (at simulation time IntraVehicleMsg)
2025-05-28 00:33:25,970 INFO  - Sent message to others cars = 'veh_11 | CartesianPoint{x=204.68,y=531.95,z=0.00}' (at simulation time 104.000,000,000 s)
2025-05-28 00:33:26,028 INFO  - Received event: 104000 (at simulation time IntraVehicleMsg)
2025-05-28 00:33:26,031 INFO  - Sent message to others cars = 'veh_11 | CartesianPoint{x=212.01,y=532.00,z=0.00}' (at simulation time 105.000,000,000 s)
2025-05-28 00:33:26,092 INFO  - Received event: 105000 (at simulation time IntraVehicleMsg)
2025-05-28 00:33:26,096 INFO  - Sent message to others cars = 'veh_11 | CartesianPoint{x=219.04,y=532.03,z=0.00}' (at simulation time 106.000,000,000 s)
2025-05-28 00:33:26,160 INFO  - Received event: 106000 (at simulation time IntraVehicleMsg)
2025-05-28 00:33:26,178 INFO  - Sent message to others cars = 'veh_11 | CartesianPoint{x=227.72,y=532.04,z=0.00}' (at simulation time 107.000,000,000 s)
2025-05-28 00:33:26,245 INFO  - Received event: 107000 (at simulation time IntraVehicleMsg)
2025-05-28 00:33:26,259 INFO  - Sent message to others cars = 'veh_11 | CartesianPoint{x=236.60,y=532.03,z=0.00}' (at simulation time 108.000,000,000 s)
2025-05-28 00:33:26,318 INFO  - Received event: 108000 (at simulation time IntraVehicleMsg)
2025-05-28 00:33:26,326 INFO  - Sent message to others cars = 'veh_11 | CartesianPoint{x=244.41,y=532.01,z=0.00}' (at simulation time 109.000,000,000 s)
2025-05-28 00:33:26,384 INFO  - Received event: 109000 (at simulation time IntraVehicleMsg)
2025-05-28 00:33:26,387 INFO  - Sent message to others cars = 'veh_11 | CartesianPoint{x=252.59,y=532.00,z=0.00}' (at simulation time 110.000,000,000 s)
2025-05-28 00:33:26,446 INFO  - Received event: 110000 (at simulation time IntraVehicleMsg)
2025-05-28 00:33:26,450 INFO  - Sent message to others cars = 'veh_11 | CartesianPoint{x=259.42,y=531.99,z=0.00}' (at simulation time 111.000,000,000 s)
2025-05-28 00:33:26,516 INFO  - Received event: 111000 (at simulation time IntraVehicleMsg)
2025-05-28 00:33:26,519 INFO  - Sent message to others cars = 'veh_11 | CartesianPoint{x=267.56,y=531.97,z=0.00}' (at simulation time 112.000,000,000 s)
2025-05-28 00:33:26,585 INFO  - Received event: 112000 (at simulation time IntraVehicleMsg)
2025-05-28 00:33:26,589 INFO  - Sent message to others cars = 'veh_11 | CartesianPoint{x=275.81,y=531.96,z=0.00}' (at simulation time 113.000,000,000 s)
2025-05-28 00:33:26,656 INFO  - Received event: 113000 (at simulation time IntraVehicleMsg)
2025-05-28 00:33:26,659 INFO  - Sent message to others cars = 'veh_11 | CartesianPoint{x=283.60,y=531.95,z=0.00}' (at simulation time 114.000,000,000 s)
2025-05-28 00:33:26,729 INFO  - Received event: 114000 (at simulation time IntraVehicleMsg)
2025-05-28 00:33:26,736 INFO  - Sent message to others cars = 'veh_11 | CartesianPoint{x=290.85,y=531.94,z=0.00}' (at simulation time 115.000,000,000 s)
2025-05-28 00:33:26,806 INFO  - Received event: 115000 (at simulation time IntraVehicleMsg)
2025-05-28 00:33:26,824 INFO  - Sent message to others cars = 'veh_11 | CartesianPoint{x=299.33,y=531.93,z=0.00}' (at simulation time 116.000,000,000 s)
2025-05-28 00:33:26,898 INFO  - Received event: 116000 (at simulation time IntraVehicleMsg)
2025-05-28 00:33:26,911 INFO  - Sent message to others cars = 'veh_11 | CartesianPoint{x=307.04,y=531.92,z=0.00}' (at simulation time 117.000,000,000 s)
2025-05-28 00:33:26,983 INFO  - Received event: 117000 (at simulation time IntraVehicleMsg)
2025-05-28 00:33:26,987 INFO  - Sent message to others cars = 'veh_11 | CartesianPoint{x=315.29,y=531.91,z=0.00}' (at simulation time 118.000,000,000 s)
2025-05-28 00:33:27,055 INFO  - Received event: 118000 (at simulation time IntraVehicleMsg)
2025-05-28 00:33:27,059 INFO  - Sent message to others cars = 'veh_11 | CartesianPoint{x=323.22,y=531.90,z=0.00}' (at simulation time 119.000,000,000 s)
2025-05-28 00:33:27,127 INFO  - Received event: 119000 (at simulation time IntraVehicleMsg)
2025-05-28 00:33:27,137 INFO  - Sent message to others cars = 'veh_11 | CartesianPoint{x=331.47,y=531.89,z=0.00}' (at simulation time 120.000,000,000 s)
2025-05-28 00:33:27,209 INFO  - Received event: 120000 (at simulation time IntraVehicleMsg)
2025-05-28 00:33:27,214 INFO  - Sent message to others cars = 'veh_11 | CartesianPoint{x=338.86,y=531.88,z=0.00}' (at simulation time 121.000,000,000 s)
2025-05-28 00:33:27,273 INFO  - Received event: 121000 (at simulation time IntraVehicleMsg)
2025-05-28 00:33:27,277 INFO  - Sent message to others cars = 'veh_11 | CartesianPoint{x=347.71,y=531.87,z=0.00}' (at simulation time 122.000,000,000 s)
2025-05-28 00:33:27,338 INFO  - Received event: 122000 (at simulation time IntraVehicleMsg)
2025-05-28 00:33:27,344 INFO  - ------------------------------------------------------------------------------------- (at simulation time 123.000,000,000 s)
2025-05-28 00:33:27,344 INFO  - Shutdown application (at simulation time 123.000,000,000 s)
2025-05-28 00:33:27,344 INFO  - ------------------------------------------------------------------------------------- (at simulation time 123.000,000,000 s)
