2025-05-28 00:39:45,976 INFO  - ------------------------------------------------------------------------------------- (at simulation time 685.000,000,000 s)
2025-05-28 00:39:45,976 INFO  - Initialize veh_133 application (at simulation time 685.000,000,000 s)
2025-05-28 00:39:45,976 INFO  - Activated AdHoc Module (at simulation time 685.000,000,000 s)
2025-05-28 00:39:45,976 INFO  - ------------------------------------------------------------------------------------- (at simulation time 685.000,000,000 s)
2025-05-28 00:39:45,977 INFO  - Sent message to others cars = 'veh_133 | CartesianPoint{x=-0.00,y=532.14,z=0.00}' (at simulation time 685.000,000,000 s)
2025-05-28 00:39:46,083 INFO  - Received event: 685000 (at simulation time IntraVehicleMsg)
2025-05-28 00:39:46,087 INFO  - Sent message to others cars = 'veh_133 | CartesianPoint{x=7.17,y=532.12,z=0.00}' (at simulation time 686.000,000,000 s)
2025-05-28 00:39:46,194 INFO  - Received event: 686000 (at simulation time IntraVehicleMsg)
2025-05-28 00:39:46,196 INFO  - Sent message to others cars = 'veh_133 | CartesianPoint{x=14.16,y=532.10,z=0.00}' (at simulation time 687.000,000,000 s)
2025-05-28 00:39:46,305 INFO  - Received event: 687000 (at simulation time IntraVehicleMsg)
2025-05-28 00:39:46,308 INFO  - Sent message to others cars = 'veh_133 | CartesianPoint{x=20.85,y=532.08,z=0.00}' (at simulation time 688.000,000,000 s)
2025-05-28 00:39:46,417 INFO  - Received event: 688000 (at simulation time IntraVehicleMsg)
2025-05-28 00:39:46,420 INFO  - Sent message to others cars = 'veh_133 | CartesianPoint{x=27.44,y=532.06,z=0.00}' (at simulation time 689.000,000,000 s)
2025-05-28 00:39:46,532 INFO  - Received event: 689000 (at simulation time IntraVehicleMsg)
2025-05-28 00:39:46,535 INFO  - Sent message to others cars = 'veh_133 | CartesianPoint{x=35.01,y=532.03,z=0.00}' (at simulation time 690.000,000,000 s)
2025-05-28 00:39:46,648 INFO  - Received event: 690000 (at simulation time IntraVehicleMsg)
2025-05-28 00:39:46,650 INFO  - Sent message to others cars = 'veh_133 | CartesianPoint{x=42.55,y=532.07,z=0.00}' (at simulation time 691.000,000,000 s)
2025-05-28 00:39:46,756 INFO  - Received event: 691000 (at simulation time IntraVehicleMsg)
2025-05-28 00:39:46,759 INFO  - Sent message to others cars = 'veh_133 | CartesianPoint{x=49.93,y=528.92,z=0.00}' (at simulation time 692.000,000,000 s)
2025-05-28 00:39:46,854 INFO  - Received event: 692000 (at simulation time IntraVehicleMsg)
2025-05-28 00:39:46,856 INFO  - Sent message to others cars = 'veh_133 | CartesianPoint{x=57.21,y=528.97,z=0.00}' (at simulation time 693.000,000,000 s)
2025-05-28 00:39:46,956 INFO  - Received event: 693000 (at simulation time IntraVehicleMsg)
2025-05-28 00:39:46,965 INFO  - Sent message to others cars = 'veh_133 | CartesianPoint{x=64.01,y=529.01,z=0.00}' (at simulation time 694.000,000,000 s)
2025-05-28 00:39:47,052 INFO  - Received event: 694000 (at simulation time IntraVehicleMsg)
2025-05-28 00:39:47,055 INFO  - Sent message to others cars = 'veh_133 | CartesianPoint{x=70.91,y=529.02,z=0.00}' (at simulation time 695.000,000,000 s)
2025-05-28 00:39:47,146 INFO  - Received event: 695000 (at simulation time IntraVehicleMsg)
2025-05-28 00:39:47,152 INFO  - Sent message to others cars = 'veh_133 | CartesianPoint{x=78.69,y=529.04,z=0.00}' (at simulation time 696.000,000,000 s)
2025-05-28 00:39:47,236 INFO  - Received event: 696000 (at simulation time IntraVehicleMsg)
2025-05-28 00:39:47,238 INFO  - Sent message to others cars = 'veh_133 | CartesianPoint{x=85.90,y=529.06,z=0.00}' (at simulation time 697.000,000,000 s)
2025-05-28 00:39:47,316 INFO  - Received event: 697000 (at simulation time IntraVehicleMsg)
2025-05-28 00:39:47,318 INFO  - Sent message to others cars = 'veh_133 | CartesianPoint{x=93.22,y=528.98,z=0.00}' (at simulation time 698.000,000,000 s)
2025-05-28 00:39:47,392 INFO  - Received event: 698000 (at simulation time IntraVehicleMsg)
2025-05-28 00:39:47,394 INFO  - Sent message to others cars = 'veh_133 | CartesianPoint{x=100.65,y=528.88,z=0.00}' (at simulation time 699.000,000,000 s)
2025-05-28 00:39:47,460 INFO  - Received event: 699000 (at simulation time IntraVehicleMsg)
2025-05-28 00:39:47,466 INFO  - Sent message to others cars = 'veh_133 | CartesianPoint{x=107.77,y=528.80,z=0.00}' (at simulation time 700.000,000,000 s)
2025-05-28 00:39:47,532 INFO  - Received event: 700000 (at simulation time IntraVehicleMsg)
2025-05-28 00:39:47,535 INFO  - Sent message to others cars = 'veh_133 | CartesianPoint{x=115.15,y=528.70,z=0.00}' (at simulation time 701.000,000,000 s)
2025-05-28 00:39:47,603 INFO  - Received event: 701000 (at simulation time IntraVehicleMsg)
2025-05-28 00:39:47,605 INFO  - Sent message to others cars = 'veh_133 | CartesianPoint{x=122.48,y=531.81,z=0.00}' (at simulation time 702.000,000,000 s)
2025-05-28 00:39:47,673 INFO  - Received event: 702000 (at simulation time IntraVehicleMsg)
2025-05-28 00:39:47,678 INFO  - Sent message to others cars = 'veh_133 | CartesianPoint{x=129.96,y=531.72,z=0.00}' (at simulation time 703.000,000,000 s)
2025-05-28 00:39:47,734 INFO  - Received event: 703000 (at simulation time IntraVehicleMsg)
2025-05-28 00:39:47,736 INFO  - Sent message to others cars = 'veh_133 | CartesianPoint{x=132.95,y=531.68,z=0.00}' (at simulation time 704.000,000,000 s)
2025-05-28 00:39:47,795 INFO  - Received event: 704000 (at simulation time IntraVehicleMsg)
2025-05-28 00:39:47,797 INFO  - Sent message to others cars = 'veh_133 | CartesianPoint{x=133.23,y=531.67,z=0.00}' (at simulation time 705.000,000,000 s)
2025-05-28 00:39:47,852 INFO  - Received event: 705000 (at simulation time IntraVehicleMsg)
2025-05-28 00:39:47,853 INFO  - Sent message to others cars = 'veh_133 | CartesianPoint{x=133.32,y=531.67,z=0.00}' (at simulation time 706.000,000,000 s)
2025-05-28 00:39:47,909 INFO  - Received event: 706000 (at simulation time IntraVehicleMsg)
2025-05-28 00:39:47,911 INFO  - Sent message to others cars = 'veh_133 | CartesianPoint{x=133.34,y=531.67,z=0.00}' (at simulation time 707.000,000,000 s)
2025-05-28 00:39:47,967 INFO  - Received event: 707000 (at simulation time IntraVehicleMsg)
2025-05-28 00:39:47,969 INFO  - Sent message to others cars = 'veh_133 | CartesianPoint{x=133.34,y=531.67,z=0.00}' (at simulation time 708.000,000,000 s)
2025-05-28 00:39:48,025 INFO  - Received event: 708000 (at simulation time IntraVehicleMsg)
2025-05-28 00:39:48,027 INFO  - Sent message to others cars = 'veh_133 | CartesianPoint{x=133.34,y=531.67,z=0.00}' (at simulation time 709.000,000,000 s)
2025-05-28 00:39:48,082 INFO  - Received event: 709000 (at simulation time IntraVehicleMsg)
2025-05-28 00:39:48,084 INFO  - Sent message to others cars = 'veh_133 | CartesianPoint{x=133.34,y=531.67,z=0.00}' (at simulation time 710.000,000,000 s)
2025-05-28 00:39:48,141 INFO  - Received event: 710000 (at simulation time IntraVehicleMsg)
2025-05-28 00:39:48,142 INFO  - Sent message to others cars = 'veh_133 | CartesianPoint{x=133.34,y=531.67,z=0.00}' (at simulation time 711.000,000,000 s)
2025-05-28 00:39:48,194 INFO  - Received event: 711000 (at simulation time IntraVehicleMsg)
2025-05-28 00:39:48,196 INFO  - Sent message to others cars = 'veh_133 | CartesianPoint{x=133.34,y=531.67,z=0.00}' (at simulation time 712.000,000,000 s)
2025-05-28 00:39:48,251 INFO  - Received event: 712000 (at simulation time IntraVehicleMsg)
2025-05-28 00:39:48,252 INFO  - Sent message to others cars = 'veh_133 | CartesianPoint{x=133.34,y=531.67,z=0.00}' (at simulation time 713.000,000,000 s)
2025-05-28 00:39:48,306 INFO  - Received event: 713000 (at simulation time IntraVehicleMsg)
2025-05-28 00:39:48,310 INFO  - Sent message to others cars = 'veh_133 | CartesianPoint{x=133.34,y=531.67,z=0.00}' (at simulation time 714.000,000,000 s)
2025-05-28 00:39:48,364 INFO  - Received event: 714000 (at simulation time IntraVehicleMsg)
2025-05-28 00:39:48,366 INFO  - Sent message to others cars = 'veh_133 | CartesianPoint{x=133.34,y=531.67,z=0.00}' (at simulation time 715.000,000,000 s)
2025-05-28 00:39:48,421 INFO  - Received event: 715000 (at simulation time IntraVehicleMsg)
2025-05-28 00:39:48,423 INFO  - Sent message to others cars = 'veh_133 | CartesianPoint{x=133.34,y=531.67,z=0.00}' (at simulation time 716.000,000,000 s)
2025-05-28 00:39:48,480 INFO  - Received event: 716000 (at simulation time IntraVehicleMsg)
2025-05-28 00:39:48,481 INFO  - Sent message to others cars = 'veh_133 | CartesianPoint{x=133.34,y=531.67,z=0.00}' (at simulation time 717.000,000,000 s)
2025-05-28 00:39:48,538 INFO  - Received event: 717000 (at simulation time IntraVehicleMsg)
2025-05-28 00:39:48,540 INFO  - Sent message to others cars = 'veh_133 | CartesianPoint{x=133.34,y=531.67,z=0.00}' (at simulation time 718.000,000,000 s)
2025-05-28 00:39:48,597 INFO  - Received event: 718000 (at simulation time IntraVehicleMsg)
2025-05-28 00:39:48,603 INFO  - Sent message to others cars = 'veh_133 | CartesianPoint{x=133.34,y=531.67,z=0.00}' (at simulation time 719.000,000,000 s)
2025-05-28 00:39:48,661 INFO  - Received event: 719000 (at simulation time IntraVehicleMsg)
2025-05-28 00:39:48,663 INFO  - Sent message to others cars = 'veh_133 | CartesianPoint{x=133.34,y=531.67,z=0.00}' (at simulation time 720.000,000,000 s)
2025-05-28 00:39:48,720 INFO  - Received event: 720000 (at simulation time IntraVehicleMsg)
2025-05-28 00:39:48,721 INFO  - Sent message to others cars = 'veh_133 | CartesianPoint{x=133.34,y=531.67,z=0.00}' (at simulation time 721.000,000,000 s)
2025-05-28 00:39:48,778 INFO  - Received event: 721000 (at simulation time IntraVehicleMsg)
2025-05-28 00:39:48,780 INFO  - Sent message to others cars = 'veh_133 | CartesianPoint{x=133.34,y=531.67,z=0.00}' (at simulation time 722.000,000,000 s)
2025-05-28 00:39:48,840 INFO  - Received event: 722000 (at simulation time IntraVehicleMsg)
2025-05-28 00:39:48,845 INFO  - Sent message to others cars = 'veh_133 | CartesianPoint{x=133.34,y=531.67,z=0.00}' (at simulation time 723.000,000,000 s)
2025-05-28 00:39:48,905 INFO  - Received event: 723000 (at simulation time IntraVehicleMsg)
2025-05-28 00:39:48,907 INFO  - Sent message to others cars = 'veh_133 | CartesianPoint{x=133.34,y=531.67,z=0.00}' (at simulation time 724.000,000,000 s)
2025-05-28 00:39:48,966 INFO  - Received event: 724000 (at simulation time IntraVehicleMsg)
2025-05-28 00:39:48,969 INFO  - Sent message to others cars = 'veh_133 | CartesianPoint{x=133.34,y=531.67,z=0.00}' (at simulation time 725.000,000,000 s)
2025-05-28 00:39:49,029 INFO  - Received event: 725000 (at simulation time IntraVehicleMsg)
2025-05-28 00:39:49,031 INFO  - Sent message to others cars = 'veh_133 | CartesianPoint{x=133.34,y=531.67,z=0.00}' (at simulation time 726.000,000,000 s)
2025-05-28 00:39:49,093 INFO  - Received event: 726000 (at simulation time IntraVehicleMsg)
2025-05-28 00:39:49,095 INFO  - Sent message to others cars = 'veh_133 | CartesianPoint{x=133.34,y=531.67,z=0.00}' (at simulation time 727.000,000,000 s)
2025-05-28 00:39:49,149 INFO  - Received event: 727000 (at simulation time IntraVehicleMsg)
2025-05-28 00:39:49,150 INFO  - Sent message to others cars = 'veh_133 | CartesianPoint{x=133.34,y=531.67,z=0.00}' (at simulation time 728.000,000,000 s)
2025-05-28 00:39:49,205 INFO  - Received event: 728000 (at simulation time IntraVehicleMsg)
2025-05-28 00:39:49,207 INFO  - Sent message to others cars = 'veh_133 | CartesianPoint{x=133.34,y=531.67,z=0.00}' (at simulation time 729.000,000,000 s)
2025-05-28 00:39:49,256 INFO  - Received event: 729000 (at simulation time IntraVehicleMsg)
2025-05-28 00:39:49,258 INFO  - Sent message to others cars = 'veh_133 | CartesianPoint{x=133.34,y=531.67,z=0.00}' (at simulation time 730.000,000,000 s)
2025-05-28 00:39:49,308 INFO  - Received event: 730000 (at simulation time IntraVehicleMsg)
2025-05-28 00:39:49,310 INFO  - Sent message to others cars = 'veh_133 | CartesianPoint{x=133.34,y=531.67,z=0.00}' (at simulation time 731.000,000,000 s)
2025-05-28 00:39:49,356 INFO  - Received event: 731000 (at simulation time IntraVehicleMsg)
2025-05-28 00:39:49,358 INFO  - Sent message to others cars = 'veh_133 | CartesianPoint{x=133.34,y=531.67,z=0.00}' (at simulation time 732.000,000,000 s)
2025-05-28 00:39:49,403 INFO  - Received event: 732000 (at simulation time IntraVehicleMsg)
2025-05-28 00:39:49,405 INFO  - Sent message to others cars = 'veh_133 | CartesianPoint{x=133.34,y=531.67,z=0.00}' (at simulation time 733.000,000,000 s)
2025-05-28 00:39:49,445 INFO  - Received event: 733000 (at simulation time IntraVehicleMsg)
2025-05-28 00:39:49,446 INFO  - Sent message to others cars = 'veh_133 | CartesianPoint{x=133.34,y=531.67,z=0.00}' (at simulation time 734.000,000,000 s)
2025-05-28 00:39:49,486 INFO  - Received event: 734000 (at simulation time IntraVehicleMsg)
2025-05-28 00:39:49,488 INFO  - Sent message to others cars = 'veh_133 | CartesianPoint{x=133.34,y=531.67,z=0.00}' (at simulation time 735.000,000,000 s)
2025-05-28 00:39:49,529 INFO  - Received event: 735000 (at simulation time IntraVehicleMsg)
2025-05-28 00:39:49,530 INFO  - Sent message to others cars = 'veh_133 | CartesianPoint{x=133.34,y=531.67,z=0.00}' (at simulation time 736.000,000,000 s)
2025-05-28 00:39:49,567 INFO  - Received event: 736000 (at simulation time IntraVehicleMsg)
2025-05-28 00:39:49,568 INFO  - Sent message to others cars = 'veh_133 | CartesianPoint{x=133.34,y=531.67,z=0.00}' (at simulation time 737.000,000,000 s)
2025-05-28 00:39:49,604 INFO  - Received event: 737000 (at simulation time IntraVehicleMsg)
2025-05-28 00:39:49,605 INFO  - Sent message to others cars = 'veh_133 | CartesianPoint{x=133.34,y=531.67,z=0.00}' (at simulation time 738.000,000,000 s)
2025-05-28 00:39:49,641 INFO  - Received event: 738000 (at simulation time IntraVehicleMsg)
2025-05-28 00:39:49,642 INFO  - Sent message to others cars = 'veh_133 | CartesianPoint{x=133.34,y=531.67,z=0.00}' (at simulation time 739.000,000,000 s)
2025-05-28 00:39:49,679 INFO  - Received event: 739000 (at simulation time IntraVehicleMsg)
2025-05-28 00:39:49,680 INFO  - Sent message to others cars = 'veh_133 | CartesianPoint{x=133.34,y=531.67,z=0.00}' (at simulation time 740.000,000,000 s)
2025-05-28 00:39:49,718 INFO  - Received event: 740000 (at simulation time IntraVehicleMsg)
2025-05-28 00:39:49,719 INFO  - Sent message to others cars = 'veh_133 | CartesianPoint{x=133.34,y=531.67,z=0.00}' (at simulation time 741.000,000,000 s)
2025-05-28 00:39:49,757 INFO  - Received event: 741000 (at simulation time IntraVehicleMsg)
2025-05-28 00:39:49,758 INFO  - Sent message to others cars = 'veh_133 | CartesianPoint{x=133.34,y=531.67,z=0.00}' (at simulation time 742.000,000,000 s)
2025-05-28 00:39:49,797 INFO  - Received event: 742000 (at simulation time IntraVehicleMsg)
2025-05-28 00:39:49,798 INFO  - Sent message to others cars = 'veh_133 | CartesianPoint{x=133.34,y=531.67,z=0.00}' (at simulation time 743.000,000,000 s)
2025-05-28 00:39:49,837 INFO  - Received event: 743000 (at simulation time IntraVehicleMsg)
2025-05-28 00:39:49,838 INFO  - Sent message to others cars = 'veh_133 | CartesianPoint{x=133.34,y=531.67,z=0.00}' (at simulation time 744.000,000,000 s)
2025-05-28 00:39:49,870 INFO  - Received event: 744000 (at simulation time IntraVehicleMsg)
2025-05-28 00:39:49,872 INFO  - Sent message to others cars = 'veh_133 | CartesianPoint{x=133.34,y=531.67,z=0.00}' (at simulation time 745.000,000,000 s)
2025-05-28 00:39:49,904 INFO  - Received event: 745000 (at simulation time IntraVehicleMsg)
2025-05-28 00:39:49,905 INFO  - Sent message to others cars = 'veh_133 | CartesianPoint{x=133.34,y=531.67,z=0.00}' (at simulation time 746.000,000,000 s)
2025-05-28 00:39:49,938 INFO  - Received event: 746000 (at simulation time IntraVehicleMsg)
2025-05-28 00:39:49,939 INFO  - Sent message to others cars = 'veh_133 | CartesianPoint{x=133.34,y=531.67,z=0.00}' (at simulation time 747.000,000,000 s)
2025-05-28 00:39:49,974 INFO  - Received event: 747000 (at simulation time IntraVehicleMsg)
2025-05-28 00:39:49,975 INFO  - Sent message to others cars = 'veh_133 | CartesianPoint{x=133.34,y=531.67,z=0.00}' (at simulation time 748.000,000,000 s)
2025-05-28 00:39:50,009 INFO  - Received event: 748000 (at simulation time IntraVehicleMsg)
2025-05-28 00:39:50,010 INFO  - Sent message to others cars = 'veh_133 | CartesianPoint{x=133.34,y=531.67,z=0.00}' (at simulation time 749.000,000,000 s)
2025-05-28 00:39:50,044 INFO  - Received event: 749000 (at simulation time IntraVehicleMsg)
2025-05-28 00:39:50,046 INFO  - Sent message to others cars = 'veh_133 | CartesianPoint{x=133.34,y=531.67,z=0.00}' (at simulation time 750.000,000,000 s)
2025-05-28 00:39:50,091 INFO  - Received event: 750000 (at simulation time IntraVehicleMsg)
2025-05-28 00:39:50,092 INFO  - Sent message to others cars = 'veh_133 | CartesianPoint{x=133.34,y=531.67,z=0.00}' (at simulation time 751.000,000,000 s)
2025-05-28 00:39:50,128 INFO  - Received event: 751000 (at simulation time IntraVehicleMsg)
2025-05-28 00:39:50,129 INFO  - Sent message to others cars = 'veh_133 | CartesianPoint{x=133.34,y=531.67,z=0.00}' (at simulation time 752.000,000,000 s)
2025-05-28 00:39:50,165 INFO  - Received event: 752000 (at simulation time IntraVehicleMsg)
2025-05-28 00:39:50,166 INFO  - Sent message to others cars = 'veh_133 | CartesianPoint{x=133.34,y=531.67,z=0.00}' (at simulation time 753.000,000,000 s)
2025-05-28 00:39:50,204 INFO  - Received event: 753000 (at simulation time IntraVehicleMsg)
2025-05-28 00:39:50,205 INFO  - Sent message to others cars = 'veh_133 | CartesianPoint{x=133.34,y=531.67,z=0.00}' (at simulation time 754.000,000,000 s)
2025-05-28 00:39:50,242 INFO  - Received event: 754000 (at simulation time IntraVehicleMsg)
2025-05-28 00:39:50,244 INFO  - Sent message to others cars = 'veh_133 | CartesianPoint{x=133.34,y=531.67,z=0.00}' (at simulation time 755.000,000,000 s)
2025-05-28 00:39:50,281 INFO  - Received event: 755000 (at simulation time IntraVehicleMsg)
2025-05-28 00:39:50,282 INFO  - Sent message to others cars = 'veh_133 | CartesianPoint{x=133.34,y=531.67,z=0.00}' (at simulation time 756.000,000,000 s)
2025-05-28 00:39:50,319 INFO  - Received event: 756000 (at simulation time IntraVehicleMsg)
2025-05-28 00:39:50,321 INFO  - Sent message to others cars = 'veh_133 | CartesianPoint{x=133.34,y=531.67,z=0.00}' (at simulation time 757.000,000,000 s)
2025-05-28 00:39:50,359 INFO  - Received event: 757000 (at simulation time IntraVehicleMsg)
2025-05-28 00:39:50,360 INFO  - Sent message to others cars = 'veh_133 | CartesianPoint{x=133.34,y=531.67,z=0.00}' (at simulation time 758.000,000,000 s)
2025-05-28 00:39:50,393 INFO  - Received event: 758000 (at simulation time IntraVehicleMsg)
2025-05-28 00:39:50,394 INFO  - Sent message to others cars = 'veh_133 | CartesianPoint{x=133.34,y=531.67,z=0.00}' (at simulation time 759.000,000,000 s)
2025-05-28 00:39:50,428 INFO  - Received event: 759000 (at simulation time IntraVehicleMsg)
2025-05-28 00:39:50,429 INFO  - Sent message to others cars = 'veh_133 | CartesianPoint{x=133.34,y=531.67,z=0.00}' (at simulation time 760.000,000,000 s)
2025-05-28 00:39:50,463 INFO  - Received event: 760000 (at simulation time IntraVehicleMsg)
2025-05-28 00:39:50,464 INFO  - Sent message to others cars = 'veh_133 | CartesianPoint{x=133.34,y=531.67,z=0.00}' (at simulation time 761.000,000,000 s)
2025-05-28 00:39:50,498 INFO  - Received event: 761000 (at simulation time IntraVehicleMsg)
2025-05-28 00:39:50,499 INFO  - Sent message to others cars = 'veh_133 | CartesianPoint{x=133.34,y=531.67,z=0.00}' (at simulation time 762.000,000,000 s)
2025-05-28 00:39:50,533 INFO  - Received event: 762000 (at simulation time IntraVehicleMsg)
2025-05-28 00:39:50,534 INFO  - Sent message to others cars = 'veh_133 | CartesianPoint{x=133.34,y=531.67,z=0.00}' (at simulation time 763.000,000,000 s)
2025-05-28 00:39:50,569 INFO  - Received event: 763000 (at simulation time IntraVehicleMsg)
2025-05-28 00:39:50,570 INFO  - Sent message to others cars = 'veh_133 | CartesianPoint{x=133.34,y=531.67,z=0.00}' (at simulation time 764.000,000,000 s)
2025-05-28 00:39:50,605 INFO  - Received event: 764000 (at simulation time IntraVehicleMsg)
2025-05-28 00:39:50,606 INFO  - Sent message to others cars = 'veh_133 | CartesianPoint{x=133.34,y=531.67,z=0.00}' (at simulation time 765.000,000,000 s)
2025-05-28 00:39:50,643 INFO  - Received event: 765000 (at simulation time IntraVehicleMsg)
2025-05-28 00:39:50,644 INFO  - Sent message to others cars = 'veh_133 | CartesianPoint{x=133.34,y=531.67,z=0.00}' (at simulation time 766.000,000,000 s)
2025-05-28 00:39:50,680 INFO  - Received event: 766000 (at simulation time IntraVehicleMsg)
2025-05-28 00:39:50,681 INFO  - Sent message to others cars = 'veh_133 | CartesianPoint{x=133.34,y=531.67,z=0.00}' (at simulation time 767.000,000,000 s)
2025-05-28 00:39:50,713 INFO  - Received event: 767000 (at simulation time IntraVehicleMsg)
2025-05-28 00:39:50,714 INFO  - Sent message to others cars = 'veh_133 | CartesianPoint{x=133.34,y=531.67,z=0.00}' (at simulation time 768.000,000,000 s)
2025-05-28 00:39:50,740 INFO  - Received event: 768000 (at simulation time IntraVehicleMsg)
2025-05-28 00:39:50,741 INFO  - Sent message to others cars = 'veh_133 | CartesianPoint{x=133.34,y=531.67,z=0.00}' (at simulation time 769.000,000,000 s)
2025-05-28 00:39:50,767 INFO  - Received event: 769000 (at simulation time IntraVehicleMsg)
2025-05-28 00:39:50,768 INFO  - Sent message to others cars = 'veh_133 | CartesianPoint{x=133.34,y=531.67,z=0.00}' (at simulation time 770.000,000,000 s)
2025-05-28 00:39:50,794 INFO  - Received event: 770000 (at simulation time IntraVehicleMsg)
2025-05-28 00:39:50,795 INFO  - Sent message to others cars = 'veh_133 | CartesianPoint{x=133.34,y=531.67,z=0.00}' (at simulation time 771.000,000,000 s)
2025-05-28 00:39:50,822 INFO  - Received event: 771000 (at simulation time IntraVehicleMsg)
2025-05-28 00:39:50,823 INFO  - Sent message to others cars = 'veh_133 | CartesianPoint{x=133.34,y=531.67,z=0.00}' (at simulation time 772.000,000,000 s)
2025-05-28 00:39:50,850 INFO  - Received event: 772000 (at simulation time IntraVehicleMsg)
2025-05-28 00:39:50,851 INFO  - Sent message to others cars = 'veh_133 | CartesianPoint{x=133.34,y=531.67,z=0.00}' (at simulation time 773.000,000,000 s)
2025-05-28 00:39:50,879 INFO  - Received event: 773000 (at simulation time IntraVehicleMsg)
2025-05-28 00:39:50,880 INFO  - Sent message to others cars = 'veh_133 | CartesianPoint{x=133.34,y=531.67,z=0.00}' (at simulation time 774.000,000,000 s)
2025-05-28 00:39:50,908 INFO  - Received event: 774000 (at simulation time IntraVehicleMsg)
2025-05-28 00:39:50,909 INFO  - Sent message to others cars = 'veh_133 | CartesianPoint{x=133.34,y=531.67,z=0.00}' (at simulation time 775.000,000,000 s)
2025-05-28 00:39:50,937 INFO  - Received event: 775000 (at simulation time IntraVehicleMsg)
2025-05-28 00:39:50,938 INFO  - Sent message to others cars = 'veh_133 | CartesianPoint{x=133.34,y=531.67,z=0.00}' (at simulation time 776.000,000,000 s)
2025-05-28 00:39:50,967 INFO  - Received event: 776000 (at simulation time IntraVehicleMsg)
2025-05-28 00:39:50,968 INFO  - Sent message to others cars = 'veh_133 | CartesianPoint{x=135.77,y=531.65,z=0.00}' (at simulation time 777.000,000,000 s)
2025-05-28 00:39:50,991 INFO  - Received event: 777000 (at simulation time IntraVehicleMsg)
2025-05-28 00:39:50,992 INFO  - Sent message to others cars = 'veh_133 | CartesianPoint{x=139.50,y=531.62,z=0.00}' (at simulation time 778.000,000,000 s)
2025-05-28 00:39:51,015 INFO  - Received event: 778000 (at simulation time IntraVehicleMsg)
2025-05-28 00:39:51,016 INFO  - Sent message to others cars = 'veh_133 | CartesianPoint{x=145.81,y=531.58,z=0.00}' (at simulation time 779.000,000,000 s)
2025-05-28 00:39:51,039 INFO  - Received event: 779000 (at simulation time IntraVehicleMsg)
2025-05-28 00:39:51,040 INFO  - Sent message to others cars = 'veh_133 | CartesianPoint{x=153.06,y=531.59,z=0.00}' (at simulation time 780.000,000,000 s)
2025-05-28 00:39:51,064 INFO  - Received event: 780000 (at simulation time IntraVehicleMsg)
2025-05-28 00:39:51,065 INFO  - Sent message to others cars = 'veh_133 | CartesianPoint{x=160.11,y=531.64,z=0.00}' (at simulation time 781.000,000,000 s)
2025-05-28 00:39:51,090 INFO  - Received event: 781000 (at simulation time IntraVehicleMsg)
2025-05-28 00:39:51,091 INFO  - Sent message to others cars = 'veh_133 | CartesianPoint{x=167.20,y=531.69,z=0.00}' (at simulation time 782.000,000,000 s)
2025-05-28 00:39:51,115 INFO  - Received event: 782000 (at simulation time IntraVehicleMsg)
2025-05-28 00:39:51,115 INFO  - Sent message to others cars = 'veh_133 | CartesianPoint{x=174.90,y=531.74,z=0.00}' (at simulation time 783.000,000,000 s)
2025-05-28 00:39:51,140 INFO  - Received event: 783000 (at simulation time IntraVehicleMsg)
2025-05-28 00:39:51,141 INFO  - Sent message to others cars = 'veh_133 | CartesianPoint{x=182.12,y=531.79,z=0.00}' (at simulation time 784.000,000,000 s)
2025-05-28 00:39:51,165 INFO  - Received event: 784000 (at simulation time IntraVehicleMsg)
2025-05-28 00:39:51,165 INFO  - Sent message to others cars = 'veh_133 | CartesianPoint{x=189.37,y=531.84,z=0.00}' (at simulation time 785.000,000,000 s)
2025-05-28 00:39:51,190 INFO  - Received event: 785000 (at simulation time IntraVehicleMsg)
2025-05-28 00:39:51,191 INFO  - Sent message to others cars = 'veh_133 | CartesianPoint{x=195.98,y=531.89,z=0.00}' (at simulation time 786.000,000,000 s)
2025-05-28 00:39:51,216 INFO  - Received event: 786000 (at simulation time IntraVehicleMsg)
2025-05-28 00:39:51,218 INFO  - Sent message to others cars = 'veh_133 | CartesianPoint{x=203.65,y=531.94,z=0.00}' (at simulation time 787.000,000,000 s)
2025-05-28 00:39:51,243 INFO  - Received event: 787000 (at simulation time IntraVehicleMsg)
2025-05-28 00:39:51,244 INFO  - Sent message to others cars = 'veh_133 | CartesianPoint{x=210.31,y=531.99,z=0.00}' (at simulation time 788.000,000,000 s)
2025-05-28 00:39:51,269 INFO  - Received event: 788000 (at simulation time IntraVehicleMsg)
2025-05-28 00:39:51,271 INFO  - Sent message to others cars = 'veh_133 | CartesianPoint{x=214.44,y=532.02,z=0.00}' (at simulation time 789.000,000,000 s)
2025-05-28 00:39:51,296 INFO  - Received event: 789000 (at simulation time IntraVehicleMsg)
2025-05-28 00:39:51,297 INFO  - Sent message to others cars = 'veh_133 | CartesianPoint{x=220.82,y=532.03,z=0.00}' (at simulation time 790.000,000,000 s)
2025-05-28 00:39:51,324 INFO  - Received event: 790000 (at simulation time IntraVehicleMsg)
2025-05-28 00:39:51,325 INFO  - Sent message to others cars = 'veh_133 | CartesianPoint{x=228.02,y=532.04,z=0.00}' (at simulation time 791.000,000,000 s)
2025-05-28 00:39:51,352 INFO  - Received event: 791000 (at simulation time IntraVehicleMsg)
2025-05-28 00:39:51,352 INFO  - Sent message to others cars = 'veh_133 | CartesianPoint{x=234.91,y=532.03,z=0.00}' (at simulation time 792.000,000,000 s)
2025-05-28 00:39:51,379 INFO  - Received event: 792000 (at simulation time IntraVehicleMsg)
2025-05-28 00:39:51,380 INFO  - Sent message to others cars = 'veh_133 | CartesianPoint{x=241.68,y=532.02,z=0.00}' (at simulation time 793.000,000,000 s)
2025-05-28 00:39:51,407 INFO  - Received event: 793000 (at simulation time IntraVehicleMsg)
2025-05-28 00:39:51,407 INFO  - Sent message to others cars = 'veh_133 | CartesianPoint{x=248.88,y=532.01,z=0.00}' (at simulation time 794.000,000,000 s)
2025-05-28 00:39:51,435 INFO  - Received event: 794000 (at simulation time IntraVehicleMsg)
2025-05-28 00:39:51,435 INFO  - Sent message to others cars = 'veh_133 | CartesianPoint{x=256.54,y=531.99,z=0.00}' (at simulation time 795.000,000,000 s)
2025-05-28 00:39:51,463 INFO  - Received event: 795000 (at simulation time IntraVehicleMsg)
2025-05-28 00:39:51,464 INFO  - Sent message to others cars = 'veh_133 | CartesianPoint{x=263.41,y=531.98,z=0.00}' (at simulation time 796.000,000,000 s)
2025-05-28 00:39:51,491 INFO  - Received event: 796000 (at simulation time IntraVehicleMsg)
2025-05-28 00:39:51,492 INFO  - Sent message to others cars = 'veh_133 | CartesianPoint{x=270.67,y=531.96,z=0.00}' (at simulation time 797.000,000,000 s)
2025-05-28 00:39:51,520 INFO  - Received event: 797000 (at simulation time IntraVehicleMsg)
2025-05-28 00:39:51,521 INFO  - Sent message to others cars = 'veh_133 | CartesianPoint{x=278.16,y=531.95,z=0.00}' (at simulation time 798.000,000,000 s)
2025-05-28 00:39:51,550 INFO  - Received event: 798000 (at simulation time IntraVehicleMsg)
2025-05-28 00:39:51,551 INFO  - Sent message to others cars = 'veh_133 | CartesianPoint{x=284.92,y=531.95,z=0.00}' (at simulation time 799.000,000,000 s)
2025-05-28 00:39:51,579 INFO  - Received event: 799000 (at simulation time IntraVehicleMsg)
2025-05-28 00:39:51,580 INFO  - Sent message to others cars = 'veh_133 | CartesianPoint{x=291.81,y=531.94,z=0.00}' (at simulation time 800.000,000,000 s)
2025-05-28 00:39:51,604 INFO  - Received event: 800000 (at simulation time IntraVehicleMsg)
2025-05-28 00:39:51,605 INFO  - Sent message to others cars = 'veh_133 | CartesianPoint{x=298.88,y=531.93,z=0.00}' (at simulation time 801.000,000,000 s)
2025-05-28 00:39:51,628 INFO  - Received event: 801000 (at simulation time IntraVehicleMsg)
2025-05-28 00:39:51,629 INFO  - Sent message to others cars = 'veh_133 | CartesianPoint{x=305.60,y=531.92,z=0.00}' (at simulation time 802.000,000,000 s)
2025-05-28 00:39:51,652 INFO  - Received event: 802000 (at simulation time IntraVehicleMsg)
2025-05-28 00:39:51,653 INFO  - Sent message to others cars = 'veh_133 | CartesianPoint{x=312.36,y=531.91,z=0.00}' (at simulation time 803.000,000,000 s)
2025-05-28 00:39:51,676 INFO  - Received event: 803000 (at simulation time IntraVehicleMsg)
2025-05-28 00:39:51,677 INFO  - Sent message to others cars = 'veh_133 | CartesianPoint{x=319.95,y=531.91,z=0.00}' (at simulation time 804.000,000,000 s)
2025-05-28 00:39:51,701 INFO  - Received event: 804000 (at simulation time IntraVehicleMsg)
2025-05-28 00:39:51,702 INFO  - Sent message to others cars = 'veh_133 | CartesianPoint{x=327.68,y=531.90,z=0.00}' (at simulation time 805.000,000,000 s)
2025-05-28 00:39:51,727 INFO  - Received event: 805000 (at simulation time IntraVehicleMsg)
2025-05-28 00:39:51,727 INFO  - Sent message to others cars = 'veh_133 | CartesianPoint{x=334.53,y=531.89,z=0.00}' (at simulation time 806.000,000,000 s)
2025-05-28 00:39:51,750 INFO  - Received event: 806000 (at simulation time IntraVehicleMsg)
2025-05-28 00:39:51,751 INFO  - Sent message to others cars = 'veh_133 | CartesianPoint{x=342.02,y=531.88,z=0.00}' (at simulation time 807.000,000,000 s)
2025-05-28 00:39:51,776 INFO  - Received event: 807000 (at simulation time IntraVehicleMsg)
2025-05-28 00:39:51,777 INFO  - Sent message to others cars = 'veh_133 | CartesianPoint{x=349.18,y=531.87,z=0.00}' (at simulation time 808.000,000,000 s)
2025-05-28 00:39:51,802 INFO  - Received event: 808000 (at simulation time IntraVehicleMsg)
2025-05-28 00:39:51,803 INFO  - ------------------------------------------------------------------------------------- (at simulation time 809.000,000,000 s)
2025-05-28 00:39:51,803 INFO  - Shutdown application (at simulation time 809.000,000,000 s)
2025-05-28 00:39:51,803 INFO  - ------------------------------------------------------------------------------------- (at simulation time 809.000,000,000 s)
