2025-05-28 00:39:31,229 INFO  - ------------------------------------------------------------------------------------- (at simulation time 500.000,000,000 s)
2025-05-28 00:39:31,230 INFO  - Initialize veh_97 application (at simulation time 500.000,000,000 s)
2025-05-28 00:39:31,230 INFO  - Activated AdHoc Module (at simulation time 500.000,000,000 s)
2025-05-28 00:39:31,230 INFO  - ------------------------------------------------------------------------------------- (at simulation time 500.000,000,000 s)
2025-05-28 00:39:31,230 INFO  - Sent message to others cars = 'veh_97 | CartesianPoint{x=-0.00,y=532.14,z=0.00}' (at simulation time 500.000,000,000 s)
2025-05-28 00:39:31,291 INFO  - Received event: 500000 (at simulation time IntraVehicleMsg)
2025-05-28 00:39:31,294 INFO  - Sent message to others cars = 'veh_97 | CartesianPoint{x=7.20,y=532.12,z=0.00}' (at simulation time 501.000,000,000 s)
2025-05-28 00:39:31,351 INFO  - Received event: 501000 (at simulation time IntraVehicleMsg)
2025-05-28 00:39:31,353 INFO  - Sent message to others cars = 'veh_97 | CartesianPoint{x=14.55,y=532.10,z=0.00}' (at simulation time 502.000,000,000 s)
2025-05-28 00:39:31,409 INFO  - Received event: 502000 (at simulation time IntraVehicleMsg)
2025-05-28 00:39:31,411 INFO  - Sent message to others cars = 'veh_97 | CartesianPoint{x=22.21,y=532.08,z=0.00}' (at simulation time 503.000,000,000 s)
2025-05-28 00:39:31,467 INFO  - Received event: 503000 (at simulation time IntraVehicleMsg)
2025-05-28 00:39:31,470 INFO  - Sent message to others cars = 'veh_97 | CartesianPoint{x=30.28,y=532.05,z=0.00}' (at simulation time 504.000,000,000 s)
2025-05-28 00:39:31,526 INFO  - Received event: 504000 (at simulation time IntraVehicleMsg)
2025-05-28 00:39:31,531 INFO  - Sent message to others cars = 'veh_97 | CartesianPoint{x=37.42,y=532.03,z=0.00}' (at simulation time 505.000,000,000 s)
2025-05-28 00:39:31,584 INFO  - Received event: 505000 (at simulation time IntraVehicleMsg)
2025-05-28 00:39:31,587 INFO  - Sent message to others cars = 'veh_97 | CartesianPoint{x=44.64,y=532.08,z=0.00}' (at simulation time 506.000,000,000 s)
2025-05-28 00:39:31,637 INFO  - Received event: 506000 (at simulation time IntraVehicleMsg)
2025-05-28 00:39:31,639 INFO  - Sent message to others cars = 'veh_97 | CartesianPoint{x=51.80,y=532.13,z=0.00}' (at simulation time 507.000,000,000 s)
2025-05-28 00:39:31,691 INFO  - Received event: 507000 (at simulation time IntraVehicleMsg)
2025-05-28 00:39:31,695 INFO  - Sent message to others cars = 'veh_97 | CartesianPoint{x=59.97,y=532.20,z=0.00}' (at simulation time 508.000,000,000 s)
2025-05-28 00:39:31,746 INFO  - Received event: 508000 (at simulation time IntraVehicleMsg)
2025-05-28 00:39:31,748 INFO  - Sent message to others cars = 'veh_97 | CartesianPoint{x=68.15,y=532.22,z=0.00}' (at simulation time 509.000,000,000 s)
2025-05-28 00:39:31,804 INFO  - Received event: 509000 (at simulation time IntraVehicleMsg)
2025-05-28 00:39:31,819 INFO  - Sent message to others cars = 'veh_97 | CartesianPoint{x=75.90,y=532.24,z=0.00}' (at simulation time 510.000,000,000 s)
2025-05-28 00:39:31,871 INFO  - Received event: 510000 (at simulation time IntraVehicleMsg)
2025-05-28 00:39:31,873 INFO  - Sent message to others cars = 'veh_97 | CartesianPoint{x=82.94,y=532.25,z=0.00}' (at simulation time 511.000,000,000 s)
2025-05-28 00:39:31,930 INFO  - Received event: 511000 (at simulation time IntraVehicleMsg)
2025-05-28 00:39:31,932 INFO  - Sent message to others cars = 'veh_97 | CartesianPoint{x=91.00,y=532.21,z=0.00}' (at simulation time 512.000,000,000 s)
2025-05-28 00:39:31,985 INFO  - Received event: 512000 (at simulation time IntraVehicleMsg)
2025-05-28 00:39:31,987 INFO  - Sent message to others cars = 'veh_97 | CartesianPoint{x=99.03,y=532.11,z=0.00}' (at simulation time 513.000,000,000 s)
2025-05-28 00:39:32,044 INFO  - Received event: 513000 (at simulation time IntraVehicleMsg)
2025-05-28 00:39:32,064 INFO  - Sent message to others cars = 'veh_97 | CartesianPoint{x=106.44,y=532.01,z=0.00}' (at simulation time 514.000,000,000 s)
2025-05-28 00:39:32,117 INFO  - Received event: 514000 (at simulation time IntraVehicleMsg)
2025-05-28 00:39:32,120 INFO  - Sent message to others cars = 'veh_97 | CartesianPoint{x=113.65,y=531.92,z=0.00}' (at simulation time 515.000,000,000 s)
2025-05-28 00:39:32,183 INFO  - Received event: 515000 (at simulation time IntraVehicleMsg)
2025-05-28 00:39:32,186 INFO  - Sent message to others cars = 'veh_97 | CartesianPoint{x=118.15,y=531.86,z=0.00}' (at simulation time 516.000,000,000 s)
2025-05-28 00:39:32,229 INFO  - Received event: 516000 (at simulation time IntraVehicleMsg)
2025-05-28 00:39:32,236 INFO  - Sent message to others cars = 'veh_97 | CartesianPoint{x=119.53,y=531.85,z=0.00}' (at simulation time 517.000,000,000 s)
2025-05-28 00:39:32,278 INFO  - Received event: 517000 (at simulation time IntraVehicleMsg)
2025-05-28 00:39:32,284 INFO  - Sent message to others cars = 'veh_97 | CartesianPoint{x=120.29,y=531.84,z=0.00}' (at simulation time 518.000,000,000 s)
2025-05-28 00:39:32,325 INFO  - Received event: 518000 (at simulation time IntraVehicleMsg)
2025-05-28 00:39:32,328 INFO  - Sent message to others cars = 'veh_97 | CartesianPoint{x=120.33,y=531.84,z=0.00}' (at simulation time 519.000,000,000 s)
2025-05-28 00:39:32,370 INFO  - Received event: 519000 (at simulation time IntraVehicleMsg)
2025-05-28 00:39:32,373 INFO  - Sent message to others cars = 'veh_97 | CartesianPoint{x=120.34,y=531.84,z=0.00}' (at simulation time 520.000,000,000 s)
2025-05-28 00:39:32,411 INFO  - Received event: 520000 (at simulation time IntraVehicleMsg)
2025-05-28 00:39:32,417 INFO  - Sent message to others cars = 'veh_97 | CartesianPoint{x=120.34,y=531.84,z=0.00}' (at simulation time 521.000,000,000 s)
2025-05-28 00:39:32,456 INFO  - Received event: 521000 (at simulation time IntraVehicleMsg)
2025-05-28 00:39:32,465 INFO  - Sent message to others cars = 'veh_97 | CartesianPoint{x=120.34,y=531.84,z=0.00}' (at simulation time 522.000,000,000 s)
2025-05-28 00:39:32,502 INFO  - Received event: 522000 (at simulation time IntraVehicleMsg)
2025-05-28 00:39:32,505 INFO  - Sent message to others cars = 'veh_97 | CartesianPoint{x=120.34,y=531.84,z=0.00}' (at simulation time 523.000,000,000 s)
2025-05-28 00:39:32,543 INFO  - Received event: 523000 (at simulation time IntraVehicleMsg)
2025-05-28 00:39:32,546 INFO  - Sent message to others cars = 'veh_97 | CartesianPoint{x=120.34,y=531.84,z=0.00}' (at simulation time 524.000,000,000 s)
2025-05-28 00:39:32,587 INFO  - Received event: 524000 (at simulation time IntraVehicleMsg)
2025-05-28 00:39:32,594 INFO  - Sent message to others cars = 'veh_97 | CartesianPoint{x=120.34,y=531.84,z=0.00}' (at simulation time 525.000,000,000 s)
2025-05-28 00:39:32,636 INFO  - Received event: 525000 (at simulation time IntraVehicleMsg)
2025-05-28 00:39:32,638 INFO  - Sent message to others cars = 'veh_97 | CartesianPoint{x=120.34,y=531.84,z=0.00}' (at simulation time 526.000,000,000 s)
2025-05-28 00:39:32,680 INFO  - Received event: 526000 (at simulation time IntraVehicleMsg)
2025-05-28 00:39:32,682 INFO  - Sent message to others cars = 'veh_97 | CartesianPoint{x=120.34,y=531.84,z=0.00}' (at simulation time 527.000,000,000 s)
2025-05-28 00:39:32,724 INFO  - Received event: 527000 (at simulation time IntraVehicleMsg)
2025-05-28 00:39:32,727 INFO  - Sent message to others cars = 'veh_97 | CartesianPoint{x=120.34,y=531.84,z=0.00}' (at simulation time 528.000,000,000 s)
2025-05-28 00:39:32,770 INFO  - Received event: 528000 (at simulation time IntraVehicleMsg)
2025-05-28 00:39:32,773 INFO  - Sent message to others cars = 'veh_97 | CartesianPoint{x=120.34,y=531.84,z=0.00}' (at simulation time 529.000,000,000 s)
2025-05-28 00:39:32,817 INFO  - Received event: 529000 (at simulation time IntraVehicleMsg)
2025-05-28 00:39:32,821 INFO  - Sent message to others cars = 'veh_97 | CartesianPoint{x=120.34,y=531.84,z=0.00}' (at simulation time 530.000,000,000 s)
2025-05-28 00:39:32,867 INFO  - Received event: 530000 (at simulation time IntraVehicleMsg)
2025-05-28 00:39:32,874 INFO  - Sent message to others cars = 'veh_97 | CartesianPoint{x=120.34,y=531.84,z=0.00}' (at simulation time 531.000,000,000 s)
2025-05-28 00:39:32,920 INFO  - Received event: 531000 (at simulation time IntraVehicleMsg)
2025-05-28 00:39:32,923 INFO  - Sent message to others cars = 'veh_97 | CartesianPoint{x=120.34,y=531.84,z=0.00}' (at simulation time 532.000,000,000 s)
2025-05-28 00:39:32,971 INFO  - Received event: 532000 (at simulation time IntraVehicleMsg)
2025-05-28 00:39:32,974 INFO  - Sent message to others cars = 'veh_97 | CartesianPoint{x=120.34,y=531.84,z=0.00}' (at simulation time 533.000,000,000 s)
2025-05-28 00:39:33,023 INFO  - Received event: 533000 (at simulation time IntraVehicleMsg)
2025-05-28 00:39:33,026 INFO  - Sent message to others cars = 'veh_97 | CartesianPoint{x=120.34,y=531.84,z=0.00}' (at simulation time 534.000,000,000 s)
2025-05-28 00:39:33,079 INFO  - Received event: 534000 (at simulation time IntraVehicleMsg)
2025-05-28 00:39:33,093 INFO  - Sent message to others cars = 'veh_97 | CartesianPoint{x=121.26,y=531.83,z=0.00}' (at simulation time 535.000,000,000 s)
2025-05-28 00:39:33,142 INFO  - Received event: 535000 (at simulation time IntraVehicleMsg)
2025-05-28 00:39:33,145 INFO  - Sent message to others cars = 'veh_97 | CartesianPoint{x=124.28,y=531.79,z=0.00}' (at simulation time 536.000,000,000 s)
2025-05-28 00:39:33,195 INFO  - Received event: 536000 (at simulation time IntraVehicleMsg)
2025-05-28 00:39:33,198 INFO  - Sent message to others cars = 'veh_97 | CartesianPoint{x=128.62,y=531.73,z=0.00}' (at simulation time 537.000,000,000 s)
2025-05-28 00:39:33,249 INFO  - Received event: 537000 (at simulation time IntraVehicleMsg)
2025-05-28 00:39:33,252 INFO  - Sent message to others cars = 'veh_97 | CartesianPoint{x=134.48,y=531.66,z=0.00}' (at simulation time 538.000,000,000 s)
2025-05-28 00:39:33,306 INFO  - Received event: 538000 (at simulation time IntraVehicleMsg)
2025-05-28 00:39:33,309 INFO  - Sent message to others cars = 'veh_97 | CartesianPoint{x=141.66,y=531.61,z=0.00}' (at simulation time 539.000,000,000 s)
2025-05-28 00:39:33,362 INFO  - Received event: 539000 (at simulation time IntraVehicleMsg)
2025-05-28 00:39:33,365 INFO  - Sent message to others cars = 'veh_97 | CartesianPoint{x=148.84,y=531.56,z=0.00}' (at simulation time 540.000,000,000 s)
2025-05-28 00:39:33,420 INFO  - Received event: 540000 (at simulation time IntraVehicleMsg)
2025-05-28 00:39:33,443 INFO  - Sent message to others cars = 'veh_97 | CartesianPoint{x=156.90,y=531.62,z=0.00}' (at simulation time 541.000,000,000 s)
2025-05-28 00:39:33,500 INFO  - Received event: 541000 (at simulation time IntraVehicleMsg)
2025-05-28 00:39:33,503 INFO  - Sent message to others cars = 'veh_97 | CartesianPoint{x=164.17,y=531.67,z=0.00}' (at simulation time 542.000,000,000 s)
2025-05-28 00:39:33,560 INFO  - Received event: 542000 (at simulation time IntraVehicleMsg)
2025-05-28 00:39:33,563 INFO  - Sent message to others cars = 'veh_97 | CartesianPoint{x=171.79,y=531.72,z=0.00}' (at simulation time 543.000,000,000 s)
2025-05-28 00:39:33,620 INFO  - Received event: 543000 (at simulation time IntraVehicleMsg)
2025-05-28 00:39:33,623 INFO  - Sent message to others cars = 'veh_97 | CartesianPoint{x=178.78,y=531.77,z=0.00}' (at simulation time 544.000,000,000 s)
2025-05-28 00:39:33,682 INFO  - Received event: 544000 (at simulation time IntraVehicleMsg)
2025-05-28 00:39:33,685 INFO  - Sent message to others cars = 'veh_97 | CartesianPoint{x=186.83,y=531.82,z=0.00}' (at simulation time 545.000,000,000 s)
2025-05-28 00:39:33,747 INFO  - Received event: 545000 (at simulation time IntraVehicleMsg)
2025-05-28 00:39:33,750 INFO  - Sent message to others cars = 'veh_97 | CartesianPoint{x=194.34,y=531.88,z=0.00}' (at simulation time 546.000,000,000 s)
2025-05-28 00:39:33,812 INFO  - Received event: 546000 (at simulation time IntraVehicleMsg)
2025-05-28 00:39:33,815 INFO  - Sent message to others cars = 'veh_97 | CartesianPoint{x=202.32,y=531.93,z=0.00}' (at simulation time 547.000,000,000 s)
2025-05-28 00:39:33,879 INFO  - Received event: 547000 (at simulation time IntraVehicleMsg)
2025-05-28 00:39:33,894 INFO  - Sent message to others cars = 'veh_97 | CartesianPoint{x=210.42,y=531.99,z=0.00}' (at simulation time 548.000,000,000 s)
2025-05-28 00:39:33,962 INFO  - Received event: 548000 (at simulation time IntraVehicleMsg)
2025-05-28 00:39:33,973 INFO  - Sent message to others cars = 'veh_97 | CartesianPoint{x=215.24,y=532.02,z=0.00}' (at simulation time 549.000,000,000 s)
2025-05-28 00:39:34,038 INFO  - Received event: 549000 (at simulation time IntraVehicleMsg)
2025-05-28 00:39:34,044 INFO  - Sent message to others cars = 'veh_97 | CartesianPoint{x=221.69,y=532.03,z=0.00}' (at simulation time 550.000,000,000 s)
2025-05-28 00:39:34,108 INFO  - Received event: 550000 (at simulation time IntraVehicleMsg)
2025-05-28 00:39:34,111 INFO  - Sent message to others cars = 'veh_97 | CartesianPoint{x=229.29,y=532.04,z=0.00}' (at simulation time 551.000,000,000 s)
2025-05-28 00:39:34,180 INFO  - Received event: 551000 (at simulation time IntraVehicleMsg)
2025-05-28 00:39:34,187 INFO  - Sent message to others cars = 'veh_97 | CartesianPoint{x=236.33,y=532.03,z=0.00}' (at simulation time 552.000,000,000 s)
2025-05-28 00:39:34,256 INFO  - Received event: 552000 (at simulation time IntraVehicleMsg)
2025-05-28 00:39:34,259 INFO  - Sent message to others cars = 'veh_97 | CartesianPoint{x=244.55,y=532.01,z=0.00}' (at simulation time 553.000,000,000 s)
2025-05-28 00:39:34,329 INFO  - Received event: 553000 (at simulation time IntraVehicleMsg)
2025-05-28 00:39:34,334 INFO  - Sent message to others cars = 'veh_97 | CartesianPoint{x=251.93,y=532.00,z=0.00}' (at simulation time 554.000,000,000 s)
2025-05-28 00:39:34,406 INFO  - Received event: 554000 (at simulation time IntraVehicleMsg)
2025-05-28 00:39:34,421 INFO  - Sent message to others cars = 'veh_97 | CartesianPoint{x=259.28,y=531.99,z=0.00}' (at simulation time 555.000,000,000 s)
2025-05-28 00:39:34,496 INFO  - Received event: 555000 (at simulation time IntraVehicleMsg)
2025-05-28 00:39:34,508 INFO  - Sent message to others cars = 'veh_97 | CartesianPoint{x=266.58,y=531.97,z=0.00}' (at simulation time 556.000,000,000 s)
2025-05-28 00:39:34,582 INFO  - Received event: 556000 (at simulation time IntraVehicleMsg)
2025-05-28 00:39:34,585 INFO  - Sent message to others cars = 'veh_97 | CartesianPoint{x=274.28,y=531.96,z=0.00}' (at simulation time 557.000,000,000 s)
2025-05-28 00:39:34,658 INFO  - Received event: 557000 (at simulation time IntraVehicleMsg)
2025-05-28 00:39:34,661 INFO  - Sent message to others cars = 'veh_97 | CartesianPoint{x=281.85,y=531.95,z=0.00}' (at simulation time 558.000,000,000 s)
2025-05-28 00:39:34,731 INFO  - Received event: 558000 (at simulation time IntraVehicleMsg)
2025-05-28 00:39:34,734 INFO  - Sent message to others cars = 'veh_97 | CartesianPoint{x=289.49,y=531.94,z=0.00}' (at simulation time 559.000,000,000 s)
2025-05-28 00:39:34,808 INFO  - Received event: 559000 (at simulation time IntraVehicleMsg)
2025-05-28 00:39:34,812 INFO  - Sent message to others cars = 'veh_97 | CartesianPoint{x=297.30,y=531.93,z=0.00}' (at simulation time 560.000,000,000 s)
2025-05-28 00:39:34,884 INFO  - Received event: 560000 (at simulation time IntraVehicleMsg)
2025-05-28 00:39:34,888 INFO  - Sent message to others cars = 'veh_97 | CartesianPoint{x=305.21,y=531.92,z=0.00}' (at simulation time 561.000,000,000 s)
2025-05-28 00:39:34,962 INFO  - Received event: 561000 (at simulation time IntraVehicleMsg)
2025-05-28 00:39:34,972 INFO  - Sent message to others cars = 'veh_97 | CartesianPoint{x=312.78,y=531.91,z=0.00}' (at simulation time 562.000,000,000 s)
2025-05-28 00:39:35,043 INFO  - Received event: 562000 (at simulation time IntraVehicleMsg)
2025-05-28 00:39:35,046 INFO  - Sent message to others cars = 'veh_97 | CartesianPoint{x=320.00,y=531.91,z=0.00}' (at simulation time 563.000,000,000 s)
2025-05-28 00:39:35,118 INFO  - Received event: 563000 (at simulation time IntraVehicleMsg)
2025-05-28 00:39:35,121 INFO  - Sent message to others cars = 'veh_97 | CartesianPoint{x=327.66,y=531.90,z=0.00}' (at simulation time 564.000,000,000 s)
2025-05-28 00:39:35,191 INFO  - Received event: 564000 (at simulation time IntraVehicleMsg)
2025-05-28 00:39:35,195 INFO  - Sent message to others cars = 'veh_97 | CartesianPoint{x=335.54,y=531.89,z=0.00}' (at simulation time 565.000,000,000 s)
2025-05-28 00:39:35,264 INFO  - Received event: 565000 (at simulation time IntraVehicleMsg)
2025-05-28 00:39:35,267 INFO  - Sent message to others cars = 'veh_97 | CartesianPoint{x=343.11,y=531.88,z=0.00}' (at simulation time 566.000,000,000 s)
2025-05-28 00:39:35,334 INFO  - Received event: 566000 (at simulation time IntraVehicleMsg)
2025-05-28 00:39:35,337 INFO  - ------------------------------------------------------------------------------------- (at simulation time 567.000,000,000 s)
2025-05-28 00:39:35,337 INFO  - Shutdown application (at simulation time 567.000,000,000 s)
2025-05-28 00:39:35,337 INFO  - ------------------------------------------------------------------------------------- (at simulation time 567.000,000,000 s)
