2025-05-28 00:21:38,023 INFO  - ------------------------------------------------------------------------------------- (at simulation time 171.000,000,000 s)
2025-05-28 00:21:38,023 INFO  - Initialize veh_32 application (at simulation time 171.000,000,000 s)
2025-05-28 00:21:38,023 INFO  - Activated AdHoc Module (at simulation time 171.000,000,000 s)
2025-05-28 00:21:38,023 INFO  - ------------------------------------------------------------------------------------- (at simulation time 171.000,000,000 s)
2025-05-28 00:21:38,025 INFO  - Sent message to others cars = 'veh_32 | CartesianPoint{x=143.94,y=749.34,z=0.00}' (at simulation time 171.000,000,000 s)
2025-05-28 00:21:38,123 INFO  - Received event: 171000 (at simulation time IntraVehicleMsg)
2025-05-28 00:21:38,127 INFO  - Sent message to others cars = 'veh_32 | CartesianPoint{x=143.92,y=741.83,z=0.00}' (at simulation time 172.000,000,000 s)
2025-05-28 00:21:38,224 INFO  - Received event: 172000 (at simulation time IntraVehicleMsg)
2025-05-28 00:21:38,227 INFO  - Sent message to others cars = 'veh_32 | CartesianPoint{x=143.90,y=734.60,z=0.00}' (at simulation time 173.000,000,000 s)
2025-05-28 00:21:38,325 INFO  - Received event: 173000 (at simulation time IntraVehicleMsg)
2025-05-28 00:21:38,330 INFO  - Sent message to others cars = 'veh_32 | CartesianPoint{x=143.88,y=728.14,z=0.00}' (at simulation time 174.000,000,000 s)
2025-05-28 00:21:38,431 INFO  - Received event: 174000 (at simulation time IntraVehicleMsg)
2025-05-28 00:21:38,444 INFO  - Sent message to others cars = 'veh_32 | CartesianPoint{x=143.85,y=720.86,z=0.00}' (at simulation time 175.000,000,000 s)
2025-05-28 00:21:38,546 INFO  - Received event: 175000 (at simulation time IntraVehicleMsg)
2025-05-28 00:21:38,549 INFO  - Sent message to others cars = 'veh_32 | CartesianPoint{x=143.83,y=713.92,z=0.00}' (at simulation time 176.000,000,000 s)
2025-05-28 00:21:38,650 INFO  - Received event: 176000 (at simulation time IntraVehicleMsg)
2025-05-28 00:21:38,655 INFO  - Sent message to others cars = 'veh_32 | CartesianPoint{x=140.61,y=707.27,z=0.00}' (at simulation time 177.000,000,000 s)
2025-05-28 00:21:38,760 INFO  - Received event: 177000 (at simulation time IntraVehicleMsg)
2025-05-28 00:21:38,763 INFO  - Sent message to others cars = 'veh_32 | CartesianPoint{x=140.58,y=700.59,z=0.00}' (at simulation time 178.000,000,000 s)
2025-05-28 00:21:38,867 INFO  - Received event: 178000 (at simulation time IntraVehicleMsg)
2025-05-28 00:21:38,870 INFO  - Sent message to others cars = 'veh_32 | CartesianPoint{x=140.56,y=693.51,z=0.00}' (at simulation time 179.000,000,000 s)
2025-05-28 00:21:38,973 INFO  - Received event: 179000 (at simulation time IntraVehicleMsg)
2025-05-28 00:21:38,977 INFO  - Sent message to others cars = 'veh_32 | CartesianPoint{x=140.54,y=687.09,z=0.00}' (at simulation time 180.000,000,000 s)
2025-05-28 00:21:39,079 INFO  - Received event: 180000 (at simulation time IntraVehicleMsg)
2025-05-28 00:21:39,086 INFO  - Sent message to others cars = 'veh_32 | CartesianPoint{x=140.52,y=680.63,z=0.00}' (at simulation time 181.000,000,000 s)
2025-05-28 00:21:39,184 INFO  - Received event: 181000 (at simulation time IntraVehicleMsg)
2025-05-28 00:21:39,187 INFO  - Sent message to others cars = 'veh_32 | CartesianPoint{x=140.49,y=673.30,z=0.00}' (at simulation time 182.000,000,000 s)
2025-05-28 00:21:39,285 INFO  - Received event: 182000 (at simulation time IntraVehicleMsg)
2025-05-28 00:21:39,288 INFO  - Sent message to others cars = 'veh_32 | CartesianPoint{x=140.47,y=666.14,z=0.00}' (at simulation time 183.000,000,000 s)
2025-05-28 00:21:39,393 INFO  - Received event: 183000 (at simulation time IntraVehicleMsg)
2025-05-28 00:21:39,396 INFO  - Sent message to others cars = 'veh_32 | CartesianPoint{x=140.45,y=659.03,z=0.00}' (at simulation time 184.000,000,000 s)
2025-05-28 00:21:39,499 INFO  - Received event: 184000 (at simulation time IntraVehicleMsg)
2025-05-28 00:21:39,504 INFO  - Sent message to others cars = 'veh_32 | CartesianPoint{x=140.44,y=651.74,z=0.00}' (at simulation time 185.000,000,000 s)
2025-05-28 00:21:39,604 INFO  - Received event: 185000 (at simulation time IntraVehicleMsg)
2025-05-28 00:21:39,606 INFO  - Sent message to others cars = 'veh_32 | CartesianPoint{x=140.42,y=644.35,z=0.00}' (at simulation time 186.000,000,000 s)
2025-05-28 00:21:39,705 INFO  - Received event: 186000 (at simulation time IntraVehicleMsg)
2025-05-28 00:21:39,707 INFO  - Sent message to others cars = 'veh_32 | CartesianPoint{x=140.40,y=636.96,z=0.00}' (at simulation time 187.000,000,000 s)
2025-05-28 00:21:39,821 INFO  - Received event: 187000 (at simulation time IntraVehicleMsg)
2025-05-28 00:21:39,823 INFO  - Sent message to others cars = 'veh_32 | CartesianPoint{x=140.39,y=630.04,z=0.00}' (at simulation time 188.000,000,000 s)
