2025-06-04 14:59:21,954 WARN  SumoAmbassador - The file scenarios/espinho/sumo/sumo_config.json does not exist.
2025-06-04 14:59:21,955 INFO  SumoAmbassador - sumoConfig.updateInterval: 1000
2025-06-04 14:59:21,955 INFO  SumoAmbassador - sumoConfig.sumoConfigurationFile: null
2025-06-04 14:59:21,957 INFO  SumoAmbassador - Found a SUMO configuration file: scenarios/espinho/sumo/highway.sumocfg
2025-06-04 14:59:21,957 INFO  SumoAmbassador - sumoConfig.sumoConfigurationFile: highway.sumocfg
2025-06-04 14:59:21,966 INFO  SumoAmbassador - Simulation step size is 1.0 sec.
2025-06-04 14:59:22,497 INFO  SumoVehicleTypesWriter - ./tmp/sumo/mosaic_types.add.xml file successfully written.
2025-06-04 14:59:22,498 INFO  SumoAmbassador - Start Federate local
2025-06-04 14:59:22,498 INFO  SumoAmbassador - Directory: ./tmp/sumo
2025-06-04 14:59:23,511 INFO  SumoAmbassador - Process sumo: Loading net-file from 'highway.net.xml' ... done (6ms).
2025-06-04 14:59:23,512 INFO  SumoAmbassador - Process sumo: Loading additional-files from 'mosaic_types.add.xml' ... done (1ms).
2025-06-04 14:59:23,512 INFO  SumoAmbassador - Process sumo: Loading additional-files from 'prog_semafores.add.xml' ... done (0ms).
2025-06-04 14:59:23,512 INFO  SumoAmbassador - Process sumo: Loading done.
2025-06-04 14:59:23,512 ERROR SumoAmbassador - Process sumo: Warning: Missing green phase in tlLogic '443800958', program '0' for tl-index 3.
2025-06-04 14:59:23,512 INFO  SumoAmbassador - Process sumo: Simulation version 1.18.0 started with time: 0.00.
2025-06-04 14:59:23,520 INFO  SumoAmbassador - Current API version of SUMO is 20 (=SUMO 1.18.*)
2025-06-04 14:59:23,573 WARN  TrafficLightGetControlledJunctions - Could not return list of controlled junctions for traffic light. Not implemented in SUMO yet.
2025-06-04 14:59:23,587 INFO  SumoAmbassador - TrafficLightSubscription interaction received at simulation time 0.000,000,000 s: Subscribe to Traffic light group with ID=443800958
2025-06-04 14:59:23,602 INFO  SumoAmbassador - Receive TrafficLightStateChange request
2025-06-04 14:59:23,603 INFO  SumoAmbassador - Changing program of traffic light group '443800958' to program id '3'
2025-06-04 14:59:23,612 INFO  SumoAmbassador - VehicleRegistration from RTI "veh_0" received at simulation time 5000000000 ns (subscribe=true)
2025-06-04 14:59:23,612 INFO  SumoAmbassador - VehicleRegistration from RTI "veh_1" received at simulation time 5000000000 ns (subscribe=true)
2025-06-04 14:59:23,612 INFO  SumoAmbassador - Adding new vehicle "veh_0" at simulation time 5000000000 ns (type=Car, routeId=r_0, laneId=best, departPos=0.00)
2025-06-04 14:59:23,614 INFO  SumoAmbassador - Adding new vehicle "veh_1" at simulation time 5000000000 ns (type=Car_0, routeId=r_1, laneId=best, departPos=0.00)
2025-06-04 14:59:23,663 INFO  SumoAmbassador - VehicleRegistration from RTI "veh_2" received at simulation time 15285714285 ns (subscribe=true)
2025-06-04 14:59:23,663 INFO  SumoAmbassador - VehicleRegistration from RTI "veh_3" received at simulation time 15285714285 ns (subscribe=true)
2025-06-04 14:59:23,666 INFO  SumoAmbassador - Adding new vehicle "veh_2" at simulation time 15285714285 ns (type=Car, routeId=r_0, laneId=best, departPos=0.00)
2025-06-04 14:59:23,667 INFO  SumoAmbassador - Adding new vehicle "veh_3" at simulation time 15285714285 ns (type=Car_0, routeId=r_1, laneId=best, departPos=0.00)
2025-06-04 14:59:23,713 INFO  SumoAmbassador - VehicleRegistration from RTI "veh_4" received at simulation time 25571428570 ns (subscribe=true)
2025-06-04 14:59:23,713 INFO  SumoAmbassador - VehicleRegistration from RTI "veh_5" received at simulation time 25571428570 ns (subscribe=true)
2025-06-04 14:59:23,717 INFO  SumoAmbassador - Adding new vehicle "veh_4" at simulation time 25571428570 ns (type=Car, routeId=r_0, laneId=best, departPos=0.00)
2025-06-04 14:59:23,717 INFO  SumoAmbassador - Adding new vehicle "veh_5" at simulation time 25571428570 ns (type=Car_0, routeId=r_1, laneId=best, departPos=0.00)
2025-06-04 14:59:23,759 INFO  SumoAmbassador - VehicleRegistration from RTI "veh_6" received at simulation time 35857142855 ns (subscribe=true)
2025-06-04 14:59:23,759 INFO  SumoAmbassador - VehicleRegistration from RTI "veh_7" received at simulation time 35857142855 ns (subscribe=true)
2025-06-04 14:59:23,763 INFO  SumoAmbassador - Adding new vehicle "veh_6" at simulation time 35857142855 ns (type=Car, routeId=r_0, laneId=best, departPos=0.00)
2025-06-04 14:59:23,764 INFO  SumoAmbassador - Adding new vehicle "veh_7" at simulation time 35857142855 ns (type=Car_0, routeId=r_1, laneId=best, departPos=0.00)
2025-06-04 14:59:23,820 INFO  SumoAmbassador - VehicleRegistration from RTI "veh_8" received at simulation time 46142857140 ns (subscribe=true)
2025-06-04 14:59:23,820 INFO  SumoAmbassador - VehicleRegistration from RTI "veh_9" received at simulation time 46142857140 ns (subscribe=true)
2025-06-04 14:59:23,826 INFO  SumoAmbassador - Adding new vehicle "veh_8" at simulation time 46142857140 ns (type=Car, routeId=r_0, laneId=best, departPos=0.00)
2025-06-04 14:59:23,827 INFO  SumoAmbassador - Adding new vehicle "veh_9" at simulation time 46142857140 ns (type=Car_0, routeId=r_1, laneId=best, departPos=0.00)
2025-06-04 14:59:23,886 INFO  SumoAmbassador - VehicleRegistration from RTI "veh_10" received at simulation time 56428571425 ns (subscribe=true)
2025-06-04 14:59:23,886 INFO  SumoAmbassador - VehicleRegistration from RTI "veh_11" received at simulation time 56428571425 ns (subscribe=true)
2025-06-04 14:59:23,891 INFO  SumoAmbassador - Adding new vehicle "veh_10" at simulation time 56428571425 ns (type=Car, routeId=r_0, laneId=best, departPos=0.00)
2025-06-04 14:59:23,892 INFO  SumoAmbassador - Adding new vehicle "veh_11" at simulation time 56428571425 ns (type=Car_0, routeId=r_1, laneId=best, departPos=0.00)
2025-06-04 14:59:23,948 INFO  SumoAmbassador - VehicleRegistration from RTI "veh_12" received at simulation time 66714285710 ns (subscribe=true)
2025-06-04 14:59:23,948 INFO  SumoAmbassador - VehicleRegistration from RTI "veh_13" received at simulation time 66714285710 ns (subscribe=true)
2025-06-04 14:59:23,954 INFO  SumoAmbassador - Adding new vehicle "veh_12" at simulation time 66714285710 ns (type=Car, routeId=r_0, laneId=best, departPos=0.00)
2025-06-04 14:59:23,955 INFO  SumoAmbassador - Adding new vehicle "veh_13" at simulation time 66714285710 ns (type=Car_0, routeId=r_1, laneId=best, departPos=0.00)
2025-06-04 14:59:24,000 INFO  SumoAmbassador - Receive TrafficLightStateChange request
2025-06-04 14:59:24,000 INFO  SumoAmbassador - Changing program of traffic light group '443800958' to program id '2'
2025-06-04 14:59:24,021 INFO  SumoAmbassador - VehicleRegistration from RTI "veh_14" received at simulation time 76999999995 ns (subscribe=true)
2025-06-04 14:59:24,021 INFO  SumoAmbassador - VehicleRegistration from RTI "veh_15" received at simulation time 76999999995 ns (subscribe=true)
2025-06-04 14:59:24,030 INFO  SumoAmbassador - Adding new vehicle "veh_14" at simulation time 76999999995 ns (type=Car, routeId=r_0, laneId=best, departPos=0.00)
2025-06-04 14:59:24,031 INFO  SumoAmbassador - Adding new vehicle "veh_15" at simulation time 76999999995 ns (type=Car_0, routeId=r_1, laneId=best, departPos=0.00)
2025-06-04 14:59:24,087 INFO  SumoAmbassador - Receive TrafficLightStateChange request
2025-06-04 14:59:24,088 INFO  SumoAmbassador - Changing program of traffic light group '443800958' to program id '3'
2025-06-04 14:59:24,129 INFO  SumoAmbassador - VehicleRegistration from RTI "veh_16" received at simulation time 87285714280 ns (subscribe=true)
2025-06-04 14:59:24,129 INFO  SumoAmbassador - VehicleRegistration from RTI "veh_17" received at simulation time 87285714280 ns (subscribe=true)
2025-06-04 14:59:24,138 INFO  SumoAmbassador - Receive TrafficLightStateChange request
2025-06-04 14:59:24,138 INFO  SumoAmbassador - Changing program of traffic light group '443800958' to program id '0'
2025-06-04 14:59:24,139 INFO  SumoAmbassador - Adding new vehicle "veh_16" at simulation time 87285714280 ns (type=Car, routeId=r_0, laneId=best, departPos=0.00)
2025-06-04 14:59:24,140 INFO  SumoAmbassador - Adding new vehicle "veh_17" at simulation time 87285714280 ns (type=Car_0, routeId=r_1, laneId=best, departPos=0.00)
2025-06-04 14:59:24,230 INFO  SumoAmbassador - VehicleRegistration from RTI "veh_18" received at simulation time 97571428565 ns (subscribe=true)
2025-06-04 14:59:24,230 INFO  SumoAmbassador - VehicleRegistration from RTI "veh_19" received at simulation time 97571428565 ns (subscribe=true)
2025-06-04 14:59:24,238 INFO  SumoAmbassador - Receive TrafficLightStateChange request
2025-06-04 14:59:24,238 INFO  SumoAmbassador - Changing program of traffic light group '443800958' to program id '3'
2025-06-04 14:59:24,239 INFO  SumoAmbassador - Adding new vehicle "veh_18" at simulation time 97571428565 ns (type=Car, routeId=r_0, laneId=best, departPos=0.00)
2025-06-04 14:59:24,239 INFO  SumoAmbassador - Adding new vehicle "veh_19" at simulation time 97571428565 ns (type=Car_0, routeId=r_1, laneId=best, departPos=0.00)
2025-06-04 14:59:24,269 INFO  SimulationFacade - Removed vehicle "veh_3" at simulation time 102000000000ns
2025-06-04 14:59:24,286 INFO  SumoAmbassador - Receive TrafficLightStateChange request
2025-06-04 14:59:24,286 INFO  SumoAmbassador - Changing program of traffic light group '443800958' to program id '2'
2025-06-04 14:59:24,295 INFO  SimulationFacade - Removed vehicle "veh_1" at simulation time 105000000000ns
2025-06-04 14:59:24,316 INFO  SumoAmbassador - VehicleRegistration from RTI "veh_20" received at simulation time 107857142850 ns (subscribe=true)
2025-06-04 14:59:24,316 INFO  SumoAmbassador - VehicleRegistration from RTI "veh_21" received at simulation time 107857142850 ns (subscribe=true)
2025-06-04 14:59:24,324 INFO  SumoAmbassador - Adding new vehicle "veh_20" at simulation time 107857142850 ns (type=Car, routeId=r_0, laneId=best, departPos=0.00)
2025-06-04 14:59:24,325 INFO  SumoAmbassador - Adding new vehicle "veh_21" at simulation time 107857142850 ns (type=Car_0, routeId=r_1, laneId=best, departPos=0.00)
2025-06-04 14:59:24,372 INFO  SumoAmbassador - Receive TrafficLightStateChange request
2025-06-04 14:59:24,372 INFO  SumoAmbassador - Changing program of traffic light group '443800958' to program id '3'
2025-06-04 14:59:24,373 INFO  SumoAmbassador - Receive TrafficLightStateChange request
2025-06-04 14:59:24,373 INFO  SumoAmbassador - Changing program of traffic light group '443800958' to program id '2'
2025-06-04 14:59:24,417 INFO  SumoAmbassador - VehicleRegistration from RTI "veh_22" received at simulation time 118142857135 ns (subscribe=true)
2025-06-04 14:59:24,417 INFO  SumoAmbassador - VehicleRegistration from RTI "veh_23" received at simulation time 118142857135 ns (subscribe=true)
2025-06-04 14:59:24,426 INFO  SumoAmbassador - Adding new vehicle "veh_22" at simulation time 118142857135 ns (type=Car, routeId=r_0, laneId=best, departPos=0.00)
2025-06-04 14:59:24,427 INFO  SumoAmbassador - Adding new vehicle "veh_23" at simulation time 118142857135 ns (type=Car_0, routeId=r_1, laneId=best, departPos=0.00)
2025-06-04 14:59:24,473 INFO  SumoAmbassador - Receive TrafficLightStateChange request
2025-06-04 14:59:24,473 INFO  SumoAmbassador - Changing program of traffic light group '443800958' to program id '3'
2025-06-04 14:59:24,531 INFO  SumoAmbassador - Receive TrafficLightStateChange request
2025-06-04 14:59:24,531 INFO  SumoAmbassador - Changing program of traffic light group '443800958' to program id '2'
2025-06-04 14:59:24,532 INFO  SumoAmbassador - VehicleRegistration from RTI "veh_24" received at simulation time 128428571420 ns (subscribe=true)
2025-06-04 14:59:24,532 INFO  SumoAmbassador - VehicleRegistration from RTI "veh_25" received at simulation time 128428571420 ns (subscribe=true)
2025-06-04 14:59:24,544 INFO  SumoAmbassador - Adding new vehicle "veh_24" at simulation time 128428571420 ns (type=Car, routeId=r_0, laneId=best, departPos=0.00)
2025-06-04 14:59:24,545 INFO  SumoAmbassador - Adding new vehicle "veh_25" at simulation time 128428571420 ns (type=Car_0, routeId=r_1, laneId=best, departPos=0.00)
2025-06-04 14:59:24,669 INFO  SumoAmbassador - Receive TrafficLightStateChange request
2025-06-04 14:59:24,669 INFO  SumoAmbassador - Changing program of traffic light group '443800958' to program id '3'
2025-06-04 14:59:24,670 INFO  SumoAmbassador - VehicleRegistration from RTI "veh_26" received at simulation time 138714285705 ns (subscribe=true)
2025-06-04 14:59:24,670 INFO  SumoAmbassador - VehicleRegistration from RTI "veh_27" received at simulation time 138714285705 ns (subscribe=true)
2025-06-04 14:59:24,682 INFO  SumoAmbassador - Adding new vehicle "veh_26" at simulation time 138714285705 ns (type=Car, routeId=r_0, laneId=best, departPos=0.00)
2025-06-04 14:59:24,683 INFO  SumoAmbassador - Adding new vehicle "veh_27" at simulation time 138714285705 ns (type=Car_0, routeId=r_1, laneId=best, departPos=0.00)
2025-06-04 14:59:24,795 INFO  SumoAmbassador - VehicleRegistration from RTI "veh_28" received at simulation time 148999999990 ns (subscribe=true)
2025-06-04 14:59:24,795 INFO  SumoAmbassador - VehicleRegistration from RTI "veh_29" received at simulation time 148999999990 ns (subscribe=true)
2025-06-04 14:59:24,811 INFO  SumoAmbassador - Adding new vehicle "veh_28" at simulation time 148999999990 ns (type=Car, routeId=r_0, laneId=best, departPos=0.00)
2025-06-04 14:59:24,812 INFO  SumoAmbassador - Adding new vehicle "veh_29" at simulation time 148999999990 ns (type=Car_0, routeId=r_1, laneId=best, departPos=0.00)
2025-06-04 14:59:24,895 INFO  SimulationFacade - Removed vehicle "veh_5" at simulation time 156000000000ns
2025-06-04 14:59:25,177 INFO  SimulationFacade - Removed vehicle "veh_7" at simulation time 158000000000ns
2025-06-04 14:59:25,195 INFO  SimulationFacade - Removed vehicle "veh_9" at simulation time 159000000000ns
2025-06-04 14:59:25,213 INFO  SumoAmbassador - VehicleRegistration from RTI "veh_30" received at simulation time 159285714275 ns (subscribe=true)
2025-06-04 14:59:25,213 INFO  SumoAmbassador - VehicleRegistration from RTI "veh_31" received at simulation time 159285714275 ns (subscribe=true)
2025-06-04 14:59:25,215 INFO  SimulationFacade - Removed vehicle "veh_11" at simulation time 160000000000ns
2025-06-04 14:59:25,232 INFO  SumoAmbassador - Adding new vehicle "veh_30" at simulation time 159285714275 ns (type=Car, routeId=r_0, laneId=best, departPos=0.00)
2025-06-04 14:59:25,233 INFO  SumoAmbassador - Adding new vehicle "veh_31" at simulation time 159285714275 ns (type=Car_0, routeId=r_1, laneId=best, departPos=0.00)
2025-06-04 14:59:25,236 INFO  SimulationFacade - Removed vehicle "veh_4" at simulation time 161000000000ns
2025-06-04 14:59:25,251 INFO  SimulationFacade - Removed vehicle "veh_13" at simulation time 162000000000ns
2025-06-04 14:59:25,275 INFO  SimulationFacade - Removed vehicle "veh_15" at simulation time 164000000000ns
2025-06-04 14:59:25,275 INFO  SimulationFacade - Removed vehicle "veh_17" at simulation time 164000000000ns
2025-06-04 14:59:25,294 INFO  SumoAmbassador - Receive TrafficLightStateChange request
2025-06-04 14:59:25,294 INFO  SumoAmbassador - Changing program of traffic light group '443800958' to program id '0'
2025-06-04 14:59:25,296 INFO  SimulationFacade - Removed vehicle "veh_19" at simulation time 166000000000ns
2025-06-04 14:59:25,296 INFO  SimulationFacade - Removed vehicle "veh_21" at simulation time 166000000000ns
2025-06-04 14:59:25,315 INFO  SimulationFacade - Removed vehicle "veh_23" at simulation time 168000000000ns
2025-06-04 14:59:25,326 INFO  SimulationFacade - Removed vehicle "veh_2" at simulation time 169000000000ns
2025-06-04 14:59:25,424 INFO  SumoAmbassador - VehicleRegistration from RTI "veh_32" received at simulation time 169571428560 ns (subscribe=true)
2025-06-04 14:59:25,424 INFO  SumoAmbassador - VehicleRegistration from RTI "veh_33" received at simulation time 169571428560 ns (subscribe=true)
2025-06-04 14:59:25,433 INFO  SumoAmbassador - Adding new vehicle "veh_32" at simulation time 169571428560 ns (type=Car, routeId=r_0, laneId=best, departPos=0.00)
2025-06-04 14:59:25,434 INFO  SumoAmbassador - Adding new vehicle "veh_33" at simulation time 169571428560 ns (type=Car_0, routeId=r_1, laneId=best, departPos=0.00)
2025-06-04 14:59:25,458 INFO  SimulationFacade - Removed vehicle "veh_10" at simulation time 173000000000ns
2025-06-04 14:59:25,465 INFO  SimulationFacade - Removed vehicle "veh_0" at simulation time 174000000000ns
2025-06-04 14:59:25,473 INFO  SimulationFacade - Removed vehicle "veh_6" at simulation time 175000000000ns
2025-06-04 14:59:25,479 INFO  SumoAmbassador - Receive TrafficLightStateChange request
2025-06-04 14:59:25,479 INFO  SumoAmbassador - Changing program of traffic light group '443800958' to program id '3'
2025-06-04 14:59:25,493 INFO  SimulationFacade - Removed vehicle "veh_8" at simulation time 178000000000ns
2025-06-04 14:59:25,504 INFO  SumoAmbassador - VehicleRegistration from RTI "veh_34" received at simulation time 179857142845 ns (subscribe=true)
2025-06-04 14:59:25,504 INFO  SumoAmbassador - VehicleRegistration from RTI "veh_35" received at simulation time 179857142845 ns (subscribe=true)
2025-06-04 14:59:25,513 INFO  SumoAmbassador - Adding new vehicle "veh_34" at simulation time 179857142845 ns (type=Car, routeId=r_0, laneId=best, departPos=0.00)
2025-06-04 14:59:25,513 INFO  SumoAmbassador - Adding new vehicle "veh_35" at simulation time 179857142845 ns (type=Car_0, routeId=r_1, laneId=best, departPos=0.00)
2025-06-04 14:59:25,656 INFO  SumoAmbassador - VehicleRegistration from RTI "veh_36" received at simulation time 190142857130 ns (subscribe=true)
2025-06-04 14:59:25,656 INFO  SumoAmbassador - VehicleRegistration from RTI "veh_37" received at simulation time 190142857130 ns (subscribe=true)
2025-06-04 14:59:25,664 INFO  SumoAmbassador - Adding new vehicle "veh_36" at simulation time 190142857130 ns (type=Car, routeId=r_0, laneId=best, departPos=0.00)
2025-06-04 14:59:25,665 INFO  SumoAmbassador - Adding new vehicle "veh_37" at simulation time 190142857130 ns (type=Car_0, routeId=r_1, laneId=best, departPos=0.00)
2025-06-04 14:59:25,729 INFO  SimulationFacade - Removed vehicle "veh_12" at simulation time 197000000000ns
2025-06-04 14:59:25,818 INFO  SimulationFacade - Removed vehicle "veh_14" at simulation time 199000000000ns
2025-06-04 14:59:25,832 INFO  SumoAmbassador - VehicleRegistration from RTI "veh_38" received at simulation time 200428571415 ns (subscribe=true)
2025-06-04 14:59:25,832 INFO  SumoAmbassador - VehicleRegistration from RTI "veh_39" received at simulation time 200428571415 ns (subscribe=true)
2025-06-04 14:59:25,839 INFO  SumoAmbassador - Receive TrafficLightStateChange request
2025-06-04 14:59:25,839 INFO  SumoAmbassador - Changing program of traffic light group '443800958' to program id '2'
2025-06-04 14:59:25,840 INFO  SumoAmbassador - Adding new vehicle "veh_38" at simulation time 200428571415 ns (type=Car, routeId=r_0, laneId=best, departPos=0.00)
2025-06-04 14:59:25,841 INFO  SumoAmbassador - Adding new vehicle "veh_39" at simulation time 200428571415 ns (type=Car_0, routeId=r_1, laneId=best, departPos=0.00)
2025-06-04 14:59:25,926 INFO  SumoAmbassador - VehicleRegistration from RTI "veh_40" received at simulation time 210714285700 ns (subscribe=true)
2025-06-04 14:59:25,926 INFO  SumoAmbassador - VehicleRegistration from RTI "veh_41" received at simulation time 210714285700 ns (subscribe=true)
2025-06-04 14:59:26,007 INFO  SumoAmbassador - Receive TrafficLightStateChange request
2025-06-04 14:59:26,007 INFO  SumoAmbassador - Changing program of traffic light group '443800958' to program id '3'
2025-06-04 14:59:26,008 INFO  SumoAmbassador - Receive TrafficLightStateChange request
2025-06-04 14:59:26,008 INFO  SumoAmbassador - Changing program of traffic light group '443800958' to program id '2'
2025-06-04 14:59:26,008 INFO  SumoAmbassador - Adding new vehicle "veh_40" at simulation time 210714285700 ns (type=Car, routeId=r_0, laneId=best, departPos=0.00)
2025-06-04 14:59:26,009 INFO  SumoAmbassador - Adding new vehicle "veh_41" at simulation time 210714285700 ns (type=Car_0, routeId=r_1, laneId=best, departPos=0.00)
2025-06-04 14:59:26,094 INFO  SumoAmbassador - VehicleRegistration from RTI "veh_42" received at simulation time 220999999985 ns (subscribe=true)
2025-06-04 14:59:26,094 INFO  SumoAmbassador - VehicleRegistration from RTI "veh_43" received at simulation time 220999999985 ns (subscribe=true)
2025-06-04 14:59:26,102 INFO  SumoAmbassador - Receive TrafficLightStateChange request
2025-06-04 14:59:26,102 INFO  SumoAmbassador - Changing program of traffic light group '443800958' to program id '3'
2025-06-04 14:59:26,103 INFO  SumoAmbassador - Adding new vehicle "veh_42" at simulation time 220999999985 ns (type=Car, routeId=r_0, laneId=best, departPos=0.00)
2025-06-04 14:59:26,104 INFO  SumoAmbassador - Adding new vehicle "veh_43" at simulation time 220999999985 ns (type=Car_0, routeId=r_1, laneId=best, departPos=0.00)
2025-06-04 14:59:26,310 INFO  SumoAmbassador - VehicleRegistration from RTI "veh_44" received at simulation time 231285714270 ns (subscribe=true)
2025-06-04 14:59:26,310 INFO  SumoAmbassador - VehicleRegistration from RTI "veh_45" received at simulation time 231285714270 ns (subscribe=true)
2025-06-04 14:59:26,320 INFO  SumoAmbassador - Receive TrafficLightStateChange request
2025-06-04 14:59:26,320 INFO  SumoAmbassador - Changing program of traffic light group '443800958' to program id '0'
2025-06-04 14:59:26,321 INFO  SumoAmbassador - Adding new vehicle "veh_44" at simulation time 231285714270 ns (type=Car, routeId=r_0, laneId=best, departPos=0.00)
2025-06-04 14:59:26,322 INFO  SumoAmbassador - Adding new vehicle "veh_45" at simulation time 231285714270 ns (type=Car_0, routeId=r_1, laneId=best, departPos=0.00)
2025-06-04 14:59:26,459 INFO  SimulationFacade - Removed vehicle "veh_27" at simulation time 241000000000ns
2025-06-04 14:59:26,473 INFO  SumoAmbassador - VehicleRegistration from RTI "veh_46" received at simulation time 241571428555 ns (subscribe=true)
2025-06-04 14:59:26,473 INFO  SumoAmbassador - VehicleRegistration from RTI "veh_47" received at simulation time 241571428555 ns (subscribe=true)
2025-06-04 14:59:26,492 INFO  SumoAmbassador - Receive TrafficLightStateChange request
2025-06-04 14:59:26,492 INFO  SumoAmbassador - Changing program of traffic light group '443800958' to program id '3'
2025-06-04 14:59:26,493 INFO  SumoAmbassador - Adding new vehicle "veh_46" at simulation time 241571428555 ns (type=Car, routeId=r_0, laneId=best, departPos=0.00)
2025-06-04 14:59:26,494 INFO  SumoAmbassador - Adding new vehicle "veh_47" at simulation time 241571428555 ns (type=Car_0, routeId=r_1, laneId=best, departPos=0.00)
2025-06-04 14:59:26,496 INFO  SimulationFacade - Removed vehicle "veh_18" at simulation time 243000000000ns
2025-06-04 14:59:26,496 INFO  SimulationFacade - Removed vehicle "veh_25" at simulation time 243000000000ns
2025-06-04 14:59:26,496 INFO  SimulationFacade - Removed vehicle "veh_29" at simulation time 243000000000ns
2025-06-04 14:59:26,527 INFO  SimulationFacade - Removed vehicle "veh_33" at simulation time 245000000000ns
2025-06-04 14:59:26,528 INFO  SimulationFacade - Removed vehicle "veh_31" at simulation time 245000000000ns
2025-06-04 14:59:26,627 INFO  SimulationFacade - Removed vehicle "veh_35" at simulation time 247000000000ns
2025-06-04 14:59:26,644 INFO  SimulationFacade - Removed vehicle "veh_16" at simulation time 249000000000ns
2025-06-04 14:59:26,644 INFO  SimulationFacade - Removed vehicle "veh_39" at simulation time 249000000000ns
2025-06-04 14:59:26,651 INFO  SimulationFacade - Removed vehicle "veh_22" at simulation time 250000000000ns
2025-06-04 14:59:26,658 INFO  SimulationFacade - Removed vehicle "veh_20" at simulation time 251000000000ns
2025-06-04 14:59:26,664 INFO  SumoAmbassador - VehicleRegistration from RTI "veh_48" received at simulation time 251857142840 ns (subscribe=true)
2025-06-04 14:59:26,664 INFO  SumoAmbassador - VehicleRegistration from RTI "veh_49" received at simulation time 251857142840 ns (subscribe=true)
2025-06-04 14:59:26,665 INFO  SimulationFacade - Removed vehicle "veh_26" at simulation time 252000000000ns
2025-06-04 14:59:26,670 INFO  SumoAmbassador - Adding new vehicle "veh_48" at simulation time 251857142840 ns (type=Car, routeId=r_0, laneId=best, departPos=0.00)
2025-06-04 14:59:26,671 INFO  SumoAmbassador - Adding new vehicle "veh_49" at simulation time 251857142840 ns (type=Car_0, routeId=r_1, laneId=best, departPos=0.00)
2025-06-04 14:59:26,673 INFO  SimulationFacade - Removed vehicle "veh_37" at simulation time 253000000000ns
2025-06-04 14:59:26,673 INFO  SimulationFacade - Removed vehicle "veh_24" at simulation time 253000000000ns
2025-06-04 14:59:26,730 INFO  SumoAmbassador - VehicleRegistration from RTI "veh_50" received at simulation time 262142857125 ns (subscribe=true)
2025-06-04 14:59:26,730 INFO  SumoAmbassador - VehicleRegistration from RTI "veh_51" received at simulation time 262142857125 ns (subscribe=true)
2025-06-04 14:59:26,738 INFO  SumoAmbassador - Adding new vehicle "veh_50" at simulation time 262142857125 ns (type=Car, routeId=r_0, laneId=best, departPos=0.00)
2025-06-04 14:59:26,739 INFO  SumoAmbassador - Adding new vehicle "veh_51" at simulation time 262142857125 ns (type=Car_0, routeId=r_1, laneId=best, departPos=0.00)
2025-06-04 14:59:26,878 INFO  SumoAmbassador - VehicleRegistration from RTI "veh_52" received at simulation time 272428571410 ns (subscribe=true)
2025-06-04 14:59:26,878 INFO  SumoAmbassador - VehicleRegistration from RTI "veh_53" received at simulation time 272428571410 ns (subscribe=true)
2025-06-04 14:59:26,884 INFO  SumoAmbassador - Adding new vehicle "veh_52" at simulation time 272428571410 ns (type=Car, routeId=r_0, laneId=best, departPos=0.00)
2025-06-04 14:59:26,885 INFO  SumoAmbassador - Adding new vehicle "veh_53" at simulation time 272428571410 ns (type=Car_0, routeId=r_1, laneId=best, departPos=0.00)
2025-06-04 14:59:26,925 INFO  SumoAmbassador - Receive TrafficLightStateChange request
2025-06-04 14:59:26,925 INFO  SumoAmbassador - Changing program of traffic light group '443800958' to program id '2'
2025-06-04 14:59:26,947 INFO  SumoAmbassador - VehicleRegistration from RTI "veh_54" received at simulation time 282714285695 ns (subscribe=true)
2025-06-04 14:59:26,947 INFO  SumoAmbassador - VehicleRegistration from RTI "veh_55" received at simulation time 282714285695 ns (subscribe=true)
2025-06-04 14:59:26,954 INFO  SumoAmbassador - Adding new vehicle "veh_54" at simulation time 282714285695 ns (type=Car, routeId=r_0, laneId=best, departPos=0.00)
2025-06-04 14:59:26,955 INFO  SumoAmbassador - Adding new vehicle "veh_55" at simulation time 282714285695 ns (type=Car_0, routeId=r_1, laneId=best, departPos=0.00)
2025-06-04 14:59:27,056 INFO  SumoAmbassador - Receive TrafficLightStateChange request
2025-06-04 14:59:27,056 INFO  SumoAmbassador - Changing program of traffic light group '443800958' to program id '3'
2025-06-04 14:59:27,057 INFO  SumoAmbassador - Receive TrafficLightStateChange request
2025-06-04 14:59:27,057 INFO  SumoAmbassador - Changing program of traffic light group '443800958' to program id '2'
2025-06-04 14:59:27,080 INFO  SumoAmbassador - VehicleRegistration from RTI "veh_56" received at simulation time 292999999980 ns (subscribe=true)
2025-06-04 14:59:27,080 INFO  SumoAmbassador - VehicleRegistration from RTI "veh_57" received at simulation time 292999999980 ns (subscribe=true)
2025-06-04 14:59:27,088 INFO  SumoAmbassador - Adding new vehicle "veh_56" at simulation time 292999999980 ns (type=Car, routeId=r_0, laneId=best, departPos=0.00)
2025-06-04 14:59:27,088 INFO  SumoAmbassador - Adding new vehicle "veh_57" at simulation time 292999999980 ns (type=Car_0, routeId=r_1, laneId=best, departPos=0.00)
2025-06-04 14:59:27,146 INFO  SumoAmbassador - Receive TrafficLightStateChange request
2025-06-04 14:59:27,146 INFO  SumoAmbassador - Changing program of traffic light group '443800958' to program id '3'
2025-06-04 14:59:27,185 INFO  SumoAmbassador - VehicleRegistration from RTI "veh_58" received at simulation time 303285714265 ns (subscribe=true)
2025-06-04 14:59:27,185 INFO  SumoAmbassador - VehicleRegistration from RTI "veh_59" received at simulation time 303285714265 ns (subscribe=true)
2025-06-04 14:59:27,195 INFO  SumoAmbassador - Adding new vehicle "veh_58" at simulation time 303285714265 ns (type=Car, routeId=r_0, laneId=best, departPos=0.00)
2025-06-04 14:59:27,196 INFO  SumoAmbassador - Adding new vehicle "veh_59" at simulation time 303285714265 ns (type=Car_0, routeId=r_1, laneId=best, departPos=0.00)
2025-06-04 14:59:27,262 INFO  SimulationFacade - Removed vehicle "veh_28" at simulation time 306000000000ns
2025-06-04 14:59:27,364 INFO  SumoAmbassador - VehicleRegistration from RTI "veh_60" received at simulation time 313571428550 ns (subscribe=true)
2025-06-04 14:59:27,364 INFO  SumoAmbassador - VehicleRegistration from RTI "veh_61" received at simulation time 313571428550 ns (subscribe=true)
2025-06-04 14:59:27,374 INFO  SumoAmbassador - Adding new vehicle "veh_60" at simulation time 313571428550 ns (type=Car, routeId=r_0, laneId=best, departPos=0.00)
2025-06-04 14:59:27,375 INFO  SumoAmbassador - Adding new vehicle "veh_61" at simulation time 313571428550 ns (type=Car_0, routeId=r_1, laneId=best, departPos=0.00)
2025-06-04 14:59:27,377 INFO  SimulationFacade - Removed vehicle "veh_32" at simulation time 315000000000ns
2025-06-04 14:59:27,389 INFO  SimulationFacade - Removed vehicle "veh_30" at simulation time 316000000000ns
2025-06-04 14:59:27,439 INFO  SimulationFacade - Removed vehicle "veh_36" at simulation time 317000000000ns
2025-06-04 14:59:27,447 INFO  SimulationFacade - Removed vehicle "veh_34" at simulation time 318000000000ns
2025-06-04 14:59:27,455 INFO  SimulationFacade - Removed vehicle "veh_40" at simulation time 319000000000ns
2025-06-04 14:59:27,462 INFO  SimulationFacade - Removed vehicle "veh_38" at simulation time 320000000000ns
2025-06-04 14:59:27,488 INFO  SumoAmbassador - VehicleRegistration from RTI "veh_62" received at simulation time 323857142835 ns (subscribe=true)
2025-06-04 14:59:27,488 INFO  SumoAmbassador - VehicleRegistration from RTI "veh_63" received at simulation time 323857142835 ns (subscribe=true)
2025-06-04 14:59:27,496 INFO  SumoAmbassador - Adding new vehicle "veh_62" at simulation time 323857142835 ns (type=Car, routeId=r_0, laneId=best, departPos=0.00)
2025-06-04 14:59:27,497 INFO  SumoAmbassador - Adding new vehicle "veh_63" at simulation time 323857142835 ns (type=Car_0, routeId=r_1, laneId=best, departPos=0.00)
2025-06-04 14:59:27,509 INFO  SumoAmbassador - Receive TrafficLightStateChange request
2025-06-04 14:59:27,509 INFO  SumoAmbassador - Changing program of traffic light group '443800958' to program id '2'
2025-06-04 14:59:27,517 INFO  SimulationFacade - Removed vehicle "veh_43" at simulation time 327000000000ns
2025-06-04 14:59:27,524 INFO  SimulationFacade - Removed vehicle "veh_41" at simulation time 328000000000ns
2025-06-04 14:59:27,531 INFO  SimulationFacade - Removed vehicle "veh_45" at simulation time 329000000000ns
2025-06-04 14:59:27,537 INFO  SimulationFacade - Removed vehicle "veh_47" at simulation time 330000000000ns
2025-06-04 14:59:27,564 INFO  SumoAmbassador - VehicleRegistration from RTI "veh_64" received at simulation time 334142857120 ns (subscribe=true)
2025-06-04 14:59:27,564 INFO  SumoAmbassador - VehicleRegistration from RTI "veh_65" received at simulation time 334142857120 ns (subscribe=true)
2025-06-04 14:59:27,570 INFO  SumoAmbassador - Receive TrafficLightStateChange request
2025-06-04 14:59:27,570 INFO  SumoAmbassador - Changing program of traffic light group '443800958' to program id '3'
2025-06-04 14:59:27,571 INFO  SumoAmbassador - Adding new vehicle "veh_64" at simulation time 334142857120 ns (type=Car, routeId=r_0, laneId=best, departPos=0.00)
2025-06-04 14:59:27,572 INFO  SumoAmbassador - Adding new vehicle "veh_65" at simulation time 334142857120 ns (type=Car_0, routeId=r_1, laneId=best, departPos=0.00)
2025-06-04 14:59:27,662 INFO  SimulationFacade - Removed vehicle "veh_44" at simulation time 342000000000ns
2025-06-04 14:59:27,680 INFO  SumoAmbassador - Receive TrafficLightStateChange request
2025-06-04 14:59:27,680 INFO  SumoAmbassador - Changing program of traffic light group '443800958' to program id '2'
2025-06-04 14:59:27,681 INFO  SumoAmbassador - VehicleRegistration from RTI "veh_66" received at simulation time 344428571405 ns (subscribe=true)
2025-06-04 14:59:27,681 INFO  SumoAmbassador - VehicleRegistration from RTI "veh_67" received at simulation time 344428571405 ns (subscribe=true)
2025-06-04 14:59:27,688 INFO  SumoAmbassador - Adding new vehicle "veh_66" at simulation time 344428571405 ns (type=Car, routeId=r_0, laneId=best, departPos=0.00)
2025-06-04 14:59:27,688 INFO  SumoAmbassador - Adding new vehicle "veh_67" at simulation time 344428571405 ns (type=Car_0, routeId=r_1, laneId=best, departPos=0.00)
2025-06-04 14:59:27,720 INFO  SimulationFacade - Removed vehicle "veh_42" at simulation time 350000000000ns
2025-06-04 14:59:27,747 INFO  SimulationFacade - Removed vehicle "veh_51" at simulation time 354000000000ns
2025-06-04 14:59:27,755 INFO  SumoAmbassador - Receive TrafficLightStateChange request
2025-06-04 14:59:27,755 INFO  SumoAmbassador - Changing program of traffic light group '443800958' to program id '3'
2025-06-04 14:59:27,757 INFO  SumoAmbassador - Receive TrafficLightStateChange request
2025-06-04 14:59:27,757 INFO  SumoAmbassador - Changing program of traffic light group '443800958' to program id '2'
2025-06-04 14:59:27,758 INFO  SumoAmbassador - VehicleRegistration from RTI "veh_68" received at simulation time 354714285690 ns (subscribe=true)
2025-06-04 14:59:27,758 INFO  SumoAmbassador - VehicleRegistration from RTI "veh_69" received at simulation time 354714285690 ns (subscribe=true)
2025-06-04 14:59:27,768 INFO  SumoAmbassador - Adding new vehicle "veh_68" at simulation time 354714285690 ns (type=Car, routeId=r_0, laneId=best, departPos=0.00)
2025-06-04 14:59:27,770 INFO  SumoAmbassador - Adding new vehicle "veh_69" at simulation time 354714285690 ns (type=Car_0, routeId=r_1, laneId=best, departPos=0.00)
2025-06-04 14:59:27,773 INFO  SimulationFacade - Removed vehicle "veh_48" at simulation time 356000000000ns
2025-06-04 14:59:27,785 INFO  SimulationFacade - Removed vehicle "veh_49" at simulation time 357000000000ns
2025-06-04 14:59:27,785 INFO  SimulationFacade - Removed vehicle "veh_46" at simulation time 357000000000ns
2025-06-04 14:59:27,880 INFO  SumoAmbassador - Receive TrafficLightStateChange request
2025-06-04 14:59:27,880 INFO  SumoAmbassador - Changing program of traffic light group '443800958' to program id '3'
2025-06-04 14:59:27,880 INFO  SumoAmbassador - VehicleRegistration from RTI "veh_70" received at simulation time 364999999975 ns (subscribe=true)
2025-06-04 14:59:27,880 INFO  SumoAmbassador - VehicleRegistration from RTI "veh_71" received at simulation time 364999999975 ns (subscribe=true)
2025-06-04 14:59:27,886 INFO  SumoAmbassador - Adding new vehicle "veh_70" at simulation time 364999999975 ns (type=Car, routeId=r_0, laneId=best, departPos=0.00)
2025-06-04 14:59:27,887 INFO  SumoAmbassador - Adding new vehicle "veh_71" at simulation time 364999999975 ns (type=Car_0, routeId=r_1, laneId=best, departPos=0.00)
2025-06-04 14:59:27,915 INFO  SumoAmbassador - Receive TrafficLightStateChange request
2025-06-04 14:59:27,915 INFO  SumoAmbassador - Changing program of traffic light group '443800958' to program id '2'
2025-06-04 14:59:27,957 INFO  SumoAmbassador - VehicleRegistration from RTI "veh_72" received at simulation time 375285714260 ns (subscribe=true)
2025-06-04 14:59:27,957 INFO  SumoAmbassador - VehicleRegistration from RTI "veh_73" received at simulation time 375285714260 ns (subscribe=true)
2025-06-04 14:59:27,965 INFO  SumoAmbassador - Adding new vehicle "veh_72" at simulation time 375285714260 ns (type=Car, routeId=r_0, laneId=best, departPos=0.00)
2025-06-04 14:59:27,965 INFO  SumoAmbassador - Adding new vehicle "veh_73" at simulation time 375285714260 ns (type=Car_0, routeId=r_1, laneId=best, departPos=0.00)
2025-06-04 14:59:27,991 INFO  SumoAmbassador - Receive TrafficLightStateChange request
2025-06-04 14:59:27,991 INFO  SumoAmbassador - Changing program of traffic light group '443800958' to program id '3'
2025-06-04 14:59:28,102 INFO  SumoAmbassador - VehicleRegistration from RTI "veh_74" received at simulation time 385571428545 ns (subscribe=true)
2025-06-04 14:59:28,102 INFO  SumoAmbassador - VehicleRegistration from RTI "veh_75" received at simulation time 385571428545 ns (subscribe=true)
2025-06-04 14:59:28,111 INFO  SumoAmbassador - Receive TrafficLightStateChange request
2025-06-04 14:59:28,111 INFO  SumoAmbassador - Changing program of traffic light group '443800958' to program id '2'
2025-06-04 14:59:28,112 INFO  SumoAmbassador - Adding new vehicle "veh_74" at simulation time 385571428545 ns (type=Car, routeId=r_0, laneId=best, departPos=0.00)
2025-06-04 14:59:28,113 INFO  SumoAmbassador - Adding new vehicle "veh_75" at simulation time 385571428545 ns (type=Car_0, routeId=r_1, laneId=best, departPos=0.00)
2025-06-04 14:59:28,272 INFO  SumoAmbassador - VehicleRegistration from RTI "veh_76" received at simulation time 395857142830 ns (subscribe=true)
2025-06-04 14:59:28,272 INFO  SumoAmbassador - VehicleRegistration from RTI "veh_77" received at simulation time 395857142830 ns (subscribe=true)
2025-06-04 14:59:28,285 INFO  SumoAmbassador - Receive TrafficLightStateChange request
2025-06-04 14:59:28,285 INFO  SumoAmbassador - Changing program of traffic light group '443800958' to program id '3'
2025-06-04 14:59:28,286 INFO  SumoAmbassador - Adding new vehicle "veh_76" at simulation time 395857142830 ns (type=Car, routeId=r_0, laneId=best, departPos=0.00)
2025-06-04 14:59:28,287 INFO  SumoAmbassador - Adding new vehicle "veh_77" at simulation time 395857142830 ns (type=Car_0, routeId=r_1, laneId=best, departPos=0.00)
2025-06-04 14:59:28,289 INFO  SumoAmbassador - Process sumo: Step #0.00 (0ms ?*RT. ?UPS, TraCI: 67ms, vehicles TOT 0 ACT 0 BUF 0)                      
2025-06-04 14:59:28,289 INFO  SumoAmbassador - Process sumo: Step #100.00 (0ms ?*RT. ?UPS, TraCI: 9ms, vehicles TOT 20 ACT 20 BUF 0)                   
2025-06-04 14:59:28,289 INFO  SumoAmbassador - Process sumo: Step #200.00 (0ms ?*RT. ?UPS, TraCI: 7ms, vehicles TOT 38 ACT 18 BUF 0)                   
2025-06-04 14:59:28,289 INFO  SumoAmbassador - Process sumo: Step #300.00 (0ms ?*RT. ?UPS, TraCI: 10ms, vehicles TOT 58 ACT 24 BUF 0)                  
2025-06-04 14:59:28,292 ERROR SumoAmbassador - Process sumo: Warning: Vehicle 'veh_73' performs emergency stop at the end of lane '37842092_441803339_443800958_0' because of a red traffic light (decel=-8.23, offset=3.70), time=396.00.
2025-06-04 14:59:28,398 INFO  SumoAmbassador - VehicleRegistration from RTI "veh_78" received at simulation time 406142857115 ns (subscribe=true)
2025-06-04 14:59:28,398 INFO  SumoAmbassador - VehicleRegistration from RTI "veh_79" received at simulation time 406142857115 ns (subscribe=true)
2025-06-04 14:59:28,398 INFO  SimulationFacade - Removed vehicle "veh_55" at simulation time 407000000000ns
2025-06-04 14:59:28,442 INFO  SumoAmbassador - Adding new vehicle "veh_78" at simulation time 406142857115 ns (type=Car, routeId=r_0, laneId=best, departPos=0.00)
2025-06-04 14:59:28,443 INFO  SumoAmbassador - Adding new vehicle "veh_79" at simulation time 406142857115 ns (type=Car_0, routeId=r_1, laneId=best, departPos=0.00)
2025-06-04 14:59:28,501 INFO  SumoAmbassador - Receive TrafficLightStateChange request
2025-06-04 14:59:28,501 INFO  SumoAmbassador - Changing program of traffic light group '443800958' to program id '0'
2025-06-04 14:59:28,524 INFO  SimulationFacade - Removed vehicle "veh_53" at simulation time 415000000000ns
2025-06-04 14:59:28,535 INFO  SimulationFacade - Removed vehicle "veh_57" at simulation time 416000000000ns
2025-06-04 14:59:28,535 INFO  SimulationFacade - Removed vehicle "veh_52" at simulation time 416000000000ns
2025-06-04 14:59:28,535 INFO  SimulationFacade - Removed vehicle "veh_50" at simulation time 416000000000ns
2025-06-04 14:59:28,544 INFO  SumoAmbassador - VehicleRegistration from RTI "veh_80" received at simulation time 416428571400 ns (subscribe=true)
2025-06-04 14:59:28,544 INFO  SumoAmbassador - VehicleRegistration from RTI "veh_81" received at simulation time 416428571400 ns (subscribe=true)
2025-06-04 14:59:28,553 INFO  SumoAmbassador - Adding new vehicle "veh_80" at simulation time 416428571400 ns (type=Car, routeId=r_0, laneId=best, departPos=0.00)
2025-06-04 14:59:28,553 INFO  SumoAmbassador - Adding new vehicle "veh_81" at simulation time 416428571400 ns (type=Car_0, routeId=r_1, laneId=best, departPos=0.00)
2025-06-04 14:59:28,555 INFO  SimulationFacade - Removed vehicle "veh_54" at simulation time 418000000000ns
2025-06-04 14:59:28,566 INFO  SimulationFacade - Removed vehicle "veh_61" at simulation time 419000000000ns
2025-06-04 14:59:28,574 INFO  SimulationFacade - Removed vehicle "veh_59" at simulation time 420000000000ns
2025-06-04 14:59:28,582 INFO  SimulationFacade - Removed vehicle "veh_65" at simulation time 421000000000ns
2025-06-04 14:59:28,589 INFO  SimulationFacade - Removed vehicle "veh_63" at simulation time 422000000000ns
2025-06-04 14:59:28,653 INFO  SumoAmbassador - Receive TrafficLightStateChange request
2025-06-04 14:59:28,653 INFO  SumoAmbassador - Changing program of traffic light group '443800958' to program id '3'
2025-06-04 14:59:28,654 INFO  SimulationFacade - Removed vehicle "veh_69" at simulation time 423000000000ns
2025-06-04 14:59:28,654 INFO  SimulationFacade - Removed vehicle "veh_60" at simulation time 423000000000ns
2025-06-04 14:59:28,662 INFO  SimulationFacade - Removed vehicle "veh_56" at simulation time 424000000000ns
2025-06-04 14:59:28,662 INFO  SimulationFacade - Removed vehicle "veh_67" at simulation time 424000000000ns
2025-06-04 14:59:28,680 INFO  SumoAmbassador - VehicleRegistration from RTI "veh_82" received at simulation time 426714285685 ns (subscribe=true)
2025-06-04 14:59:28,680 INFO  SumoAmbassador - VehicleRegistration from RTI "veh_83" received at simulation time 426714285685 ns (subscribe=true)
2025-06-04 14:59:28,681 INFO  SimulationFacade - Removed vehicle "veh_58" at simulation time 427000000000ns
2025-06-04 14:59:28,681 INFO  SimulationFacade - Removed vehicle "veh_71" at simulation time 427000000000ns
2025-06-04 14:59:28,686 INFO  SumoAmbassador - Adding new vehicle "veh_82" at simulation time 426714285685 ns (type=Car, routeId=r_0, laneId=best, departPos=0.00)
2025-06-04 14:59:28,687 INFO  SumoAmbassador - Adding new vehicle "veh_83" at simulation time 426714285685 ns (type=Car_0, routeId=r_1, laneId=best, departPos=0.00)
2025-06-04 14:59:28,728 INFO  SimulationFacade - Removed vehicle "veh_62" at simulation time 435000000000ns
2025-06-04 14:59:28,737 INFO  SumoAmbassador - VehicleRegistration from RTI "veh_84" received at simulation time 436999999970 ns (subscribe=true)
2025-06-04 14:59:28,737 INFO  SumoAmbassador - VehicleRegistration from RTI "veh_85" received at simulation time 436999999970 ns (subscribe=true)
2025-06-04 14:59:28,742 INFO  SumoAmbassador - Adding new vehicle "veh_84" at simulation time 436999999970 ns (type=Car, routeId=r_0, laneId=best, departPos=0.00)
2025-06-04 14:59:28,742 INFO  SumoAmbassador - Adding new vehicle "veh_85" at simulation time 436999999970 ns (type=Car_0, routeId=r_1, laneId=best, departPos=0.00)
2025-06-04 14:59:28,854 INFO  SumoAmbassador - VehicleRegistration from RTI "veh_86" received at simulation time 447285714255 ns (subscribe=true)
2025-06-04 14:59:28,854 INFO  SumoAmbassador - VehicleRegistration from RTI "veh_87" received at simulation time 447285714255 ns (subscribe=true)
2025-06-04 14:59:28,859 INFO  SumoAmbassador - Receive TrafficLightStateChange request
2025-06-04 14:59:28,859 INFO  SumoAmbassador - Changing program of traffic light group '443800958' to program id '2'
2025-06-04 14:59:28,860 INFO  SumoAmbassador - Adding new vehicle "veh_86" at simulation time 447285714255 ns (type=Car, routeId=r_0, laneId=best, departPos=0.00)
2025-06-04 14:59:28,860 INFO  SumoAmbassador - Adding new vehicle "veh_87" at simulation time 447285714255 ns (type=Car_0, routeId=r_1, laneId=best, departPos=0.00)
2025-06-04 14:59:28,917 INFO  SumoAmbassador - VehicleRegistration from RTI "veh_88" received at simulation time 457571428540 ns (subscribe=true)
2025-06-04 14:59:28,917 INFO  SumoAmbassador - VehicleRegistration from RTI "veh_89" received at simulation time 457571428540 ns (subscribe=true)
2025-06-04 14:59:28,924 INFO  SumoAmbassador - Receive TrafficLightStateChange request
2025-06-04 14:59:28,924 INFO  SumoAmbassador - Changing program of traffic light group '443800958' to program id '3'
2025-06-04 14:59:28,924 INFO  SumoAmbassador - Adding new vehicle "veh_88" at simulation time 457571428540 ns (type=Car, routeId=r_0, laneId=best, departPos=0.00)
2025-06-04 14:59:28,925 INFO  SumoAmbassador - Adding new vehicle "veh_89" at simulation time 457571428540 ns (type=Car_0, routeId=r_1, laneId=best, departPos=0.00)
2025-06-04 14:59:28,962 INFO  SumoAmbassador - Receive TrafficLightStateChange request
2025-06-04 14:59:28,962 INFO  SumoAmbassador - Changing program of traffic light group '443800958' to program id '2'
2025-06-04 14:59:28,994 INFO  SumoAmbassador - VehicleRegistration from RTI "veh_90" received at simulation time 467857142825 ns (subscribe=true)
2025-06-04 14:59:28,994 INFO  SumoAmbassador - VehicleRegistration from RTI "veh_91" received at simulation time 467857142825 ns (subscribe=true)
2025-06-04 14:59:29,059 INFO  SumoAmbassador - Adding new vehicle "veh_90" at simulation time 467857142825 ns (type=Car, routeId=r_0, laneId=best, departPos=0.00)
2025-06-04 14:59:29,059 INFO  SumoAmbassador - Adding new vehicle "veh_91" at simulation time 467857142825 ns (type=Car_0, routeId=r_1, laneId=best, departPos=0.00)
2025-06-04 14:59:29,101 INFO  SumoAmbassador - Receive TrafficLightStateChange request
2025-06-04 14:59:29,101 INFO  SumoAmbassador - Changing program of traffic light group '443800958' to program id '3'
2025-06-04 14:59:29,144 INFO  SumoAmbassador - VehicleRegistration from RTI "veh_92" received at simulation time 478142857110 ns (subscribe=true)
2025-06-04 14:59:29,144 INFO  SumoAmbassador - VehicleRegistration from RTI "veh_93" received at simulation time 478142857110 ns (subscribe=true)
2025-06-04 14:59:29,152 INFO  SumoAmbassador - Adding new vehicle "veh_92" at simulation time 478142857110 ns (type=Car, routeId=r_0, laneId=best, departPos=0.00)
2025-06-04 14:59:29,153 INFO  SumoAmbassador - Adding new vehicle "veh_93" at simulation time 478142857110 ns (type=Car_0, routeId=r_1, laneId=best, departPos=0.00)
2025-06-04 14:59:29,281 INFO  SimulationFacade - Removed vehicle "veh_74" at simulation time 487000000000ns
2025-06-04 14:59:29,281 INFO  SimulationFacade - Removed vehicle "veh_70" at simulation time 487000000000ns
2025-06-04 14:59:29,302 INFO  SumoAmbassador - VehicleRegistration from RTI "veh_94" received at simulation time 488428571395 ns (subscribe=true)
2025-06-04 14:59:29,302 INFO  SumoAmbassador - VehicleRegistration from RTI "veh_95" received at simulation time 488428571395 ns (subscribe=true)
2025-06-04 14:59:29,313 INFO  SumoAmbassador - Adding new vehicle "veh_94" at simulation time 488428571395 ns (type=Car, routeId=r_0, laneId=best, departPos=0.00)
2025-06-04 14:59:29,313 INFO  SumoAmbassador - Adding new vehicle "veh_95" at simulation time 488428571395 ns (type=Car_0, routeId=r_1, laneId=best, departPos=0.00)
2025-06-04 14:59:29,337 INFO  SimulationFacade - Removed vehicle "veh_73" at simulation time 492000000000ns
2025-06-04 14:59:29,355 INFO  SimulationFacade - Removed vehicle "veh_77" at simulation time 494000000000ns
2025-06-04 14:59:29,355 INFO  SimulationFacade - Removed vehicle "veh_66" at simulation time 494000000000ns
2025-06-04 14:59:29,363 INFO  SimulationFacade - Removed vehicle "veh_75" at simulation time 495000000000ns
2025-06-04 14:59:29,370 INFO  SimulationFacade - Removed vehicle "veh_72" at simulation time 496000000000ns
2025-06-04 14:59:29,377 INFO  SimulationFacade - Removed vehicle "veh_81" at simulation time 497000000000ns
2025-06-04 14:59:29,377 INFO  SimulationFacade - Removed vehicle "veh_79" at simulation time 497000000000ns
2025-06-04 14:59:29,388 INFO  SumoAmbassador - VehicleRegistration from RTI "veh_96" received at simulation time 498714285680 ns (subscribe=true)
2025-06-04 14:59:29,388 INFO  SumoAmbassador - VehicleRegistration from RTI "veh_97" received at simulation time 498714285680 ns (subscribe=true)
2025-06-04 14:59:29,438 INFO  SumoAmbassador - Adding new vehicle "veh_96" at simulation time 498714285680 ns (type=Car, routeId=r_0, laneId=best, departPos=0.00)
2025-06-04 14:59:29,439 INFO  SumoAmbassador - Adding new vehicle "veh_97" at simulation time 498714285680 ns (type=Car_0, routeId=r_1, laneId=best, departPos=0.00)
2025-06-04 14:59:29,440 INFO  SimulationFacade - Removed vehicle "veh_85" at simulation time 500000000000ns
2025-06-04 14:59:29,450 INFO  SimulationFacade - Removed vehicle "veh_83" at simulation time 501000000000ns
2025-06-04 14:59:29,461 INFO  SimulationFacade - Removed vehicle "veh_87" at simulation time 503000000000ns
2025-06-04 14:59:29,484 INFO  SimulationFacade - Removed vehicle "veh_68" at simulation time 507000000000ns
2025-06-04 14:59:29,484 INFO  SimulationFacade - Removed vehicle "veh_64" at simulation time 507000000000ns
2025-06-04 14:59:29,492 INFO  SumoAmbassador - VehicleRegistration from RTI "veh_98" received at simulation time 508999999965 ns (subscribe=true)
2025-06-04 14:59:29,492 INFO  SumoAmbassador - VehicleRegistration from RTI "veh_99" received at simulation time 508999999965 ns (subscribe=true)
2025-06-04 14:59:29,497 INFO  SumoAmbassador - Adding new vehicle "veh_98" at simulation time 508999999965 ns (type=Car, routeId=r_0, laneId=best, departPos=0.00)
2025-06-04 14:59:29,498 INFO  SumoAmbassador - Adding new vehicle "veh_99" at simulation time 508999999965 ns (type=Car_0, routeId=r_1, laneId=best, departPos=0.00)
2025-06-04 14:59:29,538 INFO  SimulationFacade - Removed vehicle "veh_82" at simulation time 517000000000ns
2025-06-04 14:59:29,547 INFO  SimulationFacade - Removed vehicle "veh_80" at simulation time 519000000000ns
2025-06-04 14:59:29,551 INFO  SumoAmbassador - VehicleRegistration from RTI "veh_100" received at simulation time 519285714250 ns (subscribe=true)
2025-06-04 14:59:29,551 INFO  SumoAmbassador - VehicleRegistration from RTI "veh_101" received at simulation time 519285714250 ns (subscribe=true)
2025-06-04 14:59:29,552 INFO  SimulationFacade - Removed vehicle "veh_78" at simulation time 520000000000ns
2025-06-04 14:59:29,556 INFO  SumoAmbassador - Adding new vehicle "veh_100" at simulation time 519285714250 ns (type=Car, routeId=r_0, laneId=best, departPos=0.00)
2025-06-04 14:59:29,557 INFO  SumoAmbassador - Adding new vehicle "veh_101" at simulation time 519285714250 ns (type=Car_0, routeId=r_1, laneId=best, departPos=0.00)
2025-06-04 14:59:29,577 INFO  SumoAmbassador - Receive TrafficLightStateChange request
2025-06-04 14:59:29,577 INFO  SumoAmbassador - Changing program of traffic light group '443800958' to program id '0'
2025-06-04 14:59:29,587 INFO  SimulationFacade - Removed vehicle "veh_76" at simulation time 527000000000ns
2025-06-04 14:59:29,660 INFO  SumoAmbassador - VehicleRegistration from RTI "veh_102" received at simulation time 529571428535 ns (subscribe=true)
2025-06-04 14:59:29,660 INFO  SumoAmbassador - VehicleRegistration from RTI "veh_103" received at simulation time 529571428535 ns (subscribe=true)
2025-06-04 14:59:29,665 INFO  SumoAmbassador - Adding new vehicle "veh_102" at simulation time 529571428535 ns (type=Car, routeId=r_0, laneId=best, departPos=0.00)
2025-06-04 14:59:29,666 INFO  SumoAmbassador - Adding new vehicle "veh_103" at simulation time 529571428535 ns (type=Car_0, routeId=r_1, laneId=best, departPos=0.00)
2025-06-04 14:59:29,710 INFO  SumoAmbassador - Receive TrafficLightStateChange request
2025-06-04 14:59:29,710 INFO  SumoAmbassador - Changing program of traffic light group '443800958' to program id '3'
2025-06-04 14:59:29,710 INFO  SumoAmbassador - Receive TrafficLightStateChange request
2025-06-04 14:59:29,710 INFO  SumoAmbassador - Changing program of traffic light group '443800958' to program id '2'
2025-06-04 14:59:29,734 INFO  SumoAmbassador - VehicleRegistration from RTI "veh_104" received at simulation time 539857142820 ns (subscribe=true)
2025-06-04 14:59:29,734 INFO  SumoAmbassador - VehicleRegistration from RTI "veh_105" received at simulation time 539857142820 ns (subscribe=true)
2025-06-04 14:59:29,740 INFO  SumoAmbassador - Adding new vehicle "veh_104" at simulation time 539857142820 ns (type=Car, routeId=r_0, laneId=best, departPos=0.00)
2025-06-04 14:59:29,741 INFO  SumoAmbassador - Adding new vehicle "veh_105" at simulation time 539857142820 ns (type=Car_0, routeId=r_1, laneId=best, departPos=0.00)
2025-06-04 14:59:29,765 INFO  SumoAmbassador - Receive TrafficLightStateChange request
2025-06-04 14:59:29,765 INFO  SumoAmbassador - Changing program of traffic light group '443800958' to program id '3'
2025-06-04 14:59:29,801 INFO  SumoAmbassador - Receive TrafficLightStateChange request
2025-06-04 14:59:29,801 INFO  SumoAmbassador - Changing program of traffic light group '443800958' to program id '2'
2025-06-04 14:59:29,870 INFO  SumoAmbassador - VehicleRegistration from RTI "veh_106" received at simulation time 550142857105 ns (subscribe=true)
2025-06-04 14:59:29,870 INFO  SumoAmbassador - VehicleRegistration from RTI "veh_107" received at simulation time 550142857105 ns (subscribe=true)
2025-06-04 14:59:29,877 INFO  SumoAmbassador - Adding new vehicle "veh_106" at simulation time 550142857105 ns (type=Car, routeId=r_0, laneId=best, departPos=0.00)
2025-06-04 14:59:29,878 INFO  SumoAmbassador - Adding new vehicle "veh_107" at simulation time 550142857105 ns (type=Car_0, routeId=r_1, laneId=best, departPos=0.00)
2025-06-04 14:59:29,960 INFO  SumoAmbassador - Receive TrafficLightStateChange request
2025-06-04 14:59:29,960 INFO  SumoAmbassador - Changing program of traffic light group '443800958' to program id '3'
2025-06-04 14:59:29,961 INFO  SumoAmbassador - Process sumo: Step #400.00 (0ms ?*RT. ?UPS, TraCI: 11ms, vehicles TOT 78 ACT 27 BUF 0)                  
2025-06-04 14:59:29,961 ERROR SumoAmbassador - Process sumo: Warning: Vehicle 'veh_105' performs emergency stop at the end of lane '37842092_441803339_443800958_0' because of a red traffic light (decel=-7.58, offset=1.78), time=559.00.
2025-06-04 14:59:29,961 INFO  SumoAmbassador - Process sumo: Step #500.00 (0ms ?*RT. ?UPS, TraCI: 10ms, vehicles TOT 98 ACT 19 BUF 0)                  
2025-06-04 14:59:29,970 INFO  SumoAmbassador - VehicleRegistration from RTI "veh_108" received at simulation time 560428571390 ns (subscribe=true)
2025-06-04 14:59:29,970 INFO  SumoAmbassador - VehicleRegistration from RTI "veh_109" received at simulation time 560428571390 ns (subscribe=true)
2025-06-04 14:59:29,979 INFO  SumoAmbassador - Adding new vehicle "veh_108" at simulation time 560428571390 ns (type=Car, routeId=r_0, laneId=best, departPos=0.00)
2025-06-04 14:59:29,979 INFO  SumoAmbassador - Adding new vehicle "veh_109" at simulation time 560428571390 ns (type=Car_0, routeId=r_1, laneId=best, departPos=0.00)
2025-06-04 14:59:30,115 INFO  SumoAmbassador - VehicleRegistration from RTI "veh_110" received at simulation time 570714285675 ns (subscribe=true)
2025-06-04 14:59:30,115 INFO  SumoAmbassador - VehicleRegistration from RTI "veh_111" received at simulation time 570714285675 ns (subscribe=true)
2025-06-04 14:59:30,124 INFO  SumoAmbassador - Adding new vehicle "veh_110" at simulation time 570714285675 ns (type=Car, routeId=r_0, laneId=best, departPos=0.00)
2025-06-04 14:59:30,125 INFO  SumoAmbassador - Adding new vehicle "veh_111" at simulation time 570714285675 ns (type=Car_0, routeId=r_1, laneId=best, departPos=0.00)
2025-06-04 14:59:30,156 INFO  SimulationFacade - Removed vehicle "veh_91" at simulation time 575000000000ns
2025-06-04 14:59:30,194 INFO  SimulationFacade - Removed vehicle "veh_95" at simulation time 579000000000ns
2025-06-04 14:59:30,248 INFO  SumoAmbassador - VehicleRegistration from RTI "veh_112" received at simulation time 580999999960 ns (subscribe=true)
2025-06-04 14:59:30,248 INFO  SumoAmbassador - VehicleRegistration from RTI "veh_113" received at simulation time 580999999960 ns (subscribe=true)
2025-06-04 14:59:30,249 INFO  SimulationFacade - Removed vehicle "veh_89" at simulation time 581000000000ns
2025-06-04 14:59:30,256 INFO  SumoAmbassador - Adding new vehicle "veh_112" at simulation time 580999999960 ns (type=Car, routeId=r_0, laneId=best, departPos=0.00)
2025-06-04 14:59:30,257 INFO  SumoAmbassador - Adding new vehicle "veh_113" at simulation time 580999999960 ns (type=Car_0, routeId=r_1, laneId=best, departPos=0.00)
2025-06-04 14:59:30,258 INFO  SimulationFacade - Removed vehicle "veh_99" at simulation time 582000000000ns
2025-06-04 14:59:30,268 INFO  SimulationFacade - Removed vehicle "veh_93" at simulation time 583000000000ns
2025-06-04 14:59:30,283 INFO  SimulationFacade - Removed vehicle "veh_97" at simulation time 585000000000ns
2025-06-04 14:59:30,303 INFO  SimulationFacade - Removed vehicle "veh_101" at simulation time 587000000000ns
2025-06-04 14:59:30,326 INFO  SimulationFacade - Removed vehicle "veh_103" at simulation time 590000000000ns
2025-06-04 14:59:30,341 INFO  SumoAmbassador - VehicleRegistration from RTI "veh_114" received at simulation time 591285714245 ns (subscribe=true)
2025-06-04 14:59:30,341 INFO  SumoAmbassador - VehicleRegistration from RTI "veh_115" received at simulation time 591285714245 ns (subscribe=true)
2025-06-04 14:59:30,348 INFO  SumoAmbassador - Adding new vehicle "veh_114" at simulation time 591285714245 ns (type=Car, routeId=r_0, laneId=best, departPos=0.00)
2025-06-04 14:59:30,349 INFO  SumoAmbassador - Adding new vehicle "veh_115" at simulation time 591285714245 ns (type=Car_0, routeId=r_1, laneId=best, departPos=0.00)
2025-06-04 14:59:30,391 INFO  SimulationFacade - Removed vehicle "veh_86" at simulation time 598000000000ns
2025-06-04 14:59:30,465 INFO  SumoAmbassador - VehicleRegistration from RTI "veh_116" received at simulation time 601571428530 ns (subscribe=true)
2025-06-04 14:59:30,465 INFO  SumoAmbassador - VehicleRegistration from RTI "veh_117" received at simulation time 601571428530 ns (subscribe=true)
2025-06-04 14:59:30,466 INFO  SimulationFacade - Removed vehicle "veh_88" at simulation time 602000000000ns
2025-06-04 14:59:30,473 INFO  SumoAmbassador - Receive TrafficLightStateChange request
2025-06-04 14:59:30,473 INFO  SumoAmbassador - Changing program of traffic light group '443800958' to program id '0'
2025-06-04 14:59:30,473 INFO  SumoAmbassador - Adding new vehicle "veh_116" at simulation time 601571428530 ns (type=Car, routeId=r_0, laneId=best, departPos=0.00)
2025-06-04 14:59:30,474 INFO  SumoAmbassador - Adding new vehicle "veh_117" at simulation time 601571428530 ns (type=Car_0, routeId=r_1, laneId=best, departPos=0.00)
2025-06-04 14:59:30,493 INFO  SimulationFacade - Removed vehicle "veh_84" at simulation time 605000000000ns
2025-06-04 14:59:30,508 INFO  SimulationFacade - Removed vehicle "veh_96" at simulation time 607000000000ns
2025-06-04 14:59:30,522 INFO  SimulationFacade - Removed vehicle "veh_94" at simulation time 609000000000ns
2025-06-04 14:59:30,540 INFO  SumoAmbassador - VehicleRegistration from RTI "veh_118" received at simulation time 611857142815 ns (subscribe=true)
2025-06-04 14:59:30,540 INFO  SumoAmbassador - VehicleRegistration from RTI "veh_119" received at simulation time 611857142815 ns (subscribe=true)
2025-06-04 14:59:30,540 INFO  SimulationFacade - Removed vehicle "veh_98" at simulation time 612000000000ns
2025-06-04 14:59:30,546 INFO  SumoAmbassador - Receive TrafficLightStateChange request
2025-06-04 14:59:30,546 INFO  SumoAmbassador - Changing program of traffic light group '443800958' to program id '3'
2025-06-04 14:59:30,546 INFO  SumoAmbassador - Adding new vehicle "veh_118" at simulation time 611857142815 ns (type=Car, routeId=r_0, laneId=best, departPos=0.00)
2025-06-04 14:59:30,547 INFO  SumoAmbassador - Adding new vehicle "veh_119" at simulation time 611857142815 ns (type=Car_0, routeId=r_1, laneId=best, departPos=0.00)
2025-06-04 14:59:30,548 INFO  SimulationFacade - Removed vehicle "veh_90" at simulation time 613000000000ns
2025-06-04 14:59:30,555 INFO  SumoAmbassador - Receive TrafficLightStateChange request
2025-06-04 14:59:30,555 INFO  SumoAmbassador - Changing program of traffic light group '443800958' to program id '2'
2025-06-04 14:59:30,561 INFO  SimulationFacade - Removed vehicle "veh_92" at simulation time 615000000000ns
2025-06-04 14:59:30,651 INFO  SumoAmbassador - VehicleRegistration from RTI "veh_120" received at simulation time 622142857100 ns (subscribe=true)
2025-06-04 14:59:30,651 INFO  SumoAmbassador - VehicleRegistration from RTI "veh_121" received at simulation time 622142857100 ns (subscribe=true)
2025-06-04 14:59:30,656 INFO  SumoAmbassador - Receive TrafficLightStateChange request
2025-06-04 14:59:30,656 INFO  SumoAmbassador - Changing program of traffic light group '443800958' to program id '3'
2025-06-04 14:59:30,656 INFO  SumoAmbassador - Adding new vehicle "veh_120" at simulation time 622142857100 ns (type=Car, routeId=r_0, laneId=best, departPos=0.00)
2025-06-04 14:59:30,657 INFO  SumoAmbassador - Adding new vehicle "veh_121" at simulation time 622142857100 ns (type=Car_0, routeId=r_1, laneId=best, departPos=0.00)
2025-06-04 14:59:30,688 INFO  SumoAmbassador - Receive TrafficLightStateChange request
2025-06-04 14:59:30,688 INFO  SumoAmbassador - Changing program of traffic light group '443800958' to program id '2'
2025-06-04 14:59:30,714 INFO  SumoAmbassador - VehicleRegistration from RTI "veh_122" received at simulation time 632428571385 ns (subscribe=true)
2025-06-04 14:59:30,714 INFO  SumoAmbassador - VehicleRegistration from RTI "veh_123" received at simulation time 632428571385 ns (subscribe=true)
2025-06-04 14:59:30,721 INFO  SumoAmbassador - Adding new vehicle "veh_122" at simulation time 632428571385 ns (type=Car, routeId=r_0, laneId=best, departPos=0.00)
2025-06-04 14:59:30,721 INFO  SumoAmbassador - Adding new vehicle "veh_123" at simulation time 632428571385 ns (type=Car_0, routeId=r_1, laneId=best, departPos=0.00)
2025-06-04 14:59:30,761 INFO  SumoAmbassador - Receive TrafficLightStateChange request
2025-06-04 14:59:30,761 INFO  SumoAmbassador - Changing program of traffic light group '443800958' to program id '3'
2025-06-04 14:59:30,762 ERROR SumoAmbassador - Process sumo: Warning: Vehicle 'veh_119' performs emergency stop at the end of lane '37842092_441803339_443800958_1' because of a red traffic light (decel=-5.81, offset=0.50), time=638.00.
2025-06-04 14:59:30,762 INFO  SumoAmbassador - Process sumo: Step #600.00 (0ms ?*RT. ?UPS, TraCI: 8ms, vehicles TOT 116 ACT 21 BUF 0)                  
2025-06-04 14:59:30,794 INFO  SumoAmbassador - VehicleRegistration from RTI "veh_124" received at simulation time 642714285670 ns (subscribe=true)
2025-06-04 14:59:30,794 INFO  SumoAmbassador - VehicleRegistration from RTI "veh_125" received at simulation time 642714285670 ns (subscribe=true)
2025-06-04 14:59:30,873 INFO  SumoAmbassador - Adding new vehicle "veh_124" at simulation time 642714285670 ns (type=Car, routeId=r_0, laneId=best, departPos=0.00)
2025-06-04 14:59:30,873 INFO  SumoAmbassador - Adding new vehicle "veh_125" at simulation time 642714285670 ns (type=Car_0, routeId=r_1, laneId=best, departPos=0.00)
2025-06-04 14:59:30,952 INFO  SumoAmbassador - VehicleRegistration from RTI "veh_126" received at simulation time 652999999955 ns (subscribe=true)
2025-06-04 14:59:30,952 INFO  SumoAmbassador - VehicleRegistration from RTI "veh_127" received at simulation time 652999999955 ns (subscribe=true)
2025-06-04 14:59:30,962 INFO  SumoAmbassador - Adding new vehicle "veh_126" at simulation time 652999999955 ns (type=Car, routeId=r_0, laneId=best, departPos=0.00)
2025-06-04 14:59:30,962 INFO  SumoAmbassador - Adding new vehicle "veh_127" at simulation time 652999999955 ns (type=Car_0, routeId=r_1, laneId=best, departPos=0.00)
2025-06-04 14:59:31,044 INFO  SimulationFacade - Removed vehicle "veh_105" at simulation time 659000000000ns
2025-06-04 14:59:31,089 INFO  SumoAmbassador - VehicleRegistration from RTI "veh_128" received at simulation time 663285714240 ns (subscribe=true)
2025-06-04 14:59:31,089 INFO  SumoAmbassador - VehicleRegistration from RTI "veh_129" received at simulation time 663285714240 ns (subscribe=true)
2025-06-04 14:59:31,090 INFO  SimulationFacade - Removed vehicle "veh_109" at simulation time 664000000000ns
2025-06-04 14:59:31,103 INFO  SumoAmbassador - Adding new vehicle "veh_128" at simulation time 663285714240 ns (type=Car, routeId=r_0, laneId=best, departPos=0.00)
2025-06-04 14:59:31,103 INFO  SumoAmbassador - Adding new vehicle "veh_129" at simulation time 663285714240 ns (type=Car_0, routeId=r_1, laneId=best, departPos=0.00)
2025-06-04 14:59:31,117 INFO  SimulationFacade - Removed vehicle "veh_107" at simulation time 666000000000ns
2025-06-04 14:59:31,125 INFO  SimulationFacade - Removed vehicle "veh_113" at simulation time 667000000000ns
2025-06-04 14:59:31,133 INFO  SimulationFacade - Removed vehicle "veh_111" at simulation time 668000000000ns
2025-06-04 14:59:31,149 INFO  SumoAmbassador - Receive TrafficLightStateChange request
2025-06-04 14:59:31,149 INFO  SumoAmbassador - Changing program of traffic light group '443800958' to program id '0'
2025-06-04 14:59:31,150 INFO  SimulationFacade - Removed vehicle "veh_115" at simulation time 670000000000ns
2025-06-04 14:59:31,181 INFO  SumoAmbassador - VehicleRegistration from RTI "veh_130" received at simulation time 673571428525 ns (subscribe=true)
2025-06-04 14:59:31,181 INFO  SumoAmbassador - VehicleRegistration from RTI "veh_131" received at simulation time 673571428525 ns (subscribe=true)
2025-06-04 14:59:31,190 INFO  SumoAmbassador - Adding new vehicle "veh_130" at simulation time 673571428525 ns (type=Car, routeId=r_0, laneId=best, departPos=0.00)
2025-06-04 14:59:31,191 INFO  SumoAmbassador - Adding new vehicle "veh_131" at simulation time 673571428525 ns (type=Car_0, routeId=r_1, laneId=best, departPos=0.00)
2025-06-04 14:59:31,193 INFO  SimulationFacade - Removed vehicle "veh_106" at simulation time 675000000000ns
2025-06-04 14:59:31,255 INFO  SimulationFacade - Removed vehicle "veh_102" at simulation time 677000000000ns
2025-06-04 14:59:31,276 INFO  SumoAmbassador - Receive TrafficLightStateChange request
2025-06-04 14:59:31,276 INFO  SumoAmbassador - Changing program of traffic light group '443800958' to program id '3'
2025-06-04 14:59:31,277 INFO  SimulationFacade - Removed vehicle "veh_110" at simulation time 680000000000ns
2025-06-04 14:59:31,296 INFO  SimulationFacade - Removed vehicle "veh_112" at simulation time 682000000000ns
2025-06-04 14:59:31,313 INFO  SumoAmbassador - VehicleRegistration from RTI "veh_132" received at simulation time 683857142810 ns (subscribe=true)
2025-06-04 14:59:31,313 INFO  SumoAmbassador - VehicleRegistration from RTI "veh_133" received at simulation time 683857142810 ns (subscribe=true)
2025-06-04 14:59:31,314 INFO  SimulationFacade - Removed vehicle "veh_108" at simulation time 684000000000ns
2025-06-04 14:59:31,314 INFO  SimulationFacade - Removed vehicle "veh_100" at simulation time 684000000000ns
2025-06-04 14:59:31,320 INFO  SumoAmbassador - Receive TrafficLightStateChange request
2025-06-04 14:59:31,320 INFO  SumoAmbassador - Changing program of traffic light group '443800958' to program id '2'
2025-06-04 14:59:31,321 INFO  SumoAmbassador - Adding new vehicle "veh_132" at simulation time 683857142810 ns (type=Car, routeId=r_0, laneId=best, departPos=0.00)
2025-06-04 14:59:31,321 INFO  SumoAmbassador - Adding new vehicle "veh_133" at simulation time 683857142810 ns (type=Car_0, routeId=r_1, laneId=best, departPos=0.00)
2025-06-04 14:59:31,356 INFO  SimulationFacade - Removed vehicle "veh_104" at simulation time 690000000000ns
2025-06-04 14:59:31,383 INFO  SumoAmbassador - Receive TrafficLightStateChange request
2025-06-04 14:59:31,383 INFO  SumoAmbassador - Changing program of traffic light group '443800958' to program id '3'
2025-06-04 14:59:31,384 INFO  SumoAmbassador - VehicleRegistration from RTI "veh_134" received at simulation time 694142857095 ns (subscribe=true)
2025-06-04 14:59:31,384 INFO  SumoAmbassador - VehicleRegistration from RTI "veh_135" received at simulation time 694142857095 ns (subscribe=true)
2025-06-04 14:59:31,392 INFO  SumoAmbassador - Adding new vehicle "veh_134" at simulation time 694142857095 ns (type=Car, routeId=r_0, laneId=best, departPos=0.00)
2025-06-04 14:59:31,392 INFO  SumoAmbassador - Adding new vehicle "veh_135" at simulation time 694142857095 ns (type=Car_0, routeId=r_1, laneId=best, departPos=0.00)
2025-06-04 14:59:31,479 INFO  SumoAmbassador - Receive TrafficLightStateChange request
2025-06-04 14:59:31,479 INFO  SumoAmbassador - Changing program of traffic light group '443800958' to program id '2'
2025-06-04 14:59:31,552 INFO  SumoAmbassador - Receive TrafficLightStateChange request
2025-06-04 14:59:31,552 INFO  SumoAmbassador - Changing program of traffic light group '443800958' to program id '3'
2025-06-04 14:59:31,596 INFO  SumoAmbassador - Receive TrafficLightStateChange request
2025-06-04 14:59:31,596 INFO  SumoAmbassador - Changing program of traffic light group '443800958' to program id '2'
2025-06-04 14:59:31,745 INFO  SumoAmbassador - Receive TrafficLightStateChange request
2025-06-04 14:59:31,745 INFO  SumoAmbassador - Changing program of traffic light group '443800958' to program id '3'
2025-06-04 14:59:31,746 ERROR SumoAmbassador - Process sumo: Warning: Vehicle 'veh_133' performs emergency stop at the end of lane '37842092_441803339_443800958_1' because of a red traffic light (decel=-6.95, offset=0.70), time=724.00.
2025-06-04 14:59:31,746 INFO  SumoAmbassador - Process sumo: Step #700.00 (0ms ?*RT. ?UPS, TraCI: 7ms, vehicles TOT 136 ACT 21 BUF 0)                  
2025-06-04 14:59:32,049 INFO  SimulationFacade - Removed vehicle "veh_119" at simulation time 744000000000ns
2025-06-04 14:59:32,059 INFO  SimulationFacade - Removed vehicle "veh_121" at simulation time 745000000000ns
2025-06-04 14:59:32,080 INFO  SimulationFacade - Removed vehicle "veh_114" at simulation time 747000000000ns
2025-06-04 14:59:32,089 INFO  SimulationFacade - Removed vehicle "veh_118" at simulation time 748000000000ns
2025-06-04 14:59:32,098 INFO  SimulationFacade - Removed vehicle "veh_125" at simulation time 749000000000ns
2025-06-04 14:59:32,098 INFO  SimulationFacade - Removed vehicle "veh_124" at simulation time 749000000000ns
2025-06-04 14:59:32,098 INFO  SimulationFacade - Removed vehicle "veh_122" at simulation time 749000000000ns
2025-06-04 14:59:32,098 INFO  SimulationFacade - Removed vehicle "veh_117" at simulation time 749000000000ns
2025-06-04 14:59:32,111 INFO  SimulationFacade - Removed vehicle "veh_129" at simulation time 751000000000ns
2025-06-04 14:59:32,111 INFO  SimulationFacade - Removed vehicle "veh_123" at simulation time 751000000000ns
2025-06-04 14:59:32,122 INFO  SimulationFacade - Removed vehicle "veh_127" at simulation time 753000000000ns
2025-06-04 14:59:32,127 INFO  SimulationFacade - Removed vehicle "veh_120" at simulation time 754000000000ns
2025-06-04 14:59:32,135 INFO  SimulationFacade - Removed vehicle "veh_131" at simulation time 756000000000ns
2025-06-04 14:59:32,138 INFO  SimulationFacade - Removed vehicle "veh_116" at simulation time 757000000000ns
2025-06-04 14:59:32,141 INFO  SimulationFacade - Removed vehicle "veh_126" at simulation time 758000000000ns
2025-06-04 14:59:32,164 INFO  SimulationFacade - Removed vehicle "veh_130" at simulation time 767000000000ns
2025-06-04 14:59:32,219 INFO  SimulationFacade - Removed vehicle "veh_128" at simulation time 780000000000ns
2025-06-04 14:59:33,257 INFO  SumoAmbassador - Closing SUMO connection
2025-06-04 14:59:33,258 INFO  SumoAmbassador - Process sumo: Step #800.00 (1ms ~= 1000.00*RT, ~4000.00UPS, TraCI: 2ms, vehicles TOT 136 ACT 4 BUF 0)   
2025-06-04 14:59:33,258 INFO  SumoAmbassador - Process sumo: Step #900.00 (0ms ?*RT. ?UPS, TraCI: 5ms, vehicles TOT 136 ACT 4 BUF 0)                   
2025-06-04 14:59:33,258 INFO  SumoAmbassador - Process sumo: Step #1000.00 (0ms ?*RT. ?UPS, TraCI: 11ms, vehicles TOT 136 ACT 4 BUF 0)                  
2025-06-04 14:59:33,258 INFO  SumoAmbassador - Process sumo: Simulation ended at time: 1000.00
2025-06-04 14:59:33,258 INFO  SumoAmbassador - Process sumo: Reason: TraCI requested termination.
2025-06-04 14:59:33,258 INFO  SumoAmbassador - Process sumo: Performance: 
2025-06-04 14:59:33,258 INFO  SumoAmbassador - Process sumo:  Duration: 9.75s
2025-06-04 14:59:33,258 INFO  SumoAmbassador - Process sumo:  TraCI-Duration: 9.63s
2025-06-04 14:59:33,258 INFO  SumoAmbassador - Process sumo:  Real time factor: 102.596
2025-06-04 14:59:33,258 INFO  SumoAmbassador - Process sumo:  UPS: 1633.117882
2025-06-04 14:59:33,258 INFO  SumoAmbassador - Process sumo: Vehicles: 
2025-06-04 14:59:33,258 INFO  SumoAmbassador - Process sumo:  Inserted: 136
2025-06-04 14:59:33,258 INFO  SumoAmbassador - Process sumo:  Running: 4
2025-06-04 14:59:33,258 INFO  SumoAmbassador - Process sumo:  Waiting: 0
2025-06-04 14:59:33,258 INFO  SumoAmbassador - Process sumo:  Emergency Stops: 4
2025-06-04 14:59:33,258 INFO  SumoAmbassador - Process sumo: 
2025-06-04 14:59:33,265 INFO  SumoAmbassador - Finished simulation
