2025-05-28 00:48:31,106 INFO  VehicleFlowGenerator - Creating VehicleFlowGenerator: VehicleFlowGenerator[spawningMode=ConstantSpawningMode[timeSpacing=10285714285],lanes=[0],types=[[name=Car,apps=[]]],departConnectionIndex=0,pos=0,departSpeed=0.0,route=r_0,group=<null>,origin=<null>,destination=<null>,odInfo=<null>]
2025-05-28 00:48:31,109 INFO  VehicleFlowGenerator - Creating VehicleFlowGenerator: VehicleFlowGenerator[spawningMode=ConstantSpawningMode[timeSpacing=10285714285],lanes=[0],types=[[name=Car,apps=[]]],departConnectionIndex=0,pos=0,departSpeed=0.0,route=r_1,group=<null>,origin=<null>,destination=<null>,odInfo=<null>]
2025-05-28 00:48:31,110 INFO  VehicleFlowGenerator - Registering Vehicle Type: VehicleType[name='Car', length=4.0, width=1.8, height=1.5, minGap=2.5, maxSpeed=70.0, vehicleClass=Car, accel=2.6, decel=4.5, emergencyDecel=4.5, sigma=0.5, tau=1.0, speedFactor=1.0, color='green', laneChangeMode='DEFAULT', speedMode='DEFAULT']
2025-05-28 00:48:31,124 INFO  VehicleFlowGenerator - Registering Vehicle Type: VehicleType[name='Car_0', length=4.0, width=1.8, height=1.5, minGap=2.5, maxSpeed=70.0, vehicleClass=Car, accel=2.6, decel=4.5, emergencyDecel=4.5, sigma=0.5, tau=1.0, speedFactor=1.0, color='yellow', laneChangeMode='DEFAULT', speedMode='DEFAULT']
2025-05-28 00:48:32,431 INFO  MappingAmbassador - Received TL-Interaction
2025-05-28 00:48:32,431 INFO  SpawningFramework - Creating Traffic Light Group: name=tl_0,tlGroupId=443800958,apps=[src.main.java.TrafficLightApp]
2025-05-28 00:48:32,434 INFO  RoadSideUnitSpawner - Creating RSU: RoadSideUnitSpawner[position=GeoPoint{lat=41.004708,lon=-8.642474,alt=0.00},applications=[src.main.java.RSU_Program]]
2025-05-28 00:48:32,452 INFO  VehicleFlowGenerator - Creating Vehicle: time=5000000000,name=veh_0,route=r_0,laneSelectionMode=BEST,lane=-1,departConnectionIndex=0,pos=0,type=Car,departSpeed=0.0,applications=[src.main.java.CarSendsCamAPP, src.main.java.EventProcessingApp, src.main.java.MainCarApp]
2025-05-28 00:48:32,452 INFO  VehicleFlowGenerator - Creating Vehicle: time=5000000000,name=veh_1,route=r_1,laneSelectionMode=BEST,lane=-1,departConnectionIndex=0,pos=0,type=Car_0,departSpeed=0.0,applications=[src.main.java.CarSendsCamAPP, src.main.java.EventProcessingApp, src.main.java.MainCarApp]
2025-05-28 00:48:32,534 INFO  VehicleFlowGenerator - Creating Vehicle: time=15285714285,name=veh_2,route=r_0,laneSelectionMode=BEST,lane=-1,departConnectionIndex=0,pos=0,type=Car,departSpeed=0.0,applications=[src.main.java.CarSendsCamAPP, src.main.java.EventProcessingApp, src.main.java.MainCarApp]
2025-05-28 00:48:32,534 INFO  VehicleFlowGenerator - Creating Vehicle: time=15285714285,name=veh_3,route=r_1,laneSelectionMode=BEST,lane=-1,departConnectionIndex=0,pos=0,type=Car_0,departSpeed=0.0,applications=[src.main.java.CarSendsCamAPP, src.main.java.EventProcessingApp, src.main.java.MainCarApp]
2025-05-28 00:48:32,654 INFO  VehicleFlowGenerator - Creating Vehicle: time=25571428570,name=veh_4,route=r_0,laneSelectionMode=BEST,lane=-1,departConnectionIndex=0,pos=0,type=Car,departSpeed=0.0,applications=[src.main.java.CarSendsCamAPP, src.main.java.EventProcessingApp, src.main.java.MainCarApp]
2025-05-28 00:48:32,654 INFO  VehicleFlowGenerator - Creating Vehicle: time=25571428570,name=veh_5,route=r_1,laneSelectionMode=BEST,lane=-1,departConnectionIndex=0,pos=0,type=Car_0,departSpeed=0.0,applications=[src.main.java.CarSendsCamAPP, src.main.java.EventProcessingApp, src.main.java.MainCarApp]
2025-05-28 00:48:32,825 INFO  VehicleFlowGenerator - Creating Vehicle: time=35857142855,name=veh_6,route=r_0,laneSelectionMode=BEST,lane=-1,departConnectionIndex=0,pos=0,type=Car,departSpeed=0.0,applications=[src.main.java.CarSendsCamAPP, src.main.java.EventProcessingApp, src.main.java.MainCarApp]
2025-05-28 00:48:32,825 INFO  VehicleFlowGenerator - Creating Vehicle: time=35857142855,name=veh_7,route=r_1,laneSelectionMode=BEST,lane=-1,departConnectionIndex=0,pos=0,type=Car_0,departSpeed=0.0,applications=[src.main.java.CarSendsCamAPP, src.main.java.EventProcessingApp, src.main.java.MainCarApp]
2025-05-28 00:48:33,028 INFO  VehicleFlowGenerator - Creating Vehicle: time=46142857140,name=veh_8,route=r_0,laneSelectionMode=BEST,lane=-1,departConnectionIndex=0,pos=0,type=Car,departSpeed=0.0,applications=[src.main.java.CarSendsCamAPP, src.main.java.EventProcessingApp, src.main.java.MainCarApp]
2025-05-28 00:48:33,028 INFO  VehicleFlowGenerator - Creating Vehicle: time=46142857140,name=veh_9,route=r_1,laneSelectionMode=BEST,lane=-1,departConnectionIndex=0,pos=0,type=Car_0,departSpeed=0.0,applications=[src.main.java.CarSendsCamAPP, src.main.java.EventProcessingApp, src.main.java.MainCarApp]
2025-05-28 00:48:33,228 INFO  VehicleFlowGenerator - Creating Vehicle: time=56428571425,name=veh_10,route=r_0,laneSelectionMode=BEST,lane=-1,departConnectionIndex=0,pos=0,type=Car,departSpeed=0.0,applications=[src.main.java.CarSendsCamAPP, src.main.java.EventProcessingApp, src.main.java.MainCarApp]
2025-05-28 00:48:33,228 INFO  VehicleFlowGenerator - Creating Vehicle: time=56428571425,name=veh_11,route=r_1,laneSelectionMode=BEST,lane=-1,departConnectionIndex=0,pos=0,type=Car_0,departSpeed=0.0,applications=[src.main.java.CarSendsCamAPP, src.main.java.EventProcessingApp, src.main.java.MainCarApp]
2025-05-28 00:48:33,502 INFO  VehicleFlowGenerator - Creating Vehicle: time=66714285710,name=veh_12,route=r_0,laneSelectionMode=BEST,lane=-1,departConnectionIndex=0,pos=0,type=Car,departSpeed=0.0,applications=[src.main.java.CarSendsCamAPP, src.main.java.EventProcessingApp, src.main.java.MainCarApp]
2025-05-28 00:48:33,502 INFO  VehicleFlowGenerator - Creating Vehicle: time=66714285710,name=veh_13,route=r_1,laneSelectionMode=BEST,lane=-1,departConnectionIndex=0,pos=0,type=Car_0,departSpeed=0.0,applications=[src.main.java.CarSendsCamAPP, src.main.java.EventProcessingApp, src.main.java.MainCarApp]
2025-05-28 00:48:33,826 INFO  VehicleFlowGenerator - Creating Vehicle: time=76999999995,name=veh_14,route=r_0,laneSelectionMode=BEST,lane=-1,departConnectionIndex=0,pos=0,type=Car,departSpeed=0.0,applications=[src.main.java.CarSendsCamAPP, src.main.java.EventProcessingApp, src.main.java.MainCarApp]
2025-05-28 00:48:33,826 INFO  VehicleFlowGenerator - Creating Vehicle: time=76999999995,name=veh_15,route=r_1,laneSelectionMode=BEST,lane=-1,departConnectionIndex=0,pos=0,type=Car_0,departSpeed=0.0,applications=[src.main.java.CarSendsCamAPP, src.main.java.EventProcessingApp, src.main.java.MainCarApp]
2025-05-28 00:48:34,309 INFO  VehicleFlowGenerator - Creating Vehicle: time=87285714280,name=veh_16,route=r_0,laneSelectionMode=BEST,lane=-1,departConnectionIndex=0,pos=0,type=Car,departSpeed=0.0,applications=[src.main.java.CarSendsCamAPP, src.main.java.EventProcessingApp, src.main.java.MainCarApp]
2025-05-28 00:48:34,309 INFO  VehicleFlowGenerator - Creating Vehicle: time=87285714280,name=veh_17,route=r_1,laneSelectionMode=BEST,lane=-1,departConnectionIndex=0,pos=0,type=Car_0,departSpeed=0.0,applications=[src.main.java.CarSendsCamAPP, src.main.java.EventProcessingApp, src.main.java.MainCarApp]
2025-05-28 00:48:34,849 INFO  VehicleFlowGenerator - Creating Vehicle: time=97571428565,name=veh_18,route=r_0,laneSelectionMode=BEST,lane=-1,departConnectionIndex=0,pos=0,type=Car,departSpeed=0.0,applications=[src.main.java.CarSendsCamAPP, src.main.java.EventProcessingApp, src.main.java.MainCarApp]
2025-05-28 00:48:34,849 INFO  VehicleFlowGenerator - Creating Vehicle: time=97571428565,name=veh_19,route=r_1,laneSelectionMode=BEST,lane=-1,departConnectionIndex=0,pos=0,type=Car_0,departSpeed=0.0,applications=[src.main.java.CarSendsCamAPP, src.main.java.EventProcessingApp, src.main.java.MainCarApp]
2025-05-28 00:48:35,507 INFO  VehicleFlowGenerator - Creating Vehicle: time=107857142850,name=veh_20,route=r_0,laneSelectionMode=BEST,lane=-1,departConnectionIndex=0,pos=0,type=Car,departSpeed=0.0,applications=[src.main.java.CarSendsCamAPP, src.main.java.EventProcessingApp, src.main.java.MainCarApp]
2025-05-28 00:48:35,507 INFO  VehicleFlowGenerator - Creating Vehicle: time=107857142850,name=veh_21,route=r_1,laneSelectionMode=BEST,lane=-1,departConnectionIndex=0,pos=0,type=Car_0,departSpeed=0.0,applications=[src.main.java.CarSendsCamAPP, src.main.java.EventProcessingApp, src.main.java.MainCarApp]
2025-05-28 00:48:36,320 INFO  VehicleFlowGenerator - Creating Vehicle: time=118142857135,name=veh_22,route=r_0,laneSelectionMode=BEST,lane=-1,departConnectionIndex=0,pos=0,type=Car,departSpeed=0.0,applications=[src.main.java.CarSendsCamAPP, src.main.java.EventProcessingApp, src.main.java.MainCarApp]
2025-05-28 00:48:36,320 INFO  VehicleFlowGenerator - Creating Vehicle: time=118142857135,name=veh_23,route=r_1,laneSelectionMode=BEST,lane=-1,departConnectionIndex=0,pos=0,type=Car_0,departSpeed=0.0,applications=[src.main.java.CarSendsCamAPP, src.main.java.EventProcessingApp, src.main.java.MainCarApp]
2025-05-28 00:48:36,994 INFO  VehicleFlowGenerator - Creating Vehicle: time=128428571420,name=veh_24,route=r_0,laneSelectionMode=BEST,lane=-1,departConnectionIndex=0,pos=0,type=Car,departSpeed=0.0,applications=[src.main.java.CarSendsCamAPP, src.main.java.EventProcessingApp, src.main.java.MainCarApp]
2025-05-28 00:48:36,994 INFO  VehicleFlowGenerator - Creating Vehicle: time=128428571420,name=veh_25,route=r_1,laneSelectionMode=BEST,lane=-1,departConnectionIndex=0,pos=0,type=Car_0,departSpeed=0.0,applications=[src.main.java.CarSendsCamAPP, src.main.java.EventProcessingApp, src.main.java.MainCarApp]
2025-05-28 00:48:37,562 INFO  VehicleFlowGenerator - Creating Vehicle: time=138714285705,name=veh_26,route=r_0,laneSelectionMode=BEST,lane=-1,departConnectionIndex=0,pos=0,type=Car,departSpeed=0.0,applications=[src.main.java.CarSendsCamAPP, src.main.java.EventProcessingApp, src.main.java.MainCarApp]
2025-05-28 00:48:37,563 INFO  VehicleFlowGenerator - Creating Vehicle: time=138714285705,name=veh_27,route=r_1,laneSelectionMode=BEST,lane=-1,departConnectionIndex=0,pos=0,type=Car_0,departSpeed=0.0,applications=[src.main.java.CarSendsCamAPP, src.main.java.EventProcessingApp, src.main.java.MainCarApp]
2025-05-28 00:48:38,237 INFO  VehicleFlowGenerator - Creating Vehicle: time=148999999990,name=veh_28,route=r_0,laneSelectionMode=BEST,lane=-1,departConnectionIndex=0,pos=0,type=Car,departSpeed=0.0,applications=[src.main.java.CarSendsCamAPP, src.main.java.EventProcessingApp, src.main.java.MainCarApp]
2025-05-28 00:48:38,237 INFO  VehicleFlowGenerator - Creating Vehicle: time=148999999990,name=veh_29,route=r_1,laneSelectionMode=BEST,lane=-1,departConnectionIndex=0,pos=0,type=Car_0,departSpeed=0.0,applications=[src.main.java.CarSendsCamAPP, src.main.java.EventProcessingApp, src.main.java.MainCarApp]
2025-05-28 00:48:39,095 INFO  VehicleFlowGenerator - Creating Vehicle: time=159285714275,name=veh_30,route=r_0,laneSelectionMode=BEST,lane=-1,departConnectionIndex=0,pos=0,type=Car,departSpeed=0.0,applications=[src.main.java.CarSendsCamAPP, src.main.java.EventProcessingApp, src.main.java.MainCarApp]
2025-05-28 00:48:39,095 INFO  VehicleFlowGenerator - Creating Vehicle: time=159285714275,name=veh_31,route=r_1,laneSelectionMode=BEST,lane=-1,departConnectionIndex=0,pos=0,type=Car_0,departSpeed=0.0,applications=[src.main.java.CarSendsCamAPP, src.main.java.EventProcessingApp, src.main.java.MainCarApp]
2025-05-28 00:48:40,000 INFO  VehicleFlowGenerator - Creating Vehicle: time=169571428560,name=veh_32,route=r_0,laneSelectionMode=BEST,lane=-1,departConnectionIndex=0,pos=0,type=Car,departSpeed=0.0,applications=[src.main.java.CarSendsCamAPP, src.main.java.EventProcessingApp, src.main.java.MainCarApp]
2025-05-28 00:48:40,000 INFO  VehicleFlowGenerator - Creating Vehicle: time=169571428560,name=veh_33,route=r_1,laneSelectionMode=BEST,lane=-1,departConnectionIndex=0,pos=0,type=Car_0,departSpeed=0.0,applications=[src.main.java.CarSendsCamAPP, src.main.java.EventProcessingApp, src.main.java.MainCarApp]
2025-05-28 00:48:41,021 INFO  VehicleFlowGenerator - Creating Vehicle: time=179857142845,name=veh_34,route=r_0,laneSelectionMode=BEST,lane=-1,departConnectionIndex=0,pos=0,type=Car,departSpeed=0.0,applications=[src.main.java.CarSendsCamAPP, src.main.java.EventProcessingApp, src.main.java.MainCarApp]
2025-05-28 00:48:41,021 INFO  VehicleFlowGenerator - Creating Vehicle: time=179857142845,name=veh_35,route=r_1,laneSelectionMode=BEST,lane=-1,departConnectionIndex=0,pos=0,type=Car_0,departSpeed=0.0,applications=[src.main.java.CarSendsCamAPP, src.main.java.EventProcessingApp, src.main.java.MainCarApp]
2025-05-28 00:48:42,126 INFO  VehicleFlowGenerator - Creating Vehicle: time=190142857130,name=veh_36,route=r_0,laneSelectionMode=BEST,lane=-1,departConnectionIndex=0,pos=0,type=Car,departSpeed=0.0,applications=[src.main.java.CarSendsCamAPP, src.main.java.EventProcessingApp, src.main.java.MainCarApp]
2025-05-28 00:48:42,126 INFO  VehicleFlowGenerator - Creating Vehicle: time=190142857130,name=veh_37,route=r_1,laneSelectionMode=BEST,lane=-1,departConnectionIndex=0,pos=0,type=Car_0,departSpeed=0.0,applications=[src.main.java.CarSendsCamAPP, src.main.java.EventProcessingApp, src.main.java.MainCarApp]
2025-05-28 00:48:43,104 INFO  VehicleFlowGenerator - Creating Vehicle: time=200428571415,name=veh_38,route=r_0,laneSelectionMode=BEST,lane=-1,departConnectionIndex=0,pos=0,type=Car,departSpeed=0.0,applications=[src.main.java.CarSendsCamAPP, src.main.java.EventProcessingApp, src.main.java.MainCarApp]
2025-05-28 00:48:43,104 INFO  VehicleFlowGenerator - Creating Vehicle: time=200428571415,name=veh_39,route=r_1,laneSelectionMode=BEST,lane=-1,departConnectionIndex=0,pos=0,type=Car_0,departSpeed=0.0,applications=[src.main.java.CarSendsCamAPP, src.main.java.EventProcessingApp, src.main.java.MainCarApp]
2025-05-28 00:48:43,982 INFO  VehicleFlowGenerator - Creating Vehicle: time=210714285700,name=veh_40,route=r_0,laneSelectionMode=BEST,lane=-1,departConnectionIndex=0,pos=0,type=Car,departSpeed=0.0,applications=[src.main.java.CarSendsCamAPP, src.main.java.EventProcessingApp, src.main.java.MainCarApp]
2025-05-28 00:48:43,982 INFO  VehicleFlowGenerator - Creating Vehicle: time=210714285700,name=veh_41,route=r_1,laneSelectionMode=BEST,lane=-1,departConnectionIndex=0,pos=0,type=Car_0,departSpeed=0.0,applications=[src.main.java.CarSendsCamAPP, src.main.java.EventProcessingApp, src.main.java.MainCarApp]
2025-05-28 00:48:44,716 INFO  VehicleFlowGenerator - Creating Vehicle: time=220999999985,name=veh_42,route=r_0,laneSelectionMode=BEST,lane=-1,departConnectionIndex=0,pos=0,type=Car,departSpeed=0.0,applications=[src.main.java.CarSendsCamAPP, src.main.java.EventProcessingApp, src.main.java.MainCarApp]
2025-05-28 00:48:44,716 INFO  VehicleFlowGenerator - Creating Vehicle: time=220999999985,name=veh_43,route=r_1,laneSelectionMode=BEST,lane=-1,departConnectionIndex=0,pos=0,type=Car_0,departSpeed=0.0,applications=[src.main.java.CarSendsCamAPP, src.main.java.EventProcessingApp, src.main.java.MainCarApp]
2025-05-28 00:48:45,437 INFO  VehicleFlowGenerator - Creating Vehicle: time=231285714270,name=veh_44,route=r_0,laneSelectionMode=BEST,lane=-1,departConnectionIndex=0,pos=0,type=Car,departSpeed=0.0,applications=[src.main.java.CarSendsCamAPP, src.main.java.EventProcessingApp, src.main.java.MainCarApp]
2025-05-28 00:48:45,437 INFO  VehicleFlowGenerator - Creating Vehicle: time=231285714270,name=veh_45,route=r_1,laneSelectionMode=BEST,lane=-1,departConnectionIndex=0,pos=0,type=Car_0,departSpeed=0.0,applications=[src.main.java.CarSendsCamAPP, src.main.java.EventProcessingApp, src.main.java.MainCarApp]
2025-05-28 00:48:46,164 INFO  VehicleFlowGenerator - Creating Vehicle: time=241571428555,name=veh_46,route=r_0,laneSelectionMode=BEST,lane=-1,departConnectionIndex=0,pos=0,type=Car,departSpeed=0.0,applications=[src.main.java.CarSendsCamAPP, src.main.java.EventProcessingApp, src.main.java.MainCarApp]
2025-05-28 00:48:46,164 INFO  VehicleFlowGenerator - Creating Vehicle: time=241571428555,name=veh_47,route=r_1,laneSelectionMode=BEST,lane=-1,departConnectionIndex=0,pos=0,type=Car_0,departSpeed=0.0,applications=[src.main.java.CarSendsCamAPP, src.main.java.EventProcessingApp, src.main.java.MainCarApp]
2025-05-28 00:48:46,952 INFO  VehicleFlowGenerator - Creating Vehicle: time=251857142840,name=veh_48,route=r_0,laneSelectionMode=BEST,lane=-1,departConnectionIndex=0,pos=0,type=Car,departSpeed=0.0,applications=[src.main.java.CarSendsCamAPP, src.main.java.EventProcessingApp, src.main.java.MainCarApp]
2025-05-28 00:48:46,952 INFO  VehicleFlowGenerator - Creating Vehicle: time=251857142840,name=veh_49,route=r_1,laneSelectionMode=BEST,lane=-1,departConnectionIndex=0,pos=0,type=Car_0,departSpeed=0.0,applications=[src.main.java.CarSendsCamAPP, src.main.java.EventProcessingApp, src.main.java.MainCarApp]
2025-05-28 00:48:47,594 INFO  VehicleFlowGenerator - Creating Vehicle: time=262142857125,name=veh_50,route=r_0,laneSelectionMode=BEST,lane=-1,departConnectionIndex=0,pos=0,type=Car,departSpeed=0.0,applications=[src.main.java.CarSendsCamAPP, src.main.java.EventProcessingApp, src.main.java.MainCarApp]
2025-05-28 00:48:47,594 INFO  VehicleFlowGenerator - Creating Vehicle: time=262142857125,name=veh_51,route=r_1,laneSelectionMode=BEST,lane=-1,departConnectionIndex=0,pos=0,type=Car_0,departSpeed=0.0,applications=[src.main.java.CarSendsCamAPP, src.main.java.EventProcessingApp, src.main.java.MainCarApp]
2025-05-28 00:48:48,133 INFO  VehicleFlowGenerator - Creating Vehicle: time=272428571410,name=veh_52,route=r_0,laneSelectionMode=BEST,lane=-1,departConnectionIndex=0,pos=0,type=Car,departSpeed=0.0,applications=[src.main.java.CarSendsCamAPP, src.main.java.EventProcessingApp, src.main.java.MainCarApp]
2025-05-28 00:48:48,133 INFO  VehicleFlowGenerator - Creating Vehicle: time=272428571410,name=veh_53,route=r_1,laneSelectionMode=BEST,lane=-1,departConnectionIndex=0,pos=0,type=Car_0,departSpeed=0.0,applications=[src.main.java.CarSendsCamAPP, src.main.java.EventProcessingApp, src.main.java.MainCarApp]
2025-05-28 00:48:48,732 INFO  VehicleFlowGenerator - Creating Vehicle: time=282714285695,name=veh_54,route=r_0,laneSelectionMode=BEST,lane=-1,departConnectionIndex=0,pos=0,type=Car,departSpeed=0.0,applications=[src.main.java.CarSendsCamAPP, src.main.java.EventProcessingApp, src.main.java.MainCarApp]
2025-05-28 00:48:48,732 INFO  VehicleFlowGenerator - Creating Vehicle: time=282714285695,name=veh_55,route=r_1,laneSelectionMode=BEST,lane=-1,departConnectionIndex=0,pos=0,type=Car_0,departSpeed=0.0,applications=[src.main.java.CarSendsCamAPP, src.main.java.EventProcessingApp, src.main.java.MainCarApp]
2025-05-28 00:48:49,301 INFO  VehicleFlowGenerator - Creating Vehicle: time=292999999980,name=veh_56,route=r_0,laneSelectionMode=BEST,lane=-1,departConnectionIndex=0,pos=0,type=Car,departSpeed=0.0,applications=[src.main.java.CarSendsCamAPP, src.main.java.EventProcessingApp, src.main.java.MainCarApp]
2025-05-28 00:48:49,301 INFO  VehicleFlowGenerator - Creating Vehicle: time=292999999980,name=veh_57,route=r_1,laneSelectionMode=BEST,lane=-1,departConnectionIndex=0,pos=0,type=Car_0,departSpeed=0.0,applications=[src.main.java.CarSendsCamAPP, src.main.java.EventProcessingApp, src.main.java.MainCarApp]
2025-05-28 00:48:49,927 INFO  VehicleFlowGenerator - Creating Vehicle: time=303285714265,name=veh_58,route=r_0,laneSelectionMode=BEST,lane=-1,departConnectionIndex=0,pos=0,type=Car,departSpeed=0.0,applications=[src.main.java.CarSendsCamAPP, src.main.java.EventProcessingApp, src.main.java.MainCarApp]
2025-05-28 00:48:49,927 INFO  VehicleFlowGenerator - Creating Vehicle: time=303285714265,name=veh_59,route=r_1,laneSelectionMode=BEST,lane=-1,departConnectionIndex=0,pos=0,type=Car_0,departSpeed=0.0,applications=[src.main.java.CarSendsCamAPP, src.main.java.EventProcessingApp, src.main.java.MainCarApp]
2025-05-28 00:48:50,438 INFO  VehicleFlowGenerator - Creating Vehicle: time=313571428550,name=veh_60,route=r_0,laneSelectionMode=BEST,lane=-1,departConnectionIndex=0,pos=0,type=Car,departSpeed=0.0,applications=[src.main.java.CarSendsCamAPP, src.main.java.EventProcessingApp, src.main.java.MainCarApp]
2025-05-28 00:48:50,438 INFO  VehicleFlowGenerator - Creating Vehicle: time=313571428550,name=veh_61,route=r_1,laneSelectionMode=BEST,lane=-1,departConnectionIndex=0,pos=0,type=Car_0,departSpeed=0.0,applications=[src.main.java.CarSendsCamAPP, src.main.java.EventProcessingApp, src.main.java.MainCarApp]
2025-05-28 00:48:51,048 INFO  VehicleFlowGenerator - Creating Vehicle: time=323857142835,name=veh_62,route=r_0,laneSelectionMode=BEST,lane=-1,departConnectionIndex=0,pos=0,type=Car,departSpeed=0.0,applications=[src.main.java.CarSendsCamAPP, src.main.java.EventProcessingApp, src.main.java.MainCarApp]
2025-05-28 00:48:51,048 INFO  VehicleFlowGenerator - Creating Vehicle: time=323857142835,name=veh_63,route=r_1,laneSelectionMode=BEST,lane=-1,departConnectionIndex=0,pos=0,type=Car_0,departSpeed=0.0,applications=[src.main.java.CarSendsCamAPP, src.main.java.EventProcessingApp, src.main.java.MainCarApp]
2025-05-28 00:48:51,872 INFO  VehicleFlowGenerator - Creating Vehicle: time=334142857120,name=veh_64,route=r_0,laneSelectionMode=BEST,lane=-1,departConnectionIndex=0,pos=0,type=Car,departSpeed=0.0,applications=[src.main.java.CarSendsCamAPP, src.main.java.EventProcessingApp, src.main.java.MainCarApp]
2025-05-28 00:48:51,872 INFO  VehicleFlowGenerator - Creating Vehicle: time=334142857120,name=veh_65,route=r_1,laneSelectionMode=BEST,lane=-1,departConnectionIndex=0,pos=0,type=Car_0,departSpeed=0.0,applications=[src.main.java.CarSendsCamAPP, src.main.java.EventProcessingApp, src.main.java.MainCarApp]
2025-05-28 00:48:52,767 INFO  VehicleFlowGenerator - Creating Vehicle: time=344428571405,name=veh_66,route=r_0,laneSelectionMode=BEST,lane=-1,departConnectionIndex=0,pos=0,type=Car,departSpeed=0.0,applications=[src.main.java.CarSendsCamAPP, src.main.java.EventProcessingApp, src.main.java.MainCarApp]
2025-05-28 00:48:52,767 INFO  VehicleFlowGenerator - Creating Vehicle: time=344428571405,name=veh_67,route=r_1,laneSelectionMode=BEST,lane=-1,departConnectionIndex=0,pos=0,type=Car_0,departSpeed=0.0,applications=[src.main.java.CarSendsCamAPP, src.main.java.EventProcessingApp, src.main.java.MainCarApp]
2025-05-28 00:48:53,596 INFO  VehicleFlowGenerator - Creating Vehicle: time=354714285690,name=veh_68,route=r_0,laneSelectionMode=BEST,lane=-1,departConnectionIndex=0,pos=0,type=Car,departSpeed=0.0,applications=[src.main.java.CarSendsCamAPP, src.main.java.EventProcessingApp, src.main.java.MainCarApp]
2025-05-28 00:48:53,596 INFO  VehicleFlowGenerator - Creating Vehicle: time=354714285690,name=veh_69,route=r_1,laneSelectionMode=BEST,lane=-1,departConnectionIndex=0,pos=0,type=Car_0,departSpeed=0.0,applications=[src.main.java.CarSendsCamAPP, src.main.java.EventProcessingApp, src.main.java.MainCarApp]
2025-05-28 00:48:54,417 INFO  VehicleFlowGenerator - Creating Vehicle: time=364999999975,name=veh_70,route=r_0,laneSelectionMode=BEST,lane=-1,departConnectionIndex=0,pos=0,type=Car,departSpeed=0.0,applications=[src.main.java.CarSendsCamAPP, src.main.java.EventProcessingApp, src.main.java.MainCarApp]
2025-05-28 00:48:54,417 INFO  VehicleFlowGenerator - Creating Vehicle: time=364999999975,name=veh_71,route=r_1,laneSelectionMode=BEST,lane=-1,departConnectionIndex=0,pos=0,type=Car_0,departSpeed=0.0,applications=[src.main.java.CarSendsCamAPP, src.main.java.EventProcessingApp, src.main.java.MainCarApp]
2025-05-28 00:48:55,470 INFO  VehicleFlowGenerator - Creating Vehicle: time=375285714260,name=veh_72,route=r_0,laneSelectionMode=BEST,lane=-1,departConnectionIndex=0,pos=0,type=Car,departSpeed=0.0,applications=[src.main.java.CarSendsCamAPP, src.main.java.EventProcessingApp, src.main.java.MainCarApp]
2025-05-28 00:48:55,470 INFO  VehicleFlowGenerator - Creating Vehicle: time=375285714260,name=veh_73,route=r_1,laneSelectionMode=BEST,lane=-1,departConnectionIndex=0,pos=0,type=Car_0,departSpeed=0.0,applications=[src.main.java.CarSendsCamAPP, src.main.java.EventProcessingApp, src.main.java.MainCarApp]
2025-05-28 00:48:56,582 INFO  VehicleFlowGenerator - Creating Vehicle: time=385571428545,name=veh_74,route=r_0,laneSelectionMode=BEST,lane=-1,departConnectionIndex=0,pos=0,type=Car,departSpeed=0.0,applications=[src.main.java.CarSendsCamAPP, src.main.java.EventProcessingApp, src.main.java.MainCarApp]
2025-05-28 00:48:56,582 INFO  VehicleFlowGenerator - Creating Vehicle: time=385571428545,name=veh_75,route=r_1,laneSelectionMode=BEST,lane=-1,departConnectionIndex=0,pos=0,type=Car_0,departSpeed=0.0,applications=[src.main.java.CarSendsCamAPP, src.main.java.EventProcessingApp, src.main.java.MainCarApp]
2025-05-28 00:48:57,794 INFO  VehicleFlowGenerator - Creating Vehicle: time=395857142830,name=veh_76,route=r_0,laneSelectionMode=BEST,lane=-1,departConnectionIndex=0,pos=0,type=Car,departSpeed=0.0,applications=[src.main.java.CarSendsCamAPP, src.main.java.EventProcessingApp, src.main.java.MainCarApp]
2025-05-28 00:48:57,794 INFO  VehicleFlowGenerator - Creating Vehicle: time=395857142830,name=veh_77,route=r_1,laneSelectionMode=BEST,lane=-1,departConnectionIndex=0,pos=0,type=Car_0,departSpeed=0.0,applications=[src.main.java.CarSendsCamAPP, src.main.java.EventProcessingApp, src.main.java.MainCarApp]
2025-05-28 00:48:59,111 INFO  VehicleFlowGenerator - Creating Vehicle: time=406142857115,name=veh_78,route=r_0,laneSelectionMode=BEST,lane=-1,departConnectionIndex=0,pos=0,type=Car,departSpeed=0.0,applications=[src.main.java.CarSendsCamAPP, src.main.java.EventProcessingApp, src.main.java.MainCarApp]
2025-05-28 00:48:59,111 INFO  VehicleFlowGenerator - Creating Vehicle: time=406142857115,name=veh_79,route=r_1,laneSelectionMode=BEST,lane=-1,departConnectionIndex=0,pos=0,type=Car_0,departSpeed=0.0,applications=[src.main.java.CarSendsCamAPP, src.main.java.EventProcessingApp, src.main.java.MainCarApp]
2025-05-28 00:49:00,189 INFO  VehicleFlowGenerator - Creating Vehicle: time=416428571400,name=veh_80,route=r_0,laneSelectionMode=BEST,lane=-1,departConnectionIndex=0,pos=0,type=Car,departSpeed=0.0,applications=[src.main.java.CarSendsCamAPP, src.main.java.EventProcessingApp, src.main.java.MainCarApp]
2025-05-28 00:49:00,189 INFO  VehicleFlowGenerator - Creating Vehicle: time=416428571400,name=veh_81,route=r_1,laneSelectionMode=BEST,lane=-1,departConnectionIndex=0,pos=0,type=Car_0,departSpeed=0.0,applications=[src.main.java.CarSendsCamAPP, src.main.java.EventProcessingApp, src.main.java.MainCarApp]
2025-05-28 00:49:00,991 INFO  VehicleFlowGenerator - Creating Vehicle: time=426714285685,name=veh_82,route=r_0,laneSelectionMode=BEST,lane=-1,departConnectionIndex=0,pos=0,type=Car,departSpeed=0.0,applications=[src.main.java.CarSendsCamAPP, src.main.java.EventProcessingApp, src.main.java.MainCarApp]
2025-05-28 00:49:00,991 INFO  VehicleFlowGenerator - Creating Vehicle: time=426714285685,name=veh_83,route=r_1,laneSelectionMode=BEST,lane=-1,departConnectionIndex=0,pos=0,type=Car_0,departSpeed=0.0,applications=[src.main.java.CarSendsCamAPP, src.main.java.EventProcessingApp, src.main.java.MainCarApp]
2025-05-28 00:49:01,732 INFO  VehicleFlowGenerator - Creating Vehicle: time=436999999970,name=veh_84,route=r_0,laneSelectionMode=BEST,lane=-1,departConnectionIndex=0,pos=0,type=Car,departSpeed=0.0,applications=[src.main.java.CarSendsCamAPP, src.main.java.EventProcessingApp, src.main.java.MainCarApp]
2025-05-28 00:49:01,732 INFO  VehicleFlowGenerator - Creating Vehicle: time=436999999970,name=veh_85,route=r_1,laneSelectionMode=BEST,lane=-1,departConnectionIndex=0,pos=0,type=Car_0,departSpeed=0.0,applications=[src.main.java.CarSendsCamAPP, src.main.java.EventProcessingApp, src.main.java.MainCarApp]
2025-05-28 00:49:02,596 INFO  VehicleFlowGenerator - Creating Vehicle: time=447285714255,name=veh_86,route=r_0,laneSelectionMode=BEST,lane=-1,departConnectionIndex=0,pos=0,type=Car,departSpeed=0.0,applications=[src.main.java.CarSendsCamAPP, src.main.java.EventProcessingApp, src.main.java.MainCarApp]
2025-05-28 00:49:02,596 INFO  VehicleFlowGenerator - Creating Vehicle: time=447285714255,name=veh_87,route=r_1,laneSelectionMode=BEST,lane=-1,departConnectionIndex=0,pos=0,type=Car_0,departSpeed=0.0,applications=[src.main.java.CarSendsCamAPP, src.main.java.EventProcessingApp, src.main.java.MainCarApp]
2025-05-28 00:49:03,419 INFO  VehicleFlowGenerator - Creating Vehicle: time=457571428540,name=veh_88,route=r_0,laneSelectionMode=BEST,lane=-1,departConnectionIndex=0,pos=0,type=Car,departSpeed=0.0,applications=[src.main.java.CarSendsCamAPP, src.main.java.EventProcessingApp, src.main.java.MainCarApp]
2025-05-28 00:49:03,419 INFO  VehicleFlowGenerator - Creating Vehicle: time=457571428540,name=veh_89,route=r_1,laneSelectionMode=BEST,lane=-1,departConnectionIndex=0,pos=0,type=Car_0,departSpeed=0.0,applications=[src.main.java.CarSendsCamAPP, src.main.java.EventProcessingApp, src.main.java.MainCarApp]
2025-05-28 00:49:04,270 INFO  VehicleFlowGenerator - Creating Vehicle: time=467857142825,name=veh_90,route=r_0,laneSelectionMode=BEST,lane=-1,departConnectionIndex=0,pos=0,type=Car,departSpeed=0.0,applications=[src.main.java.CarSendsCamAPP, src.main.java.EventProcessingApp, src.main.java.MainCarApp]
2025-05-28 00:49:04,270 INFO  VehicleFlowGenerator - Creating Vehicle: time=467857142825,name=veh_91,route=r_1,laneSelectionMode=BEST,lane=-1,departConnectionIndex=0,pos=0,type=Car_0,departSpeed=0.0,applications=[src.main.java.CarSendsCamAPP, src.main.java.EventProcessingApp, src.main.java.MainCarApp]
2025-05-28 00:49:05,080 INFO  VehicleFlowGenerator - Creating Vehicle: time=478142857110,name=veh_92,route=r_0,laneSelectionMode=BEST,lane=-1,departConnectionIndex=0,pos=0,type=Car,departSpeed=0.0,applications=[src.main.java.CarSendsCamAPP, src.main.java.EventProcessingApp, src.main.java.MainCarApp]
2025-05-28 00:49:05,080 INFO  VehicleFlowGenerator - Creating Vehicle: time=478142857110,name=veh_93,route=r_1,laneSelectionMode=BEST,lane=-1,departConnectionIndex=0,pos=0,type=Car_0,departSpeed=0.0,applications=[src.main.java.CarSendsCamAPP, src.main.java.EventProcessingApp, src.main.java.MainCarApp]
2025-05-28 00:49:05,606 INFO  VehicleFlowGenerator - Creating Vehicle: time=488428571395,name=veh_94,route=r_0,laneSelectionMode=BEST,lane=-1,departConnectionIndex=0,pos=0,type=Car,departSpeed=0.0,applications=[src.main.java.CarSendsCamAPP, src.main.java.EventProcessingApp, src.main.java.MainCarApp]
2025-05-28 00:49:05,606 INFO  VehicleFlowGenerator - Creating Vehicle: time=488428571395,name=veh_95,route=r_1,laneSelectionMode=BEST,lane=-1,departConnectionIndex=0,pos=0,type=Car_0,departSpeed=0.0,applications=[src.main.java.CarSendsCamAPP, src.main.java.EventProcessingApp, src.main.java.MainCarApp]
2025-05-28 00:49:06,105 INFO  VehicleFlowGenerator - Creating Vehicle: time=498714285680,name=veh_96,route=r_0,laneSelectionMode=BEST,lane=-1,departConnectionIndex=0,pos=0,type=Car,departSpeed=0.0,applications=[src.main.java.CarSendsCamAPP, src.main.java.EventProcessingApp, src.main.java.MainCarApp]
2025-05-28 00:49:06,105 INFO  VehicleFlowGenerator - Creating Vehicle: time=498714285680,name=veh_97,route=r_1,laneSelectionMode=BEST,lane=-1,departConnectionIndex=0,pos=0,type=Car_0,departSpeed=0.0,applications=[src.main.java.CarSendsCamAPP, src.main.java.EventProcessingApp, src.main.java.MainCarApp]
2025-05-28 00:49:06,653 INFO  VehicleFlowGenerator - Creating Vehicle: time=508999999965,name=veh_98,route=r_0,laneSelectionMode=BEST,lane=-1,departConnectionIndex=0,pos=0,type=Car,departSpeed=0.0,applications=[src.main.java.CarSendsCamAPP, src.main.java.EventProcessingApp, src.main.java.MainCarApp]
2025-05-28 00:49:06,653 INFO  VehicleFlowGenerator - Creating Vehicle: time=508999999965,name=veh_99,route=r_1,laneSelectionMode=BEST,lane=-1,departConnectionIndex=0,pos=0,type=Car_0,departSpeed=0.0,applications=[src.main.java.CarSendsCamAPP, src.main.java.EventProcessingApp, src.main.java.MainCarApp]
2025-05-28 00:49:07,366 INFO  VehicleFlowGenerator - Creating Vehicle: time=519285714250,name=veh_100,route=r_0,laneSelectionMode=BEST,lane=-1,departConnectionIndex=0,pos=0,type=Car,departSpeed=0.0,applications=[src.main.java.CarSendsCamAPP, src.main.java.EventProcessingApp, src.main.java.MainCarApp]
2025-05-28 00:49:07,366 INFO  VehicleFlowGenerator - Creating Vehicle: time=519285714250,name=veh_101,route=r_1,laneSelectionMode=BEST,lane=-1,departConnectionIndex=0,pos=0,type=Car_0,departSpeed=0.0,applications=[src.main.java.CarSendsCamAPP, src.main.java.EventProcessingApp, src.main.java.MainCarApp]
2025-05-28 00:49:08,120 INFO  VehicleFlowGenerator - Creating Vehicle: time=529571428535,name=veh_102,route=r_0,laneSelectionMode=BEST,lane=-1,departConnectionIndex=0,pos=0,type=Car,departSpeed=0.0,applications=[src.main.java.CarSendsCamAPP, src.main.java.EventProcessingApp, src.main.java.MainCarApp]
2025-05-28 00:49:08,120 INFO  VehicleFlowGenerator - Creating Vehicle: time=529571428535,name=veh_103,route=r_1,laneSelectionMode=BEST,lane=-1,departConnectionIndex=0,pos=0,type=Car_0,departSpeed=0.0,applications=[src.main.java.CarSendsCamAPP, src.main.java.EventProcessingApp, src.main.java.MainCarApp]
2025-05-28 00:49:08,898 INFO  VehicleFlowGenerator - Creating Vehicle: time=539857142820,name=veh_104,route=r_0,laneSelectionMode=BEST,lane=-1,departConnectionIndex=0,pos=0,type=Car,departSpeed=0.0,applications=[src.main.java.CarSendsCamAPP, src.main.java.EventProcessingApp, src.main.java.MainCarApp]
2025-05-28 00:49:08,898 INFO  VehicleFlowGenerator - Creating Vehicle: time=539857142820,name=veh_105,route=r_1,laneSelectionMode=BEST,lane=-1,departConnectionIndex=0,pos=0,type=Car_0,departSpeed=0.0,applications=[src.main.java.CarSendsCamAPP, src.main.java.EventProcessingApp, src.main.java.MainCarApp]
2025-05-28 00:49:09,590 INFO  VehicleFlowGenerator - Creating Vehicle: time=550142857105,name=veh_106,route=r_0,laneSelectionMode=BEST,lane=-1,departConnectionIndex=0,pos=0,type=Car,departSpeed=0.0,applications=[src.main.java.CarSendsCamAPP, src.main.java.EventProcessingApp, src.main.java.MainCarApp]
2025-05-28 00:49:09,590 INFO  VehicleFlowGenerator - Creating Vehicle: time=550142857105,name=veh_107,route=r_1,laneSelectionMode=BEST,lane=-1,departConnectionIndex=0,pos=0,type=Car_0,departSpeed=0.0,applications=[src.main.java.CarSendsCamAPP, src.main.java.EventProcessingApp, src.main.java.MainCarApp]
2025-05-28 00:49:10,038 INFO  VehicleFlowGenerator - Creating Vehicle: time=560428571390,name=veh_108,route=r_0,laneSelectionMode=BEST,lane=-1,departConnectionIndex=0,pos=0,type=Car,departSpeed=0.0,applications=[src.main.java.CarSendsCamAPP, src.main.java.EventProcessingApp, src.main.java.MainCarApp]
2025-05-28 00:49:10,038 INFO  VehicleFlowGenerator - Creating Vehicle: time=560428571390,name=veh_109,route=r_1,laneSelectionMode=BEST,lane=-1,departConnectionIndex=0,pos=0,type=Car_0,departSpeed=0.0,applications=[src.main.java.CarSendsCamAPP, src.main.java.EventProcessingApp, src.main.java.MainCarApp]
2025-05-28 00:49:10,540 INFO  VehicleFlowGenerator - Creating Vehicle: time=570714285675,name=veh_110,route=r_0,laneSelectionMode=BEST,lane=-1,departConnectionIndex=0,pos=0,type=Car,departSpeed=0.0,applications=[src.main.java.CarSendsCamAPP, src.main.java.EventProcessingApp, src.main.java.MainCarApp]
2025-05-28 00:49:10,540 INFO  VehicleFlowGenerator - Creating Vehicle: time=570714285675,name=veh_111,route=r_1,laneSelectionMode=BEST,lane=-1,departConnectionIndex=0,pos=0,type=Car_0,departSpeed=0.0,applications=[src.main.java.CarSendsCamAPP, src.main.java.EventProcessingApp, src.main.java.MainCarApp]
2025-05-28 00:49:11,135 INFO  VehicleFlowGenerator - Creating Vehicle: time=580999999960,name=veh_112,route=r_0,laneSelectionMode=BEST,lane=-1,departConnectionIndex=0,pos=0,type=Car,departSpeed=0.0,applications=[src.main.java.CarSendsCamAPP, src.main.java.EventProcessingApp, src.main.java.MainCarApp]
2025-05-28 00:49:11,135 INFO  VehicleFlowGenerator - Creating Vehicle: time=580999999960,name=veh_113,route=r_1,laneSelectionMode=BEST,lane=-1,departConnectionIndex=0,pos=0,type=Car_0,departSpeed=0.0,applications=[src.main.java.CarSendsCamAPP, src.main.java.EventProcessingApp, src.main.java.MainCarApp]
2025-05-28 00:49:11,907 INFO  VehicleFlowGenerator - Creating Vehicle: time=591285714245,name=veh_114,route=r_0,laneSelectionMode=BEST,lane=-1,departConnectionIndex=0,pos=0,type=Car,departSpeed=0.0,applications=[src.main.java.CarSendsCamAPP, src.main.java.EventProcessingApp, src.main.java.MainCarApp]
2025-05-28 00:49:11,907 INFO  VehicleFlowGenerator - Creating Vehicle: time=591285714245,name=veh_115,route=r_1,laneSelectionMode=BEST,lane=-1,departConnectionIndex=0,pos=0,type=Car_0,departSpeed=0.0,applications=[src.main.java.CarSendsCamAPP, src.main.java.EventProcessingApp, src.main.java.MainCarApp]
2025-05-28 00:49:12,764 INFO  VehicleFlowGenerator - Creating Vehicle: time=601571428530,name=veh_116,route=r_0,laneSelectionMode=BEST,lane=-1,departConnectionIndex=0,pos=0,type=Car,departSpeed=0.0,applications=[src.main.java.CarSendsCamAPP, src.main.java.EventProcessingApp, src.main.java.MainCarApp]
2025-05-28 00:49:12,764 INFO  VehicleFlowGenerator - Creating Vehicle: time=601571428530,name=veh_117,route=r_1,laneSelectionMode=BEST,lane=-1,departConnectionIndex=0,pos=0,type=Car_0,departSpeed=0.0,applications=[src.main.java.CarSendsCamAPP, src.main.java.EventProcessingApp, src.main.java.MainCarApp]
2025-05-28 00:49:13,664 INFO  VehicleFlowGenerator - Creating Vehicle: time=611857142815,name=veh_118,route=r_0,laneSelectionMode=BEST,lane=-1,departConnectionIndex=0,pos=0,type=Car,departSpeed=0.0,applications=[src.main.java.CarSendsCamAPP, src.main.java.EventProcessingApp, src.main.java.MainCarApp]
2025-05-28 00:49:13,664 INFO  VehicleFlowGenerator - Creating Vehicle: time=611857142815,name=veh_119,route=r_1,laneSelectionMode=BEST,lane=-1,departConnectionIndex=0,pos=0,type=Car_0,departSpeed=0.0,applications=[src.main.java.CarSendsCamAPP, src.main.java.EventProcessingApp, src.main.java.MainCarApp]
2025-05-28 00:49:14,484 INFO  VehicleFlowGenerator - Creating Vehicle: time=622142857100,name=veh_120,route=r_0,laneSelectionMode=BEST,lane=-1,departConnectionIndex=0,pos=0,type=Car,departSpeed=0.0,applications=[src.main.java.CarSendsCamAPP, src.main.java.EventProcessingApp, src.main.java.MainCarApp]
2025-05-28 00:49:14,484 INFO  VehicleFlowGenerator - Creating Vehicle: time=622142857100,name=veh_121,route=r_1,laneSelectionMode=BEST,lane=-1,departConnectionIndex=0,pos=0,type=Car_0,departSpeed=0.0,applications=[src.main.java.CarSendsCamAPP, src.main.java.EventProcessingApp, src.main.java.MainCarApp]
2025-05-28 00:49:15,176 INFO  VehicleFlowGenerator - Creating Vehicle: time=632428571385,name=veh_122,route=r_0,laneSelectionMode=BEST,lane=-1,departConnectionIndex=0,pos=0,type=Car,departSpeed=0.0,applications=[src.main.java.CarSendsCamAPP, src.main.java.EventProcessingApp, src.main.java.MainCarApp]
2025-05-28 00:49:15,176 INFO  VehicleFlowGenerator - Creating Vehicle: time=632428571385,name=veh_123,route=r_1,laneSelectionMode=BEST,lane=-1,departConnectionIndex=0,pos=0,type=Car_0,departSpeed=0.0,applications=[src.main.java.CarSendsCamAPP, src.main.java.EventProcessingApp, src.main.java.MainCarApp]
2025-05-28 00:49:15,978 INFO  VehicleFlowGenerator - Creating Vehicle: time=642714285670,name=veh_124,route=r_0,laneSelectionMode=BEST,lane=-1,departConnectionIndex=0,pos=0,type=Car,departSpeed=0.0,applications=[src.main.java.CarSendsCamAPP, src.main.java.EventProcessingApp, src.main.java.MainCarApp]
2025-05-28 00:49:15,978 INFO  VehicleFlowGenerator - Creating Vehicle: time=642714285670,name=veh_125,route=r_1,laneSelectionMode=BEST,lane=-1,departConnectionIndex=0,pos=0,type=Car_0,departSpeed=0.0,applications=[src.main.java.CarSendsCamAPP, src.main.java.EventProcessingApp, src.main.java.MainCarApp]
2025-05-28 00:49:16,886 INFO  VehicleFlowGenerator - Creating Vehicle: time=652999999955,name=veh_126,route=r_0,laneSelectionMode=BEST,lane=-1,departConnectionIndex=0,pos=0,type=Car,departSpeed=0.0,applications=[src.main.java.CarSendsCamAPP, src.main.java.EventProcessingApp, src.main.java.MainCarApp]
2025-05-28 00:49:16,886 INFO  VehicleFlowGenerator - Creating Vehicle: time=652999999955,name=veh_127,route=r_1,laneSelectionMode=BEST,lane=-1,departConnectionIndex=0,pos=0,type=Car_0,departSpeed=0.0,applications=[src.main.java.CarSendsCamAPP, src.main.java.EventProcessingApp, src.main.java.MainCarApp]
2025-05-28 00:49:17,780 INFO  VehicleFlowGenerator - Creating Vehicle: time=663285714240,name=veh_128,route=r_0,laneSelectionMode=BEST,lane=-1,departConnectionIndex=0,pos=0,type=Car,departSpeed=0.0,applications=[src.main.java.CarSendsCamAPP, src.main.java.EventProcessingApp, src.main.java.MainCarApp]
2025-05-28 00:49:17,780 INFO  VehicleFlowGenerator - Creating Vehicle: time=663285714240,name=veh_129,route=r_1,laneSelectionMode=BEST,lane=-1,departConnectionIndex=0,pos=0,type=Car_0,departSpeed=0.0,applications=[src.main.java.CarSendsCamAPP, src.main.java.EventProcessingApp, src.main.java.MainCarApp]
2025-05-28 00:49:18,523 INFO  VehicleFlowGenerator - Creating Vehicle: time=673571428525,name=veh_130,route=r_0,laneSelectionMode=BEST,lane=-1,departConnectionIndex=0,pos=0,type=Car,departSpeed=0.0,applications=[src.main.java.CarSendsCamAPP, src.main.java.EventProcessingApp, src.main.java.MainCarApp]
2025-05-28 00:49:18,523 INFO  VehicleFlowGenerator - Creating Vehicle: time=673571428525,name=veh_131,route=r_1,laneSelectionMode=BEST,lane=-1,departConnectionIndex=0,pos=0,type=Car_0,departSpeed=0.0,applications=[src.main.java.CarSendsCamAPP, src.main.java.EventProcessingApp, src.main.java.MainCarApp]
2025-05-28 00:49:19,192 INFO  VehicleFlowGenerator - Creating Vehicle: time=683857142810,name=veh_132,route=r_0,laneSelectionMode=BEST,lane=-1,departConnectionIndex=0,pos=0,type=Car,departSpeed=0.0,applications=[src.main.java.CarSendsCamAPP, src.main.java.EventProcessingApp, src.main.java.MainCarApp]
2025-05-28 00:49:19,192 INFO  VehicleFlowGenerator - Creating Vehicle: time=683857142810,name=veh_133,route=r_1,laneSelectionMode=BEST,lane=-1,departConnectionIndex=0,pos=0,type=Car_0,departSpeed=0.0,applications=[src.main.java.CarSendsCamAPP, src.main.java.EventProcessingApp, src.main.java.MainCarApp]
2025-05-28 00:49:19,852 INFO  VehicleFlowGenerator - Creating Vehicle: time=694142857095,name=veh_134,route=r_0,laneSelectionMode=BEST,lane=-1,departConnectionIndex=0,pos=0,type=Car,departSpeed=0.0,applications=[src.main.java.CarSendsCamAPP, src.main.java.EventProcessingApp, src.main.java.MainCarApp]
2025-05-28 00:49:19,852 INFO  VehicleFlowGenerator - Creating Vehicle: time=694142857095,name=veh_135,route=r_1,laneSelectionMode=BEST,lane=-1,departConnectionIndex=0,pos=0,type=Car_0,departSpeed=0.0,applications=[src.main.java.CarSendsCamAPP, src.main.java.EventProcessingApp, src.main.java.MainCarApp]
