2025-05-28 00:33:52,352 INFO  - ------------------------------------------------------------------------------------- (at simulation time 459.000,000,000 s)
2025-05-28 00:33:52,352 INFO  - Initialize veh_88 application (at simulation time 459.000,000,000 s)
2025-05-28 00:33:52,352 INFO  - Activated AdHoc Module (at simulation time 459.000,000,000 s)
2025-05-28 00:33:52,352 INFO  - ------------------------------------------------------------------------------------- (at simulation time 459.000,000,000 s)
2025-05-28 00:33:52,354 INFO  - Sent message to others cars = 'veh_88 | CartesianPoint{x=143.94,y=749.34,z=0.00}' (at simulation time 459.000,000,000 s)
2025-05-28 00:33:52,421 INFO  - Received event: 459000 (at simulation time IntraVehicleMsg)
2025-05-28 00:33:52,425 INFO  - Sent message to others cars = 'veh_88 | CartesianPoint{x=143.92,y=741.95,z=0.00}' (at simulation time 460.000,000,000 s)
2025-05-28 00:33:52,494 INFO  - Received event: 460000 (at simulation time IntraVehicleMsg)
2025-05-28 00:33:52,496 INFO  - Sent message to others cars = 'veh_88 | CartesianPoint{x=143.90,y=734.43,z=0.00}' (at simulation time 461.000,000,000 s)
2025-05-28 00:33:52,568 INFO  - Received event: 461000 (at simulation time IntraVehicleMsg)
2025-05-28 00:33:52,571 INFO  - Sent message to others cars = 'veh_88 | CartesianPoint{x=143.87,y=726.37,z=0.00}' (at simulation time 462.000,000,000 s)
2025-05-28 00:33:52,643 INFO  - Received event: 462000 (at simulation time IntraVehicleMsg)
2025-05-28 00:33:52,645 INFO  - Sent message to others cars = 'veh_88 | CartesianPoint{x=143.84,y=718.05,z=0.00}' (at simulation time 463.000,000,000 s)
2025-05-28 00:33:52,718 INFO  - Received event: 463000 (at simulation time IntraVehicleMsg)
2025-05-28 00:33:52,720 INFO  - Sent message to others cars = 'veh_88 | CartesianPoint{x=143.82,y=710.49,z=0.00}' (at simulation time 464.000,000,000 s)
2025-05-28 00:33:52,795 INFO  - Received event: 464000 (at simulation time IntraVehicleMsg)
2025-05-28 00:33:52,800 INFO  - Sent message to others cars = 'veh_88 | CartesianPoint{x=140.59,y=703.42,z=0.00}' (at simulation time 465.000,000,000 s)
2025-05-28 00:33:52,874 INFO  - Received event: 465000 (at simulation time IntraVehicleMsg)
2025-05-28 00:33:52,876 INFO  - Sent message to others cars = 'veh_88 | CartesianPoint{x=140.57,y=695.72,z=0.00}' (at simulation time 466.000,000,000 s)
2025-05-28 00:33:52,952 INFO  - Received event: 466000 (at simulation time IntraVehicleMsg)
2025-05-28 00:33:52,960 INFO  - Sent message to others cars = 'veh_88 | CartesianPoint{x=140.54,y=688.54,z=0.00}' (at simulation time 467.000,000,000 s)
2025-05-28 00:33:53,034 INFO  - Received event: 467000 (at simulation time IntraVehicleMsg)
2025-05-28 00:33:53,037 INFO  - Sent message to others cars = 'veh_88 | CartesianPoint{x=140.52,y=681.11,z=0.00}' (at simulation time 468.000,000,000 s)
2025-05-28 00:33:53,113 INFO  - Received event: 468000 (at simulation time IntraVehicleMsg)
2025-05-28 00:33:53,119 INFO  - Sent message to others cars = 'veh_88 | CartesianPoint{x=140.49,y=672.93,z=0.00}' (at simulation time 469.000,000,000 s)
2025-05-28 00:33:53,190 INFO  - Received event: 469000 (at simulation time IntraVehicleMsg)
2025-05-28 00:33:53,194 INFO  - Sent message to others cars = 'veh_88 | CartesianPoint{x=140.47,y=664.82,z=0.00}' (at simulation time 470.000,000,000 s)
2025-05-28 00:33:53,264 INFO  - Received event: 470000 (at simulation time IntraVehicleMsg)
2025-05-28 00:33:53,267 INFO  - Sent message to others cars = 'veh_88 | CartesianPoint{x=140.45,y=657.65,z=0.00}' (at simulation time 471.000,000,000 s)
2025-05-28 00:33:53,333 INFO  - Received event: 471000 (at simulation time IntraVehicleMsg)
2025-05-28 00:33:53,335 INFO  - Sent message to others cars = 'veh_88 | CartesianPoint{x=140.43,y=649.81,z=0.00}' (at simulation time 472.000,000,000 s)
2025-05-28 00:33:53,397 INFO  - Received event: 472000 (at simulation time IntraVehicleMsg)
2025-05-28 00:33:53,399 INFO  - Sent message to others cars = 'veh_88 | CartesianPoint{x=140.42,y=642.55,z=0.00}' (at simulation time 473.000,000,000 s)
2025-05-28 00:33:53,460 INFO  - Received event: 473000 (at simulation time IntraVehicleMsg)
2025-05-28 00:33:53,462 INFO  - Sent message to others cars = 'veh_88 | CartesianPoint{x=140.40,y=634.42,z=0.00}' (at simulation time 474.000,000,000 s)
2025-05-28 00:33:53,525 INFO  - Received event: 474000 (at simulation time IntraVehicleMsg)
2025-05-28 00:33:53,531 INFO  - Sent message to others cars = 'veh_88 | CartesianPoint{x=140.38,y=626.85,z=0.00}' (at simulation time 475.000,000,000 s)
2025-05-28 00:33:53,587 INFO  - Received event: 475000 (at simulation time IntraVehicleMsg)
2025-05-28 00:33:53,592 INFO  - Sent message to others cars = 'veh_88 | CartesianPoint{x=140.36,y=618.93,z=0.00}' (at simulation time 476.000,000,000 s)
2025-05-28 00:33:53,649 INFO  - Received event: 476000 (at simulation time IntraVehicleMsg)
2025-05-28 00:33:53,651 INFO  - Sent message to others cars = 'veh_88 | CartesianPoint{x=140.34,y=611.02,z=0.00}' (at simulation time 477.000,000,000 s)
2025-05-28 00:33:53,709 INFO  - Received event: 477000 (at simulation time IntraVehicleMsg)
2025-05-28 00:33:53,712 INFO  - Sent message to others cars = 'veh_88 | CartesianPoint{x=140.31,y=603.04,z=0.00}' (at simulation time 478.000,000,000 s)
2025-05-28 00:33:53,770 INFO  - Received event: 478000 (at simulation time IntraVehicleMsg)
2025-05-28 00:33:53,772 INFO  - Sent message to others cars = 'veh_88 | CartesianPoint{x=140.28,y=595.76,z=0.00}' (at simulation time 479.000,000,000 s)
2025-05-28 00:33:53,833 INFO  - Received event: 479000 (at simulation time IntraVehicleMsg)
2025-05-28 00:33:53,841 INFO  - Sent message to others cars = 'veh_88 | CartesianPoint{x=140.24,y=587.84,z=0.00}' (at simulation time 480.000,000,000 s)
2025-05-28 00:33:53,902 INFO  - Received event: 480000 (at simulation time IntraVehicleMsg)
2025-05-28 00:33:53,904 INFO  - Sent message to others cars = 'veh_88 | CartesianPoint{x=140.19,y=579.52,z=0.00}' (at simulation time 481.000,000,000 s)
2025-05-28 00:33:53,966 INFO  - Received event: 481000 (at simulation time IntraVehicleMsg)
2025-05-28 00:33:53,969 INFO  - Sent message to others cars = 'veh_88 | CartesianPoint{x=140.15,y=572.12,z=0.00}' (at simulation time 482.000,000,000 s)
2025-05-28 00:33:54,032 INFO  - Received event: 482000 (at simulation time IntraVehicleMsg)
2025-05-28 00:33:54,037 INFO  - Sent message to others cars = 'veh_88 | CartesianPoint{x=140.11,y=564.03,z=0.00}' (at simulation time 483.000,000,000 s)
2025-05-28 00:33:54,102 INFO  - Received event: 483000 (at simulation time IntraVehicleMsg)
2025-05-28 00:33:54,104 INFO  - Sent message to others cars = 'veh_88 | CartesianPoint{x=143.27,y=556.34,z=0.00}' (at simulation time 484.000,000,000 s)
2025-05-28 00:33:54,169 INFO  - Received event: 484000 (at simulation time IntraVehicleMsg)
2025-05-28 00:33:54,179 INFO  - Sent message to others cars = 'veh_88 | CartesianPoint{x=143.23,y=548.92,z=0.00}' (at simulation time 485.000,000,000 s)
2025-05-28 00:33:54,236 INFO  - Received event: 485000 (at simulation time IntraVehicleMsg)
2025-05-28 00:33:54,239 INFO  - Sent message to others cars = 'veh_88 | CartesianPoint{x=143.21,y=545.42,z=0.00}' (at simulation time 486.000,000,000 s)
2025-05-28 00:33:54,301 INFO  - Received event: 486000 (at simulation time IntraVehicleMsg)
2025-05-28 00:33:54,304 INFO  - Sent message to others cars = 'veh_88 | CartesianPoint{x=143.21,y=545.00,z=0.00}' (at simulation time 487.000,000,000 s)
2025-05-28 00:33:54,357 INFO  - Received event: 487000 (at simulation time IntraVehicleMsg)
2025-05-28 00:33:54,359 INFO  - Sent message to others cars = 'veh_88 | CartesianPoint{x=143.21,y=544.69,z=0.00}' (at simulation time 488.000,000,000 s)
2025-05-28 00:33:54,413 INFO  - Received event: 488000 (at simulation time IntraVehicleMsg)
2025-05-28 00:33:54,416 INFO  - Sent message to others cars = 'veh_88 | CartesianPoint{x=143.21,y=544.68,z=0.00}' (at simulation time 489.000,000,000 s)
2025-05-28 00:33:54,471 INFO  - Received event: 489000 (at simulation time IntraVehicleMsg)
2025-05-28 00:33:54,479 INFO  - Sent message to others cars = 'veh_88 | CartesianPoint{x=143.21,y=544.67,z=0.00}' (at simulation time 490.000,000,000 s)
2025-05-28 00:33:54,535 INFO  - Received event: 490000 (at simulation time IntraVehicleMsg)
2025-05-28 00:33:54,537 INFO  - Sent message to others cars = 'veh_88 | CartesianPoint{x=143.21,y=544.67,z=0.00}' (at simulation time 491.000,000,000 s)
2025-05-28 00:33:54,595 INFO  - Received event: 491000 (at simulation time IntraVehicleMsg)
2025-05-28 00:33:54,597 INFO  - Sent message to others cars = 'veh_88 | CartesianPoint{x=143.21,y=544.67,z=0.00}' (at simulation time 492.000,000,000 s)
2025-05-28 00:33:54,656 INFO  - Received event: 492000 (at simulation time IntraVehicleMsg)
2025-05-28 00:33:54,658 INFO  - Sent message to others cars = 'veh_88 | CartesianPoint{x=143.21,y=544.67,z=0.00}' (at simulation time 493.000,000,000 s)
2025-05-28 00:33:54,720 INFO  - Received event: 493000 (at simulation time IntraVehicleMsg)
2025-05-28 00:33:54,725 INFO  - Sent message to others cars = 'veh_88 | CartesianPoint{x=143.21,y=544.67,z=0.00}' (at simulation time 494.000,000,000 s)
2025-05-28 00:33:54,786 INFO  - Received event: 494000 (at simulation time IntraVehicleMsg)
2025-05-28 00:33:54,788 INFO  - Sent message to others cars = 'veh_88 | CartesianPoint{x=143.21,y=544.67,z=0.00}' (at simulation time 495.000,000,000 s)
2025-05-28 00:33:54,851 INFO  - Received event: 495000 (at simulation time IntraVehicleMsg)
2025-05-28 00:33:54,854 INFO  - Sent message to others cars = 'veh_88 | CartesianPoint{x=143.21,y=544.67,z=0.00}' (at simulation time 496.000,000,000 s)
2025-05-28 00:33:54,919 INFO  - Received event: 496000 (at simulation time IntraVehicleMsg)
2025-05-28 00:33:54,921 INFO  - Sent message to others cars = 'veh_88 | CartesianPoint{x=143.21,y=544.67,z=0.00}' (at simulation time 497.000,000,000 s)
2025-05-28 00:33:54,986 INFO  - Received event: 497000 (at simulation time IntraVehicleMsg)
2025-05-28 00:33:54,989 INFO  - Sent message to others cars = 'veh_88 | CartesianPoint{x=143.21,y=544.67,z=0.00}' (at simulation time 498.000,000,000 s)
2025-05-28 00:33:55,049 INFO  - Received event: 498000 (at simulation time IntraVehicleMsg)
2025-05-28 00:33:55,056 INFO  - Sent message to others cars = 'veh_88 | CartesianPoint{x=143.21,y=544.67,z=0.00}' (at simulation time 499.000,000,000 s)
2025-05-28 00:33:55,119 INFO  - Received event: 499000 (at simulation time IntraVehicleMsg)
2025-05-28 00:33:55,128 INFO  - Sent message to others cars = 'veh_88 | CartesianPoint{x=143.21,y=544.67,z=0.00}' (at simulation time 500.000,000,000 s)
2025-05-28 00:33:55,191 INFO  - Received event: 500000 (at simulation time IntraVehicleMsg)
2025-05-28 00:33:55,194 INFO  - Sent message to others cars = 'veh_88 | CartesianPoint{x=143.21,y=544.67,z=0.00}' (at simulation time 501.000,000,000 s)
2025-05-28 00:33:55,253 INFO  - Received event: 501000 (at simulation time IntraVehicleMsg)
2025-05-28 00:33:55,255 INFO  - Sent message to others cars = 'veh_88 | CartesianPoint{x=143.21,y=544.67,z=0.00}' (at simulation time 502.000,000,000 s)
2025-05-28 00:33:55,312 INFO  - Received event: 502000 (at simulation time IntraVehicleMsg)
2025-05-28 00:33:55,315 INFO  - Sent message to others cars = 'veh_88 | CartesianPoint{x=143.21,y=544.67,z=0.00}' (at simulation time 503.000,000,000 s)
2025-05-28 00:33:55,375 INFO  - Received event: 503000 (at simulation time IntraVehicleMsg)
2025-05-28 00:33:55,378 INFO  - Sent message to others cars = 'veh_88 | CartesianPoint{x=143.21,y=544.67,z=0.00}' (at simulation time 504.000,000,000 s)
2025-05-28 00:33:55,430 INFO  - Received event: 504000 (at simulation time IntraVehicleMsg)
2025-05-28 00:33:55,435 INFO  - Sent message to others cars = 'veh_88 | CartesianPoint{x=143.21,y=544.67,z=0.00}' (at simulation time 505.000,000,000 s)
2025-05-28 00:33:55,480 INFO  - Received event: 505000 (at simulation time IntraVehicleMsg)
2025-05-28 00:33:55,483 INFO  - Sent message to others cars = 'veh_88 | CartesianPoint{x=143.20,y=542.32,z=0.00}' (at simulation time 506.000,000,000 s)
2025-05-28 00:33:55,533 INFO  - Received event: 506000 (at simulation time IntraVehicleMsg)
2025-05-28 00:33:55,536 INFO  - Sent message to others cars = 'veh_88 | CartesianPoint{x=143.17,y=537.64,z=0.00}' (at simulation time 507.000,000,000 s)
2025-05-28 00:33:55,589 INFO  - Received event: 507000 (at simulation time IntraVehicleMsg)
2025-05-28 00:33:55,591 INFO  - Sent message to others cars = 'veh_88 | CartesianPoint{x=143.13,y=532.01,z=0.00}' (at simulation time 508.000,000,000 s)
2025-05-28 00:33:55,638 INFO  - Received event: 508000 (at simulation time IntraVehicleMsg)
2025-05-28 00:33:55,640 INFO  - Sent message to others cars = 'veh_88 | CartesianPoint{x=143.07,y=524.94,z=0.00}' (at simulation time 509.000,000,000 s)
2025-05-28 00:33:55,688 INFO  - Received event: 509000 (at simulation time IntraVehicleMsg)
2025-05-28 00:33:55,703 INFO  - Sent message to others cars = 'veh_88 | CartesianPoint{x=142.99,y=516.76,z=0.00}' (at simulation time 510.000,000,000 s)
2025-05-28 00:33:55,751 INFO  - Received event: 510000 (at simulation time IntraVehicleMsg)
2025-05-28 00:33:55,754 INFO  - Sent message to others cars = 'veh_88 | CartesianPoint{x=142.93,y=509.77,z=0.00}' (at simulation time 511.000,000,000 s)
2025-05-28 00:33:55,804 INFO  - Received event: 511000 (at simulation time IntraVehicleMsg)
2025-05-28 00:33:55,806 INFO  - Sent message to others cars = 'veh_88 | CartesianPoint{x=142.86,y=503.10,z=0.00}' (at simulation time 512.000,000,000 s)
2025-05-28 00:33:55,852 INFO  - Received event: 512000 (at simulation time IntraVehicleMsg)
2025-05-28 00:33:55,854 INFO  - Sent message to others cars = 'veh_88 | CartesianPoint{x=142.80,y=496.40,z=0.00}' (at simulation time 513.000,000,000 s)
2025-05-28 00:33:55,896 INFO  - Received event: 513000 (at simulation time IntraVehicleMsg)
2025-05-28 00:33:55,898 INFO  - Sent message to others cars = 'veh_88 | CartesianPoint{x=142.73,y=489.57,z=0.00}' (at simulation time 514.000,000,000 s)
2025-05-28 00:33:55,941 INFO  - Received event: 514000 (at simulation time IntraVehicleMsg)
2025-05-28 00:33:55,943 INFO  - Sent message to others cars = 'veh_88 | CartesianPoint{x=142.66,y=482.01,z=0.00}' (at simulation time 515.000,000,000 s)
2025-05-28 00:33:55,988 INFO  - Received event: 515000 (at simulation time IntraVehicleMsg)
2025-05-28 00:33:55,991 INFO  - Sent message to others cars = 'veh_88 | CartesianPoint{x=142.59,y=474.45,z=0.00}' (at simulation time 516.000,000,000 s)
2025-05-28 00:33:56,037 INFO  - Received event: 516000 (at simulation time IntraVehicleMsg)
2025-05-28 00:33:56,041 INFO  - Sent message to others cars = 'veh_88 | CartesianPoint{x=142.53,y=467.81,z=0.00}' (at simulation time 517.000,000,000 s)
2025-05-28 00:33:56,078 INFO  - Received event: 517000 (at simulation time IntraVehicleMsg)
2025-05-28 00:33:56,083 INFO  - Sent message to others cars = 'veh_88 | CartesianPoint{x=142.45,y=460.42,z=0.00}' (at simulation time 518.000,000,000 s)
2025-05-28 00:33:56,120 INFO  - Received event: 518000 (at simulation time IntraVehicleMsg)
2025-05-28 00:33:56,122 INFO  - Sent message to others cars = 'veh_88 | CartesianPoint{x=142.39,y=453.67,z=0.00}' (at simulation time 519.000,000,000 s)
2025-05-28 00:33:56,160 INFO  - Received event: 519000 (at simulation time IntraVehicleMsg)
2025-05-28 00:33:56,163 INFO  - Sent message to others cars = 'veh_88 | CartesianPoint{x=142.39,y=445.97,z=0.00}' (at simulation time 520.000,000,000 s)
2025-05-28 00:33:56,196 INFO  - Received event: 520000 (at simulation time IntraVehicleMsg)
2025-05-28 00:33:56,201 INFO  - Sent message to others cars = 'veh_88 | CartesianPoint{x=142.37,y=439.16,z=0.00}' (at simulation time 521.000,000,000 s)
2025-05-28 00:33:56,237 INFO  - Received event: 521000 (at simulation time IntraVehicleMsg)
2025-05-28 00:33:56,239 INFO  - Sent message to others cars = 'veh_88 | CartesianPoint{x=142.36,y=432.71,z=0.00}' (at simulation time 522.000,000,000 s)
2025-05-28 00:33:56,276 INFO  - Received event: 522000 (at simulation time IntraVehicleMsg)
2025-05-28 00:33:56,281 INFO  - Sent message to others cars = 'veh_88 | CartesianPoint{x=142.34,y=424.97,z=0.00}' (at simulation time 523.000,000,000 s)
2025-05-28 00:33:56,312 INFO  - Received event: 523000 (at simulation time IntraVehicleMsg)
2025-05-28 00:33:56,314 INFO  - Sent message to others cars = 'veh_88 | CartesianPoint{x=142.33,y=418.73,z=0.00}' (at simulation time 524.000,000,000 s)
2025-05-28 00:33:56,349 INFO  - Received event: 524000 (at simulation time IntraVehicleMsg)
2025-05-28 00:33:56,352 INFO  - Sent message to others cars = 'veh_88 | CartesianPoint{x=142.31,y=411.37,z=0.00}' (at simulation time 525.000,000,000 s)
2025-05-28 00:33:56,389 INFO  - Received event: 525000 (at simulation time IntraVehicleMsg)
2025-05-28 00:33:56,393 INFO  - Sent message to others cars = 'veh_88 | CartesianPoint{x=142.30,y=404.15,z=0.00}' (at simulation time 526.000,000,000 s)
2025-05-28 00:33:56,431 INFO  - Received event: 526000 (at simulation time IntraVehicleMsg)
2025-05-28 00:33:56,434 INFO  - Sent message to others cars = 'veh_88 | CartesianPoint{x=139.08,y=397.46,z=0.00}' (at simulation time 527.000,000,000 s)
2025-05-28 00:33:56,471 INFO  - Received event: 527000 (at simulation time IntraVehicleMsg)
2025-05-28 00:33:56,473 INFO  - Sent message to others cars = 'veh_88 | CartesianPoint{x=139.07,y=390.44,z=0.00}' (at simulation time 528.000,000,000 s)
2025-05-28 00:33:56,512 INFO  - Received event: 528000 (at simulation time IntraVehicleMsg)
2025-05-28 00:33:56,514 INFO  - Sent message to others cars = 'veh_88 | CartesianPoint{x=139.06,y=383.80,z=0.00}' (at simulation time 529.000,000,000 s)
2025-05-28 00:33:56,554 INFO  - Received event: 529000 (at simulation time IntraVehicleMsg)
2025-05-28 00:33:56,557 INFO  - Sent message to others cars = 'veh_88 | CartesianPoint{x=139.04,y=376.76,z=0.00}' (at simulation time 530.000,000,000 s)
2025-05-28 00:33:56,598 INFO  - Received event: 530000 (at simulation time IntraVehicleMsg)
2025-05-28 00:33:56,604 INFO  - Sent message to others cars = 'veh_88 | CartesianPoint{x=139.03,y=369.73,z=0.00}' (at simulation time 531.000,000,000 s)
2025-05-28 00:33:56,648 INFO  - Received event: 531000 (at simulation time IntraVehicleMsg)
2025-05-28 00:33:56,650 INFO  - Sent message to others cars = 'veh_88 | CartesianPoint{x=139.01,y=362.00,z=0.00}' (at simulation time 532.000,000,000 s)
2025-05-28 00:33:56,694 INFO  - Received event: 532000 (at simulation time IntraVehicleMsg)
2025-05-28 00:33:56,696 INFO  - Sent message to others cars = 'veh_88 | CartesianPoint{x=138.98,y=354.39,z=0.00}' (at simulation time 533.000,000,000 s)
2025-05-28 00:33:56,740 INFO  - Received event: 533000 (at simulation time IntraVehicleMsg)
2025-05-28 00:33:56,743 INFO  - Sent message to others cars = 'veh_88 | CartesianPoint{x=138.91,y=346.55,z=0.00}' (at simulation time 534.000,000,000 s)
2025-05-28 00:33:56,787 INFO  - Received event: 534000 (at simulation time IntraVehicleMsg)
2025-05-28 00:33:56,795 INFO  - Sent message to others cars = 'veh_88 | CartesianPoint{x=138.85,y=339.45,z=0.00}' (at simulation time 535.000,000,000 s)
2025-05-28 00:33:56,840 INFO  - Received event: 535000 (at simulation time IntraVehicleMsg)
2025-05-28 00:33:56,847 INFO  - Sent message to others cars = 'veh_88 | CartesianPoint{x=138.79,y=332.27,z=0.00}' (at simulation time 536.000,000,000 s)
2025-05-28 00:33:56,894 INFO  - Received event: 536000 (at simulation time IntraVehicleMsg)
2025-05-28 00:33:56,896 INFO  - Sent message to others cars = 'veh_88 | CartesianPoint{x=138.72,y=324.57,z=0.00}' (at simulation time 537.000,000,000 s)
2025-05-28 00:33:56,943 INFO  - Received event: 537000 (at simulation time IntraVehicleMsg)
2025-05-28 00:33:56,946 INFO  - Sent message to others cars = 'veh_88 | CartesianPoint{x=138.65,y=316.71,z=0.00}' (at simulation time 538.000,000,000 s)
2025-05-28 00:33:56,993 INFO  - Received event: 538000 (at simulation time IntraVehicleMsg)
2025-05-28 00:33:56,996 INFO  - Sent message to others cars = 'veh_88 | CartesianPoint{x=138.59,y=309.33,z=0.00}' (at simulation time 539.000,000,000 s)
2025-05-28 00:33:57,045 INFO  - Received event: 539000 (at simulation time IntraVehicleMsg)
2025-05-28 00:33:57,049 INFO  - Sent message to others cars = 'veh_88 | CartesianPoint{x=138.52,y=301.54,z=0.00}' (at simulation time 540.000,000,000 s)
2025-05-28 00:33:57,100 INFO  - Received event: 540000 (at simulation time IntraVehicleMsg)
2025-05-28 00:33:57,121 INFO  - Sent message to others cars = 'veh_88 | CartesianPoint{x=138.45,y=293.91,z=0.00}' (at simulation time 541.000,000,000 s)
2025-05-28 00:33:57,172 INFO  - Received event: 541000 (at simulation time IntraVehicleMsg)
2025-05-28 00:33:57,175 INFO  - Sent message to others cars = 'veh_88 | CartesianPoint{x=138.39,y=286.36,z=0.00}' (at simulation time 542.000,000,000 s)
2025-05-28 00:33:57,229 INFO  - Received event: 542000 (at simulation time IntraVehicleMsg)
2025-05-28 00:33:57,232 INFO  - Sent message to others cars = 'veh_88 | CartesianPoint{x=138.32,y=278.14,z=0.00}' (at simulation time 543.000,000,000 s)
2025-05-28 00:33:57,288 INFO  - Received event: 543000 (at simulation time IntraVehicleMsg)
2025-05-28 00:33:57,291 INFO  - Sent message to others cars = 'veh_88 | CartesianPoint{x=138.25,y=270.34,z=0.00}' (at simulation time 544.000,000,000 s)
2025-05-28 00:33:57,347 INFO  - Received event: 544000 (at simulation time IntraVehicleMsg)
2025-05-28 00:33:57,350 INFO  - Sent message to others cars = 'veh_88 | CartesianPoint{x=138.18,y=262.10,z=0.00}' (at simulation time 545.000,000,000 s)
2025-05-28 00:33:57,411 INFO  - Received event: 545000 (at simulation time IntraVehicleMsg)
2025-05-28 00:33:57,414 INFO  - Sent message to others cars = 'veh_88 | CartesianPoint{x=138.11,y=253.99,z=0.00}' (at simulation time 546.000,000,000 s)
2025-05-28 00:33:57,474 INFO  - Received event: 546000 (at simulation time IntraVehicleMsg)
2025-05-28 00:33:57,477 INFO  - Sent message to others cars = 'veh_88 | CartesianPoint{x=138.05,y=246.59,z=0.00}' (at simulation time 547.000,000,000 s)
2025-05-28 00:33:57,537 INFO  - Received event: 547000 (at simulation time IntraVehicleMsg)
2025-05-28 00:33:57,541 INFO  - Sent message to others cars = 'veh_88 | CartesianPoint{x=137.99,y=239.24,z=0.00}' (at simulation time 548.000,000,000 s)
2025-05-28 00:33:57,602 INFO  - Received event: 548000 (at simulation time IntraVehicleMsg)
2025-05-28 00:33:57,613 INFO  - Sent message to others cars = 'veh_88 | CartesianPoint{x=137.92,y=231.30,z=0.00}' (at simulation time 549.000,000,000 s)
2025-05-28 00:33:57,674 INFO  - Received event: 549000 (at simulation time IntraVehicleMsg)
2025-05-28 00:33:57,679 INFO  - Sent message to others cars = 'veh_88 | CartesianPoint{x=137.86,y=223.36,z=0.00}' (at simulation time 550.000,000,000 s)
2025-05-28 00:33:57,741 INFO  - Received event: 550000 (at simulation time IntraVehicleMsg)
2025-05-28 00:33:57,744 INFO  - Sent message to others cars = 'veh_88 | CartesianPoint{x=137.79,y=215.63,z=0.00}' (at simulation time 551.000,000,000 s)
2025-05-28 00:33:57,805 INFO  - Received event: 551000 (at simulation time IntraVehicleMsg)
2025-05-28 00:33:57,812 INFO  - Sent message to others cars = 'veh_88 | CartesianPoint{x=137.73,y=208.10,z=0.00}' (at simulation time 552.000,000,000 s)
2025-05-28 00:33:57,874 INFO  - Received event: 552000 (at simulation time IntraVehicleMsg)
2025-05-28 00:33:57,876 INFO  - Sent message to others cars = 'veh_88 | CartesianPoint{x=137.67,y=200.95,z=0.00}' (at simulation time 553.000,000,000 s)
2025-05-28 00:33:57,941 INFO  - Received event: 553000 (at simulation time IntraVehicleMsg)
2025-05-28 00:33:57,944 INFO  - Sent message to others cars = 'veh_88 | CartesianPoint{x=137.61,y=192.98,z=0.00}' (at simulation time 554.000,000,000 s)
2025-05-28 00:33:58,012 INFO  - Received event: 554000 (at simulation time IntraVehicleMsg)
2025-05-28 00:33:58,015 INFO  - Sent message to others cars = 'veh_88 | CartesianPoint{x=137.54,y=185.54,z=0.00}' (at simulation time 555.000,000,000 s)
2025-05-28 00:33:58,082 INFO  - Received event: 555000 (at simulation time IntraVehicleMsg)
2025-05-28 00:33:58,087 INFO  - Sent message to others cars = 'veh_88 | CartesianPoint{x=137.48,y=177.76,z=0.00}' (at simulation time 556.000,000,000 s)
2025-05-28 00:33:58,157 INFO  - Received event: 556000 (at simulation time IntraVehicleMsg)
2025-05-28 00:33:58,168 INFO  - Sent message to others cars = 'veh_88 | CartesianPoint{x=137.41,y=169.52,z=0.00}' (at simulation time 557.000,000,000 s)
2025-05-28 00:33:58,236 INFO  - Received event: 557000 (at simulation time IntraVehicleMsg)
2025-05-28 00:33:58,239 INFO  - Sent message to others cars = 'veh_88 | CartesianPoint{x=137.35,y=162.34,z=0.00}' (at simulation time 558.000,000,000 s)
2025-05-28 00:33:58,308 INFO  - Received event: 558000 (at simulation time IntraVehicleMsg)
2025-05-28 00:33:58,311 INFO  - Sent message to others cars = 'veh_88 | CartesianPoint{x=137.29,y=154.80,z=0.00}' (at simulation time 559.000,000,000 s)
2025-05-28 00:33:58,383 INFO  - Received event: 559000 (at simulation time IntraVehicleMsg)
2025-05-28 00:33:58,387 INFO  - Sent message to others cars = 'veh_88 | CartesianPoint{x=137.22,y=146.86,z=0.00}' (at simulation time 560.000,000,000 s)
2025-05-28 00:33:58,458 INFO  - Received event: 560000 (at simulation time IntraVehicleMsg)
2025-05-28 00:33:58,461 INFO  - Sent message to others cars = 'veh_88 | CartesianPoint{x=137.17,y=139.81,z=0.00}' (at simulation time 561.000,000,000 s)
2025-05-28 00:33:58,532 INFO  - Received event: 561000 (at simulation time IntraVehicleMsg)
2025-05-28 00:33:58,538 INFO  - Sent message to others cars = 'veh_88 | CartesianPoint{x=137.20,y=131.76,z=0.00}' (at simulation time 562.000,000,000 s)
2025-05-28 00:33:58,614 INFO  - Received event: 562000 (at simulation time IntraVehicleMsg)
2025-05-28 00:33:58,617 INFO  - Sent message to others cars = 'veh_88 | CartesianPoint{x=137.24,y=124.61,z=0.00}' (at simulation time 563.000,000,000 s)
2025-05-28 00:33:58,692 INFO  - Received event: 563000 (at simulation time IntraVehicleMsg)
2025-05-28 00:33:58,695 INFO  - Sent message to others cars = 'veh_88 | CartesianPoint{x=137.28,y=117.02,z=0.00}' (at simulation time 564.000,000,000 s)
2025-05-28 00:33:58,773 INFO  - Received event: 564000 (at simulation time IntraVehicleMsg)
2025-05-28 00:33:58,776 INFO  - Sent message to others cars = 'veh_88 | CartesianPoint{x=137.33,y=109.10,z=0.00}' (at simulation time 565.000,000,000 s)
2025-05-28 00:33:58,858 INFO  - Received event: 565000 (at simulation time IntraVehicleMsg)
2025-05-28 00:33:58,861 INFO  - Sent message to others cars = 'veh_88 | CartesianPoint{x=137.37,y=101.41,z=0.00}' (at simulation time 566.000,000,000 s)
2025-05-28 00:33:58,941 INFO  - Received event: 566000 (at simulation time IntraVehicleMsg)
2025-05-28 00:33:58,944 INFO  - Sent message to others cars = 'veh_88 | CartesianPoint{x=137.42,y=93.13,z=0.00}' (at simulation time 567.000,000,000 s)
2025-05-28 00:33:59,018 INFO  - Received event: 567000 (at simulation time IntraVehicleMsg)
2025-05-28 00:33:59,021 INFO  - Sent message to others cars = 'veh_88 | CartesianPoint{x=137.46,y=85.32,z=0.00}' (at simulation time 568.000,000,000 s)
2025-05-28 00:33:59,087 INFO  - Received event: 568000 (at simulation time IntraVehicleMsg)
2025-05-28 00:33:59,090 INFO  - Sent message to others cars = 'veh_88 | CartesianPoint{x=137.51,y=76.99,z=0.00}' (at simulation time 569.000,000,000 s)
2025-05-28 00:33:59,158 INFO  - Received event: 569000 (at simulation time IntraVehicleMsg)
2025-05-28 00:33:59,161 INFO  - Sent message to others cars = 'veh_88 | CartesianPoint{x=141.03,y=69.87,z=0.00}' (at simulation time 570.000,000,000 s)
2025-05-28 00:33:59,236 INFO  - Received event: 570000 (at simulation time IntraVehicleMsg)
2025-05-28 00:33:59,248 INFO  - Sent message to others cars = 'veh_88 | CartesianPoint{x=145.78,y=64.02,z=0.00}' (at simulation time 571.000,000,000 s)
2025-05-28 00:33:59,312 INFO  - Received event: 571000 (at simulation time IntraVehicleMsg)
2025-05-28 00:33:59,322 INFO  - Sent message to others cars = 'veh_88 | CartesianPoint{x=151.08,y=59.06,z=0.00}' (at simulation time 572.000,000,000 s)
2025-05-28 00:33:59,388 INFO  - Received event: 572000 (at simulation time IntraVehicleMsg)
2025-05-28 00:33:59,391 INFO  - Sent message to others cars = 'veh_88 | CartesianPoint{x=156.82,y=53.11,z=0.00}' (at simulation time 573.000,000,000 s)
2025-05-28 00:33:59,457 INFO  - Received event: 573000 (at simulation time IntraVehicleMsg)
2025-05-28 00:33:59,459 INFO  - Sent message to others cars = 'veh_88 | CartesianPoint{x=161.62,y=47.84,z=0.00}' (at simulation time 574.000,000,000 s)
2025-05-28 00:33:59,520 INFO  - Received event: 574000 (at simulation time IntraVehicleMsg)
2025-05-28 00:33:59,533 INFO  - Sent message to others cars = 'veh_88 | CartesianPoint{x=166.70,y=42.25,z=0.00}' (at simulation time 575.000,000,000 s)
2025-05-28 00:33:59,597 INFO  - Received event: 575000 (at simulation time IntraVehicleMsg)
2025-05-28 00:33:59,607 INFO  - Sent message to others cars = 'veh_88 | CartesianPoint{x=172.26,y=36.14,z=0.00}' (at simulation time 576.000,000,000 s)
2025-05-28 00:33:59,667 INFO  - Received event: 576000 (at simulation time IntraVehicleMsg)
2025-05-28 00:33:59,672 INFO  - Sent message to others cars = 'veh_88 | CartesianPoint{x=177.71,y=30.14,z=0.00}' (at simulation time 577.000,000,000 s)
2025-05-28 00:33:59,729 INFO  - Received event: 577000 (at simulation time IntraVehicleMsg)
2025-05-28 00:33:59,732 INFO  - Sent message to others cars = 'veh_88 | CartesianPoint{x=182.98,y=24.35,z=0.00}' (at simulation time 578.000,000,000 s)
2025-05-28 00:33:59,792 INFO  - Received event: 578000 (at simulation time IntraVehicleMsg)
2025-05-28 00:33:59,795 INFO  - Sent message to others cars = 'veh_88 | CartesianPoint{x=188.53,y=18.25,z=0.00}' (at simulation time 579.000,000,000 s)
2025-05-28 00:33:59,856 INFO  - Received event: 579000 (at simulation time IntraVehicleMsg)
2025-05-28 00:33:59,860 INFO  - Sent message to others cars = 'veh_88 | CartesianPoint{x=193.79,y=12.46,z=0.00}' (at simulation time 580.000,000,000 s)
2025-05-28 00:33:59,918 INFO  - Received event: 580000 (at simulation time IntraVehicleMsg)
2025-05-28 00:33:59,921 INFO  - Sent message to others cars = 'veh_88 | CartesianPoint{x=195.81,y=4.98,z=0.00}' (at simulation time 581.000,000,000 s)
2025-05-28 00:33:59,976 INFO  - Received event: 581000 (at simulation time IntraVehicleMsg)
2025-05-28 00:33:59,984 INFO  - ------------------------------------------------------------------------------------- (at simulation time 582.000,000,000 s)
2025-05-28 00:33:59,984 INFO  - Shutdown application (at simulation time 582.000,000,000 s)
2025-05-28 00:33:59,984 INFO  - ------------------------------------------------------------------------------------- (at simulation time 582.000,000,000 s)
