2025-05-28 00:39:20,021 INFO  - ------------------------------------------------------------------------------------- (at simulation time 356.000,000,000 s)
2025-05-28 00:39:20,021 INFO  - Initialize veh_69 application (at simulation time 356.000,000,000 s)
2025-05-28 00:39:20,021 INFO  - Activated AdHoc Module (at simulation time 356.000,000,000 s)
2025-05-28 00:39:20,021 INFO  - ------------------------------------------------------------------------------------- (at simulation time 356.000,000,000 s)
2025-05-28 00:39:20,022 INFO  - Sent message to others cars = 'veh_69 | CartesianPoint{x=-0.01,y=528.94,z=0.00}' (at simulation time 356.000,000,000 s)
2025-05-28 00:39:20,080 INFO  - Received event: 356000 (at simulation time IntraVehicleMsg)
2025-05-28 00:39:20,084 INFO  - Sent message to others cars = 'veh_69 | CartesianPoint{x=8.11,y=528.92,z=0.00}' (at simulation time 357.000,000,000 s)
2025-05-28 00:39:20,144 INFO  - Received event: 357000 (at simulation time IntraVehicleMsg)
2025-05-28 00:39:20,147 INFO  - Sent message to others cars = 'veh_69 | CartesianPoint{x=17.29,y=528.89,z=0.00}' (at simulation time 358.000,000,000 s)
2025-05-28 00:39:20,208 INFO  - Received event: 358000 (at simulation time IntraVehicleMsg)
2025-05-28 00:39:20,210 INFO  - Sent message to others cars = 'veh_69 | CartesianPoint{x=25.63,y=528.87,z=0.00}' (at simulation time 359.000,000,000 s)
2025-05-28 00:39:20,271 INFO  - Received event: 359000 (at simulation time IntraVehicleMsg)
2025-05-28 00:39:20,274 INFO  - Sent message to others cars = 'veh_69 | CartesianPoint{x=34.14,y=528.83,z=0.00}' (at simulation time 360.000,000,000 s)
2025-05-28 00:39:20,338 INFO  - Received event: 360000 (at simulation time IntraVehicleMsg)
2025-05-28 00:39:20,340 INFO  - Sent message to others cars = 'veh_69 | CartesianPoint{x=43.10,y=528.87,z=0.00}' (at simulation time 361.000,000,000 s)
2025-05-28 00:39:20,404 INFO  - Received event: 361000 (at simulation time IntraVehicleMsg)
2025-05-28 00:39:20,407 INFO  - Sent message to others cars = 'veh_69 | CartesianPoint{x=51.13,y=528.93,z=0.00}' (at simulation time 362.000,000,000 s)
2025-05-28 00:39:20,472 INFO  - Received event: 362000 (at simulation time IntraVehicleMsg)
2025-05-28 00:39:20,477 INFO  - Sent message to others cars = 'veh_69 | CartesianPoint{x=60.23,y=529.00,z=0.00}' (at simulation time 363.000,000,000 s)
2025-05-28 00:39:20,543 INFO  - Received event: 363000 (at simulation time IntraVehicleMsg)
2025-05-28 00:39:20,546 INFO  - Sent message to others cars = 'veh_69 | CartesianPoint{x=69.45,y=529.02,z=0.00}' (at simulation time 364.000,000,000 s)
2025-05-28 00:39:20,612 INFO  - Received event: 364000 (at simulation time IntraVehicleMsg)
2025-05-28 00:39:20,615 INFO  - Sent message to others cars = 'veh_69 | CartesianPoint{x=78.40,y=529.04,z=0.00}' (at simulation time 365.000,000,000 s)
2025-05-28 00:39:20,682 INFO  - Received event: 365000 (at simulation time IntraVehicleMsg)
2025-05-28 00:39:20,690 INFO  - Sent message to others cars = 'veh_69 | CartesianPoint{x=87.56,y=529.05,z=0.00}' (at simulation time 366.000,000,000 s)
2025-05-28 00:39:20,759 INFO  - Received event: 366000 (at simulation time IntraVehicleMsg)
2025-05-28 00:39:20,762 INFO  - Sent message to others cars = 'veh_69 | CartesianPoint{x=96.36,y=528.94,z=0.00}' (at simulation time 367.000,000,000 s)
2025-05-28 00:39:20,833 INFO  - Received event: 367000 (at simulation time IntraVehicleMsg)
2025-05-28 00:39:20,836 INFO  - Sent message to others cars = 'veh_69 | CartesianPoint{x=105.32,y=528.83,z=0.00}' (at simulation time 368.000,000,000 s)
2025-05-28 00:39:20,908 INFO  - Received event: 368000 (at simulation time IntraVehicleMsg)
2025-05-28 00:39:20,911 INFO  - Sent message to others cars = 'veh_69 | CartesianPoint{x=113.64,y=528.72,z=0.00}' (at simulation time 369.000,000,000 s)
2025-05-28 00:39:20,987 INFO  - Received event: 369000 (at simulation time IntraVehicleMsg)
2025-05-28 00:39:20,999 INFO  - Sent message to others cars = 'veh_69 | CartesianPoint{x=118.75,y=528.66,z=0.00}' (at simulation time 370.000,000,000 s)
2025-05-28 00:39:21,072 INFO  - Received event: 370000 (at simulation time IntraVehicleMsg)
2025-05-28 00:39:21,075 INFO  - Sent message to others cars = 'veh_69 | CartesianPoint{x=119.86,y=528.64,z=0.00}' (at simulation time 371.000,000,000 s)
2025-05-28 00:39:21,150 INFO  - Received event: 371000 (at simulation time IntraVehicleMsg)
2025-05-28 00:39:21,154 INFO  - Sent message to others cars = 'veh_69 | CartesianPoint{x=120.82,y=528.63,z=0.00}' (at simulation time 372.000,000,000 s)
2025-05-28 00:39:21,230 INFO  - Received event: 372000 (at simulation time IntraVehicleMsg)
2025-05-28 00:39:21,233 INFO  - Sent message to others cars = 'veh_69 | CartesianPoint{x=123.79,y=528.59,z=0.00}' (at simulation time 373.000,000,000 s)
2025-05-28 00:39:21,309 INFO  - Received event: 373000 (at simulation time IntraVehicleMsg)
2025-05-28 00:39:21,312 INFO  - Sent message to others cars = 'veh_69 | CartesianPoint{x=127.66,y=528.54,z=0.00}' (at simulation time 374.000,000,000 s)
2025-05-28 00:39:21,392 INFO  - Received event: 374000 (at simulation time IntraVehicleMsg)
2025-05-28 00:39:21,399 INFO  - Sent message to others cars = 'veh_69 | CartesianPoint{x=132.12,y=528.49,z=0.00}' (at simulation time 375.000,000,000 s)
2025-05-28 00:39:21,476 INFO  - Received event: 375000 (at simulation time IntraVehicleMsg)
2025-05-28 00:39:21,480 INFO  - Sent message to others cars = 'veh_69 | CartesianPoint{x=138.39,y=528.43,z=0.00}' (at simulation time 376.000,000,000 s)
2025-05-28 00:39:21,559 INFO  - Received event: 376000 (at simulation time IntraVehicleMsg)
2025-05-28 00:39:21,566 INFO  - Sent message to others cars = 'veh_69 | CartesianPoint{x=145.73,y=528.38,z=0.00}' (at simulation time 377.000,000,000 s)
2025-05-28 00:39:21,651 INFO  - Received event: 377000 (at simulation time IntraVehicleMsg)
2025-05-28 00:39:21,654 INFO  - Sent message to others cars = 'veh_69 | CartesianPoint{x=152.76,y=528.39,z=0.00}' (at simulation time 378.000,000,000 s)
2025-05-28 00:39:21,737 INFO  - Received event: 378000 (at simulation time IntraVehicleMsg)
2025-05-28 00:39:21,740 INFO  - Sent message to others cars = 'veh_69 | CartesianPoint{x=159.85,y=528.44,z=0.00}' (at simulation time 379.000,000,000 s)
2025-05-28 00:39:21,824 INFO  - Received event: 379000 (at simulation time IntraVehicleMsg)
2025-05-28 00:39:21,828 INFO  - Sent message to others cars = 'veh_69 | CartesianPoint{x=166.25,y=528.48,z=0.00}' (at simulation time 380.000,000,000 s)
2025-05-28 00:39:21,913 INFO  - Received event: 380000 (at simulation time IntraVehicleMsg)
2025-05-28 00:39:21,916 INFO  - Sent message to others cars = 'veh_69 | CartesianPoint{x=173.25,y=528.53,z=0.00}' (at simulation time 381.000,000,000 s)
2025-05-28 00:39:22,013 INFO  - Received event: 381000 (at simulation time IntraVehicleMsg)
2025-05-28 00:39:22,015 INFO  - Sent message to others cars = 'veh_69 | CartesianPoint{x=180.72,y=528.58,z=0.00}' (at simulation time 382.000,000,000 s)
2025-05-28 00:39:22,108 INFO  - Received event: 382000 (at simulation time IntraVehicleMsg)
2025-05-28 00:39:22,111 INFO  - Sent message to others cars = 'veh_69 | CartesianPoint{x=186.41,y=528.62,z=0.00}' (at simulation time 383.000,000,000 s)
2025-05-28 00:39:22,201 INFO  - Received event: 383000 (at simulation time IntraVehicleMsg)
2025-05-28 00:39:22,204 INFO  - Sent message to others cars = 'veh_69 | CartesianPoint{x=193.19,y=528.67,z=0.00}' (at simulation time 384.000,000,000 s)
2025-05-28 00:39:22,292 INFO  - Received event: 384000 (at simulation time IntraVehicleMsg)
2025-05-28 00:39:22,297 INFO  - Sent message to others cars = 'veh_69 | CartesianPoint{x=197.77,y=528.70,z=0.00}' (at simulation time 385.000,000,000 s)
2025-05-28 00:39:22,382 INFO  - Received event: 385000 (at simulation time IntraVehicleMsg)
2025-05-28 00:39:22,393 INFO  - Sent message to others cars = 'veh_69 | CartesianPoint{x=204.01,y=528.74,z=0.00}' (at simulation time 386.000,000,000 s)
2025-05-28 00:39:22,481 INFO  - Received event: 386000 (at simulation time IntraVehicleMsg)
2025-05-28 00:39:22,488 INFO  - Sent message to others cars = 'veh_69 | CartesianPoint{x=211.11,y=528.79,z=0.00}' (at simulation time 387.000,000,000 s)
2025-05-28 00:39:22,582 INFO  - Received event: 387000 (at simulation time IntraVehicleMsg)
2025-05-28 00:39:22,585 INFO  - Sent message to others cars = 'veh_69 | CartesianPoint{x=215.76,y=528.83,z=0.00}' (at simulation time 388.000,000,000 s)
2025-05-28 00:39:22,682 INFO  - Received event: 388000 (at simulation time IntraVehicleMsg)
2025-05-28 00:39:22,685 INFO  - Sent message to others cars = 'veh_69 | CartesianPoint{x=222.48,y=528.83,z=0.00}' (at simulation time 389.000,000,000 s)
2025-05-28 00:39:22,782 INFO  - Received event: 389000 (at simulation time IntraVehicleMsg)
2025-05-28 00:39:22,786 INFO  - Sent message to others cars = 'veh_69 | CartesianPoint{x=229.35,y=528.84,z=0.00}' (at simulation time 390.000,000,000 s)
2025-05-28 00:39:22,888 INFO  - Received event: 390000 (at simulation time IntraVehicleMsg)
2025-05-28 00:39:22,898 INFO  - Sent message to others cars = 'veh_69 | CartesianPoint{x=235.90,y=528.83,z=0.00}' (at simulation time 391.000,000,000 s)
2025-05-28 00:39:22,997 INFO  - Received event: 391000 (at simulation time IntraVehicleMsg)
2025-05-28 00:39:23,001 INFO  - Sent message to others cars = 'veh_69 | CartesianPoint{x=242.78,y=528.82,z=0.00}' (at simulation time 392.000,000,000 s)
2025-05-28 00:39:23,104 INFO  - Received event: 392000 (at simulation time IntraVehicleMsg)
2025-05-28 00:39:23,109 INFO  - Sent message to others cars = 'veh_69 | CartesianPoint{x=250.03,y=528.80,z=0.00}' (at simulation time 393.000,000,000 s)
2025-05-28 00:39:23,210 INFO  - Received event: 393000 (at simulation time IntraVehicleMsg)
2025-05-28 00:39:23,213 INFO  - Sent message to others cars = 'veh_69 | CartesianPoint{x=256.12,y=528.79,z=0.00}' (at simulation time 394.000,000,000 s)
2025-05-28 00:39:23,316 INFO  - Received event: 394000 (at simulation time IntraVehicleMsg)
2025-05-28 00:39:23,320 INFO  - Sent message to others cars = 'veh_69 | CartesianPoint{x=263.00,y=528.78,z=0.00}' (at simulation time 395.000,000,000 s)
2025-05-28 00:39:23,423 INFO  - Received event: 395000 (at simulation time IntraVehicleMsg)
2025-05-28 00:39:23,426 INFO  - Sent message to others cars = 'veh_69 | CartesianPoint{x=269.01,y=528.77,z=0.00}' (at simulation time 396.000,000,000 s)
2025-05-28 00:39:23,533 INFO  - Received event: 396000 (at simulation time IntraVehicleMsg)
2025-05-28 00:39:23,540 INFO  - Sent message to others cars = 'veh_69 | CartesianPoint{x=274.84,y=531.96,z=0.00}' (at simulation time 397.000,000,000 s)
2025-05-28 00:39:23,648 INFO  - Received event: 397000 (at simulation time IntraVehicleMsg)
2025-05-28 00:39:23,651 INFO  - Sent message to others cars = 'veh_69 | CartesianPoint{x=282.70,y=531.95,z=0.00}' (at simulation time 398.000,000,000 s)
2025-05-28 00:39:23,763 INFO  - Received event: 398000 (at simulation time IntraVehicleMsg)
2025-05-28 00:39:23,766 INFO  - Sent message to others cars = 'veh_69 | CartesianPoint{x=291.52,y=531.94,z=0.00}' (at simulation time 399.000,000,000 s)
2025-05-28 00:39:23,871 INFO  - Received event: 399000 (at simulation time IntraVehicleMsg)
2025-05-28 00:39:23,875 INFO  - Sent message to others cars = 'veh_69 | CartesianPoint{x=300.02,y=531.93,z=0.00}' (at simulation time 400.000,000,000 s)
2025-05-28 00:39:23,984 INFO  - Received event: 400000 (at simulation time IntraVehicleMsg)
2025-05-28 00:39:23,987 INFO  - Sent message to others cars = 'veh_69 | CartesianPoint{x=308.24,y=531.92,z=0.00}' (at simulation time 401.000,000,000 s)
2025-05-28 00:39:24,092 INFO  - Received event: 401000 (at simulation time IntraVehicleMsg)
2025-05-28 00:39:24,096 INFO  - Sent message to others cars = 'veh_69 | CartesianPoint{x=316.79,y=531.91,z=0.00}' (at simulation time 402.000,000,000 s)
2025-05-28 00:39:24,204 INFO  - Received event: 402000 (at simulation time IntraVehicleMsg)
2025-05-28 00:39:24,207 INFO  - Sent message to others cars = 'veh_69 | CartesianPoint{x=325.29,y=531.90,z=0.00}' (at simulation time 403.000,000,000 s)
2025-05-28 00:39:24,315 INFO  - Received event: 403000 (at simulation time IntraVehicleMsg)
2025-05-28 00:39:24,321 INFO  - Sent message to others cars = 'veh_69 | CartesianPoint{x=333.16,y=531.89,z=0.00}' (at simulation time 404.000,000,000 s)
2025-05-28 00:39:24,422 INFO  - Received event: 404000 (at simulation time IntraVehicleMsg)
2025-05-28 00:39:24,429 INFO  - Sent message to others cars = 'veh_69 | CartesianPoint{x=340.59,y=531.88,z=0.00}' (at simulation time 405.000,000,000 s)
2025-05-28 00:39:24,521 INFO  - Received event: 405000 (at simulation time IntraVehicleMsg)
2025-05-28 00:39:24,523 INFO  - Sent message to others cars = 'veh_69 | CartesianPoint{x=348.55,y=531.87,z=0.00}' (at simulation time 406.000,000,000 s)
2025-05-28 00:39:24,614 INFO  - Received event: 406000 (at simulation time IntraVehicleMsg)
2025-05-28 00:39:24,617 INFO  - ------------------------------------------------------------------------------------- (at simulation time 407.000,000,000 s)
2025-05-28 00:39:24,617 INFO  - Shutdown application (at simulation time 407.000,000,000 s)
2025-05-28 00:39:24,617 INFO  - ------------------------------------------------------------------------------------- (at simulation time 407.000,000,000 s)
