2025-05-28 00:48:35,581 INFO  - ------------------------------------------------------------------------------------- (at simulation time 109.000,000,000 s)
2025-05-28 00:48:35,582 INFO  - Initialize veh_20 application (at simulation time 109.000,000,000 s)
2025-05-28 00:48:35,582 INFO  - Activated AdHoc Module (at simulation time 109.000,000,000 s)
2025-05-28 00:48:35,582 INFO  - ------------------------------------------------------------------------------------- (at simulation time 109.000,000,000 s)
2025-05-28 00:48:35,585 INFO  - Sent message to others cars = 'veh_20 | CartesianPoint{x=143.94,y=749.34,z=0.00}' (at simulation time 109.000,000,000 s)
2025-05-28 00:48:35,644 INFO  - Received event: 109000 (at simulation time IntraVehicleMsg)
2025-05-28 00:48:35,648 INFO  - Sent message to others cars = 'veh_20 | CartesianPoint{x=143.92,y=741.67,z=0.00}' (at simulation time 110.000,000,000 s)
2025-05-28 00:48:35,707 INFO  - Received event: 110000 (at simulation time IntraVehicleMsg)
2025-05-28 00:48:35,710 INFO  - Sent message to others cars = 'veh_20 | CartesianPoint{x=143.90,y=734.16,z=0.00}' (at simulation time 111.000,000,000 s)
2025-05-28 00:48:35,781 INFO  - Received event: 111000 (at simulation time IntraVehicleMsg)
2025-05-28 00:48:35,784 INFO  - Sent message to others cars = 'veh_20 | CartesianPoint{x=143.87,y=725.91,z=0.00}' (at simulation time 112.000,000,000 s)
2025-05-28 00:48:35,849 INFO  - Received event: 112000 (at simulation time IntraVehicleMsg)
2025-05-28 00:48:35,852 INFO  - Sent message to others cars = 'veh_20 | CartesianPoint{x=143.84,y=717.67,z=0.00}' (at simulation time 113.000,000,000 s)
2025-05-28 00:48:35,919 INFO  - Received event: 113000 (at simulation time IntraVehicleMsg)
2025-05-28 00:48:35,922 INFO  - Sent message to others cars = 'veh_20 | CartesianPoint{x=143.82,y=710.18,z=0.00}' (at simulation time 114.000,000,000 s)
2025-05-28 00:48:35,992 INFO  - Received event: 114000 (at simulation time IntraVehicleMsg)
2025-05-28 00:48:35,999 INFO  - Sent message to others cars = 'veh_20 | CartesianPoint{x=143.79,y=702.14,z=0.00}' (at simulation time 115.000,000,000 s)
2025-05-28 00:48:36,067 INFO  - Received event: 115000 (at simulation time IntraVehicleMsg)
2025-05-28 00:48:36,085 INFO  - Sent message to others cars = 'veh_20 | CartesianPoint{x=140.56,y=694.51,z=0.00}' (at simulation time 116.000,000,000 s)
2025-05-28 00:48:36,160 INFO  - Received event: 116000 (at simulation time IntraVehicleMsg)
2025-05-28 00:48:36,174 INFO  - Sent message to others cars = 'veh_20 | CartesianPoint{x=140.53,y=685.92,z=0.00}' (at simulation time 117.000,000,000 s)
2025-05-28 00:48:36,243 INFO  - Received event: 117000 (at simulation time IntraVehicleMsg)
2025-05-28 00:48:36,247 INFO  - Sent message to others cars = 'veh_20 | CartesianPoint{x=140.51,y=678.27,z=0.00}' (at simulation time 118.000,000,000 s)
2025-05-28 00:48:36,318 INFO  - Received event: 118000 (at simulation time IntraVehicleMsg)
2025-05-28 00:48:36,322 INFO  - Sent message to others cars = 'veh_20 | CartesianPoint{x=140.48,y=670.26,z=0.00}' (at simulation time 119.000,000,000 s)
2025-05-28 00:48:36,395 INFO  - Received event: 119000 (at simulation time IntraVehicleMsg)
2025-05-28 00:48:36,406 INFO  - Sent message to others cars = 'veh_20 | CartesianPoint{x=140.46,y=662.36,z=0.00}' (at simulation time 120.000,000,000 s)
2025-05-28 00:48:36,476 INFO  - Received event: 120000 (at simulation time IntraVehicleMsg)
2025-05-28 00:48:36,481 INFO  - Sent message to others cars = 'veh_20 | CartesianPoint{x=140.45,y=654.85,z=0.00}' (at simulation time 121.000,000,000 s)
2025-05-28 00:48:36,552 INFO  - Received event: 121000 (at simulation time IntraVehicleMsg)
2025-05-28 00:48:36,556 INFO  - Sent message to others cars = 'veh_20 | CartesianPoint{x=140.43,y=646.62,z=0.00}' (at simulation time 122.000,000,000 s)
2025-05-28 00:48:36,619 INFO  - Received event: 122000 (at simulation time IntraVehicleMsg)
2025-05-28 00:48:36,625 INFO  - Sent message to others cars = 'veh_20 | CartesianPoint{x=140.41,y=638.20,z=0.00}' (at simulation time 123.000,000,000 s)
2025-05-28 00:48:36,687 INFO  - Received event: 123000 (at simulation time IntraVehicleMsg)
2025-05-28 00:48:36,696 INFO  - Sent message to others cars = 'veh_20 | CartesianPoint{x=140.39,y=630.08,z=0.00}' (at simulation time 124.000,000,000 s)
2025-05-28 00:48:36,752 INFO  - Received event: 124000 (at simulation time IntraVehicleMsg)
2025-05-28 00:48:36,765 INFO  - Sent message to others cars = 'veh_20 | CartesianPoint{x=140.37,y=622.03,z=0.00}' (at simulation time 125.000,000,000 s)
2025-05-28 00:48:36,825 INFO  - Received event: 125000 (at simulation time IntraVehicleMsg)
2025-05-28 00:48:36,836 INFO  - Sent message to others cars = 'veh_20 | CartesianPoint{x=140.35,y=614.14,z=0.00}' (at simulation time 126.000,000,000 s)
2025-05-28 00:48:36,887 INFO  - Received event: 126000 (at simulation time IntraVehicleMsg)
2025-05-28 00:48:36,890 INFO  - Sent message to others cars = 'veh_20 | CartesianPoint{x=140.33,y=606.33,z=0.00}' (at simulation time 127.000,000,000 s)
2025-05-28 00:48:36,942 INFO  - Received event: 127000 (at simulation time IntraVehicleMsg)
2025-05-28 00:48:36,945 INFO  - Sent message to others cars = 'veh_20 | CartesianPoint{x=140.29,y=598.44,z=0.00}' (at simulation time 128.000,000,000 s)
2025-05-28 00:48:36,992 INFO  - Received event: 128000 (at simulation time IntraVehicleMsg)
2025-05-28 00:48:36,995 INFO  - Sent message to others cars = 'veh_20 | CartesianPoint{x=140.25,y=589.76,z=0.00}' (at simulation time 129.000,000,000 s)
2025-05-28 00:48:37,044 INFO  - Received event: 129000 (at simulation time IntraVehicleMsg)
2025-05-28 00:48:37,051 INFO  - Sent message to others cars = 'veh_20 | CartesianPoint{x=140.20,y=581.48,z=0.00}' (at simulation time 130.000,000,000 s)
2025-05-28 00:48:37,101 INFO  - Received event: 130000 (at simulation time IntraVehicleMsg)
2025-05-28 00:48:37,104 INFO  - Sent message to others cars = 'veh_20 | CartesianPoint{x=140.16,y=572.79,z=0.00}' (at simulation time 131.000,000,000 s)
2025-05-28 00:48:37,155 INFO  - Received event: 131000 (at simulation time IntraVehicleMsg)
2025-05-28 00:48:37,157 INFO  - Sent message to others cars = 'veh_20 | CartesianPoint{x=140.12,y=564.97,z=0.00}' (at simulation time 132.000,000,000 s)
2025-05-28 00:48:37,209 INFO  - Received event: 132000 (at simulation time IntraVehicleMsg)
2025-05-28 00:48:37,212 INFO  - Sent message to others cars = 'veh_20 | CartesianPoint{x=140.07,y=556.96,z=0.00}' (at simulation time 133.000,000,000 s)
2025-05-28 00:48:37,266 INFO  - Received event: 133000 (at simulation time IntraVehicleMsg)
2025-05-28 00:48:37,269 INFO  - Sent message to others cars = 'veh_20 | CartesianPoint{x=140.04,y=549.64,z=0.00}' (at simulation time 134.000,000,000 s)
2025-05-28 00:48:37,323 INFO  - Received event: 134000 (at simulation time IntraVehicleMsg)
2025-05-28 00:48:37,330 INFO  - Sent message to others cars = 'veh_20 | CartesianPoint{x=140.02,y=545.86,z=0.00}' (at simulation time 135.000,000,000 s)
2025-05-28 00:48:37,384 INFO  - Received event: 135000 (at simulation time IntraVehicleMsg)
2025-05-28 00:48:37,389 INFO  - Sent message to others cars = 'veh_20 | CartesianPoint{x=143.21,y=544.74,z=0.00}' (at simulation time 136.000,000,000 s)
2025-05-28 00:48:37,444 INFO  - Received event: 136000 (at simulation time IntraVehicleMsg)
2025-05-28 00:48:37,447 INFO  - Sent message to others cars = 'veh_20 | CartesianPoint{x=143.21,y=543.86,z=0.00}' (at simulation time 137.000,000,000 s)
2025-05-28 00:48:37,503 INFO  - Received event: 137000 (at simulation time IntraVehicleMsg)
2025-05-28 00:48:37,506 INFO  - Sent message to others cars = 'veh_20 | CartesianPoint{x=143.20,y=543.84,z=0.00}' (at simulation time 138.000,000,000 s)
2025-05-28 00:48:37,561 INFO  - Received event: 138000 (at simulation time IntraVehicleMsg)
2025-05-28 00:48:37,564 INFO  - Sent message to others cars = 'veh_20 | CartesianPoint{x=143.20,y=543.83,z=0.00}' (at simulation time 139.000,000,000 s)
2025-05-28 00:48:37,620 INFO  - Received event: 139000 (at simulation time IntraVehicleMsg)
2025-05-28 00:48:37,628 INFO  - Sent message to others cars = 'veh_20 | CartesianPoint{x=143.20,y=543.82,z=0.00}' (at simulation time 140.000,000,000 s)
2025-05-28 00:48:37,688 INFO  - Received event: 140000 (at simulation time IntraVehicleMsg)
2025-05-28 00:48:37,690 INFO  - Sent message to others cars = 'veh_20 | CartesianPoint{x=143.20,y=543.82,z=0.00}' (at simulation time 141.000,000,000 s)
2025-05-28 00:48:37,750 INFO  - Received event: 141000 (at simulation time IntraVehicleMsg)
2025-05-28 00:48:37,752 INFO  - Sent message to others cars = 'veh_20 | CartesianPoint{x=143.20,y=543.82,z=0.00}' (at simulation time 142.000,000,000 s)
2025-05-28 00:48:37,813 INFO  - Received event: 142000 (at simulation time IntraVehicleMsg)
2025-05-28 00:48:37,816 INFO  - Sent message to others cars = 'veh_20 | CartesianPoint{x=143.20,y=543.82,z=0.00}' (at simulation time 143.000,000,000 s)
2025-05-28 00:48:37,879 INFO  - Received event: 143000 (at simulation time IntraVehicleMsg)
2025-05-28 00:48:37,882 INFO  - Sent message to others cars = 'veh_20 | CartesianPoint{x=143.20,y=543.82,z=0.00}' (at simulation time 144.000,000,000 s)
2025-05-28 00:48:37,945 INFO  - Received event: 144000 (at simulation time IntraVehicleMsg)
2025-05-28 00:48:37,948 INFO  - Sent message to others cars = 'veh_20 | CartesianPoint{x=143.20,y=543.82,z=0.00}' (at simulation time 145.000,000,000 s)
2025-05-28 00:48:38,012 INFO  - Received event: 145000 (at simulation time IntraVehicleMsg)
2025-05-28 00:48:38,015 INFO  - Sent message to others cars = 'veh_20 | CartesianPoint{x=143.20,y=543.82,z=0.00}' (at simulation time 146.000,000,000 s)
2025-05-28 00:48:38,082 INFO  - Received event: 146000 (at simulation time IntraVehicleMsg)
2025-05-28 00:48:38,085 INFO  - Sent message to others cars = 'veh_20 | CartesianPoint{x=143.20,y=543.82,z=0.00}' (at simulation time 147.000,000,000 s)
2025-05-28 00:48:38,152 INFO  - Received event: 147000 (at simulation time IntraVehicleMsg)
2025-05-28 00:48:38,158 INFO  - Sent message to others cars = 'veh_20 | CartesianPoint{x=143.20,y=543.82,z=0.00}' (at simulation time 148.000,000,000 s)
2025-05-28 00:48:38,227 INFO  - Received event: 148000 (at simulation time IntraVehicleMsg)
2025-05-28 00:48:38,239 INFO  - Sent message to others cars = 'veh_20 | CartesianPoint{x=143.20,y=543.82,z=0.00}' (at simulation time 149.000,000,000 s)
2025-05-28 00:48:38,308 INFO  - Received event: 149000 (at simulation time IntraVehicleMsg)
2025-05-28 00:48:38,316 INFO  - Sent message to others cars = 'veh_20 | CartesianPoint{x=143.20,y=543.82,z=0.00}' (at simulation time 150.000,000,000 s)
2025-05-28 00:48:38,384 INFO  - Received event: 150000 (at simulation time IntraVehicleMsg)
2025-05-28 00:48:38,387 INFO  - Sent message to others cars = 'veh_20 | CartesianPoint{x=143.20,y=543.82,z=0.00}' (at simulation time 151.000,000,000 s)
2025-05-28 00:48:38,457 INFO  - Received event: 151000 (at simulation time IntraVehicleMsg)
2025-05-28 00:48:38,461 INFO  - Sent message to others cars = 'veh_20 | CartesianPoint{x=143.20,y=543.82,z=0.00}' (at simulation time 152.000,000,000 s)
2025-05-28 00:48:38,533 INFO  - Received event: 152000 (at simulation time IntraVehicleMsg)
2025-05-28 00:48:38,536 INFO  - Sent message to others cars = 'veh_20 | CartesianPoint{x=143.20,y=543.82,z=0.00}' (at simulation time 153.000,000,000 s)
2025-05-28 00:48:38,607 INFO  - Received event: 153000 (at simulation time IntraVehicleMsg)
2025-05-28 00:48:38,610 INFO  - Sent message to others cars = 'veh_20 | CartesianPoint{x=143.20,y=543.82,z=0.00}' (at simulation time 154.000,000,000 s)
2025-05-28 00:48:38,684 INFO  - Received event: 154000 (at simulation time IntraVehicleMsg)
2025-05-28 00:48:38,687 INFO  - Sent message to others cars = 'veh_20 | CartesianPoint{x=143.20,y=543.82,z=0.00}' (at simulation time 155.000,000,000 s)
2025-05-28 00:48:38,764 INFO  - Received event: 155000 (at simulation time IntraVehicleMsg)
2025-05-28 00:48:38,776 INFO  - Sent message to others cars = 'veh_20 | CartesianPoint{x=143.20,y=543.82,z=0.00}' (at simulation time 156.000,000,000 s)
2025-05-28 00:48:38,851 INFO  - Received event: 156000 (at simulation time IntraVehicleMsg)
2025-05-28 00:48:38,854 INFO  - Sent message to others cars = 'veh_20 | CartesianPoint{x=143.20,y=543.82,z=0.00}' (at simulation time 157.000,000,000 s)
2025-05-28 00:48:38,932 INFO  - Received event: 157000 (at simulation time IntraVehicleMsg)
2025-05-28 00:48:38,935 INFO  - Sent message to others cars = 'veh_20 | CartesianPoint{x=143.20,y=543.82,z=0.00}' (at simulation time 158.000,000,000 s)
2025-05-28 00:48:39,012 INFO  - Received event: 158000 (at simulation time IntraVehicleMsg)
2025-05-28 00:48:39,015 INFO  - Sent message to others cars = 'veh_20 | CartesianPoint{x=143.20,y=543.82,z=0.00}' (at simulation time 159.000,000,000 s)
2025-05-28 00:48:39,093 INFO  - Received event: 159000 (at simulation time IntraVehicleMsg)
2025-05-28 00:48:39,097 INFO  - Sent message to others cars = 'veh_20 | CartesianPoint{x=143.20,y=543.82,z=0.00}' (at simulation time 160.000,000,000 s)
2025-05-28 00:48:39,177 INFO  - Received event: 160000 (at simulation time IntraVehicleMsg)
2025-05-28 00:48:39,185 INFO  - Sent message to others cars = 'veh_20 | CartesianPoint{x=143.20,y=543.82,z=0.00}' (at simulation time 161.000,000,000 s)
2025-05-28 00:48:39,268 INFO  - Received event: 161000 (at simulation time IntraVehicleMsg)
2025-05-28 00:48:39,272 INFO  - Sent message to others cars = 'veh_20 | CartesianPoint{x=143.20,y=543.82,z=0.00}' (at simulation time 162.000,000,000 s)
2025-05-28 00:48:39,356 INFO  - Received event: 162000 (at simulation time IntraVehicleMsg)
2025-05-28 00:48:39,359 INFO  - Sent message to others cars = 'veh_20 | CartesianPoint{x=143.20,y=543.82,z=0.00}' (at simulation time 163.000,000,000 s)
2025-05-28 00:48:39,444 INFO  - Received event: 163000 (at simulation time IntraVehicleMsg)
2025-05-28 00:48:39,456 INFO  - Sent message to others cars = 'veh_20 | CartesianPoint{x=143.20,y=543.82,z=0.00}' (at simulation time 164.000,000,000 s)
2025-05-28 00:48:39,540 INFO  - Received event: 164000 (at simulation time IntraVehicleMsg)
2025-05-28 00:48:39,543 INFO  - Sent message to others cars = 'veh_20 | CartesianPoint{x=143.20,y=543.82,z=0.00}' (at simulation time 165.000,000,000 s)
2025-05-28 00:48:39,629 INFO  - Received event: 165000 (at simulation time IntraVehicleMsg)
2025-05-28 00:48:39,632 INFO  - Sent message to others cars = 'veh_20 | CartesianPoint{x=143.20,y=543.82,z=0.00}' (at simulation time 166.000,000,000 s)
2025-05-28 00:48:39,718 INFO  - Received event: 166000 (at simulation time IntraVehicleMsg)
2025-05-28 00:48:39,721 INFO  - Sent message to others cars = 'veh_20 | CartesianPoint{x=143.20,y=543.82,z=0.00}' (at simulation time 167.000,000,000 s)
2025-05-28 00:48:39,810 INFO  - Received event: 167000 (at simulation time IntraVehicleMsg)
2025-05-28 00:48:39,813 INFO  - Sent message to others cars = 'veh_20 | CartesianPoint{x=143.20,y=543.82,z=0.00}' (at simulation time 168.000,000,000 s)
2025-05-28 00:48:39,903 INFO  - Received event: 168000 (at simulation time IntraVehicleMsg)
2025-05-28 00:48:39,906 INFO  - Sent message to others cars = 'veh_20 | CartesianPoint{x=143.20,y=543.82,z=0.00}' (at simulation time 169.000,000,000 s)
2025-05-28 00:48:39,998 INFO  - Received event: 169000 (at simulation time IntraVehicleMsg)
2025-05-28 00:48:40,002 INFO  - Sent message to others cars = 'veh_20 | CartesianPoint{x=143.20,y=543.82,z=0.00}' (at simulation time 170.000,000,000 s)
2025-05-28 00:48:40,094 INFO  - Received event: 170000 (at simulation time IntraVehicleMsg)
2025-05-28 00:48:40,101 INFO  - Sent message to others cars = 'veh_20 | CartesianPoint{x=143.20,y=543.82,z=0.00}' (at simulation time 171.000,000,000 s)
2025-05-28 00:48:40,197 INFO  - Received event: 171000 (at simulation time IntraVehicleMsg)
2025-05-28 00:48:40,200 INFO  - Sent message to others cars = 'veh_20 | CartesianPoint{x=143.20,y=543.82,z=0.00}' (at simulation time 172.000,000,000 s)
2025-05-28 00:48:40,296 INFO  - Received event: 172000 (at simulation time IntraVehicleMsg)
2025-05-28 00:48:40,299 INFO  - Sent message to others cars = 'veh_20 | CartesianPoint{x=143.20,y=543.82,z=0.00}' (at simulation time 173.000,000,000 s)
2025-05-28 00:48:40,397 INFO  - Received event: 173000 (at simulation time IntraVehicleMsg)
2025-05-28 00:48:40,400 INFO  - Sent message to others cars = 'veh_20 | CartesianPoint{x=143.20,y=543.82,z=0.00}' (at simulation time 174.000,000,000 s)
2025-05-28 00:48:40,492 INFO  - Received event: 174000 (at simulation time IntraVehicleMsg)
2025-05-28 00:48:40,503 INFO  - Sent message to others cars = 'veh_20 | CartesianPoint{x=143.20,y=543.82,z=0.00}' (at simulation time 175.000,000,000 s)
2025-05-28 00:48:40,598 INFO  - Received event: 175000 (at simulation time IntraVehicleMsg)
2025-05-28 00:48:40,601 INFO  - Sent message to others cars = 'veh_20 | CartesianPoint{x=143.20,y=542.38,z=0.00}' (at simulation time 176.000,000,000 s)
2025-05-28 00:48:40,701 INFO  - Received event: 176000 (at simulation time IntraVehicleMsg)
2025-05-28 00:48:40,707 INFO  - Sent message to others cars = 'veh_20 | CartesianPoint{x=143.18,y=538.38,z=0.00}' (at simulation time 177.000,000,000 s)
2025-05-28 00:48:40,809 INFO  - Received event: 177000 (at simulation time IntraVehicleMsg)
2025-05-28 00:48:40,813 INFO  - Sent message to others cars = 'veh_20 | CartesianPoint{x=143.13,y=532.79,z=0.00}' (at simulation time 178.000,000,000 s)
2025-05-28 00:48:40,915 INFO  - Received event: 178000 (at simulation time IntraVehicleMsg)
2025-05-28 00:48:40,918 INFO  - Sent message to others cars = 'veh_20 | CartesianPoint{x=143.07,y=525.15,z=0.00}' (at simulation time 179.000,000,000 s)
2025-05-28 00:48:41,019 INFO  - Received event: 179000 (at simulation time IntraVehicleMsg)
2025-05-28 00:48:41,023 INFO  - Sent message to others cars = 'veh_20 | CartesianPoint{x=143.01,y=518.61,z=0.00}' (at simulation time 180.000,000,000 s)
2025-05-28 00:48:41,123 INFO  - Received event: 180000 (at simulation time IntraVehicleMsg)
2025-05-28 00:48:41,131 INFO  - Sent message to others cars = 'veh_20 | CartesianPoint{x=142.94,y=511.69,z=0.00}' (at simulation time 181.000,000,000 s)
2025-05-28 00:48:41,229 INFO  - Received event: 181000 (at simulation time IntraVehicleMsg)
2025-05-28 00:48:41,232 INFO  - Sent message to others cars = 'veh_20 | CartesianPoint{x=142.88,y=504.97,z=0.00}' (at simulation time 182.000,000,000 s)
2025-05-28 00:48:41,328 INFO  - Received event: 182000 (at simulation time IntraVehicleMsg)
2025-05-28 00:48:41,331 INFO  - Sent message to others cars = 'veh_20 | CartesianPoint{x=142.82,y=498.21,z=0.00}' (at simulation time 183.000,000,000 s)
2025-05-28 00:48:41,428 INFO  - Received event: 183000 (at simulation time IntraVehicleMsg)
2025-05-28 00:48:41,433 INFO  - Sent message to others cars = 'veh_20 | CartesianPoint{x=142.74,y=489.95,z=0.00}' (at simulation time 184.000,000,000 s)
2025-05-28 00:48:41,528 INFO  - Received event: 184000 (at simulation time IntraVehicleMsg)
2025-05-28 00:48:41,534 INFO  - Sent message to others cars = 'veh_20 | CartesianPoint{x=142.67,y=482.74,z=0.00}' (at simulation time 185.000,000,000 s)
2025-05-28 00:48:41,630 INFO  - Received event: 185000 (at simulation time IntraVehicleMsg)
2025-05-28 00:48:41,632 INFO  - Sent message to others cars = 'veh_20 | CartesianPoint{x=142.60,y=475.47,z=0.00}' (at simulation time 186.000,000,000 s)
2025-05-28 00:48:41,728 INFO  - Received event: 186000 (at simulation time IntraVehicleMsg)
2025-05-28 00:48:41,731 INFO  - Sent message to others cars = 'veh_20 | CartesianPoint{x=142.52,y=467.41,z=0.00}' (at simulation time 187.000,000,000 s)
2025-05-28 00:48:41,827 INFO  - Received event: 187000 (at simulation time IntraVehicleMsg)
2025-05-28 00:48:41,830 INFO  - Sent message to others cars = 'veh_20 | CartesianPoint{x=142.45,y=460.32,z=0.00}' (at simulation time 188.000,000,000 s)
2025-05-28 00:48:41,928 INFO  - Received event: 188000 (at simulation time IntraVehicleMsg)
2025-05-28 00:48:41,930 INFO  - Sent message to others cars = 'veh_20 | CartesianPoint{x=142.39,y=453.24,z=0.00}' (at simulation time 189.000,000,000 s)
2025-05-28 00:48:42,027 INFO  - Received event: 189000 (at simulation time IntraVehicleMsg)
2025-05-28 00:48:42,029 INFO  - Sent message to others cars = 'veh_20 | CartesianPoint{x=142.39,y=446.52,z=0.00}' (at simulation time 190.000,000,000 s)
2025-05-28 00:48:42,121 INFO  - Received event: 190000 (at simulation time IntraVehicleMsg)
2025-05-28 00:48:42,127 INFO  - Sent message to others cars = 'veh_20 | CartesianPoint{x=142.37,y=439.04,z=0.00}' (at simulation time 191.000,000,000 s)
2025-05-28 00:48:42,216 INFO  - Received event: 191000 (at simulation time IntraVehicleMsg)
2025-05-28 00:48:42,224 INFO  - Sent message to others cars = 'veh_20 | CartesianPoint{x=142.35,y=430.83,z=0.00}' (at simulation time 192.000,000,000 s)
2025-05-28 00:48:42,315 INFO  - Received event: 192000 (at simulation time IntraVehicleMsg)
2025-05-28 00:48:42,318 INFO  - Sent message to others cars = 'veh_20 | CartesianPoint{x=142.34,y=423.34,z=0.00}' (at simulation time 193.000,000,000 s)
2025-05-28 00:48:42,409 INFO  - Received event: 193000 (at simulation time IntraVehicleMsg)
2025-05-28 00:48:42,412 INFO  - Sent message to others cars = 'veh_20 | CartesianPoint{x=142.32,y=415.83,z=0.00}' (at simulation time 194.000,000,000 s)
2025-05-28 00:48:42,505 INFO  - Received event: 194000 (at simulation time IntraVehicleMsg)
2025-05-28 00:48:42,509 INFO  - Sent message to others cars = 'veh_20 | CartesianPoint{x=142.31,y=409.17,z=0.00}' (at simulation time 195.000,000,000 s)
2025-05-28 00:48:42,600 INFO  - Received event: 195000 (at simulation time IntraVehicleMsg)
2025-05-28 00:48:42,602 INFO  - Sent message to others cars = 'veh_20 | CartesianPoint{x=142.29,y=401.54,z=0.00}' (at simulation time 196.000,000,000 s)
2025-05-28 00:48:42,695 INFO  - Received event: 196000 (at simulation time IntraVehicleMsg)
2025-05-28 00:48:42,697 INFO  - Sent message to others cars = 'veh_20 | CartesianPoint{x=142.28,y=393.84,z=0.00}' (at simulation time 197.000,000,000 s)
2025-05-28 00:48:42,789 INFO  - Received event: 197000 (at simulation time IntraVehicleMsg)
2025-05-28 00:48:42,794 INFO  - Sent message to others cars = 'veh_20 | CartesianPoint{x=142.26,y=385.39,z=0.00}' (at simulation time 198.000,000,000 s)
2025-05-28 00:48:42,897 INFO  - Received event: 198000 (at simulation time IntraVehicleMsg)
2025-05-28 00:48:42,900 INFO  - Sent message to others cars = 'veh_20 | CartesianPoint{x=142.24,y=378.54,z=0.00}' (at simulation time 199.000,000,000 s)
2025-05-28 00:48:42,994 INFO  - Received event: 199000 (at simulation time IntraVehicleMsg)
2025-05-28 00:48:43,001 INFO  - Sent message to others cars = 'veh_20 | CartesianPoint{x=142.23,y=370.20,z=0.00}' (at simulation time 200.000,000,000 s)
2025-05-28 00:48:43,102 INFO  - Received event: 200000 (at simulation time IntraVehicleMsg)
2025-05-28 00:48:43,105 INFO  - Sent message to others cars = 'veh_20 | CartesianPoint{x=142.21,y=362.26,z=0.00}' (at simulation time 201.000,000,000 s)
2025-05-28 00:48:43,198 INFO  - Received event: 201000 (at simulation time IntraVehicleMsg)
2025-05-28 00:48:43,205 INFO  - Sent message to others cars = 'veh_20 | CartesianPoint{x=142.18,y=354.46,z=0.00}' (at simulation time 202.000,000,000 s)
2025-05-28 00:48:43,299 INFO  - Received event: 202000 (at simulation time IntraVehicleMsg)
2025-05-28 00:48:43,302 INFO  - Sent message to others cars = 'veh_20 | CartesianPoint{x=142.10,y=345.83,z=0.00}' (at simulation time 203.000,000,000 s)
2025-05-28 00:48:43,397 INFO  - Received event: 203000 (at simulation time IntraVehicleMsg)
2025-05-28 00:48:43,400 INFO  - Sent message to others cars = 'veh_20 | CartesianPoint{x=142.03,y=337.60,z=0.00}' (at simulation time 204.000,000,000 s)
2025-05-28 00:48:43,495 INFO  - Received event: 204000 (at simulation time IntraVehicleMsg)
2025-05-28 00:48:43,502 INFO  - Sent message to others cars = 'veh_20 | CartesianPoint{x=141.97,y=330.02,z=0.00}' (at simulation time 205.000,000,000 s)
2025-05-28 00:48:43,591 INFO  - Received event: 205000 (at simulation time IntraVehicleMsg)
2025-05-28 00:48:43,594 INFO  - Sent message to others cars = 'veh_20 | CartesianPoint{x=141.90,y=322.56,z=0.00}' (at simulation time 206.000,000,000 s)
2025-05-28 00:48:43,673 INFO  - Received event: 206000 (at simulation time IntraVehicleMsg)
2025-05-28 00:48:43,676 INFO  - Sent message to others cars = 'veh_20 | CartesianPoint{x=141.83,y=314.47,z=0.00}' (at simulation time 207.000,000,000 s)
2025-05-28 00:48:43,748 INFO  - Received event: 207000 (at simulation time IntraVehicleMsg)
2025-05-28 00:48:43,751 INFO  - Sent message to others cars = 'veh_20 | CartesianPoint{x=141.76,y=306.06,z=0.00}' (at simulation time 208.000,000,000 s)
2025-05-28 00:48:43,822 INFO  - Received event: 208000 (at simulation time IntraVehicleMsg)
2025-05-28 00:48:43,825 INFO  - Sent message to others cars = 'veh_20 | CartesianPoint{x=141.68,y=297.38,z=0.00}' (at simulation time 209.000,000,000 s)
2025-05-28 00:48:43,899 INFO  - Received event: 209000 (at simulation time IntraVehicleMsg)
2025-05-28 00:48:43,902 INFO  - Sent message to others cars = 'veh_20 | CartesianPoint{x=141.61,y=289.10,z=0.00}' (at simulation time 210.000,000,000 s)
2025-05-28 00:48:43,978 INFO  - Received event: 210000 (at simulation time IntraVehicleMsg)
2025-05-28 00:48:43,984 INFO  - Sent message to others cars = 'veh_20 | CartesianPoint{x=141.55,y=281.42,z=0.00}' (at simulation time 211.000,000,000 s)
2025-05-28 00:48:44,052 INFO  - Received event: 211000 (at simulation time IntraVehicleMsg)
2025-05-28 00:48:44,069 INFO  - Sent message to others cars = 'veh_20 | CartesianPoint{x=141.47,y=273.15,z=0.00}' (at simulation time 212.000,000,000 s)
2025-05-28 00:48:44,137 INFO  - Received event: 212000 (at simulation time IntraVehicleMsg)
2025-05-28 00:48:44,140 INFO  - Sent message to others cars = 'veh_20 | CartesianPoint{x=141.40,y=264.76,z=0.00}' (at simulation time 213.000,000,000 s)
2025-05-28 00:48:44,211 INFO  - Received event: 213000 (at simulation time IntraVehicleMsg)
2025-05-28 00:48:44,214 INFO  - Sent message to others cars = 'veh_20 | CartesianPoint{x=141.33,y=256.13,z=0.00}' (at simulation time 214.000,000,000 s)
2025-05-28 00:48:44,278 INFO  - Received event: 214000 (at simulation time IntraVehicleMsg)
2025-05-28 00:48:44,281 INFO  - Sent message to others cars = 'veh_20 | CartesianPoint{x=141.26,y=248.25,z=0.00}' (at simulation time 215.000,000,000 s)
2025-05-28 00:48:44,348 INFO  - Received event: 215000 (at simulation time IntraVehicleMsg)
2025-05-28 00:48:44,351 INFO  - Sent message to others cars = 'veh_20 | CartesianPoint{x=141.19,y=239.95,z=0.00}' (at simulation time 216.000,000,000 s)
2025-05-28 00:48:44,420 INFO  - Received event: 216000 (at simulation time IntraVehicleMsg)
2025-05-28 00:48:44,422 INFO  - Sent message to others cars = 'veh_20 | CartesianPoint{x=141.12,y=231.49,z=0.00}' (at simulation time 217.000,000,000 s)
2025-05-28 00:48:44,489 INFO  - Received event: 217000 (at simulation time IntraVehicleMsg)
2025-05-28 00:48:44,493 INFO  - Sent message to others cars = 'veh_20 | CartesianPoint{x=141.06,y=223.73,z=0.00}' (at simulation time 218.000,000,000 s)
2025-05-28 00:48:44,563 INFO  - Received event: 218000 (at simulation time IntraVehicleMsg)
2025-05-28 00:48:44,571 INFO  - Sent message to others cars = 'veh_20 | CartesianPoint{x=140.99,y=215.79,z=0.00}' (at simulation time 219.000,000,000 s)
2025-05-28 00:48:44,641 INFO  - Received event: 219000 (at simulation time IntraVehicleMsg)
2025-05-28 00:48:44,644 INFO  - Sent message to others cars = 'veh_20 | CartesianPoint{x=140.93,y=208.11,z=0.00}' (at simulation time 220.000,000,000 s)
2025-05-28 00:48:44,714 INFO  - Received event: 220000 (at simulation time IntraVehicleMsg)
2025-05-28 00:48:44,717 INFO  - Sent message to others cars = 'veh_20 | CartesianPoint{x=140.86,y=200.19,z=0.00}' (at simulation time 221.000,000,000 s)
2025-05-28 00:48:44,787 INFO  - Received event: 221000 (at simulation time IntraVehicleMsg)
2025-05-28 00:48:44,795 INFO  - Sent message to others cars = 'veh_20 | CartesianPoint{x=140.80,y=191.81,z=0.00}' (at simulation time 222.000,000,000 s)
2025-05-28 00:48:44,866 INFO  - Received event: 222000 (at simulation time IntraVehicleMsg)
2025-05-28 00:48:44,869 INFO  - Sent message to others cars = 'veh_20 | CartesianPoint{x=140.73,y=183.95,z=0.00}' (at simulation time 223.000,000,000 s)
2025-05-28 00:48:44,928 INFO  - Received event: 223000 (at simulation time IntraVehicleMsg)
2025-05-28 00:48:44,930 INFO  - Sent message to others cars = 'veh_20 | CartesianPoint{x=140.66,y=175.53,z=0.00}' (at simulation time 224.000,000,000 s)
2025-05-28 00:48:44,987 INFO  - Received event: 224000 (at simulation time IntraVehicleMsg)
2025-05-28 00:48:44,990 INFO  - Sent message to others cars = 'veh_20 | CartesianPoint{x=140.60,y=168.00,z=0.00}' (at simulation time 225.000,000,000 s)
2025-05-28 00:48:45,047 INFO  - Received event: 225000 (at simulation time IntraVehicleMsg)
2025-05-28 00:48:45,050 INFO  - Sent message to others cars = 'veh_20 | CartesianPoint{x=140.54,y=160.45,z=0.00}' (at simulation time 226.000,000,000 s)
2025-05-28 00:48:45,105 INFO  - Received event: 226000 (at simulation time IntraVehicleMsg)
2025-05-28 00:48:45,107 INFO  - Sent message to others cars = 'veh_20 | CartesianPoint{x=140.47,y=152.17,z=0.00}' (at simulation time 227.000,000,000 s)
2025-05-28 00:48:45,167 INFO  - Received event: 227000 (at simulation time IntraVehicleMsg)
2025-05-28 00:48:45,174 INFO  - Sent message to others cars = 'veh_20 | CartesianPoint{x=140.40,y=143.92,z=0.00}' (at simulation time 228.000,000,000 s)
2025-05-28 00:48:45,234 INFO  - Received event: 228000 (at simulation time IntraVehicleMsg)
2025-05-28 00:48:45,237 INFO  - Sent message to others cars = 'veh_20 | CartesianPoint{x=140.38,y=135.61,z=0.00}' (at simulation time 229.000,000,000 s)
2025-05-28 00:48:45,295 INFO  - Received event: 229000 (at simulation time IntraVehicleMsg)
2025-05-28 00:48:45,298 INFO  - Sent message to others cars = 'veh_20 | CartesianPoint{x=140.43,y=127.12,z=0.00}' (at simulation time 230.000,000,000 s)
2025-05-28 00:48:45,359 INFO  - Received event: 230000 (at simulation time IntraVehicleMsg)
2025-05-28 00:48:45,364 INFO  - Sent message to others cars = 'veh_20 | CartesianPoint{x=140.47,y=118.63,z=0.00}' (at simulation time 231.000,000,000 s)
2025-05-28 00:48:45,435 INFO  - Received event: 231000 (at simulation time IntraVehicleMsg)
2025-05-28 00:48:45,438 INFO  - Sent message to others cars = 'veh_20 | CartesianPoint{x=140.51,y=110.98,z=0.00}' (at simulation time 232.000,000,000 s)
2025-05-28 00:48:45,500 INFO  - Received event: 232000 (at simulation time IntraVehicleMsg)
2025-05-28 00:48:45,507 INFO  - Sent message to others cars = 'veh_20 | CartesianPoint{x=140.56,y=102.37,z=0.00}' (at simulation time 233.000,000,000 s)
2025-05-28 00:48:45,572 INFO  - Received event: 233000 (at simulation time IntraVehicleMsg)
2025-05-28 00:48:45,575 INFO  - Sent message to others cars = 'veh_20 | CartesianPoint{x=140.60,y=94.38,z=0.00}' (at simulation time 234.000,000,000 s)
2025-05-28 00:48:45,642 INFO  - Received event: 234000 (at simulation time IntraVehicleMsg)
2025-05-28 00:48:45,646 INFO  - Sent message to others cars = 'veh_20 | CartesianPoint{x=140.65,y=85.71,z=0.00}' (at simulation time 235.000,000,000 s)
2025-05-28 00:48:45,712 INFO  - Received event: 235000 (at simulation time IntraVehicleMsg)
2025-05-28 00:48:45,715 INFO  - Sent message to others cars = 'veh_20 | CartesianPoint{x=140.70,y=77.30,z=0.00}' (at simulation time 236.000,000,000 s)
2025-05-28 00:48:45,783 INFO  - Received event: 236000 (at simulation time IntraVehicleMsg)
2025-05-28 00:48:45,789 INFO  - Sent message to others cars = 'veh_20 | CartesianPoint{x=144.62,y=70.02,z=0.00}' (at simulation time 237.000,000,000 s)
2025-05-28 00:48:45,860 INFO  - Received event: 237000 (at simulation time IntraVehicleMsg)
2025-05-28 00:48:45,863 INFO  - Sent message to others cars = 'veh_20 | CartesianPoint{x=150.32,y=64.16,z=0.00}' (at simulation time 238.000,000,000 s)
2025-05-28 00:48:45,933 INFO  - Received event: 238000 (at simulation time IntraVehicleMsg)
2025-05-28 00:48:45,936 INFO  - Sent message to others cars = 'veh_20 | CartesianPoint{x=156.45,y=58.28,z=0.00}' (at simulation time 239.000,000,000 s)
2025-05-28 00:48:46,009 INFO  - Received event: 239000 (at simulation time IntraVehicleMsg)
2025-05-28 00:48:46,015 INFO  - Sent message to others cars = 'veh_20 | CartesianPoint{x=158.38,y=51.40,z=0.00}' (at simulation time 240.000,000,000 s)
2025-05-28 00:48:46,083 INFO  - Received event: 240000 (at simulation time IntraVehicleMsg)
2025-05-28 00:48:46,086 INFO  - Sent message to others cars = 'veh_20 | CartesianPoint{x=163.95,y=45.27,z=0.00}' (at simulation time 241.000,000,000 s)
2025-05-28 00:48:46,162 INFO  - Received event: 241000 (at simulation time IntraVehicleMsg)
2025-05-28 00:48:46,166 INFO  - Sent message to others cars = 'veh_20 | CartesianPoint{x=168.94,y=39.78,z=0.00}' (at simulation time 242.000,000,000 s)
2025-05-28 00:48:46,236 INFO  - Received event: 242000 (at simulation time IntraVehicleMsg)
2025-05-28 00:48:46,244 INFO  - Sent message to others cars = 'veh_20 | CartesianPoint{x=174.57,y=33.59,z=0.00}' (at simulation time 243.000,000,000 s)
2025-05-28 00:48:46,316 INFO  - Received event: 243000 (at simulation time IntraVehicleMsg)
2025-05-28 00:48:46,320 INFO  - Sent message to others cars = 'veh_20 | CartesianPoint{x=180.30,y=27.30,z=0.00}' (at simulation time 244.000,000,000 s)
2025-05-28 00:48:46,393 INFO  - Received event: 244000 (at simulation time IntraVehicleMsg)
2025-05-28 00:48:46,397 INFO  - Sent message to others cars = 'veh_20 | CartesianPoint{x=185.96,y=21.07,z=0.00}' (at simulation time 245.000,000,000 s)
2025-05-28 00:48:46,473 INFO  - Received event: 245000 (at simulation time IntraVehicleMsg)
2025-05-28 00:48:46,477 INFO  - Sent message to others cars = 'veh_20 | CartesianPoint{x=191.11,y=15.40,z=0.00}' (at simulation time 246.000,000,000 s)
2025-05-28 00:48:46,555 INFO  - Received event: 246000 (at simulation time IntraVehicleMsg)
2025-05-28 00:48:46,562 INFO  - Sent message to others cars = 'veh_20 | CartesianPoint{x=194.81,y=9.12,z=0.00}' (at simulation time 247.000,000,000 s)
2025-05-28 00:48:46,640 INFO  - Received event: 247000 (at simulation time IntraVehicleMsg)
2025-05-28 00:48:46,644 INFO  - Sent message to others cars = 'veh_20 | CartesianPoint{x=196.77,y=0.98,z=0.00}' (at simulation time 248.000,000,000 s)
2025-05-28 00:48:46,719 INFO  - Received event: 248000 (at simulation time IntraVehicleMsg)
2025-05-28 00:48:46,726 INFO  - ------------------------------------------------------------------------------------- (at simulation time 249.000,000,000 s)
2025-05-28 00:48:46,726 INFO  - Shutdown application (at simulation time 249.000,000,000 s)
2025-05-28 00:48:46,726 INFO  - ------------------------------------------------------------------------------------- (at simulation time 249.000,000,000 s)
