2025-06-06 17:30:51,848 INFO  - Initialize veh_110 application (at simulation time 572.000,000,000 s)
2025-06-06 17:30:51,849 INFO  - Sent periodic GreenWaveMsg: veh_110 on route r_0 (at simulation time 572.000,000,000 s)
2025-06-06 17:30:51,849 INFO  - I have no neighbours to send! (at simulation time 572.000,000,000 s)
2025-06-06 17:30:51,856 INFO  - I have no neighbours to send! (at simulation time 573.000,000,000 s)
2025-06-06 17:30:51,856 INFO  - I have no neighbours to send! (at simulation time 573.000,000,000 s)
2025-06-06 17:30:51,860 INFO  - I have no neighbours to send! (at simulation time 574.000,000,000 s)
2025-06-06 17:30:51,860 INFO  - I have no neighbours to send! (at simulation time 574.000,000,000 s)
2025-06-06 17:30:51,860 INFO  - I have no neighbours to send! (at simulation time 574.000,000,000 s)
2025-06-06 17:30:51,865 INFO  - I have no neighbours to send! (at simulation time 575.000,000,000 s)
2025-06-06 17:30:51,865 INFO  - I have no neighbours to send! (at simulation time 575.000,000,000 s)
2025-06-06 17:30:51,865 INFO  - I have no neighbours to send! (at simulation time 575.000,000,000 s)
2025-06-06 17:30:51,865 INFO  - I have no neighbours to send! (at simulation time 575.000,000,000 s)
2025-06-06 17:30:51,869 INFO  - I have no neighbours to send! (at simulation time 576.000,000,000 s)
2025-06-06 17:30:51,869 INFO  - I have no neighbours to send! (at simulation time 576.000,000,000 s)
2025-06-06 17:30:51,869 INFO  - I have no neighbours to send! (at simulation time 576.000,000,000 s)
2025-06-06 17:30:51,869 INFO  - I have no neighbours to send! (at simulation time 576.000,000,000 s)
2025-06-06 17:30:51,869 INFO  - I have no neighbours to send! (at simulation time 576.000,000,000 s)
2025-06-06 17:30:51,873 INFO  - Sent periodic GreenWaveMsg: veh_110 on route r_0 (at simulation time 577.000,000,000 s)
2025-06-06 17:30:51,873 INFO  - I have no neighbours to send! (at simulation time 577.000,000,000 s)
2025-06-06 17:30:51,873 INFO  - I have no neighbours to send! (at simulation time 577.000,000,000 s)
2025-06-06 17:30:51,873 INFO  - I have no neighbours to send! (at simulation time 577.000,000,000 s)
2025-06-06 17:30:51,873 INFO  - I have no neighbours to send! (at simulation time 577.000,000,000 s)
2025-06-06 17:30:51,873 INFO  - I have no neighbours to send! (at simulation time 577.000,000,000 s)
2025-06-06 17:30:51,873 INFO  - I have no neighbours to send! (at simulation time 577.000,000,000 s)
2025-06-06 17:30:51,877 INFO  - I have no neighbours to send! (at simulation time 578.000,000,000 s)
2025-06-06 17:30:51,877 INFO  - I have no neighbours to send! (at simulation time 578.000,000,000 s)
2025-06-06 17:30:51,877 INFO  - I have no neighbours to send! (at simulation time 578.000,000,000 s)
2025-06-06 17:30:51,877 INFO  - I have no neighbours to send! (at simulation time 578.000,000,000 s)
2025-06-06 17:30:51,877 INFO  - I have no neighbours to send! (at simulation time 578.000,000,000 s)
2025-06-06 17:30:51,877 INFO  - I have no neighbours to send! (at simulation time 578.000,000,000 s)
2025-06-06 17:30:51,877 INFO  - I have no neighbours to send! (at simulation time 578.000,000,000 s)
2025-06-06 17:30:51,881 INFO  - I have no neighbours to send! (at simulation time 579.000,000,000 s)
2025-06-06 17:30:51,881 INFO  - I have no neighbours to send! (at simulation time 579.000,000,000 s)
2025-06-06 17:30:51,881 INFO  - I have no neighbours to send! (at simulation time 579.000,000,000 s)
2025-06-06 17:30:51,881 INFO  - I have no neighbours to send! (at simulation time 579.000,000,000 s)
2025-06-06 17:30:51,881 INFO  - I have no neighbours to send! (at simulation time 579.000,000,000 s)
2025-06-06 17:30:51,881 INFO  - I have no neighbours to send! (at simulation time 579.000,000,000 s)
2025-06-06 17:30:51,881 INFO  - I have no neighbours to send! (at simulation time 579.000,000,000 s)
2025-06-06 17:30:51,881 INFO  - I have no neighbours to send! (at simulation time 579.000,000,000 s)
2025-06-06 17:30:51,885 INFO  - I have no neighbours to send! (at simulation time 580.000,000,000 s)
2025-06-06 17:30:51,885 INFO  - I have no neighbours to send! (at simulation time 580.000,000,000 s)
2025-06-06 17:30:51,885 INFO  - I have no neighbours to send! (at simulation time 580.000,000,000 s)
2025-06-06 17:30:51,885 INFO  - I have no neighbours to send! (at simulation time 580.000,000,000 s)
2025-06-06 17:30:51,885 INFO  - I have no neighbours to send! (at simulation time 580.000,000,000 s)
2025-06-06 17:30:51,885 INFO  - I have no neighbours to send! (at simulation time 580.000,000,000 s)
2025-06-06 17:30:51,885 INFO  - I have no neighbours to send! (at simulation time 580.000,000,000 s)
2025-06-06 17:30:51,885 INFO  - I have no neighbours to send! (at simulation time 580.000,000,000 s)
2025-06-06 17:30:51,885 INFO  - I have no neighbours to send! (at simulation time 580.000,000,000 s)
2025-06-06 17:30:51,888 INFO  - Received metrics from FogNode: avgR0=1.3448275862068966, avgR1=2.0689655172413794 (at simulation time 580.002,800,000 s)
2025-06-06 17:30:51,889 INFO  - I have no neighbours to send! (at simulation time 581.000,000,000 s)
2025-06-06 17:30:51,889 INFO  - I have no neighbours to send! (at simulation time 581.000,000,000 s)
2025-06-06 17:30:51,889 INFO  - I have no neighbours to send! (at simulation time 581.000,000,000 s)
2025-06-06 17:30:51,889 INFO  - I have no neighbours to send! (at simulation time 581.000,000,000 s)
2025-06-06 17:30:51,889 INFO  - I have no neighbours to send! (at simulation time 581.000,000,000 s)
2025-06-06 17:30:51,889 INFO  - I have no neighbours to send! (at simulation time 581.000,000,000 s)
2025-06-06 17:30:51,889 INFO  - I have no neighbours to send! (at simulation time 581.000,000,000 s)
2025-06-06 17:30:51,889 INFO  - I have no neighbours to send! (at simulation time 581.000,000,000 s)
2025-06-06 17:30:51,889 INFO  - I have no neighbours to send! (at simulation time 581.000,000,000 s)
2025-06-06 17:30:51,889 INFO  - I have no neighbours to send! (at simulation time 581.000,000,000 s)
2025-06-06 17:30:51,896 INFO  - Sent periodic GreenWaveMsg: veh_110 on route r_0 (at simulation time 582.000,000,000 s)
2025-06-06 17:30:51,896 INFO  - I have no neighbours to send! (at simulation time 582.000,000,000 s)
2025-06-06 17:30:51,896 INFO  - I have no neighbours to send! (at simulation time 582.000,000,000 s)
2025-06-06 17:30:51,896 INFO  - I have no neighbours to send! (at simulation time 582.000,000,000 s)
2025-06-06 17:30:51,897 INFO  - I have no neighbours to send! (at simulation time 582.000,000,000 s)
2025-06-06 17:30:51,897 INFO  - I have no neighbours to send! (at simulation time 582.000,000,000 s)
2025-06-06 17:30:51,897 INFO  - I have no neighbours to send! (at simulation time 582.000,000,000 s)
2025-06-06 17:30:51,897 INFO  - I have no neighbours to send! (at simulation time 582.000,000,000 s)
2025-06-06 17:30:51,897 INFO  - I have no neighbours to send! (at simulation time 582.000,000,000 s)
2025-06-06 17:30:51,897 INFO  - I have no neighbours to send! (at simulation time 582.000,000,000 s)
2025-06-06 17:30:51,897 INFO  - I have no neighbours to send! (at simulation time 582.000,000,000 s)
2025-06-06 17:30:51,897 INFO  - I have no neighbours to send! (at simulation time 582.000,000,000 s)
2025-06-06 17:30:51,900 INFO  - I have no neighbours to send! (at simulation time 583.000,000,000 s)
2025-06-06 17:30:51,900 INFO  - I have no neighbours to send! (at simulation time 583.000,000,000 s)
2025-06-06 17:30:51,900 INFO  - I have no neighbours to send! (at simulation time 583.000,000,000 s)
2025-06-06 17:30:51,900 INFO  - I have no neighbours to send! (at simulation time 583.000,000,000 s)
2025-06-06 17:30:51,900 INFO  - I have no neighbours to send! (at simulation time 583.000,000,000 s)
2025-06-06 17:30:51,900 INFO  - I have no neighbours to send! (at simulation time 583.000,000,000 s)
2025-06-06 17:30:51,900 INFO  - I have no neighbours to send! (at simulation time 583.000,000,000 s)
2025-06-06 17:30:51,900 INFO  - I have no neighbours to send! (at simulation time 583.000,000,000 s)
2025-06-06 17:30:51,900 INFO  - I have no neighbours to send! (at simulation time 583.000,000,000 s)
2025-06-06 17:30:51,900 INFO  - I have no neighbours to send! (at simulation time 583.000,000,000 s)
2025-06-06 17:30:51,901 INFO  - I have no neighbours to send! (at simulation time 583.000,000,000 s)
2025-06-06 17:30:51,901 INFO  - I have no neighbours to send! (at simulation time 583.000,000,000 s)
2025-06-06 17:30:51,903 INFO  - I have no neighbours to send! (at simulation time 584.000,000,000 s)
2025-06-06 17:30:51,903 INFO  - I have no neighbours to send! (at simulation time 584.000,000,000 s)
2025-06-06 17:30:51,903 INFO  - I have no neighbours to send! (at simulation time 584.000,000,000 s)
2025-06-06 17:30:51,903 INFO  - I have no neighbours to send! (at simulation time 584.000,000,000 s)
2025-06-06 17:30:51,903 INFO  - I have no neighbours to send! (at simulation time 584.000,000,000 s)
2025-06-06 17:30:51,903 INFO  - I have no neighbours to send! (at simulation time 584.000,000,000 s)
2025-06-06 17:30:51,903 INFO  - I have no neighbours to send! (at simulation time 584.000,000,000 s)
2025-06-06 17:30:51,904 INFO  - I have no neighbours to send! (at simulation time 584.000,000,000 s)
2025-06-06 17:30:51,904 INFO  - I have no neighbours to send! (at simulation time 584.000,000,000 s)
2025-06-06 17:30:51,904 INFO  - I have no neighbours to send! (at simulation time 584.000,000,000 s)
2025-06-06 17:30:51,904 INFO  - I have no neighbours to send! (at simulation time 584.000,000,000 s)
2025-06-06 17:30:51,904 INFO  - I have no neighbours to send! (at simulation time 584.000,000,000 s)
2025-06-06 17:30:51,904 INFO  - I have no neighbours to send! (at simulation time 584.000,000,000 s)
2025-06-06 17:30:51,906 INFO  - I have no neighbours to send! (at simulation time 585.000,000,000 s)
2025-06-06 17:30:51,907 INFO  - I have no neighbours to send! (at simulation time 585.000,000,000 s)
2025-06-06 17:30:51,907 INFO  - I have no neighbours to send! (at simulation time 585.000,000,000 s)
2025-06-06 17:30:51,907 INFO  - I have no neighbours to send! (at simulation time 585.000,000,000 s)
2025-06-06 17:30:51,907 INFO  - I have no neighbours to send! (at simulation time 585.000,000,000 s)
2025-06-06 17:30:51,907 INFO  - I have no neighbours to send! (at simulation time 585.000,000,000 s)
2025-06-06 17:30:51,907 INFO  - I have no neighbours to send! (at simulation time 585.000,000,000 s)
2025-06-06 17:30:51,907 INFO  - I have no neighbours to send! (at simulation time 585.000,000,000 s)
2025-06-06 17:30:51,907 INFO  - I have no neighbours to send! (at simulation time 585.000,000,000 s)
2025-06-06 17:30:51,907 INFO  - I have no neighbours to send! (at simulation time 585.000,000,000 s)
2025-06-06 17:30:51,907 INFO  - I have no neighbours to send! (at simulation time 585.000,000,000 s)
2025-06-06 17:30:51,907 INFO  - I have no neighbours to send! (at simulation time 585.000,000,000 s)
2025-06-06 17:30:51,907 INFO  - I have no neighbours to send! (at simulation time 585.000,000,000 s)
2025-06-06 17:30:51,907 INFO  - I have no neighbours to send! (at simulation time 585.000,000,000 s)
2025-06-06 17:30:51,910 INFO  - I have no neighbours to send! (at simulation time 586.000,000,000 s)
2025-06-06 17:30:51,910 INFO  - I have no neighbours to send! (at simulation time 586.000,000,000 s)
2025-06-06 17:30:51,910 INFO  - I have no neighbours to send! (at simulation time 586.000,000,000 s)
2025-06-06 17:30:51,910 INFO  - I have no neighbours to send! (at simulation time 586.000,000,000 s)
2025-06-06 17:30:51,910 INFO  - I have no neighbours to send! (at simulation time 586.000,000,000 s)
2025-06-06 17:30:51,910 INFO  - I have no neighbours to send! (at simulation time 586.000,000,000 s)
2025-06-06 17:30:51,910 INFO  - I have no neighbours to send! (at simulation time 586.000,000,000 s)
2025-06-06 17:30:51,910 INFO  - I have no neighbours to send! (at simulation time 586.000,000,000 s)
2025-06-06 17:30:51,910 INFO  - I have no neighbours to send! (at simulation time 586.000,000,000 s)
2025-06-06 17:30:51,910 INFO  - I have no neighbours to send! (at simulation time 586.000,000,000 s)
2025-06-06 17:30:51,910 INFO  - I have no neighbours to send! (at simulation time 586.000,000,000 s)
2025-06-06 17:30:51,911 INFO  - I have no neighbours to send! (at simulation time 586.000,000,000 s)
2025-06-06 17:30:51,911 INFO  - I have no neighbours to send! (at simulation time 586.000,000,000 s)
2025-06-06 17:30:51,911 INFO  - I have no neighbours to send! (at simulation time 586.000,000,000 s)
2025-06-06 17:30:51,911 INFO  - I have no neighbours to send! (at simulation time 586.000,000,000 s)
2025-06-06 17:30:51,913 INFO  - Sent periodic GreenWaveMsg: veh_110 on route r_0 (at simulation time 587.000,000,000 s)
2025-06-06 17:30:51,913 INFO  - I have no neighbours to send! (at simulation time 587.000,000,000 s)
2025-06-06 17:30:51,913 INFO  - I have no neighbours to send! (at simulation time 587.000,000,000 s)
2025-06-06 17:30:51,913 INFO  - I have no neighbours to send! (at simulation time 587.000,000,000 s)
2025-06-06 17:30:51,913 INFO  - I have no neighbours to send! (at simulation time 587.000,000,000 s)
2025-06-06 17:30:51,913 INFO  - I have no neighbours to send! (at simulation time 587.000,000,000 s)
2025-06-06 17:30:51,914 INFO  - I have no neighbours to send! (at simulation time 587.000,000,000 s)
2025-06-06 17:30:51,914 INFO  - I have no neighbours to send! (at simulation time 587.000,000,000 s)
2025-06-06 17:30:51,914 INFO  - I have no neighbours to send! (at simulation time 587.000,000,000 s)
2025-06-06 17:30:51,914 INFO  - I have no neighbours to send! (at simulation time 587.000,000,000 s)
2025-06-06 17:30:51,914 INFO  - I have no neighbours to send! (at simulation time 587.000,000,000 s)
2025-06-06 17:30:51,914 INFO  - I have no neighbours to send! (at simulation time 587.000,000,000 s)
2025-06-06 17:30:51,914 INFO  - I have no neighbours to send! (at simulation time 587.000,000,000 s)
2025-06-06 17:30:51,914 INFO  - I have no neighbours to send! (at simulation time 587.000,000,000 s)
2025-06-06 17:30:51,914 INFO  - I have no neighbours to send! (at simulation time 587.000,000,000 s)
2025-06-06 17:30:51,914 INFO  - I have no neighbours to send! (at simulation time 587.000,000,000 s)
2025-06-06 17:30:51,914 INFO  - I have no neighbours to send! (at simulation time 587.000,000,000 s)
2025-06-06 17:30:51,917 INFO  - I have no neighbours to send! (at simulation time 588.000,000,000 s)
2025-06-06 17:30:51,917 INFO  - I have no neighbours to send! (at simulation time 588.000,000,000 s)
2025-06-06 17:30:51,917 INFO  - I have no neighbours to send! (at simulation time 588.000,000,000 s)
2025-06-06 17:30:51,917 INFO  - I have no neighbours to send! (at simulation time 588.000,000,000 s)
2025-06-06 17:30:51,917 INFO  - I have no neighbours to send! (at simulation time 588.000,000,000 s)
2025-06-06 17:30:51,917 INFO  - I have no neighbours to send! (at simulation time 588.000,000,000 s)
2025-06-06 17:30:51,917 INFO  - I have no neighbours to send! (at simulation time 588.000,000,000 s)
2025-06-06 17:30:51,917 INFO  - I have no neighbours to send! (at simulation time 588.000,000,000 s)
2025-06-06 17:30:51,917 INFO  - I have no neighbours to send! (at simulation time 588.000,000,000 s)
2025-06-06 17:30:51,917 INFO  - I have no neighbours to send! (at simulation time 588.000,000,000 s)
2025-06-06 17:30:51,917 INFO  - I have no neighbours to send! (at simulation time 588.000,000,000 s)
2025-06-06 17:30:51,917 INFO  - I have no neighbours to send! (at simulation time 588.000,000,000 s)
2025-06-06 17:30:51,917 INFO  - I have no neighbours to send! (at simulation time 588.000,000,000 s)
2025-06-06 17:30:51,917 INFO  - I have no neighbours to send! (at simulation time 588.000,000,000 s)
2025-06-06 17:30:51,917 INFO  - I have no neighbours to send! (at simulation time 588.000,000,000 s)
2025-06-06 17:30:51,917 INFO  - I have no neighbours to send! (at simulation time 588.000,000,000 s)
2025-06-06 17:30:51,917 INFO  - I have no neighbours to send! (at simulation time 588.000,000,000 s)
2025-06-06 17:30:51,920 INFO  - I have no neighbours to send! (at simulation time 589.000,000,000 s)
2025-06-06 17:30:51,920 INFO  - I have no neighbours to send! (at simulation time 589.000,000,000 s)
2025-06-06 17:30:51,920 INFO  - I have no neighbours to send! (at simulation time 589.000,000,000 s)
2025-06-06 17:30:51,920 INFO  - I have no neighbours to send! (at simulation time 589.000,000,000 s)
2025-06-06 17:30:51,920 INFO  - I have no neighbours to send! (at simulation time 589.000,000,000 s)
2025-06-06 17:30:51,920 INFO  - I have no neighbours to send! (at simulation time 589.000,000,000 s)
2025-06-06 17:30:51,920 INFO  - I have no neighbours to send! (at simulation time 589.000,000,000 s)
2025-06-06 17:30:51,920 INFO  - I have no neighbours to send! (at simulation time 589.000,000,000 s)
2025-06-06 17:30:51,920 INFO  - I have no neighbours to send! (at simulation time 589.000,000,000 s)
2025-06-06 17:30:51,920 INFO  - I have no neighbours to send! (at simulation time 589.000,000,000 s)
2025-06-06 17:30:51,921 INFO  - I have no neighbours to send! (at simulation time 589.000,000,000 s)
2025-06-06 17:30:51,921 INFO  - I have no neighbours to send! (at simulation time 589.000,000,000 s)
2025-06-06 17:30:51,921 INFO  - I have no neighbours to send! (at simulation time 589.000,000,000 s)
2025-06-06 17:30:51,921 INFO  - I have no neighbours to send! (at simulation time 589.000,000,000 s)
2025-06-06 17:30:51,921 INFO  - I have no neighbours to send! (at simulation time 589.000,000,000 s)
2025-06-06 17:30:51,921 INFO  - I have no neighbours to send! (at simulation time 589.000,000,000 s)
2025-06-06 17:30:51,921 INFO  - I have no neighbours to send! (at simulation time 589.000,000,000 s)
2025-06-06 17:30:51,921 INFO  - I have no neighbours to send! (at simulation time 589.000,000,000 s)
2025-06-06 17:30:51,924 INFO  - I have no neighbours to send! (at simulation time 590.000,000,000 s)
2025-06-06 17:30:51,924 INFO  - I have no neighbours to send! (at simulation time 590.000,000,000 s)
2025-06-06 17:30:51,924 INFO  - I have no neighbours to send! (at simulation time 590.000,000,000 s)
2025-06-06 17:30:51,924 INFO  - I have no neighbours to send! (at simulation time 590.000,000,000 s)
2025-06-06 17:30:51,924 INFO  - I have no neighbours to send! (at simulation time 590.000,000,000 s)
2025-06-06 17:30:51,924 INFO  - I have no neighbours to send! (at simulation time 590.000,000,000 s)
2025-06-06 17:30:51,924 INFO  - I have no neighbours to send! (at simulation time 590.000,000,000 s)
2025-06-06 17:30:51,924 INFO  - I have no neighbours to send! (at simulation time 590.000,000,000 s)
2025-06-06 17:30:51,924 INFO  - I have no neighbours to send! (at simulation time 590.000,000,000 s)
2025-06-06 17:30:51,924 INFO  - I have no neighbours to send! (at simulation time 590.000,000,000 s)
2025-06-06 17:30:51,924 INFO  - I have no neighbours to send! (at simulation time 590.000,000,000 s)
2025-06-06 17:30:51,924 INFO  - I have no neighbours to send! (at simulation time 590.000,000,000 s)
2025-06-06 17:30:51,924 INFO  - I have no neighbours to send! (at simulation time 590.000,000,000 s)
2025-06-06 17:30:51,924 INFO  - I have no neighbours to send! (at simulation time 590.000,000,000 s)
2025-06-06 17:30:51,925 INFO  - I have no neighbours to send! (at simulation time 590.000,000,000 s)
2025-06-06 17:30:51,925 INFO  - I have no neighbours to send! (at simulation time 590.000,000,000 s)
2025-06-06 17:30:51,925 INFO  - I have no neighbours to send! (at simulation time 590.000,000,000 s)
2025-06-06 17:30:51,925 INFO  - I have no neighbours to send! (at simulation time 590.000,000,000 s)
2025-06-06 17:30:51,925 INFO  - I have no neighbours to send! (at simulation time 590.000,000,000 s)
2025-06-06 17:30:51,929 INFO  - Received metrics from FogNode: avgR0=1.3559322033898304, avgR1=2.0677966101694913 (at simulation time 590.002,300,000 s)
2025-06-06 17:30:51,930 INFO  - I have no neighbours to send! (at simulation time 591.000,000,000 s)
2025-06-06 17:30:51,930 INFO  - I have no neighbours to send! (at simulation time 591.000,000,000 s)
2025-06-06 17:30:51,930 INFO  - I have no neighbours to send! (at simulation time 591.000,000,000 s)
2025-06-06 17:30:51,930 INFO  - I have no neighbours to send! (at simulation time 591.000,000,000 s)
2025-06-06 17:30:51,930 INFO  - I have no neighbours to send! (at simulation time 591.000,000,000 s)
2025-06-06 17:30:51,930 INFO  - I have no neighbours to send! (at simulation time 591.000,000,000 s)
2025-06-06 17:30:51,930 INFO  - I have no neighbours to send! (at simulation time 591.000,000,000 s)
2025-06-06 17:30:51,930 INFO  - I have no neighbours to send! (at simulation time 591.000,000,000 s)
2025-06-06 17:30:51,930 INFO  - I have no neighbours to send! (at simulation time 591.000,000,000 s)
2025-06-06 17:30:51,931 INFO  - I have no neighbours to send! (at simulation time 591.000,000,000 s)
2025-06-06 17:30:51,931 INFO  - I have no neighbours to send! (at simulation time 591.000,000,000 s)
2025-06-06 17:30:51,931 INFO  - I have no neighbours to send! (at simulation time 591.000,000,000 s)
2025-06-06 17:30:51,931 INFO  - I have no neighbours to send! (at simulation time 591.000,000,000 s)
2025-06-06 17:30:51,931 INFO  - I have no neighbours to send! (at simulation time 591.000,000,000 s)
2025-06-06 17:30:51,931 INFO  - I have no neighbours to send! (at simulation time 591.000,000,000 s)
2025-06-06 17:30:51,931 INFO  - I have no neighbours to send! (at simulation time 591.000,000,000 s)
2025-06-06 17:30:51,931 INFO  - I have no neighbours to send! (at simulation time 591.000,000,000 s)
2025-06-06 17:30:51,931 INFO  - I have no neighbours to send! (at simulation time 591.000,000,000 s)
2025-06-06 17:30:51,931 INFO  - I have no neighbours to send! (at simulation time 591.000,000,000 s)
2025-06-06 17:30:51,931 INFO  - I have no neighbours to send! (at simulation time 591.000,000,000 s)
2025-06-06 17:30:51,933 INFO  - Sent periodic GreenWaveMsg: veh_110 on route r_0 (at simulation time 592.000,000,000 s)
2025-06-06 17:30:51,933 INFO  - I have no neighbours to send! (at simulation time 592.000,000,000 s)
2025-06-06 17:30:51,933 INFO  - I have no neighbours to send! (at simulation time 592.000,000,000 s)
2025-06-06 17:30:51,933 INFO  - I have no neighbours to send! (at simulation time 592.000,000,000 s)
2025-06-06 17:30:51,933 INFO  - I have no neighbours to send! (at simulation time 592.000,000,000 s)
2025-06-06 17:30:51,933 INFO  - I have no neighbours to send! (at simulation time 592.000,000,000 s)
2025-06-06 17:30:51,934 INFO  - I have no neighbours to send! (at simulation time 592.000,000,000 s)
2025-06-06 17:30:51,934 INFO  - I have no neighbours to send! (at simulation time 592.000,000,000 s)
2025-06-06 17:30:51,934 INFO  - I have no neighbours to send! (at simulation time 592.000,000,000 s)
2025-06-06 17:30:51,934 INFO  - I have no neighbours to send! (at simulation time 592.000,000,000 s)
2025-06-06 17:30:51,934 INFO  - I have no neighbours to send! (at simulation time 592.000,000,000 s)
2025-06-06 17:30:51,934 INFO  - I have no neighbours to send! (at simulation time 592.000,000,000 s)
2025-06-06 17:30:51,934 INFO  - I have no neighbours to send! (at simulation time 592.000,000,000 s)
2025-06-06 17:30:51,934 INFO  - I have no neighbours to send! (at simulation time 592.000,000,000 s)
2025-06-06 17:30:51,934 INFO  - I have no neighbours to send! (at simulation time 592.000,000,000 s)
2025-06-06 17:30:51,934 INFO  - I have no neighbours to send! (at simulation time 592.000,000,000 s)
2025-06-06 17:30:51,934 INFO  - I have no neighbours to send! (at simulation time 592.000,000,000 s)
2025-06-06 17:30:51,934 INFO  - I have no neighbours to send! (at simulation time 592.000,000,000 s)
2025-06-06 17:30:51,934 INFO  - I have no neighbours to send! (at simulation time 592.000,000,000 s)
2025-06-06 17:30:51,934 INFO  - I have no neighbours to send! (at simulation time 592.000,000,000 s)
2025-06-06 17:30:51,934 INFO  - I have no neighbours to send! (at simulation time 592.000,000,000 s)
2025-06-06 17:30:51,934 INFO  - I have no neighbours to send! (at simulation time 592.000,000,000 s)
2025-06-06 17:30:51,941 INFO  - I have no neighbours to send! (at simulation time 593.000,000,000 s)
2025-06-06 17:30:51,941 INFO  - I have no neighbours to send! (at simulation time 593.000,000,000 s)
2025-06-06 17:30:51,941 INFO  - I have no neighbours to send! (at simulation time 593.000,000,000 s)
2025-06-06 17:30:51,941 INFO  - I have no neighbours to send! (at simulation time 593.000,000,000 s)
2025-06-06 17:30:51,941 INFO  - I have no neighbours to send! (at simulation time 593.000,000,000 s)
2025-06-06 17:30:51,941 INFO  - I have no neighbours to send! (at simulation time 593.000,000,000 s)
2025-06-06 17:30:51,941 INFO  - I have no neighbours to send! (at simulation time 593.000,000,000 s)
2025-06-06 17:30:51,941 INFO  - I have no neighbours to send! (at simulation time 593.000,000,000 s)
2025-06-06 17:30:51,941 INFO  - I have no neighbours to send! (at simulation time 593.000,000,000 s)
2025-06-06 17:30:51,941 INFO  - I have no neighbours to send! (at simulation time 593.000,000,000 s)
2025-06-06 17:30:51,941 INFO  - I have no neighbours to send! (at simulation time 593.000,000,000 s)
2025-06-06 17:30:51,941 INFO  - I have no neighbours to send! (at simulation time 593.000,000,000 s)
2025-06-06 17:30:51,941 INFO  - I have no neighbours to send! (at simulation time 593.000,000,000 s)
2025-06-06 17:30:51,941 INFO  - I have no neighbours to send! (at simulation time 593.000,000,000 s)
2025-06-06 17:30:51,941 INFO  - I have no neighbours to send! (at simulation time 593.000,000,000 s)
2025-06-06 17:30:51,941 INFO  - I have no neighbours to send! (at simulation time 593.000,000,000 s)
2025-06-06 17:30:51,941 INFO  - I have no neighbours to send! (at simulation time 593.000,000,000 s)
2025-06-06 17:30:51,942 INFO  - I have no neighbours to send! (at simulation time 593.000,000,000 s)
2025-06-06 17:30:51,942 INFO  - I have no neighbours to send! (at simulation time 593.000,000,000 s)
2025-06-06 17:30:51,942 INFO  - I have no neighbours to send! (at simulation time 593.000,000,000 s)
2025-06-06 17:30:51,942 INFO  - I have no neighbours to send! (at simulation time 593.000,000,000 s)
2025-06-06 17:30:51,942 INFO  - I have no neighbours to send! (at simulation time 593.000,000,000 s)
2025-06-06 17:30:51,944 INFO  - I have no neighbours to send! (at simulation time 594.000,000,000 s)
2025-06-06 17:30:51,944 INFO  - I have no neighbours to send! (at simulation time 594.000,000,000 s)
2025-06-06 17:30:51,944 INFO  - I have no neighbours to send! (at simulation time 594.000,000,000 s)
2025-06-06 17:30:51,944 INFO  - I have no neighbours to send! (at simulation time 594.000,000,000 s)
2025-06-06 17:30:51,944 INFO  - I have no neighbours to send! (at simulation time 594.000,000,000 s)
2025-06-06 17:30:51,944 INFO  - I have no neighbours to send! (at simulation time 594.000,000,000 s)
2025-06-06 17:30:51,944 INFO  - I have no neighbours to send! (at simulation time 594.000,000,000 s)
2025-06-06 17:30:51,944 INFO  - I have no neighbours to send! (at simulation time 594.000,000,000 s)
2025-06-06 17:30:51,944 INFO  - I have no neighbours to send! (at simulation time 594.000,000,000 s)
2025-06-06 17:30:51,944 INFO  - I have no neighbours to send! (at simulation time 594.000,000,000 s)
2025-06-06 17:30:51,944 INFO  - I have no neighbours to send! (at simulation time 594.000,000,000 s)
2025-06-06 17:30:51,944 INFO  - I have no neighbours to send! (at simulation time 594.000,000,000 s)
2025-06-06 17:30:51,945 INFO  - I have no neighbours to send! (at simulation time 594.000,000,000 s)
2025-06-06 17:30:51,945 INFO  - I have no neighbours to send! (at simulation time 594.000,000,000 s)
2025-06-06 17:30:51,945 INFO  - I have no neighbours to send! (at simulation time 594.000,000,000 s)
2025-06-06 17:30:51,945 INFO  - I have no neighbours to send! (at simulation time 594.000,000,000 s)
2025-06-06 17:30:51,945 INFO  - I have no neighbours to send! (at simulation time 594.000,000,000 s)
2025-06-06 17:30:51,945 INFO  - I have no neighbours to send! (at simulation time 594.000,000,000 s)
2025-06-06 17:30:51,945 INFO  - I have no neighbours to send! (at simulation time 594.000,000,000 s)
2025-06-06 17:30:51,945 INFO  - I have no neighbours to send! (at simulation time 594.000,000,000 s)
2025-06-06 17:30:51,945 INFO  - I have no neighbours to send! (at simulation time 594.000,000,000 s)
2025-06-06 17:30:51,945 INFO  - I have no neighbours to send! (at simulation time 594.000,000,000 s)
2025-06-06 17:30:51,945 INFO  - I have no neighbours to send! (at simulation time 594.000,000,000 s)
2025-06-06 17:30:51,947 INFO  - I have no neighbours to send! (at simulation time 595.000,000,000 s)
2025-06-06 17:30:51,947 INFO  - I have no neighbours to send! (at simulation time 595.000,000,000 s)
2025-06-06 17:30:51,947 INFO  - I have no neighbours to send! (at simulation time 595.000,000,000 s)
2025-06-06 17:30:51,947 INFO  - I have no neighbours to send! (at simulation time 595.000,000,000 s)
2025-06-06 17:30:51,948 INFO  - I have no neighbours to send! (at simulation time 595.000,000,000 s)
2025-06-06 17:30:51,948 INFO  - I have no neighbours to send! (at simulation time 595.000,000,000 s)
2025-06-06 17:30:51,948 INFO  - I have no neighbours to send! (at simulation time 595.000,000,000 s)
2025-06-06 17:30:51,948 INFO  - I have no neighbours to send! (at simulation time 595.000,000,000 s)
2025-06-06 17:30:51,948 INFO  - I have no neighbours to send! (at simulation time 595.000,000,000 s)
2025-06-06 17:30:51,948 INFO  - I have no neighbours to send! (at simulation time 595.000,000,000 s)
2025-06-06 17:30:51,948 INFO  - I have no neighbours to send! (at simulation time 595.000,000,000 s)
2025-06-06 17:30:51,948 INFO  - I have no neighbours to send! (at simulation time 595.000,000,000 s)
2025-06-06 17:30:51,948 INFO  - I have no neighbours to send! (at simulation time 595.000,000,000 s)
2025-06-06 17:30:51,948 INFO  - I have no neighbours to send! (at simulation time 595.000,000,000 s)
2025-06-06 17:30:51,948 INFO  - I have no neighbours to send! (at simulation time 595.000,000,000 s)
2025-06-06 17:30:51,948 INFO  - I have no neighbours to send! (at simulation time 595.000,000,000 s)
2025-06-06 17:30:51,948 INFO  - I have no neighbours to send! (at simulation time 595.000,000,000 s)
2025-06-06 17:30:51,948 INFO  - I have no neighbours to send! (at simulation time 595.000,000,000 s)
2025-06-06 17:30:51,948 INFO  - I have no neighbours to send! (at simulation time 595.000,000,000 s)
2025-06-06 17:30:51,948 INFO  - I have no neighbours to send! (at simulation time 595.000,000,000 s)
2025-06-06 17:30:51,948 INFO  - I have no neighbours to send! (at simulation time 595.000,000,000 s)
2025-06-06 17:30:51,948 INFO  - I have no neighbours to send! (at simulation time 595.000,000,000 s)
2025-06-06 17:30:51,948 INFO  - I have no neighbours to send! (at simulation time 595.000,000,000 s)
2025-06-06 17:30:51,948 INFO  - I have no neighbours to send! (at simulation time 595.000,000,000 s)
2025-06-06 17:30:51,950 INFO  - I have no neighbours to send! (at simulation time 596.000,000,000 s)
2025-06-06 17:30:51,951 INFO  - I have no neighbours to send! (at simulation time 596.000,000,000 s)
2025-06-06 17:30:51,951 INFO  - I have no neighbours to send! (at simulation time 596.000,000,000 s)
2025-06-06 17:30:51,951 INFO  - I have no neighbours to send! (at simulation time 596.000,000,000 s)
2025-06-06 17:30:51,951 INFO  - I have no neighbours to send! (at simulation time 596.000,000,000 s)
2025-06-06 17:30:51,951 INFO  - I have no neighbours to send! (at simulation time 596.000,000,000 s)
2025-06-06 17:30:51,951 INFO  - I have no neighbours to send! (at simulation time 596.000,000,000 s)
2025-06-06 17:30:51,951 INFO  - I have no neighbours to send! (at simulation time 596.000,000,000 s)
2025-06-06 17:30:51,951 INFO  - I have no neighbours to send! (at simulation time 596.000,000,000 s)
2025-06-06 17:30:51,951 INFO  - I have no neighbours to send! (at simulation time 596.000,000,000 s)
2025-06-06 17:30:51,951 INFO  - I have no neighbours to send! (at simulation time 596.000,000,000 s)
2025-06-06 17:30:51,951 INFO  - I have no neighbours to send! (at simulation time 596.000,000,000 s)
2025-06-06 17:30:51,951 INFO  - I have no neighbours to send! (at simulation time 596.000,000,000 s)
2025-06-06 17:30:51,951 INFO  - I have no neighbours to send! (at simulation time 596.000,000,000 s)
2025-06-06 17:30:51,951 INFO  - I have no neighbours to send! (at simulation time 596.000,000,000 s)
2025-06-06 17:30:51,951 INFO  - I have no neighbours to send! (at simulation time 596.000,000,000 s)
2025-06-06 17:30:51,951 INFO  - I have no neighbours to send! (at simulation time 596.000,000,000 s)
2025-06-06 17:30:51,951 INFO  - I have no neighbours to send! (at simulation time 596.000,000,000 s)
2025-06-06 17:30:51,951 INFO  - I have no neighbours to send! (at simulation time 596.000,000,000 s)
2025-06-06 17:30:51,951 INFO  - I have no neighbours to send! (at simulation time 596.000,000,000 s)
2025-06-06 17:30:51,951 INFO  - I have no neighbours to send! (at simulation time 596.000,000,000 s)
2025-06-06 17:30:51,951 INFO  - I have no neighbours to send! (at simulation time 596.000,000,000 s)
2025-06-06 17:30:51,952 INFO  - I have no neighbours to send! (at simulation time 596.000,000,000 s)
2025-06-06 17:30:51,952 INFO  - I have no neighbours to send! (at simulation time 596.000,000,000 s)
2025-06-06 17:30:51,952 INFO  - I have no neighbours to send! (at simulation time 596.000,000,000 s)
2025-06-06 17:30:51,954 INFO  - Sent periodic GreenWaveMsg: veh_110 on route r_0 (at simulation time 597.000,000,000 s)
2025-06-06 17:30:51,954 INFO  - I have no neighbours to send! (at simulation time 597.000,000,000 s)
2025-06-06 17:30:51,954 INFO  - I have no neighbours to send! (at simulation time 597.000,000,000 s)
2025-06-06 17:30:51,954 INFO  - I have no neighbours to send! (at simulation time 597.000,000,000 s)
2025-06-06 17:30:51,954 INFO  - I have no neighbours to send! (at simulation time 597.000,000,000 s)
2025-06-06 17:30:51,954 INFO  - I have no neighbours to send! (at simulation time 597.000,000,000 s)
2025-06-06 17:30:51,954 INFO  - I have no neighbours to send! (at simulation time 597.000,000,000 s)
2025-06-06 17:30:51,954 INFO  - I have no neighbours to send! (at simulation time 597.000,000,000 s)
2025-06-06 17:30:51,954 INFO  - I have no neighbours to send! (at simulation time 597.000,000,000 s)
2025-06-06 17:30:51,954 INFO  - I have no neighbours to send! (at simulation time 597.000,000,000 s)
2025-06-06 17:30:51,954 INFO  - I have no neighbours to send! (at simulation time 597.000,000,000 s)
2025-06-06 17:30:51,954 INFO  - I have no neighbours to send! (at simulation time 597.000,000,000 s)
2025-06-06 17:30:51,954 INFO  - I have no neighbours to send! (at simulation time 597.000,000,000 s)
2025-06-06 17:30:51,954 INFO  - I have no neighbours to send! (at simulation time 597.000,000,000 s)
2025-06-06 17:30:51,954 INFO  - I have no neighbours to send! (at simulation time 597.000,000,000 s)
2025-06-06 17:30:51,954 INFO  - I have no neighbours to send! (at simulation time 597.000,000,000 s)
2025-06-06 17:30:51,955 INFO  - I have no neighbours to send! (at simulation time 597.000,000,000 s)
2025-06-06 17:30:51,955 INFO  - I have no neighbours to send! (at simulation time 597.000,000,000 s)
2025-06-06 17:30:51,955 INFO  - I have no neighbours to send! (at simulation time 597.000,000,000 s)
2025-06-06 17:30:51,955 INFO  - I have no neighbours to send! (at simulation time 597.000,000,000 s)
2025-06-06 17:30:51,955 INFO  - I have no neighbours to send! (at simulation time 597.000,000,000 s)
2025-06-06 17:30:51,955 INFO  - I have no neighbours to send! (at simulation time 597.000,000,000 s)
2025-06-06 17:30:51,955 INFO  - I have no neighbours to send! (at simulation time 597.000,000,000 s)
2025-06-06 17:30:51,955 INFO  - I have no neighbours to send! (at simulation time 597.000,000,000 s)
2025-06-06 17:30:51,955 INFO  - I have no neighbours to send! (at simulation time 597.000,000,000 s)
2025-06-06 17:30:51,955 INFO  - I have no neighbours to send! (at simulation time 597.000,000,000 s)
2025-06-06 17:30:51,955 INFO  - I have no neighbours to send! (at simulation time 597.000,000,000 s)
2025-06-06 17:30:51,957 INFO  - I have no neighbours to send! (at simulation time 598.000,000,000 s)
2025-06-06 17:30:51,957 INFO  - I have no neighbours to send! (at simulation time 598.000,000,000 s)
2025-06-06 17:30:51,957 INFO  - I have no neighbours to send! (at simulation time 598.000,000,000 s)
2025-06-06 17:30:51,957 INFO  - I have no neighbours to send! (at simulation time 598.000,000,000 s)
2025-06-06 17:30:51,957 INFO  - I have no neighbours to send! (at simulation time 598.000,000,000 s)
2025-06-06 17:30:51,957 INFO  - I have no neighbours to send! (at simulation time 598.000,000,000 s)
2025-06-06 17:30:51,957 INFO  - I have no neighbours to send! (at simulation time 598.000,000,000 s)
2025-06-06 17:30:51,957 INFO  - I have no neighbours to send! (at simulation time 598.000,000,000 s)
2025-06-06 17:30:51,957 INFO  - I have no neighbours to send! (at simulation time 598.000,000,000 s)
2025-06-06 17:30:51,957 INFO  - I have no neighbours to send! (at simulation time 598.000,000,000 s)
2025-06-06 17:30:51,957 INFO  - I have no neighbours to send! (at simulation time 598.000,000,000 s)
2025-06-06 17:30:51,957 INFO  - I have no neighbours to send! (at simulation time 598.000,000,000 s)
2025-06-06 17:30:51,957 INFO  - I have no neighbours to send! (at simulation time 598.000,000,000 s)
2025-06-06 17:30:51,957 INFO  - I have no neighbours to send! (at simulation time 598.000,000,000 s)
2025-06-06 17:30:51,957 INFO  - I have no neighbours to send! (at simulation time 598.000,000,000 s)
2025-06-06 17:30:51,957 INFO  - I have no neighbours to send! (at simulation time 598.000,000,000 s)
2025-06-06 17:30:51,958 INFO  - I have no neighbours to send! (at simulation time 598.000,000,000 s)
2025-06-06 17:30:51,958 INFO  - I have no neighbours to send! (at simulation time 598.000,000,000 s)
2025-06-06 17:30:51,958 INFO  - I have no neighbours to send! (at simulation time 598.000,000,000 s)
2025-06-06 17:30:51,958 INFO  - I have no neighbours to send! (at simulation time 598.000,000,000 s)
2025-06-06 17:30:51,958 INFO  - I have no neighbours to send! (at simulation time 598.000,000,000 s)
2025-06-06 17:30:51,958 INFO  - I have no neighbours to send! (at simulation time 598.000,000,000 s)
2025-06-06 17:30:51,958 INFO  - I have no neighbours to send! (at simulation time 598.000,000,000 s)
2025-06-06 17:30:51,958 INFO  - I have no neighbours to send! (at simulation time 598.000,000,000 s)
2025-06-06 17:30:51,958 INFO  - I have no neighbours to send! (at simulation time 598.000,000,000 s)
2025-06-06 17:30:51,958 INFO  - I have no neighbours to send! (at simulation time 598.000,000,000 s)
2025-06-06 17:30:51,958 INFO  - I have no neighbours to send! (at simulation time 598.000,000,000 s)
2025-06-06 17:30:51,959 INFO  - I have no neighbours to send! (at simulation time 599.000,000,000 s)
2025-06-06 17:30:51,960 INFO  - I have no neighbours to send! (at simulation time 599.000,000,000 s)
2025-06-06 17:30:51,960 INFO  - I have no neighbours to send! (at simulation time 599.000,000,000 s)
2025-06-06 17:30:51,960 INFO  - I have no neighbours to send! (at simulation time 599.000,000,000 s)
2025-06-06 17:30:51,960 INFO  - I have no neighbours to send! (at simulation time 599.000,000,000 s)
2025-06-06 17:30:51,960 INFO  - I have no neighbours to send! (at simulation time 599.000,000,000 s)
2025-06-06 17:30:51,960 INFO  - I have no neighbours to send! (at simulation time 599.000,000,000 s)
2025-06-06 17:30:51,960 INFO  - I have no neighbours to send! (at simulation time 599.000,000,000 s)
2025-06-06 17:30:51,960 INFO  - I have no neighbours to send! (at simulation time 599.000,000,000 s)
2025-06-06 17:30:51,960 INFO  - I have no neighbours to send! (at simulation time 599.000,000,000 s)
2025-06-06 17:30:51,960 INFO  - I have no neighbours to send! (at simulation time 599.000,000,000 s)
2025-06-06 17:30:51,960 INFO  - I have no neighbours to send! (at simulation time 599.000,000,000 s)
2025-06-06 17:30:51,960 INFO  - I have no neighbours to send! (at simulation time 599.000,000,000 s)
2025-06-06 17:30:51,960 INFO  - I have no neighbours to send! (at simulation time 599.000,000,000 s)
2025-06-06 17:30:51,960 INFO  - I have no neighbours to send! (at simulation time 599.000,000,000 s)
2025-06-06 17:30:51,960 INFO  - I have no neighbours to send! (at simulation time 599.000,000,000 s)
2025-06-06 17:30:51,960 INFO  - I have no neighbours to send! (at simulation time 599.000,000,000 s)
2025-06-06 17:30:51,960 INFO  - I have no neighbours to send! (at simulation time 599.000,000,000 s)
2025-06-06 17:30:51,960 INFO  - I have no neighbours to send! (at simulation time 599.000,000,000 s)
2025-06-06 17:30:51,960 INFO  - I have no neighbours to send! (at simulation time 599.000,000,000 s)
2025-06-06 17:30:51,960 INFO  - I have no neighbours to send! (at simulation time 599.000,000,000 s)
2025-06-06 17:30:51,960 INFO  - I have no neighbours to send! (at simulation time 599.000,000,000 s)
2025-06-06 17:30:51,960 INFO  - I have no neighbours to send! (at simulation time 599.000,000,000 s)
2025-06-06 17:30:51,960 INFO  - I have no neighbours to send! (at simulation time 599.000,000,000 s)
2025-06-06 17:30:51,961 INFO  - I have no neighbours to send! (at simulation time 599.000,000,000 s)
2025-06-06 17:30:51,961 INFO  - I have no neighbours to send! (at simulation time 599.000,000,000 s)
2025-06-06 17:30:51,961 INFO  - I have no neighbours to send! (at simulation time 599.000,000,000 s)
2025-06-06 17:30:51,961 INFO  - I have no neighbours to send! (at simulation time 599.000,000,000 s)
2025-06-06 17:30:51,965 INFO  - Received metrics from FogNode: avgR0=1.35, avgR1=2.0833333333333335 (at simulation time 600.004,800,000 s)
2025-06-06 17:30:51,969 INFO  - Sent periodic GreenWaveMsg: veh_110 on route r_0 (at simulation time 602.000,000,000 s)
2025-06-06 17:30:51,989 INFO  - Sent periodic GreenWaveMsg: veh_110 on route r_0 (at simulation time 607.000,000,000 s)
2025-06-06 17:30:52,001 INFO  - Received metrics from FogNode: avgR0=1.3278688524590163, avgR1=2.098360655737705 (at simulation time 610.003,300,000 s)
2025-06-06 17:30:52,006 INFO  - Sent periodic GreenWaveMsg: veh_110 on route r_0 (at simulation time 612.000,000,000 s)
2025-06-06 17:30:52,025 INFO  - Sent periodic GreenWaveMsg: veh_110 on route r_0 (at simulation time 617.000,000,000 s)
2025-06-06 17:30:52,040 INFO  - Received metrics from FogNode: avgR0=1.3064516129032258, avgR1=2.064516129032258 (at simulation time 620.003,300,000 s)
2025-06-06 17:30:52,045 INFO  - Sent periodic GreenWaveMsg: veh_110 on route r_0 (at simulation time 622.000,000,000 s)
2025-06-06 17:30:52,068 INFO  - Sent periodic GreenWaveMsg: veh_110 on route r_0 (at simulation time 627.000,000,000 s)
2025-06-06 17:30:52,084 INFO  - Received metrics from FogNode: avgR0=1.3015873015873016, avgR1=2.0952380952380953 (at simulation time 630.002,300,000 s)
2025-06-06 17:30:52,089 INFO  - Sent periodic GreenWaveMsg: veh_110 on route r_0 (at simulation time 632.000,000,000 s)
2025-06-06 17:30:52,117 INFO  - Sent periodic GreenWaveMsg: veh_110 on route r_0 (at simulation time 637.000,000,000 s)
2025-06-06 17:30:52,137 INFO  - Received metrics from FogNode: avgR0=1.328125, avgR1=2.125 (at simulation time 640.002,300,000 s)
2025-06-06 17:30:52,145 INFO  - Sent periodic GreenWaveMsg: veh_110 on route r_0 (at simulation time 642.000,000,000 s)
2025-06-06 17:30:52,177 INFO  - Sent periodic GreenWaveMsg: veh_110 on route r_0 (at simulation time 647.000,000,000 s)
2025-06-06 17:30:52,201 INFO  - Received metrics from FogNode: avgR0=1.353846153846154, avgR1=2.1076923076923078 (at simulation time 650.002,300,000 s)
2025-06-06 17:30:52,208 INFO  - Sent periodic GreenWaveMsg: veh_110 on route r_0 (at simulation time 652.000,000,000 s)
2025-06-06 17:30:52,241 INFO  - Sent periodic GreenWaveMsg: veh_110 on route r_0 (at simulation time 657.000,000,000 s)
2025-06-06 17:30:52,262 INFO  - Received metrics from FogNode: avgR0=1.3333333333333333, avgR1=2.090909090909091 (at simulation time 660.000,800,000 s)
2025-06-06 17:30:52,268 INFO  - Sent periodic GreenWaveMsg: veh_110 on route r_0 (at simulation time 662.000,000,000 s)
2025-06-06 17:30:52,294 INFO  - Sent periodic GreenWaveMsg: veh_110 on route r_0 (at simulation time 667.000,000,000 s)
2025-06-06 17:30:52,309 INFO  - Shutdown application (at simulation time 670.000,000,000 s)
