2025-06-04 14:59:24,143 INFO  - Initialize veh_16 application (at simulation time 89.000,000,000 s)
2025-06-04 14:59:24,147 INFO  - Sent InterVehicleMsg: veh_16 | CartesianPoint{x=143.94,y=749.34,z=0.00} | {:.2f} m/s (at simulation time 7.51972848259587)
2025-06-04 14:59:24,157 INFO  - Sent InterVehicleMsg: veh_16 | CartesianPoint{x=143.92,y=742.51,z=0.00} | {:.2f} m/s (at simulation time 6.833664604101555)
2025-06-04 14:59:24,166 INFO  - Sent InterVehicleMsg: veh_16 | CartesianPoint{x=143.90,y=735.49,z=0.00} | {:.2f} m/s (at simulation time 7.014092844177262)
2025-06-04 14:59:24,175 INFO  - Sent InterVehicleMsg: veh_16 | CartesianPoint{x=143.88,y=728.65,z=0.00} | {:.2f} m/s (at simulation time 6.847253603336626)
2025-06-04 14:59:24,184 INFO  - Sent InterVehicleMsg: veh_16 | CartesianPoint{x=143.86,y=722.11,z=0.00} | {:.2f} m/s (at simulation time 6.5339138903303455)
2025-06-04 14:59:24,194 INFO  - Sent InterVehicleMsg: veh_16 | CartesianPoint{x=143.83,y=714.78,z=0.00} | {:.2f} m/s (at simulation time 7.332187022699268)
2025-06-04 14:59:24,204 INFO  - Sent InterVehicleMsg: veh_16 | CartesianPoint{x=140.61,y=707.59,z=0.00} | {:.2f} m/s (at simulation time 7.197062706516349)
2025-06-04 14:59:24,215 INFO  - Sent InterVehicleMsg: veh_16 | CartesianPoint{x=140.58,y=700.73,z=0.00} | {:.2f} m/s (at simulation time 6.863637970725299)
2025-06-04 14:59:24,223 INFO  - Sent InterVehicleMsg: veh_16 | CartesianPoint{x=140.56,y=693.46,z=0.00} | {:.2f} m/s (at simulation time 7.267582049185635)
2025-06-04 14:59:24,231 INFO  - Sent InterVehicleMsg: veh_16 | CartesianPoint{x=140.53,y=685.98,z=0.00} | {:.2f} m/s (at simulation time 7.482122222112716)
2025-06-04 14:59:24,246 INFO  - Sent InterVehicleMsg: veh_16 | CartesianPoint{x=140.51,y=679.28,z=0.00} | {:.2f} m/s (at simulation time 6.697589106543214)
2025-06-04 14:59:24,254 INFO  - Sent InterVehicleMsg: veh_16 | CartesianPoint{x=140.49,y=672.84,z=0.00} | {:.2f} m/s (at simulation time 6.440816066541934)
2025-06-04 14:59:24,262 INFO  - Sent InterVehicleMsg: veh_16 | CartesianPoint{x=140.47,y=665.53,z=0.00} | {:.2f} m/s (at simulation time 7.30994363449257)
2025-06-04 14:59:24,270 INFO  - Sent InterVehicleMsg: veh_16 | CartesianPoint{x=140.45,y=658.85,z=0.00} | {:.2f} m/s (at simulation time 6.688416109571458)
2025-06-04 14:59:24,279 INFO  - Sent InterVehicleMsg: veh_16 | CartesianPoint{x=140.44,y=651.75,z=0.00} | {:.2f} m/s (at simulation time 7.0971721115636095)
2025-06-04 14:59:24,288 INFO  - Sent InterVehicleMsg: veh_16 | CartesianPoint{x=140.42,y=644.71,z=0.00} | {:.2f} m/s (at simulation time 7.035502483823562)
2025-06-04 14:59:24,297 INFO  - Sent InterVehicleMsg: veh_16 | CartesianPoint{x=140.41,y=638.45,z=0.00} | {:.2f} m/s (at simulation time 6.260740827733875)
2025-06-04 14:59:24,304 INFO  - Sent InterVehicleMsg: veh_16 | CartesianPoint{x=140.39,y=632.12,z=0.00} | {:.2f} m/s (at simulation time 6.336054268514031)
2025-06-04 14:59:24,310 INFO  - Sent InterVehicleMsg: veh_16 | CartesianPoint{x=140.37,y=624.87,z=0.00} | {:.2f} m/s (at simulation time 7.246372776629628)
2025-06-04 14:59:24,318 INFO  - Sent InterVehicleMsg: veh_16 | CartesianPoint{x=140.36,y=617.55,z=0.00} | {:.2f} m/s (at simulation time 7.321447521366403)
2025-06-04 14:59:24,332 INFO  - Sent InterVehicleMsg: veh_16 | CartesianPoint{x=140.34,y=610.17,z=0.00} | {:.2f} m/s (at simulation time 7.377558416954466)
2025-06-04 14:59:24,340 INFO  - Sent InterVehicleMsg: veh_16 | CartesianPoint{x=140.31,y=603.07,z=0.00} | {:.2f} m/s (at simulation time 7.100873006984816)
2025-06-04 14:59:24,348 INFO  - Sent InterVehicleMsg: veh_16 | CartesianPoint{x=140.28,y=596.44,z=0.00} | {:.2f} m/s (at simulation time 6.6319627042042475)
2025-06-04 14:59:24,356 INFO  - Sent InterVehicleMsg: veh_16 | CartesianPoint{x=140.24,y=589.43,z=0.00} | {:.2f} m/s (at simulation time 7.011949142382705)
2025-06-04 14:59:24,364 INFO  - Sent InterVehicleMsg: veh_16 | CartesianPoint{x=140.21,y=582.68,z=0.00} | {:.2f} m/s (at simulation time 6.7487564497974155)
2025-06-04 14:59:24,375 INFO  - Sent InterVehicleMsg: veh_16 | CartesianPoint{x=140.17,y=576.17,z=0.00} | {:.2f} m/s (at simulation time 6.509424404648358)
2025-06-04 14:59:24,384 INFO  - Sent InterVehicleMsg: veh_16 | CartesianPoint{x=140.14,y=569.54,z=0.00} | {:.2f} m/s (at simulation time 6.632066257938036)
2025-06-04 14:59:24,393 INFO  - Sent InterVehicleMsg: veh_16 | CartesianPoint{x=140.10,y=562.67,z=0.00} | {:.2f} m/s (at simulation time 6.872794824570642)
2025-06-04 14:59:24,401 INFO  - Sent InterVehicleMsg: veh_16 | CartesianPoint{x=140.07,y=555.75,z=0.00} | {:.2f} m/s (at simulation time 6.919590896798523)
2025-06-04 14:59:24,410 INFO  - Sent InterVehicleMsg: veh_16 | CartesianPoint{x=140.03,y=548.62,z=0.00} | {:.2f} m/s (at simulation time 7.1318358809102715)
2025-06-04 14:59:24,419 INFO  - Sent InterVehicleMsg: veh_16 | CartesianPoint{x=140.00,y=542.40,z=0.00} | {:.2f} m/s (at simulation time 6.218013228895591)
2025-06-04 14:59:24,436 INFO  - Sent InterVehicleMsg: veh_16 | CartesianPoint{x=139.98,y=538.61,z=0.00} | {:.2f} m/s (at simulation time 3.7914139889185194)
2025-06-04 14:59:24,446 INFO  - Sent InterVehicleMsg: veh_16 | CartesianPoint{x=139.98,y=538.30,z=0.00} | {:.2f} m/s (at simulation time 0.30507833436948656)
2025-06-04 14:59:24,455 INFO  - Sent InterVehicleMsg: veh_16 | CartesianPoint{x=139.98,y=538.21,z=0.00} | {:.2f} m/s (at simulation time 0.0937212968288488)
2025-06-04 14:59:24,464 INFO  - Sent InterVehicleMsg: veh_16 | CartesianPoint{x=139.98,y=538.19,z=0.00} | {:.2f} m/s (at simulation time 0.016968149460932877)
2025-06-04 14:59:24,476 INFO  - Sent InterVehicleMsg: veh_16 | CartesianPoint{x=139.98,y=538.19,z=0.00} | {:.2f} m/s (at simulation time 0.0011418568406599107)
2025-06-04 14:59:24,487 INFO  - Sent InterVehicleMsg: veh_16 | CartesianPoint{x=139.98,y=538.19,z=0.00} | {:.2f} m/s (at simulation time 1.6585199776257943E-4)
2025-06-04 14:59:24,508 INFO  - Sent InterVehicleMsg: veh_16 | CartesianPoint{x=139.98,y=538.19,z=0.00} | {:.2f} m/s (at simulation time 1.0931281872834781E-4)
2025-06-04 14:59:25,297 INFO  - Sent InterVehicleMsg: veh_16 | CartesianPoint{x=139.96,y=536.21,z=0.00} | {:.2f} m/s (at simulation time 1.985350594087504)
2025-06-04 14:59:25,306 INFO  - Sent InterVehicleMsg: veh_16 | CartesianPoint{x=139.93,y=532.17,z=0.00} | {:.2f} m/s (at simulation time 4.03813214681577)
2025-06-04 14:59:25,316 INFO  - Sent InterVehicleMsg: veh_16 | CartesianPoint{x=139.88,y=525.80,z=0.00} | {:.2f} m/s (at simulation time 6.372848058538513)
2025-06-04 14:59:25,417 INFO  - Sent InterVehicleMsg: veh_16 | CartesianPoint{x=139.82,y=519.15,z=0.00} | {:.2f} m/s (at simulation time 6.647705915185847)
2025-06-04 14:59:25,426 INFO  - Sent InterVehicleMsg: veh_16 | CartesianPoint{x=139.74,y=511.76,z=0.00} | {:.2f} m/s (at simulation time 7.3888605601501105)
2025-06-04 14:59:25,441 INFO  - Sent InterVehicleMsg: veh_16 | CartesianPoint{x=139.68,y=504.69,z=0.00} | {:.2f} m/s (at simulation time 7.070614432415218)
2025-06-04 14:59:25,449 INFO  - Sent InterVehicleMsg: veh_16 | CartesianPoint{x=139.61,y=497.91,z=0.00} | {:.2f} m/s (at simulation time 6.769984146777765)
2025-06-04 14:59:25,459 INFO  - Sent InterVehicleMsg: veh_16 | CartesianPoint{x=139.55,y=491.08,z=0.00} | {:.2f} m/s (at simulation time 6.825897351873332)
2025-06-04 14:59:25,466 INFO  - Sent InterVehicleMsg: veh_16 | CartesianPoint{x=139.49,y=484.74,z=0.00} | {:.2f} m/s (at simulation time 6.333172934141235)
2025-06-04 14:59:25,474 INFO  - Sent InterVehicleMsg: veh_16 | CartesianPoint{x=139.42,y=477.35,z=0.00} | {:.2f} m/s (at simulation time 7.390205576119238)
2025-06-04 14:59:25,481 INFO  - Sent InterVehicleMsg: veh_16 | CartesianPoint{x=139.36,y=471.09,z=0.00} | {:.2f} m/s (at simulation time 6.251491483102777)
2025-06-04 14:59:25,487 INFO  - Sent InterVehicleMsg: veh_16 | CartesianPoint{x=139.29,y=464.15,z=0.00} | {:.2f} m/s (at simulation time 6.939773527474367)
2025-06-04 14:59:25,493 INFO  - Sent InterVehicleMsg: veh_16 | CartesianPoint{x=139.22,y=456.98,z=0.00} | {:.2f} m/s (at simulation time 7.166931979369597)
2025-06-04 14:59:25,500 INFO  - Sent InterVehicleMsg: veh_16 | CartesianPoint{x=139.19,y=449.71,z=0.00} | {:.2f} m/s (at simulation time 7.257707932509707)
2025-06-04 14:59:25,506 INFO  - Sent InterVehicleMsg: veh_16 | CartesianPoint{x=139.18,y=442.43,z=0.00} | {:.2f} m/s (at simulation time 7.27738810890563)
2025-06-04 14:59:25,519 INFO  - Sent InterVehicleMsg: veh_16 | CartesianPoint{x=139.16,y=435.96,z=0.00} | {:.2f} m/s (at simulation time 6.461039012053275)
2025-06-04 14:59:25,525 INFO  - Sent InterVehicleMsg: veh_16 | CartesianPoint{x=139.15,y=428.98,z=0.00} | {:.2f} m/s (at simulation time 6.978768925566451)
2025-06-04 14:59:25,601 INFO  - Sent InterVehicleMsg: veh_16 | CartesianPoint{x=139.13,y=421.65,z=0.00} | {:.2f} m/s (at simulation time 7.3271500915170105)
2025-06-04 14:59:25,607 INFO  - Sent InterVehicleMsg: veh_16 | CartesianPoint{x=139.12,y=414.20,z=0.00} | {:.2f} m/s (at simulation time 7.438879330886753)
2025-06-04 14:59:25,614 INFO  - Sent InterVehicleMsg: veh_16 | CartesianPoint{x=139.11,y=407.88,z=0.00} | {:.2f} m/s (at simulation time 6.318638484773451)
2025-06-04 14:59:25,620 INFO  - Sent InterVehicleMsg: veh_16 | CartesianPoint{x=139.09,y=401.09,z=0.00} | {:.2f} m/s (at simulation time 6.785426411067361)
2025-06-04 14:59:25,627 INFO  - Sent InterVehicleMsg: veh_16 | CartesianPoint{x=139.08,y=394.62,z=0.00} | {:.2f} m/s (at simulation time 6.466342998563537)
2025-06-04 14:59:25,632 INFO  - Sent InterVehicleMsg: veh_16 | CartesianPoint{x=139.06,y=387.50,z=0.00} | {:.2f} m/s (at simulation time 7.1121298020819586)
2025-06-04 14:59:25,640 INFO  - Sent InterVehicleMsg: veh_16 | CartesianPoint{x=139.05,y=381.15,z=0.00} | {:.2f} m/s (at simulation time 6.351087543333174)
2025-06-04 14:59:25,649 INFO  - Sent InterVehicleMsg: veh_16 | CartesianPoint{x=139.03,y=373.65,z=0.00} | {:.2f} m/s (at simulation time 7.486508262098992)
2025-06-04 14:59:25,658 INFO  - Sent InterVehicleMsg: veh_16 | CartesianPoint{x=139.02,y=366.49,z=0.00} | {:.2f} m/s (at simulation time 7.157501341926158)
2025-06-04 14:59:25,672 INFO  - Sent InterVehicleMsg: veh_16 | CartesianPoint{x=139.00,y=359.18,z=0.00} | {:.2f} m/s (at simulation time 7.310445359011405)
2025-06-04 14:59:25,682 INFO  - Sent InterVehicleMsg: veh_16 | CartesianPoint{x=138.96,y=352.87,z=0.00} | {:.2f} m/s (at simulation time 6.295999771274851)
2025-06-04 14:59:25,697 INFO  - Sent InterVehicleMsg: veh_16 | CartesianPoint{x=138.91,y=346.42,z=0.00} | {:.2f} m/s (at simulation time 6.450743439295085)
2025-06-04 14:59:25,709 INFO  - Sent InterVehicleMsg: veh_16 | CartesianPoint{x=138.85,y=339.89,z=0.00} | {:.2f} m/s (at simulation time 6.529156802698458)
2025-06-04 14:59:25,721 INFO  - Sent InterVehicleMsg: veh_16 | CartesianPoint{x=138.79,y=332.83,z=0.00} | {:.2f} m/s (at simulation time 7.0469432287242295)
2025-06-04 14:59:25,800 INFO  - Sent InterVehicleMsg: veh_16 | CartesianPoint{x=138.73,y=325.72,z=0.00} | {:.2f} m/s (at simulation time 7.106879268327246)
2025-06-04 14:59:25,809 INFO  - Sent InterVehicleMsg: veh_16 | CartesianPoint{x=138.67,y=319.06,z=0.00} | {:.2f} m/s (at simulation time 6.658044425935779)
2025-06-04 14:59:25,819 INFO  - Sent InterVehicleMsg: veh_16 | CartesianPoint{x=138.62,y=312.64,z=0.00} | {:.2f} m/s (at simulation time 6.412442618368886)
2025-06-04 14:59:25,826 INFO  - Sent InterVehicleMsg: veh_16 | CartesianPoint{x=138.56,y=306.35,z=0.00} | {:.2f} m/s (at simulation time 6.289257544616462)
2025-06-04 14:59:25,833 INFO  - Sent InterVehicleMsg: veh_16 | CartesianPoint{x=138.50,y=299.42,z=0.00} | {:.2f} m/s (at simulation time 6.924557884724104)
2025-06-04 14:59:25,865 INFO  - Sent InterVehicleMsg: veh_16 | CartesianPoint{x=138.45,y=292.98,z=0.00} | {:.2f} m/s (at simulation time 6.439601155987234)
2025-06-04 14:59:25,872 INFO  - Sent InterVehicleMsg: veh_16 | CartesianPoint{x=138.38,y=285.95,z=0.00} | {:.2f} m/s (at simulation time 7.019222390244009)
2025-06-04 14:59:25,878 INFO  - Sent InterVehicleMsg: veh_16 | CartesianPoint{x=138.32,y=278.64,z=0.00} | {:.2f} m/s (at simulation time 7.310316052671746)
2025-06-04 14:59:25,886 INFO  - Sent InterVehicleMsg: veh_16 | CartesianPoint{x=138.27,y=272.29,z=0.00} | {:.2f} m/s (at simulation time 6.3464184259644165)
2025-06-04 14:59:25,893 INFO  - Sent InterVehicleMsg: veh_16 | CartesianPoint{x=138.21,y=265.47,z=0.00} | {:.2f} m/s (at simulation time 6.8134005074503285)
2025-06-04 14:59:25,900 INFO  - Sent InterVehicleMsg: veh_16 | CartesianPoint{x=138.14,y=257.99,z=0.00} | {:.2f} m/s (at simulation time 7.473250111902358)
2025-06-04 14:59:25,906 INFO  - Sent InterVehicleMsg: veh_16 | CartesianPoint{x=138.08,y=250.88,z=0.00} | {:.2f} m/s (at simulation time 7.101626367715412)
2025-06-04 14:59:25,912 INFO  - Sent InterVehicleMsg: veh_16 | CartesianPoint{x=138.03,y=244.59,z=0.00} | {:.2f} m/s (at simulation time 6.287927155953126)
2025-06-04 14:59:25,919 INFO  - Sent InterVehicleMsg: veh_16 | CartesianPoint{x=137.98,y=237.89,z=0.00} | {:.2f} m/s (at simulation time 6.691618184989543)
2025-06-04 14:59:26,001 INFO  - Sent InterVehicleMsg: veh_16 | CartesianPoint{x=137.92,y=231.08,z=0.00} | {:.2f} m/s (at simulation time 6.808892034378127)
2025-06-04 14:59:26,015 INFO  - Sent InterVehicleMsg: veh_16 | CartesianPoint{x=137.86,y=224.14,z=0.00} | {:.2f} m/s (at simulation time 6.939527795032823)
2025-06-04 14:59:26,022 INFO  - Sent InterVehicleMsg: veh_16 | CartesianPoint{x=137.81,y=217.23,z=0.00} | {:.2f} m/s (at simulation time 6.902451230922939)
2025-06-04 14:59:26,031 INFO  - Sent InterVehicleMsg: veh_16 | CartesianPoint{x=137.75,y=210.68,z=0.00} | {:.2f} m/s (at simulation time 6.545060952484833)
2025-06-04 14:59:26,040 INFO  - Sent InterVehicleMsg: veh_16 | CartesianPoint{x=137.69,y=203.32,z=0.00} | {:.2f} m/s (at simulation time 7.3501997994373)
2025-06-04 14:59:26,048 INFO  - Sent InterVehicleMsg: veh_16 | CartesianPoint{x=137.63,y=196.60,z=0.00} | {:.2f} m/s (at simulation time 6.718189430550897)
2025-06-04 14:59:26,057 INFO  - Sent InterVehicleMsg: veh_16 | CartesianPoint{x=137.58,y=189.60,z=0.00} | {:.2f} m/s (at simulation time 6.995033719285616)
2025-06-04 14:59:26,067 INFO  - Sent InterVehicleMsg: veh_16 | CartesianPoint{x=137.52,y=182.52,z=0.00} | {:.2f} m/s (at simulation time 7.072154503746183)
2025-06-04 14:59:26,076 INFO  - Sent InterVehicleMsg: veh_16 | CartesianPoint{x=137.46,y=175.14,z=0.00} | {:.2f} m/s (at simulation time 7.3760744294731335)
2025-06-04 14:59:26,085 INFO  - Sent InterVehicleMsg: veh_16 | CartesianPoint{x=137.41,y=168.82,z=0.00} | {:.2f} m/s (at simulation time 6.320209063205161)
2025-06-04 14:59:26,095 INFO  - Sent InterVehicleMsg: veh_16 | CartesianPoint{x=137.35,y=162.54,z=0.00} | {:.2f} m/s (at simulation time 6.2694449896805375)
2025-06-04 14:59:26,109 INFO  - Sent InterVehicleMsg: veh_16 | CartesianPoint{x=137.30,y=155.95,z=0.00} | {:.2f} m/s (at simulation time 6.587133766396196)
2025-06-04 14:59:26,118 INFO  - Sent InterVehicleMsg: veh_16 | CartesianPoint{x=137.25,y=149.64,z=0.00} | {:.2f} m/s (at simulation time 6.311768775421419)
2025-06-04 14:59:26,126 INFO  - Sent InterVehicleMsg: veh_16 | CartesianPoint{x=137.19,y=142.43,z=0.00} | {:.2f} m/s (at simulation time 7.197138241783009)
2025-06-04 14:59:26,216 INFO  - Sent InterVehicleMsg: veh_16 | CartesianPoint{x=137.18,y=135.31,z=0.00} | {:.2f} m/s (at simulation time 7.1234572874496145)
2025-06-04 14:59:26,229 INFO  - Sent InterVehicleMsg: veh_16 | CartesianPoint{x=137.22,y=127.93,z=0.00} | {:.2f} m/s (at simulation time 7.370650033291654)
2025-06-04 14:59:26,242 INFO  - Sent InterVehicleMsg: veh_16 | CartesianPoint{x=137.26,y=120.58,z=0.00} | {:.2f} m/s (at simulation time 7.349255813064278)
2025-06-04 14:59:26,260 INFO  - Sent InterVehicleMsg: veh_16 | CartesianPoint{x=137.30,y=113.09,z=0.00} | {:.2f} m/s (at simulation time 7.478554915345499)
2025-06-04 14:59:26,273 INFO  - Sent InterVehicleMsg: veh_16 | CartesianPoint{x=137.34,y=106.02,z=0.00} | {:.2f} m/s (at simulation time 7.069344468938412)
2025-06-04 14:59:26,284 INFO  - Sent InterVehicleMsg: veh_16 | CartesianPoint{x=137.38,y=98.69,z=0.00} | {:.2f} m/s (at simulation time 7.320128639985101)
2025-06-04 14:59:26,297 INFO  - Sent InterVehicleMsg: veh_16 | CartesianPoint{x=137.42,y=91.45,z=0.00} | {:.2f} m/s (at simulation time 7.232359663920702)
2025-06-04 14:59:26,311 INFO  - Sent InterVehicleMsg: veh_16 | CartesianPoint{x=137.46,y=84.74,z=0.00} | {:.2f} m/s (at simulation time 6.706859940837362)
2025-06-04 14:59:26,330 INFO  - Sent InterVehicleMsg: veh_16 | CartesianPoint{x=137.50,y=78.47,z=0.00} | {:.2f} m/s (at simulation time 6.269456509675124)
2025-06-04 14:59:26,371 INFO  - Sent InterVehicleMsg: veh_16 | CartesianPoint{x=139.74,y=72.18,z=0.00} | {:.2f} m/s (at simulation time 6.8663315394774465)
2025-06-04 14:59:26,381 INFO  - Sent InterVehicleMsg: veh_16 | CartesianPoint{x=143.20,y=66.43,z=0.00} | {:.2f} m/s (at simulation time 6.7346795597227676)
2025-06-04 14:59:26,393 INFO  - Sent InterVehicleMsg: veh_16 | CartesianPoint{x=147.85,y=62.08,z=0.00} | {:.2f} m/s (at simulation time 6.362689524201901)
2025-06-04 14:59:26,404 INFO  - Sent InterVehicleMsg: veh_16 | CartesianPoint{x=152.64,y=57.60,z=0.00} | {:.2f} m/s (at simulation time 6.553565595752785)
2025-06-04 14:59:26,416 INFO  - Sent InterVehicleMsg: veh_16 | CartesianPoint{x=157.13,y=52.77,z=0.00} | {:.2f} m/s (at simulation time 6.595604866987319)
2025-06-04 14:59:26,430 INFO  - Sent InterVehicleMsg: veh_16 | CartesianPoint{x=161.61,y=47.85,z=0.00} | {:.2f} m/s (at simulation time 6.645017359719836)
2025-06-04 14:59:26,447 INFO  - Sent InterVehicleMsg: veh_16 | CartesianPoint{x=166.10,y=42.92,z=0.00} | {:.2f} m/s (at simulation time 6.666216979815849)
2025-06-04 14:59:26,459 INFO  - Sent InterVehicleMsg: veh_16 | CartesianPoint{x=170.80,y=37.74,z=0.00} | {:.2f} m/s (at simulation time 6.994125040818231)
2025-06-04 14:59:26,475 INFO  - Sent InterVehicleMsg: veh_16 | CartesianPoint{x=175.18,y=32.93,z=0.00} | {:.2f} m/s (at simulation time 6.498649117175715)
2025-06-04 14:59:26,500 INFO  - Sent InterVehicleMsg: veh_16 | CartesianPoint{x=180.15,y=27.46,z=0.00} | {:.2f} m/s (at simulation time 7.379530404542797)
2025-06-04 14:59:26,512 INFO  - Sent InterVehicleMsg: veh_16 | CartesianPoint{x=184.70,y=22.46,z=0.00} | {:.2f} m/s (at simulation time 6.758291578374097)
2025-06-04 14:59:26,607 INFO  - Sent InterVehicleMsg: veh_16 | CartesianPoint{x=189.55,y=17.12,z=0.00} | {:.2f} m/s (at simulation time 7.208352047565618)
2025-06-04 14:59:26,619 INFO  - Sent InterVehicleMsg: veh_16 | CartesianPoint{x=194.06,y=12.16,z=0.00} | {:.2f} m/s (at simulation time 6.695981000957304)
2025-06-04 14:59:26,627 INFO  - Sent InterVehicleMsg: veh_16 | CartesianPoint{x=195.59,y=5.88,z=0.00} | {:.2f} m/s (at simulation time 6.463516440766157)
2025-06-04 14:59:26,636 INFO  - Sent InterVehicleMsg: veh_16 | CartesianPoint{x=197.15,y=-0.61,z=0.00} | {:.2f} m/s (at simulation time 6.674034989031257)
2025-06-04 14:59:26,644 INFO  - Shutdown application (at simulation time 249.000,000,000 s)
