2025-05-28 00:33:59,321 INFO  - ------------------------------------------------------------------------------------- (at simulation time 572.000,000,000 s)
2025-05-28 00:33:59,321 INFO  - Initialize veh_111 application (at simulation time 572.000,000,000 s)
2025-05-28 00:33:59,321 INFO  - Activated AdHoc Module (at simulation time 572.000,000,000 s)
2025-05-28 00:33:59,321 INFO  - ------------------------------------------------------------------------------------- (at simulation time 572.000,000,000 s)
2025-05-28 00:33:59,322 INFO  - Sent message to others cars = 'veh_111 | CartesianPoint{x=-0.01,y=528.94,z=0.00}' (at simulation time 572.000,000,000 s)
2025-05-28 00:33:59,388 INFO  - Received event: 572000 (at simulation time IntraVehicleMsg)
2025-05-28 00:33:59,391 INFO  - Sent message to others cars = 'veh_111 | CartesianPoint{x=7.42,y=528.92,z=0.00}' (at simulation time 573.000,000,000 s)
2025-05-28 00:33:59,458 INFO  - Received event: 573000 (at simulation time IntraVehicleMsg)
2025-05-28 00:33:59,460 INFO  - Sent message to others cars = 'veh_111 | CartesianPoint{x=15.15,y=528.90,z=0.00}' (at simulation time 574.000,000,000 s)
2025-05-28 00:33:59,521 INFO  - Received event: 574000 (at simulation time IntraVehicleMsg)
2025-05-28 00:33:59,533 INFO  - Sent message to others cars = 'veh_111 | CartesianPoint{x=23.05,y=528.87,z=0.00}' (at simulation time 575.000,000,000 s)
2025-05-28 00:33:59,598 INFO  - Received event: 575000 (at simulation time IntraVehicleMsg)
2025-05-28 00:33:59,607 INFO  - Sent message to others cars = 'veh_111 | CartesianPoint{x=30.08,y=528.85,z=0.00}' (at simulation time 576.000,000,000 s)
2025-05-28 00:33:59,667 INFO  - Received event: 576000 (at simulation time IntraVehicleMsg)
2025-05-28 00:33:59,672 INFO  - Sent message to others cars = 'veh_111 | CartesianPoint{x=37.66,y=528.83,z=0.00}' (at simulation time 577.000,000,000 s)
2025-05-28 00:33:59,730 INFO  - Received event: 577000 (at simulation time IntraVehicleMsg)
2025-05-28 00:33:59,733 INFO  - Sent message to others cars = 'veh_111 | CartesianPoint{x=45.54,y=528.89,z=0.00}' (at simulation time 578.000,000,000 s)
2025-05-28 00:33:59,793 INFO  - Received event: 578000 (at simulation time IntraVehicleMsg)
2025-05-28 00:33:59,796 INFO  - Sent message to others cars = 'veh_111 | CartesianPoint{x=53.64,y=528.95,z=0.00}' (at simulation time 579.000,000,000 s)
2025-05-28 00:33:59,857 INFO  - Received event: 579000 (at simulation time IntraVehicleMsg)
2025-05-28 00:33:59,860 INFO  - Sent message to others cars = 'veh_111 | CartesianPoint{x=60.89,y=529.00,z=0.00}' (at simulation time 580.000,000,000 s)
2025-05-28 00:33:59,919 INFO  - Received event: 580000 (at simulation time IntraVehicleMsg)
2025-05-28 00:33:59,922 INFO  - Sent message to others cars = 'veh_111 | CartesianPoint{x=68.32,y=529.02,z=0.00}' (at simulation time 581.000,000,000 s)
2025-05-28 00:33:59,977 INFO  - Received event: 581000 (at simulation time IntraVehicleMsg)
2025-05-28 00:33:59,984 INFO  - Sent message to others cars = 'veh_111 | CartesianPoint{x=76.02,y=529.04,z=0.00}' (at simulation time 582.000,000,000 s)
2025-05-28 00:34:00,035 INFO  - Received event: 582000 (at simulation time IntraVehicleMsg)
2025-05-28 00:34:00,037 INFO  - Sent message to others cars = 'veh_111 | CartesianPoint{x=83.39,y=529.05,z=0.00}' (at simulation time 583.000,000,000 s)
2025-05-28 00:34:00,090 INFO  - Received event: 583000 (at simulation time IntraVehicleMsg)
2025-05-28 00:34:00,092 INFO  - Sent message to others cars = 'veh_111 | CartesianPoint{x=90.40,y=529.01,z=0.00}' (at simulation time 584.000,000,000 s)
2025-05-28 00:34:00,144 INFO  - Received event: 584000 (at simulation time IntraVehicleMsg)
2025-05-28 00:34:00,153 INFO  - Sent message to others cars = 'veh_111 | CartesianPoint{x=98.28,y=528.91,z=0.00}' (at simulation time 585.000,000,000 s)
2025-05-28 00:34:00,197 INFO  - Received event: 585000 (at simulation time IntraVehicleMsg)
2025-05-28 00:34:00,199 INFO  - Sent message to others cars = 'veh_111 | CartesianPoint{x=106.22,y=528.81,z=0.00}' (at simulation time 586.000,000,000 s)
2025-05-28 00:34:00,243 INFO  - Received event: 586000 (at simulation time IntraVehicleMsg)
2025-05-28 00:34:00,245 INFO  - Sent message to others cars = 'veh_111 | CartesianPoint{x=114.20,y=528.71,z=0.00}' (at simulation time 587.000,000,000 s)
2025-05-28 00:34:00,292 INFO  - Received event: 587000 (at simulation time IntraVehicleMsg)
2025-05-28 00:34:00,295 INFO  - Sent message to others cars = 'veh_111 | CartesianPoint{x=121.89,y=528.62,z=0.00}' (at simulation time 588.000,000,000 s)
2025-05-28 00:34:00,340 INFO  - Received event: 588000 (at simulation time IntraVehicleMsg)
2025-05-28 00:34:00,345 INFO  - Sent message to others cars = 'veh_111 | CartesianPoint{x=126.16,y=528.56,z=0.00}' (at simulation time 589.000,000,000 s)
2025-05-28 00:34:00,393 INFO  - Received event: 589000 (at simulation time IntraVehicleMsg)
2025-05-28 00:34:00,395 INFO  - Sent message to others cars = 'veh_111 | CartesianPoint{x=126.51,y=528.56,z=0.00}' (at simulation time 590.000,000,000 s)
2025-05-28 00:34:00,443 INFO  - Received event: 590000 (at simulation time IntraVehicleMsg)
2025-05-28 00:34:00,446 INFO  - Sent message to others cars = 'veh_111 | CartesianPoint{x=126.78,y=528.56,z=0.00}' (at simulation time 591.000,000,000 s)
2025-05-28 00:34:00,496 INFO  - Received event: 591000 (at simulation time IntraVehicleMsg)
2025-05-28 00:34:00,499 INFO  - Sent message to others cars = 'veh_111 | CartesianPoint{x=126.79,y=528.55,z=0.00}' (at simulation time 592.000,000,000 s)
2025-05-28 00:34:00,551 INFO  - Received event: 592000 (at simulation time IntraVehicleMsg)
2025-05-28 00:34:00,558 INFO  - Sent message to others cars = 'veh_111 | CartesianPoint{x=126.80,y=528.55,z=0.00}' (at simulation time 593.000,000,000 s)
2025-05-28 00:34:00,610 INFO  - Received event: 593000 (at simulation time IntraVehicleMsg)
2025-05-28 00:34:00,613 INFO  - Sent message to others cars = 'veh_111 | CartesianPoint{x=126.80,y=528.55,z=0.00}' (at simulation time 594.000,000,000 s)
2025-05-28 00:34:00,659 INFO  - Received event: 594000 (at simulation time IntraVehicleMsg)
2025-05-28 00:34:00,662 INFO  - Sent message to others cars = 'veh_111 | CartesianPoint{x=126.80,y=528.55,z=0.00}' (at simulation time 595.000,000,000 s)
2025-05-28 00:34:00,711 INFO  - Received event: 595000 (at simulation time IntraVehicleMsg)
2025-05-28 00:34:00,726 INFO  - Sent message to others cars = 'veh_111 | CartesianPoint{x=126.80,y=528.55,z=0.00}' (at simulation time 596.000,000,000 s)
2025-05-28 00:34:00,777 INFO  - Received event: 596000 (at simulation time IntraVehicleMsg)
2025-05-28 00:34:00,788 INFO  - Sent message to others cars = 'veh_111 | CartesianPoint{x=126.80,y=528.55,z=0.00}' (at simulation time 597.000,000,000 s)
2025-05-28 00:34:00,841 INFO  - Received event: 597000 (at simulation time IntraVehicleMsg)
2025-05-28 00:34:00,846 INFO  - Sent message to others cars = 'veh_111 | CartesianPoint{x=126.80,y=528.55,z=0.00}' (at simulation time 598.000,000,000 s)
2025-05-28 00:34:00,898 INFO  - Received event: 598000 (at simulation time IntraVehicleMsg)
2025-05-28 00:34:00,901 INFO  - Sent message to others cars = 'veh_111 | CartesianPoint{x=126.80,y=528.55,z=0.00}' (at simulation time 599.000,000,000 s)
2025-05-28 00:34:00,953 INFO  - Received event: 599000 (at simulation time IntraVehicleMsg)
2025-05-28 00:34:00,956 INFO  - Sent message to others cars = 'veh_111 | CartesianPoint{x=126.80,y=528.55,z=0.00}' (at simulation time 600.000,000,000 s)
2025-05-28 00:34:01,009 INFO  - Received event: 600000 (at simulation time IntraVehicleMsg)
2025-05-28 00:34:01,012 INFO  - Sent message to others cars = 'veh_111 | CartesianPoint{x=126.80,y=528.55,z=0.00}' (at simulation time 601.000,000,000 s)
2025-05-28 00:34:01,066 INFO  - Received event: 601000 (at simulation time IntraVehicleMsg)
2025-05-28 00:34:01,069 INFO  - Sent message to others cars = 'veh_111 | CartesianPoint{x=126.80,y=528.55,z=0.00}' (at simulation time 602.000,000,000 s)
2025-05-28 00:34:01,121 INFO  - Received event: 602000 (at simulation time IntraVehicleMsg)
2025-05-28 00:34:01,127 INFO  - Sent message to others cars = 'veh_111 | CartesianPoint{x=126.80,y=528.55,z=0.00}' (at simulation time 603.000,000,000 s)
2025-05-28 00:34:01,183 INFO  - Received event: 603000 (at simulation time IntraVehicleMsg)
2025-05-28 00:34:01,187 INFO  - Sent message to others cars = 'veh_111 | CartesianPoint{x=126.80,y=528.55,z=0.00}' (at simulation time 604.000,000,000 s)
2025-05-28 00:34:01,244 INFO  - Received event: 604000 (at simulation time IntraVehicleMsg)
2025-05-28 00:34:01,248 INFO  - Sent message to others cars = 'veh_111 | CartesianPoint{x=127.69,y=528.54,z=0.00}' (at simulation time 605.000,000,000 s)
2025-05-28 00:34:01,303 INFO  - Received event: 605000 (at simulation time IntraVehicleMsg)
2025-05-28 00:34:01,306 INFO  - Sent message to others cars = 'veh_111 | CartesianPoint{x=130.36,y=528.51,z=0.00}' (at simulation time 606.000,000,000 s)
2025-05-28 00:34:01,367 INFO  - Received event: 606000 (at simulation time IntraVehicleMsg)
2025-05-28 00:34:01,379 INFO  - Sent message to others cars = 'veh_111 | CartesianPoint{x=135.49,y=528.45,z=0.00}' (at simulation time 607.000,000,000 s)
2025-05-28 00:34:01,442 INFO  - Received event: 607000 (at simulation time IntraVehicleMsg)
2025-05-28 00:34:01,445 INFO  - Sent message to others cars = 'veh_111 | CartesianPoint{x=141.53,y=528.41,z=0.00}' (at simulation time 608.000,000,000 s)
2025-05-28 00:34:01,507 INFO  - Received event: 608000 (at simulation time IntraVehicleMsg)
2025-05-28 00:34:01,515 INFO  - Sent message to others cars = 'veh_111 | CartesianPoint{x=148.53,y=528.36,z=0.00}' (at simulation time 609.000,000,000 s)
2025-05-28 00:34:01,578 INFO  - Received event: 609000 (at simulation time IntraVehicleMsg)
2025-05-28 00:34:01,582 INFO  - Sent message to others cars = 'veh_111 | CartesianPoint{x=156.23,y=528.41,z=0.00}' (at simulation time 610.000,000,000 s)
2025-05-28 00:34:01,646 INFO  - Received event: 610000 (at simulation time IntraVehicleMsg)
2025-05-28 00:34:01,649 INFO  - Sent message to others cars = 'veh_111 | CartesianPoint{x=163.52,y=528.46,z=0.00}' (at simulation time 611.000,000,000 s)
2025-05-28 00:34:01,713 INFO  - Received event: 611000 (at simulation time IntraVehicleMsg)
2025-05-28 00:34:01,717 INFO  - Sent message to others cars = 'veh_111 | CartesianPoint{x=170.72,y=528.51,z=0.00}' (at simulation time 612.000,000,000 s)
2025-05-28 00:34:01,780 INFO  - Received event: 612000 (at simulation time IntraVehicleMsg)
2025-05-28 00:34:01,787 INFO  - Sent message to others cars = 'veh_111 | CartesianPoint{x=178.16,y=528.56,z=0.00}' (at simulation time 613.000,000,000 s)
2025-05-28 00:34:01,856 INFO  - Received event: 613000 (at simulation time IntraVehicleMsg)
2025-05-28 00:34:01,860 INFO  - Sent message to others cars = 'veh_111 | CartesianPoint{x=185.08,y=528.61,z=0.00}' (at simulation time 614.000,000,000 s)
2025-05-28 00:34:01,930 INFO  - Received event: 614000 (at simulation time IntraVehicleMsg)
2025-05-28 00:34:01,933 INFO  - Sent message to others cars = 'veh_111 | CartesianPoint{x=193.12,y=528.67,z=0.00}' (at simulation time 615.000,000,000 s)
2025-05-28 00:34:02,000 INFO  - Received event: 615000 (at simulation time IntraVehicleMsg)
2025-05-28 00:34:02,003 INFO  - Sent message to others cars = 'veh_111 | CartesianPoint{x=200.76,y=528.72,z=0.00}' (at simulation time 616.000,000,000 s)
2025-05-28 00:34:02,074 INFO  - Received event: 616000 (at simulation time IntraVehicleMsg)
2025-05-28 00:34:02,077 INFO  - Sent message to others cars = 'veh_111 | CartesianPoint{x=208.54,y=528.78,z=0.00}' (at simulation time 617.000,000,000 s)
2025-05-28 00:34:02,150 INFO  - Received event: 617000 (at simulation time IntraVehicleMsg)
2025-05-28 00:34:02,165 INFO  - Sent message to others cars = 'veh_111 | CartesianPoint{x=213.56,y=528.81,z=0.00}' (at simulation time 618.000,000,000 s)
2025-05-28 00:34:02,240 INFO  - Received event: 618000 (at simulation time IntraVehicleMsg)
2025-05-28 00:34:02,258 INFO  - Sent message to others cars = 'veh_111 | CartesianPoint{x=220.39,y=528.83,z=0.00}' (at simulation time 619.000,000,000 s)
2025-05-28 00:34:02,341 INFO  - Received event: 619000 (at simulation time IntraVehicleMsg)
2025-05-28 00:34:02,352 INFO  - Sent message to others cars = 'veh_111 | CartesianPoint{x=228.35,y=528.84,z=0.00}' (at simulation time 620.000,000,000 s)
2025-05-28 00:34:02,425 INFO  - Received event: 620000 (at simulation time IntraVehicleMsg)
2025-05-28 00:34:02,429 INFO  - Sent message to others cars = 'veh_111 | CartesianPoint{x=235.68,y=528.83,z=0.00}' (at simulation time 621.000,000,000 s)
2025-05-28 00:34:02,506 INFO  - Received event: 621000 (at simulation time IntraVehicleMsg)
2025-05-28 00:34:02,512 INFO  - Sent message to others cars = 'veh_111 | CartesianPoint{x=243.41,y=528.82,z=0.00}' (at simulation time 622.000,000,000 s)
2025-05-28 00:34:02,588 INFO  - Received event: 622000 (at simulation time IntraVehicleMsg)
2025-05-28 00:34:02,591 INFO  - Sent message to others cars = 'veh_111 | CartesianPoint{x=251.28,y=528.80,z=0.00}' (at simulation time 623.000,000,000 s)
2025-05-28 00:34:02,671 INFO  - Received event: 623000 (at simulation time IntraVehicleMsg)
2025-05-28 00:34:02,678 INFO  - Sent message to others cars = 'veh_111 | CartesianPoint{x=258.56,y=528.79,z=0.00}' (at simulation time 624.000,000,000 s)
2025-05-28 00:34:02,761 INFO  - Received event: 624000 (at simulation time IntraVehicleMsg)
2025-05-28 00:34:02,765 INFO  - Sent message to others cars = 'veh_111 | CartesianPoint{x=265.45,y=528.77,z=0.00}' (at simulation time 625.000,000,000 s)
2025-05-28 00:34:02,847 INFO  - Received event: 625000 (at simulation time IntraVehicleMsg)
2025-05-28 00:34:02,851 INFO  - Sent message to others cars = 'veh_111 | CartesianPoint{x=273.40,y=528.76,z=0.00}' (at simulation time 626.000,000,000 s)
2025-05-28 00:34:02,937 INFO  - Received event: 626000 (at simulation time IntraVehicleMsg)
2025-05-28 00:34:02,941 INFO  - Sent message to others cars = 'veh_111 | CartesianPoint{x=281.21,y=528.75,z=0.00}' (at simulation time 627.000,000,000 s)
2025-05-28 00:34:03,027 INFO  - Received event: 627000 (at simulation time IntraVehicleMsg)
2025-05-28 00:34:03,030 INFO  - Sent message to others cars = 'veh_111 | CartesianPoint{x=289.23,y=528.74,z=0.00}' (at simulation time 628.000,000,000 s)
2025-05-28 00:34:03,118 INFO  - Received event: 628000 (at simulation time IntraVehicleMsg)
2025-05-28 00:34:03,125 INFO  - Sent message to others cars = 'veh_111 | CartesianPoint{x=296.56,y=528.73,z=0.00}' (at simulation time 629.000,000,000 s)
2025-05-28 00:34:03,214 INFO  - Received event: 629000 (at simulation time IntraVehicleMsg)
2025-05-28 00:34:03,218 INFO  - Sent message to others cars = 'veh_111 | CartesianPoint{x=304.46,y=528.72,z=0.00}' (at simulation time 630.000,000,000 s)
2025-05-28 00:34:03,309 INFO  - Received event: 630000 (at simulation time IntraVehicleMsg)
2025-05-28 00:34:03,326 INFO  - Sent message to others cars = 'veh_111 | CartesianPoint{x=311.39,y=528.72,z=0.00}' (at simulation time 631.000,000,000 s)
2025-05-28 00:34:03,413 INFO  - Received event: 631000 (at simulation time IntraVehicleMsg)
2025-05-28 00:34:03,424 INFO  - Sent message to others cars = 'veh_111 | CartesianPoint{x=319.00,y=528.71,z=0.00}' (at simulation time 632.000,000,000 s)
2025-05-28 00:34:03,511 INFO  - Received event: 632000 (at simulation time IntraVehicleMsg)
2025-05-28 00:34:03,514 INFO  - Sent message to others cars = 'veh_111 | CartesianPoint{x=326.34,y=528.70,z=0.00}' (at simulation time 633.000,000,000 s)
2025-05-28 00:34:03,606 INFO  - Received event: 633000 (at simulation time IntraVehicleMsg)
2025-05-28 00:34:03,614 INFO  - Sent message to others cars = 'veh_111 | CartesianPoint{x=333.96,y=528.69,z=0.00}' (at simulation time 634.000,000,000 s)
2025-05-28 00:34:03,708 INFO  - Received event: 634000 (at simulation time IntraVehicleMsg)
2025-05-28 00:34:03,717 INFO  - Sent message to others cars = 'veh_111 | CartesianPoint{x=341.57,y=528.68,z=0.00}' (at simulation time 635.000,000,000 s)
2025-05-28 00:34:03,814 INFO  - Received event: 635000 (at simulation time IntraVehicleMsg)
2025-05-28 00:34:03,823 INFO  - Sent message to others cars = 'veh_111 | CartesianPoint{x=348.83,y=528.67,z=0.00}' (at simulation time 636.000,000,000 s)
2025-05-28 00:34:03,920 INFO  - Received event: 636000 (at simulation time IntraVehicleMsg)
2025-05-28 00:34:03,936 INFO  - ------------------------------------------------------------------------------------- (at simulation time 637.000,000,000 s)
2025-05-28 00:34:03,936 INFO  - Shutdown application (at simulation time 637.000,000,000 s)
2025-05-28 00:34:03,936 INFO  - ------------------------------------------------------------------------------------- (at simulation time 637.000,000,000 s)
