2025-05-28 00:18:38,014 INFO  - ------------------------------------------------------------------------------------- (at simulation time 243.000,000,000 s)
2025-05-28 00:18:38,015 INFO  - Initialize veh_47 application (at simulation time 243.000,000,000 s)
2025-05-28 00:18:38,015 INFO  - Activated AdHoc Module (at simulation time 243.000,000,000 s)
2025-05-28 00:18:38,015 INFO  - ------------------------------------------------------------------------------------- (at simulation time 243.000,000,000 s)
2025-05-28 00:18:38,015 INFO  - Sent message to others cars = 'veh_47 | CartesianPoint{x=-0.01,y=528.94,z=0.00}' (at simulation time 243.000,000,000 s)
2025-05-28 00:18:38,111 INFO  - Received event: 243000 (at simulation time IntraVehicleMsg)
2025-05-28 00:18:38,114 INFO  - Sent message to others cars = 'veh_47 | CartesianPoint{x=7.14,y=528.92,z=0.00}' (at simulation time 244.000,000,000 s)
2025-05-28 00:18:38,208 INFO  - Received event: 244000 (at simulation time IntraVehicleMsg)
2025-05-28 00:18:38,211 INFO  - Sent message to others cars = 'veh_47 | CartesianPoint{x=14.01,y=528.90,z=0.00}' (at simulation time 245.000,000,000 s)
2025-05-28 00:18:38,308 INFO  - Received event: 245000 (at simulation time IntraVehicleMsg)
2025-05-28 00:18:38,310 INFO  - Sent message to others cars = 'veh_47 | CartesianPoint{x=21.64,y=528.88,z=0.00}' (at simulation time 246.000,000,000 s)
2025-05-28 00:18:38,408 INFO  - Received event: 246000 (at simulation time IntraVehicleMsg)
2025-05-28 00:18:38,416 INFO  - Sent message to others cars = 'veh_47 | CartesianPoint{x=28.77,y=528.86,z=0.00}' (at simulation time 247.000,000,000 s)
2025-05-28 00:18:38,514 INFO  - Received event: 247000 (at simulation time IntraVehicleMsg)
2025-05-28 00:18:38,521 INFO  - Sent message to others cars = 'veh_47 | CartesianPoint{x=36.62,y=528.82,z=0.00}' (at simulation time 248.000,000,000 s)
2025-05-28 00:18:38,623 INFO  - Received event: 248000 (at simulation time IntraVehicleMsg)
2025-05-28 00:18:38,626 INFO  - Sent message to others cars = 'veh_47 | CartesianPoint{x=44.55,y=528.88,z=0.00}' (at simulation time 249.000,000,000 s)
2025-05-28 00:18:38,725 INFO  - Received event: 249000 (at simulation time IntraVehicleMsg)
2025-05-28 00:18:38,729 INFO  - Sent message to others cars = 'veh_47 | CartesianPoint{x=51.82,y=528.94,z=0.00}' (at simulation time 250.000,000,000 s)
2025-05-28 00:18:38,828 INFO  - Received event: 250000 (at simulation time IntraVehicleMsg)
2025-05-28 00:18:38,832 INFO  - Sent message to others cars = 'veh_47 | CartesianPoint{x=59.15,y=528.99,z=0.00}' (at simulation time 251.000,000,000 s)
2025-05-28 00:18:38,929 INFO  - Received event: 251000 (at simulation time IntraVehicleMsg)
2025-05-28 00:18:38,932 INFO  - Sent message to others cars = 'veh_47 | CartesianPoint{x=66.44,y=529.01,z=0.00}' (at simulation time 252.000,000,000 s)
2025-05-28 00:18:39,036 INFO  - Received event: 252000 (at simulation time IntraVehicleMsg)
2025-05-28 00:18:39,044 INFO  - Sent message to others cars = 'veh_47 | CartesianPoint{x=74.16,y=529.03,z=0.00}' (at simulation time 253.000,000,000 s)
2025-05-28 00:18:39,149 INFO  - Received event: 253000 (at simulation time IntraVehicleMsg)
2025-05-28 00:18:39,152 INFO  - Sent message to others cars = 'veh_47 | CartesianPoint{x=81.97,y=529.05,z=0.00}' (at simulation time 254.000,000,000 s)
2025-05-28 00:18:39,259 INFO  - Received event: 254000 (at simulation time IntraVehicleMsg)
2025-05-28 00:18:39,265 INFO  - Sent message to others cars = 'veh_47 | CartesianPoint{x=89.00,y=529.03,z=0.00}' (at simulation time 255.000,000,000 s)
2025-05-28 00:18:39,373 INFO  - Received event: 255000 (at simulation time IntraVehicleMsg)
2025-05-28 00:18:39,376 INFO  - Sent message to others cars = 'veh_47 | CartesianPoint{x=96.57,y=528.94,z=0.00}' (at simulation time 256.000,000,000 s)
2025-05-28 00:18:39,486 INFO  - Received event: 256000 (at simulation time IntraVehicleMsg)
2025-05-28 00:18:39,489 INFO  - Sent message to others cars = 'veh_47 | CartesianPoint{x=104.12,y=528.84,z=0.00}' (at simulation time 257.000,000,000 s)
2025-05-28 00:18:39,599 INFO  - Received event: 257000 (at simulation time IntraVehicleMsg)
2025-05-28 00:18:39,602 INFO  - Sent message to others cars = 'veh_47 | CartesianPoint{x=112.00,y=528.74,z=0.00}' (at simulation time 258.000,000,000 s)
2025-05-28 00:18:39,714 INFO  - Received event: 258000 (at simulation time IntraVehicleMsg)
2025-05-28 00:18:39,717 INFO  - Sent message to others cars = 'veh_47 | CartesianPoint{x=119.75,y=528.64,z=0.00}' (at simulation time 259.000,000,000 s)
2025-05-28 00:18:39,839 INFO  - Received event: 259000 (at simulation time IntraVehicleMsg)
2025-05-28 00:18:39,845 INFO  - Sent message to others cars = 'veh_47 | CartesianPoint{x=126.57,y=528.56,z=0.00}' (at simulation time 260.000,000,000 s)
2025-05-28 00:18:39,957 INFO  - Received event: 260000 (at simulation time IntraVehicleMsg)
2025-05-28 00:18:39,960 INFO  - Sent message to others cars = 'veh_47 | CartesianPoint{x=131.01,y=528.50,z=0.00}' (at simulation time 261.000,000,000 s)
2025-05-28 00:18:40,075 INFO  - Received event: 261000 (at simulation time IntraVehicleMsg)
2025-05-28 00:18:40,078 INFO  - Sent message to others cars = 'veh_47 | CartesianPoint{x=132.46,y=528.48,z=0.00}' (at simulation time 262.000,000,000 s)
2025-05-28 00:18:40,195 INFO  - Received event: 262000 (at simulation time IntraVehicleMsg)
2025-05-28 00:18:40,198 INFO  - Sent message to others cars = 'veh_47 | CartesianPoint{x=133.30,y=528.47,z=0.00}' (at simulation time 263.000,000,000 s)
2025-05-28 00:18:40,305 INFO  - Received event: 263000 (at simulation time IntraVehicleMsg)
2025-05-28 00:18:40,313 INFO  - Sent message to others cars = 'veh_47 | CartesianPoint{x=133.30,y=528.47,z=0.00}' (at simulation time 264.000,000,000 s)
2025-05-28 00:18:40,424 INFO  - Received event: 264000 (at simulation time IntraVehicleMsg)
2025-05-28 00:18:40,427 INFO  - Sent message to others cars = 'veh_47 | CartesianPoint{x=133.30,y=528.47,z=0.00}' (at simulation time 265.000,000,000 s)
2025-05-28 00:18:40,539 INFO  - Received event: 265000 (at simulation time IntraVehicleMsg)
2025-05-28 00:18:40,542 INFO  - Sent message to others cars = 'veh_47 | CartesianPoint{x=133.30,y=528.47,z=0.00}' (at simulation time 266.000,000,000 s)
2025-05-28 00:18:40,655 INFO  - Received event: 266000 (at simulation time IntraVehicleMsg)
2025-05-28 00:18:40,658 INFO  - Sent message to others cars = 'veh_47 | CartesianPoint{x=133.30,y=528.47,z=0.00}' (at simulation time 267.000,000,000 s)
2025-05-28 00:18:40,773 INFO  - Received event: 267000 (at simulation time IntraVehicleMsg)
2025-05-28 00:18:40,778 INFO  - Sent message to others cars = 'veh_47 | CartesianPoint{x=133.30,y=528.47,z=0.00}' (at simulation time 268.000,000,000 s)
2025-05-28 00:18:40,895 INFO  - Received event: 268000 (at simulation time IntraVehicleMsg)
2025-05-28 00:18:40,898 INFO  - Sent message to others cars = 'veh_47 | CartesianPoint{x=133.30,y=528.47,z=0.00}' (at simulation time 269.000,000,000 s)
2025-05-28 00:18:41,009 INFO  - Received event: 269000 (at simulation time IntraVehicleMsg)
2025-05-28 00:18:41,017 INFO  - Sent message to others cars = 'veh_47 | CartesianPoint{x=133.30,y=528.47,z=0.00}' (at simulation time 270.000,000,000 s)
2025-05-28 00:18:41,114 INFO  - Received event: 270000 (at simulation time IntraVehicleMsg)
2025-05-28 00:18:41,116 INFO  - Sent message to others cars = 'veh_47 | CartesianPoint{x=133.30,y=528.47,z=0.00}' (at simulation time 271.000,000,000 s)
2025-05-28 00:18:41,218 INFO  - Received event: 271000 (at simulation time IntraVehicleMsg)
2025-05-28 00:18:41,221 INFO  - Sent message to others cars = 'veh_47 | CartesianPoint{x=133.30,y=528.47,z=0.00}' (at simulation time 272.000,000,000 s)
2025-05-28 00:18:41,317 INFO  - Received event: 272000 (at simulation time IntraVehicleMsg)
2025-05-28 00:18:41,320 INFO  - Sent message to others cars = 'veh_47 | CartesianPoint{x=133.30,y=528.47,z=0.00}' (at simulation time 273.000,000,000 s)
2025-05-28 00:18:41,421 INFO  - Received event: 273000 (at simulation time IntraVehicleMsg)
2025-05-28 00:18:41,428 INFO  - Sent message to others cars = 'veh_47 | CartesianPoint{x=133.30,y=528.47,z=0.00}' (at simulation time 274.000,000,000 s)
2025-05-28 00:18:41,535 INFO  - Received event: 274000 (at simulation time IntraVehicleMsg)
2025-05-28 00:18:41,538 INFO  - Sent message to others cars = 'veh_47 | CartesianPoint{x=133.30,y=528.47,z=0.00}' (at simulation time 275.000,000,000 s)
2025-05-28 00:18:41,630 INFO  - Received event: 275000 (at simulation time IntraVehicleMsg)
2025-05-28 00:18:41,633 INFO  - Sent message to others cars = 'veh_47 | CartesianPoint{x=133.30,y=528.47,z=0.00}' (at simulation time 276.000,000,000 s)
2025-05-28 00:18:41,728 INFO  - Received event: 276000 (at simulation time IntraVehicleMsg)
2025-05-28 00:18:41,731 INFO  - Sent message to others cars = 'veh_47 | CartesianPoint{x=133.30,y=528.47,z=0.00}' (at simulation time 277.000,000,000 s)
2025-05-28 00:18:41,813 INFO  - Received event: 277000 (at simulation time IntraVehicleMsg)
2025-05-28 00:18:41,816 INFO  - Sent message to others cars = 'veh_47 | CartesianPoint{x=133.30,y=528.47,z=0.00}' (at simulation time 278.000,000,000 s)
2025-05-28 00:18:41,901 INFO  - Received event: 278000 (at simulation time IntraVehicleMsg)
2025-05-28 00:18:41,904 INFO  - Sent message to others cars = 'veh_47 | CartesianPoint{x=133.30,y=528.47,z=0.00}' (at simulation time 279.000,000,000 s)
2025-05-28 00:18:41,984 INFO  - Received event: 279000 (at simulation time IntraVehicleMsg)
2025-05-28 00:18:41,992 INFO  - Sent message to others cars = 'veh_47 | CartesianPoint{x=133.30,y=528.47,z=0.00}' (at simulation time 280.000,000,000 s)
2025-05-28 00:18:42,071 INFO  - Received event: 280000 (at simulation time IntraVehicleMsg)
2025-05-28 00:18:42,073 INFO  - Sent message to others cars = 'veh_47 | CartesianPoint{x=133.30,y=528.47,z=0.00}' (at simulation time 281.000,000,000 s)
2025-05-28 00:18:42,143 INFO  - Received event: 281000 (at simulation time IntraVehicleMsg)
2025-05-28 00:18:42,146 INFO  - Sent message to others cars = 'veh_47 | CartesianPoint{x=133.30,y=528.47,z=0.00}' (at simulation time 282.000,000,000 s)
2025-05-28 00:18:42,218 INFO  - Received event: 282000 (at simulation time IntraVehicleMsg)
2025-05-28 00:18:42,221 INFO  - Sent message to others cars = 'veh_47 | CartesianPoint{x=133.30,y=528.47,z=0.00}' (at simulation time 283.000,000,000 s)
2025-05-28 00:18:42,292 INFO  - Received event: 283000 (at simulation time IntraVehicleMsg)
2025-05-28 00:18:42,299 INFO  - Sent message to others cars = 'veh_47 | CartesianPoint{x=133.30,y=528.47,z=0.00}' (at simulation time 284.000,000,000 s)
2025-05-28 00:18:42,372 INFO  - Received event: 284000 (at simulation time IntraVehicleMsg)
2025-05-28 00:18:42,374 INFO  - Sent message to others cars = 'veh_47 | CartesianPoint{x=133.30,y=528.47,z=0.00}' (at simulation time 285.000,000,000 s)
2025-05-28 00:18:42,440 INFO  - Received event: 285000 (at simulation time IntraVehicleMsg)
2025-05-28 00:18:42,443 INFO  - Sent message to others cars = 'veh_47 | CartesianPoint{x=133.30,y=528.47,z=0.00}' (at simulation time 286.000,000,000 s)
2025-05-28 00:18:42,505 INFO  - Received event: 286000 (at simulation time IntraVehicleMsg)
2025-05-28 00:18:42,507 INFO  - Sent message to others cars = 'veh_47 | CartesianPoint{x=133.30,y=528.47,z=0.00}' (at simulation time 287.000,000,000 s)
2025-05-28 00:18:42,574 INFO  - Received event: 287000 (at simulation time IntraVehicleMsg)
2025-05-28 00:18:42,577 INFO  - Sent message to others cars = 'veh_47 | CartesianPoint{x=133.30,y=528.47,z=0.00}' (at simulation time 288.000,000,000 s)
2025-05-28 00:18:42,641 INFO  - Received event: 288000 (at simulation time IntraVehicleMsg)
2025-05-28 00:18:42,643 INFO  - Sent message to others cars = 'veh_47 | CartesianPoint{x=133.30,y=528.47,z=0.00}' (at simulation time 289.000,000,000 s)
2025-05-28 00:18:42,707 INFO  - Received event: 289000 (at simulation time IntraVehicleMsg)
2025-05-28 00:18:42,712 INFO  - Sent message to others cars = 'veh_47 | CartesianPoint{x=133.30,y=528.47,z=0.00}' (at simulation time 290.000,000,000 s)
2025-05-28 00:18:42,777 INFO  - Received event: 290000 (at simulation time IntraVehicleMsg)
2025-05-28 00:18:42,780 INFO  - Sent message to others cars = 'veh_47 | CartesianPoint{x=133.30,y=528.47,z=0.00}' (at simulation time 291.000,000,000 s)
2025-05-28 00:18:42,845 INFO  - Received event: 291000 (at simulation time IntraVehicleMsg)
2025-05-28 00:18:42,847 INFO  - Sent message to others cars = 'veh_47 | CartesianPoint{x=133.30,y=528.47,z=0.00}' (at simulation time 292.000,000,000 s)
2025-05-28 00:18:42,914 INFO  - Received event: 292000 (at simulation time IntraVehicleMsg)
2025-05-28 00:18:42,917 INFO  - Sent message to others cars = 'veh_47 | CartesianPoint{x=133.30,y=528.47,z=0.00}' (at simulation time 293.000,000,000 s)
2025-05-28 00:18:42,983 INFO  - Received event: 293000 (at simulation time IntraVehicleMsg)
2025-05-28 00:18:42,992 INFO  - Sent message to others cars = 'veh_47 | CartesianPoint{x=133.30,y=528.47,z=0.00}' (at simulation time 294.000,000,000 s)
2025-05-28 00:18:43,055 INFO  - Received event: 294000 (at simulation time IntraVehicleMsg)
2025-05-28 00:18:43,058 INFO  - Sent message to others cars = 'veh_47 | CartesianPoint{x=133.30,y=528.47,z=0.00}' (at simulation time 295.000,000,000 s)
2025-05-28 00:18:43,123 INFO  - Received event: 295000 (at simulation time IntraVehicleMsg)
2025-05-28 00:18:43,125 INFO  - Sent message to others cars = 'veh_47 | CartesianPoint{x=133.30,y=528.47,z=0.00}' (at simulation time 296.000,000,000 s)
2025-05-28 00:18:43,190 INFO  - Received event: 296000 (at simulation time IntraVehicleMsg)
2025-05-28 00:18:43,192 INFO  - Sent message to others cars = 'veh_47 | CartesianPoint{x=133.30,y=528.47,z=0.00}' (at simulation time 297.000,000,000 s)
2025-05-28 00:18:43,262 INFO  - Received event: 297000 (at simulation time IntraVehicleMsg)
2025-05-28 00:18:43,264 INFO  - Sent message to others cars = 'veh_47 | CartesianPoint{x=133.30,y=528.47,z=0.00}' (at simulation time 298.000,000,000 s)
2025-05-28 00:18:43,335 INFO  - Received event: 298000 (at simulation time IntraVehicleMsg)
2025-05-28 00:18:43,342 INFO  - Sent message to others cars = 'veh_47 | CartesianPoint{x=133.30,y=528.47,z=0.00}' (at simulation time 299.000,000,000 s)
2025-05-28 00:18:43,408 INFO  - Received event: 299000 (at simulation time IntraVehicleMsg)
2025-05-28 00:18:43,414 INFO  - Sent message to others cars = 'veh_47 | CartesianPoint{x=133.30,y=528.47,z=0.00}' (at simulation time 300.000,000,000 s)
2025-05-28 00:18:43,479 INFO  - Received event: 300000 (at simulation time IntraVehicleMsg)
2025-05-28 00:18:43,482 INFO  - Sent message to others cars = 'veh_47 | CartesianPoint{x=133.30,y=528.47,z=0.00}' (at simulation time 301.000,000,000 s)
2025-05-28 00:18:43,548 INFO  - Received event: 301000 (at simulation time IntraVehicleMsg)
2025-05-28 00:18:43,550 INFO  - Sent message to others cars = 'veh_47 | CartesianPoint{x=133.30,y=528.47,z=0.00}' (at simulation time 302.000,000,000 s)
2025-05-28 00:18:43,612 INFO  - Received event: 302000 (at simulation time IntraVehicleMsg)
2025-05-28 00:18:43,614 INFO  - Sent message to others cars = 'veh_47 | CartesianPoint{x=133.30,y=528.47,z=0.00}' (at simulation time 303.000,000,000 s)
2025-05-28 00:18:43,674 INFO  - Received event: 303000 (at simulation time IntraVehicleMsg)
2025-05-28 00:18:43,677 INFO  - Sent message to others cars = 'veh_47 | CartesianPoint{x=133.30,y=528.47,z=0.00}' (at simulation time 304.000,000,000 s)
2025-05-28 00:18:43,732 INFO  - Received event: 304000 (at simulation time IntraVehicleMsg)
2025-05-28 00:18:43,739 INFO  - Sent message to others cars = 'veh_47 | CartesianPoint{x=133.30,y=528.47,z=0.00}' (at simulation time 305.000,000,000 s)
2025-05-28 00:18:43,796 INFO  - Received event: 305000 (at simulation time IntraVehicleMsg)
2025-05-28 00:18:43,801 INFO  - Sent message to others cars = 'veh_47 | CartesianPoint{x=133.30,y=528.47,z=0.00}' (at simulation time 306.000,000,000 s)
2025-05-28 00:18:43,856 INFO  - Received event: 306000 (at simulation time IntraVehicleMsg)
2025-05-28 00:18:43,858 INFO  - Sent message to others cars = 'veh_47 | CartesianPoint{x=133.30,y=528.47,z=0.00}' (at simulation time 307.000,000,000 s)
2025-05-28 00:18:43,915 INFO  - Received event: 307000 (at simulation time IntraVehicleMsg)
2025-05-28 00:18:43,922 INFO  - Sent message to others cars = 'veh_47 | CartesianPoint{x=133.30,y=528.47,z=0.00}' (at simulation time 308.000,000,000 s)
2025-05-28 00:18:43,980 INFO  - Received event: 308000 (at simulation time IntraVehicleMsg)
2025-05-28 00:18:43,983 INFO  - Sent message to others cars = 'veh_47 | CartesianPoint{x=133.30,y=528.47,z=0.00}' (at simulation time 309.000,000,000 s)
2025-05-28 00:18:44,044 INFO  - Received event: 309000 (at simulation time IntraVehicleMsg)
2025-05-28 00:18:44,046 INFO  - Sent message to others cars = 'veh_47 | CartesianPoint{x=133.30,y=528.47,z=0.00}' (at simulation time 310.000,000,000 s)
2025-05-28 00:18:44,106 INFO  - Received event: 310000 (at simulation time IntraVehicleMsg)
2025-05-28 00:18:44,110 INFO  - Sent message to others cars = 'veh_47 | CartesianPoint{x=133.30,y=528.47,z=0.00}' (at simulation time 311.000,000,000 s)
2025-05-28 00:18:44,170 INFO  - Received event: 311000 (at simulation time IntraVehicleMsg)
2025-05-28 00:18:44,173 INFO  - Sent message to others cars = 'veh_47 | CartesianPoint{x=133.30,y=528.47,z=0.00}' (at simulation time 312.000,000,000 s)
2025-05-28 00:18:44,235 INFO  - Received event: 312000 (at simulation time IntraVehicleMsg)
2025-05-28 00:18:44,238 INFO  - Sent message to others cars = 'veh_47 | CartesianPoint{x=133.30,y=528.47,z=0.00}' (at simulation time 313.000,000,000 s)
2025-05-28 00:18:44,304 INFO  - Received event: 313000 (at simulation time IntraVehicleMsg)
2025-05-28 00:18:44,306 INFO  - Sent message to others cars = 'veh_47 | CartesianPoint{x=133.30,y=528.47,z=0.00}' (at simulation time 314.000,000,000 s)
2025-05-28 00:18:44,371 INFO  - Received event: 314000 (at simulation time IntraVehicleMsg)
2025-05-28 00:18:44,379 INFO  - Sent message to others cars = 'veh_47 | CartesianPoint{x=133.30,y=528.47,z=0.00}' (at simulation time 315.000,000,000 s)
2025-05-28 00:18:44,440 INFO  - Received event: 315000 (at simulation time IntraVehicleMsg)
2025-05-28 00:18:44,442 INFO  - Sent message to others cars = 'veh_47 | CartesianPoint{x=133.30,y=528.47,z=0.00}' (at simulation time 316.000,000,000 s)
2025-05-28 00:18:44,498 INFO  - Received event: 316000 (at simulation time IntraVehicleMsg)
2025-05-28 00:18:44,501 INFO  - Sent message to others cars = 'veh_47 | CartesianPoint{x=133.30,y=528.47,z=0.00}' (at simulation time 317.000,000,000 s)
2025-05-28 00:18:44,551 INFO  - Received event: 317000 (at simulation time IntraVehicleMsg)
2025-05-28 00:18:44,554 INFO  - Sent message to others cars = 'veh_47 | CartesianPoint{x=133.30,y=528.47,z=0.00}' (at simulation time 318.000,000,000 s)
2025-05-28 00:18:44,600 INFO  - Received event: 318000 (at simulation time IntraVehicleMsg)
2025-05-28 00:18:44,602 INFO  - Sent message to others cars = 'veh_47 | CartesianPoint{x=133.30,y=528.47,z=0.00}' (at simulation time 319.000,000,000 s)
2025-05-28 00:18:44,645 INFO  - Received event: 319000 (at simulation time IntraVehicleMsg)
2025-05-28 00:18:44,648 INFO  - Sent message to others cars = 'veh_47 | CartesianPoint{x=133.30,y=528.47,z=0.00}' (at simulation time 320.000,000,000 s)
2025-05-28 00:18:44,690 INFO  - Received event: 320000 (at simulation time IntraVehicleMsg)
2025-05-28 00:18:44,693 INFO  - Sent message to others cars = 'veh_47 | CartesianPoint{x=133.30,y=528.47,z=0.00}' (at simulation time 321.000,000,000 s)
2025-05-28 00:18:44,737 INFO  - Received event: 321000 (at simulation time IntraVehicleMsg)
2025-05-28 00:18:44,743 INFO  - Sent message to others cars = 'veh_47 | CartesianPoint{x=135.83,y=528.45,z=0.00}' (at simulation time 322.000,000,000 s)
2025-05-28 00:18:44,786 INFO  - Received event: 322000 (at simulation time IntraVehicleMsg)
2025-05-28 00:18:44,793 INFO  - Sent message to others cars = 'veh_47 | CartesianPoint{x=140.51,y=528.42,z=0.00}' (at simulation time 323.000,000,000 s)
2025-05-28 00:18:44,839 INFO  - Received event: 323000 (at simulation time IntraVehicleMsg)
2025-05-28 00:18:44,842 INFO  - Sent message to others cars = 'veh_47 | CartesianPoint{x=146.77,y=528.37,z=0.00}' (at simulation time 324.000,000,000 s)
2025-05-28 00:18:44,887 INFO  - Received event: 324000 (at simulation time IntraVehicleMsg)
2025-05-28 00:18:44,895 INFO  - Sent message to others cars = 'veh_47 | CartesianPoint{x=153.70,y=528.39,z=0.00}' (at simulation time 325.000,000,000 s)
2025-05-28 00:18:44,941 INFO  - Received event: 325000 (at simulation time IntraVehicleMsg)
2025-05-28 00:18:44,944 INFO  - Sent message to others cars = 'veh_47 | CartesianPoint{x=160.84,y=528.44,z=0.00}' (at simulation time 326.000,000,000 s)
2025-05-28 00:18:44,989 INFO  - Received event: 326000 (at simulation time IntraVehicleMsg)
2025-05-28 00:18:44,992 INFO  - Sent message to others cars = 'veh_47 | CartesianPoint{x=168.37,y=528.50,z=0.00}' (at simulation time 327.000,000,000 s)
2025-05-28 00:18:45,041 INFO  - Received event: 327000 (at simulation time IntraVehicleMsg)
2025-05-28 00:18:45,044 INFO  - Sent message to others cars = 'veh_47 | CartesianPoint{x=176.00,y=528.55,z=0.00}' (at simulation time 328.000,000,000 s)
2025-05-28 00:18:45,092 INFO  - Received event: 328000 (at simulation time IntraVehicleMsg)
2025-05-28 00:18:45,095 INFO  - Sent message to others cars = 'veh_47 | CartesianPoint{x=183.48,y=528.60,z=0.00}' (at simulation time 329.000,000,000 s)
2025-05-28 00:18:45,144 INFO  - Received event: 329000 (at simulation time IntraVehicleMsg)
2025-05-28 00:18:45,147 INFO  - Sent message to others cars = 'veh_47 | CartesianPoint{x=190.88,y=528.65,z=0.00}' (at simulation time 330.000,000,000 s)
2025-05-28 00:18:45,200 INFO  - Received event: 330000 (at simulation time IntraVehicleMsg)
2025-05-28 00:18:45,202 INFO  - Sent message to others cars = 'veh_47 | CartesianPoint{x=198.11,y=528.70,z=0.00}' (at simulation time 331.000,000,000 s)
2025-05-28 00:18:45,254 INFO  - Received event: 331000 (at simulation time IntraVehicleMsg)
2025-05-28 00:18:45,259 INFO  - Sent message to others cars = 'veh_47 | CartesianPoint{x=205.18,y=528.75,z=0.00}' (at simulation time 332.000,000,000 s)
2025-05-28 00:18:45,312 INFO  - Received event: 332000 (at simulation time IntraVehicleMsg)
2025-05-28 00:18:45,321 INFO  - Sent message to others cars = 'veh_47 | CartesianPoint{x=212.41,y=528.80,z=0.00}' (at simulation time 333.000,000,000 s)
2025-05-28 00:18:45,375 INFO  - Received event: 333000 (at simulation time IntraVehicleMsg)
2025-05-28 00:18:45,377 INFO  - Sent message to others cars = 'veh_47 | CartesianPoint{x=219.93,y=528.83,z=0.00}' (at simulation time 334.000,000,000 s)
2025-05-28 00:18:45,431 INFO  - Received event: 334000 (at simulation time IntraVehicleMsg)
2025-05-28 00:18:45,433 INFO  - Sent message to others cars = 'veh_47 | CartesianPoint{x=226.79,y=528.84,z=0.00}' (at simulation time 335.000,000,000 s)
2025-05-28 00:18:45,487 INFO  - Received event: 335000 (at simulation time IntraVehicleMsg)
2025-05-28 00:18:45,494 INFO  - Sent message to others cars = 'veh_47 | CartesianPoint{x=233.70,y=528.83,z=0.00}' (at simulation time 336.000,000,000 s)
2025-05-28 00:18:45,552 INFO  - Received event: 336000 (at simulation time IntraVehicleMsg)
2025-05-28 00:18:45,554 INFO  - Sent message to others cars = 'veh_47 | CartesianPoint{x=241.22,y=528.82,z=0.00}' (at simulation time 337.000,000,000 s)
2025-05-28 00:18:45,610 INFO  - Received event: 337000 (at simulation time IntraVehicleMsg)
2025-05-28 00:18:45,613 INFO  - Sent message to others cars = 'veh_47 | CartesianPoint{x=248.32,y=528.81,z=0.00}' (at simulation time 338.000,000,000 s)
2025-05-28 00:18:45,660 INFO  - Received event: 338000 (at simulation time IntraVehicleMsg)
2025-05-28 00:18:45,663 INFO  - Sent message to others cars = 'veh_47 | CartesianPoint{x=256.14,y=528.79,z=0.00}' (at simulation time 339.000,000,000 s)
2025-05-28 00:18:45,709 INFO  - Received event: 339000 (at simulation time IntraVehicleMsg)
2025-05-28 00:18:45,713 INFO  - Sent message to others cars = 'veh_47 | CartesianPoint{x=264.03,y=528.78,z=0.00}' (at simulation time 340.000,000,000 s)
2025-05-28 00:18:45,757 INFO  - Received event: 340000 (at simulation time IntraVehicleMsg)
2025-05-28 00:18:45,762 INFO  - Sent message to others cars = 'veh_47 | CartesianPoint{x=271.82,y=528.76,z=0.00}' (at simulation time 341.000,000,000 s)
2025-05-28 00:18:45,807 INFO  - Received event: 341000 (at simulation time IntraVehicleMsg)
2025-05-28 00:18:45,809 INFO  - Sent message to others cars = 'veh_47 | CartesianPoint{x=278.88,y=528.75,z=0.00}' (at simulation time 342.000,000,000 s)
2025-05-28 00:18:45,855 INFO  - Received event: 342000 (at simulation time IntraVehicleMsg)
2025-05-28 00:18:45,857 INFO  - Sent message to others cars = 'veh_47 | CartesianPoint{x=285.92,y=528.75,z=0.00}' (at simulation time 343.000,000,000 s)
2025-05-28 00:18:45,910 INFO  - Received event: 343000 (at simulation time IntraVehicleMsg)
2025-05-28 00:18:45,912 INFO  - Sent message to others cars = 'veh_47 | CartesianPoint{x=292.85,y=528.74,z=0.00}' (at simulation time 344.000,000,000 s)
2025-05-28 00:18:45,960 INFO  - Received event: 344000 (at simulation time IntraVehicleMsg)
2025-05-28 00:18:45,963 INFO  - Sent message to others cars = 'veh_47 | CartesianPoint{x=300.56,y=528.73,z=0.00}' (at simulation time 345.000,000,000 s)
2025-05-28 00:18:46,012 INFO  - Received event: 345000 (at simulation time IntraVehicleMsg)
2025-05-28 00:18:46,018 INFO  - Sent message to others cars = 'veh_47 | CartesianPoint{x=307.93,y=528.72,z=0.00}' (at simulation time 346.000,000,000 s)
2025-05-28 00:18:46,065 INFO  - Received event: 346000 (at simulation time IntraVehicleMsg)
2025-05-28 00:18:46,067 INFO  - Sent message to others cars = 'veh_47 | CartesianPoint{x=315.67,y=528.71,z=0.00}' (at simulation time 347.000,000,000 s)
2025-05-28 00:18:46,114 INFO  - Received event: 347000 (at simulation time IntraVehicleMsg)
2025-05-28 00:18:46,117 INFO  - Sent message to others cars = 'veh_47 | CartesianPoint{x=322.90,y=528.70,z=0.00}' (at simulation time 348.000,000,000 s)
2025-05-28 00:18:46,164 INFO  - Received event: 348000 (at simulation time IntraVehicleMsg)
2025-05-28 00:18:46,167 INFO  - Sent message to others cars = 'veh_47 | CartesianPoint{x=330.79,y=528.69,z=0.00}' (at simulation time 349.000,000,000 s)
2025-05-28 00:18:46,215 INFO  - Received event: 349000 (at simulation time IntraVehicleMsg)
2025-05-28 00:18:46,218 INFO  - Sent message to others cars = 'veh_47 | CartesianPoint{x=338.66,y=528.68,z=0.00}' (at simulation time 350.000,000,000 s)
2025-05-28 00:18:46,269 INFO  - Received event: 350000 (at simulation time IntraVehicleMsg)
2025-05-28 00:18:46,273 INFO  - Sent message to others cars = 'veh_47 | CartesianPoint{x=346.58,y=528.67,z=0.00}' (at simulation time 351.000,000,000 s)
2025-05-28 00:18:46,323 INFO  - Received event: 351000 (at simulation time IntraVehicleMsg)
2025-05-28 00:18:46,326 INFO  - ------------------------------------------------------------------------------------- (at simulation time 352.000,000,000 s)
2025-05-28 00:18:46,326 INFO  - Shutdown application (at simulation time 352.000,000,000 s)
2025-05-28 00:18:46,326 INFO  - ------------------------------------------------------------------------------------- (at simulation time 352.000,000,000 s)
