2025-06-04 14:59:29,669 INFO  - Initialize veh_103 application (at simulation time 531.000,000,000 s)
2025-06-04 14:59:29,687 INFO  - Sent InterVehicleMsg: veh_103 | CartesianPoint{x=-0.00,y=532.14,z=0.00} | {:.2f} m/s (at simulation time 7.464430953278479)
2025-06-04 14:59:29,693 INFO  - Sent InterVehicleMsg: veh_103 | CartesianPoint{x=6.86,y=532.12,z=0.00} | {:.2f} m/s (at simulation time 6.8634398678506665)
2025-06-04 14:59:29,699 INFO  - Sent InterVehicleMsg: veh_103 | CartesianPoint{x=13.13,y=532.10,z=0.00} | {:.2f} m/s (at simulation time 6.2673629920653005)
2025-06-04 14:59:29,705 INFO  - Sent InterVehicleMsg: veh_103 | CartesianPoint{x=19.70,y=532.08,z=0.00} | {:.2f} m/s (at simulation time 6.568173437887144)
2025-06-04 14:59:29,712 INFO  - Sent InterVehicleMsg: veh_103 | CartesianPoint{x=26.25,y=532.06,z=0.00} | {:.2f} m/s (at simulation time 6.551610581409459)
2025-06-04 14:59:29,716 INFO  - Sent InterVehicleMsg: veh_103 | CartesianPoint{x=33.35,y=532.04,z=0.00} | {:.2f} m/s (at simulation time 7.094209523564477)
2025-06-04 14:59:29,721 INFO  - Sent InterVehicleMsg: veh_103 | CartesianPoint{x=40.28,y=532.05,z=0.00} | {:.2f} m/s (at simulation time 6.935633126269368)
2025-06-04 14:59:29,725 INFO  - Sent InterVehicleMsg: veh_103 | CartesianPoint{x=47.05,y=532.10,z=0.00} | {:.2f} m/s (at simulation time 6.764241493512218)
2025-06-04 14:59:29,730 INFO  - Sent InterVehicleMsg: veh_103 | CartesianPoint{x=53.97,y=532.15,z=0.00} | {:.2f} m/s (at simulation time 6.92442300803521)
2025-06-04 14:59:29,735 INFO  - Sent InterVehicleMsg: veh_103 | CartesianPoint{x=60.80,y=532.20,z=0.00} | {:.2f} m/s (at simulation time 6.831132564246928)
2025-06-04 14:59:29,745 INFO  - Sent InterVehicleMsg: veh_103 | CartesianPoint{x=67.65,y=532.22,z=0.00} | {:.2f} m/s (at simulation time 6.845438047214684)
2025-06-04 14:59:29,750 INFO  - Sent InterVehicleMsg: veh_103 | CartesianPoint{x=74.75,y=532.23,z=0.00} | {:.2f} m/s (at simulation time 7.102531661181984)
2025-06-04 14:59:29,755 INFO  - Sent InterVehicleMsg: veh_103 | CartesianPoint{x=81.70,y=532.25,z=0.00} | {:.2f} m/s (at simulation time 6.954810644681839)
2025-06-04 14:59:29,760 INFO  - Sent InterVehicleMsg: veh_103 | CartesianPoint{x=88.09,y=532.24,z=0.00} | {:.2f} m/s (at simulation time 6.380294420356204)
2025-06-04 14:59:29,767 INFO  - Sent InterVehicleMsg: veh_103 | CartesianPoint{x=94.94,y=532.16,z=0.00} | {:.2f} m/s (at simulation time 6.854401692650554)
2025-06-04 14:59:29,772 INFO  - Sent InterVehicleMsg: veh_103 | CartesianPoint{x=102.38,y=532.06,z=0.00} | {:.2f} m/s (at simulation time 7.440489243036409)
2025-06-04 14:59:29,778 INFO  - Sent InterVehicleMsg: veh_103 | CartesianPoint{x=108.89,y=531.98,z=0.00} | {:.2f} m/s (at simulation time 6.510077728652669)
2025-06-04 14:59:29,786 INFO  - Sent InterVehicleMsg: veh_103 | CartesianPoint{x=113.06,y=531.93,z=0.00} | {:.2f} m/s (at simulation time 4.1696975399674505)
2025-06-04 14:59:29,794 INFO  - Sent InterVehicleMsg: veh_103 | CartesianPoint{x=113.75,y=531.92,z=0.00} | {:.2f} m/s (at simulation time 0.6908954819640345)
2025-06-04 14:59:29,863 INFO  - Sent InterVehicleMsg: veh_103 | CartesianPoint{x=113.83,y=531.92,z=0.00} | {:.2f} m/s (at simulation time 0.08085092235208291)
2025-06-04 14:59:29,871 INFO  - Sent InterVehicleMsg: veh_103 | CartesianPoint{x=113.84,y=531.92,z=0.00} | {:.2f} m/s (at simulation time 0.005578553831064888)
2025-06-04 14:59:29,882 INFO  - Sent InterVehicleMsg: veh_103 | CartesianPoint{x=113.84,y=531.92,z=0.00} | {:.2f} m/s (at simulation time 4.906498610884646E-4)
2025-06-04 14:59:29,890 INFO  - Sent InterVehicleMsg: veh_103 | CartesianPoint{x=115.15,y=531.90,z=0.00} | {:.2f} m/s (at simulation time 1.3160434528988116)
2025-06-04 14:59:29,900 INFO  - Sent InterVehicleMsg: veh_103 | CartesianPoint{x=117.99,y=531.87,z=0.00} | {:.2f} m/s (at simulation time 2.837639116086384)
2025-06-04 14:59:29,911 INFO  - Sent InterVehicleMsg: veh_103 | CartesianPoint{x=121.56,y=531.82,z=0.00} | {:.2f} m/s (at simulation time 3.573838535842789)
2025-06-04 14:59:29,921 INFO  - Sent InterVehicleMsg: veh_103 | CartesianPoint{x=126.75,y=531.76,z=0.00} | {:.2f} m/s (at simulation time 5.190128767811523)
2025-06-04 14:59:29,936 INFO  - Sent InterVehicleMsg: veh_103 | CartesianPoint{x=133.29,y=531.67,z=0.00} | {:.2f} m/s (at simulation time 6.534447939410147)
2025-06-04 14:59:29,945 INFO  - Sent InterVehicleMsg: veh_103 | CartesianPoint{x=140.31,y=531.62,z=0.00} | {:.2f} m/s (at simulation time 7.038184642321704)
2025-06-04 14:59:29,953 INFO  - Sent InterVehicleMsg: veh_103 | CartesianPoint{x=147.47,y=531.57,z=0.00} | {:.2f} m/s (at simulation time 7.171323632421245)
2025-06-04 14:59:29,963 INFO  - Sent InterVehicleMsg: veh_103 | CartesianPoint{x=153.66,y=531.59,z=0.00} | {:.2f} m/s (at simulation time 6.191239293101517)
2025-06-04 14:59:29,972 INFO  - Sent InterVehicleMsg: veh_103 | CartesianPoint{x=159.98,y=531.64,z=0.00} | {:.2f} m/s (at simulation time 6.318840858498861)
2025-06-04 14:59:29,984 INFO  - Sent InterVehicleMsg: veh_103 | CartesianPoint{x=166.32,y=531.68,z=0.00} | {:.2f} m/s (at simulation time 6.346632316657615)
2025-06-04 14:59:30,050 INFO  - Sent InterVehicleMsg: veh_103 | CartesianPoint{x=172.99,y=531.73,z=0.00} | {:.2f} m/s (at simulation time 6.666125402082963)
2025-06-04 14:59:30,057 INFO  - Sent InterVehicleMsg: veh_103 | CartesianPoint{x=180.41,y=531.78,z=0.00} | {:.2f} m/s (at simulation time 7.421138298460556)
2025-06-04 14:59:30,065 INFO  - Sent InterVehicleMsg: veh_103 | CartesianPoint{x=187.31,y=531.83,z=0.00} | {:.2f} m/s (at simulation time 6.900254830015165)
2025-06-04 14:59:30,072 INFO  - Sent InterVehicleMsg: veh_103 | CartesianPoint{x=194.25,y=531.88,z=0.00} | {:.2f} m/s (at simulation time 6.94967211144538)
2025-06-04 14:59:30,080 INFO  - Sent InterVehicleMsg: veh_103 | CartesianPoint{x=201.46,y=531.93,z=0.00} | {:.2f} m/s (at simulation time 7.208517955635016)
2025-06-04 14:59:30,088 INFO  - Sent InterVehicleMsg: veh_103 | CartesianPoint{x=208.88,y=531.98,z=0.00} | {:.2f} m/s (at simulation time 7.418762836531077)
2025-06-04 14:59:30,099 INFO  - Sent InterVehicleMsg: veh_103 | CartesianPoint{x=213.95,y=532.01,z=0.00} | {:.2f} m/s (at simulation time 5.0730583728593865)
2025-06-04 14:59:30,107 INFO  - Sent InterVehicleMsg: veh_103 | CartesianPoint{x=220.36,y=532.03,z=0.00} | {:.2f} m/s (at simulation time 6.398653232185443)
2025-06-04 14:59:30,117 INFO  - Sent InterVehicleMsg: veh_103 | CartesianPoint{x=227.17,y=532.04,z=0.00} | {:.2f} m/s (at simulation time 6.801221588412573)
2025-06-04 14:59:30,130 INFO  - Sent InterVehicleMsg: veh_103 | CartesianPoint{x=233.42,y=532.04,z=0.00} | {:.2f} m/s (at simulation time 6.243774083322187)
2025-06-04 14:59:30,139 INFO  - Sent InterVehicleMsg: veh_103 | CartesianPoint{x=240.50,y=532.02,z=0.00} | {:.2f} m/s (at simulation time 7.089615639993263)
2025-06-04 14:59:30,148 INFO  - Sent InterVehicleMsg: veh_103 | CartesianPoint{x=247.16,y=532.01,z=0.00} | {:.2f} m/s (at simulation time 6.656480269967852)
2025-06-04 14:59:30,157 INFO  - Sent InterVehicleMsg: veh_103 | CartesianPoint{x=254.05,y=528.80,z=0.00} | {:.2f} m/s (at simulation time 6.893963798200985)
2025-06-04 14:59:30,168 INFO  - Sent InterVehicleMsg: veh_103 | CartesianPoint{x=260.09,y=528.78,z=0.00} | {:.2f} m/s (at simulation time 6.047166777521355)
2025-06-04 14:59:30,177 INFO  - Sent InterVehicleMsg: veh_103 | CartesianPoint{x=266.38,y=528.77,z=0.00} | {:.2f} m/s (at simulation time 6.292293038633802)
2025-06-04 14:59:30,185 INFO  - Sent InterVehicleMsg: veh_103 | CartesianPoint{x=272.58,y=528.76,z=0.00} | {:.2f} m/s (at simulation time 6.193694498458086)
2025-06-04 14:59:30,231 INFO  - Sent InterVehicleMsg: veh_103 | CartesianPoint{x=279.20,y=528.75,z=0.00} | {:.2f} m/s (at simulation time 6.626067534201121)
2025-06-04 14:59:30,240 INFO  - Sent InterVehicleMsg: veh_103 | CartesianPoint{x=285.44,y=528.75,z=0.00} | {:.2f} m/s (at simulation time 6.234317791643825)
2025-06-04 14:59:30,249 INFO  - Sent InterVehicleMsg: veh_103 | CartesianPoint{x=292.58,y=528.74,z=0.00} | {:.2f} m/s (at simulation time 7.145252577699994)
2025-06-04 14:59:30,261 INFO  - Sent InterVehicleMsg: veh_103 | CartesianPoint{x=299.96,y=528.73,z=0.00} | {:.2f} m/s (at simulation time 7.374618406752398)
2025-06-04 14:59:30,268 INFO  - Sent InterVehicleMsg: veh_103 | CartesianPoint{x=306.36,y=528.72,z=0.00} | {:.2f} m/s (at simulation time 6.400797827490878)
2025-06-04 14:59:30,275 INFO  - Sent InterVehicleMsg: veh_103 | CartesianPoint{x=313.74,y=528.71,z=0.00} | {:.2f} m/s (at simulation time 7.382352353302104)
2025-06-04 14:59:30,284 INFO  - Sent InterVehicleMsg: veh_103 | CartesianPoint{x=320.35,y=528.70,z=0.00} | {:.2f} m/s (at simulation time 6.604163137423147)
2025-06-04 14:59:30,294 INFO  - Sent InterVehicleMsg: veh_103 | CartesianPoint{x=326.57,y=528.70,z=0.00} | {:.2f} m/s (at simulation time 6.220047207661246)
2025-06-04 14:59:30,304 INFO  - Sent InterVehicleMsg: veh_103 | CartesianPoint{x=333.85,y=528.69,z=0.00} | {:.2f} m/s (at simulation time 7.283654776374151)
2025-06-04 14:59:30,313 INFO  - Sent InterVehicleMsg: veh_103 | CartesianPoint{x=340.67,y=528.68,z=0.00} | {:.2f} m/s (at simulation time 6.822648699344409)
2025-06-04 14:59:30,320 INFO  - Sent InterVehicleMsg: veh_103 | CartesianPoint{x=347.66,y=528.67,z=0.00} | {:.2f} m/s (at simulation time 6.991336218286579)
2025-06-04 14:59:30,327 INFO  - Shutdown application (at simulation time 590.000,000,000 s)
