2025-05-28 00:48:55,574 INFO  - ------------------------------------------------------------------------------------- (at simulation time 377.000,000,000 s)
2025-05-28 00:48:55,575 INFO  - Initialize veh_72 application (at simulation time 377.000,000,000 s)
2025-05-28 00:48:55,575 INFO  - Activated AdHoc Module (at simulation time 377.000,000,000 s)
2025-05-28 00:48:55,575 INFO  - ------------------------------------------------------------------------------------- (at simulation time 377.000,000,000 s)
2025-05-28 00:48:55,576 INFO  - Sent message to others cars = 'veh_72 | CartesianPoint{x=140.74,y=749.35,z=0.00}' (at simulation time 377.000,000,000 s)
2025-05-28 00:48:55,671 INFO  - Received event: 377000 (at simulation time IntraVehicleMsg)
2025-05-28 00:48:55,676 INFO  - Sent message to others cars = 'veh_72 | CartesianPoint{x=140.72,y=741.62,z=0.00}' (at simulation time 378.000,000,000 s)
2025-05-28 00:48:55,776 INFO  - Received event: 378000 (at simulation time IntraVehicleMsg)
2025-05-28 00:48:55,779 INFO  - Sent message to others cars = 'veh_72 | CartesianPoint{x=140.69,y=733.58,z=0.00}' (at simulation time 379.000,000,000 s)
2025-05-28 00:48:55,880 INFO  - Received event: 379000 (at simulation time IntraVehicleMsg)
2025-05-28 00:48:55,883 INFO  - Sent message to others cars = 'veh_72 | CartesianPoint{x=140.67,y=726.65,z=0.00}' (at simulation time 380.000,000,000 s)
2025-05-28 00:48:55,986 INFO  - Received event: 380000 (at simulation time IntraVehicleMsg)
2025-05-28 00:48:55,989 INFO  - Sent message to others cars = 'veh_72 | CartesianPoint{x=140.64,y=718.54,z=0.00}' (at simulation time 381.000,000,000 s)
2025-05-28 00:48:56,094 INFO  - Received event: 381000 (at simulation time IntraVehicleMsg)
2025-05-28 00:48:56,097 INFO  - Sent message to others cars = 'veh_72 | CartesianPoint{x=140.62,y=711.10,z=0.00}' (at simulation time 382.000,000,000 s)
2025-05-28 00:48:56,204 INFO  - Received event: 382000 (at simulation time IntraVehicleMsg)
2025-05-28 00:48:56,207 INFO  - Sent message to others cars = 'veh_72 | CartesianPoint{x=140.59,y=703.18,z=0.00}' (at simulation time 383.000,000,000 s)
2025-05-28 00:48:56,318 INFO  - Received event: 383000 (at simulation time IntraVehicleMsg)
2025-05-28 00:48:56,321 INFO  - Sent message to others cars = 'veh_72 | CartesianPoint{x=140.57,y=695.41,z=0.00}' (at simulation time 384.000,000,000 s)
2025-05-28 00:48:56,436 INFO  - Received event: 384000 (at simulation time IntraVehicleMsg)
2025-05-28 00:48:56,455 INFO  - Sent message to others cars = 'veh_72 | CartesianPoint{x=140.54,y=688.33,z=0.00}' (at simulation time 385.000,000,000 s)
2025-05-28 00:48:56,573 INFO  - Received event: 385000 (at simulation time IntraVehicleMsg)
2025-05-28 00:48:56,585 INFO  - Sent message to others cars = 'veh_72 | CartesianPoint{x=140.52,y=680.80,z=0.00}' (at simulation time 386.000,000,000 s)
2025-05-28 00:48:56,688 INFO  - Received event: 386000 (at simulation time IntraVehicleMsg)
2025-05-28 00:48:56,695 INFO  - Sent message to others cars = 'veh_72 | CartesianPoint{x=140.49,y=673.42,z=0.00}' (at simulation time 387.000,000,000 s)
2025-05-28 00:48:56,808 INFO  - Received event: 387000 (at simulation time IntraVehicleMsg)
2025-05-28 00:48:56,811 INFO  - Sent message to others cars = 'veh_72 | CartesianPoint{x=140.47,y=666.25,z=0.00}' (at simulation time 388.000,000,000 s)
2025-05-28 00:48:56,924 INFO  - Received event: 388000 (at simulation time IntraVehicleMsg)
2025-05-28 00:48:56,927 INFO  - Sent message to others cars = 'veh_72 | CartesianPoint{x=140.45,y=659.03,z=0.00}' (at simulation time 389.000,000,000 s)
2025-05-28 00:48:57,044 INFO  - Received event: 389000 (at simulation time IntraVehicleMsg)
2025-05-28 00:48:57,053 INFO  - Sent message to others cars = 'veh_72 | CartesianPoint{x=140.44,y=651.94,z=0.00}' (at simulation time 390.000,000,000 s)
2025-05-28 00:48:57,172 INFO  - Received event: 390000 (at simulation time IntraVehicleMsg)
2025-05-28 00:48:57,183 INFO  - Sent message to others cars = 'veh_72 | CartesianPoint{x=140.42,y=644.58,z=0.00}' (at simulation time 391.000,000,000 s)
2025-05-28 00:48:57,299 INFO  - Received event: 391000 (at simulation time IntraVehicleMsg)
2025-05-28 00:48:57,302 INFO  - Sent message to others cars = 'veh_72 | CartesianPoint{x=140.40,y=637.59,z=0.00}' (at simulation time 392.000,000,000 s)
2025-05-28 00:48:57,422 INFO  - Received event: 392000 (at simulation time IntraVehicleMsg)
2025-05-28 00:48:57,427 INFO  - Sent message to others cars = 'veh_72 | CartesianPoint{x=140.39,y=629.95,z=0.00}' (at simulation time 393.000,000,000 s)
2025-05-28 00:48:57,541 INFO  - Received event: 393000 (at simulation time IntraVehicleMsg)
2025-05-28 00:48:57,544 INFO  - Sent message to others cars = 'veh_72 | CartesianPoint{x=140.37,y=622.81,z=0.00}' (at simulation time 394.000,000,000 s)
2025-05-28 00:48:57,662 INFO  - Received event: 394000 (at simulation time IntraVehicleMsg)
2025-05-28 00:48:57,666 INFO  - Sent message to others cars = 'veh_72 | CartesianPoint{x=140.35,y=615.12,z=0.00}' (at simulation time 395.000,000,000 s)
2025-05-28 00:48:57,792 INFO  - Received event: 395000 (at simulation time IntraVehicleMsg)
2025-05-28 00:48:57,796 INFO  - Sent message to others cars = 'veh_72 | CartesianPoint{x=140.34,y=608.15,z=0.00}' (at simulation time 396.000,000,000 s)
2025-05-28 00:48:57,917 INFO  - Received event: 396000 (at simulation time IntraVehicleMsg)
2025-05-28 00:48:57,924 INFO  - Sent message to others cars = 'veh_72 | CartesianPoint{x=140.30,y=600.51,z=0.00}' (at simulation time 397.000,000,000 s)
2025-05-28 00:48:58,040 INFO  - Received event: 397000 (at simulation time IntraVehicleMsg)
2025-05-28 00:48:58,042 INFO  - Sent message to others cars = 'veh_72 | CartesianPoint{x=140.26,y=592.85,z=0.00}' (at simulation time 398.000,000,000 s)
2025-05-28 00:48:58,169 INFO  - Received event: 398000 (at simulation time IntraVehicleMsg)
2025-05-28 00:48:58,171 INFO  - Sent message to others cars = 'veh_72 | CartesianPoint{x=140.22,y=584.80,z=0.00}' (at simulation time 399.000,000,000 s)
2025-05-28 00:48:58,291 INFO  - Received event: 399000 (at simulation time IntraVehicleMsg)
2025-05-28 00:48:58,294 INFO  - Sent message to others cars = 'veh_72 | CartesianPoint{x=140.18,y=577.10,z=0.00}' (at simulation time 400.000,000,000 s)
2025-05-28 00:48:58,413 INFO  - Received event: 400000 (at simulation time IntraVehicleMsg)
2025-05-28 00:48:58,415 INFO  - Sent message to others cars = 'veh_72 | CartesianPoint{x=140.14,y=570.12,z=0.00}' (at simulation time 401.000,000,000 s)
2025-05-28 00:48:58,526 INFO  - Received event: 401000 (at simulation time IntraVehicleMsg)
2025-05-28 00:48:58,529 INFO  - Sent message to others cars = 'veh_72 | CartesianPoint{x=140.10,y=562.46,z=0.00}' (at simulation time 402.000,000,000 s)
2025-05-28 00:48:58,642 INFO  - Received event: 402000 (at simulation time IntraVehicleMsg)
2025-05-28 00:48:58,644 INFO  - Sent message to others cars = 'veh_72 | CartesianPoint{x=140.06,y=554.55,z=0.00}' (at simulation time 403.000,000,000 s)
2025-05-28 00:48:58,756 INFO  - Received event: 403000 (at simulation time IntraVehicleMsg)
2025-05-28 00:48:58,764 INFO  - Sent message to others cars = 'veh_72 | CartesianPoint{x=143.23,y=547.83,z=0.00}' (at simulation time 404.000,000,000 s)
2025-05-28 00:48:58,876 INFO  - Received event: 404000 (at simulation time IntraVehicleMsg)
2025-05-28 00:48:58,879 INFO  - Sent message to others cars = 'veh_72 | CartesianPoint{x=143.19,y=540.79,z=0.00}' (at simulation time 405.000,000,000 s)
2025-05-28 00:48:58,992 INFO  - Received event: 405000 (at simulation time IntraVehicleMsg)
2025-05-28 00:48:58,995 INFO  - Sent message to others cars = 'veh_72 | CartesianPoint{x=143.18,y=538.26,z=0.00}' (at simulation time 406.000,000,000 s)
2025-05-28 00:48:59,110 INFO  - Received event: 406000 (at simulation time IntraVehicleMsg)
2025-05-28 00:48:59,113 INFO  - Sent message to others cars = 'veh_72 | CartesianPoint{x=143.18,y=538.18,z=0.00}' (at simulation time 407.000,000,000 s)
2025-05-28 00:48:59,230 INFO  - Received event: 407000 (at simulation time IntraVehicleMsg)
2025-05-28 00:48:59,236 INFO  - Sent message to others cars = 'veh_72 | CartesianPoint{x=143.18,y=538.17,z=0.00}' (at simulation time 408.000,000,000 s)
2025-05-28 00:48:59,352 INFO  - Received event: 408000 (at simulation time IntraVehicleMsg)
2025-05-28 00:48:59,355 INFO  - Sent message to others cars = 'veh_72 | CartesianPoint{x=143.18,y=538.17,z=0.00}' (at simulation time 409.000,000,000 s)
2025-05-28 00:48:59,466 INFO  - Received event: 409000 (at simulation time IntraVehicleMsg)
2025-05-28 00:48:59,469 INFO  - Sent message to others cars = 'veh_72 | CartesianPoint{x=143.18,y=538.17,z=0.00}' (at simulation time 410.000,000,000 s)
2025-05-28 00:48:59,581 INFO  - Received event: 410000 (at simulation time IntraVehicleMsg)
2025-05-28 00:48:59,587 INFO  - Sent message to others cars = 'veh_72 | CartesianPoint{x=143.18,y=538.17,z=0.00}' (at simulation time 411.000,000,000 s)
2025-05-28 00:48:59,696 INFO  - Received event: 411000 (at simulation time IntraVehicleMsg)
2025-05-28 00:48:59,699 INFO  - Sent message to others cars = 'veh_72 | CartesianPoint{x=143.18,y=538.17,z=0.00}' (at simulation time 412.000,000,000 s)
2025-05-28 00:48:59,798 INFO  - Received event: 412000 (at simulation time IntraVehicleMsg)
2025-05-28 00:48:59,801 INFO  - Sent message to others cars = 'veh_72 | CartesianPoint{x=143.18,y=538.17,z=0.00}' (at simulation time 413.000,000,000 s)
2025-05-28 00:48:59,902 INFO  - Received event: 413000 (at simulation time IntraVehicleMsg)
2025-05-28 00:48:59,905 INFO  - Sent message to others cars = 'veh_72 | CartesianPoint{x=143.18,y=538.17,z=0.00}' (at simulation time 414.000,000,000 s)
2025-05-28 00:49:00,004 INFO  - Received event: 414000 (at simulation time IntraVehicleMsg)
2025-05-28 00:49:00,006 INFO  - Sent message to others cars = 'veh_72 | CartesianPoint{x=143.18,y=538.17,z=0.00}' (at simulation time 415.000,000,000 s)
2025-05-28 00:49:00,099 INFO  - Received event: 415000 (at simulation time IntraVehicleMsg)
2025-05-28 00:49:00,102 INFO  - Sent message to others cars = 'veh_72 | CartesianPoint{x=143.18,y=538.17,z=0.00}' (at simulation time 416.000,000,000 s)
2025-05-28 00:49:00,188 INFO  - Received event: 416000 (at simulation time IntraVehicleMsg)
2025-05-28 00:49:00,190 INFO  - Sent message to others cars = 'veh_72 | CartesianPoint{x=143.18,y=538.17,z=0.00}' (at simulation time 417.000,000,000 s)
2025-05-28 00:49:00,278 INFO  - Received event: 417000 (at simulation time IntraVehicleMsg)
2025-05-28 00:49:00,285 INFO  - Sent message to others cars = 'veh_72 | CartesianPoint{x=143.18,y=538.17,z=0.00}' (at simulation time 418.000,000,000 s)
2025-05-28 00:49:00,375 INFO  - Received event: 418000 (at simulation time IntraVehicleMsg)
2025-05-28 00:49:00,377 INFO  - Sent message to others cars = 'veh_72 | CartesianPoint{x=143.18,y=538.17,z=0.00}' (at simulation time 419.000,000,000 s)
2025-05-28 00:49:00,468 INFO  - Received event: 419000 (at simulation time IntraVehicleMsg)
2025-05-28 00:49:00,471 INFO  - Sent message to others cars = 'veh_72 | CartesianPoint{x=143.16,y=536.39,z=0.00}' (at simulation time 420.000,000,000 s)
2025-05-28 00:49:00,554 INFO  - Received event: 420000 (at simulation time IntraVehicleMsg)
2025-05-28 00:49:00,556 INFO  - Sent message to others cars = 'veh_72 | CartesianPoint{x=143.13,y=532.14,z=0.00}' (at simulation time 421.000,000,000 s)
2025-05-28 00:49:00,635 INFO  - Received event: 421000 (at simulation time IntraVehicleMsg)
2025-05-28 00:49:00,637 INFO  - Sent message to others cars = 'veh_72 | CartesianPoint{x=143.08,y=526.18,z=0.00}' (at simulation time 422.000,000,000 s)
2025-05-28 00:49:00,716 INFO  - Received event: 422000 (at simulation time IntraVehicleMsg)
2025-05-28 00:49:00,718 INFO  - Sent message to others cars = 'veh_72 | CartesianPoint{x=143.01,y=518.50,z=0.00}' (at simulation time 423.000,000,000 s)
2025-05-28 00:49:00,783 INFO  - Received event: 423000 (at simulation time IntraVehicleMsg)
2025-05-28 00:49:00,785 INFO  - Sent message to others cars = 'veh_72 | CartesianPoint{x=142.94,y=510.89,z=0.00}' (at simulation time 424.000,000,000 s)
2025-05-28 00:49:00,851 INFO  - Received event: 424000 (at simulation time IntraVehicleMsg)
2025-05-28 00:49:00,860 INFO  - Sent message to others cars = 'veh_72 | CartesianPoint{x=142.87,y=503.41,z=0.00}' (at simulation time 425.000,000,000 s)
2025-05-28 00:49:00,923 INFO  - Received event: 425000 (at simulation time IntraVehicleMsg)
2025-05-28 00:49:00,925 INFO  - Sent message to others cars = 'veh_72 | CartesianPoint{x=142.80,y=496.55,z=0.00}' (at simulation time 426.000,000,000 s)
2025-05-28 00:49:00,990 INFO  - Received event: 426000 (at simulation time IntraVehicleMsg)
2025-05-28 00:49:00,993 INFO  - Sent message to others cars = 'veh_72 | CartesianPoint{x=142.73,y=488.83,z=0.00}' (at simulation time 427.000,000,000 s)
2025-05-28 00:49:01,060 INFO  - Received event: 427000 (at simulation time IntraVehicleMsg)
2025-05-28 00:49:01,066 INFO  - Sent message to others cars = 'veh_72 | CartesianPoint{x=142.66,y=481.93,z=0.00}' (at simulation time 428.000,000,000 s)
2025-05-28 00:49:01,134 INFO  - Received event: 428000 (at simulation time IntraVehicleMsg)
2025-05-28 00:49:01,136 INFO  - Sent message to others cars = 'veh_72 | CartesianPoint{x=142.59,y=474.37,z=0.00}' (at simulation time 429.000,000,000 s)
2025-05-28 00:49:01,205 INFO  - Received event: 429000 (at simulation time IntraVehicleMsg)
2025-05-28 00:49:01,208 INFO  - Sent message to others cars = 'veh_72 | CartesianPoint{x=142.51,y=466.62,z=0.00}' (at simulation time 430.000,000,000 s)
2025-05-28 00:49:01,291 INFO  - Received event: 430000 (at simulation time IntraVehicleMsg)
2025-05-28 00:49:01,293 INFO  - Sent message to others cars = 'veh_72 | CartesianPoint{x=142.45,y=459.74,z=0.00}' (at simulation time 431.000,000,000 s)
2025-05-28 00:49:01,363 INFO  - Received event: 431000 (at simulation time IntraVehicleMsg)
2025-05-28 00:49:01,365 INFO  - Sent message to others cars = 'veh_72 | CartesianPoint{x=142.39,y=452.78,z=0.00}' (at simulation time 432.000,000,000 s)
2025-05-28 00:49:01,435 INFO  - Received event: 432000 (at simulation time IntraVehicleMsg)
2025-05-28 00:49:01,438 INFO  - Sent message to others cars = 'veh_72 | CartesianPoint{x=142.38,y=445.45,z=0.00}' (at simulation time 433.000,000,000 s)
2025-05-28 00:49:01,511 INFO  - Received event: 433000 (at simulation time IntraVehicleMsg)
2025-05-28 00:49:01,519 INFO  - Sent message to others cars = 'veh_72 | CartesianPoint{x=142.37,y=438.53,z=0.00}' (at simulation time 434.000,000,000 s)
2025-05-28 00:49:01,589 INFO  - Received event: 434000 (at simulation time IntraVehicleMsg)
2025-05-28 00:49:01,592 INFO  - Sent message to others cars = 'veh_72 | CartesianPoint{x=142.35,y=430.79,z=0.00}' (at simulation time 435.000,000,000 s)
2025-05-28 00:49:01,659 INFO  - Received event: 435000 (at simulation time IntraVehicleMsg)
2025-05-28 00:49:01,661 INFO  - Sent message to others cars = 'veh_72 | CartesianPoint{x=142.34,y=423.68,z=0.00}' (at simulation time 436.000,000,000 s)
2025-05-28 00:49:01,730 INFO  - Received event: 436000 (at simulation time IntraVehicleMsg)
2025-05-28 00:49:01,733 INFO  - Sent message to others cars = 'veh_72 | CartesianPoint{x=142.32,y=416.43,z=0.00}' (at simulation time 437.000,000,000 s)
2025-05-28 00:49:01,802 INFO  - Received event: 437000 (at simulation time IntraVehicleMsg)
2025-05-28 00:49:01,808 INFO  - Sent message to others cars = 'veh_72 | CartesianPoint{x=142.31,y=408.67,z=0.00}' (at simulation time 438.000,000,000 s)
2025-05-28 00:49:01,879 INFO  - Received event: 438000 (at simulation time IntraVehicleMsg)
2025-05-28 00:49:01,881 INFO  - Sent message to others cars = 'veh_72 | CartesianPoint{x=142.29,y=401.56,z=0.00}' (at simulation time 439.000,000,000 s)
2025-05-28 00:49:01,954 INFO  - Received event: 439000 (at simulation time IntraVehicleMsg)
2025-05-28 00:49:01,957 INFO  - Sent message to others cars = 'veh_72 | CartesianPoint{x=142.28,y=393.79,z=0.00}' (at simulation time 440.000,000,000 s)
2025-05-28 00:49:02,030 INFO  - Received event: 440000 (at simulation time IntraVehicleMsg)
2025-05-28 00:49:02,039 INFO  - Sent message to others cars = 'veh_72 | CartesianPoint{x=142.26,y=386.88,z=0.00}' (at simulation time 441.000,000,000 s)
2025-05-28 00:49:02,112 INFO  - Received event: 441000 (at simulation time IntraVehicleMsg)
2025-05-28 00:49:02,115 INFO  - Sent message to others cars = 'veh_72 | CartesianPoint{x=142.25,y=378.88,z=0.00}' (at simulation time 442.000,000,000 s)
2025-05-28 00:49:02,191 INFO  - Received event: 442000 (at simulation time IntraVehicleMsg)
2025-05-28 00:49:02,194 INFO  - Sent message to others cars = 'veh_72 | CartesianPoint{x=142.23,y=371.77,z=0.00}' (at simulation time 443.000,000,000 s)
2025-05-28 00:49:02,270 INFO  - Received event: 443000 (at simulation time IntraVehicleMsg)
2025-05-28 00:49:02,273 INFO  - Sent message to others cars = 'veh_72 | CartesianPoint{x=142.22,y=364.42,z=0.00}' (at simulation time 444.000,000,000 s)
2025-05-28 00:49:02,351 INFO  - Received event: 444000 (at simulation time IntraVehicleMsg)
2025-05-28 00:49:02,360 INFO  - Sent message to others cars = 'veh_72 | CartesianPoint{x=142.20,y=356.94,z=0.00}' (at simulation time 445.000,000,000 s)
2025-05-28 00:49:02,437 INFO  - Received event: 445000 (at simulation time IntraVehicleMsg)
2025-05-28 00:49:02,439 INFO  - Sent message to others cars = 'veh_72 | CartesianPoint{x=142.13,y=348.84,z=0.00}' (at simulation time 446.000,000,000 s)
2025-05-28 00:49:02,518 INFO  - Received event: 446000 (at simulation time IntraVehicleMsg)
2025-05-28 00:49:02,521 INFO  - Sent message to others cars = 'veh_72 | CartesianPoint{x=142.07,y=341.86,z=0.00}' (at simulation time 447.000,000,000 s)
2025-05-28 00:49:02,594 INFO  - Received event: 447000 (at simulation time IntraVehicleMsg)
2025-05-28 00:49:02,597 INFO  - Sent message to others cars = 'veh_72 | CartesianPoint{x=142.00,y=334.41,z=0.00}' (at simulation time 448.000,000,000 s)
2025-05-28 00:49:02,669 INFO  - Received event: 448000 (at simulation time IntraVehicleMsg)
2025-05-28 00:49:02,676 INFO  - Sent message to others cars = 'veh_72 | CartesianPoint{x=141.94,y=326.47,z=0.00}' (at simulation time 449.000,000,000 s)
2025-05-28 00:49:02,750 INFO  - Received event: 449000 (at simulation time IntraVehicleMsg)
2025-05-28 00:49:02,753 INFO  - Sent message to others cars = 'veh_72 | CartesianPoint{x=138.67,y=318.50,z=0.00}' (at simulation time 450.000,000,000 s)
2025-05-28 00:49:02,831 INFO  - Received event: 450000 (at simulation time IntraVehicleMsg)
2025-05-28 00:49:02,837 INFO  - Sent message to others cars = 'veh_72 | CartesianPoint{x=138.60,y=311.08,z=0.00}' (at simulation time 451.000,000,000 s)
2025-05-28 00:49:02,913 INFO  - Received event: 451000 (at simulation time IntraVehicleMsg)
2025-05-28 00:49:02,916 INFO  - Sent message to others cars = 'veh_72 | CartesianPoint{x=138.53,y=303.18,z=0.00}' (at simulation time 452.000,000,000 s)
2025-05-28 00:49:02,994 INFO  - Received event: 452000 (at simulation time IntraVehicleMsg)
2025-05-28 00:49:02,997 INFO  - Sent message to others cars = 'veh_72 | CartesianPoint{x=138.47,y=296.16,z=0.00}' (at simulation time 453.000,000,000 s)
2025-05-28 00:49:03,075 INFO  - Received event: 453000 (at simulation time IntraVehicleMsg)
2025-05-28 00:49:03,080 INFO  - Sent message to others cars = 'veh_72 | CartesianPoint{x=138.41,y=288.99,z=0.00}' (at simulation time 454.000,000,000 s)
2025-05-28 00:49:03,159 INFO  - Received event: 454000 (at simulation time IntraVehicleMsg)
2025-05-28 00:49:03,162 INFO  - Sent message to others cars = 'veh_72 | CartesianPoint{x=138.35,y=281.82,z=0.00}' (at simulation time 455.000,000,000 s)
2025-05-28 00:49:03,244 INFO  - Received event: 455000 (at simulation time IntraVehicleMsg)
2025-05-28 00:49:03,246 INFO  - Sent message to others cars = 'veh_72 | CartesianPoint{x=138.29,y=274.56,z=0.00}' (at simulation time 456.000,000,000 s)
2025-05-28 00:49:03,329 INFO  - Received event: 456000 (at simulation time IntraVehicleMsg)
2025-05-28 00:49:03,332 INFO  - Sent message to others cars = 'veh_72 | CartesianPoint{x=138.22,y=266.76,z=0.00}' (at simulation time 457.000,000,000 s)
2025-05-28 00:49:03,417 INFO  - Received event: 457000 (at simulation time IntraVehicleMsg)
2025-05-28 00:49:03,420 INFO  - Sent message to others cars = 'veh_72 | CartesianPoint{x=138.15,y=259.24,z=0.00}' (at simulation time 458.000,000,000 s)
2025-05-28 00:49:03,505 INFO  - Received event: 458000 (at simulation time IntraVehicleMsg)
2025-05-28 00:49:03,525 INFO  - Sent message to others cars = 'veh_72 | CartesianPoint{x=138.10,y=252.37,z=0.00}' (at simulation time 459.000,000,000 s)
2025-05-28 00:49:03,609 INFO  - Received event: 459000 (at simulation time IntraVehicleMsg)
2025-05-28 00:49:03,612 INFO  - Sent message to others cars = 'veh_72 | CartesianPoint{x=138.03,y=244.85,z=0.00}' (at simulation time 460.000,000,000 s)
2025-05-28 00:49:03,696 INFO  - Received event: 460000 (at simulation time IntraVehicleMsg)
2025-05-28 00:49:03,700 INFO  - Sent message to others cars = 'veh_72 | CartesianPoint{x=137.98,y=237.85,z=0.00}' (at simulation time 461.000,000,000 s)
2025-05-28 00:49:03,793 INFO  - Received event: 461000 (at simulation time IntraVehicleMsg)
2025-05-28 00:49:03,796 INFO  - Sent message to others cars = 'veh_72 | CartesianPoint{x=137.92,y=230.81,z=0.00}' (at simulation time 462.000,000,000 s)
2025-05-28 00:49:03,879 INFO  - Received event: 462000 (at simulation time IntraVehicleMsg)
2025-05-28 00:49:03,881 INFO  - Sent message to others cars = 'veh_72 | CartesianPoint{x=137.86,y=223.68,z=0.00}' (at simulation time 463.000,000,000 s)
2025-05-28 00:49:03,954 INFO  - Received event: 463000 (at simulation time IntraVehicleMsg)
2025-05-28 00:49:03,957 INFO  - Sent message to others cars = 'veh_72 | CartesianPoint{x=137.80,y=216.02,z=0.00}' (at simulation time 464.000,000,000 s)
2025-05-28 00:49:04,033 INFO  - Received event: 464000 (at simulation time IntraVehicleMsg)
2025-05-28 00:49:04,044 INFO  - Sent message to others cars = 'veh_72 | CartesianPoint{x=137.73,y=208.56,z=0.00}' (at simulation time 465.000,000,000 s)
2025-05-28 00:49:04,118 INFO  - Received event: 465000 (at simulation time IntraVehicleMsg)
2025-05-28 00:49:04,121 INFO  - Sent message to others cars = 'veh_72 | CartesianPoint{x=137.67,y=200.57,z=0.00}' (at simulation time 466.000,000,000 s)
2025-05-28 00:49:04,194 INFO  - Received event: 466000 (at simulation time IntraVehicleMsg)
2025-05-28 00:49:04,197 INFO  - Sent message to others cars = 'veh_72 | CartesianPoint{x=137.61,y=193.20,z=0.00}' (at simulation time 467.000,000,000 s)
2025-05-28 00:49:04,269 INFO  - Received event: 467000 (at simulation time IntraVehicleMsg)
2025-05-28 00:49:04,271 INFO  - Sent message to others cars = 'veh_72 | CartesianPoint{x=137.55,y=186.32,z=0.00}' (at simulation time 468.000,000,000 s)
2025-05-28 00:49:04,343 INFO  - Received event: 468000 (at simulation time IntraVehicleMsg)
2025-05-28 00:49:04,350 INFO  - Sent message to others cars = 'veh_72 | CartesianPoint{x=137.49,y=179.24,z=0.00}' (at simulation time 469.000,000,000 s)
2025-05-28 00:49:04,423 INFO  - Received event: 469000 (at simulation time IntraVehicleMsg)
2025-05-28 00:49:04,426 INFO  - Sent message to others cars = 'veh_72 | CartesianPoint{x=137.43,y=171.44,z=0.00}' (at simulation time 470.000,000,000 s)
2025-05-28 00:49:04,494 INFO  - Received event: 470000 (at simulation time IntraVehicleMsg)
2025-05-28 00:49:04,497 INFO  - Sent message to others cars = 'veh_72 | CartesianPoint{x=137.37,y=164.20,z=0.00}' (at simulation time 471.000,000,000 s)
2025-05-28 00:49:04,571 INFO  - Received event: 471000 (at simulation time IntraVehicleMsg)
2025-05-28 00:49:04,574 INFO  - Sent message to others cars = 'veh_72 | CartesianPoint{x=137.31,y=156.86,z=0.00}' (at simulation time 472.000,000,000 s)
2025-05-28 00:49:04,646 INFO  - Received event: 472000 (at simulation time IntraVehicleMsg)
2025-05-28 00:49:04,649 INFO  - Sent message to others cars = 'veh_72 | CartesianPoint{x=137.25,y=149.98,z=0.00}' (at simulation time 473.000,000,000 s)
2025-05-28 00:49:04,719 INFO  - Received event: 473000 (at simulation time IntraVehicleMsg)
2025-05-28 00:49:04,729 INFO  - Sent message to others cars = 'veh_72 | CartesianPoint{x=137.18,y=142.05,z=0.00}' (at simulation time 474.000,000,000 s)
2025-05-28 00:49:04,797 INFO  - Received event: 474000 (at simulation time IntraVehicleMsg)
2025-05-28 00:49:04,800 INFO  - Sent message to others cars = 'veh_72 | CartesianPoint{x=137.19,y=134.14,z=0.00}' (at simulation time 475.000,000,000 s)
2025-05-28 00:49:04,867 INFO  - Received event: 475000 (at simulation time IntraVehicleMsg)
2025-05-28 00:49:04,872 INFO  - Sent message to others cars = 'veh_72 | CartesianPoint{x=137.23,y=127.05,z=0.00}' (at simulation time 476.000,000,000 s)
2025-05-28 00:49:04,940 INFO  - Received event: 476000 (at simulation time IntraVehicleMsg)
2025-05-28 00:49:04,943 INFO  - Sent message to others cars = 'veh_72 | CartesianPoint{x=137.27,y=119.46,z=0.00}' (at simulation time 477.000,000,000 s)
2025-05-28 00:49:05,010 INFO  - Received event: 477000 (at simulation time IntraVehicleMsg)
2025-05-28 00:49:05,012 INFO  - Sent message to others cars = 'veh_72 | CartesianPoint{x=137.31,y=111.92,z=0.00}' (at simulation time 478.000,000,000 s)
2025-05-28 00:49:05,079 INFO  - Received event: 478000 (at simulation time IntraVehicleMsg)
2025-05-28 00:49:05,081 INFO  - Sent message to others cars = 'veh_72 | CartesianPoint{x=137.35,y=104.75,z=0.00}' (at simulation time 479.000,000,000 s)
2025-05-28 00:49:05,133 INFO  - Received event: 479000 (at simulation time IntraVehicleMsg)
2025-05-28 00:49:05,139 INFO  - Sent message to others cars = 'veh_72 | CartesianPoint{x=137.39,y=97.43,z=0.00}' (at simulation time 480.000,000,000 s)
2025-05-28 00:49:05,191 INFO  - Received event: 480000 (at simulation time IntraVehicleMsg)
2025-05-28 00:49:05,193 INFO  - Sent message to others cars = 'veh_72 | CartesianPoint{x=137.43,y=89.90,z=0.00}' (at simulation time 481.000,000,000 s)
2025-05-28 00:49:05,249 INFO  - Received event: 481000 (at simulation time IntraVehicleMsg)
2025-05-28 00:49:05,251 INFO  - Sent message to others cars = 'veh_72 | CartesianPoint{x=137.47,y=83.03,z=0.00}' (at simulation time 482.000,000,000 s)
2025-05-28 00:49:05,303 INFO  - Received event: 482000 (at simulation time IntraVehicleMsg)
2025-05-28 00:49:05,307 INFO  - Sent message to others cars = 'veh_72 | CartesianPoint{x=137.98,y=75.30,z=0.00}' (at simulation time 483.000,000,000 s)
2025-05-28 00:49:05,354 INFO  - Received event: 483000 (at simulation time IntraVehicleMsg)
2025-05-28 00:49:05,356 INFO  - Sent message to others cars = 'veh_72 | CartesianPoint{x=141.56,y=68.92,z=0.00}' (at simulation time 484.000,000,000 s)
2025-05-28 00:49:05,402 INFO  - Received event: 484000 (at simulation time IntraVehicleMsg)
2025-05-28 00:49:05,404 INFO  - Sent message to others cars = 'veh_72 | CartesianPoint{x=146.33,y=63.50,z=0.00}' (at simulation time 485.000,000,000 s)
2025-05-28 00:49:05,450 INFO  - Received event: 485000 (at simulation time IntraVehicleMsg)
2025-05-28 00:49:05,456 INFO  - Sent message to others cars = 'veh_72 | CartesianPoint{x=151.62,y=58.55,z=0.00}' (at simulation time 486.000,000,000 s)
2025-05-28 00:49:05,502 INFO  - Received event: 486000 (at simulation time IntraVehicleMsg)
2025-05-28 00:49:05,505 INFO  - Sent message to others cars = 'veh_72 | CartesianPoint{x=156.46,y=53.51,z=0.00}' (at simulation time 487.000,000,000 s)
2025-05-28 00:49:05,552 INFO  - Received event: 487000 (at simulation time IntraVehicleMsg)
2025-05-28 00:49:05,555 INFO  - Sent message to others cars = 'veh_72 | CartesianPoint{x=161.67,y=47.78,z=0.00}' (at simulation time 488.000,000,000 s)
2025-05-28 00:49:05,605 INFO  - Received event: 488000 (at simulation time IntraVehicleMsg)
2025-05-28 00:49:05,607 INFO  - Sent message to others cars = 'veh_72 | CartesianPoint{x=166.87,y=42.06,z=0.00}' (at simulation time 489.000,000,000 s)
2025-05-28 00:49:05,658 INFO  - Received event: 489000 (at simulation time IntraVehicleMsg)
2025-05-28 00:49:05,664 INFO  - Sent message to others cars = 'veh_72 | CartesianPoint{x=171.57,y=36.90,z=0.00}' (at simulation time 490.000,000,000 s)
2025-05-28 00:49:05,712 INFO  - Received event: 490000 (at simulation time IntraVehicleMsg)
2025-05-28 00:49:05,714 INFO  - Sent message to others cars = 'veh_72 | CartesianPoint{x=176.87,y=31.07,z=0.00}' (at simulation time 491.000,000,000 s)
2025-05-28 00:49:05,757 INFO  - Received event: 491000 (at simulation time IntraVehicleMsg)
2025-05-28 00:49:05,759 INFO  - Sent message to others cars = 'veh_72 | CartesianPoint{x=182.28,y=25.11,z=0.00}' (at simulation time 492.000,000,000 s)
2025-05-28 00:49:05,803 INFO  - Received event: 492000 (at simulation time IntraVehicleMsg)
2025-05-28 00:49:05,805 INFO  - Sent message to others cars = 'veh_72 | CartesianPoint{x=187.74,y=19.11,z=0.00}' (at simulation time 493.000,000,000 s)
2025-05-28 00:49:05,851 INFO  - Received event: 493000 (at simulation time IntraVehicleMsg)
2025-05-28 00:49:05,855 INFO  - Sent message to others cars = 'veh_72 | CartesianPoint{x=192.80,y=13.55,z=0.00}' (at simulation time 494.000,000,000 s)
2025-05-28 00:49:05,900 INFO  - Received event: 494000 (at simulation time IntraVehicleMsg)
2025-05-28 00:49:05,903 INFO  - Sent message to others cars = 'veh_72 | CartesianPoint{x=195.29,y=7.11,z=0.00}' (at simulation time 495.000,000,000 s)
2025-05-28 00:49:05,949 INFO  - Received event: 495000 (at simulation time IntraVehicleMsg)
2025-05-28 00:49:05,952 INFO  - Sent message to others cars = 'veh_72 | CartesianPoint{x=197.02,y=-0.05,z=0.00}' (at simulation time 496.000,000,000 s)
2025-05-28 00:49:05,999 INFO  - Received event: 496000 (at simulation time IntraVehicleMsg)
2025-05-28 00:49:06,003 INFO  - ------------------------------------------------------------------------------------- (at simulation time 497.000,000,000 s)
2025-05-28 00:49:06,003 INFO  - Shutdown application (at simulation time 497.000,000,000 s)
2025-05-28 00:49:06,003 INFO  - ------------------------------------------------------------------------------------- (at simulation time 497.000,000,000 s)
