2025-05-28 00:33:55,701 INFO  - ------------------------------------------------------------------------------------- (at simulation time 510.000,000,000 s)
2025-05-28 00:33:55,702 INFO  - Initialize veh_98 application (at simulation time 510.000,000,000 s)
2025-05-28 00:33:55,702 INFO  - Activated AdHoc Module (at simulation time 510.000,000,000 s)
2025-05-28 00:33:55,702 INFO  - ------------------------------------------------------------------------------------- (at simulation time 510.000,000,000 s)
2025-05-28 00:33:55,703 INFO  - Sent message to others cars = 'veh_98 | CartesianPoint{x=140.74,y=749.35,z=0.00}' (at simulation time 510.000,000,000 s)
2025-05-28 00:33:55,751 INFO  - Received event: 510000 (at simulation time IntraVehicleMsg)
2025-05-28 00:33:55,754 INFO  - Sent message to others cars = 'veh_98 | CartesianPoint{x=140.72,y=741.31,z=0.00}' (at simulation time 511.000,000,000 s)
2025-05-28 00:33:55,804 INFO  - Received event: 511000 (at simulation time IntraVehicleMsg)
2025-05-28 00:33:55,806 INFO  - Sent message to others cars = 'veh_98 | CartesianPoint{x=140.69,y=733.36,z=0.00}' (at simulation time 512.000,000,000 s)
2025-05-28 00:33:55,853 INFO  - Received event: 512000 (at simulation time IntraVehicleMsg)
2025-05-28 00:33:55,855 INFO  - Sent message to others cars = 'veh_98 | CartesianPoint{x=140.67,y=725.88,z=0.00}' (at simulation time 513.000,000,000 s)
2025-05-28 00:33:55,897 INFO  - Received event: 513000 (at simulation time IntraVehicleMsg)
2025-05-28 00:33:55,898 INFO  - Sent message to others cars = 'veh_98 | CartesianPoint{x=140.64,y=717.34,z=0.00}' (at simulation time 514.000,000,000 s)
2025-05-28 00:33:55,941 INFO  - Received event: 514000 (at simulation time IntraVehicleMsg)
2025-05-28 00:33:55,944 INFO  - Sent message to others cars = 'veh_98 | CartesianPoint{x=140.61,y=709.09,z=0.00}' (at simulation time 515.000,000,000 s)
2025-05-28 00:33:55,990 INFO  - Received event: 515000 (at simulation time IntraVehicleMsg)
2025-05-28 00:33:55,991 INFO  - Sent message to others cars = 'veh_98 | CartesianPoint{x=140.58,y=700.64,z=0.00}' (at simulation time 516.000,000,000 s)
2025-05-28 00:33:56,037 INFO  - Received event: 516000 (at simulation time IntraVehicleMsg)
2025-05-28 00:33:56,041 INFO  - Sent message to others cars = 'veh_98 | CartesianPoint{x=140.56,y=693.16,z=0.00}' (at simulation time 517.000,000,000 s)
2025-05-28 00:33:56,079 INFO  - Received event: 517000 (at simulation time IntraVehicleMsg)
2025-05-28 00:33:56,084 INFO  - Sent message to others cars = 'veh_98 | CartesianPoint{x=140.53,y=684.96,z=0.00}' (at simulation time 518.000,000,000 s)
2025-05-28 00:33:56,120 INFO  - Received event: 518000 (at simulation time IntraVehicleMsg)
2025-05-28 00:33:56,122 INFO  - Sent message to others cars = 'veh_98 | CartesianPoint{x=140.50,y=676.83,z=0.00}' (at simulation time 519.000,000,000 s)
2025-05-28 00:33:56,161 INFO  - Received event: 519000 (at simulation time IntraVehicleMsg)
2025-05-28 00:33:56,163 INFO  - Sent message to others cars = 'veh_98 | CartesianPoint{x=140.48,y=668.24,z=0.00}' (at simulation time 520.000,000,000 s)
2025-05-28 00:33:56,196 INFO  - Received event: 520000 (at simulation time IntraVehicleMsg)
2025-05-28 00:33:56,202 INFO  - Sent message to others cars = 'veh_98 | CartesianPoint{x=140.46,y=660.78,z=0.00}' (at simulation time 521.000,000,000 s)
2025-05-28 00:33:56,237 INFO  - Received event: 521000 (at simulation time IntraVehicleMsg)
2025-05-28 00:33:56,239 INFO  - Sent message to others cars = 'veh_98 | CartesianPoint{x=140.44,y=652.65,z=0.00}' (at simulation time 522.000,000,000 s)
2025-05-28 00:33:56,276 INFO  - Received event: 522000 (at simulation time IntraVehicleMsg)
2025-05-28 00:33:56,281 INFO  - Sent message to others cars = 'veh_98 | CartesianPoint{x=140.42,y=644.38,z=0.00}' (at simulation time 523.000,000,000 s)
2025-05-28 00:33:56,313 INFO  - Received event: 523000 (at simulation time IntraVehicleMsg)
2025-05-28 00:33:56,315 INFO  - Sent message to others cars = 'veh_98 | CartesianPoint{x=140.40,y=636.76,z=0.00}' (at simulation time 524.000,000,000 s)
2025-05-28 00:33:56,350 INFO  - Received event: 524000 (at simulation time IntraVehicleMsg)
2025-05-28 00:33:56,352 INFO  - Sent message to others cars = 'veh_98 | CartesianPoint{x=140.38,y=628.86,z=0.00}' (at simulation time 525.000,000,000 s)
2025-05-28 00:33:56,389 INFO  - Received event: 525000 (at simulation time IntraVehicleMsg)
2025-05-28 00:33:56,393 INFO  - Sent message to others cars = 'veh_98 | CartesianPoint{x=140.37,y=621.27,z=0.00}' (at simulation time 526.000,000,000 s)
2025-05-28 00:33:56,432 INFO  - Received event: 526000 (at simulation time IntraVehicleMsg)
2025-05-28 00:33:56,434 INFO  - Sent message to others cars = 'veh_98 | CartesianPoint{x=140.35,y=613.80,z=0.00}' (at simulation time 527.000,000,000 s)
2025-05-28 00:33:56,471 INFO  - Received event: 527000 (at simulation time IntraVehicleMsg)
2025-05-28 00:33:56,473 INFO  - Sent message to others cars = 'veh_98 | CartesianPoint{x=140.33,y=605.65,z=0.00}' (at simulation time 528.000,000,000 s)
2025-05-28 00:33:56,513 INFO  - Received event: 528000 (at simulation time IntraVehicleMsg)
2025-05-28 00:33:56,515 INFO  - Sent message to others cars = 'veh_98 | CartesianPoint{x=140.29,y=598.19,z=0.00}' (at simulation time 529.000,000,000 s)
2025-05-28 00:33:56,555 INFO  - Received event: 529000 (at simulation time IntraVehicleMsg)
2025-05-28 00:33:56,557 INFO  - Sent message to others cars = 'veh_98 | CartesianPoint{x=140.25,y=590.06,z=0.00}' (at simulation time 530.000,000,000 s)
2025-05-28 00:33:56,598 INFO  - Received event: 530000 (at simulation time IntraVehicleMsg)
2025-05-28 00:33:56,604 INFO  - Sent message to others cars = 'veh_98 | CartesianPoint{x=140.21,y=582.12,z=0.00}' (at simulation time 531.000,000,000 s)
2025-05-28 00:33:56,648 INFO  - Received event: 531000 (at simulation time IntraVehicleMsg)
2025-05-28 00:33:56,651 INFO  - Sent message to others cars = 'veh_98 | CartesianPoint{x=140.16,y=574.03,z=0.00}' (at simulation time 532.000,000,000 s)
2025-05-28 00:33:56,694 INFO  - Received event: 532000 (at simulation time IntraVehicleMsg)
2025-05-28 00:33:56,696 INFO  - Sent message to others cars = 'veh_98 | CartesianPoint{x=140.12,y=565.64,z=0.00}' (at simulation time 533.000,000,000 s)
2025-05-28 00:33:56,740 INFO  - Received event: 533000 (at simulation time IntraVehicleMsg)
2025-05-28 00:33:56,743 INFO  - Sent message to others cars = 'veh_98 | CartesianPoint{x=140.08,y=557.60,z=0.00}' (at simulation time 534.000,000,000 s)
2025-05-28 00:33:56,788 INFO  - Received event: 534000 (at simulation time IntraVehicleMsg)
2025-05-28 00:33:56,795 INFO  - Sent message to others cars = 'veh_98 | CartesianPoint{x=140.04,y=550.16,z=0.00}' (at simulation time 535.000,000,000 s)
2025-05-28 00:33:56,841 INFO  - Received event: 535000 (at simulation time IntraVehicleMsg)
2025-05-28 00:33:56,847 INFO  - Sent message to others cars = 'veh_98 | CartesianPoint{x=140.02,y=546.26,z=0.00}' (at simulation time 536.000,000,000 s)
2025-05-28 00:33:56,894 INFO  - Received event: 536000 (at simulation time IntraVehicleMsg)
2025-05-28 00:33:56,897 INFO  - Sent message to others cars = 'veh_98 | CartesianPoint{x=140.01,y=544.76,z=0.00}' (at simulation time 537.000,000,000 s)
2025-05-28 00:33:56,943 INFO  - Received event: 537000 (at simulation time IntraVehicleMsg)
2025-05-28 00:33:56,946 INFO  - Sent message to others cars = 'veh_98 | CartesianPoint{x=140.01,y=544.71,z=0.00}' (at simulation time 538.000,000,000 s)
2025-05-28 00:33:56,994 INFO  - Received event: 538000 (at simulation time IntraVehicleMsg)
2025-05-28 00:33:56,996 INFO  - Sent message to others cars = 'veh_98 | CartesianPoint{x=140.01,y=544.70,z=0.00}' (at simulation time 539.000,000,000 s)
2025-05-28 00:33:57,046 INFO  - Received event: 539000 (at simulation time IntraVehicleMsg)
2025-05-28 00:33:57,049 INFO  - Sent message to others cars = 'veh_98 | CartesianPoint{x=140.01,y=544.69,z=0.00}' (at simulation time 540.000,000,000 s)
2025-05-28 00:33:57,101 INFO  - Received event: 540000 (at simulation time IntraVehicleMsg)
2025-05-28 00:33:57,121 INFO  - Sent message to others cars = 'veh_98 | CartesianPoint{x=140.01,y=544.69,z=0.00}' (at simulation time 541.000,000,000 s)
2025-05-28 00:33:57,172 INFO  - Received event: 541000 (at simulation time IntraVehicleMsg)
2025-05-28 00:33:57,175 INFO  - Sent message to others cars = 'veh_98 | CartesianPoint{x=140.01,y=544.69,z=0.00}' (at simulation time 542.000,000,000 s)
2025-05-28 00:33:57,230 INFO  - Received event: 542000 (at simulation time IntraVehicleMsg)
2025-05-28 00:33:57,233 INFO  - Sent message to others cars = 'veh_98 | CartesianPoint{x=140.01,y=544.69,z=0.00}' (at simulation time 543.000,000,000 s)
2025-05-28 00:33:57,289 INFO  - Received event: 543000 (at simulation time IntraVehicleMsg)
2025-05-28 00:33:57,292 INFO  - Sent message to others cars = 'veh_98 | CartesianPoint{x=140.01,y=544.69,z=0.00}' (at simulation time 544.000,000,000 s)
2025-05-28 00:33:57,348 INFO  - Received event: 544000 (at simulation time IntraVehicleMsg)
2025-05-28 00:33:57,351 INFO  - Sent message to others cars = 'veh_98 | CartesianPoint{x=140.01,y=544.69,z=0.00}' (at simulation time 545.000,000,000 s)
2025-05-28 00:33:57,411 INFO  - Received event: 545000 (at simulation time IntraVehicleMsg)
2025-05-28 00:33:57,415 INFO  - Sent message to others cars = 'veh_98 | CartesianPoint{x=140.01,y=544.69,z=0.00}' (at simulation time 546.000,000,000 s)
2025-05-28 00:33:57,474 INFO  - Received event: 546000 (at simulation time IntraVehicleMsg)
2025-05-28 00:33:57,477 INFO  - Sent message to others cars = 'veh_98 | CartesianPoint{x=140.01,y=544.69,z=0.00}' (at simulation time 547.000,000,000 s)
2025-05-28 00:33:57,538 INFO  - Received event: 547000 (at simulation time IntraVehicleMsg)
2025-05-28 00:33:57,541 INFO  - Sent message to others cars = 'veh_98 | CartesianPoint{x=140.01,y=544.69,z=0.00}' (at simulation time 548.000,000,000 s)
2025-05-28 00:33:57,603 INFO  - Received event: 548000 (at simulation time IntraVehicleMsg)
2025-05-28 00:33:57,613 INFO  - Sent message to others cars = 'veh_98 | CartesianPoint{x=140.01,y=544.69,z=0.00}' (at simulation time 549.000,000,000 s)
2025-05-28 00:33:57,674 INFO  - Received event: 549000 (at simulation time IntraVehicleMsg)
2025-05-28 00:33:57,680 INFO  - Sent message to others cars = 'veh_98 | CartesianPoint{x=140.01,y=544.69,z=0.00}' (at simulation time 550.000,000,000 s)
2025-05-28 00:33:57,742 INFO  - Received event: 550000 (at simulation time IntraVehicleMsg)
2025-05-28 00:33:57,744 INFO  - Sent message to others cars = 'veh_98 | CartesianPoint{x=140.01,y=544.69,z=0.00}' (at simulation time 551.000,000,000 s)
2025-05-28 00:33:57,806 INFO  - Received event: 551000 (at simulation time IntraVehicleMsg)
2025-05-28 00:33:57,812 INFO  - Sent message to others cars = 'veh_98 | CartesianPoint{x=140.01,y=544.69,z=0.00}' (at simulation time 552.000,000,000 s)
2025-05-28 00:33:57,874 INFO  - Received event: 552000 (at simulation time IntraVehicleMsg)
2025-05-28 00:33:57,877 INFO  - Sent message to others cars = 'veh_98 | CartesianPoint{x=140.01,y=544.69,z=0.00}' (at simulation time 553.000,000,000 s)
2025-05-28 00:33:57,941 INFO  - Received event: 553000 (at simulation time IntraVehicleMsg)
2025-05-28 00:33:57,944 INFO  - Sent message to others cars = 'veh_98 | CartesianPoint{x=140.01,y=544.69,z=0.00}' (at simulation time 554.000,000,000 s)
2025-05-28 00:33:58,012 INFO  - Received event: 554000 (at simulation time IntraVehicleMsg)
2025-05-28 00:33:58,015 INFO  - Sent message to others cars = 'veh_98 | CartesianPoint{x=140.01,y=544.69,z=0.00}' (at simulation time 555.000,000,000 s)
2025-05-28 00:33:58,082 INFO  - Received event: 555000 (at simulation time IntraVehicleMsg)
2025-05-28 00:33:58,087 INFO  - Sent message to others cars = 'veh_98 | CartesianPoint{x=140.01,y=544.69,z=0.00}' (at simulation time 556.000,000,000 s)
2025-05-28 00:33:58,159 INFO  - Received event: 556000 (at simulation time IntraVehicleMsg)
2025-05-28 00:33:58,169 INFO  - Sent message to others cars = 'veh_98 | CartesianPoint{x=140.01,y=544.69,z=0.00}' (at simulation time 557.000,000,000 s)
2025-05-28 00:33:58,237 INFO  - Received event: 557000 (at simulation time IntraVehicleMsg)
2025-05-28 00:33:58,239 INFO  - Sent message to others cars = 'veh_98 | CartesianPoint{x=140.01,y=544.69,z=0.00}' (at simulation time 558.000,000,000 s)
2025-05-28 00:33:58,308 INFO  - Received event: 558000 (at simulation time IntraVehicleMsg)
2025-05-28 00:33:58,311 INFO  - Sent message to others cars = 'veh_98 | CartesianPoint{x=140.01,y=544.69,z=0.00}' (at simulation time 559.000,000,000 s)
2025-05-28 00:33:58,384 INFO  - Received event: 559000 (at simulation time IntraVehicleMsg)
2025-05-28 00:33:58,387 INFO  - Sent message to others cars = 'veh_98 | CartesianPoint{x=140.01,y=544.69,z=0.00}' (at simulation time 560.000,000,000 s)
2025-05-28 00:33:58,458 INFO  - Received event: 560000 (at simulation time IntraVehicleMsg)
2025-05-28 00:33:58,461 INFO  - Sent message to others cars = 'veh_98 | CartesianPoint{x=140.01,y=544.69,z=0.00}' (at simulation time 561.000,000,000 s)
2025-05-28 00:33:58,532 INFO  - Received event: 561000 (at simulation time IntraVehicleMsg)
2025-05-28 00:33:58,538 INFO  - Sent message to others cars = 'veh_98 | CartesianPoint{x=140.01,y=544.69,z=0.00}' (at simulation time 562.000,000,000 s)
2025-05-28 00:33:58,614 INFO  - Received event: 562000 (at simulation time IntraVehicleMsg)
2025-05-28 00:33:58,617 INFO  - Sent message to others cars = 'veh_98 | CartesianPoint{x=140.01,y=544.69,z=0.00}' (at simulation time 563.000,000,000 s)
2025-05-28 00:33:58,693 INFO  - Received event: 563000 (at simulation time IntraVehicleMsg)
2025-05-28 00:33:58,696 INFO  - Sent message to others cars = 'veh_98 | CartesianPoint{x=140.01,y=544.69,z=0.00}' (at simulation time 564.000,000,000 s)
2025-05-28 00:33:58,774 INFO  - Received event: 564000 (at simulation time IntraVehicleMsg)
2025-05-28 00:33:58,777 INFO  - Sent message to others cars = 'veh_98 | CartesianPoint{x=140.01,y=544.69,z=0.00}' (at simulation time 565.000,000,000 s)
2025-05-28 00:33:58,858 INFO  - Received event: 565000 (at simulation time IntraVehicleMsg)
2025-05-28 00:33:58,861 INFO  - Sent message to others cars = 'veh_98 | CartesianPoint{x=140.01,y=544.69,z=0.00}' (at simulation time 566.000,000,000 s)
2025-05-28 00:33:58,942 INFO  - Received event: 566000 (at simulation time IntraVehicleMsg)
2025-05-28 00:33:58,944 INFO  - Sent message to others cars = 'veh_98 | CartesianPoint{x=140.01,y=544.69,z=0.00}' (at simulation time 567.000,000,000 s)
2025-05-28 00:33:59,019 INFO  - Received event: 567000 (at simulation time IntraVehicleMsg)
2025-05-28 00:33:59,021 INFO  - Sent message to others cars = 'veh_98 | CartesianPoint{x=140.01,y=544.69,z=0.00}' (at simulation time 568.000,000,000 s)
2025-05-28 00:33:59,087 INFO  - Received event: 568000 (at simulation time IntraVehicleMsg)
2025-05-28 00:33:59,090 INFO  - Sent message to others cars = 'veh_98 | CartesianPoint{x=140.01,y=544.69,z=0.00}' (at simulation time 569.000,000,000 s)
2025-05-28 00:33:59,158 INFO  - Received event: 569000 (at simulation time IntraVehicleMsg)
2025-05-28 00:33:59,162 INFO  - Sent message to others cars = 'veh_98 | CartesianPoint{x=140.01,y=544.69,z=0.00}' (at simulation time 570.000,000,000 s)
2025-05-28 00:33:59,237 INFO  - Received event: 570000 (at simulation time IntraVehicleMsg)
2025-05-28 00:33:59,248 INFO  - Sent message to others cars = 'veh_98 | CartesianPoint{x=140.01,y=544.69,z=0.00}' (at simulation time 571.000,000,000 s)
2025-05-28 00:33:59,313 INFO  - Received event: 571000 (at simulation time IntraVehicleMsg)
2025-05-28 00:33:59,322 INFO  - Sent message to others cars = 'veh_98 | CartesianPoint{x=140.01,y=544.69,z=0.00}' (at simulation time 572.000,000,000 s)
2025-05-28 00:33:59,388 INFO  - Received event: 572000 (at simulation time IntraVehicleMsg)
2025-05-28 00:33:59,391 INFO  - Sent message to others cars = 'veh_98 | CartesianPoint{x=140.01,y=544.69,z=0.00}' (at simulation time 573.000,000,000 s)
2025-05-28 00:33:59,457 INFO  - Received event: 573000 (at simulation time IntraVehicleMsg)
2025-05-28 00:33:59,460 INFO  - Sent message to others cars = 'veh_98 | CartesianPoint{x=140.01,y=544.69,z=0.00}' (at simulation time 574.000,000,000 s)
2025-05-28 00:33:59,520 INFO  - Received event: 574000 (at simulation time IntraVehicleMsg)
2025-05-28 00:33:59,533 INFO  - Sent message to others cars = 'veh_98 | CartesianPoint{x=140.01,y=544.69,z=0.00}' (at simulation time 575.000,000,000 s)
2025-05-28 00:33:59,597 INFO  - Received event: 575000 (at simulation time IntraVehicleMsg)
2025-05-28 00:33:59,607 INFO  - Sent message to others cars = 'veh_98 | CartesianPoint{x=140.01,y=544.69,z=0.00}' (at simulation time 576.000,000,000 s)
2025-05-28 00:33:59,667 INFO  - Received event: 576000 (at simulation time IntraVehicleMsg)
2025-05-28 00:33:59,672 INFO  - Sent message to others cars = 'veh_98 | CartesianPoint{x=140.01,y=544.69,z=0.00}' (at simulation time 577.000,000,000 s)
2025-05-28 00:33:59,729 INFO  - Received event: 577000 (at simulation time IntraVehicleMsg)
2025-05-28 00:33:59,732 INFO  - Sent message to others cars = 'veh_98 | CartesianPoint{x=140.00,y=543.44,z=0.00}' (at simulation time 578.000,000,000 s)
2025-05-28 00:33:59,792 INFO  - Received event: 578000 (at simulation time IntraVehicleMsg)
2025-05-28 00:33:59,795 INFO  - Sent message to others cars = 'veh_98 | CartesianPoint{x=139.98,y=539.71,z=0.00}' (at simulation time 579.000,000,000 s)
2025-05-28 00:33:59,856 INFO  - Received event: 579000 (at simulation time IntraVehicleMsg)
2025-05-28 00:33:59,860 INFO  - Sent message to others cars = 'veh_98 | CartesianPoint{x=139.98,y=538.19,z=0.00}' (at simulation time 580.000,000,000 s)
2025-05-28 00:33:59,919 INFO  - Received event: 580000 (at simulation time IntraVehicleMsg)
2025-05-28 00:33:59,922 INFO  - Sent message to others cars = 'veh_98 | CartesianPoint{x=139.98,y=538.19,z=0.00}' (at simulation time 581.000,000,000 s)
2025-05-28 00:33:59,976 INFO  - Received event: 581000 (at simulation time IntraVehicleMsg)
2025-05-28 00:33:59,984 INFO  - Sent message to others cars = 'veh_98 | CartesianPoint{x=139.98,y=538.19,z=0.00}' (at simulation time 582.000,000,000 s)
2025-05-28 00:34:00,034 INFO  - Received event: 582000 (at simulation time IntraVehicleMsg)
2025-05-28 00:34:00,037 INFO  - Sent message to others cars = 'veh_98 | CartesianPoint{x=139.98,y=538.19,z=0.00}' (at simulation time 583.000,000,000 s)
2025-05-28 00:34:00,089 INFO  - Received event: 583000 (at simulation time IntraVehicleMsg)
2025-05-28 00:34:00,092 INFO  - Sent message to others cars = 'veh_98 | CartesianPoint{x=139.98,y=538.19,z=0.00}' (at simulation time 584.000,000,000 s)
2025-05-28 00:34:00,143 INFO  - Received event: 584000 (at simulation time IntraVehicleMsg)
2025-05-28 00:34:00,153 INFO  - Sent message to others cars = 'veh_98 | CartesianPoint{x=139.98,y=538.19,z=0.00}' (at simulation time 585.000,000,000 s)
2025-05-28 00:34:00,196 INFO  - Received event: 585000 (at simulation time IntraVehicleMsg)
2025-05-28 00:34:00,199 INFO  - Sent message to others cars = 'veh_98 | CartesianPoint{x=139.98,y=538.19,z=0.00}' (at simulation time 586.000,000,000 s)
2025-05-28 00:34:00,242 INFO  - Received event: 586000 (at simulation time IntraVehicleMsg)
2025-05-28 00:34:00,245 INFO  - Sent message to others cars = 'veh_98 | CartesianPoint{x=139.98,y=538.19,z=0.00}' (at simulation time 587.000,000,000 s)
2025-05-28 00:34:00,291 INFO  - Received event: 587000 (at simulation time IntraVehicleMsg)
2025-05-28 00:34:00,294 INFO  - Sent message to others cars = 'veh_98 | CartesianPoint{x=139.98,y=538.19,z=0.00}' (at simulation time 588.000,000,000 s)
2025-05-28 00:34:00,340 INFO  - Received event: 588000 (at simulation time IntraVehicleMsg)
2025-05-28 00:34:00,345 INFO  - Sent message to others cars = 'veh_98 | CartesianPoint{x=139.98,y=538.19,z=0.00}' (at simulation time 589.000,000,000 s)
2025-05-28 00:34:00,392 INFO  - Received event: 589000 (at simulation time IntraVehicleMsg)
2025-05-28 00:34:00,395 INFO  - Sent message to others cars = 'veh_98 | CartesianPoint{x=139.98,y=538.19,z=0.00}' (at simulation time 590.000,000,000 s)
2025-05-28 00:34:00,443 INFO  - Received event: 590000 (at simulation time IntraVehicleMsg)
2025-05-28 00:34:00,445 INFO  - Sent message to others cars = 'veh_98 | CartesianPoint{x=139.98,y=538.19,z=0.00}' (at simulation time 591.000,000,000 s)
2025-05-28 00:34:00,495 INFO  - Received event: 591000 (at simulation time IntraVehicleMsg)
2025-05-28 00:34:00,498 INFO  - Sent message to others cars = 'veh_98 | CartesianPoint{x=139.98,y=538.19,z=0.00}' (at simulation time 592.000,000,000 s)
2025-05-28 00:34:00,550 INFO  - Received event: 592000 (at simulation time IntraVehicleMsg)
2025-05-28 00:34:00,557 INFO  - Sent message to others cars = 'veh_98 | CartesianPoint{x=139.98,y=538.19,z=0.00}' (at simulation time 593.000,000,000 s)
2025-05-28 00:34:00,610 INFO  - Received event: 593000 (at simulation time IntraVehicleMsg)
2025-05-28 00:34:00,612 INFO  - Sent message to others cars = 'veh_98 | CartesianPoint{x=139.98,y=538.19,z=0.00}' (at simulation time 594.000,000,000 s)
2025-05-28 00:34:00,659 INFO  - Received event: 594000 (at simulation time IntraVehicleMsg)
2025-05-28 00:34:00,662 INFO  - Sent message to others cars = 'veh_98 | CartesianPoint{x=139.98,y=538.19,z=0.00}' (at simulation time 595.000,000,000 s)
2025-05-28 00:34:00,710 INFO  - Received event: 595000 (at simulation time IntraVehicleMsg)
2025-05-28 00:34:00,726 INFO  - Sent message to others cars = 'veh_98 | CartesianPoint{x=139.98,y=538.19,z=0.00}' (at simulation time 596.000,000,000 s)
2025-05-28 00:34:00,776 INFO  - Received event: 596000 (at simulation time IntraVehicleMsg)
2025-05-28 00:34:00,787 INFO  - Sent message to others cars = 'veh_98 | CartesianPoint{x=139.98,y=538.19,z=0.00}' (at simulation time 597.000,000,000 s)
2025-05-28 00:34:00,840 INFO  - Received event: 597000 (at simulation time IntraVehicleMsg)
2025-05-28 00:34:00,846 INFO  - Sent message to others cars = 'veh_98 | CartesianPoint{x=139.98,y=538.19,z=0.00}' (at simulation time 598.000,000,000 s)
2025-05-28 00:34:00,897 INFO  - Received event: 598000 (at simulation time IntraVehicleMsg)
2025-05-28 00:34:00,901 INFO  - Sent message to others cars = 'veh_98 | CartesianPoint{x=139.98,y=538.19,z=0.00}' (at simulation time 599.000,000,000 s)
2025-05-28 00:34:00,952 INFO  - Received event: 599000 (at simulation time IntraVehicleMsg)
2025-05-28 00:34:00,956 INFO  - Sent message to others cars = 'veh_98 | CartesianPoint{x=139.98,y=538.19,z=0.00}' (at simulation time 600.000,000,000 s)
2025-05-28 00:34:01,008 INFO  - Received event: 600000 (at simulation time IntraVehicleMsg)
2025-05-28 00:34:01,012 INFO  - Sent message to others cars = 'veh_98 | CartesianPoint{x=139.98,y=538.19,z=0.00}' (at simulation time 601.000,000,000 s)
2025-05-28 00:34:01,065 INFO  - Received event: 601000 (at simulation time IntraVehicleMsg)
2025-05-28 00:34:01,069 INFO  - Sent message to others cars = 'veh_98 | CartesianPoint{x=139.98,y=538.19,z=0.00}' (at simulation time 602.000,000,000 s)
2025-05-28 00:34:01,120 INFO  - Received event: 602000 (at simulation time IntraVehicleMsg)
2025-05-28 00:34:01,127 INFO  - Sent message to others cars = 'veh_98 | CartesianPoint{x=139.98,y=538.19,z=0.00}' (at simulation time 603.000,000,000 s)
2025-05-28 00:34:01,183 INFO  - Received event: 603000 (at simulation time IntraVehicleMsg)
2025-05-28 00:34:01,187 INFO  - Sent message to others cars = 'veh_98 | CartesianPoint{x=139.98,y=538.19,z=0.00}' (at simulation time 604.000,000,000 s)
2025-05-28 00:34:01,244 INFO  - Received event: 604000 (at simulation time IntraVehicleMsg)
2025-05-28 00:34:01,248 INFO  - Sent message to others cars = 'veh_98 | CartesianPoint{x=139.98,y=538.19,z=0.00}' (at simulation time 605.000,000,000 s)
2025-05-28 00:34:01,302 INFO  - Received event: 605000 (at simulation time IntraVehicleMsg)
2025-05-28 00:34:01,306 INFO  - Sent message to others cars = 'veh_98 | CartesianPoint{x=139.98,y=538.19,z=0.00}' (at simulation time 606.000,000,000 s)
2025-05-28 00:34:01,366 INFO  - Received event: 606000 (at simulation time IntraVehicleMsg)
2025-05-28 00:34:01,379 INFO  - Sent message to others cars = 'veh_98 | CartesianPoint{x=139.98,y=538.19,z=0.00}' (at simulation time 607.000,000,000 s)
2025-05-28 00:34:01,441 INFO  - Received event: 607000 (at simulation time IntraVehicleMsg)
2025-05-28 00:34:01,445 INFO  - Sent message to others cars = 'veh_98 | CartesianPoint{x=139.98,y=538.19,z=0.00}' (at simulation time 608.000,000,000 s)
2025-05-28 00:34:01,506 INFO  - Received event: 608000 (at simulation time IntraVehicleMsg)
2025-05-28 00:34:01,515 INFO  - Sent message to others cars = 'veh_98 | CartesianPoint{x=139.98,y=538.19,z=0.00}' (at simulation time 609.000,000,000 s)
2025-05-28 00:34:01,578 INFO  - Received event: 609000 (at simulation time IntraVehicleMsg)
2025-05-28 00:34:01,582 INFO  - Sent message to others cars = 'veh_98 | CartesianPoint{x=139.98,y=538.19,z=0.00}' (at simulation time 610.000,000,000 s)
2025-05-28 00:34:01,645 INFO  - Received event: 610000 (at simulation time IntraVehicleMsg)
2025-05-28 00:34:01,649 INFO  - Sent message to others cars = 'veh_98 | CartesianPoint{x=139.98,y=538.19,z=0.00}' (at simulation time 611.000,000,000 s)
2025-05-28 00:34:01,712 INFO  - Received event: 611000 (at simulation time IntraVehicleMsg)
2025-05-28 00:34:01,716 INFO  - Sent message to others cars = 'veh_98 | CartesianPoint{x=139.98,y=538.19,z=0.00}' (at simulation time 612.000,000,000 s)
2025-05-28 00:34:01,780 INFO  - Received event: 612000 (at simulation time IntraVehicleMsg)
2025-05-28 00:34:01,787 INFO  - Sent message to others cars = 'veh_98 | CartesianPoint{x=139.98,y=538.19,z=0.00}' (at simulation time 613.000,000,000 s)
2025-05-28 00:34:01,855 INFO  - Received event: 613000 (at simulation time IntraVehicleMsg)
2025-05-28 00:34:01,859 INFO  - Sent message to others cars = 'veh_98 | CartesianPoint{x=139.98,y=538.19,z=0.00}' (at simulation time 614.000,000,000 s)
2025-05-28 00:34:01,929 INFO  - Received event: 614000 (at simulation time IntraVehicleMsg)
2025-05-28 00:34:01,933 INFO  - Sent message to others cars = 'veh_98 | CartesianPoint{x=139.98,y=538.19,z=0.00}' (at simulation time 615.000,000,000 s)
2025-05-28 00:34:02,000 INFO  - Received event: 615000 (at simulation time IntraVehicleMsg)
2025-05-28 00:34:02,003 INFO  - Sent message to others cars = 'veh_98 | CartesianPoint{x=139.98,y=538.19,z=0.00}' (at simulation time 616.000,000,000 s)
2025-05-28 00:34:02,073 INFO  - Received event: 616000 (at simulation time IntraVehicleMsg)
2025-05-28 00:34:02,077 INFO  - Sent message to others cars = 'veh_98 | CartesianPoint{x=139.98,y=538.19,z=0.00}' (at simulation time 617.000,000,000 s)
2025-05-28 00:34:02,149 INFO  - Received event: 617000 (at simulation time IntraVehicleMsg)
2025-05-28 00:34:02,165 INFO  - Sent message to others cars = 'veh_98 | CartesianPoint{x=139.98,y=538.19,z=0.00}' (at simulation time 618.000,000,000 s)
2025-05-28 00:34:02,239 INFO  - Received event: 618000 (at simulation time IntraVehicleMsg)
2025-05-28 00:34:02,258 INFO  - Sent message to others cars = 'veh_98 | CartesianPoint{x=139.98,y=538.19,z=0.00}' (at simulation time 619.000,000,000 s)
2025-05-28 00:34:02,341 INFO  - Received event: 619000 (at simulation time IntraVehicleMsg)
2025-05-28 00:34:02,351 INFO  - Sent message to others cars = 'veh_98 | CartesianPoint{x=139.98,y=538.19,z=0.00}' (at simulation time 620.000,000,000 s)
2025-05-28 00:34:02,425 INFO  - Received event: 620000 (at simulation time IntraVehicleMsg)
2025-05-28 00:34:02,428 INFO  - Sent message to others cars = 'veh_98 | CartesianPoint{x=139.98,y=538.19,z=0.00}' (at simulation time 621.000,000,000 s)
2025-05-28 00:34:02,506 INFO  - Received event: 621000 (at simulation time IntraVehicleMsg)
2025-05-28 00:34:02,512 INFO  - Sent message to others cars = 'veh_98 | CartesianPoint{x=139.98,y=538.19,z=0.00}' (at simulation time 622.000,000,000 s)
2025-05-28 00:34:02,587 INFO  - Received event: 622000 (at simulation time IntraVehicleMsg)
2025-05-28 00:34:02,591 INFO  - Sent message to others cars = 'veh_98 | CartesianPoint{x=139.98,y=538.19,z=0.00}' (at simulation time 623.000,000,000 s)
2025-05-28 00:34:02,670 INFO  - Received event: 623000 (at simulation time IntraVehicleMsg)
2025-05-28 00:34:02,678 INFO  - Sent message to others cars = 'veh_98 | CartesianPoint{x=139.98,y=538.19,z=0.00}' (at simulation time 624.000,000,000 s)
2025-05-28 00:34:02,760 INFO  - Received event: 624000 (at simulation time IntraVehicleMsg)
2025-05-28 00:34:02,764 INFO  - Sent message to others cars = 'veh_98 | CartesianPoint{x=139.98,y=538.19,z=0.00}' (at simulation time 625.000,000,000 s)
2025-05-28 00:34:02,847 INFO  - Received event: 625000 (at simulation time IntraVehicleMsg)
2025-05-28 00:34:02,851 INFO  - Sent message to others cars = 'veh_98 | CartesianPoint{x=139.98,y=538.19,z=0.00}' (at simulation time 626.000,000,000 s)
2025-05-28 00:34:02,936 INFO  - Received event: 626000 (at simulation time IntraVehicleMsg)
2025-05-28 00:34:02,940 INFO  - Sent message to others cars = 'veh_98 | CartesianPoint{x=139.98,y=538.19,z=0.00}' (at simulation time 627.000,000,000 s)
2025-05-28 00:34:03,026 INFO  - Received event: 627000 (at simulation time IntraVehicleMsg)
2025-05-28 00:34:03,030 INFO  - Sent message to others cars = 'veh_98 | CartesianPoint{x=139.98,y=538.19,z=0.00}' (at simulation time 628.000,000,000 s)
2025-05-28 00:34:03,117 INFO  - Received event: 628000 (at simulation time IntraVehicleMsg)
2025-05-28 00:34:03,125 INFO  - Sent message to others cars = 'veh_98 | CartesianPoint{x=139.98,y=538.19,z=0.00}' (at simulation time 629.000,000,000 s)
2025-05-28 00:34:03,213 INFO  - Received event: 629000 (at simulation time IntraVehicleMsg)
2025-05-28 00:34:03,218 INFO  - Sent message to others cars = 'veh_98 | CartesianPoint{x=139.96,y=536.01,z=0.00}' (at simulation time 630.000,000,000 s)
2025-05-28 00:34:03,308 INFO  - Received event: 630000 (at simulation time IntraVehicleMsg)
2025-05-28 00:34:03,325 INFO  - Sent message to others cars = 'veh_98 | CartesianPoint{x=139.93,y=532.29,z=0.00}' (at simulation time 631.000,000,000 s)
2025-05-28 00:34:03,413 INFO  - Received event: 631000 (at simulation time IntraVehicleMsg)
2025-05-28 00:34:03,424 INFO  - Sent message to others cars = 'veh_98 | CartesianPoint{x=139.88,y=526.02,z=0.00}' (at simulation time 632.000,000,000 s)
2025-05-28 00:34:03,510 INFO  - Received event: 632000 (at simulation time IntraVehicleMsg)
2025-05-28 00:34:03,514 INFO  - Sent message to others cars = 'veh_98 | CartesianPoint{x=139.80,y=517.35,z=0.00}' (at simulation time 633.000,000,000 s)
2025-05-28 00:34:03,606 INFO  - Received event: 633000 (at simulation time IntraVehicleMsg)
2025-05-28 00:34:03,614 INFO  - Sent message to others cars = 'veh_98 | CartesianPoint{x=139.72,y=509.01,z=0.00}' (at simulation time 634.000,000,000 s)
2025-05-28 00:34:03,708 INFO  - Received event: 634000 (at simulation time IntraVehicleMsg)
2025-05-28 00:34:03,716 INFO  - Sent message to others cars = 'veh_98 | CartesianPoint{x=139.64,y=500.78,z=0.00}' (at simulation time 635.000,000,000 s)
2025-05-28 00:34:03,813 INFO  - Received event: 635000 (at simulation time IntraVehicleMsg)
2025-05-28 00:34:03,823 INFO  - Sent message to others cars = 'veh_98 | CartesianPoint{x=139.57,y=493.13,z=0.00}' (at simulation time 636.000,000,000 s)
2025-05-28 00:34:03,920 INFO  - Received event: 636000 (at simulation time IntraVehicleMsg)
2025-05-28 00:34:03,935 INFO  - Sent message to others cars = 'veh_98 | CartesianPoint{x=139.49,y=485.38,z=0.00}' (at simulation time 637.000,000,000 s)
2025-05-28 00:34:04,030 INFO  - Received event: 637000 (at simulation time IntraVehicleMsg)
2025-05-28 00:34:04,040 INFO  - Sent message to others cars = 'veh_98 | CartesianPoint{x=139.41,y=477.03,z=0.00}' (at simulation time 638.000,000,000 s)
2025-05-28 00:34:04,134 INFO  - Received event: 638000 (at simulation time IntraVehicleMsg)
2025-05-28 00:34:04,140 INFO  - Sent message to others cars = 'veh_98 | CartesianPoint{x=139.34,y=469.60,z=0.00}' (at simulation time 639.000,000,000 s)
2025-05-28 00:34:04,241 INFO  - Received event: 639000 (at simulation time IntraVehicleMsg)
2025-05-28 00:34:04,250 INFO  - Sent message to others cars = 'veh_98 | CartesianPoint{x=139.26,y=460.91,z=0.00}' (at simulation time 640.000,000,000 s)
2025-05-28 00:34:04,332 INFO  - Received event: 640000 (at simulation time IntraVehicleMsg)
2025-05-28 00:34:04,335 INFO  - Sent message to others cars = 'veh_98 | CartesianPoint{x=139.19,y=453.18,z=0.00}' (at simulation time 641.000,000,000 s)
2025-05-28 00:34:04,419 INFO  - Received event: 641000 (at simulation time IntraVehicleMsg)
2025-05-28 00:34:04,422 INFO  - Sent message to others cars = 'veh_98 | CartesianPoint{x=139.18,y=445.54,z=0.00}' (at simulation time 642.000,000,000 s)
2025-05-28 00:34:04,500 INFO  - Received event: 642000 (at simulation time IntraVehicleMsg)
2025-05-28 00:34:04,503 INFO  - Sent message to others cars = 'veh_98 | CartesianPoint{x=139.17,y=437.01,z=0.00}' (at simulation time 643.000,000,000 s)
2025-05-28 00:34:04,581 INFO  - Received event: 643000 (at simulation time IntraVehicleMsg)
2025-05-28 00:34:04,588 INFO  - Sent message to others cars = 'veh_98 | CartesianPoint{x=139.15,y=428.50,z=0.00}' (at simulation time 644.000,000,000 s)
2025-05-28 00:34:04,669 INFO  - Received event: 644000 (at simulation time IntraVehicleMsg)
2025-05-28 00:34:04,673 INFO  - Sent message to others cars = 'veh_98 | CartesianPoint{x=139.13,y=420.23,z=0.00}' (at simulation time 645.000,000,000 s)
2025-05-28 00:34:04,753 INFO  - Received event: 645000 (at simulation time IntraVehicleMsg)
2025-05-28 00:34:04,756 INFO  - Sent message to others cars = 'veh_98 | CartesianPoint{x=139.11,y=412.00,z=0.00}' (at simulation time 646.000,000,000 s)
2025-05-28 00:34:04,841 INFO  - Received event: 646000 (at simulation time IntraVehicleMsg)
2025-05-28 00:34:04,844 INFO  - Sent message to others cars = 'veh_98 | CartesianPoint{x=139.10,y=404.43,z=0.00}' (at simulation time 647.000,000,000 s)
2025-05-28 00:34:04,927 INFO  - Received event: 647000 (at simulation time IntraVehicleMsg)
2025-05-28 00:34:04,929 INFO  - Sent message to others cars = 'veh_98 | CartesianPoint{x=139.08,y=396.05,z=0.00}' (at simulation time 648.000,000,000 s)
2025-05-28 00:34:05,014 INFO  - Received event: 648000 (at simulation time IntraVehicleMsg)
2025-05-28 00:34:05,019 INFO  - Sent message to others cars = 'veh_98 | CartesianPoint{x=139.06,y=387.45,z=0.00}' (at simulation time 649.000,000,000 s)
2025-05-28 00:34:05,106 INFO  - Received event: 649000 (at simulation time IntraVehicleMsg)
2025-05-28 00:34:05,109 INFO  - Sent message to others cars = 'veh_98 | CartesianPoint{x=139.05,y=379.53,z=0.00}' (at simulation time 650.000,000,000 s)
2025-05-28 00:34:05,197 INFO  - Received event: 650000 (at simulation time IntraVehicleMsg)
2025-05-28 00:34:05,204 INFO  - Sent message to others cars = 'veh_98 | CartesianPoint{x=139.03,y=371.67,z=0.00}' (at simulation time 651.000,000,000 s)
2025-05-28 00:34:05,293 INFO  - Received event: 651000 (at simulation time IntraVehicleMsg)
2025-05-28 00:34:05,296 INFO  - Sent message to others cars = 'veh_98 | CartesianPoint{x=139.01,y=363.03,z=0.00}' (at simulation time 652.000,000,000 s)
2025-05-28 00:34:05,384 INFO  - Received event: 652000 (at simulation time IntraVehicleMsg)
2025-05-28 00:34:05,388 INFO  - Sent message to others cars = 'veh_98 | CartesianPoint{x=138.98,y=354.44,z=0.00}' (at simulation time 653.000,000,000 s)
2025-05-28 00:34:05,479 INFO  - Received event: 653000 (at simulation time IntraVehicleMsg)
2025-05-28 00:34:05,486 INFO  - Sent message to others cars = 'veh_98 | CartesianPoint{x=138.91,y=346.35,z=0.00}' (at simulation time 654.000,000,000 s)
2025-05-28 00:34:05,569 INFO  - Received event: 654000 (at simulation time IntraVehicleMsg)
2025-05-28 00:34:05,573 INFO  - Sent message to others cars = 'veh_98 | CartesianPoint{x=138.84,y=338.40,z=0.00}' (at simulation time 655.000,000,000 s)
2025-05-28 00:34:05,658 INFO  - Received event: 655000 (at simulation time IntraVehicleMsg)
2025-05-28 00:34:05,667 INFO  - Sent message to others cars = 'veh_98 | CartesianPoint{x=138.76,y=329.81,z=0.00}' (at simulation time 656.000,000,000 s)
2025-05-28 00:34:05,753 INFO  - Received event: 656000 (at simulation time IntraVehicleMsg)
2025-05-28 00:34:05,756 INFO  - Sent message to others cars = 'veh_98 | CartesianPoint{x=138.70,y=322.17,z=0.00}' (at simulation time 657.000,000,000 s)
2025-05-28 00:34:05,842 INFO  - Received event: 657000 (at simulation time IntraVehicleMsg)
2025-05-28 00:34:05,845 INFO  - Sent message to others cars = 'veh_98 | CartesianPoint{x=138.63,y=314.22,z=0.00}' (at simulation time 658.000,000,000 s)
2025-05-28 00:34:05,934 INFO  - Received event: 658000 (at simulation time IntraVehicleMsg)
2025-05-28 00:34:05,937 INFO  - Sent message to others cars = 'veh_98 | CartesianPoint{x=138.55,y=305.58,z=0.00}' (at simulation time 659.000,000,000 s)
2025-05-28 00:34:06,025 INFO  - Received event: 659000 (at simulation time IntraVehicleMsg)
2025-05-28 00:34:06,028 INFO  - Sent message to others cars = 'veh_98 | CartesianPoint{x=138.48,y=297.18,z=0.00}' (at simulation time 660.000,000,000 s)
2025-05-28 00:34:06,121 INFO  - Received event: 660000 (at simulation time IntraVehicleMsg)
2025-05-28 00:34:06,127 INFO  - Sent message to others cars = 'veh_98 | CartesianPoint{x=138.41,y=288.90,z=0.00}' (at simulation time 661.000,000,000 s)
2025-05-28 00:34:06,217 INFO  - Received event: 661000 (at simulation time IntraVehicleMsg)
2025-05-28 00:34:06,221 INFO  - Sent message to others cars = 'veh_98 | CartesianPoint{x=138.34,y=281.12,z=0.00}' (at simulation time 662.000,000,000 s)
2025-05-28 00:34:06,311 INFO  - Received event: 662000 (at simulation time IntraVehicleMsg)
2025-05-28 00:34:06,314 INFO  - Sent message to others cars = 'veh_98 | CartesianPoint{x=138.27,y=272.50,z=0.00}' (at simulation time 663.000,000,000 s)
2025-05-28 00:34:06,399 INFO  - Received event: 663000 (at simulation time IntraVehicleMsg)
2025-05-28 00:34:06,403 INFO  - Sent message to others cars = 'veh_98 | CartesianPoint{x=138.20,y=264.84,z=0.00}' (at simulation time 664.000,000,000 s)
2025-05-28 00:34:06,487 INFO  - Received event: 664000 (at simulation time IntraVehicleMsg)
2025-05-28 00:34:06,494 INFO  - Sent message to others cars = 'veh_98 | CartesianPoint{x=138.13,y=257.10,z=0.00}' (at simulation time 665.000,000,000 s)
2025-05-28 00:34:06,582 INFO  - Received event: 665000 (at simulation time IntraVehicleMsg)
2025-05-28 00:34:06,585 INFO  - Sent message to others cars = 'veh_98 | CartesianPoint{x=138.07,y=249.34,z=0.00}' (at simulation time 666.000,000,000 s)
2025-05-28 00:34:06,676 INFO  - Received event: 666000 (at simulation time IntraVehicleMsg)
2025-05-28 00:34:06,687 INFO  - Sent message to others cars = 'veh_98 | CartesianPoint{x=138.01,y=241.47,z=0.00}' (at simulation time 667.000,000,000 s)
2025-05-28 00:34:06,778 INFO  - Received event: 667000 (at simulation time IntraVehicleMsg)
2025-05-28 00:34:06,781 INFO  - Sent message to others cars = 'veh_98 | CartesianPoint{x=137.94,y=233.64,z=0.00}' (at simulation time 668.000,000,000 s)
2025-05-28 00:34:06,869 INFO  - Received event: 668000 (at simulation time IntraVehicleMsg)
2025-05-28 00:34:06,873 INFO  - Sent message to others cars = 'veh_98 | CartesianPoint{x=137.87,y=225.32,z=0.00}' (at simulation time 669.000,000,000 s)
2025-05-28 00:34:06,964 INFO  - Received event: 669000 (at simulation time IntraVehicleMsg)
2025-05-28 00:34:06,967 INFO  - Sent message to others cars = 'veh_98 | CartesianPoint{x=137.81,y=217.62,z=0.00}' (at simulation time 670.000,000,000 s)
2025-05-28 00:34:07,058 INFO  - Received event: 670000 (at simulation time IntraVehicleMsg)
2025-05-28 00:34:07,061 INFO  - Sent message to others cars = 'veh_98 | CartesianPoint{x=137.74,y=209.74,z=0.00}' (at simulation time 671.000,000,000 s)
2025-05-28 00:34:07,157 INFO  - Received event: 671000 (at simulation time IntraVehicleMsg)
2025-05-28 00:34:07,163 INFO  - Sent message to others cars = 'veh_98 | CartesianPoint{x=137.67,y=201.10,z=0.00}' (at simulation time 672.000,000,000 s)
2025-05-28 00:34:07,258 INFO  - Received event: 672000 (at simulation time IntraVehicleMsg)
2025-05-28 00:34:07,261 INFO  - Sent message to others cars = 'veh_98 | CartesianPoint{x=137.61,y=193.30,z=0.00}' (at simulation time 673.000,000,000 s)
2025-05-28 00:34:07,355 INFO  - Received event: 673000 (at simulation time IntraVehicleMsg)
2025-05-28 00:34:07,358 INFO  - Sent message to others cars = 'veh_98 | CartesianPoint{x=137.54,y=185.65,z=0.00}' (at simulation time 674.000,000,000 s)
2025-05-28 00:34:07,456 INFO  - Received event: 674000 (at simulation time IntraVehicleMsg)
2025-05-28 00:34:07,464 INFO  - Sent message to others cars = 'veh_98 | CartesianPoint{x=137.47,y=177.07,z=0.00}' (at simulation time 675.000,000,000 s)
2025-05-28 00:34:07,562 INFO  - Received event: 675000 (at simulation time IntraVehicleMsg)
2025-05-28 00:34:07,565 INFO  - Sent message to others cars = 'veh_98 | CartesianPoint{x=137.41,y=169.33,z=0.00}' (at simulation time 676.000,000,000 s)
2025-05-28 00:34:07,666 INFO  - Received event: 676000 (at simulation time IntraVehicleMsg)
2025-05-28 00:34:07,669 INFO  - Sent message to others cars = 'veh_98 | CartesianPoint{x=137.34,y=160.90,z=0.00}' (at simulation time 677.000,000,000 s)
2025-05-28 00:34:07,770 INFO  - Received event: 677000 (at simulation time IntraVehicleMsg)
2025-05-28 00:34:07,773 INFO  - Sent message to others cars = 'veh_98 | CartesianPoint{x=137.28,y=153.41,z=0.00}' (at simulation time 678.000,000,000 s)
2025-05-28 00:34:07,877 INFO  - Received event: 678000 (at simulation time IntraVehicleMsg)
2025-05-28 00:34:07,880 INFO  - Sent message to others cars = 'veh_98 | CartesianPoint{x=137.21,y=144.77,z=0.00}' (at simulation time 679.000,000,000 s)
2025-05-28 00:34:07,984 INFO  - Received event: 679000 (at simulation time IntraVehicleMsg)
2025-05-28 00:34:07,988 INFO  - Sent message to others cars = 'veh_98 | CartesianPoint{x=137.17,y=136.74,z=0.00}' (at simulation time 680.000,000,000 s)
2025-05-28 00:34:08,091 INFO  - Received event: 680000 (at simulation time IntraVehicleMsg)
2025-05-28 00:34:08,100 INFO  - Sent message to others cars = 'veh_98 | CartesianPoint{x=137.22,y=129.08,z=0.00}' (at simulation time 681.000,000,000 s)
2025-05-28 00:34:08,199 INFO  - Received event: 681000 (at simulation time IntraVehicleMsg)
2025-05-28 00:34:08,202 INFO  - Sent message to others cars = 'veh_98 | CartesianPoint{x=137.26,y=121.41,z=0.00}' (at simulation time 682.000,000,000 s)
2025-05-28 00:34:08,303 INFO  - Received event: 682000 (at simulation time IntraVehicleMsg)
2025-05-28 00:34:08,306 INFO  - Sent message to others cars = 'veh_98 | CartesianPoint{x=137.30,y=113.24,z=0.00}' (at simulation time 683.000,000,000 s)
2025-05-28 00:34:08,408 INFO  - Received event: 683000 (at simulation time IntraVehicleMsg)
2025-05-28 00:34:08,411 INFO  - Sent message to others cars = 'veh_98 | CartesianPoint{x=137.35,y=104.81,z=0.00}' (at simulation time 684.000,000,000 s)
2025-05-28 00:34:08,516 INFO  - Received event: 684000 (at simulation time IntraVehicleMsg)
2025-05-28 00:34:08,522 INFO  - Sent message to others cars = 'veh_98 | CartesianPoint{x=137.40,y=96.70,z=0.00}' (at simulation time 685.000,000,000 s)
2025-05-28 00:34:08,620 INFO  - Received event: 685000 (at simulation time IntraVehicleMsg)
2025-05-28 00:34:08,623 INFO  - Sent message to others cars = 'veh_98 | CartesianPoint{x=137.44,y=88.73,z=0.00}' (at simulation time 686.000,000,000 s)
2025-05-28 00:34:08,725 INFO  - Received event: 686000 (at simulation time IntraVehicleMsg)
2025-05-28 00:34:08,727 INFO  - Sent message to others cars = 'veh_98 | CartesianPoint{x=137.49,y=80.25,z=0.00}' (at simulation time 687.000,000,000 s)
2025-05-28 00:34:08,828 INFO  - Received event: 687000 (at simulation time IntraVehicleMsg)
2025-05-28 00:34:08,831 INFO  - Sent message to others cars = 'veh_98 | CartesianPoint{x=139.69,y=72.26,z=0.00}' (at simulation time 688.000,000,000 s)
2025-05-28 00:34:08,934 INFO  - Received event: 688000 (at simulation time IntraVehicleMsg)
2025-05-28 00:34:08,937 INFO  - Sent message to others cars = 'veh_98 | CartesianPoint{x=144.47,y=65.24,z=0.00}' (at simulation time 689.000,000,000 s)
2025-05-28 00:34:09,041 INFO  - Received event: 689000 (at simulation time IntraVehicleMsg)
2025-05-28 00:34:09,045 INFO  - Sent message to others cars = 'veh_98 | CartesianPoint{x=150.12,y=59.95,z=0.00}' (at simulation time 690.000,000,000 s)
2025-05-28 00:34:09,152 INFO  - Received event: 690000 (at simulation time IntraVehicleMsg)
2025-05-28 00:34:09,155 INFO  - Sent message to others cars = 'veh_98 | CartesianPoint{x=155.88,y=54.15,z=0.00}' (at simulation time 691.000,000,000 s)
2025-05-28 00:34:09,304 INFO  - Received event: 691000 (at simulation time IntraVehicleMsg)
2025-05-28 00:34:09,307 INFO  - Sent message to others cars = 'veh_98 | CartesianPoint{x=161.21,y=48.29,z=0.00}' (at simulation time 692.000,000,000 s)
2025-05-28 00:34:09,408 INFO  - Received event: 692000 (at simulation time IntraVehicleMsg)
2025-05-28 00:34:09,418 INFO  - Sent message to others cars = 'veh_98 | CartesianPoint{x=166.40,y=42.58,z=0.00}' (at simulation time 693.000,000,000 s)
2025-05-28 00:34:09,519 INFO  - Received event: 693000 (at simulation time IntraVehicleMsg)
2025-05-28 00:34:09,525 INFO  - Sent message to others cars = 'veh_98 | CartesianPoint{x=171.82,y=36.62,z=0.00}' (at simulation time 694.000,000,000 s)
2025-05-28 00:34:09,626 INFO  - Received event: 694000 (at simulation time IntraVehicleMsg)
2025-05-28 00:34:09,630 INFO  - Sent message to others cars = 'veh_98 | CartesianPoint{x=177.53,y=30.34,z=0.00}' (at simulation time 695.000,000,000 s)
2025-05-28 00:34:09,730 INFO  - Received event: 695000 (at simulation time IntraVehicleMsg)
2025-05-28 00:34:09,737 INFO  - Sent message to others cars = 'veh_98 | CartesianPoint{x=183.03,y=24.30,z=0.00}' (at simulation time 696.000,000,000 s)
2025-05-28 00:34:09,839 INFO  - Received event: 696000 (at simulation time IntraVehicleMsg)
2025-05-28 00:34:09,842 INFO  - Sent message to others cars = 'veh_98 | CartesianPoint{x=188.07,y=18.75,z=0.00}' (at simulation time 697.000,000,000 s)
2025-05-28 00:34:09,951 INFO  - Received event: 697000 (at simulation time IntraVehicleMsg)
2025-05-28 00:34:09,954 INFO  - Sent message to others cars = 'veh_98 | CartesianPoint{x=193.81,y=12.44,z=0.00}' (at simulation time 698.000,000,000 s)
2025-05-28 00:34:10,059 INFO  - Received event: 698000 (at simulation time IntraVehicleMsg)
2025-05-28 00:34:10,062 INFO  - Sent message to others cars = 'veh_98 | CartesianPoint{x=195.92,y=4.50,z=0.00}' (at simulation time 699.000,000,000 s)
2025-05-28 00:34:10,166 INFO  - Received event: 699000 (at simulation time IntraVehicleMsg)
2025-05-28 00:34:10,173 INFO  - ------------------------------------------------------------------------------------- (at simulation time 700.000,000,000 s)
2025-05-28 00:34:10,173 INFO  - Shutdown application (at simulation time 700.000,000,000 s)
2025-05-28 00:34:10,173 INFO  - ------------------------------------------------------------------------------------- (at simulation time 700.000,000,000 s)
