2025-05-28 00:18:28,758 INFO  - ------------------------------------------------------------------------------------- (at simulation time 130.000,000,000 s)
2025-05-28 00:18:28,758 INFO  - Initialize veh_25 application (at simulation time 130.000,000,000 s)
2025-05-28 00:18:28,758 INFO  - Activated AdHoc Module (at simulation time 130.000,000,000 s)
2025-05-28 00:18:28,758 INFO  - ------------------------------------------------------------------------------------- (at simulation time 130.000,000,000 s)
2025-05-28 00:18:28,759 INFO  - Sent message to others cars = 'veh_25 | CartesianPoint{x=-0.01,y=528.94,z=0.00}' (at simulation time 130.000,000,000 s)
2025-05-28 00:18:28,821 INFO  - Received event: 130000 (at simulation time IntraVehicleMsg)
2025-05-28 00:18:28,826 INFO  - Sent message to others cars = 'veh_25 | CartesianPoint{x=7.45,y=528.92,z=0.00}' (at simulation time 131.000,000,000 s)
2025-05-28 00:18:28,886 INFO  - Received event: 131000 (at simulation time IntraVehicleMsg)
2025-05-28 00:18:28,895 INFO  - Sent message to others cars = 'veh_25 | CartesianPoint{x=14.55,y=528.90,z=0.00}' (at simulation time 132.000,000,000 s)
2025-05-28 00:18:28,951 INFO  - Received event: 132000 (at simulation time IntraVehicleMsg)
2025-05-28 00:18:28,961 INFO  - Sent message to others cars = 'veh_25 | CartesianPoint{x=21.43,y=528.88,z=0.00}' (at simulation time 133.000,000,000 s)
2025-05-28 00:18:29,015 INFO  - Received event: 133000 (at simulation time IntraVehicleMsg)
2025-05-28 00:18:29,025 INFO  - Sent message to others cars = 'veh_25 | CartesianPoint{x=28.49,y=528.86,z=0.00}' (at simulation time 134.000,000,000 s)
2025-05-28 00:18:29,077 INFO  - Received event: 134000 (at simulation time IntraVehicleMsg)
2025-05-28 00:18:29,087 INFO  - Sent message to others cars = 'veh_25 | CartesianPoint{x=35.88,y=528.82,z=0.00}' (at simulation time 135.000,000,000 s)
2025-05-28 00:18:29,139 INFO  - Received event: 135000 (at simulation time IntraVehicleMsg)
2025-05-28 00:18:29,144 INFO  - Sent message to others cars = 'veh_25 | CartesianPoint{x=43.32,y=528.87,z=0.00}' (at simulation time 136.000,000,000 s)
2025-05-28 00:18:29,192 INFO  - Received event: 136000 (at simulation time IntraVehicleMsg)
2025-05-28 00:18:29,195 INFO  - Sent message to others cars = 'veh_25 | CartesianPoint{x=49.87,y=528.92,z=0.00}' (at simulation time 137.000,000,000 s)
2025-05-28 00:18:29,243 INFO  - Received event: 137000 (at simulation time IntraVehicleMsg)
2025-05-28 00:18:29,246 INFO  - Sent message to others cars = 'veh_25 | CartesianPoint{x=56.61,y=528.97,z=0.00}' (at simulation time 138.000,000,000 s)
2025-05-28 00:18:29,292 INFO  - Received event: 138000 (at simulation time IntraVehicleMsg)
2025-05-28 00:18:29,296 INFO  - Sent message to others cars = 'veh_25 | CartesianPoint{x=64.07,y=529.01,z=0.00}' (at simulation time 139.000,000,000 s)
2025-05-28 00:18:29,342 INFO  - Received event: 139000 (at simulation time IntraVehicleMsg)
2025-05-28 00:18:29,352 INFO  - Sent message to others cars = 'veh_25 | CartesianPoint{x=71.15,y=529.02,z=0.00}' (at simulation time 140.000,000,000 s)
2025-05-28 00:18:29,399 INFO  - Received event: 140000 (at simulation time IntraVehicleMsg)
2025-05-28 00:18:29,401 INFO  - Sent message to others cars = 'veh_25 | CartesianPoint{x=77.77,y=529.04,z=0.00}' (at simulation time 141.000,000,000 s)
2025-05-28 00:18:29,451 INFO  - Received event: 141000 (at simulation time IntraVehicleMsg)
2025-05-28 00:18:29,454 INFO  - Sent message to others cars = 'veh_25 | CartesianPoint{x=84.13,y=529.05,z=0.00}' (at simulation time 142.000,000,000 s)
2025-05-28 00:18:29,505 INFO  - Received event: 142000 (at simulation time IntraVehicleMsg)
2025-05-28 00:18:29,508 INFO  - Sent message to others cars = 'veh_25 | CartesianPoint{x=91.57,y=529.00,z=0.00}' (at simulation time 143.000,000,000 s)
2025-05-28 00:18:29,558 INFO  - Received event: 143000 (at simulation time IntraVehicleMsg)
2025-05-28 00:18:29,561 INFO  - Sent message to others cars = 'veh_25 | CartesianPoint{x=98.31,y=528.91,z=0.00}' (at simulation time 144.000,000,000 s)
2025-05-28 00:18:29,615 INFO  - Received event: 144000 (at simulation time IntraVehicleMsg)
2025-05-28 00:18:29,618 INFO  - Sent message to others cars = 'veh_25 | CartesianPoint{x=105.33,y=528.83,z=0.00}' (at simulation time 145.000,000,000 s)
2025-05-28 00:18:29,671 INFO  - Received event: 145000 (at simulation time IntraVehicleMsg)
2025-05-28 00:18:29,674 INFO  - Sent message to others cars = 'veh_25 | CartesianPoint{x=112.08,y=528.74,z=0.00}' (at simulation time 146.000,000,000 s)
2025-05-28 00:18:29,728 INFO  - Received event: 146000 (at simulation time IntraVehicleMsg)
2025-05-28 00:18:29,742 INFO  - Sent message to others cars = 'veh_25 | CartesianPoint{x=117.40,y=528.67,z=0.00}' (at simulation time 147.000,000,000 s)
2025-05-28 00:18:29,802 INFO  - Received event: 147000 (at simulation time IntraVehicleMsg)
2025-05-28 00:18:29,814 INFO  - Sent message to others cars = 'veh_25 | CartesianPoint{x=119.70,y=531.84,z=0.00}' (at simulation time 148.000,000,000 s)
2025-05-28 00:18:29,869 INFO  - Received event: 148000 (at simulation time IntraVehicleMsg)
2025-05-28 00:18:29,873 INFO  - Sent message to others cars = 'veh_25 | CartesianPoint{x=120.86,y=531.83,z=0.00}' (at simulation time 149.000,000,000 s)
2025-05-28 00:18:29,930 INFO  - Received event: 149000 (at simulation time IntraVehicleMsg)
2025-05-28 00:18:29,940 INFO  - Sent message to others cars = 'veh_25 | CartesianPoint{x=121.21,y=531.83,z=0.00}' (at simulation time 150.000,000,000 s)
2025-05-28 00:18:29,999 INFO  - Received event: 150000 (at simulation time IntraVehicleMsg)
2025-05-28 00:18:30,003 INFO  - Sent message to others cars = 'veh_25 | CartesianPoint{x=121.33,y=531.82,z=0.00}' (at simulation time 151.000,000,000 s)
2025-05-28 00:18:30,061 INFO  - Received event: 151000 (at simulation time IntraVehicleMsg)
2025-05-28 00:18:30,064 INFO  - Sent message to others cars = 'veh_25 | CartesianPoint{x=121.34,y=531.82,z=0.00}' (at simulation time 152.000,000,000 s)
2025-05-28 00:18:30,124 INFO  - Received event: 152000 (at simulation time IntraVehicleMsg)
2025-05-28 00:18:30,128 INFO  - Sent message to others cars = 'veh_25 | CartesianPoint{x=121.34,y=531.82,z=0.00}' (at simulation time 153.000,000,000 s)
2025-05-28 00:18:30,199 INFO  - Received event: 153000 (at simulation time IntraVehicleMsg)
2025-05-28 00:18:30,212 INFO  - Sent message to others cars = 'veh_25 | CartesianPoint{x=121.34,y=531.82,z=0.00}' (at simulation time 154.000,000,000 s)
2025-05-28 00:18:30,274 INFO  - Received event: 154000 (at simulation time IntraVehicleMsg)
2025-05-28 00:18:30,284 INFO  - Sent message to others cars = 'veh_25 | CartesianPoint{x=121.34,y=531.82,z=0.00}' (at simulation time 155.000,000,000 s)
2025-05-28 00:18:30,347 INFO  - Received event: 155000 (at simulation time IntraVehicleMsg)
2025-05-28 00:18:30,355 INFO  - Sent message to others cars = 'veh_25 | CartesianPoint{x=121.34,y=531.82,z=0.00}' (at simulation time 156.000,000,000 s)
2025-05-28 00:18:30,415 INFO  - Received event: 156000 (at simulation time IntraVehicleMsg)
2025-05-28 00:18:30,418 INFO  - Sent message to others cars = 'veh_25 | CartesianPoint{x=121.34,y=531.82,z=0.00}' (at simulation time 157.000,000,000 s)
2025-05-28 00:18:30,482 INFO  - Received event: 157000 (at simulation time IntraVehicleMsg)
2025-05-28 00:18:30,485 INFO  - Sent message to others cars = 'veh_25 | CartesianPoint{x=121.34,y=531.82,z=0.00}' (at simulation time 158.000,000,000 s)
2025-05-28 00:18:30,547 INFO  - Received event: 158000 (at simulation time IntraVehicleMsg)
2025-05-28 00:18:30,551 INFO  - Sent message to others cars = 'veh_25 | CartesianPoint{x=121.34,y=531.82,z=0.00}' (at simulation time 159.000,000,000 s)
2025-05-28 00:18:30,615 INFO  - Received event: 159000 (at simulation time IntraVehicleMsg)
2025-05-28 00:18:30,618 INFO  - Sent message to others cars = 'veh_25 | CartesianPoint{x=121.34,y=531.82,z=0.00}' (at simulation time 160.000,000,000 s)
2025-05-28 00:18:30,686 INFO  - Received event: 160000 (at simulation time IntraVehicleMsg)
2025-05-28 00:18:30,694 INFO  - Sent message to others cars = 'veh_25 | CartesianPoint{x=121.34,y=531.82,z=0.00}' (at simulation time 161.000,000,000 s)
2025-05-28 00:18:30,763 INFO  - Received event: 161000 (at simulation time IntraVehicleMsg)
2025-05-28 00:18:30,777 INFO  - Sent message to others cars = 'veh_25 | CartesianPoint{x=121.34,y=531.82,z=0.00}' (at simulation time 162.000,000,000 s)
2025-05-28 00:18:30,848 INFO  - Received event: 162000 (at simulation time IntraVehicleMsg)
2025-05-28 00:18:30,858 INFO  - Sent message to others cars = 'veh_25 | CartesianPoint{x=121.34,y=531.82,z=0.00}' (at simulation time 163.000,000,000 s)
2025-05-28 00:18:30,926 INFO  - Received event: 163000 (at simulation time IntraVehicleMsg)
2025-05-28 00:18:30,934 INFO  - Sent message to others cars = 'veh_25 | CartesianPoint{x=122.01,y=531.82,z=0.00}' (at simulation time 164.000,000,000 s)
2025-05-28 00:18:31,004 INFO  - Received event: 164000 (at simulation time IntraVehicleMsg)
2025-05-28 00:18:31,008 INFO  - Sent message to others cars = 'veh_25 | CartesianPoint{x=124.20,y=531.79,z=0.00}' (at simulation time 165.000,000,000 s)
2025-05-28 00:18:31,077 INFO  - Received event: 165000 (at simulation time IntraVehicleMsg)
2025-05-28 00:18:31,081 INFO  - Sent message to others cars = 'veh_25 | CartesianPoint{x=128.81,y=531.73,z=0.00}' (at simulation time 166.000,000,000 s)
2025-05-28 00:18:31,152 INFO  - Received event: 166000 (at simulation time IntraVehicleMsg)
2025-05-28 00:18:31,156 INFO  - Sent message to others cars = 'veh_25 | CartesianPoint{x=134.90,y=531.66,z=0.00}' (at simulation time 167.000,000,000 s)
2025-05-28 00:18:31,229 INFO  - Received event: 167000 (at simulation time IntraVehicleMsg)
2025-05-28 00:18:31,233 INFO  - Sent message to others cars = 'veh_25 | CartesianPoint{x=141.84,y=531.61,z=0.00}' (at simulation time 168.000,000,000 s)
2025-05-28 00:18:31,305 INFO  - Received event: 168000 (at simulation time IntraVehicleMsg)
2025-05-28 00:18:31,309 INFO  - Sent message to others cars = 'veh_25 | CartesianPoint{x=148.29,y=531.56,z=0.00}' (at simulation time 169.000,000,000 s)
2025-05-28 00:18:31,384 INFO  - Received event: 169000 (at simulation time IntraVehicleMsg)
2025-05-28 00:18:31,388 INFO  - Sent message to others cars = 'veh_25 | CartesianPoint{x=155.18,y=531.60,z=0.00}' (at simulation time 170.000,000,000 s)
2025-05-28 00:18:31,463 INFO  - Received event: 170000 (at simulation time IntraVehicleMsg)
2025-05-28 00:18:31,472 INFO  - Sent message to others cars = 'veh_25 | CartesianPoint{x=162.33,y=531.65,z=0.00}' (at simulation time 171.000,000,000 s)
2025-05-28 00:18:31,550 INFO  - Received event: 171000 (at simulation time IntraVehicleMsg)
2025-05-28 00:18:31,554 INFO  - Sent message to others cars = 'veh_25 | CartesianPoint{x=169.38,y=531.70,z=0.00}' (at simulation time 172.000,000,000 s)
2025-05-28 00:18:31,632 INFO  - Received event: 172000 (at simulation time IntraVehicleMsg)
2025-05-28 00:18:31,645 INFO  - Sent message to others cars = 'veh_25 | CartesianPoint{x=176.62,y=531.75,z=0.00}' (at simulation time 173.000,000,000 s)
2025-05-28 00:18:31,729 INFO  - Received event: 173000 (at simulation time IntraVehicleMsg)
2025-05-28 00:18:31,743 INFO  - Sent message to others cars = 'veh_25 | CartesianPoint{x=183.50,y=531.80,z=0.00}' (at simulation time 174.000,000,000 s)
2025-05-28 00:18:31,825 INFO  - Received event: 174000 (at simulation time IntraVehicleMsg)
2025-05-28 00:18:31,839 INFO  - Sent message to others cars = 'veh_25 | CartesianPoint{x=190.79,y=531.85,z=0.00}' (at simulation time 175.000,000,000 s)
2025-05-28 00:18:31,927 INFO  - Received event: 175000 (at simulation time IntraVehicleMsg)
2025-05-28 00:18:31,937 INFO  - Sent message to others cars = 'veh_25 | CartesianPoint{x=197.72,y=531.90,z=0.00}' (at simulation time 176.000,000,000 s)
2025-05-28 00:18:32,019 INFO  - Received event: 176000 (at simulation time IntraVehicleMsg)
2025-05-28 00:18:32,025 INFO  - Sent message to others cars = 'veh_25 | CartesianPoint{x=204.98,y=531.95,z=0.00}' (at simulation time 177.000,000,000 s)
2025-05-28 00:18:32,108 INFO  - Received event: 177000 (at simulation time IntraVehicleMsg)
2025-05-28 00:18:32,113 INFO  - Sent message to others cars = 'veh_25 | CartesianPoint{x=211.68,y=532.00,z=0.00}' (at simulation time 178.000,000,000 s)
2025-05-28 00:18:32,196 INFO  - Received event: 178000 (at simulation time IntraVehicleMsg)
2025-05-28 00:18:32,201 INFO  - Sent message to others cars = 'veh_25 | CartesianPoint{x=215.56,y=532.02,z=0.00}' (at simulation time 179.000,000,000 s)
2025-05-28 00:18:32,285 INFO  - Received event: 179000 (at simulation time IntraVehicleMsg)
2025-05-28 00:18:32,290 INFO  - Sent message to others cars = 'veh_25 | CartesianPoint{x=221.28,y=532.03,z=0.00}' (at simulation time 180.000,000,000 s)
2025-05-28 00:18:32,378 INFO  - Received event: 180000 (at simulation time IntraVehicleMsg)
2025-05-28 00:18:32,386 INFO  - Sent message to others cars = 'veh_25 | CartesianPoint{x=228.29,y=532.04,z=0.00}' (at simulation time 181.000,000,000 s)
2025-05-28 00:18:32,473 INFO  - Received event: 181000 (at simulation time IntraVehicleMsg)
2025-05-28 00:18:32,477 INFO  - Sent message to others cars = 'veh_25 | CartesianPoint{x=235.07,y=532.03,z=0.00}' (at simulation time 182.000,000,000 s)
2025-05-28 00:18:32,568 INFO  - Received event: 182000 (at simulation time IntraVehicleMsg)
2025-05-28 00:18:32,572 INFO  - Sent message to others cars = 'veh_25 | CartesianPoint{x=241.70,y=532.02,z=0.00}' (at simulation time 183.000,000,000 s)
2025-05-28 00:18:32,662 INFO  - Received event: 183000 (at simulation time IntraVehicleMsg)
2025-05-28 00:18:32,665 INFO  - Sent message to others cars = 'veh_25 | CartesianPoint{x=248.43,y=532.01,z=0.00}' (at simulation time 184.000,000,000 s)
2025-05-28 00:18:32,758 INFO  - Received event: 184000 (at simulation time IntraVehicleMsg)
2025-05-28 00:18:32,764 INFO  - Sent message to others cars = 'veh_25 | CartesianPoint{x=254.91,y=531.99,z=0.00}' (at simulation time 185.000,000,000 s)
2025-05-28 00:18:32,858 INFO  - Received event: 185000 (at simulation time IntraVehicleMsg)
2025-05-28 00:18:32,872 INFO  - Sent message to others cars = 'veh_25 | CartesianPoint{x=262.44,y=531.98,z=0.00}' (at simulation time 186.000,000,000 s)
2025-05-28 00:18:32,969 INFO  - Received event: 186000 (at simulation time IntraVehicleMsg)
2025-05-28 00:18:32,979 INFO  - Sent message to others cars = 'veh_25 | CartesianPoint{x=269.76,y=531.97,z=0.00}' (at simulation time 187.000,000,000 s)
2025-05-28 00:18:33,076 INFO  - Received event: 187000 (at simulation time IntraVehicleMsg)
2025-05-28 00:18:33,086 INFO  - Sent message to others cars = 'veh_25 | CartesianPoint{x=276.61,y=531.96,z=0.00}' (at simulation time 188.000,000,000 s)
2025-05-28 00:18:33,185 INFO  - Received event: 188000 (at simulation time IntraVehicleMsg)
2025-05-28 00:18:33,196 INFO  - Sent message to others cars = 'veh_25 | CartesianPoint{x=283.19,y=531.95,z=0.00}' (at simulation time 189.000,000,000 s)
2025-05-28 00:18:33,298 INFO  - Received event: 189000 (at simulation time IntraVehicleMsg)
2025-05-28 00:18:33,309 INFO  - Sent message to others cars = 'veh_25 | CartesianPoint{x=289.93,y=531.94,z=0.00}' (at simulation time 190.000,000,000 s)
2025-05-28 00:18:33,404 INFO  - Received event: 190000 (at simulation time IntraVehicleMsg)
2025-05-28 00:18:33,408 INFO  - Sent message to others cars = 'veh_25 | CartesianPoint{x=296.67,y=531.93,z=0.00}' (at simulation time 191.000,000,000 s)
2025-05-28 00:18:33,498 INFO  - Received event: 191000 (at simulation time IntraVehicleMsg)
2025-05-28 00:18:33,507 INFO  - Sent message to others cars = 'veh_25 | CartesianPoint{x=303.17,y=528.72,z=0.00}' (at simulation time 192.000,000,000 s)
2025-05-28 00:18:33,597 INFO  - Received event: 192000 (at simulation time IntraVehicleMsg)
2025-05-28 00:18:33,600 INFO  - Sent message to others cars = 'veh_25 | CartesianPoint{x=309.50,y=528.72,z=0.00}' (at simulation time 193.000,000,000 s)
2025-05-28 00:18:33,687 INFO  - Received event: 193000 (at simulation time IntraVehicleMsg)
2025-05-28 00:18:33,691 INFO  - Sent message to others cars = 'veh_25 | CartesianPoint{x=316.48,y=528.71,z=0.00}' (at simulation time 194.000,000,000 s)
2025-05-28 00:18:33,780 INFO  - Received event: 194000 (at simulation time IntraVehicleMsg)
2025-05-28 00:18:33,784 INFO  - Sent message to others cars = 'veh_25 | CartesianPoint{x=322.86,y=528.70,z=0.00}' (at simulation time 195.000,000,000 s)
2025-05-28 00:18:33,873 INFO  - Received event: 195000 (at simulation time IntraVehicleMsg)
2025-05-28 00:18:33,876 INFO  - Sent message to others cars = 'veh_25 | CartesianPoint{x=329.48,y=528.69,z=0.00}' (at simulation time 196.000,000,000 s)
2025-05-28 00:18:33,965 INFO  - Received event: 196000 (at simulation time IntraVehicleMsg)
2025-05-28 00:18:33,968 INFO  - Sent message to others cars = 'veh_25 | CartesianPoint{x=336.23,y=528.69,z=0.00}' (at simulation time 197.000,000,000 s)
2025-05-28 00:18:34,057 INFO  - Received event: 197000 (at simulation time IntraVehicleMsg)
2025-05-28 00:18:34,062 INFO  - Sent message to others cars = 'veh_25 | CartesianPoint{x=343.27,y=528.68,z=0.00}' (at simulation time 198.000,000,000 s)
2025-05-28 00:18:34,155 INFO  - Received event: 198000 (at simulation time IntraVehicleMsg)
2025-05-28 00:18:34,166 INFO  - ------------------------------------------------------------------------------------- (at simulation time 199.000,000,000 s)
2025-05-28 00:18:34,166 INFO  - Shutdown application (at simulation time 199.000,000,000 s)
2025-05-28 00:18:34,166 INFO  - ------------------------------------------------------------------------------------- (at simulation time 199.000,000,000 s)
