2025-05-28 00:33:46,756 INFO  - ------------------------------------------------------------------------------------- (at simulation time 387.000,000,000 s)
2025-05-28 00:33:46,757 INFO  - Initialize veh_75 application (at simulation time 387.000,000,000 s)
2025-05-28 00:33:46,757 INFO  - Activated AdHoc Module (at simulation time 387.000,000,000 s)
2025-05-28 00:33:46,757 INFO  - ------------------------------------------------------------------------------------- (at simulation time 387.000,000,000 s)
2025-05-28 00:33:46,757 INFO  - Sent message to others cars = 'veh_75 | CartesianPoint{x=-0.01,y=528.94,z=0.00}' (at simulation time 387.000,000,000 s)
2025-05-28 00:33:46,852 INFO  - Received event: 387000 (at simulation time IntraVehicleMsg)
2025-05-28 00:33:46,861 INFO  - Sent message to others cars = 'veh_75 | CartesianPoint{x=7.42,y=528.92,z=0.00}' (at simulation time 388.000,000,000 s)
2025-05-28 00:33:46,958 INFO  - Received event: 388000 (at simulation time IntraVehicleMsg)
2025-05-28 00:33:46,961 INFO  - Sent message to others cars = 'veh_75 | CartesianPoint{x=14.96,y=528.90,z=0.00}' (at simulation time 389.000,000,000 s)
2025-05-28 00:33:47,059 INFO  - Received event: 389000 (at simulation time IntraVehicleMsg)
2025-05-28 00:33:47,069 INFO  - Sent message to others cars = 'veh_75 | CartesianPoint{x=22.27,y=528.88,z=0.00}' (at simulation time 390.000,000,000 s)
2025-05-28 00:33:47,169 INFO  - Received event: 390000 (at simulation time IntraVehicleMsg)
2025-05-28 00:33:47,172 INFO  - Sent message to others cars = 'veh_75 | CartesianPoint{x=29.10,y=528.86,z=0.00}' (at simulation time 391.000,000,000 s)
2025-05-28 00:33:47,273 INFO  - Received event: 391000 (at simulation time IntraVehicleMsg)
2025-05-28 00:33:47,276 INFO  - Sent message to others cars = 'veh_75 | CartesianPoint{x=36.45,y=528.82,z=0.00}' (at simulation time 392.000,000,000 s)
2025-05-28 00:33:47,385 INFO  - Received event: 392000 (at simulation time IntraVehicleMsg)
2025-05-28 00:33:47,390 INFO  - Sent message to others cars = 'veh_75 | CartesianPoint{x=43.87,y=528.88,z=0.00}' (at simulation time 393.000,000,000 s)
2025-05-28 00:33:47,498 INFO  - Received event: 393000 (at simulation time IntraVehicleMsg)
2025-05-28 00:33:47,501 INFO  - Sent message to others cars = 'veh_75 | CartesianPoint{x=51.56,y=528.93,z=0.00}' (at simulation time 394.000,000,000 s)
2025-05-28 00:33:47,611 INFO  - Received event: 394000 (at simulation time IntraVehicleMsg)
2025-05-28 00:33:47,615 INFO  - Sent message to others cars = 'veh_75 | CartesianPoint{x=58.77,y=528.99,z=0.00}' (at simulation time 395.000,000,000 s)
2025-05-28 00:33:47,716 INFO  - Received event: 395000 (at simulation time IntraVehicleMsg)
2025-05-28 00:33:47,719 INFO  - Sent message to others cars = 'veh_75 | CartesianPoint{x=66.13,y=529.01,z=0.00}' (at simulation time 396.000,000,000 s)
2025-05-28 00:33:47,824 INFO  - Received event: 396000 (at simulation time IntraVehicleMsg)
2025-05-28 00:33:47,831 INFO  - Sent message to others cars = 'veh_75 | CartesianPoint{x=73.01,y=529.03,z=0.00}' (at simulation time 397.000,000,000 s)
2025-05-28 00:33:47,939 INFO  - Received event: 397000 (at simulation time IntraVehicleMsg)
2025-05-28 00:33:47,943 INFO  - Sent message to others cars = 'veh_75 | CartesianPoint{x=80.38,y=529.05,z=0.00}' (at simulation time 398.000,000,000 s)
2025-05-28 00:33:48,054 INFO  - Received event: 398000 (at simulation time IntraVehicleMsg)
2025-05-28 00:33:48,057 INFO  - Sent message to others cars = 'veh_75 | CartesianPoint{x=87.67,y=529.05,z=0.00}' (at simulation time 399.000,000,000 s)
2025-05-28 00:33:48,169 INFO  - Received event: 399000 (at simulation time IntraVehicleMsg)
2025-05-28 00:33:48,172 INFO  - Sent message to others cars = 'veh_75 | CartesianPoint{x=94.96,y=528.96,z=0.00}' (at simulation time 400.000,000,000 s)
2025-05-28 00:33:48,284 INFO  - Received event: 400000 (at simulation time IntraVehicleMsg)
2025-05-28 00:33:48,287 INFO  - Sent message to others cars = 'veh_75 | CartesianPoint{x=102.92,y=528.86,z=0.00}' (at simulation time 401.000,000,000 s)
2025-05-28 00:33:48,390 INFO  - Received event: 401000 (at simulation time IntraVehicleMsg)
2025-05-28 00:33:48,393 INFO  - Sent message to others cars = 'veh_75 | CartesianPoint{x=109.94,y=528.77,z=0.00}' (at simulation time 402.000,000,000 s)
2025-05-28 00:33:48,501 INFO  - Received event: 402000 (at simulation time IntraVehicleMsg)
2025-05-28 00:33:48,503 INFO  - Sent message to others cars = 'veh_75 | CartesianPoint{x=116.85,y=528.68,z=0.00}' (at simulation time 403.000,000,000 s)
2025-05-28 00:33:48,602 INFO  - Received event: 403000 (at simulation time IntraVehicleMsg)
2025-05-28 00:33:48,610 INFO  - Sent message to others cars = 'veh_75 | CartesianPoint{x=122.81,y=528.61,z=0.00}' (at simulation time 404.000,000,000 s)
2025-05-28 00:33:48,705 INFO  - Received event: 404000 (at simulation time IntraVehicleMsg)
2025-05-28 00:33:48,708 INFO  - Sent message to others cars = 'veh_75 | CartesianPoint{x=126.62,y=528.56,z=0.00}' (at simulation time 405.000,000,000 s)
2025-05-28 00:33:48,796 INFO  - Received event: 405000 (at simulation time IntraVehicleMsg)
2025-05-28 00:33:48,799 INFO  - Sent message to others cars = 'veh_75 | CartesianPoint{x=126.72,y=528.56,z=0.00}' (at simulation time 406.000,000,000 s)
2025-05-28 00:33:48,889 INFO  - Received event: 406000 (at simulation time IntraVehicleMsg)
2025-05-28 00:33:48,891 INFO  - Sent message to others cars = 'veh_75 | CartesianPoint{x=126.78,y=528.56,z=0.00}' (at simulation time 407.000,000,000 s)
2025-05-28 00:33:48,978 INFO  - Received event: 407000 (at simulation time IntraVehicleMsg)
2025-05-28 00:33:48,985 INFO  - Sent message to others cars = 'veh_75 | CartesianPoint{x=126.79,y=528.55,z=0.00}' (at simulation time 408.000,000,000 s)
2025-05-28 00:33:49,074 INFO  - Received event: 408000 (at simulation time IntraVehicleMsg)
2025-05-28 00:33:49,076 INFO  - Sent message to others cars = 'veh_75 | CartesianPoint{x=126.80,y=528.55,z=0.00}' (at simulation time 409.000,000,000 s)
2025-05-28 00:33:49,167 INFO  - Received event: 409000 (at simulation time IntraVehicleMsg)
2025-05-28 00:33:49,170 INFO  - Sent message to others cars = 'veh_75 | CartesianPoint{x=126.80,y=528.55,z=0.00}' (at simulation time 410.000,000,000 s)
2025-05-28 00:33:49,264 INFO  - Received event: 410000 (at simulation time IntraVehicleMsg)
2025-05-28 00:33:49,271 INFO  - Sent message to others cars = 'veh_75 | CartesianPoint{x=128.69,y=528.53,z=0.00}' (at simulation time 411.000,000,000 s)
2025-05-28 00:33:49,352 INFO  - Received event: 411000 (at simulation time IntraVehicleMsg)
2025-05-28 00:33:49,355 INFO  - Sent message to others cars = 'veh_75 | CartesianPoint{x=132.49,y=528.48,z=0.00}' (at simulation time 412.000,000,000 s)
2025-05-28 00:33:49,438 INFO  - Received event: 412000 (at simulation time IntraVehicleMsg)
2025-05-28 00:33:49,441 INFO  - Sent message to others cars = 'veh_75 | CartesianPoint{x=137.69,y=528.44,z=0.00}' (at simulation time 413.000,000,000 s)
2025-05-28 00:33:49,526 INFO  - Received event: 413000 (at simulation time IntraVehicleMsg)
2025-05-28 00:33:49,528 INFO  - Sent message to others cars = 'veh_75 | CartesianPoint{x=144.99,y=528.39,z=0.00}' (at simulation time 414.000,000,000 s)
2025-05-28 00:33:49,613 INFO  - Received event: 414000 (at simulation time IntraVehicleMsg)
2025-05-28 00:33:49,616 INFO  - Sent message to others cars = 'veh_75 | CartesianPoint{x=152.78,y=528.39,z=0.00}' (at simulation time 415.000,000,000 s)
2025-05-28 00:33:49,704 INFO  - Received event: 415000 (at simulation time IntraVehicleMsg)
2025-05-28 00:33:49,707 INFO  - Sent message to others cars = 'veh_75 | CartesianPoint{x=160.26,y=528.44,z=0.00}' (at simulation time 416.000,000,000 s)
2025-05-28 00:33:49,785 INFO  - Received event: 416000 (at simulation time IntraVehicleMsg)
2025-05-28 00:33:49,788 INFO  - Sent message to others cars = 'veh_75 | CartesianPoint{x=166.83,y=528.49,z=0.00}' (at simulation time 417.000,000,000 s)
2025-05-28 00:33:49,868 INFO  - Received event: 417000 (at simulation time IntraVehicleMsg)
2025-05-28 00:33:49,875 INFO  - Sent message to others cars = 'veh_75 | CartesianPoint{x=174.36,y=528.54,z=0.00}' (at simulation time 418.000,000,000 s)
2025-05-28 00:33:49,941 INFO  - Received event: 418000 (at simulation time IntraVehicleMsg)
2025-05-28 00:33:49,944 INFO  - Sent message to others cars = 'veh_75 | CartesianPoint{x=180.70,y=528.58,z=0.00}' (at simulation time 419.000,000,000 s)
2025-05-28 00:33:50,012 INFO  - Received event: 419000 (at simulation time IntraVehicleMsg)
2025-05-28 00:33:50,016 INFO  - Sent message to others cars = 'veh_75 | CartesianPoint{x=187.95,y=528.63,z=0.00}' (at simulation time 420.000,000,000 s)
2025-05-28 00:33:50,080 INFO  - Received event: 420000 (at simulation time IntraVehicleMsg)
2025-05-28 00:33:50,082 INFO  - Sent message to others cars = 'veh_75 | CartesianPoint{x=195.24,y=528.68,z=0.00}' (at simulation time 421.000,000,000 s)
2025-05-28 00:33:50,149 INFO  - Received event: 421000 (at simulation time IntraVehicleMsg)
2025-05-28 00:33:50,151 INFO  - Sent message to others cars = 'veh_75 | CartesianPoint{x=201.04,y=528.72,z=0.00}' (at simulation time 422.000,000,000 s)
2025-05-28 00:33:50,210 INFO  - Received event: 422000 (at simulation time IntraVehicleMsg)
2025-05-28 00:33:50,212 INFO  - Sent message to others cars = 'veh_75 | CartesianPoint{x=207.06,y=528.76,z=0.00}' (at simulation time 423.000,000,000 s)
2025-05-28 00:33:50,266 INFO  - Received event: 423000 (at simulation time IntraVehicleMsg)
2025-05-28 00:33:50,268 INFO  - Sent message to others cars = 'veh_75 | CartesianPoint{x=213.91,y=528.81,z=0.00}' (at simulation time 424.000,000,000 s)
2025-05-28 00:33:50,323 INFO  - Received event: 424000 (at simulation time IntraVehicleMsg)
2025-05-28 00:33:50,331 INFO  - Sent message to others cars = 'veh_75 | CartesianPoint{x=219.56,y=528.83,z=0.00}' (at simulation time 425.000,000,000 s)
2025-05-28 00:33:50,378 INFO  - Received event: 425000 (at simulation time IntraVehicleMsg)
2025-05-28 00:33:50,380 INFO  - Sent message to others cars = 'veh_75 | CartesianPoint{x=227.31,y=528.84,z=0.00}' (at simulation time 426.000,000,000 s)
2025-05-28 00:33:50,428 INFO  - Received event: 426000 (at simulation time IntraVehicleMsg)
2025-05-28 00:33:50,431 INFO  - Sent message to others cars = 'veh_75 | CartesianPoint{x=234.02,y=528.83,z=0.00}' (at simulation time 427.000,000,000 s)
2025-05-28 00:33:50,479 INFO  - Received event: 427000 (at simulation time IntraVehicleMsg)
2025-05-28 00:33:50,485 INFO  - Sent message to others cars = 'veh_75 | CartesianPoint{x=240.20,y=528.82,z=0.00}' (at simulation time 428.000,000,000 s)
2025-05-28 00:33:50,536 INFO  - Received event: 428000 (at simulation time IntraVehicleMsg)
2025-05-28 00:33:50,538 INFO  - Sent message to others cars = 'veh_75 | CartesianPoint{x=246.77,y=528.81,z=0.00}' (at simulation time 429.000,000,000 s)
2025-05-28 00:33:50,590 INFO  - Received event: 429000 (at simulation time IntraVehicleMsg)
2025-05-28 00:33:50,592 INFO  - Sent message to others cars = 'veh_75 | CartesianPoint{x=253.71,y=528.80,z=0.00}' (at simulation time 430.000,000,000 s)
2025-05-28 00:33:50,644 INFO  - Received event: 430000 (at simulation time IntraVehicleMsg)
2025-05-28 00:33:50,647 INFO  - Sent message to others cars = 'veh_75 | CartesianPoint{x=261.46,y=528.78,z=0.00}' (at simulation time 431.000,000,000 s)
2025-05-28 00:33:50,699 INFO  - Received event: 431000 (at simulation time IntraVehicleMsg)
2025-05-28 00:33:50,702 INFO  - Sent message to others cars = 'veh_75 | CartesianPoint{x=268.36,y=528.77,z=0.00}' (at simulation time 432.000,000,000 s)
2025-05-28 00:33:50,756 INFO  - Received event: 432000 (at simulation time IntraVehicleMsg)
2025-05-28 00:33:50,758 INFO  - Sent message to others cars = 'veh_75 | CartesianPoint{x=275.77,y=528.76,z=0.00}' (at simulation time 433.000,000,000 s)
2025-05-28 00:33:50,815 INFO  - Received event: 433000 (at simulation time IntraVehicleMsg)
2025-05-28 00:33:50,822 INFO  - Sent message to others cars = 'veh_75 | CartesianPoint{x=282.79,y=528.75,z=0.00}' (at simulation time 434.000,000,000 s)
2025-05-28 00:33:50,878 INFO  - Received event: 434000 (at simulation time IntraVehicleMsg)
2025-05-28 00:33:50,880 INFO  - Sent message to others cars = 'veh_75 | CartesianPoint{x=289.25,y=528.74,z=0.00}' (at simulation time 435.000,000,000 s)
2025-05-28 00:33:50,940 INFO  - Received event: 435000 (at simulation time IntraVehicleMsg)
2025-05-28 00:33:50,943 INFO  - Sent message to others cars = 'veh_75 | CartesianPoint{x=296.76,y=528.73,z=0.00}' (at simulation time 436.000,000,000 s)
2025-05-28 00:33:51,005 INFO  - Received event: 436000 (at simulation time IntraVehicleMsg)
2025-05-28 00:33:51,008 INFO  - Sent message to others cars = 'veh_75 | CartesianPoint{x=303.67,y=528.72,z=0.00}' (at simulation time 437.000,000,000 s)
2025-05-28 00:33:51,064 INFO  - Received event: 437000 (at simulation time IntraVehicleMsg)
2025-05-28 00:33:51,070 INFO  - Sent message to others cars = 'veh_75 | CartesianPoint{x=310.74,y=528.72,z=0.00}' (at simulation time 438.000,000,000 s)
2025-05-28 00:33:51,126 INFO  - Received event: 438000 (at simulation time IntraVehicleMsg)
2025-05-28 00:33:51,128 INFO  - Sent message to others cars = 'veh_75 | CartesianPoint{x=317.91,y=528.71,z=0.00}' (at simulation time 439.000,000,000 s)
2025-05-28 00:33:51,183 INFO  - Received event: 439000 (at simulation time IntraVehicleMsg)
2025-05-28 00:33:51,186 INFO  - Sent message to others cars = 'veh_75 | CartesianPoint{x=324.77,y=528.70,z=0.00}' (at simulation time 440.000,000,000 s)
2025-05-28 00:33:51,243 INFO  - Received event: 440000 (at simulation time IntraVehicleMsg)
2025-05-28 00:33:51,245 INFO  - Sent message to others cars = 'veh_75 | CartesianPoint{x=330.64,y=531.89,z=0.00}' (at simulation time 441.000,000,000 s)
2025-05-28 00:33:51,301 INFO  - Received event: 441000 (at simulation time IntraVehicleMsg)
2025-05-28 00:33:51,307 INFO  - Sent message to others cars = 'veh_75 | CartesianPoint{x=337.88,y=531.88,z=0.00}' (at simulation time 442.000,000,000 s)
2025-05-28 00:33:51,361 INFO  - Received event: 442000 (at simulation time IntraVehicleMsg)
2025-05-28 00:33:51,363 INFO  - Sent message to others cars = 'veh_75 | CartesianPoint{x=344.67,y=531.88,z=0.00}' (at simulation time 443.000,000,000 s)
2025-05-28 00:33:51,418 INFO  - Received event: 443000 (at simulation time IntraVehicleMsg)
2025-05-28 00:33:51,422 INFO  - ------------------------------------------------------------------------------------- (at simulation time 444.000,000,000 s)
2025-05-28 00:33:51,422 INFO  - Shutdown application (at simulation time 444.000,000,000 s)
2025-05-28 00:33:51,422 INFO  - ------------------------------------------------------------------------------------- (at simulation time 444.000,000,000 s)
