2025-05-28 00:19:36,611 INFO  - ------------------------------------------------------------------------------------- (at simulation time 89.000,000,000 s)
2025-05-28 00:19:36,611 INFO  - Initialize veh_16 application (at simulation time 89.000,000,000 s)
2025-05-28 00:19:36,611 INFO  - Activated AdHoc Module (at simulation time 89.000,000,000 s)
2025-05-28 00:19:36,611 INFO  - ------------------------------------------------------------------------------------- (at simulation time 89.000,000,000 s)
2025-05-28 00:19:36,614 INFO  - Sent message to others cars = 'veh_16 | CartesianPoint{x=143.94,y=749.34,z=0.00}' (at simulation time 89.000,000,000 s)
2025-05-28 00:19:36,656 INFO  - Received event: 89000 (at simulation time IntraVehicleMsg)
2025-05-28 00:19:36,661 INFO  - Sent message to others cars = 'veh_16 | CartesianPoint{x=143.92,y=742.45,z=0.00}' (at simulation time 90.000,000,000 s)
2025-05-28 00:19:36,708 INFO  - Received event: 90000 (at simulation time IntraVehicleMsg)
2025-05-28 00:19:36,724 INFO  - Sent message to others cars = 'veh_16 | CartesianPoint{x=143.90,y=735.31,z=0.00}' (at simulation time 91.000,000,000 s)
2025-05-28 00:19:36,774 INFO  - Received event: 91000 (at simulation time IntraVehicleMsg)
2025-05-28 00:19:36,777 INFO  - Sent message to others cars = 'veh_16 | CartesianPoint{x=143.88,y=728.42,z=0.00}' (at simulation time 92.000,000,000 s)
2025-05-28 00:19:36,822 INFO  - Received event: 92000 (at simulation time IntraVehicleMsg)
2025-05-28 00:19:36,831 INFO  - Sent message to others cars = 'veh_16 | CartesianPoint{x=143.85,y=721.86,z=0.00}' (at simulation time 93.000,000,000 s)
2025-05-28 00:19:36,882 INFO  - Received event: 93000 (at simulation time IntraVehicleMsg)
2025-05-28 00:19:36,892 INFO  - Sent message to others cars = 'veh_16 | CartesianPoint{x=143.83,y=714.93,z=0.00}' (at simulation time 94.000,000,000 s)
2025-05-28 00:19:36,948 INFO  - Received event: 94000 (at simulation time IntraVehicleMsg)
2025-05-28 00:19:36,952 INFO  - Sent message to others cars = 'veh_16 | CartesianPoint{x=140.61,y=708.12,z=0.00}' (at simulation time 95.000,000,000 s)
2025-05-28 00:19:37,001 INFO  - Received event: 95000 (at simulation time IntraVehicleMsg)
2025-05-28 00:19:37,004 INFO  - Sent message to others cars = 'veh_16 | CartesianPoint{x=140.58,y=701.11,z=0.00}' (at simulation time 96.000,000,000 s)
2025-05-28 00:19:37,052 INFO  - Received event: 96000 (at simulation time IntraVehicleMsg)
2025-05-28 00:19:37,055 INFO  - Sent message to others cars = 'veh_16 | CartesianPoint{x=140.56,y=694.84,z=0.00}' (at simulation time 97.000,000,000 s)
2025-05-28 00:19:37,107 INFO  - Received event: 97000 (at simulation time IntraVehicleMsg)
2025-05-28 00:19:37,111 INFO  - Sent message to others cars = 'veh_16 | CartesianPoint{x=140.54,y=688.43,z=0.00}' (at simulation time 98.000,000,000 s)
2025-05-28 00:19:37,161 INFO  - Received event: 98000 (at simulation time IntraVehicleMsg)
2025-05-28 00:19:37,170 INFO  - Sent message to others cars = 'veh_16 | CartesianPoint{x=140.52,y=681.19,z=0.00}' (at simulation time 99.000,000,000 s)
2025-05-28 00:19:37,226 INFO  - Received event: 99000 (at simulation time IntraVehicleMsg)
2025-05-28 00:19:37,239 INFO  - Sent message to others cars = 'veh_16 | CartesianPoint{x=140.49,y=673.81,z=0.00}' (at simulation time 100.000,000,000 s)
2025-05-28 00:19:37,293 INFO  - Received event: 100000 (at simulation time IntraVehicleMsg)
2025-05-28 00:19:37,297 INFO  - Sent message to others cars = 'veh_16 | CartesianPoint{x=140.47,y=667.18,z=0.00}' (at simulation time 101.000,000,000 s)
2025-05-28 00:19:37,354 INFO  - Received event: 101000 (at simulation time IntraVehicleMsg)
2025-05-28 00:19:37,357 INFO  - Sent message to others cars = 'veh_16 | CartesianPoint{x=140.46,y=660.16,z=0.00}' (at simulation time 102.000,000,000 s)
2025-05-28 00:19:37,412 INFO  - Received event: 102000 (at simulation time IntraVehicleMsg)
2025-05-28 00:19:37,415 INFO  - Sent message to others cars = 'veh_16 | CartesianPoint{x=140.44,y=652.94,z=0.00}' (at simulation time 103.000,000,000 s)
2025-05-28 00:19:37,472 INFO  - Received event: 103000 (at simulation time IntraVehicleMsg)
2025-05-28 00:19:37,477 INFO  - Sent message to others cars = 'veh_16 | CartesianPoint{x=140.43,y=646.35,z=0.00}' (at simulation time 104.000,000,000 s)
2025-05-28 00:19:37,546 INFO  - Received event: 104000 (at simulation time IntraVehicleMsg)
2025-05-28 00:19:37,550 INFO  - Sent message to others cars = 'veh_16 | CartesianPoint{x=140.41,y=638.90,z=0.00}' (at simulation time 105.000,000,000 s)
2025-05-28 00:19:37,609 INFO  - Received event: 105000 (at simulation time IntraVehicleMsg)
2025-05-28 00:19:37,612 INFO  - Sent message to others cars = 'veh_16 | CartesianPoint{x=140.39,y=632.17,z=0.00}' (at simulation time 106.000,000,000 s)
2025-05-28 00:19:37,672 INFO  - Received event: 106000 (at simulation time IntraVehicleMsg)
2025-05-28 00:19:37,690 INFO  - Sent message to others cars = 'veh_16 | CartesianPoint{x=140.38,y=625.71,z=0.00}' (at simulation time 107.000,000,000 s)
2025-05-28 00:19:37,761 INFO  - Received event: 107000 (at simulation time IntraVehicleMsg)
2025-05-28 00:19:37,774 INFO  - Sent message to others cars = 'veh_16 | CartesianPoint{x=140.36,y=618.28,z=0.00}' (at simulation time 108.000,000,000 s)
2025-05-28 00:19:37,837 INFO  - Received event: 108000 (at simulation time IntraVehicleMsg)
2025-05-28 00:19:37,846 INFO  - Sent message to others cars = 'veh_16 | CartesianPoint{x=140.34,y=611.17,z=0.00}' (at simulation time 109.000,000,000 s)
2025-05-28 00:19:37,908 INFO  - Received event: 109000 (at simulation time IntraVehicleMsg)
2025-05-28 00:19:37,911 INFO  - Sent message to others cars = 'veh_16 | CartesianPoint{x=140.32,y=603.75,z=0.00}' (at simulation time 110.000,000,000 s)
2025-05-28 00:19:37,976 INFO  - Received event: 110000 (at simulation time IntraVehicleMsg)
2025-05-28 00:19:37,980 INFO  - Sent message to others cars = 'veh_16 | CartesianPoint{x=140.28,y=597.25,z=0.00}' (at simulation time 111.000,000,000 s)
2025-05-28 00:19:38,044 INFO  - Received event: 111000 (at simulation time IntraVehicleMsg)
2025-05-28 00:19:38,048 INFO  - Sent message to others cars = 'veh_16 | CartesianPoint{x=140.25,y=590.14,z=0.00}' (at simulation time 112.000,000,000 s)
2025-05-28 00:19:38,114 INFO  - Received event: 112000 (at simulation time IntraVehicleMsg)
2025-05-28 00:19:38,117 INFO  - Sent message to others cars = 'veh_16 | CartesianPoint{x=140.21,y=583.78,z=0.00}' (at simulation time 113.000,000,000 s)
2025-05-28 00:19:38,185 INFO  - Received event: 113000 (at simulation time IntraVehicleMsg)
2025-05-28 00:19:38,189 INFO  - Sent message to others cars = 'veh_16 | CartesianPoint{x=140.18,y=576.74,z=0.00}' (at simulation time 114.000,000,000 s)
2025-05-28 00:19:38,257 INFO  - Received event: 114000 (at simulation time IntraVehicleMsg)
2025-05-28 00:19:38,264 INFO  - Sent message to others cars = 'veh_16 | CartesianPoint{x=140.14,y=569.64,z=0.00}' (at simulation time 115.000,000,000 s)
2025-05-28 00:19:38,335 INFO  - Received event: 115000 (at simulation time IntraVehicleMsg)
2025-05-28 00:19:38,354 INFO  - Sent message to others cars = 'veh_16 | CartesianPoint{x=140.12,y=564.91,z=0.00}' (at simulation time 116.000,000,000 s)
2025-05-28 00:19:38,429 INFO  - Received event: 116000 (at simulation time IntraVehicleMsg)
2025-05-28 00:19:38,442 INFO  - Sent message to others cars = 'veh_16 | CartesianPoint{x=140.11,y=564.52,z=0.00}' (at simulation time 117.000,000,000 s)
2025-05-28 00:19:38,512 INFO  - Received event: 117000 (at simulation time IntraVehicleMsg)
2025-05-28 00:19:38,515 INFO  - Sent message to others cars = 'veh_16 | CartesianPoint{x=140.11,y=564.32,z=0.00}' (at simulation time 118.000,000,000 s)
2025-05-28 00:19:38,588 INFO  - Received event: 118000 (at simulation time IntraVehicleMsg)
2025-05-28 00:19:38,592 INFO  - Sent message to others cars = 'veh_16 | CartesianPoint{x=140.11,y=564.20,z=0.00}' (at simulation time 119.000,000,000 s)
2025-05-28 00:19:38,661 INFO  - Received event: 119000 (at simulation time IntraVehicleMsg)
2025-05-28 00:19:38,670 INFO  - Sent message to others cars = 'veh_16 | CartesianPoint{x=140.11,y=564.19,z=0.00}' (at simulation time 120.000,000,000 s)
2025-05-28 00:19:38,740 INFO  - Received event: 120000 (at simulation time IntraVehicleMsg)
2025-05-28 00:19:38,756 INFO  - Sent message to others cars = 'veh_16 | CartesianPoint{x=140.11,y=564.19,z=0.00}' (at simulation time 121.000,000,000 s)
2025-05-28 00:19:38,830 INFO  - Received event: 121000 (at simulation time IntraVehicleMsg)
2025-05-28 00:19:38,834 INFO  - Sent message to others cars = 'veh_16 | CartesianPoint{x=140.11,y=564.19,z=0.00}' (at simulation time 122.000,000,000 s)
2025-05-28 00:19:38,894 INFO  - Received event: 122000 (at simulation time IntraVehicleMsg)
2025-05-28 00:19:38,900 INFO  - Sent message to others cars = 'veh_16 | CartesianPoint{x=140.11,y=564.19,z=0.00}' (at simulation time 123.000,000,000 s)
2025-05-28 00:19:38,962 INFO  - Received event: 123000 (at simulation time IntraVehicleMsg)
2025-05-28 00:19:38,972 INFO  - Sent message to others cars = 'veh_16 | CartesianPoint{x=140.11,y=564.19,z=0.00}' (at simulation time 124.000,000,000 s)
2025-05-28 00:19:39,028 INFO  - Received event: 124000 (at simulation time IntraVehicleMsg)
2025-05-28 00:19:39,041 INFO  - Sent message to others cars = 'veh_16 | CartesianPoint{x=140.11,y=563.50,z=0.00}' (at simulation time 125.000,000,000 s)
2025-05-28 00:19:39,097 INFO  - Received event: 125000 (at simulation time IntraVehicleMsg)
2025-05-28 00:19:39,108 INFO  - Sent message to others cars = 'veh_16 | CartesianPoint{x=140.10,y=562.65,z=0.00}' (at simulation time 126.000,000,000 s)
2025-05-28 00:19:39,160 INFO  - Received event: 126000 (at simulation time IntraVehicleMsg)
2025-05-28 00:19:39,163 INFO  - Sent message to others cars = 'veh_16 | CartesianPoint{x=140.09,y=560.35,z=0.00}' (at simulation time 127.000,000,000 s)
2025-05-28 00:19:39,215 INFO  - Received event: 127000 (at simulation time IntraVehicleMsg)
2025-05-28 00:19:39,218 INFO  - Sent message to others cars = 'veh_16 | CartesianPoint{x=140.07,y=555.82,z=0.00}' (at simulation time 128.000,000,000 s)
2025-05-28 00:19:39,268 INFO  - Received event: 128000 (at simulation time IntraVehicleMsg)
2025-05-28 00:19:39,271 INFO  - Sent message to others cars = 'veh_16 | CartesianPoint{x=140.03,y=549.27,z=0.00}' (at simulation time 129.000,000,000 s)
2025-05-28 00:19:39,319 INFO  - Received event: 129000 (at simulation time IntraVehicleMsg)
2025-05-28 00:19:39,327 INFO  - Sent message to others cars = 'veh_16 | CartesianPoint{x=140.00,y=542.88,z=0.00}' (at simulation time 130.000,000,000 s)
2025-05-28 00:19:39,376 INFO  - Received event: 130000 (at simulation time IntraVehicleMsg)
2025-05-28 00:19:39,380 INFO  - Sent message to others cars = 'veh_16 | CartesianPoint{x=139.98,y=539.01,z=0.00}' (at simulation time 131.000,000,000 s)
2025-05-28 00:19:39,431 INFO  - Received event: 131000 (at simulation time IntraVehicleMsg)
2025-05-28 00:19:39,433 INFO  - Sent message to others cars = 'veh_16 | CartesianPoint{x=139.98,y=538.21,z=0.00}' (at simulation time 132.000,000,000 s)
2025-05-28 00:19:39,486 INFO  - Received event: 132000 (at simulation time IntraVehicleMsg)
2025-05-28 00:19:39,489 INFO  - Sent message to others cars = 'veh_16 | CartesianPoint{x=139.98,y=538.19,z=0.00}' (at simulation time 133.000,000,000 s)
2025-05-28 00:19:39,543 INFO  - Received event: 133000 (at simulation time IntraVehicleMsg)
2025-05-28 00:19:39,546 INFO  - Sent message to others cars = 'veh_16 | CartesianPoint{x=139.98,y=538.19,z=0.00}' (at simulation time 134.000,000,000 s)
2025-05-28 00:19:39,600 INFO  - Received event: 134000 (at simulation time IntraVehicleMsg)
2025-05-28 00:19:39,607 INFO  - Sent message to others cars = 'veh_16 | CartesianPoint{x=139.98,y=538.19,z=0.00}' (at simulation time 135.000,000,000 s)
2025-05-28 00:19:39,660 INFO  - Received event: 135000 (at simulation time IntraVehicleMsg)
2025-05-28 00:19:39,666 INFO  - Sent message to others cars = 'veh_16 | CartesianPoint{x=139.98,y=538.19,z=0.00}' (at simulation time 136.000,000,000 s)
2025-05-28 00:19:39,721 INFO  - Received event: 136000 (at simulation time IntraVehicleMsg)
2025-05-28 00:19:39,724 INFO  - Sent message to others cars = 'veh_16 | CartesianPoint{x=139.98,y=538.19,z=0.00}' (at simulation time 137.000,000,000 s)
2025-05-28 00:19:39,779 INFO  - Received event: 137000 (at simulation time IntraVehicleMsg)
2025-05-28 00:19:39,782 INFO  - Sent message to others cars = 'veh_16 | CartesianPoint{x=139.98,y=538.19,z=0.00}' (at simulation time 138.000,000,000 s)
2025-05-28 00:19:39,838 INFO  - Received event: 138000 (at simulation time IntraVehicleMsg)
2025-05-28 00:19:39,841 INFO  - Sent message to others cars = 'veh_16 | CartesianPoint{x=139.98,y=538.19,z=0.00}' (at simulation time 139.000,000,000 s)
2025-05-28 00:19:39,900 INFO  - Received event: 139000 (at simulation time IntraVehicleMsg)
2025-05-28 00:19:39,908 INFO  - Sent message to others cars = 'veh_16 | CartesianPoint{x=139.98,y=538.19,z=0.00}' (at simulation time 140.000,000,000 s)
2025-05-28 00:19:39,967 INFO  - Received event: 140000 (at simulation time IntraVehicleMsg)
2025-05-28 00:19:39,970 INFO  - Sent message to others cars = 'veh_16 | CartesianPoint{x=139.98,y=538.19,z=0.00}' (at simulation time 141.000,000,000 s)
2025-05-28 00:19:40,029 INFO  - Received event: 141000 (at simulation time IntraVehicleMsg)
2025-05-28 00:19:40,032 INFO  - Sent message to others cars = 'veh_16 | CartesianPoint{x=139.98,y=538.19,z=0.00}' (at simulation time 142.000,000,000 s)
2025-05-28 00:19:40,093 INFO  - Received event: 142000 (at simulation time IntraVehicleMsg)
2025-05-28 00:19:40,098 INFO  - Sent message to others cars = 'veh_16 | CartesianPoint{x=139.98,y=538.19,z=0.00}' (at simulation time 143.000,000,000 s)
2025-05-28 00:19:40,159 INFO  - Received event: 143000 (at simulation time IntraVehicleMsg)
2025-05-28 00:19:40,162 INFO  - Sent message to others cars = 'veh_16 | CartesianPoint{x=139.98,y=538.19,z=0.00}' (at simulation time 144.000,000,000 s)
2025-05-28 00:19:40,227 INFO  - Received event: 144000 (at simulation time IntraVehicleMsg)
2025-05-28 00:19:40,230 INFO  - Sent message to others cars = 'veh_16 | CartesianPoint{x=139.98,y=538.19,z=0.00}' (at simulation time 145.000,000,000 s)
2025-05-28 00:19:40,295 INFO  - Received event: 145000 (at simulation time IntraVehicleMsg)
2025-05-28 00:19:40,298 INFO  - Sent message to others cars = 'veh_16 | CartesianPoint{x=139.98,y=538.19,z=0.00}' (at simulation time 146.000,000,000 s)
2025-05-28 00:19:40,366 INFO  - Received event: 146000 (at simulation time IntraVehicleMsg)
2025-05-28 00:19:40,369 INFO  - Sent message to others cars = 'veh_16 | CartesianPoint{x=139.98,y=538.19,z=0.00}' (at simulation time 147.000,000,000 s)
2025-05-28 00:19:40,437 INFO  - Received event: 147000 (at simulation time IntraVehicleMsg)
2025-05-28 00:19:40,443 INFO  - Sent message to others cars = 'veh_16 | CartesianPoint{x=139.98,y=538.19,z=0.00}' (at simulation time 148.000,000,000 s)
2025-05-28 00:19:40,512 INFO  - Received event: 148000 (at simulation time IntraVehicleMsg)
2025-05-28 00:19:40,525 INFO  - Sent message to others cars = 'veh_16 | CartesianPoint{x=139.98,y=538.19,z=0.00}' (at simulation time 149.000,000,000 s)
2025-05-28 00:19:40,594 INFO  - Received event: 149000 (at simulation time IntraVehicleMsg)
2025-05-28 00:19:40,602 INFO  - Sent message to others cars = 'veh_16 | CartesianPoint{x=139.98,y=538.19,z=0.00}' (at simulation time 150.000,000,000 s)
2025-05-28 00:19:40,671 INFO  - Received event: 150000 (at simulation time IntraVehicleMsg)
2025-05-28 00:19:40,674 INFO  - Sent message to others cars = 'veh_16 | CartesianPoint{x=139.98,y=538.19,z=0.00}' (at simulation time 151.000,000,000 s)
2025-05-28 00:19:40,747 INFO  - Received event: 151000 (at simulation time IntraVehicleMsg)
2025-05-28 00:19:40,751 INFO  - Sent message to others cars = 'veh_16 | CartesianPoint{x=139.98,y=538.19,z=0.00}' (at simulation time 152.000,000,000 s)
2025-05-28 00:19:40,822 INFO  - Received event: 152000 (at simulation time IntraVehicleMsg)
2025-05-28 00:19:40,826 INFO  - Sent message to others cars = 'veh_16 | CartesianPoint{x=139.98,y=538.19,z=0.00}' (at simulation time 153.000,000,000 s)
2025-05-28 00:19:40,899 INFO  - Received event: 153000 (at simulation time IntraVehicleMsg)
2025-05-28 00:19:40,902 INFO  - Sent message to others cars = 'veh_16 | CartesianPoint{x=139.98,y=538.19,z=0.00}' (at simulation time 154.000,000,000 s)
2025-05-28 00:19:40,978 INFO  - Received event: 154000 (at simulation time IntraVehicleMsg)
2025-05-28 00:19:40,982 INFO  - Sent message to others cars = 'veh_16 | CartesianPoint{x=139.98,y=538.19,z=0.00}' (at simulation time 155.000,000,000 s)
2025-05-28 00:19:41,060 INFO  - Received event: 155000 (at simulation time IntraVehicleMsg)
2025-05-28 00:19:41,072 INFO  - Sent message to others cars = 'veh_16 | CartesianPoint{x=139.98,y=538.19,z=0.00}' (at simulation time 156.000,000,000 s)
2025-05-28 00:19:41,147 INFO  - Received event: 156000 (at simulation time IntraVehicleMsg)
2025-05-28 00:19:41,151 INFO  - Sent message to others cars = 'veh_16 | CartesianPoint{x=139.98,y=538.19,z=0.00}' (at simulation time 157.000,000,000 s)
2025-05-28 00:19:41,229 INFO  - Received event: 157000 (at simulation time IntraVehicleMsg)
2025-05-28 00:19:41,233 INFO  - Sent message to others cars = 'veh_16 | CartesianPoint{x=139.98,y=538.19,z=0.00}' (at simulation time 158.000,000,000 s)
2025-05-28 00:19:41,310 INFO  - Received event: 158000 (at simulation time IntraVehicleMsg)
2025-05-28 00:19:41,313 INFO  - Sent message to others cars = 'veh_16 | CartesianPoint{x=139.98,y=538.19,z=0.00}' (at simulation time 159.000,000,000 s)
2025-05-28 00:19:41,397 INFO  - Received event: 159000 (at simulation time IntraVehicleMsg)
2025-05-28 00:19:41,401 INFO  - Sent message to others cars = 'veh_16 | CartesianPoint{x=139.98,y=538.19,z=0.00}' (at simulation time 160.000,000,000 s)
2025-05-28 00:19:41,481 INFO  - Received event: 160000 (at simulation time IntraVehicleMsg)
2025-05-28 00:19:41,489 INFO  - Sent message to others cars = 'veh_16 | CartesianPoint{x=139.98,y=538.19,z=0.00}' (at simulation time 161.000,000,000 s)
2025-05-28 00:19:41,572 INFO  - Received event: 161000 (at simulation time IntraVehicleMsg)
2025-05-28 00:19:41,576 INFO  - Sent message to others cars = 'veh_16 | CartesianPoint{x=139.98,y=538.19,z=0.00}' (at simulation time 162.000,000,000 s)
2025-05-28 00:19:41,662 INFO  - Received event: 162000 (at simulation time IntraVehicleMsg)
2025-05-28 00:19:41,665 INFO  - Sent message to others cars = 'veh_16 | CartesianPoint{x=139.98,y=538.19,z=0.00}' (at simulation time 163.000,000,000 s)
2025-05-28 00:19:41,750 INFO  - Received event: 163000 (at simulation time IntraVehicleMsg)
2025-05-28 00:19:41,762 INFO  - Sent message to others cars = 'veh_16 | CartesianPoint{x=139.98,y=538.19,z=0.00}' (at simulation time 164.000,000,000 s)
2025-05-28 00:19:41,849 INFO  - Received event: 164000 (at simulation time IntraVehicleMsg)
2025-05-28 00:19:41,853 INFO  - Sent message to others cars = 'veh_16 | CartesianPoint{x=139.98,y=538.19,z=0.00}' (at simulation time 165.000,000,000 s)
2025-05-28 00:19:41,943 INFO  - Received event: 165000 (at simulation time IntraVehicleMsg)
2025-05-28 00:19:41,947 INFO  - Sent message to others cars = 'veh_16 | CartesianPoint{x=139.98,y=538.19,z=0.00}' (at simulation time 166.000,000,000 s)
2025-05-28 00:19:42,035 INFO  - Received event: 166000 (at simulation time IntraVehicleMsg)
2025-05-28 00:19:42,039 INFO  - Sent message to others cars = 'veh_16 | CartesianPoint{x=139.98,y=538.19,z=0.00}' (at simulation time 167.000,000,000 s)
2025-05-28 00:19:42,127 INFO  - Received event: 167000 (at simulation time IntraVehicleMsg)
2025-05-28 00:19:42,130 INFO  - Sent message to others cars = 'veh_16 | CartesianPoint{x=139.98,y=538.19,z=0.00}' (at simulation time 168.000,000,000 s)
2025-05-28 00:19:42,222 INFO  - Received event: 168000 (at simulation time IntraVehicleMsg)
2025-05-28 00:19:42,225 INFO  - Sent message to others cars = 'veh_16 | CartesianPoint{x=139.98,y=538.19,z=0.00}' (at simulation time 169.000,000,000 s)
2025-05-28 00:19:42,319 INFO  - Received event: 169000 (at simulation time IntraVehicleMsg)
2025-05-28 00:19:42,323 INFO  - Sent message to others cars = 'veh_16 | CartesianPoint{x=139.98,y=538.19,z=0.00}' (at simulation time 170.000,000,000 s)
2025-05-28 00:19:42,417 INFO  - Received event: 170000 (at simulation time IntraVehicleMsg)
2025-05-28 00:19:42,425 INFO  - Sent message to others cars = 'veh_16 | CartesianPoint{x=139.98,y=538.19,z=0.00}' (at simulation time 171.000,000,000 s)
2025-05-28 00:19:42,522 INFO  - Received event: 171000 (at simulation time IntraVehicleMsg)
2025-05-28 00:19:42,526 INFO  - Sent message to others cars = 'veh_16 | CartesianPoint{x=139.98,y=538.19,z=0.00}' (at simulation time 172.000,000,000 s)
2025-05-28 00:19:42,623 INFO  - Received event: 172000 (at simulation time IntraVehicleMsg)
2025-05-28 00:19:42,627 INFO  - Sent message to others cars = 'veh_16 | CartesianPoint{x=139.98,y=538.19,z=0.00}' (at simulation time 173.000,000,000 s)
2025-05-28 00:19:42,727 INFO  - Received event: 173000 (at simulation time IntraVehicleMsg)
2025-05-28 00:19:42,731 INFO  - Sent message to others cars = 'veh_16 | CartesianPoint{x=139.96,y=536.32,z=0.00}' (at simulation time 174.000,000,000 s)
2025-05-28 00:19:42,833 INFO  - Received event: 174000 (at simulation time IntraVehicleMsg)
2025-05-28 00:19:42,848 INFO  - Sent message to others cars = 'veh_16 | CartesianPoint{x=139.93,y=532.10,z=0.00}' (at simulation time 175.000,000,000 s)
2025-05-28 00:19:42,951 INFO  - Received event: 175000 (at simulation time IntraVehicleMsg)
2025-05-28 00:19:42,955 INFO  - Sent message to others cars = 'veh_16 | CartesianPoint{x=139.88,y=525.84,z=0.00}' (at simulation time 176.000,000,000 s)
2025-05-28 00:19:43,097 INFO  - Received event: 176000 (at simulation time IntraVehicleMsg)
2025-05-28 00:19:43,103 INFO  - Sent message to others cars = 'veh_16 | CartesianPoint{x=139.82,y=519.30,z=0.00}' (at simulation time 177.000,000,000 s)
2025-05-28 00:19:43,211 INFO  - Received event: 177000 (at simulation time IntraVehicleMsg)
2025-05-28 00:19:43,214 INFO  - Sent message to others cars = 'veh_16 | CartesianPoint{x=139.75,y=512.71,z=0.00}' (at simulation time 178.000,000,000 s)
2025-05-28 00:19:43,318 INFO  - Received event: 178000 (at simulation time IntraVehicleMsg)
2025-05-28 00:19:43,322 INFO  - Sent message to others cars = 'veh_16 | CartesianPoint{x=139.69,y=505.67,z=0.00}' (at simulation time 179.000,000,000 s)
2025-05-28 00:19:43,430 INFO  - Received event: 179000 (at simulation time IntraVehicleMsg)
2025-05-28 00:19:43,439 INFO  - Sent message to others cars = 'veh_16 | CartesianPoint{x=139.62,y=498.39,z=0.00}' (at simulation time 180.000,000,000 s)
2025-05-28 00:19:43,541 INFO  - Received event: 180000 (at simulation time IntraVehicleMsg)
2025-05-28 00:19:43,553 INFO  - Sent message to others cars = 'veh_16 | CartesianPoint{x=139.55,y=491.11,z=0.00}' (at simulation time 181.000,000,000 s)
2025-05-28 00:19:43,650 INFO  - Received event: 181000 (at simulation time IntraVehicleMsg)
2025-05-28 00:19:43,653 INFO  - Sent message to others cars = 'veh_16 | CartesianPoint{x=139.48,y=484.50,z=0.00}' (at simulation time 182.000,000,000 s)
2025-05-28 00:19:43,753 INFO  - Received event: 182000 (at simulation time IntraVehicleMsg)
2025-05-28 00:19:43,756 INFO  - Sent message to others cars = 'veh_16 | CartesianPoint{x=139.42,y=478.09,z=0.00}' (at simulation time 183.000,000,000 s)
2025-05-28 00:19:43,862 INFO  - Received event: 183000 (at simulation time IntraVehicleMsg)
2025-05-28 00:19:43,873 INFO  - Sent message to others cars = 'veh_16 | CartesianPoint{x=139.35,y=470.84,z=0.00}' (at simulation time 184.000,000,000 s)
2025-05-28 00:19:43,971 INFO  - Received event: 184000 (at simulation time IntraVehicleMsg)
2025-05-28 00:19:43,977 INFO  - Sent message to others cars = 'veh_16 | CartesianPoint{x=139.29,y=463.64,z=0.00}' (at simulation time 185.000,000,000 s)
2025-05-28 00:19:44,075 INFO  - Received event: 185000 (at simulation time IntraVehicleMsg)
2025-05-28 00:19:44,079 INFO  - Sent message to others cars = 'veh_16 | CartesianPoint{x=139.21,y=456.58,z=0.00}' (at simulation time 186.000,000,000 s)
2025-05-28 00:19:44,185 INFO  - Received event: 186000 (at simulation time IntraVehicleMsg)
2025-05-28 00:19:44,187 INFO  - Sent message to others cars = 'veh_16 | CartesianPoint{x=139.19,y=449.17,z=0.00}' (at simulation time 187.000,000,000 s)
2025-05-28 00:19:44,287 INFO  - Received event: 187000 (at simulation time IntraVehicleMsg)
2025-05-28 00:19:44,290 INFO  - Sent message to others cars = 'veh_16 | CartesianPoint{x=139.18,y=442.68,z=0.00}' (at simulation time 188.000,000,000 s)
2025-05-28 00:19:44,386 INFO  - Received event: 188000 (at simulation time IntraVehicleMsg)
2025-05-28 00:19:44,389 INFO  - Sent message to others cars = 'veh_16 | CartesianPoint{x=139.16,y=435.17,z=0.00}' (at simulation time 189.000,000,000 s)
2025-05-28 00:19:44,487 INFO  - Received event: 189000 (at simulation time IntraVehicleMsg)
2025-05-28 00:19:44,490 INFO  - Sent message to others cars = 'veh_16 | CartesianPoint{x=139.15,y=427.69,z=0.00}' (at simulation time 190.000,000,000 s)
2025-05-28 00:19:44,580 INFO  - Received event: 190000 (at simulation time IntraVehicleMsg)
2025-05-28 00:19:44,588 INFO  - Sent message to others cars = 'veh_16 | CartesianPoint{x=139.13,y=421.09,z=0.00}' (at simulation time 191.000,000,000 s)
2025-05-28 00:19:44,677 INFO  - Received event: 191000 (at simulation time IntraVehicleMsg)
2025-05-28 00:19:44,684 INFO  - Sent message to others cars = 'veh_16 | CartesianPoint{x=139.12,y=414.28,z=0.00}' (at simulation time 192.000,000,000 s)
2025-05-28 00:19:44,777 INFO  - Received event: 192000 (at simulation time IntraVehicleMsg)
2025-05-28 00:19:44,780 INFO  - Sent message to others cars = 'veh_16 | CartesianPoint{x=139.10,y=407.51,z=0.00}' (at simulation time 193.000,000,000 s)
2025-05-28 00:19:44,873 INFO  - Received event: 193000 (at simulation time IntraVehicleMsg)
2025-05-28 00:19:44,876 INFO  - Sent message to others cars = 'veh_16 | CartesianPoint{x=139.09,y=400.61,z=0.00}' (at simulation time 194.000,000,000 s)
2025-05-28 00:19:44,971 INFO  - Received event: 194000 (at simulation time IntraVehicleMsg)
2025-05-28 00:19:44,974 INFO  - Sent message to others cars = 'veh_16 | CartesianPoint{x=139.08,y=393.21,z=0.00}' (at simulation time 195.000,000,000 s)
2025-05-28 00:19:45,069 INFO  - Received event: 195000 (at simulation time IntraVehicleMsg)
2025-05-28 00:19:45,072 INFO  - Sent message to others cars = 'veh_16 | CartesianPoint{x=139.06,y=386.98,z=0.00}' (at simulation time 196.000,000,000 s)
2025-05-28 00:19:45,170 INFO  - Received event: 196000 (at simulation time IntraVehicleMsg)
2025-05-28 00:19:45,173 INFO  - Sent message to others cars = 'veh_16 | CartesianPoint{x=139.05,y=380.30,z=0.00}' (at simulation time 197.000,000,000 s)
2025-05-28 00:19:45,278 INFO  - Received event: 197000 (at simulation time IntraVehicleMsg)
2025-05-28 00:19:45,284 INFO  - Sent message to others cars = 'veh_16 | CartesianPoint{x=139.03,y=373.77,z=0.00}' (at simulation time 198.000,000,000 s)
2025-05-28 00:19:45,385 INFO  - Received event: 198000 (at simulation time IntraVehicleMsg)
2025-05-28 00:19:45,388 INFO  - Sent message to others cars = 'veh_16 | CartesianPoint{x=139.02,y=367.41,z=0.00}' (at simulation time 199.000,000,000 s)
2025-05-28 00:19:45,491 INFO  - Received event: 199000 (at simulation time IntraVehicleMsg)
2025-05-28 00:19:45,498 INFO  - Sent message to others cars = 'veh_16 | CartesianPoint{x=139.01,y=360.73,z=0.00}' (at simulation time 200.000,000,000 s)
2025-05-28 00:19:45,602 INFO  - Received event: 200000 (at simulation time IntraVehicleMsg)
2025-05-28 00:19:45,605 INFO  - Sent message to others cars = 'veh_16 | CartesianPoint{x=138.97,y=353.29,z=0.00}' (at simulation time 201.000,000,000 s)
2025-05-28 00:19:45,703 INFO  - Received event: 201000 (at simulation time IntraVehicleMsg)
2025-05-28 00:19:45,711 INFO  - Sent message to others cars = 'veh_16 | CartesianPoint{x=138.90,y=345.94,z=0.00}' (at simulation time 202.000,000,000 s)
2025-05-28 00:19:45,808 INFO  - Received event: 202000 (at simulation time IntraVehicleMsg)
2025-05-28 00:19:45,811 INFO  - Sent message to others cars = 'veh_16 | CartesianPoint{x=138.85,y=339.43,z=0.00}' (at simulation time 203.000,000,000 s)
2025-05-28 00:19:45,906 INFO  - Received event: 203000 (at simulation time IntraVehicleMsg)
2025-05-28 00:19:45,909 INFO  - Sent message to others cars = 'veh_16 | CartesianPoint{x=138.79,y=332.45,z=0.00}' (at simulation time 204.000,000,000 s)
2025-05-28 00:19:46,008 INFO  - Received event: 204000 (at simulation time IntraVehicleMsg)
2025-05-28 00:19:46,014 INFO  - Sent message to others cars = 'veh_16 | CartesianPoint{x=138.72,y=325.14,z=0.00}' (at simulation time 205.000,000,000 s)
2025-05-28 00:19:46,103 INFO  - Received event: 205000 (at simulation time IntraVehicleMsg)
2025-05-28 00:19:46,105 INFO  - Sent message to others cars = 'veh_16 | CartesianPoint{x=138.66,y=317.98,z=0.00}' (at simulation time 206.000,000,000 s)
2025-05-28 00:19:46,189 INFO  - Received event: 206000 (at simulation time IntraVehicleMsg)
2025-05-28 00:19:46,191 INFO  - Sent message to others cars = 'veh_16 | CartesianPoint{x=138.60,y=310.91,z=0.00}' (at simulation time 207.000,000,000 s)
2025-05-28 00:19:46,267 INFO  - Received event: 207000 (at simulation time IntraVehicleMsg)
2025-05-28 00:19:46,270 INFO  - Sent message to others cars = 'veh_16 | CartesianPoint{x=138.54,y=303.88,z=0.00}' (at simulation time 208.000,000,000 s)
2025-05-28 00:19:46,344 INFO  - Received event: 208000 (at simulation time IntraVehicleMsg)
2025-05-28 00:19:46,347 INFO  - Sent message to others cars = 'veh_16 | CartesianPoint{x=138.48,y=297.12,z=0.00}' (at simulation time 209.000,000,000 s)
2025-05-28 00:19:46,423 INFO  - Received event: 209000 (at simulation time IntraVehicleMsg)
2025-05-28 00:19:46,426 INFO  - Sent message to others cars = 'veh_16 | CartesianPoint{x=138.42,y=289.92,z=0.00}' (at simulation time 210.000,000,000 s)
2025-05-28 00:19:46,502 INFO  - Received event: 210000 (at simulation time IntraVehicleMsg)
2025-05-28 00:19:46,508 INFO  - Sent message to others cars = 'veh_16 | CartesianPoint{x=138.36,y=283.16,z=0.00}' (at simulation time 211.000,000,000 s)
2025-05-28 00:19:46,577 INFO  - Received event: 211000 (at simulation time IntraVehicleMsg)
2025-05-28 00:19:46,594 INFO  - Sent message to others cars = 'veh_16 | CartesianPoint{x=138.30,y=276.65,z=0.00}' (at simulation time 212.000,000,000 s)
2025-05-28 00:19:46,665 INFO  - Received event: 212000 (at simulation time IntraVehicleMsg)
2025-05-28 00:19:46,667 INFO  - Sent message to others cars = 'veh_16 | CartesianPoint{x=138.25,y=270.36,z=0.00}' (at simulation time 213.000,000,000 s)
2025-05-28 00:19:46,738 INFO  - Received event: 213000 (at simulation time IntraVehicleMsg)
2025-05-28 00:19:46,742 INFO  - Sent message to others cars = 'veh_16 | CartesianPoint{x=138.18,y=262.94,z=0.00}' (at simulation time 214.000,000,000 s)
2025-05-28 00:19:46,814 INFO  - Received event: 214000 (at simulation time IntraVehicleMsg)
2025-05-28 00:19:46,817 INFO  - Sent message to others cars = 'veh_16 | CartesianPoint{x=138.12,y=255.92,z=0.00}' (at simulation time 215.000,000,000 s)
2025-05-28 00:19:46,893 INFO  - Received event: 215000 (at simulation time IntraVehicleMsg)
2025-05-28 00:19:46,896 INFO  - Sent message to others cars = 'veh_16 | CartesianPoint{x=138.07,y=249.27,z=0.00}' (at simulation time 216.000,000,000 s)
2025-05-28 00:19:46,963 INFO  - Received event: 216000 (at simulation time IntraVehicleMsg)
2025-05-28 00:19:46,966 INFO  - Sent message to others cars = 'veh_16 | CartesianPoint{x=138.01,y=242.50,z=0.00}' (at simulation time 217.000,000,000 s)
2025-05-28 00:19:47,035 INFO  - Received event: 217000 (at simulation time IntraVehicleMsg)
2025-05-28 00:19:47,040 INFO  - Sent message to others cars = 'veh_16 | CartesianPoint{x=137.95,y=235.03,z=0.00}' (at simulation time 218.000,000,000 s)
2025-05-28 00:19:47,112 INFO  - Received event: 218000 (at simulation time IntraVehicleMsg)
2025-05-28 00:19:47,119 INFO  - Sent message to others cars = 'veh_16 | CartesianPoint{x=137.89,y=227.89,z=0.00}' (at simulation time 219.000,000,000 s)
2025-05-28 00:19:47,184 INFO  - Received event: 219000 (at simulation time IntraVehicleMsg)
2025-05-28 00:19:47,188 INFO  - Sent message to others cars = 'veh_16 | CartesianPoint{x=137.83,y=220.63,z=0.00}' (at simulation time 220.000,000,000 s)
2025-05-28 00:19:47,255 INFO  - Received event: 220000 (at simulation time IntraVehicleMsg)
2025-05-28 00:19:47,258 INFO  - Sent message to others cars = 'veh_16 | CartesianPoint{x=137.77,y=213.33,z=0.00}' (at simulation time 221.000,000,000 s)
2025-05-28 00:19:47,321 INFO  - Received event: 221000 (at simulation time IntraVehicleMsg)
2025-05-28 00:19:47,328 INFO  - Sent message to others cars = 'veh_16 | CartesianPoint{x=137.72,y=206.86,z=0.00}' (at simulation time 222.000,000,000 s)
2025-05-28 00:19:47,394 INFO  - Received event: 222000 (at simulation time IntraVehicleMsg)
2025-05-28 00:19:47,397 INFO  - Sent message to others cars = 'veh_16 | CartesianPoint{x=137.66,y=199.36,z=0.00}' (at simulation time 223.000,000,000 s)
2025-05-28 00:19:47,454 INFO  - Received event: 223000 (at simulation time IntraVehicleMsg)
2025-05-28 00:19:47,457 INFO  - Sent message to others cars = 'veh_16 | CartesianPoint{x=137.60,y=192.92,z=0.00}' (at simulation time 224.000,000,000 s)
2025-05-28 00:19:47,515 INFO  - Received event: 224000 (at simulation time IntraVehicleMsg)
2025-05-28 00:19:47,517 INFO  - Sent message to others cars = 'veh_16 | CartesianPoint{x=137.55,y=185.74,z=0.00}' (at simulation time 225.000,000,000 s)
2025-05-28 00:19:47,577 INFO  - Received event: 225000 (at simulation time IntraVehicleMsg)
2025-05-28 00:19:47,580 INFO  - Sent message to others cars = 'veh_16 | CartesianPoint{x=137.49,y=179.35,z=0.00}' (at simulation time 226.000,000,000 s)
2025-05-28 00:19:47,641 INFO  - Received event: 226000 (at simulation time IntraVehicleMsg)
2025-05-28 00:19:47,643 INFO  - Sent message to others cars = 'veh_16 | CartesianPoint{x=137.43,y=172.32,z=0.00}' (at simulation time 227.000,000,000 s)
2025-05-28 00:19:47,702 INFO  - Received event: 227000 (at simulation time IntraVehicleMsg)
2025-05-28 00:19:47,708 INFO  - Sent message to others cars = 'veh_16 | CartesianPoint{x=137.38,y=165.78,z=0.00}' (at simulation time 228.000,000,000 s)
2025-05-28 00:19:47,769 INFO  - Received event: 228000 (at simulation time IntraVehicleMsg)
2025-05-28 00:19:47,771 INFO  - Sent message to others cars = 'veh_16 | CartesianPoint{x=137.32,y=158.39,z=0.00}' (at simulation time 229.000,000,000 s)
2025-05-28 00:19:47,831 INFO  - Received event: 229000 (at simulation time IntraVehicleMsg)
2025-05-28 00:19:47,833 INFO  - Sent message to others cars = 'veh_16 | CartesianPoint{x=137.26,y=151.09,z=0.00}' (at simulation time 230.000,000,000 s)
2025-05-28 00:19:47,894 INFO  - Received event: 230000 (at simulation time IntraVehicleMsg)
2025-05-28 00:19:47,900 INFO  - Sent message to others cars = 'veh_16 | CartesianPoint{x=137.20,y=143.96,z=0.00}' (at simulation time 231.000,000,000 s)
2025-05-28 00:19:47,961 INFO  - Received event: 231000 (at simulation time IntraVehicleMsg)
2025-05-28 00:19:47,964 INFO  - Sent message to others cars = 'veh_16 | CartesianPoint{x=137.17,y=137.47,z=0.00}' (at simulation time 232.000,000,000 s)
2025-05-28 00:19:48,026 INFO  - Received event: 232000 (at simulation time IntraVehicleMsg)
2025-05-28 00:19:48,033 INFO  - Sent message to others cars = 'veh_16 | CartesianPoint{x=137.20,y=131.01,z=0.00}' (at simulation time 233.000,000,000 s)
2025-05-28 00:19:48,095 INFO  - Received event: 233000 (at simulation time IntraVehicleMsg)
2025-05-28 00:19:48,098 INFO  - Sent message to others cars = 'veh_16 | CartesianPoint{x=137.25,y=123.58,z=0.00}' (at simulation time 234.000,000,000 s)
2025-05-28 00:19:48,165 INFO  - Received event: 234000 (at simulation time IntraVehicleMsg)
2025-05-28 00:19:48,168 INFO  - Sent message to others cars = 'veh_16 | CartesianPoint{x=137.29,y=116.25,z=0.00}' (at simulation time 235.000,000,000 s)
2025-05-28 00:19:48,234 INFO  - Received event: 235000 (at simulation time IntraVehicleMsg)
2025-05-28 00:19:48,237 INFO  - Sent message to others cars = 'veh_16 | CartesianPoint{x=137.32,y=109.91,z=0.00}' (at simulation time 236.000,000,000 s)
2025-05-28 00:19:48,304 INFO  - Received event: 236000 (at simulation time IntraVehicleMsg)
2025-05-28 00:19:48,310 INFO  - Sent message to others cars = 'veh_16 | CartesianPoint{x=137.36,y=102.78,z=0.00}' (at simulation time 237.000,000,000 s)
2025-05-28 00:19:48,378 INFO  - Received event: 237000 (at simulation time IntraVehicleMsg)
2025-05-28 00:19:48,381 INFO  - Sent message to others cars = 'veh_16 | CartesianPoint{x=137.40,y=96.36,z=0.00}' (at simulation time 238.000,000,000 s)
2025-05-28 00:19:48,449 INFO  - Received event: 238000 (at simulation time IntraVehicleMsg)
2025-05-28 00:19:48,452 INFO  - Sent message to others cars = 'veh_16 | CartesianPoint{x=137.44,y=89.62,z=0.00}' (at simulation time 239.000,000,000 s)
2025-05-28 00:19:48,521 INFO  - Received event: 239000 (at simulation time IntraVehicleMsg)
2025-05-28 00:19:48,527 INFO  - Sent message to others cars = 'veh_16 | CartesianPoint{x=137.47,y=83.15,z=0.00}' (at simulation time 240.000,000,000 s)
2025-05-28 00:19:48,598 INFO  - Received event: 240000 (at simulation time IntraVehicleMsg)
2025-05-28 00:19:48,601 INFO  - Sent message to others cars = 'veh_16 | CartesianPoint{x=137.51,y=76.22,z=0.00}' (at simulation time 241.000,000,000 s)
2025-05-28 00:19:48,672 INFO  - Received event: 241000 (at simulation time IntraVehicleMsg)
2025-05-28 00:19:48,675 INFO  - Sent message to others cars = 'veh_16 | CartesianPoint{x=140.98,y=69.95,z=0.00}' (at simulation time 242.000,000,000 s)
2025-05-28 00:19:48,747 INFO  - Received event: 242000 (at simulation time IntraVehicleMsg)
2025-05-28 00:19:48,755 INFO  - Sent message to others cars = 'veh_16 | CartesianPoint{x=145.27,y=64.50,z=0.00}' (at simulation time 243.000,000,000 s)
2025-05-28 00:19:48,830 INFO  - Received event: 243000 (at simulation time IntraVehicleMsg)
2025-05-28 00:19:48,833 INFO  - Sent message to others cars = 'veh_16 | CartesianPoint{x=150.55,y=59.55,z=0.00}' (at simulation time 244.000,000,000 s)
2025-05-28 00:19:48,908 INFO  - Received event: 244000 (at simulation time IntraVehicleMsg)
2025-05-28 00:19:48,911 INFO  - Sent message to others cars = 'veh_16 | CartesianPoint{x=155.45,y=54.62,z=0.00}' (at simulation time 245.000,000,000 s)
2025-05-28 00:19:48,987 INFO  - Received event: 245000 (at simulation time IntraVehicleMsg)
2025-05-28 00:19:48,990 INFO  - Sent message to others cars = 'veh_16 | CartesianPoint{x=159.98,y=49.65,z=0.00}' (at simulation time 246.000,000,000 s)
2025-05-28 00:19:49,068 INFO  - Received event: 246000 (at simulation time IntraVehicleMsg)
2025-05-28 00:19:49,074 INFO  - Sent message to others cars = 'veh_16 | CartesianPoint{x=164.94,y=44.18,z=0.00}' (at simulation time 247.000,000,000 s)
2025-05-28 00:19:49,148 INFO  - Received event: 247000 (at simulation time IntraVehicleMsg)
2025-05-28 00:19:49,151 INFO  - Sent message to others cars = 'veh_16 | CartesianPoint{x=169.68,y=38.98,z=0.00}' (at simulation time 248.000,000,000 s)
2025-05-28 00:19:49,232 INFO  - Received event: 248000 (at simulation time IntraVehicleMsg)
2025-05-28 00:19:49,237 INFO  - Sent message to others cars = 'veh_16 | CartesianPoint{x=174.37,y=33.81,z=0.00}' (at simulation time 249.000,000,000 s)
2025-05-28 00:19:49,307 INFO  - Received event: 249000 (at simulation time IntraVehicleMsg)
2025-05-28 00:19:49,310 INFO  - Sent message to others cars = 'veh_16 | CartesianPoint{x=179.34,y=28.35,z=0.00}' (at simulation time 250.000,000,000 s)
2025-05-28 00:19:49,380 INFO  - Received event: 250000 (at simulation time IntraVehicleMsg)
2025-05-28 00:19:49,383 INFO  - Sent message to others cars = 'veh_16 | CartesianPoint{x=184.12,y=23.10,z=0.00}' (at simulation time 251.000,000,000 s)
2025-05-28 00:19:49,455 INFO  - Received event: 251000 (at simulation time IntraVehicleMsg)
2025-05-28 00:19:49,458 INFO  - Sent message to others cars = 'veh_16 | CartesianPoint{x=188.66,y=18.10,z=0.00}' (at simulation time 252.000,000,000 s)
2025-05-28 00:19:49,520 INFO  - Received event: 252000 (at simulation time IntraVehicleMsg)
2025-05-28 00:19:49,528 INFO  - Sent message to others cars = 'veh_16 | CartesianPoint{x=193.40,y=12.89,z=0.00}' (at simulation time 253.000,000,000 s)
2025-05-28 00:19:49,592 INFO  - Received event: 253000 (at simulation time IntraVehicleMsg)
2025-05-28 00:19:49,595 INFO  - Sent message to others cars = 'veh_16 | CartesianPoint{x=195.41,y=6.63,z=0.00}' (at simulation time 254.000,000,000 s)
2025-05-28 00:19:49,661 INFO  - Received event: 254000 (at simulation time IntraVehicleMsg)
2025-05-28 00:19:49,667 INFO  - Sent message to others cars = 'veh_16 | CartesianPoint{x=197.06,y=-0.21,z=0.00}' (at simulation time 255.000,000,000 s)
2025-05-28 00:19:49,724 INFO  - Received event: 255000 (at simulation time IntraVehicleMsg)
2025-05-28 00:19:49,727 INFO  - ------------------------------------------------------------------------------------- (at simulation time 256.000,000,000 s)
2025-05-28 00:19:49,727 INFO  - Shutdown application (at simulation time 256.000,000,000 s)
2025-05-28 00:19:49,727 INFO  - ------------------------------------------------------------------------------------- (at simulation time 256.000,000,000 s)
