2025-05-28 00:33:11,315 INFO  - ------------------------------------------------------------------------------------- (at simulation time 89.000,000,000 s)
2025-05-28 00:33:11,316 INFO  - Initialize veh_16 application (at simulation time 89.000,000,000 s)
2025-05-28 00:33:11,316 INFO  - Activated AdHoc Module (at simulation time 89.000,000,000 s)
2025-05-28 00:33:11,316 INFO  - ------------------------------------------------------------------------------------- (at simulation time 89.000,000,000 s)
2025-05-28 00:33:11,318 INFO  - Sent message to others cars = 'veh_16 | CartesianPoint{x=143.94,y=749.34,z=0.00}' (at simulation time 89.000,000,000 s)
2025-05-28 00:33:11,363 INFO  - Received event: 89000 (at simulation time IntraVehicleMsg)
2025-05-28 00:33:11,368 INFO  - Sent message to others cars = 'veh_16 | CartesianPoint{x=143.92,y=742.45,z=0.00}' (at simulation time 90.000,000,000 s)
2025-05-28 00:33:11,413 INFO  - Received event: 90000 (at simulation time IntraVehicleMsg)
2025-05-28 00:33:11,418 INFO  - Sent message to others cars = 'veh_16 | CartesianPoint{x=143.90,y=735.31,z=0.00}' (at simulation time 91.000,000,000 s)
2025-05-28 00:33:11,466 INFO  - Received event: 91000 (at simulation time IntraVehicleMsg)
2025-05-28 00:33:11,470 INFO  - Sent message to others cars = 'veh_16 | CartesianPoint{x=143.88,y=728.42,z=0.00}' (at simulation time 92.000,000,000 s)
2025-05-28 00:33:11,515 INFO  - Received event: 92000 (at simulation time IntraVehicleMsg)
2025-05-28 00:33:11,523 INFO  - Sent message to others cars = 'veh_16 | CartesianPoint{x=143.85,y=721.86,z=0.00}' (at simulation time 93.000,000,000 s)
2025-05-28 00:33:11,573 INFO  - Received event: 93000 (at simulation time IntraVehicleMsg)
2025-05-28 00:33:11,582 INFO  - Sent message to others cars = 'veh_16 | CartesianPoint{x=143.83,y=714.93,z=0.00}' (at simulation time 94.000,000,000 s)
2025-05-28 00:33:11,628 INFO  - Received event: 94000 (at simulation time IntraVehicleMsg)
2025-05-28 00:33:11,632 INFO  - Sent message to others cars = 'veh_16 | CartesianPoint{x=140.61,y=708.12,z=0.00}' (at simulation time 95.000,000,000 s)
2025-05-28 00:33:11,681 INFO  - Received event: 95000 (at simulation time IntraVehicleMsg)
2025-05-28 00:33:11,685 INFO  - Sent message to others cars = 'veh_16 | CartesianPoint{x=140.58,y=701.11,z=0.00}' (at simulation time 96.000,000,000 s)
2025-05-28 00:33:11,734 INFO  - Received event: 96000 (at simulation time IntraVehicleMsg)
2025-05-28 00:33:11,738 INFO  - Sent message to others cars = 'veh_16 | CartesianPoint{x=140.56,y=694.84,z=0.00}' (at simulation time 97.000,000,000 s)
2025-05-28 00:33:11,788 INFO  - Received event: 97000 (at simulation time IntraVehicleMsg)
2025-05-28 00:33:11,792 INFO  - Sent message to others cars = 'veh_16 | CartesianPoint{x=140.54,y=688.43,z=0.00}' (at simulation time 98.000,000,000 s)
2025-05-28 00:33:11,850 INFO  - Received event: 98000 (at simulation time IntraVehicleMsg)
2025-05-28 00:33:11,859 INFO  - Sent message to others cars = 'veh_16 | CartesianPoint{x=140.52,y=681.19,z=0.00}' (at simulation time 99.000,000,000 s)
2025-05-28 00:33:11,912 INFO  - Received event: 99000 (at simulation time IntraVehicleMsg)
2025-05-28 00:33:11,928 INFO  - Sent message to others cars = 'veh_16 | CartesianPoint{x=140.49,y=673.81,z=0.00}' (at simulation time 100.000,000,000 s)
2025-05-28 00:33:11,978 INFO  - Received event: 100000 (at simulation time IntraVehicleMsg)
2025-05-28 00:33:11,982 INFO  - Sent message to others cars = 'veh_16 | CartesianPoint{x=140.47,y=667.18,z=0.00}' (at simulation time 101.000,000,000 s)
2025-05-28 00:33:12,036 INFO  - Received event: 101000 (at simulation time IntraVehicleMsg)
2025-05-28 00:33:12,040 INFO  - Sent message to others cars = 'veh_16 | CartesianPoint{x=140.46,y=660.16,z=0.00}' (at simulation time 102.000,000,000 s)
2025-05-28 00:33:12,096 INFO  - Received event: 102000 (at simulation time IntraVehicleMsg)
2025-05-28 00:33:12,100 INFO  - Sent message to others cars = 'veh_16 | CartesianPoint{x=140.44,y=652.94,z=0.00}' (at simulation time 103.000,000,000 s)
2025-05-28 00:33:12,157 INFO  - Received event: 103000 (at simulation time IntraVehicleMsg)
2025-05-28 00:33:12,162 INFO  - Sent message to others cars = 'veh_16 | CartesianPoint{x=140.43,y=646.35,z=0.00}' (at simulation time 104.000,000,000 s)
2025-05-28 00:33:12,219 INFO  - Received event: 104000 (at simulation time IntraVehicleMsg)
2025-05-28 00:33:12,222 INFO  - Sent message to others cars = 'veh_16 | CartesianPoint{x=140.41,y=638.90,z=0.00}' (at simulation time 105.000,000,000 s)
2025-05-28 00:33:12,282 INFO  - Received event: 105000 (at simulation time IntraVehicleMsg)
2025-05-28 00:33:12,285 INFO  - Sent message to others cars = 'veh_16 | CartesianPoint{x=140.39,y=632.17,z=0.00}' (at simulation time 106.000,000,000 s)
2025-05-28 00:33:12,346 INFO  - Received event: 106000 (at simulation time IntraVehicleMsg)
2025-05-28 00:33:12,365 INFO  - Sent message to others cars = 'veh_16 | CartesianPoint{x=140.38,y=625.71,z=0.00}' (at simulation time 107.000,000,000 s)
2025-05-28 00:33:12,433 INFO  - Received event: 107000 (at simulation time IntraVehicleMsg)
2025-05-28 00:33:12,448 INFO  - Sent message to others cars = 'veh_16 | CartesianPoint{x=140.36,y=618.28,z=0.00}' (at simulation time 108.000,000,000 s)
2025-05-28 00:33:12,513 INFO  - Received event: 108000 (at simulation time IntraVehicleMsg)
2025-05-28 00:33:12,522 INFO  - Sent message to others cars = 'veh_16 | CartesianPoint{x=140.34,y=611.17,z=0.00}' (at simulation time 109.000,000,000 s)
2025-05-28 00:33:12,585 INFO  - Received event: 109000 (at simulation time IntraVehicleMsg)
2025-05-28 00:33:12,588 INFO  - Sent message to others cars = 'veh_16 | CartesianPoint{x=140.32,y=603.75,z=0.00}' (at simulation time 110.000,000,000 s)
2025-05-28 00:33:12,652 INFO  - Received event: 110000 (at simulation time IntraVehicleMsg)
2025-05-28 00:33:12,656 INFO  - Sent message to others cars = 'veh_16 | CartesianPoint{x=140.28,y=597.25,z=0.00}' (at simulation time 111.000,000,000 s)
2025-05-28 00:33:12,720 INFO  - Received event: 111000 (at simulation time IntraVehicleMsg)
2025-05-28 00:33:12,723 INFO  - Sent message to others cars = 'veh_16 | CartesianPoint{x=140.25,y=590.14,z=0.00}' (at simulation time 112.000,000,000 s)
2025-05-28 00:33:12,790 INFO  - Received event: 112000 (at simulation time IntraVehicleMsg)
2025-05-28 00:33:12,794 INFO  - Sent message to others cars = 'veh_16 | CartesianPoint{x=140.21,y=583.78,z=0.00}' (at simulation time 113.000,000,000 s)
2025-05-28 00:33:12,861 INFO  - Received event: 113000 (at simulation time IntraVehicleMsg)
2025-05-28 00:33:12,865 INFO  - Sent message to others cars = 'veh_16 | CartesianPoint{x=140.18,y=576.74,z=0.00}' (at simulation time 114.000,000,000 s)
2025-05-28 00:33:12,933 INFO  - Received event: 114000 (at simulation time IntraVehicleMsg)
2025-05-28 00:33:12,940 INFO  - Sent message to others cars = 'veh_16 | CartesianPoint{x=140.14,y=569.64,z=0.00}' (at simulation time 115.000,000,000 s)
2025-05-28 00:33:13,013 INFO  - Received event: 115000 (at simulation time IntraVehicleMsg)
2025-05-28 00:33:13,031 INFO  - Sent message to others cars = 'veh_16 | CartesianPoint{x=140.12,y=564.91,z=0.00}' (at simulation time 116.000,000,000 s)
2025-05-28 00:33:13,105 INFO  - Received event: 116000 (at simulation time IntraVehicleMsg)
2025-05-28 00:33:13,118 INFO  - Sent message to others cars = 'veh_16 | CartesianPoint{x=140.11,y=564.52,z=0.00}' (at simulation time 117.000,000,000 s)
2025-05-28 00:33:13,190 INFO  - Received event: 117000 (at simulation time IntraVehicleMsg)
2025-05-28 00:33:13,193 INFO  - Sent message to others cars = 'veh_16 | CartesianPoint{x=140.11,y=564.32,z=0.00}' (at simulation time 118.000,000,000 s)
2025-05-28 00:33:13,264 INFO  - Received event: 118000 (at simulation time IntraVehicleMsg)
2025-05-28 00:33:13,268 INFO  - Sent message to others cars = 'veh_16 | CartesianPoint{x=140.11,y=564.20,z=0.00}' (at simulation time 119.000,000,000 s)
2025-05-28 00:33:13,337 INFO  - Received event: 119000 (at simulation time IntraVehicleMsg)
2025-05-28 00:33:13,346 INFO  - Sent message to others cars = 'veh_16 | CartesianPoint{x=140.11,y=564.19,z=0.00}' (at simulation time 120.000,000,000 s)
2025-05-28 00:33:13,419 INFO  - Received event: 120000 (at simulation time IntraVehicleMsg)
2025-05-28 00:33:13,424 INFO  - Sent message to others cars = 'veh_16 | CartesianPoint{x=140.11,y=564.19,z=0.00}' (at simulation time 121.000,000,000 s)
2025-05-28 00:33:13,495 INFO  - Received event: 121000 (at simulation time IntraVehicleMsg)
2025-05-28 00:33:13,499 INFO  - Sent message to others cars = 'veh_16 | CartesianPoint{x=140.11,y=564.19,z=0.00}' (at simulation time 122.000,000,000 s)
2025-05-28 00:33:13,562 INFO  - Received event: 122000 (at simulation time IntraVehicleMsg)
2025-05-28 00:33:13,568 INFO  - Sent message to others cars = 'veh_16 | CartesianPoint{x=140.11,y=564.19,z=0.00}' (at simulation time 123.000,000,000 s)
2025-05-28 00:33:13,633 INFO  - Received event: 123000 (at simulation time IntraVehicleMsg)
2025-05-28 00:33:13,645 INFO  - Sent message to others cars = 'veh_16 | CartesianPoint{x=140.11,y=564.19,z=0.00}' (at simulation time 124.000,000,000 s)
2025-05-28 00:33:13,703 INFO  - Received event: 124000 (at simulation time IntraVehicleMsg)
2025-05-28 00:33:13,716 INFO  - Sent message to others cars = 'veh_16 | CartesianPoint{x=140.11,y=563.50,z=0.00}' (at simulation time 125.000,000,000 s)
2025-05-28 00:33:13,776 INFO  - Received event: 125000 (at simulation time IntraVehicleMsg)
2025-05-28 00:33:13,788 INFO  - Sent message to others cars = 'veh_16 | CartesianPoint{x=140.10,y=562.65,z=0.00}' (at simulation time 126.000,000,000 s)
2025-05-28 00:33:13,840 INFO  - Received event: 126000 (at simulation time IntraVehicleMsg)
2025-05-28 00:33:13,843 INFO  - Sent message to others cars = 'veh_16 | CartesianPoint{x=140.09,y=560.35,z=0.00}' (at simulation time 127.000,000,000 s)
2025-05-28 00:33:13,898 INFO  - Received event: 127000 (at simulation time IntraVehicleMsg)
2025-05-28 00:33:13,900 INFO  - Sent message to others cars = 'veh_16 | CartesianPoint{x=140.07,y=555.82,z=0.00}' (at simulation time 128.000,000,000 s)
2025-05-28 00:33:13,948 INFO  - Received event: 128000 (at simulation time IntraVehicleMsg)
2025-05-28 00:33:13,952 INFO  - Sent message to others cars = 'veh_16 | CartesianPoint{x=140.03,y=549.27,z=0.00}' (at simulation time 129.000,000,000 s)
2025-05-28 00:33:14,000 INFO  - Received event: 129000 (at simulation time IntraVehicleMsg)
2025-05-28 00:33:14,007 INFO  - Sent message to others cars = 'veh_16 | CartesianPoint{x=140.00,y=542.88,z=0.00}' (at simulation time 130.000,000,000 s)
2025-05-28 00:33:14,058 INFO  - Received event: 130000 (at simulation time IntraVehicleMsg)
2025-05-28 00:33:14,061 INFO  - Sent message to others cars = 'veh_16 | CartesianPoint{x=139.98,y=539.01,z=0.00}' (at simulation time 131.000,000,000 s)
2025-05-28 00:33:14,114 INFO  - Received event: 131000 (at simulation time IntraVehicleMsg)
2025-05-28 00:33:14,116 INFO  - Sent message to others cars = 'veh_16 | CartesianPoint{x=139.98,y=538.21,z=0.00}' (at simulation time 132.000,000,000 s)
2025-05-28 00:33:14,169 INFO  - Received event: 132000 (at simulation time IntraVehicleMsg)
2025-05-28 00:33:14,172 INFO  - Sent message to others cars = 'veh_16 | CartesianPoint{x=139.98,y=538.19,z=0.00}' (at simulation time 133.000,000,000 s)
2025-05-28 00:33:14,225 INFO  - Received event: 133000 (at simulation time IntraVehicleMsg)
2025-05-28 00:33:14,228 INFO  - Sent message to others cars = 'veh_16 | CartesianPoint{x=139.98,y=538.19,z=0.00}' (at simulation time 134.000,000,000 s)
2025-05-28 00:33:14,284 INFO  - Received event: 134000 (at simulation time IntraVehicleMsg)
2025-05-28 00:33:14,291 INFO  - Sent message to others cars = 'veh_16 | CartesianPoint{x=139.98,y=538.19,z=0.00}' (at simulation time 135.000,000,000 s)
2025-05-28 00:33:14,347 INFO  - Received event: 135000 (at simulation time IntraVehicleMsg)
2025-05-28 00:33:14,352 INFO  - Sent message to others cars = 'veh_16 | CartesianPoint{x=139.98,y=538.19,z=0.00}' (at simulation time 136.000,000,000 s)
2025-05-28 00:33:14,408 INFO  - Received event: 136000 (at simulation time IntraVehicleMsg)
2025-05-28 00:33:14,410 INFO  - Sent message to others cars = 'veh_16 | CartesianPoint{x=139.98,y=538.19,z=0.00}' (at simulation time 137.000,000,000 s)
2025-05-28 00:33:14,466 INFO  - Received event: 137000 (at simulation time IntraVehicleMsg)
2025-05-28 00:33:14,469 INFO  - Sent message to others cars = 'veh_16 | CartesianPoint{x=139.98,y=538.19,z=0.00}' (at simulation time 138.000,000,000 s)
2025-05-28 00:33:14,527 INFO  - Received event: 138000 (at simulation time IntraVehicleMsg)
2025-05-28 00:33:14,530 INFO  - Sent message to others cars = 'veh_16 | CartesianPoint{x=139.98,y=538.19,z=0.00}' (at simulation time 139.000,000,000 s)
2025-05-28 00:33:14,589 INFO  - Received event: 139000 (at simulation time IntraVehicleMsg)
2025-05-28 00:33:14,597 INFO  - Sent message to others cars = 'veh_16 | CartesianPoint{x=139.98,y=538.19,z=0.00}' (at simulation time 140.000,000,000 s)
2025-05-28 00:33:14,656 INFO  - Received event: 140000 (at simulation time IntraVehicleMsg)
2025-05-28 00:33:14,659 INFO  - Sent message to others cars = 'veh_16 | CartesianPoint{x=139.98,y=538.19,z=0.00}' (at simulation time 141.000,000,000 s)
2025-05-28 00:33:14,720 INFO  - Received event: 141000 (at simulation time IntraVehicleMsg)
2025-05-28 00:33:14,723 INFO  - Sent message to others cars = 'veh_16 | CartesianPoint{x=139.98,y=538.19,z=0.00}' (at simulation time 142.000,000,000 s)
2025-05-28 00:33:14,786 INFO  - Received event: 142000 (at simulation time IntraVehicleMsg)
2025-05-28 00:33:14,789 INFO  - Sent message to others cars = 'veh_16 | CartesianPoint{x=139.98,y=538.19,z=0.00}' (at simulation time 143.000,000,000 s)
2025-05-28 00:33:14,853 INFO  - Received event: 143000 (at simulation time IntraVehicleMsg)
2025-05-28 00:33:14,855 INFO  - Sent message to others cars = 'veh_16 | CartesianPoint{x=139.98,y=538.19,z=0.00}' (at simulation time 144.000,000,000 s)
2025-05-28 00:33:14,921 INFO  - Received event: 144000 (at simulation time IntraVehicleMsg)
2025-05-28 00:33:14,924 INFO  - Sent message to others cars = 'veh_16 | CartesianPoint{x=139.98,y=538.19,z=0.00}' (at simulation time 145.000,000,000 s)
2025-05-28 00:33:14,990 INFO  - Received event: 145000 (at simulation time IntraVehicleMsg)
2025-05-28 00:33:14,993 INFO  - Sent message to others cars = 'veh_16 | CartesianPoint{x=139.98,y=538.19,z=0.00}' (at simulation time 146.000,000,000 s)
2025-05-28 00:33:15,063 INFO  - Received event: 146000 (at simulation time IntraVehicleMsg)
2025-05-28 00:33:15,067 INFO  - Sent message to others cars = 'veh_16 | CartesianPoint{x=139.98,y=538.19,z=0.00}' (at simulation time 147.000,000,000 s)
2025-05-28 00:33:15,137 INFO  - Received event: 147000 (at simulation time IntraVehicleMsg)
2025-05-28 00:33:15,143 INFO  - Sent message to others cars = 'veh_16 | CartesianPoint{x=139.98,y=538.19,z=0.00}' (at simulation time 148.000,000,000 s)
2025-05-28 00:33:15,216 INFO  - Received event: 148000 (at simulation time IntraVehicleMsg)
2025-05-28 00:33:15,228 INFO  - Sent message to others cars = 'veh_16 | CartesianPoint{x=139.98,y=538.19,z=0.00}' (at simulation time 149.000,000,000 s)
2025-05-28 00:33:15,303 INFO  - Received event: 149000 (at simulation time IntraVehicleMsg)
2025-05-28 00:33:15,315 INFO  - Sent message to others cars = 'veh_16 | CartesianPoint{x=139.98,y=538.19,z=0.00}' (at simulation time 150.000,000,000 s)
2025-05-28 00:33:15,399 INFO  - Received event: 150000 (at simulation time IntraVehicleMsg)
2025-05-28 00:33:15,403 INFO  - Sent message to others cars = 'veh_16 | CartesianPoint{x=139.98,y=538.19,z=0.00}' (at simulation time 151.000,000,000 s)
2025-05-28 00:33:15,477 INFO  - Received event: 151000 (at simulation time IntraVehicleMsg)
2025-05-28 00:33:15,480 INFO  - Sent message to others cars = 'veh_16 | CartesianPoint{x=139.98,y=538.19,z=0.00}' (at simulation time 152.000,000,000 s)
2025-05-28 00:33:15,558 INFO  - Received event: 152000 (at simulation time IntraVehicleMsg)
2025-05-28 00:33:15,562 INFO  - Sent message to others cars = 'veh_16 | CartesianPoint{x=139.98,y=538.19,z=0.00}' (at simulation time 153.000,000,000 s)
2025-05-28 00:33:15,638 INFO  - Received event: 153000 (at simulation time IntraVehicleMsg)
2025-05-28 00:33:15,641 INFO  - Sent message to others cars = 'veh_16 | CartesianPoint{x=139.98,y=538.19,z=0.00}' (at simulation time 154.000,000,000 s)
2025-05-28 00:33:15,734 INFO  - Received event: 154000 (at simulation time IntraVehicleMsg)
2025-05-28 00:33:15,738 INFO  - Sent message to others cars = 'veh_16 | CartesianPoint{x=139.98,y=538.19,z=0.00}' (at simulation time 155.000,000,000 s)
2025-05-28 00:33:15,818 INFO  - Received event: 155000 (at simulation time IntraVehicleMsg)
2025-05-28 00:33:15,830 INFO  - Sent message to others cars = 'veh_16 | CartesianPoint{x=139.98,y=538.19,z=0.00}' (at simulation time 156.000,000,000 s)
2025-05-28 00:33:15,906 INFO  - Received event: 156000 (at simulation time IntraVehicleMsg)
2025-05-28 00:33:15,910 INFO  - Sent message to others cars = 'veh_16 | CartesianPoint{x=139.98,y=538.19,z=0.00}' (at simulation time 157.000,000,000 s)
2025-05-28 00:33:15,989 INFO  - Received event: 157000 (at simulation time IntraVehicleMsg)
2025-05-28 00:33:15,992 INFO  - Sent message to others cars = 'veh_16 | CartesianPoint{x=139.98,y=538.19,z=0.00}' (at simulation time 158.000,000,000 s)
2025-05-28 00:33:16,071 INFO  - Received event: 158000 (at simulation time IntraVehicleMsg)
2025-05-28 00:33:16,074 INFO  - Sent message to others cars = 'veh_16 | CartesianPoint{x=139.98,y=538.19,z=0.00}' (at simulation time 159.000,000,000 s)
2025-05-28 00:33:16,156 INFO  - Received event: 159000 (at simulation time IntraVehicleMsg)
2025-05-28 00:33:16,159 INFO  - Sent message to others cars = 'veh_16 | CartesianPoint{x=139.98,y=538.19,z=0.00}' (at simulation time 160.000,000,000 s)
2025-05-28 00:33:16,242 INFO  - Received event: 160000 (at simulation time IntraVehicleMsg)
2025-05-28 00:33:16,251 INFO  - Sent message to others cars = 'veh_16 | CartesianPoint{x=139.98,y=538.19,z=0.00}' (at simulation time 161.000,000,000 s)
2025-05-28 00:33:16,335 INFO  - Received event: 161000 (at simulation time IntraVehicleMsg)
2025-05-28 00:33:16,338 INFO  - Sent message to others cars = 'veh_16 | CartesianPoint{x=139.98,y=538.19,z=0.00}' (at simulation time 162.000,000,000 s)
2025-05-28 00:33:16,424 INFO  - Received event: 162000 (at simulation time IntraVehicleMsg)
2025-05-28 00:33:16,428 INFO  - Sent message to others cars = 'veh_16 | CartesianPoint{x=139.98,y=538.19,z=0.00}' (at simulation time 163.000,000,000 s)
2025-05-28 00:33:16,515 INFO  - Received event: 163000 (at simulation time IntraVehicleMsg)
2025-05-28 00:33:16,528 INFO  - Sent message to others cars = 'veh_16 | CartesianPoint{x=139.98,y=538.19,z=0.00}' (at simulation time 164.000,000,000 s)
2025-05-28 00:33:16,614 INFO  - Received event: 164000 (at simulation time IntraVehicleMsg)
2025-05-28 00:33:16,617 INFO  - Sent message to others cars = 'veh_16 | CartesianPoint{x=139.98,y=538.19,z=0.00}' (at simulation time 165.000,000,000 s)
2025-05-28 00:33:16,706 INFO  - Received event: 165000 (at simulation time IntraVehicleMsg)
2025-05-28 00:33:16,710 INFO  - Sent message to others cars = 'veh_16 | CartesianPoint{x=139.98,y=538.19,z=0.00}' (at simulation time 166.000,000,000 s)
2025-05-28 00:33:16,799 INFO  - Received event: 166000 (at simulation time IntraVehicleMsg)
2025-05-28 00:33:16,802 INFO  - Sent message to others cars = 'veh_16 | CartesianPoint{x=139.98,y=538.19,z=0.00}' (at simulation time 167.000,000,000 s)
2025-05-28 00:33:16,894 INFO  - Received event: 167000 (at simulation time IntraVehicleMsg)
2025-05-28 00:33:16,898 INFO  - Sent message to others cars = 'veh_16 | CartesianPoint{x=139.98,y=538.19,z=0.00}' (at simulation time 168.000,000,000 s)
2025-05-28 00:33:16,989 INFO  - Received event: 168000 (at simulation time IntraVehicleMsg)
2025-05-28 00:33:16,992 INFO  - Sent message to others cars = 'veh_16 | CartesianPoint{x=139.98,y=538.19,z=0.00}' (at simulation time 169.000,000,000 s)
2025-05-28 00:33:17,085 INFO  - Received event: 169000 (at simulation time IntraVehicleMsg)
2025-05-28 00:33:17,089 INFO  - Sent message to others cars = 'veh_16 | CartesianPoint{x=139.98,y=538.19,z=0.00}' (at simulation time 170.000,000,000 s)
2025-05-28 00:33:17,184 INFO  - Received event: 170000 (at simulation time IntraVehicleMsg)
2025-05-28 00:33:17,192 INFO  - Sent message to others cars = 'veh_16 | CartesianPoint{x=139.98,y=538.19,z=0.00}' (at simulation time 171.000,000,000 s)
2025-05-28 00:33:17,292 INFO  - Received event: 171000 (at simulation time IntraVehicleMsg)
2025-05-28 00:33:17,295 INFO  - Sent message to others cars = 'veh_16 | CartesianPoint{x=139.98,y=538.19,z=0.00}' (at simulation time 172.000,000,000 s)
2025-05-28 00:33:17,408 INFO  - Received event: 172000 (at simulation time IntraVehicleMsg)
2025-05-28 00:33:17,412 INFO  - Sent message to others cars = 'veh_16 | CartesianPoint{x=139.96,y=536.13,z=0.00}' (at simulation time 173.000,000,000 s)
2025-05-28 00:33:17,513 INFO  - Received event: 173000 (at simulation time IntraVehicleMsg)
2025-05-28 00:33:17,517 INFO  - Sent message to others cars = 'veh_16 | CartesianPoint{x=139.92,y=531.71,z=0.00}' (at simulation time 174.000,000,000 s)
2025-05-28 00:33:17,620 INFO  - Received event: 174000 (at simulation time IntraVehicleMsg)
2025-05-28 00:33:17,631 INFO  - Sent message to others cars = 'veh_16 | CartesianPoint{x=139.87,y=525.26,z=0.00}' (at simulation time 175.000,000,000 s)
2025-05-28 00:33:17,735 INFO  - Received event: 175000 (at simulation time IntraVehicleMsg)
2025-05-28 00:33:17,739 INFO  - Sent message to others cars = 'veh_16 | CartesianPoint{x=139.81,y=518.71,z=0.00}' (at simulation time 176.000,000,000 s)
