2025-05-28 00:39:29,889 INFO  - ------------------------------------------------------------------------------------- (at simulation time 480.000,000,000 s)
2025-05-28 00:39:29,889 INFO  - Initialize veh_92 application (at simulation time 480.000,000,000 s)
2025-05-28 00:39:29,889 INFO  - Activated AdHoc Module (at simulation time 480.000,000,000 s)
2025-05-28 00:39:29,889 INFO  - ------------------------------------------------------------------------------------- (at simulation time 480.000,000,000 s)
2025-05-28 00:39:29,891 INFO  - Sent message to others cars = 'veh_92 | CartesianPoint{x=143.94,y=749.34,z=0.00}' (at simulation time 480.000,000,000 s)
2025-05-28 00:39:29,954 INFO  - Received event: 480000 (at simulation time IntraVehicleMsg)
2025-05-28 00:39:29,958 INFO  - Sent message to others cars = 'veh_92 | CartesianPoint{x=143.92,y=743.11,z=0.00}' (at simulation time 481.000,000,000 s)
2025-05-28 00:39:30,020 INFO  - Received event: 481000 (at simulation time IntraVehicleMsg)
2025-05-28 00:39:30,022 INFO  - Sent message to others cars = 'veh_92 | CartesianPoint{x=143.91,y=737.14,z=0.00}' (at simulation time 482.000,000,000 s)
2025-05-28 00:39:30,086 INFO  - Received event: 482000 (at simulation time IntraVehicleMsg)
2025-05-28 00:39:30,091 INFO  - Sent message to others cars = 'veh_92 | CartesianPoint{x=143.88,y=731.02,z=0.00}' (at simulation time 483.000,000,000 s)
2025-05-28 00:39:30,157 INFO  - Received event: 483000 (at simulation time IntraVehicleMsg)
2025-05-28 00:39:30,160 INFO  - Sent message to others cars = 'veh_92 | CartesianPoint{x=143.86,y=724.13,z=0.00}' (at simulation time 484.000,000,000 s)
2025-05-28 00:39:30,226 INFO  - Received event: 484000 (at simulation time IntraVehicleMsg)
2025-05-28 00:39:30,229 INFO  - Sent message to others cars = 'veh_92 | CartesianPoint{x=143.84,y=717.41,z=0.00}' (at simulation time 485.000,000,000 s)
2025-05-28 00:39:30,297 INFO  - Received event: 485000 (at simulation time IntraVehicleMsg)
2025-05-28 00:39:30,303 INFO  - Sent message to others cars = 'veh_92 | CartesianPoint{x=140.62,y=711.21,z=0.00}' (at simulation time 486.000,000,000 s)
2025-05-28 00:39:30,371 INFO  - Received event: 486000 (at simulation time IntraVehicleMsg)
2025-05-28 00:39:30,373 INFO  - Sent message to others cars = 'veh_92 | CartesianPoint{x=140.60,y=705.18,z=0.00}' (at simulation time 487.000,000,000 s)
2025-05-28 00:39:30,436 INFO  - Received event: 487000 (at simulation time IntraVehicleMsg)
2025-05-28 00:39:30,438 INFO  - Sent message to others cars = 'veh_92 | CartesianPoint{x=140.58,y=698.75,z=0.00}' (at simulation time 488.000,000,000 s)
2025-05-28 00:39:30,501 INFO  - Received event: 488000 (at simulation time IntraVehicleMsg)
2025-05-28 00:39:30,504 INFO  - Sent message to others cars = 'veh_92 | CartesianPoint{x=140.55,y=691.56,z=0.00}' (at simulation time 489.000,000,000 s)
2025-05-28 00:39:30,567 INFO  - Received event: 489000 (at simulation time IntraVehicleMsg)
2025-05-28 00:39:30,573 INFO  - Sent message to others cars = 'veh_92 | CartesianPoint{x=140.53,y=685.30,z=0.00}' (at simulation time 490.000,000,000 s)
2025-05-28 00:39:30,632 INFO  - Received event: 490000 (at simulation time IntraVehicleMsg)
2025-05-28 00:39:30,635 INFO  - Sent message to others cars = 'veh_92 | CartesianPoint{x=140.51,y=678.65,z=0.00}' (at simulation time 491.000,000,000 s)
2025-05-28 00:39:30,693 INFO  - Received event: 491000 (at simulation time IntraVehicleMsg)
2025-05-28 00:39:30,695 INFO  - Sent message to others cars = 'veh_92 | CartesianPoint{x=140.49,y=672.49,z=0.00}' (at simulation time 492.000,000,000 s)
2025-05-28 00:39:30,756 INFO  - Received event: 492000 (at simulation time IntraVehicleMsg)
2025-05-28 00:39:30,758 INFO  - Sent message to others cars = 'veh_92 | CartesianPoint{x=140.47,y=665.49,z=0.00}' (at simulation time 493.000,000,000 s)
2025-05-28 00:39:30,822 INFO  - Received event: 493000 (at simulation time IntraVehicleMsg)
2025-05-28 00:39:30,827 INFO  - Sent message to others cars = 'veh_92 | CartesianPoint{x=140.45,y=658.47,z=0.00}' (at simulation time 494.000,000,000 s)
2025-05-28 00:39:30,888 INFO  - Received event: 494000 (at simulation time IntraVehicleMsg)
2025-05-28 00:39:30,891 INFO  - Sent message to others cars = 'veh_92 | CartesianPoint{x=140.44,y=651.35,z=0.00}' (at simulation time 495.000,000,000 s)
2025-05-28 00:39:30,954 INFO  - Received event: 495000 (at simulation time IntraVehicleMsg)
2025-05-28 00:39:30,957 INFO  - Sent message to others cars = 'veh_92 | CartesianPoint{x=140.42,y=644.93,z=0.00}' (at simulation time 496.000,000,000 s)
2025-05-28 00:39:31,022 INFO  - Received event: 496000 (at simulation time IntraVehicleMsg)
2025-05-28 00:39:31,024 INFO  - Sent message to others cars = 'veh_92 | CartesianPoint{x=140.41,y=637.95,z=0.00}' (at simulation time 497.000,000,000 s)
2025-05-28 00:39:31,094 INFO  - Received event: 497000 (at simulation time IntraVehicleMsg)
2025-05-28 00:39:31,097 INFO  - Sent message to others cars = 'veh_92 | CartesianPoint{x=140.39,y=630.83,z=0.00}' (at simulation time 498.000,000,000 s)
2025-05-28 00:39:31,160 INFO  - Received event: 498000 (at simulation time IntraVehicleMsg)
2025-05-28 00:39:31,166 INFO  - Sent message to others cars = 'veh_92 | CartesianPoint{x=140.37,y=623.64,z=0.00}' (at simulation time 499.000,000,000 s)
2025-05-28 00:39:31,224 INFO  - Received event: 499000 (at simulation time IntraVehicleMsg)
2025-05-28 00:39:31,231 INFO  - Sent message to others cars = 'veh_92 | CartesianPoint{x=140.36,y=617.63,z=0.00}' (at simulation time 500.000,000,000 s)
2025-05-28 00:39:31,291 INFO  - Received event: 500000 (at simulation time IntraVehicleMsg)
2025-05-28 00:39:31,294 INFO  - Sent message to others cars = 'veh_92 | CartesianPoint{x=140.34,y=611.47,z=0.00}' (at simulation time 501.000,000,000 s)
2025-05-28 00:39:31,351 INFO  - Received event: 501000 (at simulation time IntraVehicleMsg)
2025-05-28 00:39:31,353 INFO  - Sent message to others cars = 'veh_92 | CartesianPoint{x=140.32,y=604.92,z=0.00}' (at simulation time 502.000,000,000 s)
2025-05-28 00:39:31,408 INFO  - Received event: 502000 (at simulation time IntraVehicleMsg)
2025-05-28 00:39:31,411 INFO  - Sent message to others cars = 'veh_92 | CartesianPoint{x=140.29,y=598.52,z=0.00}' (at simulation time 503.000,000,000 s)
2025-05-28 00:39:31,467 INFO  - Received event: 503000 (at simulation time IntraVehicleMsg)
2025-05-28 00:39:31,469 INFO  - Sent message to others cars = 'veh_92 | CartesianPoint{x=140.26,y=592.48,z=0.00}' (at simulation time 504.000,000,000 s)
2025-05-28 00:39:31,525 INFO  - Received event: 504000 (at simulation time IntraVehicleMsg)
2025-05-28 00:39:31,531 INFO  - Sent message to others cars = 'veh_92 | CartesianPoint{x=140.22,y=585.87,z=0.00}' (at simulation time 505.000,000,000 s)
2025-05-28 00:39:31,584 INFO  - Received event: 505000 (at simulation time IntraVehicleMsg)
2025-05-28 00:39:31,587 INFO  - Sent message to others cars = 'veh_92 | CartesianPoint{x=140.19,y=579.67,z=0.00}' (at simulation time 506.000,000,000 s)
2025-05-28 00:39:31,636 INFO  - Received event: 506000 (at simulation time IntraVehicleMsg)
2025-05-28 00:39:31,639 INFO  - Sent message to others cars = 'veh_92 | CartesianPoint{x=140.16,y=572.85,z=0.00}' (at simulation time 507.000,000,000 s)
2025-05-28 00:39:31,691 INFO  - Received event: 507000 (at simulation time IntraVehicleMsg)
2025-05-28 00:39:31,695 INFO  - Sent message to others cars = 'veh_92 | CartesianPoint{x=140.12,y=565.71,z=0.00}' (at simulation time 508.000,000,000 s)
2025-05-28 00:39:31,745 INFO  - Received event: 508000 (at simulation time IntraVehicleMsg)
2025-05-28 00:39:31,748 INFO  - Sent message to others cars = 'veh_92 | CartesianPoint{x=140.08,y=558.95,z=0.00}' (at simulation time 509.000,000,000 s)
2025-05-28 00:39:31,803 INFO  - Received event: 509000 (at simulation time IntraVehicleMsg)
2025-05-28 00:39:31,819 INFO  - Sent message to others cars = 'veh_92 | CartesianPoint{x=143.26,y=553.61,z=0.00}' (at simulation time 510.000,000,000 s)
2025-05-28 00:39:31,870 INFO  - Received event: 510000 (at simulation time IntraVehicleMsg)
2025-05-28 00:39:31,873 INFO  - Sent message to others cars = 'veh_92 | CartesianPoint{x=143.22,y=547.25,z=0.00}' (at simulation time 511.000,000,000 s)
2025-05-28 00:39:31,929 INFO  - Received event: 511000 (at simulation time IntraVehicleMsg)
2025-05-28 00:39:31,932 INFO  - Sent message to others cars = 'veh_92 | CartesianPoint{x=143.21,y=545.07,z=0.00}' (at simulation time 512.000,000,000 s)
2025-05-28 00:39:31,984 INFO  - Received event: 512000 (at simulation time IntraVehicleMsg)
2025-05-28 00:39:31,987 INFO  - Sent message to others cars = 'veh_92 | CartesianPoint{x=143.21,y=544.76,z=0.00}' (at simulation time 513.000,000,000 s)
2025-05-28 00:39:32,044 INFO  - Received event: 513000 (at simulation time IntraVehicleMsg)
2025-05-28 00:39:32,064 INFO  - Sent message to others cars = 'veh_92 | CartesianPoint{x=143.21,y=544.68,z=0.00}' (at simulation time 514.000,000,000 s)
2025-05-28 00:39:32,117 INFO  - Received event: 514000 (at simulation time IntraVehicleMsg)
2025-05-28 00:39:32,119 INFO  - Sent message to others cars = 'veh_92 | CartesianPoint{x=143.21,y=544.67,z=0.00}' (at simulation time 515.000,000,000 s)
2025-05-28 00:39:32,183 INFO  - Received event: 515000 (at simulation time IntraVehicleMsg)
2025-05-28 00:39:32,185 INFO  - Sent message to others cars = 'veh_92 | CartesianPoint{x=143.21,y=544.67,z=0.00}' (at simulation time 516.000,000,000 s)
2025-05-28 00:39:32,229 INFO  - Received event: 516000 (at simulation time IntraVehicleMsg)
2025-05-28 00:39:32,236 INFO  - Sent message to others cars = 'veh_92 | CartesianPoint{x=143.21,y=544.67,z=0.00}' (at simulation time 517.000,000,000 s)
2025-05-28 00:39:32,278 INFO  - Received event: 517000 (at simulation time IntraVehicleMsg)
2025-05-28 00:39:32,284 INFO  - Sent message to others cars = 'veh_92 | CartesianPoint{x=143.21,y=544.67,z=0.00}' (at simulation time 518.000,000,000 s)
2025-05-28 00:39:32,325 INFO  - Received event: 518000 (at simulation time IntraVehicleMsg)
2025-05-28 00:39:32,328 INFO  - Sent message to others cars = 'veh_92 | CartesianPoint{x=143.21,y=544.67,z=0.00}' (at simulation time 519.000,000,000 s)
2025-05-28 00:39:32,369 INFO  - Received event: 519000 (at simulation time IntraVehicleMsg)
2025-05-28 00:39:32,373 INFO  - Sent message to others cars = 'veh_92 | CartesianPoint{x=143.21,y=544.67,z=0.00}' (at simulation time 520.000,000,000 s)
2025-05-28 00:39:32,411 INFO  - Received event: 520000 (at simulation time IntraVehicleMsg)
2025-05-28 00:39:32,417 INFO  - Sent message to others cars = 'veh_92 | CartesianPoint{x=143.21,y=544.67,z=0.00}' (at simulation time 521.000,000,000 s)
2025-05-28 00:39:32,456 INFO  - Received event: 521000 (at simulation time IntraVehicleMsg)
2025-05-28 00:39:32,465 INFO  - Sent message to others cars = 'veh_92 | CartesianPoint{x=143.21,y=544.67,z=0.00}' (at simulation time 522.000,000,000 s)
2025-05-28 00:39:32,502 INFO  - Received event: 522000 (at simulation time IntraVehicleMsg)
2025-05-28 00:39:32,505 INFO  - Sent message to others cars = 'veh_92 | CartesianPoint{x=143.21,y=544.67,z=0.00}' (at simulation time 523.000,000,000 s)
2025-05-28 00:39:32,543 INFO  - Received event: 523000 (at simulation time IntraVehicleMsg)
2025-05-28 00:39:32,546 INFO  - Sent message to others cars = 'veh_92 | CartesianPoint{x=143.21,y=544.67,z=0.00}' (at simulation time 524.000,000,000 s)
2025-05-28 00:39:32,586 INFO  - Received event: 524000 (at simulation time IntraVehicleMsg)
2025-05-28 00:39:32,594 INFO  - Sent message to others cars = 'veh_92 | CartesianPoint{x=143.21,y=544.67,z=0.00}' (at simulation time 525.000,000,000 s)
2025-05-28 00:39:32,635 INFO  - Received event: 525000 (at simulation time IntraVehicleMsg)
2025-05-28 00:39:32,638 INFO  - Sent message to others cars = 'veh_92 | CartesianPoint{x=143.21,y=544.67,z=0.00}' (at simulation time 526.000,000,000 s)
2025-05-28 00:39:32,679 INFO  - Received event: 526000 (at simulation time IntraVehicleMsg)
2025-05-28 00:39:32,682 INFO  - Sent message to others cars = 'veh_92 | CartesianPoint{x=143.21,y=544.67,z=0.00}' (at simulation time 527.000,000,000 s)
2025-05-28 00:39:32,724 INFO  - Received event: 527000 (at simulation time IntraVehicleMsg)
2025-05-28 00:39:32,727 INFO  - Sent message to others cars = 'veh_92 | CartesianPoint{x=143.21,y=544.67,z=0.00}' (at simulation time 528.000,000,000 s)
2025-05-28 00:39:32,770 INFO  - Received event: 528000 (at simulation time IntraVehicleMsg)
2025-05-28 00:39:32,773 INFO  - Sent message to others cars = 'veh_92 | CartesianPoint{x=143.21,y=544.67,z=0.00}' (at simulation time 529.000,000,000 s)
2025-05-28 00:39:32,817 INFO  - Received event: 529000 (at simulation time IntraVehicleMsg)
2025-05-28 00:39:32,820 INFO  - Sent message to others cars = 'veh_92 | CartesianPoint{x=143.21,y=544.67,z=0.00}' (at simulation time 530.000,000,000 s)
2025-05-28 00:39:32,867 INFO  - Received event: 530000 (at simulation time IntraVehicleMsg)
2025-05-28 00:39:32,873 INFO  - Sent message to others cars = 'veh_92 | CartesianPoint{x=143.21,y=544.67,z=0.00}' (at simulation time 531.000,000,000 s)
2025-05-28 00:39:32,920 INFO  - Received event: 531000 (at simulation time IntraVehicleMsg)
2025-05-28 00:39:32,923 INFO  - Sent message to others cars = 'veh_92 | CartesianPoint{x=143.21,y=544.67,z=0.00}' (at simulation time 532.000,000,000 s)
2025-05-28 00:39:32,971 INFO  - Received event: 532000 (at simulation time IntraVehicleMsg)
2025-05-28 00:39:32,974 INFO  - Sent message to others cars = 'veh_92 | CartesianPoint{x=143.21,y=544.67,z=0.00}' (at simulation time 533.000,000,000 s)
2025-05-28 00:39:33,023 INFO  - Received event: 533000 (at simulation time IntraVehicleMsg)
2025-05-28 00:39:33,026 INFO  - Sent message to others cars = 'veh_92 | CartesianPoint{x=143.21,y=544.67,z=0.00}' (at simulation time 534.000,000,000 s)
2025-05-28 00:39:33,079 INFO  - Received event: 534000 (at simulation time IntraVehicleMsg)
2025-05-28 00:39:33,093 INFO  - Sent message to others cars = 'veh_92 | CartesianPoint{x=143.21,y=544.67,z=0.00}' (at simulation time 535.000,000,000 s)
2025-05-28 00:39:33,141 INFO  - Received event: 535000 (at simulation time IntraVehicleMsg)
2025-05-28 00:39:33,145 INFO  - Sent message to others cars = 'veh_92 | CartesianPoint{x=143.21,y=544.67,z=0.00}' (at simulation time 536.000,000,000 s)
2025-05-28 00:39:33,195 INFO  - Received event: 536000 (at simulation time IntraVehicleMsg)
2025-05-28 00:39:33,198 INFO  - Sent message to others cars = 'veh_92 | CartesianPoint{x=143.21,y=544.67,z=0.00}' (at simulation time 537.000,000,000 s)
2025-05-28 00:39:33,249 INFO  - Received event: 537000 (at simulation time IntraVehicleMsg)
2025-05-28 00:39:33,252 INFO  - Sent message to others cars = 'veh_92 | CartesianPoint{x=143.21,y=544.67,z=0.00}' (at simulation time 538.000,000,000 s)
2025-05-28 00:39:33,305 INFO  - Received event: 538000 (at simulation time IntraVehicleMsg)
2025-05-28 00:39:33,309 INFO  - Sent message to others cars = 'veh_92 | CartesianPoint{x=143.21,y=544.67,z=0.00}' (at simulation time 539.000,000,000 s)
2025-05-28 00:39:33,362 INFO  - Received event: 539000 (at simulation time IntraVehicleMsg)
2025-05-28 00:39:33,365 INFO  - Sent message to others cars = 'veh_92 | CartesianPoint{x=143.21,y=544.67,z=0.00}' (at simulation time 540.000,000,000 s)
2025-05-28 00:39:33,420 INFO  - Received event: 540000 (at simulation time IntraVehicleMsg)
2025-05-28 00:39:33,443 INFO  - Sent message to others cars = 'veh_92 | CartesianPoint{x=143.21,y=544.67,z=0.00}' (at simulation time 541.000,000,000 s)
2025-05-28 00:39:33,500 INFO  - Received event: 541000 (at simulation time IntraVehicleMsg)
2025-05-28 00:39:33,503 INFO  - Sent message to others cars = 'veh_92 | CartesianPoint{x=143.21,y=544.67,z=0.00}' (at simulation time 542.000,000,000 s)
2025-05-28 00:39:33,560 INFO  - Received event: 542000 (at simulation time IntraVehicleMsg)
2025-05-28 00:39:33,563 INFO  - Sent message to others cars = 'veh_92 | CartesianPoint{x=143.21,y=544.67,z=0.00}' (at simulation time 543.000,000,000 s)
2025-05-28 00:39:33,620 INFO  - Received event: 543000 (at simulation time IntraVehicleMsg)
2025-05-28 00:39:33,623 INFO  - Sent message to others cars = 'veh_92 | CartesianPoint{x=143.21,y=544.67,z=0.00}' (at simulation time 544.000,000,000 s)
2025-05-28 00:39:33,682 INFO  - Received event: 544000 (at simulation time IntraVehicleMsg)
2025-05-28 00:39:33,685 INFO  - Sent message to others cars = 'veh_92 | CartesianPoint{x=143.21,y=544.67,z=0.00}' (at simulation time 545.000,000,000 s)
2025-05-28 00:39:33,747 INFO  - Received event: 545000 (at simulation time IntraVehicleMsg)
2025-05-28 00:39:33,749 INFO  - Sent message to others cars = 'veh_92 | CartesianPoint{x=143.21,y=544.67,z=0.00}' (at simulation time 546.000,000,000 s)
2025-05-28 00:39:33,812 INFO  - Received event: 546000 (at simulation time IntraVehicleMsg)
2025-05-28 00:39:33,815 INFO  - Sent message to others cars = 'veh_92 | CartesianPoint{x=143.21,y=544.67,z=0.00}' (at simulation time 547.000,000,000 s)
2025-05-28 00:39:33,879 INFO  - Received event: 547000 (at simulation time IntraVehicleMsg)
2025-05-28 00:39:33,894 INFO  - Sent message to others cars = 'veh_92 | CartesianPoint{x=143.21,y=544.67,z=0.00}' (at simulation time 548.000,000,000 s)
2025-05-28 00:39:33,962 INFO  - Received event: 548000 (at simulation time IntraVehicleMsg)
2025-05-28 00:39:33,973 INFO  - Sent message to others cars = 'veh_92 | CartesianPoint{x=143.21,y=544.67,z=0.00}' (at simulation time 549.000,000,000 s)
2025-05-28 00:39:34,038 INFO  - Received event: 549000 (at simulation time IntraVehicleMsg)
2025-05-28 00:39:34,044 INFO  - Sent message to others cars = 'veh_92 | CartesianPoint{x=143.21,y=544.67,z=0.00}' (at simulation time 550.000,000,000 s)
2025-05-28 00:39:34,108 INFO  - Received event: 550000 (at simulation time IntraVehicleMsg)
2025-05-28 00:39:34,111 INFO  - Sent message to others cars = 'veh_92 | CartesianPoint{x=143.21,y=544.67,z=0.00}' (at simulation time 551.000,000,000 s)
2025-05-28 00:39:34,180 INFO  - Received event: 551000 (at simulation time IntraVehicleMsg)
2025-05-28 00:39:34,186 INFO  - Sent message to others cars = 'veh_92 | CartesianPoint{x=143.21,y=544.67,z=0.00}' (at simulation time 552.000,000,000 s)
2025-05-28 00:39:34,256 INFO  - Received event: 552000 (at simulation time IntraVehicleMsg)
2025-05-28 00:39:34,259 INFO  - Sent message to others cars = 'veh_92 | CartesianPoint{x=143.21,y=544.67,z=0.00}' (at simulation time 553.000,000,000 s)
2025-05-28 00:39:34,329 INFO  - Received event: 553000 (at simulation time IntraVehicleMsg)
2025-05-28 00:39:34,334 INFO  - Sent message to others cars = 'veh_92 | CartesianPoint{x=143.21,y=544.67,z=0.00}' (at simulation time 554.000,000,000 s)
2025-05-28 00:39:34,406 INFO  - Received event: 554000 (at simulation time IntraVehicleMsg)
2025-05-28 00:39:34,420 INFO  - Sent message to others cars = 'veh_92 | CartesianPoint{x=143.21,y=544.67,z=0.00}' (at simulation time 555.000,000,000 s)
2025-05-28 00:39:34,496 INFO  - Received event: 555000 (at simulation time IntraVehicleMsg)
2025-05-28 00:39:34,508 INFO  - Sent message to others cars = 'veh_92 | CartesianPoint{x=143.21,y=544.67,z=0.00}' (at simulation time 556.000,000,000 s)
2025-05-28 00:39:34,581 INFO  - Received event: 556000 (at simulation time IntraVehicleMsg)
2025-05-28 00:39:34,585 INFO  - Sent message to others cars = 'veh_92 | CartesianPoint{x=143.21,y=544.67,z=0.00}' (at simulation time 557.000,000,000 s)
2025-05-28 00:39:34,657 INFO  - Received event: 557000 (at simulation time IntraVehicleMsg)
2025-05-28 00:39:34,661 INFO  - Sent message to others cars = 'veh_92 | CartesianPoint{x=143.21,y=544.67,z=0.00}' (at simulation time 558.000,000,000 s)
2025-05-28 00:39:34,731 INFO  - Received event: 558000 (at simulation time IntraVehicleMsg)
2025-05-28 00:39:34,734 INFO  - Sent message to others cars = 'veh_92 | CartesianPoint{x=143.21,y=544.67,z=0.00}' (at simulation time 559.000,000,000 s)
2025-05-28 00:39:34,808 INFO  - Received event: 559000 (at simulation time IntraVehicleMsg)
2025-05-28 00:39:34,812 INFO  - Sent message to others cars = 'veh_92 | CartesianPoint{x=143.21,y=544.67,z=0.00}' (at simulation time 560.000,000,000 s)
2025-05-28 00:39:34,884 INFO  - Received event: 560000 (at simulation time IntraVehicleMsg)
2025-05-28 00:39:34,888 INFO  - Sent message to others cars = 'veh_92 | CartesianPoint{x=143.21,y=544.67,z=0.00}' (at simulation time 561.000,000,000 s)
2025-05-28 00:39:34,962 INFO  - Received event: 561000 (at simulation time IntraVehicleMsg)
2025-05-28 00:39:34,972 INFO  - Sent message to others cars = 'veh_92 | CartesianPoint{x=143.21,y=544.67,z=0.00}' (at simulation time 562.000,000,000 s)
2025-05-28 00:39:35,043 INFO  - Received event: 562000 (at simulation time IntraVehicleMsg)
2025-05-28 00:39:35,046 INFO  - Sent message to others cars = 'veh_92 | CartesianPoint{x=143.20,y=543.72,z=0.00}' (at simulation time 563.000,000,000 s)
2025-05-28 00:39:35,117 INFO  - Received event: 563000 (at simulation time IntraVehicleMsg)
2025-05-28 00:39:35,121 INFO  - Sent message to others cars = 'veh_92 | CartesianPoint{x=143.19,y=540.36,z=0.00}' (at simulation time 564.000,000,000 s)
2025-05-28 00:39:35,191 INFO  - Received event: 564000 (at simulation time IntraVehicleMsg)
2025-05-28 00:39:35,195 INFO  - Sent message to others cars = 'veh_92 | CartesianPoint{x=143.15,y=535.32,z=0.00}' (at simulation time 565.000,000,000 s)
2025-05-28 00:39:35,264 INFO  - Received event: 565000 (at simulation time IntraVehicleMsg)
2025-05-28 00:39:35,267 INFO  - Sent message to others cars = 'veh_92 | CartesianPoint{x=143.10,y=529.13,z=0.00}' (at simulation time 566.000,000,000 s)
2025-05-28 00:39:35,334 INFO  - Received event: 566000 (at simulation time IntraVehicleMsg)
2025-05-28 00:39:35,337 INFO  - Sent message to others cars = 'veh_92 | CartesianPoint{x=143.04,y=522.00,z=0.00}' (at simulation time 567.000,000,000 s)
2025-05-28 00:39:35,403 INFO  - Received event: 567000 (at simulation time IntraVehicleMsg)
2025-05-28 00:39:35,406 INFO  - Sent message to others cars = 'veh_92 | CartesianPoint{x=142.98,y=515.36,z=0.00}' (at simulation time 568.000,000,000 s)
2025-05-28 00:39:35,469 INFO  - Received event: 568000 (at simulation time IntraVehicleMsg)
2025-05-28 00:39:35,484 INFO  - Sent message to others cars = 'veh_92 | CartesianPoint{x=142.91,y=508.28,z=0.00}' (at simulation time 569.000,000,000 s)
2025-05-28 00:39:35,539 INFO  - Received event: 569000 (at simulation time IntraVehicleMsg)
2025-05-28 00:39:35,550 INFO  - Sent message to others cars = 'veh_92 | CartesianPoint{x=142.85,y=501.83,z=0.00}' (at simulation time 570.000,000,000 s)
2025-05-28 00:39:35,603 INFO  - Received event: 570000 (at simulation time IntraVehicleMsg)
2025-05-28 00:39:35,608 INFO  - Sent message to others cars = 'veh_92 | CartesianPoint{x=142.78,y=494.96,z=0.00}' (at simulation time 571.000,000,000 s)
2025-05-28 00:39:35,661 INFO  - Received event: 571000 (at simulation time IntraVehicleMsg)
2025-05-28 00:39:35,671 INFO  - Sent message to others cars = 'veh_92 | CartesianPoint{x=142.72,y=487.85,z=0.00}' (at simulation time 572.000,000,000 s)
2025-05-28 00:39:35,725 INFO  - Received event: 572000 (at simulation time IntraVehicleMsg)
2025-05-28 00:39:35,728 INFO  - Sent message to others cars = 'veh_92 | CartesianPoint{x=142.65,y=480.98,z=0.00}' (at simulation time 573.000,000,000 s)
2025-05-28 00:39:35,784 INFO  - Received event: 573000 (at simulation time IntraVehicleMsg)
2025-05-28 00:39:35,787 INFO  - Sent message to others cars = 'veh_92 | CartesianPoint{x=142.59,y=474.39,z=0.00}' (at simulation time 574.000,000,000 s)
2025-05-28 00:39:35,845 INFO  - Received event: 574000 (at simulation time IntraVehicleMsg)
2025-05-28 00:39:35,849 INFO  - Sent message to others cars = 'veh_92 | CartesianPoint{x=142.53,y=467.82,z=0.00}' (at simulation time 575.000,000,000 s)
2025-05-28 00:39:35,908 INFO  - Received event: 575000 (at simulation time IntraVehicleMsg)
2025-05-28 00:39:35,918 INFO  - Sent message to others cars = 'veh_92 | CartesianPoint{x=142.46,y=460.93,z=0.00}' (at simulation time 576.000,000,000 s)
2025-05-28 00:39:35,977 INFO  - Received event: 576000 (at simulation time IntraVehicleMsg)
2025-05-28 00:39:35,982 INFO  - Sent message to others cars = 'veh_92 | CartesianPoint{x=142.39,y=454.44,z=0.00}' (at simulation time 577.000,000,000 s)
2025-05-28 00:39:36,042 INFO  - Received event: 577000 (at simulation time IntraVehicleMsg)
2025-05-28 00:39:36,045 INFO  - Sent message to others cars = 'veh_92 | CartesianPoint{x=142.39,y=447.49,z=0.00}' (at simulation time 578.000,000,000 s)
2025-05-28 00:39:36,107 INFO  - Received event: 578000 (at simulation time IntraVehicleMsg)
2025-05-28 00:39:36,110 INFO  - Sent message to others cars = 'veh_92 | CartesianPoint{x=142.38,y=441.44,z=0.00}' (at simulation time 579.000,000,000 s)
2025-05-28 00:39:36,170 INFO  - Received event: 579000 (at simulation time IntraVehicleMsg)
2025-05-28 00:39:36,174 INFO  - Sent message to others cars = 'veh_92 | CartesianPoint{x=142.36,y=435.43,z=0.00}' (at simulation time 580.000,000,000 s)
2025-05-28 00:39:36,236 INFO  - Received event: 580000 (at simulation time IntraVehicleMsg)
2025-05-28 00:39:36,239 INFO  - Sent message to others cars = 'veh_92 | CartesianPoint{x=142.35,y=428.35,z=0.00}' (at simulation time 581.000,000,000 s)
2025-05-28 00:39:36,303 INFO  - Received event: 581000 (at simulation time IntraVehicleMsg)
2025-05-28 00:39:36,311 INFO  - Sent message to others cars = 'veh_92 | CartesianPoint{x=142.33,y=421.09,z=0.00}' (at simulation time 582.000,000,000 s)
2025-05-28 00:39:36,376 INFO  - Received event: 582000 (at simulation time IntraVehicleMsg)
2025-05-28 00:39:36,379 INFO  - Sent message to others cars = 'veh_92 | CartesianPoint{x=142.32,y=414.89,z=0.00}' (at simulation time 583.000,000,000 s)
2025-05-28 00:39:36,444 INFO  - Received event: 583000 (at simulation time IntraVehicleMsg)
2025-05-28 00:39:36,447 INFO  - Sent message to others cars = 'veh_92 | CartesianPoint{x=142.31,y=408.29,z=0.00}' (at simulation time 584.000,000,000 s)
2025-05-28 00:39:36,516 INFO  - Received event: 584000 (at simulation time IntraVehicleMsg)
2025-05-28 00:39:36,530 INFO  - Sent message to others cars = 'veh_92 | CartesianPoint{x=142.29,y=401.98,z=0.00}' (at simulation time 585.000,000,000 s)
2025-05-28 00:39:36,593 INFO  - Received event: 585000 (at simulation time IntraVehicleMsg)
2025-05-28 00:39:36,603 INFO  - Sent message to others cars = 'veh_92 | CartesianPoint{x=142.28,y=395.56,z=0.00}' (at simulation time 586.000,000,000 s)
2025-05-28 00:39:36,663 INFO  - Received event: 586000 (at simulation time IntraVehicleMsg)
2025-05-28 00:39:36,668 INFO  - Sent message to others cars = 'veh_92 | CartesianPoint{x=142.27,y=389.45,z=0.00}' (at simulation time 587.000,000,000 s)
2025-05-28 00:39:36,728 INFO  - Received event: 587000 (at simulation time IntraVehicleMsg)
2025-05-28 00:39:36,731 INFO  - Sent message to others cars = 'veh_92 | CartesianPoint{x=142.25,y=383.03,z=0.00}' (at simulation time 588.000,000,000 s)
2025-05-28 00:39:36,794 INFO  - Received event: 588000 (at simulation time IntraVehicleMsg)
2025-05-28 00:39:36,800 INFO  - Sent message to others cars = 'veh_92 | CartesianPoint{x=142.24,y=376.52,z=0.00}' (at simulation time 589.000,000,000 s)
2025-05-28 00:39:36,863 INFO  - Received event: 589000 (at simulation time IntraVehicleMsg)
2025-05-28 00:39:36,867 INFO  - Sent message to others cars = 'veh_92 | CartesianPoint{x=142.23,y=369.57,z=0.00}' (at simulation time 590.000,000,000 s)
2025-05-28 00:39:36,933 INFO  - Received event: 590000 (at simulation time IntraVehicleMsg)
2025-05-28 00:39:36,937 INFO  - Sent message to others cars = 'veh_92 | CartesianPoint{x=142.21,y=363.11,z=0.00}' (at simulation time 591.000,000,000 s)
2025-05-28 00:39:37,003 INFO  - Received event: 591000 (at simulation time IntraVehicleMsg)
2025-05-28 00:39:37,007 INFO  - Sent message to others cars = 'veh_92 | CartesianPoint{x=142.20,y=356.77,z=0.00}' (at simulation time 592.000,000,000 s)
2025-05-28 00:39:37,074 INFO  - Received event: 592000 (at simulation time IntraVehicleMsg)
2025-05-28 00:39:37,082 INFO  - Sent message to others cars = 'veh_92 | CartesianPoint{x=142.14,y=350.39,z=0.00}' (at simulation time 593.000,000,000 s)
2025-05-28 00:39:37,152 INFO  - Received event: 593000 (at simulation time IntraVehicleMsg)
2025-05-28 00:39:37,156 INFO  - Sent message to others cars = 'veh_92 | CartesianPoint{x=142.08,y=343.14,z=0.00}' (at simulation time 594.000,000,000 s)
2025-05-28 00:39:37,225 INFO  - Received event: 594000 (at simulation time IntraVehicleMsg)
2025-05-28 00:39:37,229 INFO  - Sent message to others cars = 'veh_92 | CartesianPoint{x=142.02,y=336.10,z=0.00}' (at simulation time 595.000,000,000 s)
2025-05-28 00:39:37,304 INFO  - Received event: 595000 (at simulation time IntraVehicleMsg)
2025-05-28 00:39:37,319 INFO  - Sent message to others cars = 'veh_92 | CartesianPoint{x=141.97,y=330.11,z=0.00}' (at simulation time 596.000,000,000 s)
2025-05-28 00:39:37,394 INFO  - Received event: 596000 (at simulation time IntraVehicleMsg)
2025-05-28 00:39:37,405 INFO  - Sent message to others cars = 'veh_92 | CartesianPoint{x=141.91,y=323.42,z=0.00}' (at simulation time 597.000,000,000 s)
2025-05-28 00:39:37,478 INFO  - Received event: 597000 (at simulation time IntraVehicleMsg)
2025-05-28 00:39:37,484 INFO  - Sent message to others cars = 'veh_92 | CartesianPoint{x=141.86,y=317.29,z=0.00}' (at simulation time 598.000,000,000 s)
2025-05-28 00:39:37,558 INFO  - Received event: 598000 (at simulation time IntraVehicleMsg)
2025-05-28 00:39:37,562 INFO  - Sent message to others cars = 'veh_92 | CartesianPoint{x=141.80,y=310.98,z=0.00}' (at simulation time 599.000,000,000 s)
2025-05-28 00:39:37,636 INFO  - Received event: 599000 (at simulation time IntraVehicleMsg)
2025-05-28 00:39:37,640 INFO  - Sent message to others cars = 'veh_92 | CartesianPoint{x=141.74,y=304.10,z=0.00}' (at simulation time 600.000,000,000 s)
2025-05-28 00:39:37,717 INFO  - Received event: 600000 (at simulation time IntraVehicleMsg)
2025-05-28 00:39:37,721 INFO  - Sent message to others cars = 'veh_92 | CartesianPoint{x=141.69,y=297.90,z=0.00}' (at simulation time 601.000,000,000 s)
2025-05-28 00:39:37,800 INFO  - Received event: 601000 (at simulation time IntraVehicleMsg)
2025-05-28 00:39:37,804 INFO  - Sent message to others cars = 'veh_92 | CartesianPoint{x=141.64,y=291.90,z=0.00}' (at simulation time 602.000,000,000 s)
2025-05-28 00:39:37,882 INFO  - Received event: 602000 (at simulation time IntraVehicleMsg)
2025-05-28 00:39:37,889 INFO  - Sent message to others cars = 'veh_92 | CartesianPoint{x=141.58,y=285.12,z=0.00}' (at simulation time 603.000,000,000 s)
2025-05-28 00:39:37,971 INFO  - Received event: 603000 (at simulation time IntraVehicleMsg)
2025-05-28 00:39:37,975 INFO  - Sent message to others cars = 'veh_92 | CartesianPoint{x=141.52,y=279.00,z=0.00}' (at simulation time 604.000,000,000 s)
2025-05-28 00:39:38,057 INFO  - Received event: 604000 (at simulation time IntraVehicleMsg)
2025-05-28 00:39:38,071 INFO  - Sent message to others cars = 'veh_92 | CartesianPoint{x=141.46,y=271.74,z=0.00}' (at simulation time 605.000,000,000 s)
2025-05-28 00:39:38,158 INFO  - Received event: 605000 (at simulation time IntraVehicleMsg)
2025-05-28 00:39:38,174 INFO  - Sent message to others cars = 'veh_92 | CartesianPoint{x=141.40,y=264.88,z=0.00}' (at simulation time 606.000,000,000 s)
2025-05-28 00:39:38,262 INFO  - Received event: 606000 (at simulation time IntraVehicleMsg)
2025-05-28 00:39:38,277 INFO  - Sent message to others cars = 'veh_92 | CartesianPoint{x=141.35,y=258.81,z=0.00}' (at simulation time 607.000,000,000 s)
2025-05-28 00:39:38,368 INFO  - Received event: 607000 (at simulation time IntraVehicleMsg)
2025-05-28 00:39:38,379 INFO  - Sent message to others cars = 'veh_92 | CartesianPoint{x=141.29,y=251.60,z=0.00}' (at simulation time 608.000,000,000 s)
2025-05-28 00:39:38,465 INFO  - Received event: 608000 (at simulation time IntraVehicleMsg)
2025-05-28 00:39:38,469 INFO  - Sent message to others cars = 'veh_92 | CartesianPoint{x=141.24,y=245.05,z=0.00}' (at simulation time 609.000,000,000 s)
2025-05-28 00:39:38,558 INFO  - Received event: 609000 (at simulation time IntraVehicleMsg)
2025-05-28 00:39:38,564 INFO  - Sent message to others cars = 'veh_92 | CartesianPoint{x=141.18,y=238.37,z=0.00}' (at simulation time 610.000,000,000 s)
2025-05-28 00:39:38,652 INFO  - Received event: 610000 (at simulation time IntraVehicleMsg)
2025-05-28 00:39:38,656 INFO  - Sent message to others cars = 'veh_92 | CartesianPoint{x=141.12,y=231.41,z=0.00}' (at simulation time 611.000,000,000 s)
2025-05-28 00:39:38,747 INFO  - Received event: 611000 (at simulation time IntraVehicleMsg)
2025-05-28 00:39:38,751 INFO  - Sent message to others cars = 'veh_92 | CartesianPoint{x=141.07,y=225.31,z=0.00}' (at simulation time 612.000,000,000 s)
2025-05-28 00:39:38,843 INFO  - Received event: 612000 (at simulation time IntraVehicleMsg)
2025-05-28 00:39:38,851 INFO  - Sent message to others cars = 'veh_92 | CartesianPoint{x=141.01,y=218.27,z=0.00}' (at simulation time 613.000,000,000 s)
2025-05-28 00:39:38,944 INFO  - Received event: 613000 (at simulation time IntraVehicleMsg)
2025-05-28 00:39:38,949 INFO  - Sent message to others cars = 'veh_92 | CartesianPoint{x=140.96,y=212.01,z=0.00}' (at simulation time 614.000,000,000 s)
2025-05-28 00:39:39,045 INFO  - Received event: 614000 (at simulation time IntraVehicleMsg)
2025-05-28 00:39:39,050 INFO  - Sent message to others cars = 'veh_92 | CartesianPoint{x=140.90,y=204.92,z=0.00}' (at simulation time 615.000,000,000 s)
2025-05-28 00:39:39,146 INFO  - Received event: 615000 (at simulation time IntraVehicleMsg)
2025-05-28 00:39:39,150 INFO  - Sent message to others cars = 'veh_92 | CartesianPoint{x=140.85,y=198.42,z=0.00}' (at simulation time 616.000,000,000 s)
2025-05-28 00:39:39,251 INFO  - Received event: 616000 (at simulation time IntraVehicleMsg)
2025-05-28 00:39:39,255 INFO  - Sent message to others cars = 'veh_92 | CartesianPoint{x=140.80,y=192.21,z=0.00}' (at simulation time 617.000,000,000 s)
2025-05-28 00:39:39,355 INFO  - Received event: 617000 (at simulation time IntraVehicleMsg)
2025-05-28 00:39:39,364 INFO  - Sent message to others cars = 'veh_92 | CartesianPoint{x=140.75,y=185.86,z=0.00}' (at simulation time 618.000,000,000 s)
2025-05-28 00:39:39,469 INFO  - Received event: 618000 (at simulation time IntraVehicleMsg)
2025-05-28 00:39:39,480 INFO  - Sent message to others cars = 'veh_92 | CartesianPoint{x=140.70,y=179.70,z=0.00}' (at simulation time 619.000,000,000 s)
2025-05-28 00:39:39,578 INFO  - Received event: 619000 (at simulation time IntraVehicleMsg)
2025-05-28 00:39:39,582 INFO  - Sent message to others cars = 'veh_92 | CartesianPoint{x=140.64,y=173.04,z=0.00}' (at simulation time 620.000,000,000 s)
2025-05-28 00:39:39,680 INFO  - Received event: 620000 (at simulation time IntraVehicleMsg)
2025-05-28 00:39:39,683 INFO  - Sent message to others cars = 'veh_92 | CartesianPoint{x=140.59,y=167.03,z=0.00}' (at simulation time 621.000,000,000 s)
2025-05-28 00:39:39,778 INFO  - Received event: 621000 (at simulation time IntraVehicleMsg)
2025-05-28 00:39:39,784 INFO  - Sent message to others cars = 'veh_92 | CartesianPoint{x=140.54,y=160.33,z=0.00}' (at simulation time 622.000,000,000 s)
2025-05-28 00:39:39,882 INFO  - Received event: 622000 (at simulation time IntraVehicleMsg)
2025-05-28 00:39:39,885 INFO  - Sent message to others cars = 'veh_92 | CartesianPoint{x=140.48,y=153.14,z=0.00}' (at simulation time 623.000,000,000 s)
2025-05-28 00:39:39,984 INFO  - Received event: 623000 (at simulation time IntraVehicleMsg)
2025-05-28 00:39:39,991 INFO  - Sent message to others cars = 'veh_92 | CartesianPoint{x=140.42,y=146.77,z=0.00}' (at simulation time 624.000,000,000 s)
2025-05-28 00:39:40,105 INFO  - Received event: 624000 (at simulation time IntraVehicleMsg)
2025-05-28 00:39:40,108 INFO  - Sent message to others cars = 'veh_92 | CartesianPoint{x=140.37,y=140.42,z=0.00}' (at simulation time 625.000,000,000 s)
2025-05-28 00:39:40,206 INFO  - Received event: 625000 (at simulation time IntraVehicleMsg)
2025-05-28 00:39:40,209 INFO  - Sent message to others cars = 'veh_92 | CartesianPoint{x=140.39,y=134.08,z=0.00}' (at simulation time 626.000,000,000 s)
2025-05-28 00:39:40,309 INFO  - Received event: 626000 (at simulation time IntraVehicleMsg)
2025-05-28 00:39:40,314 INFO  - Sent message to others cars = 'veh_92 | CartesianPoint{x=140.43,y=126.95,z=0.00}' (at simulation time 627.000,000,000 s)
2025-05-28 00:39:40,411 INFO  - Received event: 627000 (at simulation time IntraVehicleMsg)
2025-05-28 00:39:40,414 INFO  - Sent message to others cars = 'veh_92 | CartesianPoint{x=140.46,y=120.31,z=0.00}' (at simulation time 628.000,000,000 s)
2025-05-28 00:39:40,514 INFO  - Received event: 628000 (at simulation time IntraVehicleMsg)
2025-05-28 00:39:40,519 INFO  - Sent message to others cars = 'veh_92 | CartesianPoint{x=140.50,y=113.38,z=0.00}' (at simulation time 629.000,000,000 s)
2025-05-28 00:39:40,618 INFO  - Received event: 629000 (at simulation time IntraVehicleMsg)
2025-05-28 00:39:40,621 INFO  - Sent message to others cars = 'veh_92 | CartesianPoint{x=140.54,y=106.53,z=0.00}' (at simulation time 630.000,000,000 s)
2025-05-28 00:39:40,717 INFO  - Received event: 630000 (at simulation time IntraVehicleMsg)
2025-05-28 00:39:40,719 INFO  - Sent message to others cars = 'veh_92 | CartesianPoint{x=140.57,y=100.15,z=0.00}' (at simulation time 631.000,000,000 s)
2025-05-28 00:39:40,813 INFO  - Received event: 631000 (at simulation time IntraVehicleMsg)
2025-05-28 00:39:40,816 INFO  - Sent message to others cars = 'veh_92 | CartesianPoint{x=140.61,y=93.94,z=0.00}' (at simulation time 632.000,000,000 s)
2025-05-28 00:39:40,913 INFO  - Received event: 632000 (at simulation time IntraVehicleMsg)
2025-05-28 00:39:40,916 INFO  - Sent message to others cars = 'veh_92 | CartesianPoint{x=140.64,y=87.13,z=0.00}' (at simulation time 633.000,000,000 s)
2025-05-28 00:39:41,014 INFO  - Received event: 633000 (at simulation time IntraVehicleMsg)
2025-05-28 00:39:41,026 INFO  - Sent message to others cars = 'veh_92 | CartesianPoint{x=140.68,y=80.73,z=0.00}' (at simulation time 634.000,000,000 s)
2025-05-28 00:39:41,126 INFO  - Received event: 634000 (at simulation time IntraVehicleMsg)
2025-05-28 00:39:41,129 INFO  - Sent message to others cars = 'veh_92 | CartesianPoint{x=141.80,y=75.04,z=0.00}' (at simulation time 635.000,000,000 s)
2025-05-28 00:39:41,218 INFO  - Received event: 635000 (at simulation time IntraVehicleMsg)
2025-05-28 00:39:41,221 INFO  - Sent message to others cars = 'veh_92 | CartesianPoint{x=144.78,y=69.72,z=0.00}' (at simulation time 636.000,000,000 s)
2025-05-28 00:39:41,312 INFO  - Received event: 636000 (at simulation time IntraVehicleMsg)
2025-05-28 00:39:41,315 INFO  - Sent message to others cars = 'veh_92 | CartesianPoint{x=149.18,y=65.22,z=0.00}' (at simulation time 637.000,000,000 s)
2025-05-28 00:39:41,398 INFO  - Received event: 637000 (at simulation time IntraVehicleMsg)
2025-05-28 00:39:41,401 INFO  - Sent message to others cars = 'veh_92 | CartesianPoint{x=153.86,y=60.83,z=0.00}' (at simulation time 638.000,000,000 s)
2025-05-28 00:39:41,485 INFO  - Received event: 638000 (at simulation time IntraVehicleMsg)
2025-05-28 00:39:41,493 INFO  - Sent message to others cars = 'veh_92 | CartesianPoint{x=158.47,y=56.06,z=0.00}' (at simulation time 639.000,000,000 s)
2025-05-28 00:39:41,577 INFO  - Received event: 639000 (at simulation time IntraVehicleMsg)
2025-05-28 00:39:41,580 INFO  - Sent message to others cars = 'veh_92 | CartesianPoint{x=162.92,y=51.17,z=0.00}' (at simulation time 640.000,000,000 s)
2025-05-28 00:39:41,664 INFO  - Received event: 640000 (at simulation time IntraVehicleMsg)
2025-05-28 00:39:41,667 INFO  - Sent message to others cars = 'veh_92 | CartesianPoint{x=167.27,y=46.38,z=0.00}' (at simulation time 641.000,000,000 s)
2025-05-28 00:39:41,753 INFO  - Received event: 641000 (at simulation time IntraVehicleMsg)
2025-05-28 00:39:41,756 INFO  - Sent message to others cars = 'veh_92 | CartesianPoint{x=171.90,y=41.29,z=0.00}' (at simulation time 642.000,000,000 s)
2025-05-28 00:39:41,842 INFO  - Received event: 642000 (at simulation time IntraVehicleMsg)
2025-05-28 00:39:41,845 INFO  - Sent message to others cars = 'veh_92 | CartesianPoint{x=176.30,y=36.45,z=0.00}' (at simulation time 643.000,000,000 s)
2025-05-28 00:39:41,933 INFO  - Received event: 643000 (at simulation time IntraVehicleMsg)
2025-05-28 00:39:41,940 INFO  - Sent message to others cars = 'veh_92 | CartesianPoint{x=180.36,y=31.99,z=0.00}' (at simulation time 644.000,000,000 s)
2025-05-28 00:39:42,032 INFO  - Received event: 644000 (at simulation time IntraVehicleMsg)
2025-05-28 00:39:42,035 INFO  - Sent message to others cars = 'veh_92 | CartesianPoint{x=184.68,y=27.24,z=0.00}' (at simulation time 645.000,000,000 s)
2025-05-28 00:39:42,126 INFO  - Received event: 645000 (at simulation time IntraVehicleMsg)
2025-05-28 00:39:42,129 INFO  - Sent message to others cars = 'veh_92 | CartesianPoint{x=188.85,y=22.65,z=0.00}' (at simulation time 646.000,000,000 s)
2025-05-28 00:39:42,224 INFO  - Received event: 646000 (at simulation time IntraVehicleMsg)
2025-05-28 00:39:42,227 INFO  - Sent message to others cars = 'veh_92 | CartesianPoint{x=193.72,y=17.29,z=0.00}' (at simulation time 647.000,000,000 s)
2025-05-28 00:39:42,321 INFO  - Received event: 647000 (at simulation time IntraVehicleMsg)
2025-05-28 00:39:42,324 INFO  - Sent message to others cars = 'veh_92 | CartesianPoint{x=197.44,y=11.84,z=0.00}' (at simulation time 648.000,000,000 s)
2025-05-28 00:39:42,420 INFO  - Received event: 648000 (at simulation time IntraVehicleMsg)
2025-05-28 00:39:42,425 INFO  - Sent message to others cars = 'veh_92 | CartesianPoint{x=198.94,y=5.65,z=0.00}' (at simulation time 649.000,000,000 s)
2025-05-28 00:39:42,514 INFO  - Received event: 649000 (at simulation time IntraVehicleMsg)
2025-05-28 00:39:42,518 INFO  - ------------------------------------------------------------------------------------- (at simulation time 650.000,000,000 s)
2025-05-28 00:39:42,518 INFO  - Shutdown application (at simulation time 650.000,000,000 s)
2025-05-28 00:39:42,518 INFO  - ------------------------------------------------------------------------------------- (at simulation time 650.000,000,000 s)
