2025-05-28 00:48:49,985 INFO  - ------------------------------------------------------------------------------------- (at simulation time 305.000,000,000 s)
2025-05-28 00:48:49,985 INFO  - Initialize veh_59 application (at simulation time 305.000,000,000 s)
2025-05-28 00:48:49,985 INFO  - Activated AdHoc Module (at simulation time 305.000,000,000 s)
2025-05-28 00:48:49,985 INFO  - ------------------------------------------------------------------------------------- (at simulation time 305.000,000,000 s)
2025-05-28 00:48:49,986 INFO  - Sent message to others cars = 'veh_59 | CartesianPoint{x=-0.00,y=532.14,z=0.00}' (at simulation time 305.000,000,000 s)
2025-05-28 00:48:50,029 INFO  - Received event: 305000 (at simulation time IntraVehicleMsg)
2025-05-28 00:48:50,039 INFO  - Sent message to others cars = 'veh_59 | CartesianPoint{x=6.85,y=532.12,z=0.00}' (at simulation time 306.000,000,000 s)
2025-05-28 00:48:50,081 INFO  - Received event: 306000 (at simulation time IntraVehicleMsg)
2025-05-28 00:48:50,084 INFO  - Sent message to others cars = 'veh_59 | CartesianPoint{x=14.06,y=532.10,z=0.00}' (at simulation time 307.000,000,000 s)
2025-05-28 00:48:50,126 INFO  - Received event: 307000 (at simulation time IntraVehicleMsg)
2025-05-28 00:48:50,135 INFO  - Sent message to others cars = 'veh_59 | CartesianPoint{x=20.27,y=532.08,z=0.00}' (at simulation time 308.000,000,000 s)
2025-05-28 00:48:50,177 INFO  - Received event: 308000 (at simulation time IntraVehicleMsg)
2025-05-28 00:48:50,181 INFO  - Sent message to others cars = 'veh_59 | CartesianPoint{x=27.37,y=532.06,z=0.00}' (at simulation time 309.000,000,000 s)
2025-05-28 00:48:50,224 INFO  - Received event: 309000 (at simulation time IntraVehicleMsg)
2025-05-28 00:48:50,227 INFO  - Sent message to others cars = 'veh_59 | CartesianPoint{x=34.45,y=532.03,z=0.00}' (at simulation time 310.000,000,000 s)
2025-05-28 00:48:50,272 INFO  - Received event: 310000 (at simulation time IntraVehicleMsg)
2025-05-28 00:48:50,275 INFO  - Sent message to others cars = 'veh_59 | CartesianPoint{x=41.24,y=532.06,z=0.00}' (at simulation time 311.000,000,000 s)
2025-05-28 00:48:50,322 INFO  - Received event: 311000 (at simulation time IntraVehicleMsg)
2025-05-28 00:48:50,325 INFO  - Sent message to others cars = 'veh_59 | CartesianPoint{x=47.33,y=532.10,z=0.00}' (at simulation time 312.000,000,000 s)
2025-05-28 00:48:50,373 INFO  - Received event: 312000 (at simulation time IntraVehicleMsg)
2025-05-28 00:48:50,377 INFO  - Sent message to others cars = 'veh_59 | CartesianPoint{x=53.41,y=532.15,z=0.00}' (at simulation time 313.000,000,000 s)
2025-05-28 00:48:50,436 INFO  - Received event: 313000 (at simulation time IntraVehicleMsg)
2025-05-28 00:48:50,439 INFO  - Sent message to others cars = 'veh_59 | CartesianPoint{x=60.39,y=532.20,z=0.00}' (at simulation time 314.000,000,000 s)
2025-05-28 00:48:50,488 INFO  - Received event: 314000 (at simulation time IntraVehicleMsg)
2025-05-28 00:48:50,496 INFO  - Sent message to others cars = 'veh_59 | CartesianPoint{x=66.38,y=532.21,z=0.00}' (at simulation time 315.000,000,000 s)
2025-05-28 00:48:50,547 INFO  - Received event: 315000 (at simulation time IntraVehicleMsg)
2025-05-28 00:48:50,550 INFO  - Sent message to others cars = 'veh_59 | CartesianPoint{x=73.29,y=532.23,z=0.00}' (at simulation time 316.000,000,000 s)
2025-05-28 00:48:50,603 INFO  - Received event: 316000 (at simulation time IntraVehicleMsg)
2025-05-28 00:48:50,607 INFO  - Sent message to others cars = 'veh_59 | CartesianPoint{x=80.17,y=532.24,z=0.00}' (at simulation time 317.000,000,000 s)
2025-05-28 00:48:50,658 INFO  - Received event: 317000 (at simulation time IntraVehicleMsg)
2025-05-28 00:48:50,662 INFO  - Sent message to others cars = 'veh_59 | CartesianPoint{x=86.30,y=532.26,z=0.00}' (at simulation time 318.000,000,000 s)
2025-05-28 00:48:50,715 INFO  - Received event: 318000 (at simulation time IntraVehicleMsg)
2025-05-28 00:48:50,731 INFO  - Sent message to others cars = 'veh_59 | CartesianPoint{x=92.61,y=532.19,z=0.00}' (at simulation time 319.000,000,000 s)
2025-05-28 00:48:50,791 INFO  - Received event: 319000 (at simulation time IntraVehicleMsg)
2025-05-28 00:48:50,801 INFO  - Sent message to others cars = 'veh_59 | CartesianPoint{x=98.89,y=528.91,z=0.00}' (at simulation time 320.000,000,000 s)
2025-05-28 00:48:50,857 INFO  - Received event: 320000 (at simulation time IntraVehicleMsg)
2025-05-28 00:48:50,861 INFO  - Sent message to others cars = 'veh_59 | CartesianPoint{x=104.97,y=528.83,z=0.00}' (at simulation time 321.000,000,000 s)
2025-05-28 00:48:50,917 INFO  - Received event: 321000 (at simulation time IntraVehicleMsg)
2025-05-28 00:48:50,921 INFO  - Sent message to others cars = 'veh_59 | CartesianPoint{x=111.55,y=528.75,z=0.00}' (at simulation time 322.000,000,000 s)
2025-05-28 00:48:50,980 INFO  - Received event: 322000 (at simulation time IntraVehicleMsg)
2025-05-28 00:48:50,984 INFO  - Sent message to others cars = 'veh_59 | CartesianPoint{x=118.71,y=528.66,z=0.00}' (at simulation time 323.000,000,000 s)
2025-05-28 00:48:51,043 INFO  - Received event: 323000 (at simulation time IntraVehicleMsg)
2025-05-28 00:48:51,050 INFO  - Sent message to others cars = 'veh_59 | CartesianPoint{x=125.96,y=528.57,z=0.00}' (at simulation time 324.000,000,000 s)
2025-05-28 00:48:51,109 INFO  - Received event: 324000 (at simulation time IntraVehicleMsg)
2025-05-28 00:48:51,118 INFO  - Sent message to others cars = 'veh_59 | CartesianPoint{x=130.85,y=528.50,z=0.00}' (at simulation time 325.000,000,000 s)
2025-05-28 00:48:51,180 INFO  - Received event: 325000 (at simulation time IntraVehicleMsg)
2025-05-28 00:48:51,183 INFO  - Sent message to others cars = 'veh_59 | CartesianPoint{x=132.14,y=528.49,z=0.00}' (at simulation time 326.000,000,000 s)
2025-05-28 00:48:51,245 INFO  - Received event: 326000 (at simulation time IntraVehicleMsg)
2025-05-28 00:48:51,248 INFO  - Sent message to others cars = 'veh_59 | CartesianPoint{x=132.88,y=528.48,z=0.00}' (at simulation time 327.000,000,000 s)
2025-05-28 00:48:51,311 INFO  - Received event: 327000 (at simulation time IntraVehicleMsg)
2025-05-28 00:48:51,314 INFO  - Sent message to others cars = 'veh_59 | CartesianPoint{x=133.25,y=528.47,z=0.00}' (at simulation time 328.000,000,000 s)
2025-05-28 00:48:51,380 INFO  - Received event: 328000 (at simulation time IntraVehicleMsg)
2025-05-28 00:48:51,384 INFO  - Sent message to others cars = 'veh_59 | CartesianPoint{x=133.30,y=528.47,z=0.00}' (at simulation time 329.000,000,000 s)
2025-05-28 00:48:51,451 INFO  - Received event: 329000 (at simulation time IntraVehicleMsg)
2025-05-28 00:48:51,467 INFO  - Sent message to others cars = 'veh_59 | CartesianPoint{x=133.30,y=528.47,z=0.00}' (at simulation time 330.000,000,000 s)
2025-05-28 00:48:51,537 INFO  - Received event: 330000 (at simulation time IntraVehicleMsg)
2025-05-28 00:48:51,554 INFO  - Sent message to others cars = 'veh_59 | CartesianPoint{x=133.30,y=528.47,z=0.00}' (at simulation time 331.000,000,000 s)
2025-05-28 00:48:51,628 INFO  - Received event: 331000 (at simulation time IntraVehicleMsg)
2025-05-28 00:48:51,641 INFO  - Sent message to others cars = 'veh_59 | CartesianPoint{x=133.30,y=528.47,z=0.00}' (at simulation time 332.000,000,000 s)
2025-05-28 00:48:51,711 INFO  - Received event: 332000 (at simulation time IntraVehicleMsg)
2025-05-28 00:48:51,715 INFO  - Sent message to others cars = 'veh_59 | CartesianPoint{x=133.30,y=528.47,z=0.00}' (at simulation time 333.000,000,000 s)
2025-05-28 00:48:51,789 INFO  - Received event: 333000 (at simulation time IntraVehicleMsg)
2025-05-28 00:48:51,793 INFO  - Sent message to others cars = 'veh_59 | CartesianPoint{x=133.30,y=528.47,z=0.00}' (at simulation time 334.000,000,000 s)
2025-05-28 00:48:51,870 INFO  - Received event: 334000 (at simulation time IntraVehicleMsg)
2025-05-28 00:48:51,874 INFO  - Sent message to others cars = 'veh_59 | CartesianPoint{x=133.30,y=528.47,z=0.00}' (at simulation time 335.000,000,000 s)
2025-05-28 00:48:51,947 INFO  - Received event: 335000 (at simulation time IntraVehicleMsg)
2025-05-28 00:48:51,955 INFO  - Sent message to others cars = 'veh_59 | CartesianPoint{x=133.30,y=528.47,z=0.00}' (at simulation time 336.000,000,000 s)
2025-05-28 00:48:52,025 INFO  - Received event: 336000 (at simulation time IntraVehicleMsg)
2025-05-28 00:48:52,029 INFO  - Sent message to others cars = 'veh_59 | CartesianPoint{x=133.30,y=528.47,z=0.00}' (at simulation time 337.000,000,000 s)
2025-05-28 00:48:52,102 INFO  - Received event: 337000 (at simulation time IntraVehicleMsg)
2025-05-28 00:48:52,116 INFO  - Sent message to others cars = 'veh_59 | CartesianPoint{x=133.30,y=528.47,z=0.00}' (at simulation time 338.000,000,000 s)
2025-05-28 00:48:52,196 INFO  - Received event: 338000 (at simulation time IntraVehicleMsg)
2025-05-28 00:48:52,212 INFO  - Sent message to others cars = 'veh_59 | CartesianPoint{x=133.30,y=528.47,z=0.00}' (at simulation time 339.000,000,000 s)
2025-05-28 00:48:52,294 INFO  - Received event: 339000 (at simulation time IntraVehicleMsg)
2025-05-28 00:48:52,313 INFO  - Sent message to others cars = 'veh_59 | CartesianPoint{x=133.30,y=528.47,z=0.00}' (at simulation time 340.000,000,000 s)
2025-05-28 00:48:52,395 INFO  - Received event: 340000 (at simulation time IntraVehicleMsg)
2025-05-28 00:48:52,412 INFO  - Sent message to others cars = 'veh_59 | CartesianPoint{x=133.30,y=528.47,z=0.00}' (at simulation time 341.000,000,000 s)
2025-05-28 00:48:52,496 INFO  - Received event: 341000 (at simulation time IntraVehicleMsg)
2025-05-28 00:48:52,509 INFO  - Sent message to others cars = 'veh_59 | CartesianPoint{x=133.30,y=528.47,z=0.00}' (at simulation time 342.000,000,000 s)
2025-05-28 00:48:52,592 INFO  - Received event: 342000 (at simulation time IntraVehicleMsg)
2025-05-28 00:48:52,595 INFO  - Sent message to others cars = 'veh_59 | CartesianPoint{x=133.30,y=528.47,z=0.00}' (at simulation time 343.000,000,000 s)
2025-05-28 00:48:52,679 INFO  - Received event: 343000 (at simulation time IntraVehicleMsg)
2025-05-28 00:48:52,683 INFO  - Sent message to others cars = 'veh_59 | CartesianPoint{x=133.30,y=528.47,z=0.00}' (at simulation time 344.000,000,000 s)
2025-05-28 00:48:52,764 INFO  - Received event: 344000 (at simulation time IntraVehicleMsg)
2025-05-28 00:48:52,768 INFO  - Sent message to others cars = 'veh_59 | CartesianPoint{x=133.30,y=528.47,z=0.00}' (at simulation time 345.000,000,000 s)
2025-05-28 00:48:52,855 INFO  - Received event: 345000 (at simulation time IntraVehicleMsg)
2025-05-28 00:48:52,863 INFO  - Sent message to others cars = 'veh_59 | CartesianPoint{x=133.30,y=528.47,z=0.00}' (at simulation time 346.000,000,000 s)
2025-05-28 00:48:52,940 INFO  - Received event: 346000 (at simulation time IntraVehicleMsg)
2025-05-28 00:48:52,943 INFO  - Sent message to others cars = 'veh_59 | CartesianPoint{x=133.30,y=528.47,z=0.00}' (at simulation time 347.000,000,000 s)
2025-05-28 00:48:53,022 INFO  - Received event: 347000 (at simulation time IntraVehicleMsg)
2025-05-28 00:48:53,025 INFO  - Sent message to others cars = 'veh_59 | CartesianPoint{x=133.30,y=528.47,z=0.00}' (at simulation time 348.000,000,000 s)
2025-05-28 00:48:53,097 INFO  - Received event: 348000 (at simulation time IntraVehicleMsg)
2025-05-28 00:48:53,100 INFO  - Sent message to others cars = 'veh_59 | CartesianPoint{x=133.30,y=528.47,z=0.00}' (at simulation time 349.000,000,000 s)
2025-05-28 00:48:53,173 INFO  - Received event: 349000 (at simulation time IntraVehicleMsg)
2025-05-28 00:48:53,182 INFO  - Sent message to others cars = 'veh_59 | CartesianPoint{x=133.30,y=528.47,z=0.00}' (at simulation time 350.000,000,000 s)
2025-05-28 00:48:53,260 INFO  - Received event: 350000 (at simulation time IntraVehicleMsg)
2025-05-28 00:48:53,277 INFO  - Sent message to others cars = 'veh_59 | CartesianPoint{x=133.30,y=528.47,z=0.00}' (at simulation time 351.000,000,000 s)
2025-05-28 00:48:53,351 INFO  - Received event: 351000 (at simulation time IntraVehicleMsg)
2025-05-28 00:48:53,362 INFO  - Sent message to others cars = 'veh_59 | CartesianPoint{x=133.30,y=528.47,z=0.00}' (at simulation time 352.000,000,000 s)
2025-05-28 00:48:53,439 INFO  - Received event: 352000 (at simulation time IntraVehicleMsg)
2025-05-28 00:48:53,442 INFO  - Sent message to others cars = 'veh_59 | CartesianPoint{x=133.30,y=528.47,z=0.00}' (at simulation time 353.000,000,000 s)
2025-05-28 00:48:53,519 INFO  - Received event: 353000 (at simulation time IntraVehicleMsg)
2025-05-28 00:48:53,522 INFO  - Sent message to others cars = 'veh_59 | CartesianPoint{x=133.30,y=528.47,z=0.00}' (at simulation time 354.000,000,000 s)
2025-05-28 00:48:53,594 INFO  - Received event: 354000 (at simulation time IntraVehicleMsg)
2025-05-28 00:48:53,597 INFO  - Sent message to others cars = 'veh_59 | CartesianPoint{x=133.30,y=528.47,z=0.00}' (at simulation time 355.000,000,000 s)
2025-05-28 00:48:53,670 INFO  - Received event: 355000 (at simulation time IntraVehicleMsg)
2025-05-28 00:48:53,677 INFO  - Sent message to others cars = 'veh_59 | CartesianPoint{x=133.30,y=528.47,z=0.00}' (at simulation time 356.000,000,000 s)
2025-05-28 00:48:53,750 INFO  - Received event: 356000 (at simulation time IntraVehicleMsg)
2025-05-28 00:48:53,754 INFO  - Sent message to others cars = 'veh_59 | CartesianPoint{x=133.30,y=528.47,z=0.00}' (at simulation time 357.000,000,000 s)
2025-05-28 00:48:53,827 INFO  - Received event: 357000 (at simulation time IntraVehicleMsg)
2025-05-28 00:48:53,830 INFO  - Sent message to others cars = 'veh_59 | CartesianPoint{x=133.30,y=528.47,z=0.00}' (at simulation time 358.000,000,000 s)
2025-05-28 00:48:53,910 INFO  - Received event: 358000 (at simulation time IntraVehicleMsg)
2025-05-28 00:48:53,913 INFO  - Sent message to others cars = 'veh_59 | CartesianPoint{x=133.30,y=528.47,z=0.00}' (at simulation time 359.000,000,000 s)
2025-05-28 00:48:53,992 INFO  - Received event: 359000 (at simulation time IntraVehicleMsg)
2025-05-28 00:48:53,995 INFO  - Sent message to others cars = 'veh_59 | CartesianPoint{x=133.30,y=528.47,z=0.00}' (at simulation time 360.000,000,000 s)
2025-05-28 00:48:54,075 INFO  - Received event: 360000 (at simulation time IntraVehicleMsg)
2025-05-28 00:48:54,078 INFO  - Sent message to others cars = 'veh_59 | CartesianPoint{x=133.30,y=528.47,z=0.00}' (at simulation time 361.000,000,000 s)
2025-05-28 00:48:54,156 INFO  - Received event: 361000 (at simulation time IntraVehicleMsg)
2025-05-28 00:48:54,159 INFO  - Sent message to others cars = 'veh_59 | CartesianPoint{x=133.30,y=528.47,z=0.00}' (at simulation time 362.000,000,000 s)
2025-05-28 00:48:54,241 INFO  - Received event: 362000 (at simulation time IntraVehicleMsg)
2025-05-28 00:48:54,246 INFO  - Sent message to others cars = 'veh_59 | CartesianPoint{x=133.30,y=528.47,z=0.00}' (at simulation time 363.000,000,000 s)
2025-05-28 00:48:54,329 INFO  - Received event: 363000 (at simulation time IntraVehicleMsg)
2025-05-28 00:48:54,332 INFO  - Sent message to others cars = 'veh_59 | CartesianPoint{x=133.30,y=528.47,z=0.00}' (at simulation time 364.000,000,000 s)
2025-05-28 00:48:54,415 INFO  - Received event: 364000 (at simulation time IntraVehicleMsg)
2025-05-28 00:48:54,419 INFO  - Sent message to others cars = 'veh_59 | CartesianPoint{x=133.30,y=528.47,z=0.00}' (at simulation time 365.000,000,000 s)
2025-05-28 00:48:54,508 INFO  - Received event: 365000 (at simulation time IntraVehicleMsg)
2025-05-28 00:48:54,516 INFO  - Sent message to others cars = 'veh_59 | CartesianPoint{x=135.44,y=528.45,z=0.00}' (at simulation time 366.000,000,000 s)
2025-05-28 00:48:54,603 INFO  - Received event: 366000 (at simulation time IntraVehicleMsg)
2025-05-28 00:48:54,615 INFO  - Sent message to others cars = 'veh_59 | CartesianPoint{x=140.07,y=528.42,z=0.00}' (at simulation time 367.000,000,000 s)
2025-05-28 00:48:54,698 INFO  - Received event: 367000 (at simulation time IntraVehicleMsg)
2025-05-28 00:48:54,702 INFO  - Sent message to others cars = 'veh_59 | CartesianPoint{x=147.07,y=528.37,z=0.00}' (at simulation time 368.000,000,000 s)
2025-05-28 00:48:54,783 INFO  - Received event: 368000 (at simulation time IntraVehicleMsg)
2025-05-28 00:48:54,786 INFO  - Sent message to others cars = 'veh_59 | CartesianPoint{x=153.27,y=528.39,z=0.00}' (at simulation time 369.000,000,000 s)
2025-05-28 00:48:54,875 INFO  - Received event: 369000 (at simulation time IntraVehicleMsg)
2025-05-28 00:48:54,885 INFO  - Sent message to others cars = 'veh_59 | CartesianPoint{x=159.26,y=528.43,z=0.00}' (at simulation time 370.000,000,000 s)
2025-05-28 00:48:54,979 INFO  - Received event: 370000 (at simulation time IntraVehicleMsg)
2025-05-28 00:48:54,983 INFO  - Sent message to others cars = 'veh_59 | CartesianPoint{x=165.31,y=528.47,z=0.00}' (at simulation time 371.000,000,000 s)
2025-05-28 00:48:55,068 INFO  - Received event: 371000 (at simulation time IntraVehicleMsg)
2025-05-28 00:48:55,071 INFO  - Sent message to others cars = 'veh_59 | CartesianPoint{x=172.20,y=528.52,z=0.00}' (at simulation time 372.000,000,000 s)
2025-05-28 00:48:55,163 INFO  - Received event: 372000 (at simulation time IntraVehicleMsg)
2025-05-28 00:48:55,167 INFO  - Sent message to others cars = 'veh_59 | CartesianPoint{x=178.93,y=528.57,z=0.00}' (at simulation time 373.000,000,000 s)
2025-05-28 00:48:55,262 INFO  - Received event: 373000 (at simulation time IntraVehicleMsg)
2025-05-28 00:48:55,273 INFO  - Sent message to others cars = 'veh_59 | CartesianPoint{x=185.74,y=528.62,z=0.00}' (at simulation time 374.000,000,000 s)
2025-05-28 00:48:55,367 INFO  - Received event: 374000 (at simulation time IntraVehicleMsg)
2025-05-28 00:48:55,371 INFO  - Sent message to others cars = 'veh_59 | CartesianPoint{x=192.87,y=528.67,z=0.00}' (at simulation time 375.000,000,000 s)
2025-05-28 00:48:55,467 INFO  - Received event: 375000 (at simulation time IntraVehicleMsg)
2025-05-28 00:48:55,471 INFO  - Sent message to others cars = 'veh_59 | CartesianPoint{x=199.26,y=528.71,z=0.00}' (at simulation time 376.000,000,000 s)
2025-05-28 00:48:55,569 INFO  - Received event: 376000 (at simulation time IntraVehicleMsg)
2025-05-28 00:48:55,577 INFO  - Sent message to others cars = 'veh_59 | CartesianPoint{x=205.75,y=528.76,z=0.00}' (at simulation time 377.000,000,000 s)
2025-05-28 00:48:55,672 INFO  - Received event: 377000 (at simulation time IntraVehicleMsg)
2025-05-28 00:48:55,675 INFO  - Sent message to others cars = 'veh_59 | CartesianPoint{x=212.86,y=528.81,z=0.00}' (at simulation time 378.000,000,000 s)
2025-05-28 00:48:55,776 INFO  - Received event: 378000 (at simulation time IntraVehicleMsg)
2025-05-28 00:48:55,779 INFO  - Sent message to others cars = 'veh_59 | CartesianPoint{x=219.48,y=528.83,z=0.00}' (at simulation time 379.000,000,000 s)
2025-05-28 00:48:55,879 INFO  - Received event: 379000 (at simulation time IntraVehicleMsg)
2025-05-28 00:48:55,882 INFO  - Sent message to others cars = 'veh_59 | CartesianPoint{x=225.84,y=528.84,z=0.00}' (at simulation time 380.000,000,000 s)
2025-05-28 00:48:55,986 INFO  - Received event: 380000 (at simulation time IntraVehicleMsg)
2025-05-28 00:48:55,989 INFO  - Sent message to others cars = 'veh_59 | CartesianPoint{x=232.74,y=528.84,z=0.00}' (at simulation time 381.000,000,000 s)
2025-05-28 00:48:56,093 INFO  - Received event: 381000 (at simulation time IntraVehicleMsg)
2025-05-28 00:48:56,097 INFO  - Sent message to others cars = 'veh_59 | CartesianPoint{x=239.17,y=528.82,z=0.00}' (at simulation time 382.000,000,000 s)
2025-05-28 00:48:56,203 INFO  - Received event: 382000 (at simulation time IntraVehicleMsg)
2025-05-28 00:48:56,206 INFO  - Sent message to others cars = 'veh_59 | CartesianPoint{x=246.14,y=528.81,z=0.00}' (at simulation time 383.000,000,000 s)
2025-05-28 00:48:56,318 INFO  - Received event: 383000 (at simulation time IntraVehicleMsg)
2025-05-28 00:48:56,321 INFO  - Sent message to others cars = 'veh_59 | CartesianPoint{x=253.03,y=528.80,z=0.00}' (at simulation time 384.000,000,000 s)
2025-05-28 00:48:56,435 INFO  - Received event: 384000 (at simulation time IntraVehicleMsg)
2025-05-28 00:48:56,455 INFO  - Sent message to others cars = 'veh_59 | CartesianPoint{x=259.80,y=528.79,z=0.00}' (at simulation time 385.000,000,000 s)
2025-05-28 00:48:56,572 INFO  - Received event: 385000 (at simulation time IntraVehicleMsg)
2025-05-28 00:48:56,584 INFO  - Sent message to others cars = 'veh_59 | CartesianPoint{x=266.11,y=528.77,z=0.00}' (at simulation time 386.000,000,000 s)
2025-05-28 00:48:56,687 INFO  - Received event: 386000 (at simulation time IntraVehicleMsg)
2025-05-28 00:48:56,695 INFO  - Sent message to others cars = 'veh_59 | CartesianPoint{x=273.15,y=528.76,z=0.00}' (at simulation time 387.000,000,000 s)
2025-05-28 00:48:56,807 INFO  - Received event: 387000 (at simulation time IntraVehicleMsg)
2025-05-28 00:48:56,811 INFO  - Sent message to others cars = 'veh_59 | CartesianPoint{x=279.55,y=528.75,z=0.00}' (at simulation time 388.000,000,000 s)
2025-05-28 00:48:56,923 INFO  - Received event: 388000 (at simulation time IntraVehicleMsg)
2025-05-28 00:48:56,926 INFO  - Sent message to others cars = 'veh_59 | CartesianPoint{x=285.73,y=528.75,z=0.00}' (at simulation time 389.000,000,000 s)
2025-05-28 00:48:57,043 INFO  - Received event: 389000 (at simulation time IntraVehicleMsg)
2025-05-28 00:48:57,053 INFO  - Sent message to others cars = 'veh_59 | CartesianPoint{x=292.81,y=528.74,z=0.00}' (at simulation time 390.000,000,000 s)
2025-05-28 00:48:57,172 INFO  - Received event: 390000 (at simulation time IntraVehicleMsg)
2025-05-28 00:48:57,183 INFO  - Sent message to others cars = 'veh_59 | CartesianPoint{x=299.16,y=528.73,z=0.00}' (at simulation time 391.000,000,000 s)
2025-05-28 00:48:57,299 INFO  - Received event: 391000 (at simulation time IntraVehicleMsg)
2025-05-28 00:48:57,302 INFO  - Sent message to others cars = 'veh_59 | CartesianPoint{x=306.19,y=528.72,z=0.00}' (at simulation time 392.000,000,000 s)
2025-05-28 00:48:57,421 INFO  - Received event: 392000 (at simulation time IntraVehicleMsg)
2025-05-28 00:48:57,427 INFO  - Sent message to others cars = 'veh_59 | CartesianPoint{x=312.83,y=528.71,z=0.00}' (at simulation time 393.000,000,000 s)
2025-05-28 00:48:57,541 INFO  - Received event: 393000 (at simulation time IntraVehicleMsg)
2025-05-28 00:48:57,544 INFO  - Sent message to others cars = 'veh_59 | CartesianPoint{x=319.66,y=528.71,z=0.00}' (at simulation time 394.000,000,000 s)
2025-05-28 00:48:57,662 INFO  - Received event: 394000 (at simulation time IntraVehicleMsg)
2025-05-28 00:48:57,666 INFO  - Sent message to others cars = 'veh_59 | CartesianPoint{x=326.89,y=528.70,z=0.00}' (at simulation time 395.000,000,000 s)
2025-05-28 00:48:57,792 INFO  - Received event: 395000 (at simulation time IntraVehicleMsg)
2025-05-28 00:48:57,795 INFO  - Sent message to others cars = 'veh_59 | CartesianPoint{x=333.84,y=528.69,z=0.00}' (at simulation time 396.000,000,000 s)
2025-05-28 00:48:57,916 INFO  - Received event: 396000 (at simulation time IntraVehicleMsg)
2025-05-28 00:48:57,924 INFO  - Sent message to others cars = 'veh_59 | CartesianPoint{x=340.57,y=528.68,z=0.00}' (at simulation time 397.000,000,000 s)
2025-05-28 00:48:58,039 INFO  - Received event: 397000 (at simulation time IntraVehicleMsg)
2025-05-28 00:48:58,042 INFO  - Sent message to others cars = 'veh_59 | CartesianPoint{x=347.29,y=528.67,z=0.00}' (at simulation time 398.000,000,000 s)
2025-05-28 00:48:58,168 INFO  - Received event: 398000 (at simulation time IntraVehicleMsg)
2025-05-28 00:48:58,172 INFO  - ------------------------------------------------------------------------------------- (at simulation time 399.000,000,000 s)
2025-05-28 00:48:58,172 INFO  - Shutdown application (at simulation time 399.000,000,000 s)
2025-05-28 00:48:58,172 INFO  - ------------------------------------------------------------------------------------- (at simulation time 399.000,000,000 s)
