2025-05-28 00:39:41,025 INFO  - ------------------------------------------------------------------------------------- (at simulation time 634.000,000,000 s)
2025-05-28 00:39:41,025 INFO  - Initialize veh_123 application (at simulation time 634.000,000,000 s)
2025-05-28 00:39:41,025 INFO  - Activated AdHoc Module (at simulation time 634.000,000,000 s)
2025-05-28 00:39:41,025 INFO  - ------------------------------------------------------------------------------------- (at simulation time 634.000,000,000 s)
2025-05-28 00:39:41,026 INFO  - Sent message to others cars = 'veh_123 | CartesianPoint{x=-0.00,y=532.14,z=0.00}' (at simulation time 634.000,000,000 s)
2025-05-28 00:39:41,125 INFO  - Received event: 634000 (at simulation time IntraVehicleMsg)
2025-05-28 00:39:41,129 INFO  - Sent message to others cars = 'veh_123 | CartesianPoint{x=8.28,y=532.12,z=0.00}' (at simulation time 635.000,000,000 s)
2025-05-28 00:39:41,219 INFO  - Received event: 635000 (at simulation time IntraVehicleMsg)
2025-05-28 00:39:41,222 INFO  - Sent message to others cars = 'veh_123 | CartesianPoint{x=16.55,y=532.09,z=0.00}' (at simulation time 636.000,000,000 s)
2025-05-28 00:39:41,313 INFO  - Received event: 636000 (at simulation time IntraVehicleMsg)
2025-05-28 00:39:41,316 INFO  - Sent message to others cars = 'veh_123 | CartesianPoint{x=24.71,y=532.07,z=0.00}' (at simulation time 637.000,000,000 s)
2025-05-28 00:39:41,399 INFO  - Received event: 637000 (at simulation time IntraVehicleMsg)
2025-05-28 00:39:41,402 INFO  - Sent message to others cars = 'veh_123 | CartesianPoint{x=33.79,y=532.03,z=0.00}' (at simulation time 638.000,000,000 s)
2025-05-28 00:39:41,486 INFO  - Received event: 638000 (at simulation time IntraVehicleMsg)
2025-05-28 00:39:41,494 INFO  - Sent message to others cars = 'veh_123 | CartesianPoint{x=42.56,y=532.07,z=0.00}' (at simulation time 639.000,000,000 s)
2025-05-28 00:39:41,578 INFO  - Received event: 639000 (at simulation time IntraVehicleMsg)
2025-05-28 00:39:41,581 INFO  - Sent message to others cars = 'veh_123 | CartesianPoint{x=50.84,y=532.13,z=0.00}' (at simulation time 640.000,000,000 s)
2025-05-28 00:39:41,665 INFO  - Received event: 640000 (at simulation time IntraVehicleMsg)
2025-05-28 00:39:41,668 INFO  - Sent message to others cars = 'veh_123 | CartesianPoint{x=59.27,y=532.19,z=0.00}' (at simulation time 641.000,000,000 s)
2025-05-28 00:39:41,754 INFO  - Received event: 641000 (at simulation time IntraVehicleMsg)
2025-05-28 00:39:41,756 INFO  - Sent message to others cars = 'veh_123 | CartesianPoint{x=68.32,y=532.22,z=0.00}' (at simulation time 642.000,000,000 s)
2025-05-28 00:39:41,843 INFO  - Received event: 642000 (at simulation time IntraVehicleMsg)
2025-05-28 00:39:41,846 INFO  - Sent message to others cars = 'veh_123 | CartesianPoint{x=76.44,y=532.24,z=0.00}' (at simulation time 643.000,000,000 s)
2025-05-28 00:39:41,934 INFO  - Received event: 643000 (at simulation time IntraVehicleMsg)
2025-05-28 00:39:41,941 INFO  - Sent message to others cars = 'veh_123 | CartesianPoint{x=84.56,y=532.26,z=0.00}' (at simulation time 644.000,000,000 s)
2025-05-28 00:39:42,033 INFO  - Received event: 644000 (at simulation time IntraVehicleMsg)
2025-05-28 00:39:42,036 INFO  - Sent message to others cars = 'veh_123 | CartesianPoint{x=92.86,y=532.18,z=0.00}' (at simulation time 645.000,000,000 s)
2025-05-28 00:39:42,127 INFO  - Received event: 645000 (at simulation time IntraVehicleMsg)
2025-05-28 00:39:42,130 INFO  - Sent message to others cars = 'veh_123 | CartesianPoint{x=101.05,y=532.08,z=0.00}' (at simulation time 646.000,000,000 s)
2025-05-28 00:39:42,225 INFO  - Received event: 646000 (at simulation time IntraVehicleMsg)
2025-05-28 00:39:42,227 INFO  - Sent message to others cars = 'veh_123 | CartesianPoint{x=109.83,y=531.97,z=0.00}' (at simulation time 647.000,000,000 s)
2025-05-28 00:39:42,322 INFO  - Received event: 647000 (at simulation time IntraVehicleMsg)
2025-05-28 00:39:42,324 INFO  - Sent message to others cars = 'veh_123 | CartesianPoint{x=118.88,y=531.86,z=0.00}' (at simulation time 648.000,000,000 s)
2025-05-28 00:39:42,421 INFO  - Received event: 648000 (at simulation time IntraVehicleMsg)
2025-05-28 00:39:42,426 INFO  - Sent message to others cars = 'veh_123 | CartesianPoint{x=127.82,y=531.74,z=0.00}' (at simulation time 649.000,000,000 s)
2025-05-28 00:39:42,515 INFO  - Received event: 649000 (at simulation time IntraVehicleMsg)
2025-05-28 00:39:42,518 INFO  - Sent message to others cars = 'veh_123 | CartesianPoint{x=132.27,y=531.69,z=0.00}' (at simulation time 650.000,000,000 s)
2025-05-28 00:39:42,601 INFO  - Received event: 650000 (at simulation time IntraVehicleMsg)
2025-05-28 00:39:42,607 INFO  - Sent message to others cars = 'veh_123 | CartesianPoint{x=133.19,y=531.67,z=0.00}' (at simulation time 651.000,000,000 s)
2025-05-28 00:39:42,688 INFO  - Received event: 651000 (at simulation time IntraVehicleMsg)
2025-05-28 00:39:42,691 INFO  - Sent message to others cars = 'veh_123 | CartesianPoint{x=133.32,y=531.67,z=0.00}' (at simulation time 652.000,000,000 s)
2025-05-28 00:39:42,771 INFO  - Received event: 652000 (at simulation time IntraVehicleMsg)
2025-05-28 00:39:42,774 INFO  - Sent message to others cars = 'veh_123 | CartesianPoint{x=133.33,y=531.67,z=0.00}' (at simulation time 653.000,000,000 s)
2025-05-28 00:39:42,861 INFO  - Received event: 653000 (at simulation time IntraVehicleMsg)
2025-05-28 00:39:42,868 INFO  - Sent message to others cars = 'veh_123 | CartesianPoint{x=133.34,y=531.67,z=0.00}' (at simulation time 654.000,000,000 s)
2025-05-28 00:39:42,953 INFO  - Received event: 654000 (at simulation time IntraVehicleMsg)
2025-05-28 00:39:42,957 INFO  - Sent message to others cars = 'veh_123 | CartesianPoint{x=133.34,y=531.67,z=0.00}' (at simulation time 655.000,000,000 s)
2025-05-28 00:39:43,045 INFO  - Received event: 655000 (at simulation time IntraVehicleMsg)
2025-05-28 00:39:43,048 INFO  - Sent message to others cars = 'veh_123 | CartesianPoint{x=133.34,y=531.67,z=0.00}' (at simulation time 656.000,000,000 s)
2025-05-28 00:39:43,138 INFO  - Received event: 656000 (at simulation time IntraVehicleMsg)
2025-05-28 00:39:43,148 INFO  - Sent message to others cars = 'veh_123 | CartesianPoint{x=133.34,y=531.67,z=0.00}' (at simulation time 657.000,000,000 s)
2025-05-28 00:39:43,237 INFO  - Received event: 657000 (at simulation time IntraVehicleMsg)
2025-05-28 00:39:43,240 INFO  - Sent message to others cars = 'veh_123 | CartesianPoint{x=133.34,y=531.67,z=0.00}' (at simulation time 658.000,000,000 s)
2025-05-28 00:39:43,326 INFO  - Received event: 658000 (at simulation time IntraVehicleMsg)
2025-05-28 00:39:43,329 INFO  - Sent message to others cars = 'veh_123 | CartesianPoint{x=133.34,y=531.67,z=0.00}' (at simulation time 659.000,000,000 s)
2025-05-28 00:39:43,420 INFO  - Received event: 659000 (at simulation time IntraVehicleMsg)
2025-05-28 00:39:43,423 INFO  - Sent message to others cars = 'veh_123 | CartesianPoint{x=133.34,y=531.67,z=0.00}' (at simulation time 660.000,000,000 s)
2025-05-28 00:39:43,516 INFO  - Received event: 660000 (at simulation time IntraVehicleMsg)
2025-05-28 00:39:43,522 INFO  - Sent message to others cars = 'veh_123 | CartesianPoint{x=133.34,y=531.67,z=0.00}' (at simulation time 661.000,000,000 s)
2025-05-28 00:39:43,616 INFO  - Received event: 661000 (at simulation time IntraVehicleMsg)
2025-05-28 00:39:43,619 INFO  - Sent message to others cars = 'veh_123 | CartesianPoint{x=133.34,y=531.67,z=0.00}' (at simulation time 662.000,000,000 s)
2025-05-28 00:39:43,715 INFO  - Received event: 662000 (at simulation time IntraVehicleMsg)
2025-05-28 00:39:43,718 INFO  - Sent message to others cars = 'veh_123 | CartesianPoint{x=133.34,y=531.67,z=0.00}' (at simulation time 663.000,000,000 s)
2025-05-28 00:39:43,813 INFO  - Received event: 663000 (at simulation time IntraVehicleMsg)
2025-05-28 00:39:43,816 INFO  - Sent message to others cars = 'veh_123 | CartesianPoint{x=133.34,y=531.67,z=0.00}' (at simulation time 664.000,000,000 s)
2025-05-28 00:39:43,916 INFO  - Received event: 664000 (at simulation time IntraVehicleMsg)
2025-05-28 00:39:43,924 INFO  - Sent message to others cars = 'veh_123 | CartesianPoint{x=133.34,y=531.67,z=0.00}' (at simulation time 665.000,000,000 s)
2025-05-28 00:39:44,021 INFO  - Received event: 665000 (at simulation time IntraVehicleMsg)
2025-05-28 00:39:44,024 INFO  - Sent message to others cars = 'veh_123 | CartesianPoint{x=133.34,y=531.67,z=0.00}' (at simulation time 666.000,000,000 s)
2025-05-28 00:39:44,125 INFO  - Received event: 666000 (at simulation time IntraVehicleMsg)
2025-05-28 00:39:44,130 INFO  - Sent message to others cars = 'veh_123 | CartesianPoint{x=133.34,y=531.67,z=0.00}' (at simulation time 667.000,000,000 s)
2025-05-28 00:39:44,226 INFO  - Received event: 667000 (at simulation time IntraVehicleMsg)
2025-05-28 00:39:44,229 INFO  - Sent message to others cars = 'veh_123 | CartesianPoint{x=133.34,y=531.67,z=0.00}' (at simulation time 668.000,000,000 s)
2025-05-28 00:39:44,324 INFO  - Received event: 668000 (at simulation time IntraVehicleMsg)
2025-05-28 00:39:44,326 INFO  - Sent message to others cars = 'veh_123 | CartesianPoint{x=133.34,y=531.67,z=0.00}' (at simulation time 669.000,000,000 s)
2025-05-28 00:39:44,420 INFO  - Received event: 669000 (at simulation time IntraVehicleMsg)
2025-05-28 00:39:44,422 INFO  - Sent message to others cars = 'veh_123 | CartesianPoint{x=133.34,y=531.67,z=0.00}' (at simulation time 670.000,000,000 s)
2025-05-28 00:39:44,517 INFO  - Received event: 670000 (at simulation time IntraVehicleMsg)
2025-05-28 00:39:44,520 INFO  - Sent message to others cars = 'veh_123 | CartesianPoint{x=133.34,y=531.67,z=0.00}' (at simulation time 671.000,000,000 s)
2025-05-28 00:39:44,618 INFO  - Received event: 671000 (at simulation time IntraVehicleMsg)
2025-05-28 00:39:44,626 INFO  - Sent message to others cars = 'veh_123 | CartesianPoint{x=133.34,y=531.67,z=0.00}' (at simulation time 672.000,000,000 s)
2025-05-28 00:39:44,724 INFO  - Received event: 672000 (at simulation time IntraVehicleMsg)
2025-05-28 00:39:44,726 INFO  - Sent message to others cars = 'veh_123 | CartesianPoint{x=133.34,y=531.67,z=0.00}' (at simulation time 673.000,000,000 s)
2025-05-28 00:39:44,826 INFO  - Received event: 673000 (at simulation time IntraVehicleMsg)
2025-05-28 00:39:44,828 INFO  - Sent message to others cars = 'veh_123 | CartesianPoint{x=133.34,y=531.67,z=0.00}' (at simulation time 674.000,000,000 s)
2025-05-28 00:39:44,928 INFO  - Received event: 674000 (at simulation time IntraVehicleMsg)
2025-05-28 00:39:44,936 INFO  - Sent message to others cars = 'veh_123 | CartesianPoint{x=133.34,y=531.67,z=0.00}' (at simulation time 675.000,000,000 s)
2025-05-28 00:39:45,038 INFO  - Received event: 675000 (at simulation time IntraVehicleMsg)
2025-05-28 00:39:45,042 INFO  - Sent message to others cars = 'veh_123 | CartesianPoint{x=135.58,y=531.65,z=0.00}' (at simulation time 676.000,000,000 s)
2025-05-28 00:39:45,146 INFO  - Received event: 676000 (at simulation time IntraVehicleMsg)
2025-05-28 00:39:45,149 INFO  - Sent message to others cars = 'veh_123 | CartesianPoint{x=139.94,y=531.62,z=0.00}' (at simulation time 677.000,000,000 s)
2025-05-28 00:39:45,246 INFO  - Received event: 677000 (at simulation time IntraVehicleMsg)
2025-05-28 00:39:45,249 INFO  - Sent message to others cars = 'veh_123 | CartesianPoint{x=145.97,y=531.58,z=0.00}' (at simulation time 678.000,000,000 s)
2025-05-28 00:39:45,345 INFO  - Received event: 678000 (at simulation time IntraVehicleMsg)
2025-05-28 00:39:45,348 INFO  - Sent message to others cars = 'veh_123 | CartesianPoint{x=154.27,y=531.60,z=0.00}' (at simulation time 679.000,000,000 s)
2025-05-28 00:39:45,447 INFO  - Received event: 679000 (at simulation time IntraVehicleMsg)
2025-05-28 00:39:45,450 INFO  - Sent message to others cars = 'veh_123 | CartesianPoint{x=162.44,y=531.66,z=0.00}' (at simulation time 680.000,000,000 s)
2025-05-28 00:39:45,549 INFO  - Received event: 680000 (at simulation time IntraVehicleMsg)
2025-05-28 00:39:45,557 INFO  - Sent message to others cars = 'veh_123 | CartesianPoint{x=170.92,y=531.71,z=0.00}' (at simulation time 681.000,000,000 s)
2025-05-28 00:39:45,658 INFO  - Received event: 681000 (at simulation time IntraVehicleMsg)
2025-05-28 00:39:45,660 INFO  - Sent message to others cars = 'veh_123 | CartesianPoint{x=179.26,y=531.77,z=0.00}' (at simulation time 682.000,000,000 s)
2025-05-28 00:39:45,759 INFO  - Received event: 682000 (at simulation time IntraVehicleMsg)
2025-05-28 00:39:45,761 INFO  - Sent message to others cars = 'veh_123 | CartesianPoint{x=187.51,y=531.83,z=0.00}' (at simulation time 683.000,000,000 s)
2025-05-28 00:39:45,865 INFO  - Received event: 683000 (at simulation time IntraVehicleMsg)
2025-05-28 00:39:45,867 INFO  - Sent message to others cars = 'veh_123 | CartesianPoint{x=196.09,y=531.89,z=0.00}' (at simulation time 684.000,000,000 s)
2025-05-28 00:39:45,970 INFO  - Received event: 684000 (at simulation time IntraVehicleMsg)
2025-05-28 00:39:45,977 INFO  - Sent message to others cars = 'veh_123 | CartesianPoint{x=205.28,y=531.95,z=0.00}' (at simulation time 685.000,000,000 s)
2025-05-28 00:39:46,084 INFO  - Received event: 685000 (at simulation time IntraVehicleMsg)
2025-05-28 00:39:46,087 INFO  - Sent message to others cars = 'veh_123 | CartesianPoint{x=212.53,y=532.00,z=0.00}' (at simulation time 686.000,000,000 s)
2025-05-28 00:39:46,193 INFO  - Received event: 686000 (at simulation time IntraVehicleMsg)
2025-05-28 00:39:46,196 INFO  - Sent message to others cars = 'veh_123 | CartesianPoint{x=220.78,y=532.03,z=0.00}' (at simulation time 687.000,000,000 s)
2025-05-28 00:39:46,305 INFO  - Received event: 687000 (at simulation time IntraVehicleMsg)
2025-05-28 00:39:46,308 INFO  - Sent message to others cars = 'veh_123 | CartesianPoint{x=229.29,y=532.04,z=0.00}' (at simulation time 688.000,000,000 s)
2025-05-28 00:39:46,417 INFO  - Received event: 688000 (at simulation time IntraVehicleMsg)
2025-05-28 00:39:46,419 INFO  - Sent message to others cars = 'veh_123 | CartesianPoint{x=237.37,y=532.03,z=0.00}' (at simulation time 689.000,000,000 s)
2025-05-28 00:39:46,531 INFO  - Received event: 689000 (at simulation time IntraVehicleMsg)
2025-05-28 00:39:46,534 INFO  - Sent message to others cars = 'veh_123 | CartesianPoint{x=245.95,y=532.01,z=0.00}' (at simulation time 690.000,000,000 s)
2025-05-28 00:39:46,647 INFO  - Received event: 690000 (at simulation time IntraVehicleMsg)
2025-05-28 00:39:46,650 INFO  - Sent message to others cars = 'veh_123 | CartesianPoint{x=254.21,y=532.00,z=0.00}' (at simulation time 691.000,000,000 s)
2025-05-28 00:39:46,756 INFO  - Received event: 691000 (at simulation time IntraVehicleMsg)
2025-05-28 00:39:46,758 INFO  - Sent message to others cars = 'veh_123 | CartesianPoint{x=262.56,y=531.98,z=0.00}' (at simulation time 692.000,000,000 s)
2025-05-28 00:39:46,854 INFO  - Received event: 692000 (at simulation time IntraVehicleMsg)
2025-05-28 00:39:46,856 INFO  - Sent message to others cars = 'veh_123 | CartesianPoint{x=271.83,y=531.96,z=0.00}' (at simulation time 693.000,000,000 s)
2025-05-28 00:39:46,955 INFO  - Received event: 693000 (at simulation time IntraVehicleMsg)
2025-05-28 00:39:46,964 INFO  - Sent message to others cars = 'veh_123 | CartesianPoint{x=281.00,y=531.95,z=0.00}' (at simulation time 694.000,000,000 s)
2025-05-28 00:39:47,051 INFO  - Received event: 694000 (at simulation time IntraVehicleMsg)
2025-05-28 00:39:47,055 INFO  - Sent message to others cars = 'veh_123 | CartesianPoint{x=290.26,y=531.94,z=0.00}' (at simulation time 695.000,000,000 s)
2025-05-28 00:39:47,145 INFO  - Received event: 695000 (at simulation time IntraVehicleMsg)
2025-05-28 00:39:47,152 INFO  - Sent message to others cars = 'veh_123 | CartesianPoint{x=298.70,y=531.93,z=0.00}' (at simulation time 696.000,000,000 s)
2025-05-28 00:39:47,235 INFO  - Received event: 696000 (at simulation time IntraVehicleMsg)
2025-05-28 00:39:47,238 INFO  - Sent message to others cars = 'veh_123 | CartesianPoint{x=306.89,y=531.92,z=0.00}' (at simulation time 697.000,000,000 s)
2025-05-28 00:39:47,315 INFO  - Received event: 697000 (at simulation time IntraVehicleMsg)
2025-05-28 00:39:47,317 INFO  - Sent message to others cars = 'veh_123 | CartesianPoint{x=315.01,y=531.91,z=0.00}' (at simulation time 698.000,000,000 s)
2025-05-28 00:39:47,391 INFO  - Received event: 698000 (at simulation time IntraVehicleMsg)
2025-05-28 00:39:47,394 INFO  - Sent message to others cars = 'veh_123 | CartesianPoint{x=323.06,y=531.90,z=0.00}' (at simulation time 699.000,000,000 s)
2025-05-28 00:39:47,460 INFO  - Received event: 699000 (at simulation time IntraVehicleMsg)
2025-05-28 00:39:47,466 INFO  - Sent message to others cars = 'veh_123 | CartesianPoint{x=332.19,y=528.69,z=0.00}' (at simulation time 700.000,000,000 s)
2025-05-28 00:39:47,532 INFO  - Received event: 700000 (at simulation time IntraVehicleMsg)
2025-05-28 00:39:47,534 INFO  - Sent message to others cars = 'veh_123 | CartesianPoint{x=340.59,y=528.68,z=0.00}' (at simulation time 701.000,000,000 s)
2025-05-28 00:39:47,602 INFO  - Received event: 701000 (at simulation time IntraVehicleMsg)
2025-05-28 00:39:47,604 INFO  - Sent message to others cars = 'veh_123 | CartesianPoint{x=349.08,y=528.67,z=0.00}' (at simulation time 702.000,000,000 s)
2025-05-28 00:39:47,673 INFO  - Received event: 702000 (at simulation time IntraVehicleMsg)
2025-05-28 00:39:47,678 INFO  - ------------------------------------------------------------------------------------- (at simulation time 703.000,000,000 s)
2025-05-28 00:39:47,678 INFO  - Shutdown application (at simulation time 703.000,000,000 s)
2025-05-28 00:39:47,678 INFO  - ------------------------------------------------------------------------------------- (at simulation time 703.000,000,000 s)
