2025-05-28 00:18:27,337 INFO  - ------------------------------------------------------------------------------------- (at simulation time 109.000,000,000 s)
2025-05-28 00:18:27,338 INFO  - Initialize veh_20 application (at simulation time 109.000,000,000 s)
2025-05-28 00:18:27,338 INFO  - Activated AdHoc Module (at simulation time 109.000,000,000 s)
2025-05-28 00:18:27,338 INFO  - ------------------------------------------------------------------------------------- (at simulation time 109.000,000,000 s)
2025-05-28 00:18:27,340 INFO  - Sent message to others cars = 'veh_20 | CartesianPoint{x=143.94,y=749.34,z=0.00}' (at simulation time 109.000,000,000 s)
2025-05-28 00:18:27,397 INFO  - Received event: 109000 (at simulation time IntraVehicleMsg)
2025-05-28 00:18:27,401 INFO  - Sent message to others cars = 'veh_20 | CartesianPoint{x=143.92,y=741.67,z=0.00}' (at simulation time 110.000,000,000 s)
2025-05-28 00:18:27,453 INFO  - Received event: 110000 (at simulation time IntraVehicleMsg)
2025-05-28 00:18:27,456 INFO  - Sent message to others cars = 'veh_20 | CartesianPoint{x=143.90,y=734.16,z=0.00}' (at simulation time 111.000,000,000 s)
2025-05-28 00:18:27,510 INFO  - Received event: 111000 (at simulation time IntraVehicleMsg)
2025-05-28 00:18:27,513 INFO  - Sent message to others cars = 'veh_20 | CartesianPoint{x=143.87,y=725.91,z=0.00}' (at simulation time 112.000,000,000 s)
2025-05-28 00:18:27,566 INFO  - Received event: 112000 (at simulation time IntraVehicleMsg)
2025-05-28 00:18:27,569 INFO  - Sent message to others cars = 'veh_20 | CartesianPoint{x=143.84,y=717.67,z=0.00}' (at simulation time 113.000,000,000 s)
2025-05-28 00:18:27,623 INFO  - Received event: 113000 (at simulation time IntraVehicleMsg)
2025-05-28 00:18:27,626 INFO  - Sent message to others cars = 'veh_20 | CartesianPoint{x=143.82,y=710.18,z=0.00}' (at simulation time 114.000,000,000 s)
2025-05-28 00:18:27,683 INFO  - Received event: 114000 (at simulation time IntraVehicleMsg)
2025-05-28 00:18:27,689 INFO  - Sent message to others cars = 'veh_20 | CartesianPoint{x=143.79,y=702.14,z=0.00}' (at simulation time 115.000,000,000 s)
2025-05-28 00:18:27,747 INFO  - Received event: 115000 (at simulation time IntraVehicleMsg)
2025-05-28 00:18:27,762 INFO  - Sent message to others cars = 'veh_20 | CartesianPoint{x=140.56,y=694.51,z=0.00}' (at simulation time 116.000,000,000 s)
2025-05-28 00:18:27,827 INFO  - Received event: 116000 (at simulation time IntraVehicleMsg)
2025-05-28 00:18:27,837 INFO  - Sent message to others cars = 'veh_20 | CartesianPoint{x=140.53,y=685.92,z=0.00}' (at simulation time 117.000,000,000 s)
2025-05-28 00:18:27,894 INFO  - Received event: 117000 (at simulation time IntraVehicleMsg)
2025-05-28 00:18:27,898 INFO  - Sent message to others cars = 'veh_20 | CartesianPoint{x=140.51,y=678.27,z=0.00}' (at simulation time 118.000,000,000 s)
2025-05-28 00:18:27,956 INFO  - Received event: 118000 (at simulation time IntraVehicleMsg)
2025-05-28 00:18:27,960 INFO  - Sent message to others cars = 'veh_20 | CartesianPoint{x=140.48,y=670.26,z=0.00}' (at simulation time 119.000,000,000 s)
2025-05-28 00:18:28,021 INFO  - Received event: 119000 (at simulation time IntraVehicleMsg)
2025-05-28 00:18:28,031 INFO  - Sent message to others cars = 'veh_20 | CartesianPoint{x=140.46,y=662.36,z=0.00}' (at simulation time 120.000,000,000 s)
2025-05-28 00:18:28,091 INFO  - Received event: 120000 (at simulation time IntraVehicleMsg)
2025-05-28 00:18:28,094 INFO  - Sent message to others cars = 'veh_20 | CartesianPoint{x=140.45,y=654.85,z=0.00}' (at simulation time 121.000,000,000 s)
2025-05-28 00:18:28,156 INFO  - Received event: 121000 (at simulation time IntraVehicleMsg)
2025-05-28 00:18:28,160 INFO  - Sent message to others cars = 'veh_20 | CartesianPoint{x=140.43,y=647.36,z=0.00}' (at simulation time 122.000,000,000 s)
2025-05-28 00:18:28,224 INFO  - Received event: 122000 (at simulation time IntraVehicleMsg)
2025-05-28 00:18:28,229 INFO  - Sent message to others cars = 'veh_20 | CartesianPoint{x=140.41,y=639.61,z=0.00}' (at simulation time 123.000,000,000 s)
2025-05-28 00:18:28,293 INFO  - Received event: 123000 (at simulation time IntraVehicleMsg)
2025-05-28 00:18:28,307 INFO  - Sent message to others cars = 'veh_20 | CartesianPoint{x=140.39,y=631.64,z=0.00}' (at simulation time 124.000,000,000 s)
2025-05-28 00:18:28,376 INFO  - Received event: 124000 (at simulation time IntraVehicleMsg)
2025-05-28 00:18:28,391 INFO  - Sent message to others cars = 'veh_20 | CartesianPoint{x=140.37,y=623.36,z=0.00}' (at simulation time 125.000,000,000 s)
2025-05-28 00:18:28,459 INFO  - Received event: 125000 (at simulation time IntraVehicleMsg)
2025-05-28 00:18:28,470 INFO  - Sent message to others cars = 'veh_20 | CartesianPoint{x=140.35,y=615.02,z=0.00}' (at simulation time 126.000,000,000 s)
2025-05-28 00:18:28,538 INFO  - Received event: 126000 (at simulation time IntraVehicleMsg)
2025-05-28 00:18:28,542 INFO  - Sent message to others cars = 'veh_20 | CartesianPoint{x=140.33,y=607.32,z=0.00}' (at simulation time 127.000,000,000 s)
2025-05-28 00:18:28,609 INFO  - Received event: 127000 (at simulation time IntraVehicleMsg)
2025-05-28 00:18:28,613 INFO  - Sent message to others cars = 'veh_20 | CartesianPoint{x=140.29,y=598.66,z=0.00}' (at simulation time 128.000,000,000 s)
2025-05-28 00:18:28,677 INFO  - Received event: 128000 (at simulation time IntraVehicleMsg)
2025-05-28 00:18:28,682 INFO  - Sent message to others cars = 'veh_20 | CartesianPoint{x=140.25,y=591.01,z=0.00}' (at simulation time 129.000,000,000 s)
2025-05-28 00:18:28,749 INFO  - Received event: 129000 (at simulation time IntraVehicleMsg)
2025-05-28 00:18:28,760 INFO  - Sent message to others cars = 'veh_20 | CartesianPoint{x=140.21,y=582.81,z=0.00}' (at simulation time 130.000,000,000 s)
2025-05-28 00:18:28,822 INFO  - Received event: 130000 (at simulation time IntraVehicleMsg)
2025-05-28 00:18:28,826 INFO  - Sent message to others cars = 'veh_20 | CartesianPoint{x=140.17,y=574.74,z=0.00}' (at simulation time 131.000,000,000 s)
2025-05-28 00:18:28,886 INFO  - Received event: 131000 (at simulation time IntraVehicleMsg)
2025-05-28 00:18:28,895 INFO  - Sent message to others cars = 'veh_20 | CartesianPoint{x=140.15,y=571.16,z=0.00}' (at simulation time 132.000,000,000 s)
2025-05-28 00:18:28,950 INFO  - Received event: 132000 (at simulation time IntraVehicleMsg)
2025-05-28 00:18:28,960 INFO  - Sent message to others cars = 'veh_20 | CartesianPoint{x=140.15,y=570.76,z=0.00}' (at simulation time 133.000,000,000 s)
2025-05-28 00:18:29,015 INFO  - Received event: 133000 (at simulation time IntraVehicleMsg)
2025-05-28 00:18:29,025 INFO  - Sent message to others cars = 'veh_20 | CartesianPoint{x=140.15,y=570.70,z=0.00}' (at simulation time 134.000,000,000 s)
2025-05-28 00:18:29,077 INFO  - Received event: 134000 (at simulation time IntraVehicleMsg)
2025-05-28 00:18:29,087 INFO  - Sent message to others cars = 'veh_20 | CartesianPoint{x=140.14,y=570.48,z=0.00}' (at simulation time 135.000,000,000 s)
2025-05-28 00:18:29,139 INFO  - Received event: 135000 (at simulation time IntraVehicleMsg)
2025-05-28 00:18:29,144 INFO  - Sent message to others cars = 'veh_20 | CartesianPoint{x=140.14,y=569.55,z=0.00}' (at simulation time 136.000,000,000 s)
2025-05-28 00:18:29,192 INFO  - Received event: 136000 (at simulation time IntraVehicleMsg)
2025-05-28 00:18:29,195 INFO  - Sent message to others cars = 'veh_20 | CartesianPoint{x=140.13,y=567.27,z=0.00}' (at simulation time 137.000,000,000 s)
2025-05-28 00:18:29,243 INFO  - Received event: 137000 (at simulation time IntraVehicleMsg)
2025-05-28 00:18:29,245 INFO  - Sent message to others cars = 'veh_20 | CartesianPoint{x=140.10,y=562.79,z=0.00}' (at simulation time 138.000,000,000 s)
2025-05-28 00:18:29,292 INFO  - Received event: 138000 (at simulation time IntraVehicleMsg)
2025-05-28 00:18:29,295 INFO  - Sent message to others cars = 'veh_20 | CartesianPoint{x=140.09,y=560.19,z=0.00}' (at simulation time 139.000,000,000 s)
2025-05-28 00:18:29,342 INFO  - Received event: 139000 (at simulation time IntraVehicleMsg)
2025-05-28 00:18:29,351 INFO  - Sent message to others cars = 'veh_20 | CartesianPoint{x=140.09,y=559.26,z=0.00}' (at simulation time 140.000,000,000 s)
2025-05-28 00:18:29,398 INFO  - Received event: 140000 (at simulation time IntraVehicleMsg)
2025-05-28 00:18:29,401 INFO  - Sent message to others cars = 'veh_20 | CartesianPoint{x=140.08,y=558.10,z=0.00}' (at simulation time 141.000,000,000 s)
2025-05-28 00:18:29,451 INFO  - Received event: 141000 (at simulation time IntraVehicleMsg)
2025-05-28 00:18:29,454 INFO  - Sent message to others cars = 'veh_20 | CartesianPoint{x=140.08,y=557.83,z=0.00}' (at simulation time 142.000,000,000 s)
2025-05-28 00:18:29,505 INFO  - Received event: 142000 (at simulation time IntraVehicleMsg)
2025-05-28 00:18:29,508 INFO  - Sent message to others cars = 'veh_20 | CartesianPoint{x=140.08,y=557.72,z=0.00}' (at simulation time 143.000,000,000 s)
2025-05-28 00:18:29,558 INFO  - Received event: 143000 (at simulation time IntraVehicleMsg)
2025-05-28 00:18:29,561 INFO  - Sent message to others cars = 'veh_20 | CartesianPoint{x=140.08,y=557.70,z=0.00}' (at simulation time 144.000,000,000 s)
2025-05-28 00:18:29,614 INFO  - Received event: 144000 (at simulation time IntraVehicleMsg)
2025-05-28 00:18:29,618 INFO  - Sent message to others cars = 'veh_20 | CartesianPoint{x=140.08,y=557.70,z=0.00}' (at simulation time 145.000,000,000 s)
2025-05-28 00:18:29,671 INFO  - Received event: 145000 (at simulation time IntraVehicleMsg)
2025-05-28 00:18:29,674 INFO  - Sent message to others cars = 'veh_20 | CartesianPoint{x=140.08,y=557.69,z=0.00}' (at simulation time 146.000,000,000 s)
2025-05-28 00:18:29,728 INFO  - Received event: 146000 (at simulation time IntraVehicleMsg)
2025-05-28 00:18:29,742 INFO  - Sent message to others cars = 'veh_20 | CartesianPoint{x=140.08,y=557.69,z=0.00}' (at simulation time 147.000,000,000 s)
2025-05-28 00:18:29,801 INFO  - Received event: 147000 (at simulation time IntraVehicleMsg)
2025-05-28 00:18:29,814 INFO  - Sent message to others cars = 'veh_20 | CartesianPoint{x=140.08,y=557.69,z=0.00}' (at simulation time 148.000,000,000 s)
2025-05-28 00:18:29,868 INFO  - Received event: 148000 (at simulation time IntraVehicleMsg)
2025-05-28 00:18:29,873 INFO  - Sent message to others cars = 'veh_20 | CartesianPoint{x=140.08,y=557.69,z=0.00}' (at simulation time 149.000,000,000 s)
2025-05-28 00:18:29,929 INFO  - Received event: 149000 (at simulation time IntraVehicleMsg)
2025-05-28 00:18:29,940 INFO  - Sent message to others cars = 'veh_20 | CartesianPoint{x=140.08,y=557.69,z=0.00}' (at simulation time 150.000,000,000 s)
2025-05-28 00:18:29,999 INFO  - Received event: 150000 (at simulation time IntraVehicleMsg)
2025-05-28 00:18:30,002 INFO  - Sent message to others cars = 'veh_20 | CartesianPoint{x=140.08,y=557.69,z=0.00}' (at simulation time 151.000,000,000 s)
2025-05-28 00:18:30,061 INFO  - Received event: 151000 (at simulation time IntraVehicleMsg)
2025-05-28 00:18:30,064 INFO  - Sent message to others cars = 'veh_20 | CartesianPoint{x=140.08,y=557.69,z=0.00}' (at simulation time 152.000,000,000 s)
2025-05-28 00:18:30,124 INFO  - Received event: 152000 (at simulation time IntraVehicleMsg)
2025-05-28 00:18:30,127 INFO  - Sent message to others cars = 'veh_20 | CartesianPoint{x=140.08,y=557.69,z=0.00}' (at simulation time 153.000,000,000 s)
2025-05-28 00:18:30,199 INFO  - Received event: 153000 (at simulation time IntraVehicleMsg)
2025-05-28 00:18:30,212 INFO  - Sent message to others cars = 'veh_20 | CartesianPoint{x=140.08,y=557.69,z=0.00}' (at simulation time 154.000,000,000 s)
2025-05-28 00:18:30,274 INFO  - Received event: 154000 (at simulation time IntraVehicleMsg)
2025-05-28 00:18:30,284 INFO  - Sent message to others cars = 'veh_20 | CartesianPoint{x=140.08,y=557.69,z=0.00}' (at simulation time 155.000,000,000 s)
2025-05-28 00:18:30,346 INFO  - Received event: 155000 (at simulation time IntraVehicleMsg)
2025-05-28 00:18:30,355 INFO  - Sent message to others cars = 'veh_20 | CartesianPoint{x=140.08,y=557.69,z=0.00}' (at simulation time 156.000,000,000 s)
2025-05-28 00:18:30,415 INFO  - Received event: 156000 (at simulation time IntraVehicleMsg)
2025-05-28 00:18:30,418 INFO  - Sent message to others cars = 'veh_20 | CartesianPoint{x=140.08,y=557.69,z=0.00}' (at simulation time 157.000,000,000 s)
2025-05-28 00:18:30,482 INFO  - Received event: 157000 (at simulation time IntraVehicleMsg)
2025-05-28 00:18:30,485 INFO  - Sent message to others cars = 'veh_20 | CartesianPoint{x=140.08,y=557.69,z=0.00}' (at simulation time 158.000,000,000 s)
2025-05-28 00:18:30,547 INFO  - Received event: 158000 (at simulation time IntraVehicleMsg)
2025-05-28 00:18:30,551 INFO  - Sent message to others cars = 'veh_20 | CartesianPoint{x=140.08,y=557.69,z=0.00}' (at simulation time 159.000,000,000 s)
2025-05-28 00:18:30,614 INFO  - Received event: 159000 (at simulation time IntraVehicleMsg)
2025-05-28 00:18:30,618 INFO  - Sent message to others cars = 'veh_20 | CartesianPoint{x=140.08,y=557.69,z=0.00}' (at simulation time 160.000,000,000 s)
2025-05-28 00:18:30,686 INFO  - Received event: 160000 (at simulation time IntraVehicleMsg)
2025-05-28 00:18:30,694 INFO  - Sent message to others cars = 'veh_20 | CartesianPoint{x=140.08,y=557.69,z=0.00}' (at simulation time 161.000,000,000 s)
2025-05-28 00:18:30,763 INFO  - Received event: 161000 (at simulation time IntraVehicleMsg)
2025-05-28 00:18:30,777 INFO  - Sent message to others cars = 'veh_20 | CartesianPoint{x=140.08,y=557.69,z=0.00}' (at simulation time 162.000,000,000 s)
2025-05-28 00:18:30,848 INFO  - Received event: 162000 (at simulation time IntraVehicleMsg)
2025-05-28 00:18:30,858 INFO  - Sent message to others cars = 'veh_20 | CartesianPoint{x=140.08,y=557.69,z=0.00}' (at simulation time 163.000,000,000 s)
2025-05-28 00:18:30,925 INFO  - Received event: 163000 (at simulation time IntraVehicleMsg)
2025-05-28 00:18:30,934 INFO  - Sent message to others cars = 'veh_20 | CartesianPoint{x=140.08,y=557.69,z=0.00}' (at simulation time 164.000,000,000 s)
2025-05-28 00:18:31,004 INFO  - Received event: 164000 (at simulation time IntraVehicleMsg)
2025-05-28 00:18:31,008 INFO  - Sent message to others cars = 'veh_20 | CartesianPoint{x=140.08,y=557.69,z=0.00}' (at simulation time 165.000,000,000 s)
2025-05-28 00:18:31,077 INFO  - Received event: 165000 (at simulation time IntraVehicleMsg)
2025-05-28 00:18:31,081 INFO  - Sent message to others cars = 'veh_20 | CartesianPoint{x=140.08,y=557.69,z=0.00}' (at simulation time 166.000,000,000 s)
2025-05-28 00:18:31,152 INFO  - Received event: 166000 (at simulation time IntraVehicleMsg)
2025-05-28 00:18:31,156 INFO  - Sent message to others cars = 'veh_20 | CartesianPoint{x=140.08,y=557.69,z=0.00}' (at simulation time 167.000,000,000 s)
2025-05-28 00:18:31,229 INFO  - Received event: 167000 (at simulation time IntraVehicleMsg)
2025-05-28 00:18:31,233 INFO  - Sent message to others cars = 'veh_20 | CartesianPoint{x=140.08,y=557.69,z=0.00}' (at simulation time 168.000,000,000 s)
2025-05-28 00:18:31,305 INFO  - Received event: 168000 (at simulation time IntraVehicleMsg)
2025-05-28 00:18:31,309 INFO  - Sent message to others cars = 'veh_20 | CartesianPoint{x=140.08,y=557.69,z=0.00}' (at simulation time 169.000,000,000 s)
2025-05-28 00:18:31,384 INFO  - Received event: 169000 (at simulation time IntraVehicleMsg)
2025-05-28 00:18:31,388 INFO  - Sent message to others cars = 'veh_20 | CartesianPoint{x=140.08,y=557.69,z=0.00}' (at simulation time 170.000,000,000 s)
2025-05-28 00:18:31,463 INFO  - Received event: 170000 (at simulation time IntraVehicleMsg)
2025-05-28 00:18:31,472 INFO  - Sent message to others cars = 'veh_20 | CartesianPoint{x=140.08,y=557.69,z=0.00}' (at simulation time 171.000,000,000 s)
2025-05-28 00:18:31,550 INFO  - Received event: 171000 (at simulation time IntraVehicleMsg)
2025-05-28 00:18:31,554 INFO  - Sent message to others cars = 'veh_20 | CartesianPoint{x=140.08,y=557.69,z=0.00}' (at simulation time 172.000,000,000 s)
2025-05-28 00:18:31,632 INFO  - Received event: 172000 (at simulation time IntraVehicleMsg)
2025-05-28 00:18:31,645 INFO  - Sent message to others cars = 'veh_20 | CartesianPoint{x=140.08,y=557.69,z=0.00}' (at simulation time 173.000,000,000 s)
2025-05-28 00:18:31,729 INFO  - Received event: 173000 (at simulation time IntraVehicleMsg)
2025-05-28 00:18:31,743 INFO  - Sent message to others cars = 'veh_20 | CartesianPoint{x=140.08,y=557.69,z=0.00}' (at simulation time 174.000,000,000 s)
2025-05-28 00:18:31,825 INFO  - Received event: 174000 (at simulation time IntraVehicleMsg)
2025-05-28 00:18:31,839 INFO  - Sent message to others cars = 'veh_20 | CartesianPoint{x=140.08,y=557.69,z=0.00}' (at simulation time 175.000,000,000 s)
2025-05-28 00:18:31,927 INFO  - Received event: 175000 (at simulation time IntraVehicleMsg)
2025-05-28 00:18:31,937 INFO  - Sent message to others cars = 'veh_20 | CartesianPoint{x=140.08,y=557.69,z=0.00}' (at simulation time 176.000,000,000 s)
2025-05-28 00:18:32,019 INFO  - Received event: 176000 (at simulation time IntraVehicleMsg)
2025-05-28 00:18:32,025 INFO  - Sent message to others cars = 'veh_20 | CartesianPoint{x=140.08,y=557.69,z=0.00}' (at simulation time 177.000,000,000 s)
2025-05-28 00:18:32,108 INFO  - Received event: 177000 (at simulation time IntraVehicleMsg)
2025-05-28 00:18:32,112 INFO  - Sent message to others cars = 'veh_20 | CartesianPoint{x=140.08,y=557.69,z=0.00}' (at simulation time 178.000,000,000 s)
2025-05-28 00:18:32,195 INFO  - Received event: 178000 (at simulation time IntraVehicleMsg)
2025-05-28 00:18:32,201 INFO  - Sent message to others cars = 'veh_20 | CartesianPoint{x=140.08,y=557.69,z=0.00}' (at simulation time 179.000,000,000 s)
2025-05-28 00:18:32,285 INFO  - Received event: 179000 (at simulation time IntraVehicleMsg)
2025-05-28 00:18:32,290 INFO  - Sent message to others cars = 'veh_20 | CartesianPoint{x=140.08,y=557.69,z=0.00}' (at simulation time 180.000,000,000 s)
2025-05-28 00:18:32,377 INFO  - Received event: 180000 (at simulation time IntraVehicleMsg)
2025-05-28 00:18:32,385 INFO  - Sent message to others cars = 'veh_20 | CartesianPoint{x=140.08,y=557.69,z=0.00}' (at simulation time 181.000,000,000 s)
2025-05-28 00:18:32,473 INFO  - Received event: 181000 (at simulation time IntraVehicleMsg)
2025-05-28 00:18:32,477 INFO  - Sent message to others cars = 'veh_20 | CartesianPoint{x=140.08,y=557.69,z=0.00}' (at simulation time 182.000,000,000 s)
2025-05-28 00:18:32,568 INFO  - Received event: 182000 (at simulation time IntraVehicleMsg)
2025-05-28 00:18:32,572 INFO  - Sent message to others cars = 'veh_20 | CartesianPoint{x=140.08,y=557.69,z=0.00}' (at simulation time 183.000,000,000 s)
2025-05-28 00:18:32,662 INFO  - Received event: 183000 (at simulation time IntraVehicleMsg)
2025-05-28 00:18:32,665 INFO  - Sent message to others cars = 'veh_20 | CartesianPoint{x=140.08,y=557.69,z=0.00}' (at simulation time 184.000,000,000 s)
2025-05-28 00:18:32,758 INFO  - Received event: 184000 (at simulation time IntraVehicleMsg)
2025-05-28 00:18:32,764 INFO  - Sent message to others cars = 'veh_20 | CartesianPoint{x=140.08,y=557.69,z=0.00}' (at simulation time 185.000,000,000 s)
2025-05-28 00:18:32,858 INFO  - Received event: 185000 (at simulation time IntraVehicleMsg)
2025-05-28 00:18:32,872 INFO  - Sent message to others cars = 'veh_20 | CartesianPoint{x=140.08,y=557.69,z=0.00}' (at simulation time 186.000,000,000 s)
2025-05-28 00:18:32,969 INFO  - Received event: 186000 (at simulation time IntraVehicleMsg)
2025-05-28 00:18:32,979 INFO  - Sent message to others cars = 'veh_20 | CartesianPoint{x=140.08,y=557.69,z=0.00}' (at simulation time 187.000,000,000 s)
2025-05-28 00:18:33,076 INFO  - Received event: 187000 (at simulation time IntraVehicleMsg)
2025-05-28 00:18:33,086 INFO  - Sent message to others cars = 'veh_20 | CartesianPoint{x=140.07,y=556.81,z=0.00}' (at simulation time 188.000,000,000 s)
2025-05-28 00:18:33,185 INFO  - Received event: 188000 (at simulation time IntraVehicleMsg)
2025-05-28 00:18:33,195 INFO  - Sent message to others cars = 'veh_20 | CartesianPoint{x=140.06,y=554.10,z=0.00}' (at simulation time 189.000,000,000 s)
2025-05-28 00:18:33,298 INFO  - Received event: 189000 (at simulation time IntraVehicleMsg)
2025-05-28 00:18:33,309 INFO  - Sent message to others cars = 'veh_20 | CartesianPoint{x=140.04,y=549.67,z=0.00}' (at simulation time 190.000,000,000 s)
2025-05-28 00:18:33,404 INFO  - Received event: 190000 (at simulation time IntraVehicleMsg)
2025-05-28 00:18:33,407 INFO  - Sent message to others cars = 'veh_20 | CartesianPoint{x=140.00,y=542.98,z=0.00}' (at simulation time 191.000,000,000 s)
2025-05-28 00:18:33,498 INFO  - Received event: 191000 (at simulation time IntraVehicleMsg)
2025-05-28 00:18:33,507 INFO  - Sent message to others cars = 'veh_20 | CartesianPoint{x=139.97,y=537.13,z=0.00}' (at simulation time 192.000,000,000 s)
2025-05-28 00:18:33,597 INFO  - Received event: 192000 (at simulation time IntraVehicleMsg)
2025-05-28 00:18:33,600 INFO  - Sent message to others cars = 'veh_20 | CartesianPoint{x=139.92,y=531.06,z=0.00}' (at simulation time 193.000,000,000 s)
2025-05-28 00:18:33,687 INFO  - Received event: 193000 (at simulation time IntraVehicleMsg)
2025-05-28 00:18:33,690 INFO  - Sent message to others cars = 'veh_20 | CartesianPoint{x=139.87,y=525.28,z=0.00}' (at simulation time 194.000,000,000 s)
2025-05-28 00:18:33,779 INFO  - Received event: 194000 (at simulation time IntraVehicleMsg)
2025-05-28 00:18:33,784 INFO  - Sent message to others cars = 'veh_20 | CartesianPoint{x=139.83,y=520.52,z=0.00}' (at simulation time 195.000,000,000 s)
2025-05-28 00:18:33,873 INFO  - Received event: 195000 (at simulation time IntraVehicleMsg)
2025-05-28 00:18:33,876 INFO  - Sent message to others cars = 'veh_20 | CartesianPoint{x=139.77,y=514.30,z=0.00}' (at simulation time 196.000,000,000 s)
2025-05-28 00:18:33,965 INFO  - Received event: 196000 (at simulation time IntraVehicleMsg)
2025-05-28 00:18:33,968 INFO  - Sent message to others cars = 'veh_20 | CartesianPoint{x=139.70,y=507.33,z=0.00}' (at simulation time 197.000,000,000 s)
2025-05-28 00:18:34,057 INFO  - Received event: 197000 (at simulation time IntraVehicleMsg)
2025-05-28 00:18:34,062 INFO  - Sent message to others cars = 'veh_20 | CartesianPoint{x=139.65,y=501.48,z=0.00}' (at simulation time 198.000,000,000 s)
2025-05-28 00:18:34,155 INFO  - Received event: 198000 (at simulation time IntraVehicleMsg)
2025-05-28 00:18:34,165 INFO  - Sent message to others cars = 'veh_20 | CartesianPoint{x=139.58,y=494.25,z=0.00}' (at simulation time 199.000,000,000 s)
2025-05-28 00:18:34,252 INFO  - Received event: 199000 (at simulation time IntraVehicleMsg)
2025-05-28 00:18:34,255 INFO  - Sent message to others cars = 'veh_20 | CartesianPoint{x=139.52,y=487.94,z=0.00}' (at simulation time 200.000,000,000 s)
2025-05-28 00:18:34,334 INFO  - Received event: 200000 (at simulation time IntraVehicleMsg)
2025-05-28 00:18:34,337 INFO  - Sent message to others cars = 'veh_20 | CartesianPoint{x=139.47,y=482.67,z=0.00}' (at simulation time 201.000,000,000 s)
2025-05-28 00:18:34,418 INFO  - Received event: 201000 (at simulation time IntraVehicleMsg)
2025-05-28 00:18:34,425 INFO  - Sent message to others cars = 'veh_20 | CartesianPoint{x=139.40,y=475.74,z=0.00}' (at simulation time 202.000,000,000 s)
2025-05-28 00:18:34,505 INFO  - Received event: 202000 (at simulation time IntraVehicleMsg)
2025-05-28 00:18:34,508 INFO  - Sent message to others cars = 'veh_20 | CartesianPoint{x=139.34,y=469.17,z=0.00}' (at simulation time 203.000,000,000 s)
2025-05-28 00:18:34,593 INFO  - Received event: 203000 (at simulation time IntraVehicleMsg)
2025-05-28 00:18:34,602 INFO  - Sent message to others cars = 'veh_20 | CartesianPoint{x=139.30,y=464.71,z=0.00}' (at simulation time 204.000,000,000 s)
2025-05-28 00:18:34,683 INFO  - Received event: 204000 (at simulation time IntraVehicleMsg)
2025-05-28 00:18:34,686 INFO  - Sent message to others cars = 'veh_20 | CartesianPoint{x=139.24,y=458.78,z=0.00}' (at simulation time 205.000,000,000 s)
2025-05-28 00:18:34,772 INFO  - Received event: 205000 (at simulation time IntraVehicleMsg)
2025-05-28 00:18:34,775 INFO  - Sent message to others cars = 'veh_20 | CartesianPoint{x=139.19,y=453.05,z=0.00}' (at simulation time 206.000,000,000 s)
2025-05-28 00:18:34,860 INFO  - Received event: 206000 (at simulation time IntraVehicleMsg)
2025-05-28 00:18:34,863 INFO  - Sent message to others cars = 'veh_20 | CartesianPoint{x=139.19,y=447.01,z=0.00}' (at simulation time 207.000,000,000 s)
2025-05-28 00:18:34,950 INFO  - Received event: 207000 (at simulation time IntraVehicleMsg)
2025-05-28 00:18:34,953 INFO  - Sent message to others cars = 'veh_20 | CartesianPoint{x=139.18,y=441.71,z=0.00}' (at simulation time 208.000,000,000 s)
2025-05-28 00:18:35,039 INFO  - Received event: 208000 (at simulation time IntraVehicleMsg)
2025-05-28 00:18:35,042 INFO  - Sent message to others cars = 'veh_20 | CartesianPoint{x=139.16,y=435.34,z=0.00}' (at simulation time 209.000,000,000 s)
2025-05-28 00:18:35,130 INFO  - Received event: 209000 (at simulation time IntraVehicleMsg)
2025-05-28 00:18:35,134 INFO  - Sent message to others cars = 'veh_20 | CartesianPoint{x=139.15,y=429.68,z=0.00}' (at simulation time 210.000,000,000 s)
2025-05-28 00:18:35,214 INFO  - Received event: 210000 (at simulation time IntraVehicleMsg)
2025-05-28 00:18:35,217 INFO  - Sent message to others cars = 'veh_20 | CartesianPoint{x=139.14,y=423.71,z=0.00}' (at simulation time 211.000,000,000 s)
2025-05-28 00:18:35,301 INFO  - Received event: 211000 (at simulation time IntraVehicleMsg)
2025-05-28 00:18:35,317 INFO  - Sent message to others cars = 'veh_20 | CartesianPoint{x=139.13,y=417.80,z=0.00}' (at simulation time 212.000,000,000 s)
2025-05-28 00:18:35,392 INFO  - Received event: 212000 (at simulation time IntraVehicleMsg)
2025-05-28 00:18:35,395 INFO  - Sent message to others cars = 'veh_20 | CartesianPoint{x=139.11,y=411.26,z=0.00}' (at simulation time 213.000,000,000 s)
2025-05-28 00:18:35,473 INFO  - Received event: 213000 (at simulation time IntraVehicleMsg)
2025-05-28 00:18:35,476 INFO  - Sent message to others cars = 'veh_20 | CartesianPoint{x=139.10,y=403.98,z=0.00}' (at simulation time 214.000,000,000 s)
2025-05-28 00:18:35,553 INFO  - Received event: 214000 (at simulation time IntraVehicleMsg)
2025-05-28 00:18:35,556 INFO  - Sent message to others cars = 'veh_20 | CartesianPoint{x=139.09,y=398.47,z=0.00}' (at simulation time 215.000,000,000 s)
2025-05-28 00:18:35,627 INFO  - Received event: 215000 (at simulation time IntraVehicleMsg)
2025-05-28 00:18:35,630 INFO  - Sent message to others cars = 'veh_20 | CartesianPoint{x=139.07,y=391.61,z=0.00}' (at simulation time 216.000,000,000 s)
2025-05-28 00:18:35,703 INFO  - Received event: 216000 (at simulation time IntraVehicleMsg)
2025-05-28 00:18:35,706 INFO  - Sent message to others cars = 'veh_20 | CartesianPoint{x=139.06,y=384.54,z=0.00}' (at simulation time 217.000,000,000 s)
2025-05-28 00:18:35,780 INFO  - Received event: 217000 (at simulation time IntraVehicleMsg)
2025-05-28 00:18:35,789 INFO  - Sent message to others cars = 'veh_20 | CartesianPoint{x=139.04,y=378.00,z=0.00}' (at simulation time 218.000,000,000 s)
2025-05-28 00:18:35,863 INFO  - Received event: 218000 (at simulation time IntraVehicleMsg)
2025-05-28 00:18:35,868 INFO  - Sent message to others cars = 'veh_20 | CartesianPoint{x=139.03,y=372.41,z=0.00}' (at simulation time 219.000,000,000 s)
2025-05-28 00:18:35,941 INFO  - Received event: 219000 (at simulation time IntraVehicleMsg)
2025-05-28 00:18:35,944 INFO  - Sent message to others cars = 'veh_20 | CartesianPoint{x=139.02,y=366.16,z=0.00}' (at simulation time 220.000,000,000 s)
2025-05-28 00:18:36,020 INFO  - Received event: 220000 (at simulation time IntraVehicleMsg)
2025-05-28 00:18:36,024 INFO  - Sent message to others cars = 'veh_20 | CartesianPoint{x=139.01,y=360.47,z=0.00}' (at simulation time 221.000,000,000 s)
2025-05-28 00:18:36,098 INFO  - Received event: 221000 (at simulation time IntraVehicleMsg)
2025-05-28 00:18:36,106 INFO  - Sent message to others cars = 'veh_20 | CartesianPoint{x=142.19,y=355.55,z=0.00}' (at simulation time 222.000,000,000 s)
2025-05-28 00:18:36,183 INFO  - Received event: 222000 (at simulation time IntraVehicleMsg)
2025-05-28 00:18:36,187 INFO  - Sent message to others cars = 'veh_20 | CartesianPoint{x=142.13,y=348.87,z=0.00}' (at simulation time 223.000,000,000 s)
2025-05-28 00:18:36,264 INFO  - Received event: 223000 (at simulation time IntraVehicleMsg)
2025-05-28 00:18:36,267 INFO  - Sent message to others cars = 'veh_20 | CartesianPoint{x=142.07,y=342.15,z=0.00}' (at simulation time 224.000,000,000 s)
2025-05-28 00:18:36,348 INFO  - Received event: 224000 (at simulation time IntraVehicleMsg)
2025-05-28 00:18:36,352 INFO  - Sent message to others cars = 'veh_20 | CartesianPoint{x=142.01,y=334.89,z=0.00}' (at simulation time 225.000,000,000 s)
2025-05-28 00:18:36,433 INFO  - Received event: 225000 (at simulation time IntraVehicleMsg)
2025-05-28 00:18:36,445 INFO  - Sent message to others cars = 'veh_20 | CartesianPoint{x=141.95,y=328.67,z=0.00}' (at simulation time 226.000,000,000 s)
2025-05-28 00:18:36,530 INFO  - Received event: 226000 (at simulation time IntraVehicleMsg)
2025-05-28 00:18:36,540 INFO  - Sent message to others cars = 'veh_20 | CartesianPoint{x=141.89,y=320.68,z=0.00}' (at simulation time 227.000,000,000 s)
2025-05-28 00:18:36,622 INFO  - Received event: 227000 (at simulation time IntraVehicleMsg)
2025-05-28 00:18:36,626 INFO  - Sent message to others cars = 'veh_20 | CartesianPoint{x=141.82,y=313.66,z=0.00}' (at simulation time 228.000,000,000 s)
2025-05-28 00:18:36,710 INFO  - Received event: 228000 (at simulation time IntraVehicleMsg)
2025-05-28 00:18:36,713 INFO  - Sent message to others cars = 'veh_20 | CartesianPoint{x=141.77,y=307.24,z=0.00}' (at simulation time 229.000,000,000 s)
2025-05-28 00:18:36,797 INFO  - Received event: 229000 (at simulation time IntraVehicleMsg)
2025-05-28 00:18:36,807 INFO  - Sent message to others cars = 'veh_20 | CartesianPoint{x=141.72,y=301.18,z=0.00}' (at simulation time 230.000,000,000 s)
2025-05-28 00:18:36,897 INFO  - Received event: 230000 (at simulation time IntraVehicleMsg)
2025-05-28 00:18:36,900 INFO  - Sent message to others cars = 'veh_20 | CartesianPoint{x=141.66,y=295.24,z=0.00}' (at simulation time 231.000,000,000 s)
2025-05-28 00:18:36,986 INFO  - Received event: 231000 (at simulation time IntraVehicleMsg)
2025-05-28 00:18:36,990 INFO  - Sent message to others cars = 'veh_20 | CartesianPoint{x=141.60,y=287.60,z=0.00}' (at simulation time 232.000,000,000 s)
2025-05-28 00:18:37,078 INFO  - Received event: 232000 (at simulation time IntraVehicleMsg)
2025-05-28 00:18:37,086 INFO  - Sent message to others cars = 'veh_20 | CartesianPoint{x=141.54,y=280.34,z=0.00}' (at simulation time 233.000,000,000 s)
2025-05-28 00:18:37,171 INFO  - Received event: 233000 (at simulation time IntraVehicleMsg)
2025-05-28 00:18:37,175 INFO  - Sent message to others cars = 'veh_20 | CartesianPoint{x=141.48,y=273.59,z=0.00}' (at simulation time 234.000,000,000 s)
2025-05-28 00:18:37,261 INFO  - Received event: 234000 (at simulation time IntraVehicleMsg)
2025-05-28 00:18:37,265 INFO  - Sent message to others cars = 'veh_20 | CartesianPoint{x=141.42,y=267.18,z=0.00}' (at simulation time 235.000,000,000 s)
2025-05-28 00:18:37,350 INFO  - Received event: 235000 (at simulation time IntraVehicleMsg)
2025-05-28 00:18:37,360 INFO  - Sent message to others cars = 'veh_20 | CartesianPoint{x=141.37,y=260.69,z=0.00}' (at simulation time 236.000,000,000 s)
2025-05-28 00:18:37,446 INFO  - Received event: 236000 (at simulation time IntraVehicleMsg)
2025-05-28 00:18:37,449 INFO  - Sent message to others cars = 'veh_20 | CartesianPoint{x=141.31,y=254.25,z=0.00}' (at simulation time 237.000,000,000 s)
2025-05-28 00:18:37,535 INFO  - Received event: 237000 (at simulation time IntraVehicleMsg)
2025-05-28 00:18:37,539 INFO  - Sent message to others cars = 'veh_20 | CartesianPoint{x=141.25,y=247.19,z=0.00}' (at simulation time 238.000,000,000 s)
2025-05-28 00:18:37,628 INFO  - Received event: 238000 (at simulation time IntraVehicleMsg)
2025-05-28 00:18:37,632 INFO  - Sent message to others cars = 'veh_20 | CartesianPoint{x=141.19,y=239.34,z=0.00}' (at simulation time 239.000,000,000 s)
2025-05-28 00:18:37,723 INFO  - Received event: 239000 (at simulation time IntraVehicleMsg)
2025-05-28 00:18:37,727 INFO  - Sent message to others cars = 'veh_20 | CartesianPoint{x=141.14,y=233.39,z=0.00}' (at simulation time 240.000,000,000 s)
2025-05-28 00:18:37,816 INFO  - Received event: 240000 (at simulation time IntraVehicleMsg)
2025-05-28 00:18:37,822 INFO  - Sent message to others cars = 'veh_20 | CartesianPoint{x=141.08,y=226.28,z=0.00}' (at simulation time 241.000,000,000 s)
2025-05-28 00:18:37,914 INFO  - Received event: 241000 (at simulation time IntraVehicleMsg)
2025-05-28 00:18:37,917 INFO  - Sent message to others cars = 'veh_20 | CartesianPoint{x=141.02,y=218.65,z=0.00}' (at simulation time 242.000,000,000 s)
2025-05-28 00:18:38,008 INFO  - Received event: 242000 (at simulation time IntraVehicleMsg)
2025-05-28 00:18:38,015 INFO  - Sent message to others cars = 'veh_20 | CartesianPoint{x=140.96,y=211.79,z=0.00}' (at simulation time 243.000,000,000 s)
2025-05-28 00:18:38,111 INFO  - Received event: 243000 (at simulation time IntraVehicleMsg)
2025-05-28 00:18:38,114 INFO  - Sent message to others cars = 'veh_20 | CartesianPoint{x=140.90,y=204.88,z=0.00}' (at simulation time 244.000,000,000 s)
2025-05-28 00:18:38,207 INFO  - Received event: 244000 (at simulation time IntraVehicleMsg)
2025-05-28 00:18:38,211 INFO  - Sent message to others cars = 'veh_20 | CartesianPoint{x=140.84,y=197.55,z=0.00}' (at simulation time 245.000,000,000 s)
2025-05-28 00:18:38,307 INFO  - Received event: 245000 (at simulation time IntraVehicleMsg)
2025-05-28 00:18:38,310 INFO  - Sent message to others cars = 'veh_20 | CartesianPoint{x=140.78,y=189.41,z=0.00}' (at simulation time 246.000,000,000 s)
2025-05-28 00:18:38,407 INFO  - Received event: 246000 (at simulation time IntraVehicleMsg)
2025-05-28 00:18:38,415 INFO  - Sent message to others cars = 'veh_20 | CartesianPoint{x=140.72,y=182.50,z=0.00}' (at simulation time 247.000,000,000 s)
2025-05-28 00:18:38,513 INFO  - Received event: 247000 (at simulation time IntraVehicleMsg)
2025-05-28 00:18:38,521 INFO  - Sent message to others cars = 'veh_20 | CartesianPoint{x=140.66,y=175.08,z=0.00}' (at simulation time 248.000,000,000 s)
2025-05-28 00:18:38,622 INFO  - Received event: 248000 (at simulation time IntraVehicleMsg)
2025-05-28 00:18:38,625 INFO  - Sent message to others cars = 'veh_20 | CartesianPoint{x=140.60,y=168.30,z=0.00}' (at simulation time 249.000,000,000 s)
2025-05-28 00:18:38,724 INFO  - Received event: 249000 (at simulation time IntraVehicleMsg)
2025-05-28 00:18:38,728 INFO  - Sent message to others cars = 'veh_20 | CartesianPoint{x=140.55,y=161.96,z=0.00}' (at simulation time 250.000,000,000 s)
2025-05-28 00:18:38,827 INFO  - Received event: 250000 (at simulation time IntraVehicleMsg)
2025-05-28 00:18:38,831 INFO  - Sent message to others cars = 'veh_20 | CartesianPoint{x=140.49,y=154.95,z=0.00}' (at simulation time 251.000,000,000 s)
2025-05-28 00:18:38,928 INFO  - Received event: 251000 (at simulation time IntraVehicleMsg)
2025-05-28 00:18:38,932 INFO  - Sent message to others cars = 'veh_20 | CartesianPoint{x=140.43,y=147.88,z=0.00}' (at simulation time 252.000,000,000 s)
2025-05-28 00:18:39,036 INFO  - Received event: 252000 (at simulation time IntraVehicleMsg)
2025-05-28 00:18:39,043 INFO  - Sent message to others cars = 'veh_20 | CartesianPoint{x=140.38,y=141.37,z=0.00}' (at simulation time 253.000,000,000 s)
2025-05-28 00:18:39,148 INFO  - Received event: 253000 (at simulation time IntraVehicleMsg)
2025-05-28 00:18:39,152 INFO  - Sent message to others cars = 'veh_20 | CartesianPoint{x=140.38,y=134.62,z=0.00}' (at simulation time 254.000,000,000 s)
2025-05-28 00:18:39,258 INFO  - Received event: 254000 (at simulation time IntraVehicleMsg)
2025-05-28 00:18:39,264 INFO  - Sent message to others cars = 'veh_20 | CartesianPoint{x=140.42,y=128.32,z=0.00}' (at simulation time 255.000,000,000 s)
2025-05-28 00:18:39,372 INFO  - Received event: 255000 (at simulation time IntraVehicleMsg)
2025-05-28 00:18:39,376 INFO  - Sent message to others cars = 'veh_20 | CartesianPoint{x=140.46,y=120.42,z=0.00}' (at simulation time 256.000,000,000 s)
2025-05-28 00:18:39,485 INFO  - Received event: 256000 (at simulation time IntraVehicleMsg)
2025-05-28 00:18:39,489 INFO  - Sent message to others cars = 'veh_20 | CartesianPoint{x=140.50,y=113.77,z=0.00}' (at simulation time 257.000,000,000 s)
2025-05-28 00:18:39,598 INFO  - Received event: 257000 (at simulation time IntraVehicleMsg)
2025-05-28 00:18:39,601 INFO  - Sent message to others cars = 'veh_20 | CartesianPoint{x=140.54,y=106.24,z=0.00}' (at simulation time 258.000,000,000 s)
2025-05-28 00:18:39,713 INFO  - Received event: 258000 (at simulation time IntraVehicleMsg)
2025-05-28 00:18:39,716 INFO  - Sent message to others cars = 'veh_20 | CartesianPoint{x=140.58,y=99.01,z=0.00}' (at simulation time 259.000,000,000 s)
2025-05-28 00:18:39,838 INFO  - Received event: 259000 (at simulation time IntraVehicleMsg)
2025-05-28 00:18:39,844 INFO  - Sent message to others cars = 'veh_20 | CartesianPoint{x=140.62,y=91.78,z=0.00}' (at simulation time 260.000,000,000 s)
2025-05-28 00:18:39,956 INFO  - Received event: 260000 (at simulation time IntraVehicleMsg)
2025-05-28 00:18:39,959 INFO  - Sent message to others cars = 'veh_20 | CartesianPoint{x=140.66,y=85.18,z=0.00}' (at simulation time 261.000,000,000 s)
2025-05-28 00:18:40,074 INFO  - Received event: 261000 (at simulation time IntraVehicleMsg)
2025-05-28 00:18:40,078 INFO  - Sent message to others cars = 'veh_20 | CartesianPoint{x=140.69,y=77.95,z=0.00}' (at simulation time 262.000,000,000 s)
2025-05-28 00:18:40,194 INFO  - Received event: 262000 (at simulation time IntraVehicleMsg)
2025-05-28 00:18:40,197 INFO  - Sent message to others cars = 'veh_20 | CartesianPoint{x=143.62,y=71.80,z=0.00}' (at simulation time 263.000,000,000 s)
2025-05-28 00:18:40,304 INFO  - Received event: 263000 (at simulation time IntraVehicleMsg)
2025-05-28 00:18:40,312 INFO  - Sent message to others cars = 'veh_20 | CartesianPoint{x=147.44,y=66.85,z=0.00}' (at simulation time 264.000,000,000 s)
2025-05-28 00:18:40,423 INFO  - Received event: 264000 (at simulation time IntraVehicleMsg)
2025-05-28 00:18:40,426 INFO  - Sent message to others cars = 'veh_20 | CartesianPoint{x=149.06,y=60.95,z=0.00}' (at simulation time 265.000,000,000 s)
2025-05-28 00:18:40,539 INFO  - Received event: 265000 (at simulation time IntraVehicleMsg)
2025-05-28 00:18:40,542 INFO  - Sent message to others cars = 'veh_20 | CartesianPoint{x=154.75,y=55.39,z=0.00}' (at simulation time 266.000,000,000 s)
2025-05-28 00:18:40,654 INFO  - Received event: 266000 (at simulation time IntraVehicleMsg)
2025-05-28 00:18:40,657 INFO  - Sent message to others cars = 'veh_20 | CartesianPoint{x=159.95,y=49.67,z=0.00}' (at simulation time 267.000,000,000 s)
2025-05-28 00:18:40,773 INFO  - Received event: 267000 (at simulation time IntraVehicleMsg)
2025-05-28 00:18:40,777 INFO  - Sent message to others cars = 'veh_20 | CartesianPoint{x=165.26,y=43.83,z=0.00}' (at simulation time 268.000,000,000 s)
2025-05-28 00:18:40,894 INFO  - Received event: 268000 (at simulation time IntraVehicleMsg)
2025-05-28 00:18:40,898 INFO  - Sent message to others cars = 'veh_20 | CartesianPoint{x=169.89,y=38.74,z=0.00}' (at simulation time 269.000,000,000 s)
2025-05-28 00:18:41,008 INFO  - Received event: 269000 (at simulation time IntraVehicleMsg)
2025-05-28 00:18:41,017 INFO  - Sent message to others cars = 'veh_20 | CartesianPoint{x=173.74,y=34.50,z=0.00}' (at simulation time 270.000,000,000 s)
2025-05-28 00:18:41,113 INFO  - Received event: 270000 (at simulation time IntraVehicleMsg)
2025-05-28 00:18:41,116 INFO  - Sent message to others cars = 'veh_20 | CartesianPoint{x=178.86,y=28.88,z=0.00}' (at simulation time 271.000,000,000 s)
2025-05-28 00:18:41,217 INFO  - Received event: 271000 (at simulation time IntraVehicleMsg)
2025-05-28 00:18:41,221 INFO  - Sent message to others cars = 'veh_20 | CartesianPoint{x=183.09,y=24.22,z=0.00}' (at simulation time 272.000,000,000 s)
2025-05-28 00:18:41,317 INFO  - Received event: 272000 (at simulation time IntraVehicleMsg)
2025-05-28 00:18:41,320 INFO  - Sent message to others cars = 'veh_20 | CartesianPoint{x=187.33,y=19.56,z=0.00}' (at simulation time 273.000,000,000 s)
2025-05-28 00:18:41,420 INFO  - Received event: 273000 (at simulation time IntraVehicleMsg)
2025-05-28 00:18:41,428 INFO  - Sent message to others cars = 'veh_20 | CartesianPoint{x=191.11,y=15.40,z=0.00}' (at simulation time 274.000,000,000 s)
2025-05-28 00:18:41,534 INFO  - Received event: 274000 (at simulation time IntraVehicleMsg)
2025-05-28 00:18:41,538 INFO  - Sent message to others cars = 'veh_20 | CartesianPoint{x=194.40,y=10.81,z=0.00}' (at simulation time 275.000,000,000 s)
2025-05-28 00:18:41,629 INFO  - Received event: 275000 (at simulation time IntraVehicleMsg)
2025-05-28 00:18:41,632 INFO  - Sent message to others cars = 'veh_20 | CartesianPoint{x=196.17,y=3.49,z=0.00}' (at simulation time 276.000,000,000 s)
2025-05-28 00:18:41,727 INFO  - Received event: 276000 (at simulation time IntraVehicleMsg)
2025-05-28 00:18:41,731 INFO  - ------------------------------------------------------------------------------------- (at simulation time 277.000,000,000 s)
2025-05-28 00:18:41,731 INFO  - Shutdown application (at simulation time 277.000,000,000 s)
2025-05-28 00:18:41,731 INFO  - ------------------------------------------------------------------------------------- (at simulation time 277.000,000,000 s)
