2025-06-04 14:59:28,446 INFO  - Initialize veh_79 application (at simulation time 408.000,000,000 s)
2025-06-04 14:59:28,447 INFO  - Sent InterVehicleMsg: veh_79 | CartesianPoint{x=-0.00,y=532.14,z=0.00} | {:.2f} m/s (at simulation time 8.100692367585609)
2025-06-04 14:59:28,460 INFO  - Sent InterVehicleMsg: veh_79 | CartesianPoint{x=6.95,y=532.12,z=0.00} | {:.2f} m/s (at simulation time 6.9453390301757025)
2025-06-04 14:59:28,471 INFO  - Sent InterVehicleMsg: veh_79 | CartesianPoint{x=14.14,y=532.10,z=0.00} | {:.2f} m/s (at simulation time 7.19298186063231)
2025-06-04 14:59:28,481 INFO  - Sent InterVehicleMsg: veh_79 | CartesianPoint{x=21.67,y=532.08,z=0.00} | {:.2f} m/s (at simulation time 7.534334347661817)
2025-06-04 14:59:28,491 INFO  - Sent InterVehicleMsg: veh_79 | CartesianPoint{x=29.56,y=532.05,z=0.00} | {:.2f} m/s (at simulation time 7.891323710614117)
2025-06-04 14:59:28,503 INFO  - Sent InterVehicleMsg: veh_79 | CartesianPoint{x=37.20,y=532.03,z=0.00} | {:.2f} m/s (at simulation time 7.635202688685851)
2025-06-04 14:59:28,514 INFO  - Sent InterVehicleMsg: veh_79 | CartesianPoint{x=45.01,y=532.09,z=0.00} | {:.2f} m/s (at simulation time 7.8080474673623685)
2025-06-04 14:59:28,525 INFO  - Sent InterVehicleMsg: veh_79 | CartesianPoint{x=52.91,y=532.14,z=0.00} | {:.2f} m/s (at simulation time 7.901269028181443)
2025-06-04 14:59:28,536 INFO  - Sent InterVehicleMsg: veh_79 | CartesianPoint{x=59.94,y=532.19,z=0.00} | {:.2f} m/s (at simulation time 7.029170305011095)
2025-06-04 14:59:28,545 INFO  - Sent InterVehicleMsg: veh_79 | CartesianPoint{x=67.98,y=532.22,z=0.00} | {:.2f} m/s (at simulation time 8.03746506495797)
2025-06-04 14:59:28,558 INFO  - Sent InterVehicleMsg: veh_79 | CartesianPoint{x=75.35,y=532.23,z=0.00} | {:.2f} m/s (at simulation time 7.370366422491381)
2025-06-04 14:59:28,566 INFO  - Sent InterVehicleMsg: veh_79 | CartesianPoint{x=82.50,y=532.25,z=0.00} | {:.2f} m/s (at simulation time 7.148882501092041)
2025-06-04 14:59:28,575 INFO  - Sent InterVehicleMsg: veh_79 | CartesianPoint{x=89.30,y=532.23,z=0.00} | {:.2f} m/s (at simulation time 6.8051339632452)
2025-06-04 14:59:28,583 INFO  - Sent InterVehicleMsg: veh_79 | CartesianPoint{x=96.59,y=532.14,z=0.00} | {:.2f} m/s (at simulation time 7.293071459708036)
2025-06-04 14:59:28,646 INFO  - Sent InterVehicleMsg: veh_79 | CartesianPoint{x=104.44,y=532.04,z=0.00} | {:.2f} m/s (at simulation time 7.847223354954505)
2025-06-04 14:59:28,655 INFO  - Sent InterVehicleMsg: veh_79 | CartesianPoint{x=111.38,y=531.95,z=0.00} | {:.2f} m/s (at simulation time 6.935777273340383)
2025-06-04 14:59:28,663 INFO  - Sent InterVehicleMsg: veh_79 | CartesianPoint{x=119.38,y=531.85,z=0.00} | {:.2f} m/s (at simulation time 7.998959250291111)
2025-06-04 14:59:28,669 INFO  - Sent InterVehicleMsg: veh_79 | CartesianPoint{x=124.43,y=531.79,z=0.00} | {:.2f} m/s (at simulation time 5.054185910678005)
2025-06-04 14:59:28,676 INFO  - Sent InterVehicleMsg: veh_79 | CartesianPoint{x=126.70,y=531.76,z=0.00} | {:.2f} m/s (at simulation time 2.26686635459156)
2025-06-04 14:59:28,682 INFO  - Sent InterVehicleMsg: veh_79 | CartesianPoint{x=126.81,y=531.76,z=0.00} | {:.2f} m/s (at simulation time 0.1178278723834903)
2025-06-04 14:59:28,692 INFO  - Sent InterVehicleMsg: veh_79 | CartesianPoint{x=126.83,y=531.75,z=0.00} | {:.2f} m/s (at simulation time 0.01943369112545675)
2025-06-04 14:59:28,698 INFO  - Sent InterVehicleMsg: veh_79 | CartesianPoint{x=126.84,y=531.75,z=0.00} | {:.2f} m/s (at simulation time 0.004390473577369163)
2025-06-04 14:59:28,702 INFO  - Sent InterVehicleMsg: veh_79 | CartesianPoint{x=126.84,y=531.75,z=0.00} | {:.2f} m/s (at simulation time 5.050372584433777E-4)
2025-06-04 14:59:28,707 INFO  - Sent InterVehicleMsg: veh_79 | CartesianPoint{x=126.84,y=531.75,z=0.00} | {:.2f} m/s (at simulation time 2.0397467466344848E-4)
2025-06-04 14:59:28,971 INFO  - Sent InterVehicleMsg: veh_79 | CartesianPoint{x=128.58,y=531.73,z=0.00} | {:.2f} m/s (at simulation time 1.738996240502923)
2025-06-04 14:59:28,978 INFO  - Sent InterVehicleMsg: veh_79 | CartesianPoint{x=131.86,y=531.69,z=0.00} | {:.2f} m/s (at simulation time 3.285690713767646)
2025-06-04 14:59:28,987 INFO  - Sent InterVehicleMsg: veh_79 | CartesianPoint{x=136.07,y=531.65,z=0.00} | {:.2f} m/s (at simulation time 4.208710639271883)
2025-06-04 14:59:29,052 INFO  - Sent InterVehicleMsg: veh_79 | CartesianPoint{x=142.80,y=531.60,z=0.00} | {:.2f} m/s (at simulation time 6.750210774969307)
2025-06-04 14:59:29,064 INFO  - Sent InterVehicleMsg: veh_79 | CartesianPoint{x=149.24,y=531.56,z=0.00} | {:.2f} m/s (at simulation time 6.44801861887756)
2025-06-04 14:59:29,072 INFO  - Sent InterVehicleMsg: veh_79 | CartesianPoint{x=155.82,y=531.61,z=0.00} | {:.2f} m/s (at simulation time 6.58138923260341)
2025-06-04 14:59:29,079 INFO  - Sent InterVehicleMsg: veh_79 | CartesianPoint{x=163.43,y=531.66,z=0.00} | {:.2f} m/s (at simulation time 7.615009772041114)
2025-06-04 14:59:29,087 INFO  - Sent InterVehicleMsg: veh_79 | CartesianPoint{x=171.05,y=531.71,z=0.00} | {:.2f} m/s (at simulation time 7.619263429552549)
2025-06-04 14:59:29,094 INFO  - Sent InterVehicleMsg: veh_79 | CartesianPoint{x=178.96,y=531.77,z=0.00} | {:.2f} m/s (at simulation time 7.912234845952364)
2025-06-04 14:59:29,102 INFO  - Sent InterVehicleMsg: veh_79 | CartesianPoint{x=186.53,y=531.82,z=0.00} | {:.2f} m/s (at simulation time 7.570749194928678)
2025-06-04 14:59:29,110 INFO  - Sent InterVehicleMsg: veh_79 | CartesianPoint{x=194.53,y=531.88,z=0.00} | {:.2f} m/s (at simulation time 7.9947671799130156)
2025-06-04 14:59:29,118 INFO  - Sent InterVehicleMsg: veh_79 | CartesianPoint{x=201.02,y=531.92,z=0.00} | {:.2f} m/s (at simulation time 6.495392003997547)
2025-06-04 14:59:29,127 INFO  - Sent InterVehicleMsg: veh_79 | CartesianPoint{x=205.62,y=531.96,z=0.00} | {:.2f} m/s (at simulation time 4.602814926885724)
2025-06-04 14:59:29,136 INFO  - Sent InterVehicleMsg: veh_79 | CartesianPoint{x=212.39,y=532.00,z=0.00} | {:.2f} m/s (at simulation time 6.770629238759823)
2025-06-04 14:59:29,145 INFO  - Sent InterVehicleMsg: veh_79 | CartesianPoint{x=219.54,y=532.03,z=0.00} | {:.2f} m/s (at simulation time 7.143732455427991)
2025-06-04 14:59:29,159 INFO  - Sent InterVehicleMsg: veh_79 | CartesianPoint{x=227.20,y=532.04,z=0.00} | {:.2f} m/s (at simulation time 7.650335644147591)
2025-06-04 14:59:29,168 INFO  - Sent InterVehicleMsg: veh_79 | CartesianPoint{x=234.43,y=532.03,z=0.00} | {:.2f} m/s (at simulation time 7.2269755092302805)
2025-06-04 14:59:29,176 INFO  - Sent InterVehicleMsg: veh_79 | CartesianPoint{x=242.41,y=532.02,z=0.00} | {:.2f} m/s (at simulation time 7.975743585437769)
2025-06-04 14:59:29,185 INFO  - Sent InterVehicleMsg: veh_79 | CartesianPoint{x=249.39,y=532.00,z=0.00} | {:.2f} m/s (at simulation time 6.979470449554967)
2025-06-04 14:59:29,252 INFO  - Sent InterVehicleMsg: veh_79 | CartesianPoint{x=256.53,y=531.99,z=0.00} | {:.2f} m/s (at simulation time 7.137416531526716)
2025-06-04 14:59:29,262 INFO  - Sent InterVehicleMsg: veh_79 | CartesianPoint{x=263.35,y=531.98,z=0.00} | {:.2f} m/s (at simulation time 6.823058889829961)
2025-06-04 14:59:29,271 INFO  - Sent InterVehicleMsg: veh_79 | CartesianPoint{x=270.74,y=531.96,z=0.00} | {:.2f} m/s (at simulation time 7.392564082736382)
2025-06-04 14:59:29,282 INFO  - Sent InterVehicleMsg: veh_79 | CartesianPoint{x=277.91,y=531.95,z=0.00} | {:.2f} m/s (at simulation time 7.1684601534709795)
2025-06-04 14:59:29,294 INFO  - Sent InterVehicleMsg: veh_79 | CartesianPoint{x=285.19,y=531.95,z=0.00} | {:.2f} m/s (at simulation time 7.279346718251938)
2025-06-04 14:59:29,304 INFO  - Sent InterVehicleMsg: veh_79 | CartesianPoint{x=292.20,y=531.94,z=0.00} | {:.2f} m/s (at simulation time 7.010504264315073)
2025-06-04 14:59:29,318 INFO  - Sent InterVehicleMsg: veh_79 | CartesianPoint{x=299.02,y=531.93,z=0.00} | {:.2f} m/s (at simulation time 6.821217848218505)
2025-06-04 14:59:29,328 INFO  - Sent InterVehicleMsg: veh_79 | CartesianPoint{x=306.24,y=531.92,z=0.00} | {:.2f} m/s (at simulation time 7.217267403061735)
2025-06-04 14:59:29,338 INFO  - Sent InterVehicleMsg: veh_79 | CartesianPoint{x=313.20,y=531.91,z=0.00} | {:.2f} m/s (at simulation time 6.9630520415811334)
2025-06-04 14:59:29,346 INFO  - Sent InterVehicleMsg: veh_79 | CartesianPoint{x=320.53,y=531.90,z=0.00} | {:.2f} m/s (at simulation time 7.324489229041385)
2025-06-04 14:59:29,355 INFO  - Sent InterVehicleMsg: veh_79 | CartesianPoint{x=328.14,y=531.90,z=0.00} | {:.2f} m/s (at simulation time 7.616630652834894)
2025-06-04 14:59:29,363 INFO  - Sent InterVehicleMsg: veh_79 | CartesianPoint{x=336.01,y=531.89,z=0.00} | {:.2f} m/s (at simulation time 7.867888636173913)
2025-06-04 14:59:29,370 INFO  - Sent InterVehicleMsg: veh_79 | CartesianPoint{x=343.47,y=531.88,z=0.00} | {:.2f} m/s (at simulation time 7.457935039637843)
2025-06-04 14:59:29,377 INFO  - Shutdown application (at simulation time 497.000,000,000 s)
