2025-05-28 00:19:34,931 INFO  - ------------------------------------------------------------------------------------- (at simulation time 27.000,000,000 s)
2025-05-28 00:19:34,931 INFO  - Initialize veh_5 application (at simulation time 27.000,000,000 s)
2025-05-28 00:19:34,931 INFO  - Activated AdHoc Module (at simulation time 27.000,000,000 s)
2025-05-28 00:19:34,931 INFO  - ------------------------------------------------------------------------------------- (at simulation time 27.000,000,000 s)
2025-05-28 00:19:34,933 INFO  - Sent message to others cars = 'veh_5 | CartesianPoint{x=-0.01,y=528.94,z=0.00}' (at simulation time 27.000,000,000 s)
2025-05-28 00:19:34,944 INFO  - Received event: 27000 (at simulation time IntraVehicleMsg)
2025-05-28 00:19:34,947 INFO  - Sent message to others cars = 'veh_5 | CartesianPoint{x=8.20,y=528.92,z=0.00}' (at simulation time 28.000,000,000 s)
2025-05-28 00:19:34,958 INFO  - Received event: 28000 (at simulation time IntraVehicleMsg)
2025-05-28 00:19:34,961 INFO  - Sent message to others cars = 'veh_5 | CartesianPoint{x=16.28,y=528.89,z=0.00}' (at simulation time 29.000,000,000 s)
2025-05-28 00:19:34,973 INFO  - Received event: 29000 (at simulation time IntraVehicleMsg)
2025-05-28 00:19:34,977 INFO  - Sent message to others cars = 'veh_5 | CartesianPoint{x=24.25,y=528.87,z=0.00}' (at simulation time 30.000,000,000 s)
2025-05-28 00:19:34,990 INFO  - Received event: 30000 (at simulation time IntraVehicleMsg)
2025-05-28 00:19:34,993 INFO  - Sent message to others cars = 'veh_5 | CartesianPoint{x=32.60,y=528.84,z=0.00}' (at simulation time 31.000,000,000 s)
2025-05-28 00:19:35,009 INFO  - Received event: 31000 (at simulation time IntraVehicleMsg)
2025-05-28 00:19:35,017 INFO  - Sent message to others cars = 'veh_5 | CartesianPoint{x=40.50,y=528.85,z=0.00}' (at simulation time 32.000,000,000 s)
2025-05-28 00:19:35,031 INFO  - Received event: 32000 (at simulation time IntraVehicleMsg)
2025-05-28 00:19:35,033 INFO  - Sent message to others cars = 'veh_5 | CartesianPoint{x=49.13,y=528.92,z=0.00}' (at simulation time 33.000,000,000 s)
2025-05-28 00:19:35,048 INFO  - Received event: 33000 (at simulation time IntraVehicleMsg)
2025-05-28 00:19:35,050 INFO  - Sent message to others cars = 'veh_5 | CartesianPoint{x=58.13,y=528.98,z=0.00}' (at simulation time 34.000,000,000 s)
2025-05-28 00:19:35,064 INFO  - Received event: 34000 (at simulation time IntraVehicleMsg)
2025-05-28 00:19:35,067 INFO  - Sent message to others cars = 'veh_5 | CartesianPoint{x=66.04,y=529.01,z=0.00}' (at simulation time 35.000,000,000 s)
2025-05-28 00:19:35,080 INFO  - Received event: 35000 (at simulation time IntraVehicleMsg)
2025-05-28 00:19:35,083 INFO  - Sent message to others cars = 'veh_5 | CartesianPoint{x=74.51,y=529.03,z=0.00}' (at simulation time 36.000,000,000 s)
2025-05-28 00:19:35,099 INFO  - Received event: 36000 (at simulation time IntraVehicleMsg)
2025-05-28 00:19:35,117 INFO  - Sent message to others cars = 'veh_5 | CartesianPoint{x=82.81,y=529.05,z=0.00}' (at simulation time 37.000,000,000 s)
2025-05-28 00:19:35,129 INFO  - Received event: 37000 (at simulation time IntraVehicleMsg)
2025-05-28 00:19:35,131 INFO  - Sent message to others cars = 'veh_5 | CartesianPoint{x=91.14,y=529.01,z=0.00}' (at simulation time 38.000,000,000 s)
2025-05-28 00:19:35,144 INFO  - Received event: 38000 (at simulation time IntraVehicleMsg)
2025-05-28 00:19:35,147 INFO  - Sent message to others cars = 'veh_5 | CartesianPoint{x=100.13,y=528.89,z=0.00}' (at simulation time 39.000,000,000 s)
2025-05-28 00:19:35,160 INFO  - Received event: 39000 (at simulation time IntraVehicleMsg)
2025-05-28 00:19:35,164 INFO  - Sent message to others cars = 'veh_5 | CartesianPoint{x=107.91,y=528.79,z=0.00}' (at simulation time 40.000,000,000 s)
2025-05-28 00:19:35,181 INFO  - Received event: 40000 (at simulation time IntraVehicleMsg)
2025-05-28 00:19:35,183 INFO  - Sent message to others cars = 'veh_5 | CartesianPoint{x=116.69,y=528.68,z=0.00}' (at simulation time 41.000,000,000 s)
2025-05-28 00:19:35,199 INFO  - Received event: 41000 (at simulation time IntraVehicleMsg)
2025-05-28 00:19:35,205 INFO  - Sent message to others cars = 'veh_5 | CartesianPoint{x=123.39,y=528.60,z=0.00}' (at simulation time 42.000,000,000 s)
2025-05-28 00:19:35,217 INFO  - Received event: 42000 (at simulation time IntraVehicleMsg)
2025-05-28 00:19:35,219 INFO  - Sent message to others cars = 'veh_5 | CartesianPoint{x=126.17,y=528.56,z=0.00}' (at simulation time 43.000,000,000 s)
2025-05-28 00:19:35,232 INFO  - Received event: 43000 (at simulation time IntraVehicleMsg)
2025-05-28 00:19:35,234 INFO  - Sent message to others cars = 'veh_5 | CartesianPoint{x=126.69,y=528.56,z=0.00}' (at simulation time 44.000,000,000 s)
2025-05-28 00:19:35,249 INFO  - Received event: 44000 (at simulation time IntraVehicleMsg)
2025-05-28 00:19:35,257 INFO  - Sent message to others cars = 'veh_5 | CartesianPoint{x=126.75,y=528.56,z=0.00}' (at simulation time 45.000,000,000 s)
2025-05-28 00:19:35,269 INFO  - Received event: 45000 (at simulation time IntraVehicleMsg)
2025-05-28 00:19:35,272 INFO  - Sent message to others cars = 'veh_5 | CartesianPoint{x=126.79,y=528.55,z=0.00}' (at simulation time 46.000,000,000 s)
2025-05-28 00:19:35,285 INFO  - Received event: 46000 (at simulation time IntraVehicleMsg)
2025-05-28 00:19:35,288 INFO  - Sent message to others cars = 'veh_5 | CartesianPoint{x=126.80,y=528.55,z=0.00}' (at simulation time 47.000,000,000 s)
2025-05-28 00:19:35,302 INFO  - Received event: 47000 (at simulation time IntraVehicleMsg)
2025-05-28 00:19:35,310 INFO  - Sent message to others cars = 'veh_5 | CartesianPoint{x=126.80,y=528.55,z=0.00}' (at simulation time 48.000,000,000 s)
2025-05-28 00:19:35,325 INFO  - Received event: 48000 (at simulation time IntraVehicleMsg)
2025-05-28 00:19:35,327 INFO  - Sent message to others cars = 'veh_5 | CartesianPoint{x=126.80,y=528.55,z=0.00}' (at simulation time 49.000,000,000 s)
2025-05-28 00:19:35,343 INFO  - Received event: 49000 (at simulation time IntraVehicleMsg)
2025-05-28 00:19:35,351 INFO  - Sent message to others cars = 'veh_5 | CartesianPoint{x=126.80,y=528.55,z=0.00}' (at simulation time 50.000,000,000 s)
2025-05-28 00:19:35,366 INFO  - Received event: 50000 (at simulation time IntraVehicleMsg)
2025-05-28 00:19:35,369 INFO  - Sent message to others cars = 'veh_5 | CartesianPoint{x=126.80,y=528.55,z=0.00}' (at simulation time 51.000,000,000 s)
2025-05-28 00:19:35,385 INFO  - Received event: 51000 (at simulation time IntraVehicleMsg)
2025-05-28 00:19:35,388 INFO  - Sent message to others cars = 'veh_5 | CartesianPoint{x=126.80,y=528.55,z=0.00}' (at simulation time 52.000,000,000 s)
2025-05-28 00:19:35,405 INFO  - Received event: 52000 (at simulation time IntraVehicleMsg)
2025-05-28 00:19:35,408 INFO  - Sent message to others cars = 'veh_5 | CartesianPoint{x=126.80,y=528.55,z=0.00}' (at simulation time 53.000,000,000 s)
2025-05-28 00:19:35,425 INFO  - Received event: 53000 (at simulation time IntraVehicleMsg)
2025-05-28 00:19:35,431 INFO  - Sent message to others cars = 'veh_5 | CartesianPoint{x=126.80,y=528.55,z=0.00}' (at simulation time 54.000,000,000 s)
2025-05-28 00:19:35,449 INFO  - Received event: 54000 (at simulation time IntraVehicleMsg)
2025-05-28 00:19:35,454 INFO  - Sent message to others cars = 'veh_5 | CartesianPoint{x=126.80,y=528.55,z=0.00}' (at simulation time 55.000,000,000 s)
2025-05-28 00:19:35,472 INFO  - Received event: 55000 (at simulation time IntraVehicleMsg)
2025-05-28 00:19:35,476 INFO  - Sent message to others cars = 'veh_5 | CartesianPoint{x=126.80,y=528.55,z=0.00}' (at simulation time 56.000,000,000 s)
2025-05-28 00:19:35,494 INFO  - Received event: 56000 (at simulation time IntraVehicleMsg)
2025-05-28 00:19:35,497 INFO  - Sent message to others cars = 'veh_5 | CartesianPoint{x=126.80,y=528.55,z=0.00}' (at simulation time 57.000,000,000 s)
2025-05-28 00:19:35,516 INFO  - Received event: 57000 (at simulation time IntraVehicleMsg)
2025-05-28 00:19:35,524 INFO  - Sent message to others cars = 'veh_5 | CartesianPoint{x=126.80,y=528.55,z=0.00}' (at simulation time 58.000,000,000 s)
2025-05-28 00:19:35,545 INFO  - Received event: 58000 (at simulation time IntraVehicleMsg)
2025-05-28 00:19:35,548 INFO  - Sent message to others cars = 'veh_5 | CartesianPoint{x=126.80,y=528.55,z=0.00}' (at simulation time 59.000,000,000 s)
2025-05-28 00:19:35,568 INFO  - Received event: 59000 (at simulation time IntraVehicleMsg)
2025-05-28 00:19:35,573 INFO  - Sent message to others cars = 'veh_5 | CartesianPoint{x=126.80,y=528.55,z=0.00}' (at simulation time 60.000,000,000 s)
2025-05-28 00:19:35,595 INFO  - Received event: 60000 (at simulation time IntraVehicleMsg)
2025-05-28 00:19:35,598 INFO  - Sent message to others cars = 'veh_5 | CartesianPoint{x=126.80,y=528.55,z=0.00}' (at simulation time 61.000,000,000 s)
2025-05-28 00:19:35,619 INFO  - Received event: 61000 (at simulation time IntraVehicleMsg)
2025-05-28 00:19:35,622 INFO  - Sent message to others cars = 'veh_5 | CartesianPoint{x=126.80,y=528.55,z=0.00}' (at simulation time 62.000,000,000 s)
2025-05-28 00:19:35,645 INFO  - Received event: 62000 (at simulation time IntraVehicleMsg)
2025-05-28 00:19:35,651 INFO  - Sent message to others cars = 'veh_5 | CartesianPoint{x=126.80,y=528.55,z=0.00}' (at simulation time 63.000,000,000 s)
2025-05-28 00:19:35,676 INFO  - Received event: 63000 (at simulation time IntraVehicleMsg)
2025-05-28 00:19:35,689 INFO  - Sent message to others cars = 'veh_5 | CartesianPoint{x=126.80,y=528.55,z=0.00}' (at simulation time 64.000,000,000 s)
2025-05-28 00:19:35,713 INFO  - Received event: 64000 (at simulation time IntraVehicleMsg)
2025-05-28 00:19:35,717 INFO  - Sent message to others cars = 'veh_5 | CartesianPoint{x=126.80,y=528.55,z=0.00}' (at simulation time 65.000,000,000 s)
2025-05-28 00:19:35,740 INFO  - Received event: 65000 (at simulation time IntraVehicleMsg)
2025-05-28 00:19:35,743 INFO  - Sent message to others cars = 'veh_5 | CartesianPoint{x=126.80,y=528.55,z=0.00}' (at simulation time 66.000,000,000 s)
2025-05-28 00:19:35,767 INFO  - Received event: 66000 (at simulation time IntraVehicleMsg)
2025-05-28 00:19:35,770 INFO  - Sent message to others cars = 'veh_5 | CartesianPoint{x=126.80,y=528.55,z=0.00}' (at simulation time 67.000,000,000 s)
2025-05-28 00:19:35,794 INFO  - Received event: 67000 (at simulation time IntraVehicleMsg)
2025-05-28 00:19:35,803 INFO  - Sent message to others cars = 'veh_5 | CartesianPoint{x=126.80,y=528.55,z=0.00}' (at simulation time 68.000,000,000 s)
2025-05-28 00:19:35,828 INFO  - Received event: 68000 (at simulation time IntraVehicleMsg)
2025-05-28 00:19:35,831 INFO  - Sent message to others cars = 'veh_5 | CartesianPoint{x=126.80,y=528.55,z=0.00}' (at simulation time 69.000,000,000 s)
2025-05-28 00:19:35,857 INFO  - Received event: 69000 (at simulation time IntraVehicleMsg)
2025-05-28 00:19:35,860 INFO  - Sent message to others cars = 'veh_5 | CartesianPoint{x=126.80,y=528.55,z=0.00}' (at simulation time 70.000,000,000 s)
2025-05-28 00:19:35,887 INFO  - Received event: 70000 (at simulation time IntraVehicleMsg)
2025-05-28 00:19:35,890 INFO  - Sent message to others cars = 'veh_5 | CartesianPoint{x=126.80,y=528.55,z=0.00}' (at simulation time 71.000,000,000 s)
2025-05-28 00:19:35,919 INFO  - Received event: 71000 (at simulation time IntraVehicleMsg)
2025-05-28 00:19:35,927 INFO  - Sent message to others cars = 'veh_5 | CartesianPoint{x=126.80,y=528.55,z=0.00}' (at simulation time 72.000,000,000 s)
2025-05-28 00:19:35,957 INFO  - Received event: 72000 (at simulation time IntraVehicleMsg)
2025-05-28 00:19:35,960 INFO  - Sent message to others cars = 'veh_5 | CartesianPoint{x=126.80,y=528.55,z=0.00}' (at simulation time 73.000,000,000 s)
2025-05-28 00:19:35,988 INFO  - Received event: 73000 (at simulation time IntraVehicleMsg)
2025-05-28 00:19:35,992 INFO  - Sent message to others cars = 'veh_5 | CartesianPoint{x=126.80,y=528.55,z=0.00}' (at simulation time 74.000,000,000 s)
2025-05-28 00:19:36,021 INFO  - Received event: 74000 (at simulation time IntraVehicleMsg)
2025-05-28 00:19:36,025 INFO  - Sent message to others cars = 'veh_5 | CartesianPoint{x=126.80,y=528.55,z=0.00}' (at simulation time 75.000,000,000 s)
2025-05-28 00:19:36,056 INFO  - Received event: 75000 (at simulation time IntraVehicleMsg)
2025-05-28 00:19:36,059 INFO  - Sent message to others cars = 'veh_5 | CartesianPoint{x=126.80,y=528.55,z=0.00}' (at simulation time 76.000,000,000 s)
2025-05-28 00:19:36,091 INFO  - Received event: 76000 (at simulation time IntraVehicleMsg)
2025-05-28 00:19:36,095 INFO  - Sent message to others cars = 'veh_5 | CartesianPoint{x=126.80,y=528.55,z=0.00}' (at simulation time 77.000,000,000 s)
2025-05-28 00:19:36,130 INFO  - Received event: 77000 (at simulation time IntraVehicleMsg)
2025-05-28 00:19:36,149 INFO  - Sent message to others cars = 'veh_5 | CartesianPoint{x=126.80,y=528.55,z=0.00}' (at simulation time 78.000,000,000 s)
2025-05-28 00:19:36,184 INFO  - Received event: 78000 (at simulation time IntraVehicleMsg)
2025-05-28 00:19:36,187 INFO  - Sent message to others cars = 'veh_5 | CartesianPoint{x=126.80,y=528.55,z=0.00}' (at simulation time 79.000,000,000 s)
2025-05-28 00:19:36,221 INFO  - Received event: 79000 (at simulation time IntraVehicleMsg)
2025-05-28 00:19:36,225 INFO  - Sent message to others cars = 'veh_5 | CartesianPoint{x=126.80,y=528.55,z=0.00}' (at simulation time 80.000,000,000 s)
2025-05-28 00:19:36,260 INFO  - Received event: 80000 (at simulation time IntraVehicleMsg)
2025-05-28 00:19:36,263 INFO  - Sent message to others cars = 'veh_5 | CartesianPoint{x=126.80,y=528.55,z=0.00}' (at simulation time 81.000,000,000 s)
2025-05-28 00:19:36,298 INFO  - Received event: 81000 (at simulation time IntraVehicleMsg)
2025-05-28 00:19:36,301 INFO  - Sent message to others cars = 'veh_5 | CartesianPoint{x=126.80,y=528.55,z=0.00}' (at simulation time 82.000,000,000 s)
2025-05-28 00:19:36,339 INFO  - Received event: 82000 (at simulation time IntraVehicleMsg)
2025-05-28 00:19:36,347 INFO  - Sent message to others cars = 'veh_5 | CartesianPoint{x=126.80,y=528.55,z=0.00}' (at simulation time 83.000,000,000 s)
2025-05-28 00:19:36,385 INFO  - Received event: 83000 (at simulation time IntraVehicleMsg)
2025-05-28 00:19:36,388 INFO  - Sent message to others cars = 'veh_5 | CartesianPoint{x=126.80,y=528.55,z=0.00}' (at simulation time 84.000,000,000 s)
2025-05-28 00:19:36,431 INFO  - Received event: 84000 (at simulation time IntraVehicleMsg)
2025-05-28 00:19:36,444 INFO  - Sent message to others cars = 'veh_5 | CartesianPoint{x=126.80,y=528.55,z=0.00}' (at simulation time 85.000,000,000 s)
2025-05-28 00:19:36,483 INFO  - Received event: 85000 (at simulation time IntraVehicleMsg)
2025-05-28 00:19:36,486 INFO  - Sent message to others cars = 'veh_5 | CartesianPoint{x=126.80,y=528.55,z=0.00}' (at simulation time 86.000,000,000 s)
2025-05-28 00:19:36,524 INFO  - Received event: 86000 (at simulation time IntraVehicleMsg)
2025-05-28 00:19:36,527 INFO  - Sent message to others cars = 'veh_5 | CartesianPoint{x=126.80,y=528.55,z=0.00}' (at simulation time 87.000,000,000 s)
2025-05-28 00:19:36,564 INFO  - Received event: 87000 (at simulation time IntraVehicleMsg)
2025-05-28 00:19:36,568 INFO  - Sent message to others cars = 'veh_5 | CartesianPoint{x=126.80,y=528.55,z=0.00}' (at simulation time 88.000,000,000 s)
2025-05-28 00:19:36,605 INFO  - Received event: 88000 (at simulation time IntraVehicleMsg)
2025-05-28 00:19:36,614 INFO  - Sent message to others cars = 'veh_5 | CartesianPoint{x=126.80,y=528.55,z=0.00}' (at simulation time 89.000,000,000 s)
2025-05-28 00:19:36,656 INFO  - Received event: 89000 (at simulation time IntraVehicleMsg)
2025-05-28 00:19:36,661 INFO  - Sent message to others cars = 'veh_5 | CartesianPoint{x=126.80,y=528.55,z=0.00}' (at simulation time 90.000,000,000 s)
2025-05-28 00:19:36,708 INFO  - Received event: 90000 (at simulation time IntraVehicleMsg)
2025-05-28 00:19:36,723 INFO  - Sent message to others cars = 'veh_5 | CartesianPoint{x=126.80,y=528.55,z=0.00}' (at simulation time 91.000,000,000 s)
2025-05-28 00:19:36,773 INFO  - Received event: 91000 (at simulation time IntraVehicleMsg)
2025-05-28 00:19:36,777 INFO  - Sent message to others cars = 'veh_5 | CartesianPoint{x=128.42,y=528.53,z=0.00}' (at simulation time 92.000,000,000 s)
2025-05-28 00:19:36,822 INFO  - Received event: 92000 (at simulation time IntraVehicleMsg)
2025-05-28 00:19:36,831 INFO  - Sent message to others cars = 'veh_5 | CartesianPoint{x=132.27,y=528.49,z=0.00}' (at simulation time 93.000,000,000 s)
2025-05-28 00:19:36,882 INFO  - Received event: 93000 (at simulation time IntraVehicleMsg)
2025-05-28 00:19:36,891 INFO  - Sent message to others cars = 'veh_5 | CartesianPoint{x=137.14,y=528.44,z=0.00}' (at simulation time 94.000,000,000 s)
2025-05-28 00:19:36,947 INFO  - Received event: 94000 (at simulation time IntraVehicleMsg)
2025-05-28 00:19:36,952 INFO  - Sent message to others cars = 'veh_5 | CartesianPoint{x=144.62,y=528.39,z=0.00}' (at simulation time 95.000,000,000 s)
2025-05-28 00:19:37,000 INFO  - Received event: 95000 (at simulation time IntraVehicleMsg)
2025-05-28 00:19:37,003 INFO  - Sent message to others cars = 'veh_5 | CartesianPoint{x=151.12,y=528.38,z=0.00}' (at simulation time 96.000,000,000 s)
2025-05-28 00:19:37,052 INFO  - Received event: 96000 (at simulation time IntraVehicleMsg)
2025-05-28 00:19:37,055 INFO  - Sent message to others cars = 'veh_5 | CartesianPoint{x=158.47,y=528.43,z=0.00}' (at simulation time 97.000,000,000 s)
2025-05-28 00:19:37,107 INFO  - Received event: 97000 (at simulation time IntraVehicleMsg)
2025-05-28 00:19:37,110 INFO  - Sent message to others cars = 'veh_5 | CartesianPoint{x=165.99,y=528.48,z=0.00}' (at simulation time 98.000,000,000 s)
2025-05-28 00:19:37,161 INFO  - Received event: 98000 (at simulation time IntraVehicleMsg)
2025-05-28 00:19:37,169 INFO  - Sent message to others cars = 'veh_5 | CartesianPoint{x=173.88,y=528.53,z=0.00}' (at simulation time 99.000,000,000 s)
2025-05-28 00:19:37,225 INFO  - Received event: 99000 (at simulation time IntraVehicleMsg)
2025-05-28 00:19:37,239 INFO  - Sent message to others cars = 'veh_5 | CartesianPoint{x=181.28,y=528.59,z=0.00}' (at simulation time 100.000,000,000 s)
2025-05-28 00:19:37,292 INFO  - Received event: 100000 (at simulation time IntraVehicleMsg)
2025-05-28 00:19:37,297 INFO  - Sent message to others cars = 'veh_5 | CartesianPoint{x=188.40,y=528.64,z=0.00}' (at simulation time 101.000,000,000 s)
2025-05-28 00:19:37,353 INFO  - Received event: 101000 (at simulation time IntraVehicleMsg)
2025-05-28 00:19:37,356 INFO  - Sent message to others cars = 'veh_5 | CartesianPoint{x=194.38,y=528.68,z=0.00}' (at simulation time 102.000,000,000 s)
2025-05-28 00:19:37,412 INFO  - Received event: 102000 (at simulation time IntraVehicleMsg)
2025-05-28 00:19:37,415 INFO  - Sent message to others cars = 'veh_5 | CartesianPoint{x=201.71,y=528.73,z=0.00}' (at simulation time 103.000,000,000 s)
2025-05-28 00:19:37,471 INFO  - Received event: 103000 (at simulation time IntraVehicleMsg)
2025-05-28 00:19:37,477 INFO  - Sent message to others cars = 'veh_5 | CartesianPoint{x=207.43,y=528.77,z=0.00}' (at simulation time 104.000,000,000 s)
2025-05-28 00:19:37,545 INFO  - Received event: 104000 (at simulation time IntraVehicleMsg)
2025-05-28 00:19:37,549 INFO  - Sent message to others cars = 'veh_5 | CartesianPoint{x=213.62,y=528.81,z=0.00}' (at simulation time 105.000,000,000 s)
2025-05-28 00:19:37,608 INFO  - Received event: 105000 (at simulation time IntraVehicleMsg)
2025-05-28 00:19:37,612 INFO  - Sent message to others cars = 'veh_5 | CartesianPoint{x=220.68,y=528.83,z=0.00}' (at simulation time 106.000,000,000 s)
2025-05-28 00:19:37,672 INFO  - Received event: 106000 (at simulation time IntraVehicleMsg)
2025-05-28 00:19:37,690 INFO  - Sent message to others cars = 'veh_5 | CartesianPoint{x=228.32,y=528.84,z=0.00}' (at simulation time 107.000,000,000 s)
2025-05-28 00:19:37,760 INFO  - Received event: 107000 (at simulation time IntraVehicleMsg)
2025-05-28 00:19:37,774 INFO  - Sent message to others cars = 'veh_5 | CartesianPoint{x=236.28,y=528.83,z=0.00}' (at simulation time 108.000,000,000 s)
2025-05-28 00:19:37,837 INFO  - Received event: 108000 (at simulation time IntraVehicleMsg)
2025-05-28 00:19:37,846 INFO  - Sent message to others cars = 'veh_5 | CartesianPoint{x=244.16,y=528.81,z=0.00}' (at simulation time 109.000,000,000 s)
2025-05-28 00:19:37,907 INFO  - Received event: 109000 (at simulation time IntraVehicleMsg)
2025-05-28 00:19:37,911 INFO  - Sent message to others cars = 'veh_5 | CartesianPoint{x=252.41,y=528.80,z=0.00}' (at simulation time 110.000,000,000 s)
2025-05-28 00:19:37,976 INFO  - Received event: 110000 (at simulation time IntraVehicleMsg)
2025-05-28 00:19:37,980 INFO  - Sent message to others cars = 'veh_5 | CartesianPoint{x=258.86,y=528.79,z=0.00}' (at simulation time 111.000,000,000 s)
2025-05-28 00:19:38,044 INFO  - Received event: 111000 (at simulation time IntraVehicleMsg)
2025-05-28 00:19:38,048 INFO  - Sent message to others cars = 'veh_5 | CartesianPoint{x=266.54,y=528.77,z=0.00}' (at simulation time 112.000,000,000 s)
2025-05-28 00:19:38,113 INFO  - Received event: 112000 (at simulation time IntraVehicleMsg)
2025-05-28 00:19:38,117 INFO  - Sent message to others cars = 'veh_5 | CartesianPoint{x=274.40,y=528.76,z=0.00}' (at simulation time 113.000,000,000 s)
2025-05-28 00:19:38,185 INFO  - Received event: 113000 (at simulation time IntraVehicleMsg)
2025-05-28 00:19:38,188 INFO  - Sent message to others cars = 'veh_5 | CartesianPoint{x=280.28,y=528.75,z=0.00}' (at simulation time 114.000,000,000 s)
2025-05-28 00:19:38,256 INFO  - Received event: 114000 (at simulation time IntraVehicleMsg)
2025-05-28 00:19:38,263 INFO  - Sent message to others cars = 'veh_5 | CartesianPoint{x=288.18,y=528.74,z=0.00}' (at simulation time 115.000,000,000 s)
2025-05-28 00:19:38,334 INFO  - Received event: 115000 (at simulation time IntraVehicleMsg)
2025-05-28 00:19:38,353 INFO  - Sent message to others cars = 'veh_5 | CartesianPoint{x=295.12,y=528.73,z=0.00}' (at simulation time 116.000,000,000 s)
2025-05-28 00:19:38,429 INFO  - Received event: 116000 (at simulation time IntraVehicleMsg)
2025-05-28 00:19:38,442 INFO  - Sent message to others cars = 'veh_5 | CartesianPoint{x=302.98,y=528.73,z=0.00}' (at simulation time 117.000,000,000 s)
2025-05-28 00:19:38,511 INFO  - Received event: 117000 (at simulation time IntraVehicleMsg)
2025-05-28 00:19:38,515 INFO  - Sent message to others cars = 'veh_5 | CartesianPoint{x=309.64,y=528.72,z=0.00}' (at simulation time 118.000,000,000 s)
2025-05-28 00:19:38,587 INFO  - Received event: 118000 (at simulation time IntraVehicleMsg)
2025-05-28 00:19:38,591 INFO  - Sent message to others cars = 'veh_5 | CartesianPoint{x=316.25,y=528.71,z=0.00}' (at simulation time 119.000,000,000 s)
2025-05-28 00:19:38,660 INFO  - Received event: 119000 (at simulation time IntraVehicleMsg)
2025-05-28 00:19:38,670 INFO  - Sent message to others cars = 'veh_5 | CartesianPoint{x=323.21,y=528.70,z=0.00}' (at simulation time 120.000,000,000 s)
2025-05-28 00:19:38,740 INFO  - Received event: 120000 (at simulation time IntraVehicleMsg)
2025-05-28 00:19:38,756 INFO  - Sent message to others cars = 'veh_5 | CartesianPoint{x=330.29,y=528.69,z=0.00}' (at simulation time 121.000,000,000 s)
2025-05-28 00:19:38,830 INFO  - Received event: 121000 (at simulation time IntraVehicleMsg)
2025-05-28 00:19:38,833 INFO  - Sent message to others cars = 'veh_5 | CartesianPoint{x=336.62,y=528.69,z=0.00}' (at simulation time 122.000,000,000 s)
2025-05-28 00:19:38,893 INFO  - Received event: 122000 (at simulation time IntraVehicleMsg)
2025-05-28 00:19:38,899 INFO  - Sent message to others cars = 'veh_5 | CartesianPoint{x=345.11,y=528.68,z=0.00}' (at simulation time 123.000,000,000 s)
2025-05-28 00:19:38,962 INFO  - Received event: 123000 (at simulation time IntraVehicleMsg)
2025-05-28 00:19:38,972 INFO  - ------------------------------------------------------------------------------------- (at simulation time 124.000,000,000 s)
2025-05-28 00:19:38,972 INFO  - Shutdown application (at simulation time 124.000,000,000 s)
2025-05-28 00:19:38,972 INFO  - ------------------------------------------------------------------------------------- (at simulation time 124.000,000,000 s)
