2025-05-28 00:33:14,006 INFO  - ------------------------------------------------------------------------------------- (at simulation time 130.000,000,000 s)
2025-05-28 00:33:14,006 INFO  - Initialize veh_25 application (at simulation time 130.000,000,000 s)
2025-05-28 00:33:14,006 INFO  - Activated AdHoc Module (at simulation time 130.000,000,000 s)
2025-05-28 00:33:14,006 INFO  - ------------------------------------------------------------------------------------- (at simulation time 130.000,000,000 s)
2025-05-28 00:33:14,007 INFO  - Sent message to others cars = 'veh_25 | CartesianPoint{x=-0.01,y=528.94,z=0.00}' (at simulation time 130.000,000,000 s)
2025-05-28 00:33:14,057 INFO  - Received event: 130000 (at simulation time IntraVehicleMsg)
2025-05-28 00:33:14,062 INFO  - Sent message to others cars = 'veh_25 | CartesianPoint{x=7.59,y=528.92,z=0.00}' (at simulation time 131.000,000,000 s)
2025-05-28 00:33:14,114 INFO  - Received event: 131000 (at simulation time IntraVehicleMsg)
2025-05-28 00:33:14,117 INFO  - Sent message to others cars = 'veh_25 | CartesianPoint{x=14.14,y=528.90,z=0.00}' (at simulation time 132.000,000,000 s)
2025-05-28 00:33:14,169 INFO  - Received event: 132000 (at simulation time IntraVehicleMsg)
2025-05-28 00:33:14,172 INFO  - Sent message to others cars = 'veh_25 | CartesianPoint{x=21.49,y=528.88,z=0.00}' (at simulation time 133.000,000,000 s)
2025-05-28 00:33:14,226 INFO  - Received event: 133000 (at simulation time IntraVehicleMsg)
2025-05-28 00:33:14,228 INFO  - Sent message to others cars = 'veh_25 | CartesianPoint{x=28.70,y=528.86,z=0.00}' (at simulation time 134.000,000,000 s)
2025-05-28 00:33:14,284 INFO  - Received event: 134000 (at simulation time IntraVehicleMsg)
2025-05-28 00:33:14,291 INFO  - Sent message to others cars = 'veh_25 | CartesianPoint{x=35.81,y=528.82,z=0.00}' (at simulation time 135.000,000,000 s)
2025-05-28 00:33:14,348 INFO  - Received event: 135000 (at simulation time IntraVehicleMsg)
2025-05-28 00:33:14,353 INFO  - Sent message to others cars = 'veh_25 | CartesianPoint{x=42.83,y=528.87,z=0.00}' (at simulation time 136.000,000,000 s)
2025-05-28 00:33:14,408 INFO  - Received event: 136000 (at simulation time IntraVehicleMsg)
2025-05-28 00:33:14,411 INFO  - Sent message to others cars = 'veh_25 | CartesianPoint{x=49.65,y=528.92,z=0.00}' (at simulation time 137.000,000,000 s)
2025-05-28 00:33:14,467 INFO  - Received event: 137000 (at simulation time IntraVehicleMsg)
2025-05-28 00:33:14,469 INFO  - Sent message to others cars = 'veh_25 | CartesianPoint{x=56.39,y=528.97,z=0.00}' (at simulation time 138.000,000,000 s)
2025-05-28 00:33:14,527 INFO  - Received event: 138000 (at simulation time IntraVehicleMsg)
2025-05-28 00:33:14,530 INFO  - Sent message to others cars = 'veh_25 | CartesianPoint{x=63.27,y=529.01,z=0.00}' (at simulation time 139.000,000,000 s)
2025-05-28 00:33:14,589 INFO  - Received event: 139000 (at simulation time IntraVehicleMsg)
2025-05-28 00:33:14,597 INFO  - Sent message to others cars = 'veh_25 | CartesianPoint{x=70.73,y=529.02,z=0.00}' (at simulation time 140.000,000,000 s)
2025-05-28 00:33:14,657 INFO  - Received event: 140000 (at simulation time IntraVehicleMsg)
2025-05-28 00:33:14,660 INFO  - Sent message to others cars = 'veh_25 | CartesianPoint{x=78.18,y=529.04,z=0.00}' (at simulation time 141.000,000,000 s)
2025-05-28 00:33:14,720 INFO  - Received event: 141000 (at simulation time IntraVehicleMsg)
2025-05-28 00:33:14,723 INFO  - Sent message to others cars = 'veh_25 | CartesianPoint{x=84.98,y=529.06,z=0.00}' (at simulation time 142.000,000,000 s)
2025-05-28 00:33:14,787 INFO  - Received event: 142000 (at simulation time IntraVehicleMsg)
2025-05-28 00:33:14,789 INFO  - Sent message to others cars = 'veh_25 | CartesianPoint{x=92.44,y=528.99,z=0.00}' (at simulation time 143.000,000,000 s)
2025-05-28 00:33:14,853 INFO  - Received event: 143000 (at simulation time IntraVehicleMsg)
2025-05-28 00:33:14,856 INFO  - Sent message to others cars = 'veh_25 | CartesianPoint{x=99.52,y=528.90,z=0.00}' (at simulation time 144.000,000,000 s)
2025-05-28 00:33:14,921 INFO  - Received event: 144000 (at simulation time IntraVehicleMsg)
2025-05-28 00:33:14,924 INFO  - Sent message to others cars = 'veh_25 | CartesianPoint{x=106.13,y=528.82,z=0.00}' (at simulation time 145.000,000,000 s)
2025-05-28 00:33:14,991 INFO  - Received event: 145000 (at simulation time IntraVehicleMsg)
2025-05-28 00:33:14,993 INFO  - Sent message to others cars = 'veh_25 | CartesianPoint{x=112.49,y=528.74,z=0.00}' (at simulation time 146.000,000,000 s)
2025-05-28 00:33:15,063 INFO  - Received event: 146000 (at simulation time IntraVehicleMsg)
2025-05-28 00:33:15,067 INFO  - Sent message to others cars = 'veh_25 | CartesianPoint{x=118.47,y=528.66,z=0.00}' (at simulation time 147.000,000,000 s)
2025-05-28 00:33:15,137 INFO  - Received event: 147000 (at simulation time IntraVehicleMsg)
2025-05-28 00:33:15,143 INFO  - Sent message to others cars = 'veh_25 | CartesianPoint{x=119.96,y=528.64,z=0.00}' (at simulation time 148.000,000,000 s)
2025-05-28 00:33:15,216 INFO  - Received event: 148000 (at simulation time IntraVehicleMsg)
2025-05-28 00:33:15,229 INFO  - Sent message to others cars = 'veh_25 | CartesianPoint{x=120.22,y=528.64,z=0.00}' (at simulation time 149.000,000,000 s)
2025-05-28 00:33:15,303 INFO  - Received event: 149000 (at simulation time IntraVehicleMsg)
2025-05-28 00:33:15,316 INFO  - Sent message to others cars = 'veh_25 | CartesianPoint{x=120.27,y=528.64,z=0.00}' (at simulation time 150.000,000,000 s)
2025-05-28 00:33:15,399 INFO  - Received event: 150000 (at simulation time IntraVehicleMsg)
2025-05-28 00:33:15,403 INFO  - Sent message to others cars = 'veh_25 | CartesianPoint{x=120.29,y=528.64,z=0.00}' (at simulation time 151.000,000,000 s)
2025-05-28 00:33:15,477 INFO  - Received event: 151000 (at simulation time IntraVehicleMsg)
2025-05-28 00:33:15,481 INFO  - Sent message to others cars = 'veh_25 | CartesianPoint{x=120.30,y=528.64,z=0.00}' (at simulation time 152.000,000,000 s)
2025-05-28 00:33:15,559 INFO  - Received event: 152000 (at simulation time IntraVehicleMsg)
2025-05-28 00:33:15,562 INFO  - Sent message to others cars = 'veh_25 | CartesianPoint{x=121.09,y=528.63,z=0.00}' (at simulation time 153.000,000,000 s)
2025-05-28 00:33:15,638 INFO  - Received event: 153000 (at simulation time IntraVehicleMsg)
2025-05-28 00:33:15,642 INFO  - Sent message to others cars = 'veh_25 | CartesianPoint{x=124.26,y=528.59,z=0.00}' (at simulation time 154.000,000,000 s)
2025-05-28 00:33:15,734 INFO  - Received event: 154000 (at simulation time IntraVehicleMsg)
2025-05-28 00:33:15,738 INFO  - Sent message to others cars = 'veh_25 | CartesianPoint{x=129.27,y=528.52,z=0.00}' (at simulation time 155.000,000,000 s)
2025-05-28 00:33:15,818 INFO  - Received event: 155000 (at simulation time IntraVehicleMsg)
2025-05-28 00:33:15,830 INFO  - Sent message to others cars = 'veh_25 | CartesianPoint{x=136.11,y=528.45,z=0.00}' (at simulation time 156.000,000,000 s)
2025-05-28 00:33:15,907 INFO  - Received event: 156000 (at simulation time IntraVehicleMsg)
2025-05-28 00:33:15,910 INFO  - Sent message to others cars = 'veh_25 | CartesianPoint{x=143.62,y=528.40,z=0.00}' (at simulation time 157.000,000,000 s)
2025-05-28 00:33:15,989 INFO  - Received event: 157000 (at simulation time IntraVehicleMsg)
2025-05-28 00:33:15,992 INFO  - Sent message to others cars = 'veh_25 | CartesianPoint{x=150.11,y=528.37,z=0.00}' (at simulation time 158.000,000,000 s)
2025-05-28 00:33:16,071 INFO  - Received event: 158000 (at simulation time IntraVehicleMsg)
2025-05-28 00:33:16,074 INFO  - Sent message to others cars = 'veh_25 | CartesianPoint{x=157.61,y=528.42,z=0.00}' (at simulation time 159.000,000,000 s)
2025-05-28 00:33:16,156 INFO  - Received event: 159000 (at simulation time IntraVehicleMsg)
2025-05-28 00:33:16,160 INFO  - Sent message to others cars = 'veh_25 | CartesianPoint{x=164.18,y=528.47,z=0.00}' (at simulation time 160.000,000,000 s)
2025-05-28 00:33:16,243 INFO  - Received event: 160000 (at simulation time IntraVehicleMsg)
2025-05-28 00:33:16,251 INFO  - Sent message to others cars = 'veh_25 | CartesianPoint{x=171.15,y=528.52,z=0.00}' (at simulation time 161.000,000,000 s)
2025-05-28 00:33:16,336 INFO  - Received event: 161000 (at simulation time IntraVehicleMsg)
2025-05-28 00:33:16,338 INFO  - Sent message to others cars = 'veh_25 | CartesianPoint{x=178.11,y=528.56,z=0.00}' (at simulation time 162.000,000,000 s)
2025-05-28 00:33:16,424 INFO  - Received event: 162000 (at simulation time IntraVehicleMsg)
2025-05-28 00:33:16,429 INFO  - Sent message to others cars = 'veh_25 | CartesianPoint{x=185.28,y=528.61,z=0.00}' (at simulation time 163.000,000,000 s)
2025-05-28 00:33:16,516 INFO  - Received event: 163000 (at simulation time IntraVehicleMsg)
2025-05-28 00:33:16,528 INFO  - Sent message to others cars = 'veh_25 | CartesianPoint{x=192.54,y=528.66,z=0.00}' (at simulation time 164.000,000,000 s)
2025-05-28 00:33:16,614 INFO  - Received event: 164000 (at simulation time IntraVehicleMsg)
2025-05-28 00:33:16,618 INFO  - Sent message to others cars = 'veh_25 | CartesianPoint{x=199.02,y=528.71,z=0.00}' (at simulation time 165.000,000,000 s)
2025-05-28 00:33:16,707 INFO  - Received event: 165000 (at simulation time IntraVehicleMsg)
2025-05-28 00:33:16,710 INFO  - Sent message to others cars = 'veh_25 | CartesianPoint{x=205.70,y=528.76,z=0.00}' (at simulation time 166.000,000,000 s)
2025-05-28 00:33:16,799 INFO  - Received event: 166000 (at simulation time IntraVehicleMsg)
2025-05-28 00:33:16,803 INFO  - Sent message to others cars = 'veh_25 | CartesianPoint{x=213.04,y=528.81,z=0.00}' (at simulation time 167.000,000,000 s)
2025-05-28 00:33:16,895 INFO  - Received event: 167000 (at simulation time IntraVehicleMsg)
2025-05-28 00:33:16,898 INFO  - Sent message to others cars = 'veh_25 | CartesianPoint{x=220.22,y=528.83,z=0.00}' (at simulation time 168.000,000,000 s)
2025-05-28 00:33:16,989 INFO  - Received event: 168000 (at simulation time IntraVehicleMsg)
2025-05-28 00:33:16,992 INFO  - Sent message to others cars = 'veh_25 | CartesianPoint{x=227.04,y=528.84,z=0.00}' (at simulation time 169.000,000,000 s)
2025-05-28 00:33:17,085 INFO  - Received event: 169000 (at simulation time IntraVehicleMsg)
2025-05-28 00:33:17,089 INFO  - Sent message to others cars = 'veh_25 | CartesianPoint{x=234.64,y=528.83,z=0.00}' (at simulation time 170.000,000,000 s)
2025-05-28 00:33:17,185 INFO  - Received event: 170000 (at simulation time IntraVehicleMsg)
2025-05-28 00:33:17,192 INFO  - Sent message to others cars = 'veh_25 | CartesianPoint{x=241.19,y=528.82,z=0.00}' (at simulation time 171.000,000,000 s)
2025-05-28 00:33:17,292 INFO  - Received event: 171000 (at simulation time IntraVehicleMsg)
2025-05-28 00:33:17,296 INFO  - Sent message to others cars = 'veh_25 | CartesianPoint{x=248.46,y=528.81,z=0.00}' (at simulation time 172.000,000,000 s)
2025-05-28 00:33:17,408 INFO  - Received event: 172000 (at simulation time IntraVehicleMsg)
2025-05-28 00:33:17,412 INFO  - Sent message to others cars = 'veh_25 | CartesianPoint{x=255.72,y=528.79,z=0.00}' (at simulation time 173.000,000,000 s)
2025-05-28 00:33:17,514 INFO  - Received event: 173000 (at simulation time IntraVehicleMsg)
2025-05-28 00:33:17,517 INFO  - Sent message to others cars = 'veh_25 | CartesianPoint{x=262.29,y=528.78,z=0.00}' (at simulation time 174.000,000,000 s)
2025-05-28 00:33:17,620 INFO  - Received event: 174000 (at simulation time IntraVehicleMsg)
2025-05-28 00:33:17,632 INFO  - Sent message to others cars = 'veh_25 | CartesianPoint{x=268.62,y=528.77,z=0.00}' (at simulation time 175.000,000,000 s)
2025-05-28 00:33:17,736 INFO  - Received event: 175000 (at simulation time IntraVehicleMsg)
2025-05-28 00:33:17,739 INFO  - Sent message to others cars = 'veh_25 | CartesianPoint{x=275.28,y=528.76,z=0.00}' (at simulation time 176.000,000,000 s)
