2025-05-28 00:19:37,168 INFO  - ------------------------------------------------------------------------------------- (at simulation time 99.000,000,000 s)
2025-05-28 00:19:37,168 INFO  - Initialize veh_19 application (at simulation time 99.000,000,000 s)
2025-05-28 00:19:37,168 INFO  - Activated AdHoc Module (at simulation time 99.000,000,000 s)
2025-05-28 00:19:37,168 INFO  - ------------------------------------------------------------------------------------- (at simulation time 99.000,000,000 s)
2025-05-28 00:19:37,169 INFO  - Sent message to others cars = 'veh_19 | CartesianPoint{x=-0.00,y=532.14,z=0.00}' (at simulation time 99.000,000,000 s)
2025-05-28 00:19:37,225 INFO  - Received event: 99000 (at simulation time IntraVehicleMsg)
2025-05-28 00:19:37,240 INFO  - Sent message to others cars = 'veh_19 | CartesianPoint{x=7.50,y=532.12,z=0.00}' (at simulation time 100.000,000,000 s)
2025-05-28 00:19:37,293 INFO  - Received event: 100000 (at simulation time IntraVehicleMsg)
2025-05-28 00:19:37,298 INFO  - Sent message to others cars = 'veh_19 | CartesianPoint{x=15.90,y=532.09,z=0.00}' (at simulation time 101.000,000,000 s)
2025-05-28 00:19:37,354 INFO  - Received event: 101000 (at simulation time IntraVehicleMsg)
2025-05-28 00:19:37,357 INFO  - Sent message to others cars = 'veh_19 | CartesianPoint{x=23.87,y=532.07,z=0.00}' (at simulation time 102.000,000,000 s)
2025-05-28 00:19:37,412 INFO  - Received event: 102000 (at simulation time IntraVehicleMsg)
2025-05-28 00:19:37,416 INFO  - Sent message to others cars = 'veh_19 | CartesianPoint{x=31.77,y=532.05,z=0.00}' (at simulation time 103.000,000,000 s)
2025-05-28 00:19:37,472 INFO  - Received event: 103000 (at simulation time IntraVehicleMsg)
2025-05-28 00:19:37,478 INFO  - Sent message to others cars = 'veh_19 | CartesianPoint{x=40.01,y=532.05,z=0.00}' (at simulation time 104.000,000,000 s)
2025-05-28 00:19:37,546 INFO  - Received event: 104000 (at simulation time IntraVehicleMsg)
2025-05-28 00:19:37,550 INFO  - Sent message to others cars = 'veh_19 | CartesianPoint{x=47.47,y=532.10,z=0.00}' (at simulation time 105.000,000,000 s)
2025-05-28 00:19:37,609 INFO  - Received event: 105000 (at simulation time IntraVehicleMsg)
2025-05-28 00:19:37,612 INFO  - Sent message to others cars = 'veh_19 | CartesianPoint{x=55.01,y=532.16,z=0.00}' (at simulation time 106.000,000,000 s)
2025-05-28 00:19:37,673 INFO  - Received event: 106000 (at simulation time IntraVehicleMsg)
2025-05-28 00:19:37,690 INFO  - Sent message to others cars = 'veh_19 | CartesianPoint{x=62.99,y=532.21,z=0.00}' (at simulation time 107.000,000,000 s)
2025-05-28 00:19:37,761 INFO  - Received event: 107000 (at simulation time IntraVehicleMsg)
2025-05-28 00:19:37,774 INFO  - Sent message to others cars = 'veh_19 | CartesianPoint{x=70.61,y=532.22,z=0.00}' (at simulation time 108.000,000,000 s)
2025-05-28 00:19:37,838 INFO  - Received event: 108000 (at simulation time IntraVehicleMsg)
2025-05-28 00:19:37,846 INFO  - Sent message to others cars = 'veh_19 | CartesianPoint{x=78.82,y=532.24,z=0.00}' (at simulation time 109.000,000,000 s)
2025-05-28 00:19:37,908 INFO  - Received event: 109000 (at simulation time IntraVehicleMsg)
2025-05-28 00:19:37,912 INFO  - Sent message to others cars = 'veh_19 | CartesianPoint{x=86.30,y=532.26,z=0.00}' (at simulation time 110.000,000,000 s)
2025-05-28 00:19:37,977 INFO  - Received event: 110000 (at simulation time IntraVehicleMsg)
2025-05-28 00:19:37,980 INFO  - Sent message to others cars = 'veh_19 | CartesianPoint{x=94.43,y=532.16,z=0.00}' (at simulation time 111.000,000,000 s)
2025-05-28 00:19:38,045 INFO  - Received event: 111000 (at simulation time IntraVehicleMsg)
2025-05-28 00:19:38,048 INFO  - Sent message to others cars = 'veh_19 | CartesianPoint{x=101.73,y=532.07,z=0.00}' (at simulation time 112.000,000,000 s)
2025-05-28 00:19:38,114 INFO  - Received event: 112000 (at simulation time IntraVehicleMsg)
2025-05-28 00:19:38,117 INFO  - Sent message to others cars = 'veh_19 | CartesianPoint{x=109.03,y=531.98,z=0.00}' (at simulation time 113.000,000,000 s)
2025-05-28 00:19:38,185 INFO  - Received event: 113000 (at simulation time IntraVehicleMsg)
2025-05-28 00:19:38,189 INFO  - Sent message to others cars = 'veh_19 | CartesianPoint{x=117.21,y=531.88,z=0.00}' (at simulation time 114.000,000,000 s)
2025-05-28 00:19:38,257 INFO  - Received event: 114000 (at simulation time IntraVehicleMsg)
2025-05-28 00:19:38,264 INFO  - Sent message to others cars = 'veh_19 | CartesianPoint{x=125.73,y=531.77,z=0.00}' (at simulation time 115.000,000,000 s)
2025-05-28 00:19:38,335 INFO  - Received event: 115000 (at simulation time IntraVehicleMsg)
2025-05-28 00:19:38,354 INFO  - Sent message to others cars = 'veh_19 | CartesianPoint{x=131.02,y=531.70,z=0.00}' (at simulation time 116.000,000,000 s)
2025-05-28 00:19:38,430 INFO  - Received event: 116000 (at simulation time IntraVehicleMsg)
2025-05-28 00:19:38,442 INFO  - Sent message to others cars = 'veh_19 | CartesianPoint{x=132.43,y=531.68,z=0.00}' (at simulation time 117.000,000,000 s)
2025-05-28 00:19:38,512 INFO  - Received event: 117000 (at simulation time IntraVehicleMsg)
2025-05-28 00:19:38,515 INFO  - Sent message to others cars = 'veh_19 | CartesianPoint{x=133.05,y=531.68,z=0.00}' (at simulation time 118.000,000,000 s)
2025-05-28 00:19:38,588 INFO  - Received event: 118000 (at simulation time IntraVehicleMsg)
2025-05-28 00:19:38,592 INFO  - Sent message to others cars = 'veh_19 | CartesianPoint{x=133.19,y=531.67,z=0.00}' (at simulation time 119.000,000,000 s)
2025-05-28 00:19:38,661 INFO  - Received event: 119000 (at simulation time IntraVehicleMsg)
2025-05-28 00:19:38,670 INFO  - Sent message to others cars = 'veh_19 | CartesianPoint{x=133.34,y=531.67,z=0.00}' (at simulation time 120.000,000,000 s)
2025-05-28 00:19:38,740 INFO  - Received event: 120000 (at simulation time IntraVehicleMsg)
2025-05-28 00:19:38,757 INFO  - Sent message to others cars = 'veh_19 | CartesianPoint{x=133.34,y=531.67,z=0.00}' (at simulation time 121.000,000,000 s)
2025-05-28 00:19:38,830 INFO  - Received event: 121000 (at simulation time IntraVehicleMsg)
2025-05-28 00:19:38,834 INFO  - Sent message to others cars = 'veh_19 | CartesianPoint{x=133.34,y=531.67,z=0.00}' (at simulation time 122.000,000,000 s)
2025-05-28 00:19:38,894 INFO  - Received event: 122000 (at simulation time IntraVehicleMsg)
2025-05-28 00:19:38,900 INFO  - Sent message to others cars = 'veh_19 | CartesianPoint{x=133.34,y=531.67,z=0.00}' (at simulation time 123.000,000,000 s)
2025-05-28 00:19:38,962 INFO  - Received event: 123000 (at simulation time IntraVehicleMsg)
2025-05-28 00:19:38,972 INFO  - Sent message to others cars = 'veh_19 | CartesianPoint{x=133.34,y=531.67,z=0.00}' (at simulation time 124.000,000,000 s)
2025-05-28 00:19:39,028 INFO  - Received event: 124000 (at simulation time IntraVehicleMsg)
2025-05-28 00:19:39,041 INFO  - Sent message to others cars = 'veh_19 | CartesianPoint{x=133.34,y=531.67,z=0.00}' (at simulation time 125.000,000,000 s)
2025-05-28 00:19:39,097 INFO  - Received event: 125000 (at simulation time IntraVehicleMsg)
2025-05-28 00:19:39,109 INFO  - Sent message to others cars = 'veh_19 | CartesianPoint{x=133.34,y=531.67,z=0.00}' (at simulation time 126.000,000,000 s)
2025-05-28 00:19:39,160 INFO  - Received event: 126000 (at simulation time IntraVehicleMsg)
2025-05-28 00:19:39,163 INFO  - Sent message to others cars = 'veh_19 | CartesianPoint{x=133.34,y=531.67,z=0.00}' (at simulation time 127.000,000,000 s)
2025-05-28 00:19:39,215 INFO  - Received event: 127000 (at simulation time IntraVehicleMsg)
2025-05-28 00:19:39,218 INFO  - Sent message to others cars = 'veh_19 | CartesianPoint{x=133.34,y=531.67,z=0.00}' (at simulation time 128.000,000,000 s)
2025-05-28 00:19:39,268 INFO  - Received event: 128000 (at simulation time IntraVehicleMsg)
2025-05-28 00:19:39,271 INFO  - Sent message to others cars = 'veh_19 | CartesianPoint{x=133.34,y=531.67,z=0.00}' (at simulation time 129.000,000,000 s)
2025-05-28 00:19:39,319 INFO  - Received event: 129000 (at simulation time IntraVehicleMsg)
2025-05-28 00:19:39,327 INFO  - Sent message to others cars = 'veh_19 | CartesianPoint{x=133.34,y=531.67,z=0.00}' (at simulation time 130.000,000,000 s)
2025-05-28 00:19:39,377 INFO  - Received event: 130000 (at simulation time IntraVehicleMsg)
2025-05-28 00:19:39,380 INFO  - Sent message to others cars = 'veh_19 | CartesianPoint{x=133.34,y=531.67,z=0.00}' (at simulation time 131.000,000,000 s)
2025-05-28 00:19:39,431 INFO  - Received event: 131000 (at simulation time IntraVehicleMsg)
2025-05-28 00:19:39,434 INFO  - Sent message to others cars = 'veh_19 | CartesianPoint{x=133.34,y=531.67,z=0.00}' (at simulation time 132.000,000,000 s)
2025-05-28 00:19:39,486 INFO  - Received event: 132000 (at simulation time IntraVehicleMsg)
2025-05-28 00:19:39,489 INFO  - Sent message to others cars = 'veh_19 | CartesianPoint{x=133.34,y=531.67,z=0.00}' (at simulation time 133.000,000,000 s)
2025-05-28 00:19:39,543 INFO  - Received event: 133000 (at simulation time IntraVehicleMsg)
2025-05-28 00:19:39,546 INFO  - Sent message to others cars = 'veh_19 | CartesianPoint{x=133.34,y=531.67,z=0.00}' (at simulation time 134.000,000,000 s)
2025-05-28 00:19:39,600 INFO  - Received event: 134000 (at simulation time IntraVehicleMsg)
2025-05-28 00:19:39,607 INFO  - Sent message to others cars = 'veh_19 | CartesianPoint{x=133.34,y=531.67,z=0.00}' (at simulation time 135.000,000,000 s)
2025-05-28 00:19:39,661 INFO  - Received event: 135000 (at simulation time IntraVehicleMsg)
2025-05-28 00:19:39,666 INFO  - Sent message to others cars = 'veh_19 | CartesianPoint{x=133.34,y=531.67,z=0.00}' (at simulation time 136.000,000,000 s)
2025-05-28 00:19:39,721 INFO  - Received event: 136000 (at simulation time IntraVehicleMsg)
2025-05-28 00:19:39,724 INFO  - Sent message to others cars = 'veh_19 | CartesianPoint{x=133.34,y=531.67,z=0.00}' (at simulation time 137.000,000,000 s)
2025-05-28 00:19:39,779 INFO  - Received event: 137000 (at simulation time IntraVehicleMsg)
2025-05-28 00:19:39,782 INFO  - Sent message to others cars = 'veh_19 | CartesianPoint{x=133.34,y=531.67,z=0.00}' (at simulation time 138.000,000,000 s)
2025-05-28 00:19:39,838 INFO  - Received event: 138000 (at simulation time IntraVehicleMsg)
2025-05-28 00:19:39,841 INFO  - Sent message to others cars = 'veh_19 | CartesianPoint{x=133.34,y=531.67,z=0.00}' (at simulation time 139.000,000,000 s)
2025-05-28 00:19:39,900 INFO  - Received event: 139000 (at simulation time IntraVehicleMsg)
2025-05-28 00:19:39,909 INFO  - Sent message to others cars = 'veh_19 | CartesianPoint{x=133.34,y=531.67,z=0.00}' (at simulation time 140.000,000,000 s)
2025-05-28 00:19:39,967 INFO  - Received event: 140000 (at simulation time IntraVehicleMsg)
2025-05-28 00:19:39,970 INFO  - Sent message to others cars = 'veh_19 | CartesianPoint{x=133.34,y=531.67,z=0.00}' (at simulation time 141.000,000,000 s)
2025-05-28 00:19:40,030 INFO  - Received event: 141000 (at simulation time IntraVehicleMsg)
2025-05-28 00:19:40,032 INFO  - Sent message to others cars = 'veh_19 | CartesianPoint{x=133.34,y=531.67,z=0.00}' (at simulation time 142.000,000,000 s)
2025-05-28 00:19:40,094 INFO  - Received event: 142000 (at simulation time IntraVehicleMsg)
2025-05-28 00:19:40,098 INFO  - Sent message to others cars = 'veh_19 | CartesianPoint{x=133.34,y=531.67,z=0.00}' (at simulation time 143.000,000,000 s)
2025-05-28 00:19:40,160 INFO  - Received event: 143000 (at simulation time IntraVehicleMsg)
2025-05-28 00:19:40,163 INFO  - Sent message to others cars = 'veh_19 | CartesianPoint{x=133.34,y=531.67,z=0.00}' (at simulation time 144.000,000,000 s)
2025-05-28 00:19:40,227 INFO  - Received event: 144000 (at simulation time IntraVehicleMsg)
2025-05-28 00:19:40,230 INFO  - Sent message to others cars = 'veh_19 | CartesianPoint{x=133.34,y=531.67,z=0.00}' (at simulation time 145.000,000,000 s)
2025-05-28 00:19:40,295 INFO  - Received event: 145000 (at simulation time IntraVehicleMsg)
2025-05-28 00:19:40,298 INFO  - Sent message to others cars = 'veh_19 | CartesianPoint{x=133.34,y=531.67,z=0.00}' (at simulation time 146.000,000,000 s)
2025-05-28 00:19:40,366 INFO  - Received event: 146000 (at simulation time IntraVehicleMsg)
2025-05-28 00:19:40,369 INFO  - Sent message to others cars = 'veh_19 | CartesianPoint{x=133.34,y=531.67,z=0.00}' (at simulation time 147.000,000,000 s)
2025-05-28 00:19:40,437 INFO  - Received event: 147000 (at simulation time IntraVehicleMsg)
2025-05-28 00:19:40,443 INFO  - Sent message to others cars = 'veh_19 | CartesianPoint{x=133.34,y=531.67,z=0.00}' (at simulation time 148.000,000,000 s)
2025-05-28 00:19:40,512 INFO  - Received event: 148000 (at simulation time IntraVehicleMsg)
2025-05-28 00:19:40,525 INFO  - Sent message to others cars = 'veh_19 | CartesianPoint{x=133.34,y=531.67,z=0.00}' (at simulation time 149.000,000,000 s)
2025-05-28 00:19:40,594 INFO  - Received event: 149000 (at simulation time IntraVehicleMsg)
2025-05-28 00:19:40,602 INFO  - Sent message to others cars = 'veh_19 | CartesianPoint{x=133.34,y=531.67,z=0.00}' (at simulation time 150.000,000,000 s)
2025-05-28 00:19:40,671 INFO  - Received event: 150000 (at simulation time IntraVehicleMsg)
2025-05-28 00:19:40,674 INFO  - Sent message to others cars = 'veh_19 | CartesianPoint{x=133.34,y=531.67,z=0.00}' (at simulation time 151.000,000,000 s)
2025-05-28 00:19:40,747 INFO  - Received event: 151000 (at simulation time IntraVehicleMsg)
2025-05-28 00:19:40,751 INFO  - Sent message to others cars = 'veh_19 | CartesianPoint{x=135.39,y=531.65,z=0.00}' (at simulation time 152.000,000,000 s)
2025-05-28 00:19:40,823 INFO  - Received event: 152000 (at simulation time IntraVehicleMsg)
2025-05-28 00:19:40,826 INFO  - Sent message to others cars = 'veh_19 | CartesianPoint{x=138.99,y=531.63,z=0.00}' (at simulation time 153.000,000,000 s)
2025-05-28 00:19:40,899 INFO  - Received event: 153000 (at simulation time IntraVehicleMsg)
2025-05-28 00:19:40,902 INFO  - Sent message to others cars = 'veh_19 | CartesianPoint{x=144.87,y=531.59,z=0.00}' (at simulation time 154.000,000,000 s)
2025-05-28 00:19:40,979 INFO  - Received event: 154000 (at simulation time IntraVehicleMsg)
2025-05-28 00:19:40,982 INFO  - Sent message to others cars = 'veh_19 | CartesianPoint{x=152.81,y=531.59,z=0.00}' (at simulation time 155.000,000,000 s)
2025-05-28 00:19:41,061 INFO  - Received event: 155000 (at simulation time IntraVehicleMsg)
2025-05-28 00:19:41,072 INFO  - Sent message to others cars = 'veh_19 | CartesianPoint{x=160.76,y=531.64,z=0.00}' (at simulation time 156.000,000,000 s)
2025-05-28 00:19:41,148 INFO  - Received event: 156000 (at simulation time IntraVehicleMsg)
2025-05-28 00:19:41,151 INFO  - Sent message to others cars = 'veh_19 | CartesianPoint{x=169.24,y=531.70,z=0.00}' (at simulation time 157.000,000,000 s)
2025-05-28 00:19:41,229 INFO  - Received event: 157000 (at simulation time IntraVehicleMsg)
2025-05-28 00:19:41,233 INFO  - Sent message to others cars = 'veh_19 | CartesianPoint{x=176.51,y=531.75,z=0.00}' (at simulation time 158.000,000,000 s)
2025-05-28 00:19:41,310 INFO  - Received event: 158000 (at simulation time IntraVehicleMsg)
2025-05-28 00:19:41,313 INFO  - Sent message to others cars = 'veh_19 | CartesianPoint{x=184.55,y=531.81,z=0.00}' (at simulation time 159.000,000,000 s)
2025-05-28 00:19:41,397 INFO  - Received event: 159000 (at simulation time IntraVehicleMsg)
2025-05-28 00:19:41,402 INFO  - Sent message to others cars = 'veh_19 | CartesianPoint{x=192.47,y=531.86,z=0.00}' (at simulation time 160.000,000,000 s)
2025-05-28 00:19:41,481 INFO  - Received event: 160000 (at simulation time IntraVehicleMsg)
2025-05-28 00:19:41,489 INFO  - Sent message to others cars = 'veh_19 | CartesianPoint{x=199.88,y=531.92,z=0.00}' (at simulation time 161.000,000,000 s)
2025-05-28 00:19:41,572 INFO  - Received event: 161000 (at simulation time IntraVehicleMsg)
2025-05-28 00:19:41,576 INFO  - Sent message to others cars = 'veh_19 | CartesianPoint{x=207.39,y=531.97,z=0.00}' (at simulation time 162.000,000,000 s)
2025-05-28 00:19:41,662 INFO  - Received event: 162000 (at simulation time IntraVehicleMsg)
2025-05-28 00:19:41,665 INFO  - Sent message to others cars = 'veh_19 | CartesianPoint{x=213.15,y=532.01,z=0.00}' (at simulation time 163.000,000,000 s)
2025-05-28 00:19:41,751 INFO  - Received event: 163000 (at simulation time IntraVehicleMsg)
2025-05-28 00:19:41,762 INFO  - Sent message to others cars = 'veh_19 | CartesianPoint{x=220.65,y=532.03,z=0.00}' (at simulation time 164.000,000,000 s)
2025-05-28 00:19:41,849 INFO  - Received event: 164000 (at simulation time IntraVehicleMsg)
2025-05-28 00:19:41,853 INFO  - Sent message to others cars = 'veh_19 | CartesianPoint{x=228.21,y=532.04,z=0.00}' (at simulation time 165.000,000,000 s)
2025-05-28 00:19:41,943 INFO  - Received event: 165000 (at simulation time IntraVehicleMsg)
2025-05-28 00:19:41,947 INFO  - Sent message to others cars = 'veh_19 | CartesianPoint{x=235.96,y=532.03,z=0.00}' (at simulation time 166.000,000,000 s)
2025-05-28 00:19:42,035 INFO  - Received event: 166000 (at simulation time IntraVehicleMsg)
2025-05-28 00:19:42,039 INFO  - Sent message to others cars = 'veh_19 | CartesianPoint{x=244.44,y=532.01,z=0.00}' (at simulation time 167.000,000,000 s)
2025-05-28 00:19:42,127 INFO  - Received event: 167000 (at simulation time IntraVehicleMsg)
2025-05-28 00:19:42,130 INFO  - Sent message to others cars = 'veh_19 | CartesianPoint{x=251.78,y=532.00,z=0.00}' (at simulation time 168.000,000,000 s)
2025-05-28 00:19:42,222 INFO  - Received event: 168000 (at simulation time IntraVehicleMsg)
2025-05-28 00:19:42,225 INFO  - Sent message to others cars = 'veh_19 | CartesianPoint{x=260.21,y=531.98,z=0.00}' (at simulation time 169.000,000,000 s)
2025-05-28 00:19:42,319 INFO  - Received event: 169000 (at simulation time IntraVehicleMsg)
2025-05-28 00:19:42,323 INFO  - Sent message to others cars = 'veh_19 | CartesianPoint{x=268.33,y=531.97,z=0.00}' (at simulation time 170.000,000,000 s)
2025-05-28 00:19:42,417 INFO  - Received event: 170000 (at simulation time IntraVehicleMsg)
2025-05-28 00:19:42,425 INFO  - Sent message to others cars = 'veh_19 | CartesianPoint{x=276.45,y=531.96,z=0.00}' (at simulation time 171.000,000,000 s)
2025-05-28 00:19:42,523 INFO  - Received event: 171000 (at simulation time IntraVehicleMsg)
2025-05-28 00:19:42,526 INFO  - Sent message to others cars = 'veh_19 | CartesianPoint{x=284.21,y=531.95,z=0.00}' (at simulation time 172.000,000,000 s)
2025-05-28 00:19:42,624 INFO  - Received event: 172000 (at simulation time IntraVehicleMsg)
2025-05-28 00:19:42,627 INFO  - Sent message to others cars = 'veh_19 | CartesianPoint{x=292.69,y=531.94,z=0.00}' (at simulation time 173.000,000,000 s)
2025-05-28 00:19:42,727 INFO  - Received event: 173000 (at simulation time IntraVehicleMsg)
2025-05-28 00:19:42,731 INFO  - Sent message to others cars = 'veh_19 | CartesianPoint{x=300.46,y=531.93,z=0.00}' (at simulation time 174.000,000,000 s)
2025-05-28 00:19:42,834 INFO  - Received event: 174000 (at simulation time IntraVehicleMsg)
2025-05-28 00:19:42,849 INFO  - Sent message to others cars = 'veh_19 | CartesianPoint{x=307.87,y=531.92,z=0.00}' (at simulation time 175.000,000,000 s)
2025-05-28 00:19:42,952 INFO  - Received event: 175000 (at simulation time IntraVehicleMsg)
2025-05-28 00:19:42,955 INFO  - Sent message to others cars = 'veh_19 | CartesianPoint{x=316.39,y=531.91,z=0.00}' (at simulation time 176.000,000,000 s)
2025-05-28 00:19:43,097 INFO  - Received event: 176000 (at simulation time IntraVehicleMsg)
2025-05-28 00:19:43,103 INFO  - Sent message to others cars = 'veh_19 | CartesianPoint{x=323.92,y=531.90,z=0.00}' (at simulation time 177.000,000,000 s)
2025-05-28 00:19:43,211 INFO  - Received event: 177000 (at simulation time IntraVehicleMsg)
2025-05-28 00:19:43,214 INFO  - Sent message to others cars = 'veh_19 | CartesianPoint{x=332.16,y=531.89,z=0.00}' (at simulation time 178.000,000,000 s)
2025-05-28 00:19:43,318 INFO  - Received event: 178000 (at simulation time IntraVehicleMsg)
2025-05-28 00:19:43,322 INFO  - Sent message to others cars = 'veh_19 | CartesianPoint{x=339.81,y=531.88,z=0.00}' (at simulation time 179.000,000,000 s)
2025-05-28 00:19:43,430 INFO  - Received event: 179000 (at simulation time IntraVehicleMsg)
2025-05-28 00:19:43,439 INFO  - Sent message to others cars = 'veh_19 | CartesianPoint{x=347.65,y=531.87,z=0.00}' (at simulation time 180.000,000,000 s)
2025-05-28 00:19:43,541 INFO  - Received event: 180000 (at simulation time IntraVehicleMsg)
2025-05-28 00:19:43,554 INFO  - ------------------------------------------------------------------------------------- (at simulation time 181.000,000,000 s)
2025-05-28 00:19:43,554 INFO  - Shutdown application (at simulation time 181.000,000,000 s)
2025-05-28 00:19:43,554 INFO  - ------------------------------------------------------------------------------------- (at simulation time 181.000,000,000 s)
