2025-05-28 00:33:41,327 INFO  - ------------------------------------------------------------------------------------- (at simulation time 315.000,000,000 s)
2025-05-28 00:33:41,327 INFO  - Initialize veh_60 application (at simulation time 315.000,000,000 s)
2025-05-28 00:33:41,327 INFO  - Activated AdHoc Module (at simulation time 315.000,000,000 s)
2025-05-28 00:33:41,327 INFO  - ------------------------------------------------------------------------------------- (at simulation time 315.000,000,000 s)
2025-05-28 00:33:41,329 INFO  - Sent message to others cars = 'veh_60 | CartesianPoint{x=143.94,y=749.34,z=0.00}' (at simulation time 315.000,000,000 s)
2025-05-28 00:33:41,380 INFO  - Received event: 315000 (at simulation time IntraVehicleMsg)
2025-05-28 00:33:41,385 INFO  - Sent message to others cars = 'veh_60 | CartesianPoint{x=143.92,y=741.97,z=0.00}' (at simulation time 316.000,000,000 s)
2025-05-28 00:33:41,438 INFO  - Received event: 316000 (at simulation time IntraVehicleMsg)
2025-05-28 00:33:41,441 INFO  - Sent message to others cars = 'veh_60 | CartesianPoint{x=143.89,y=733.75,z=0.00}' (at simulation time 317.000,000,000 s)
2025-05-28 00:33:41,495 INFO  - Received event: 317000 (at simulation time IntraVehicleMsg)
2025-05-28 00:33:41,498 INFO  - Sent message to others cars = 'veh_60 | CartesianPoint{x=143.87,y=725.90,z=0.00}' (at simulation time 318.000,000,000 s)
2025-05-28 00:33:41,554 INFO  - Received event: 318000 (at simulation time IntraVehicleMsg)
2025-05-28 00:33:41,557 INFO  - Sent message to others cars = 'veh_60 | CartesianPoint{x=143.84,y=718.20,z=0.00}' (at simulation time 319.000,000,000 s)
2025-05-28 00:33:41,615 INFO  - Received event: 319000 (at simulation time IntraVehicleMsg)
2025-05-28 00:33:41,624 INFO  - Sent message to others cars = 'veh_60 | CartesianPoint{x=143.82,y=710.51,z=0.00}' (at simulation time 320.000,000,000 s)
2025-05-28 00:33:41,680 INFO  - Received event: 320000 (at simulation time IntraVehicleMsg)
2025-05-28 00:33:41,683 INFO  - Sent message to others cars = 'veh_60 | CartesianPoint{x=143.79,y=702.58,z=0.00}' (at simulation time 321.000,000,000 s)
2025-05-28 00:33:41,741 INFO  - Received event: 321000 (at simulation time IntraVehicleMsg)
2025-05-28 00:33:41,745 INFO  - Sent message to others cars = 'veh_60 | CartesianPoint{x=140.56,y=694.81,z=0.00}' (at simulation time 322.000,000,000 s)
2025-05-28 00:33:41,805 INFO  - Received event: 322000 (at simulation time IntraVehicleMsg)
2025-05-28 00:33:41,808 INFO  - Sent message to others cars = 'veh_60 | CartesianPoint{x=140.54,y=686.53,z=0.00}' (at simulation time 323.000,000,000 s)
2025-05-28 00:33:41,868 INFO  - Received event: 323000 (at simulation time IntraVehicleMsg)
2025-05-28 00:33:41,874 INFO  - Sent message to others cars = 'veh_60 | CartesianPoint{x=140.51,y=678.27,z=0.00}' (at simulation time 324.000,000,000 s)
2025-05-28 00:33:41,934 INFO  - Received event: 324000 (at simulation time IntraVehicleMsg)
2025-05-28 00:33:41,943 INFO  - Sent message to others cars = 'veh_60 | CartesianPoint{x=140.48,y=670.63,z=0.00}' (at simulation time 325.000,000,000 s)
2025-05-28 00:33:42,003 INFO  - Received event: 325000 (at simulation time IntraVehicleMsg)
2025-05-28 00:33:42,006 INFO  - Sent message to others cars = 'veh_60 | CartesianPoint{x=140.46,y=662.95,z=0.00}' (at simulation time 326.000,000,000 s)
2025-05-28 00:33:42,064 INFO  - Received event: 326000 (at simulation time IntraVehicleMsg)
2025-05-28 00:33:42,067 INFO  - Sent message to others cars = 'veh_60 | CartesianPoint{x=140.45,y=655.22,z=0.00}' (at simulation time 327.000,000,000 s)
2025-05-28 00:33:42,130 INFO  - Received event: 327000 (at simulation time IntraVehicleMsg)
2025-05-28 00:33:42,134 INFO  - Sent message to others cars = 'veh_60 | CartesianPoint{x=140.43,y=647.29,z=0.00}' (at simulation time 328.000,000,000 s)
2025-05-28 00:33:42,200 INFO  - Received event: 328000 (at simulation time IntraVehicleMsg)
2025-05-28 00:33:42,203 INFO  - Sent message to others cars = 'veh_60 | CartesianPoint{x=140.41,y=639.79,z=0.00}' (at simulation time 329.000,000,000 s)
2025-05-28 00:33:42,270 INFO  - Received event: 329000 (at simulation time IntraVehicleMsg)
2025-05-28 00:33:42,274 INFO  - Sent message to others cars = 'veh_60 | CartesianPoint{x=140.39,y=632.04,z=0.00}' (at simulation time 330.000,000,000 s)
2025-05-28 00:33:42,343 INFO  - Received event: 330000 (at simulation time IntraVehicleMsg)
2025-05-28 00:33:42,360 INFO  - Sent message to others cars = 'veh_60 | CartesianPoint{x=140.37,y=624.08,z=0.00}' (at simulation time 331.000,000,000 s)
2025-05-28 00:33:42,432 INFO  - Received event: 331000 (at simulation time IntraVehicleMsg)
2025-05-28 00:33:42,445 INFO  - Sent message to others cars = 'veh_60 | CartesianPoint{x=140.35,y=615.78,z=0.00}' (at simulation time 332.000,000,000 s)
2025-05-28 00:33:42,514 INFO  - Received event: 332000 (at simulation time IntraVehicleMsg)
2025-05-28 00:33:42,517 INFO  - Sent message to others cars = 'veh_60 | CartesianPoint{x=140.34,y=608.51,z=0.00}' (at simulation time 333.000,000,000 s)
2025-05-28 00:33:42,589 INFO  - Received event: 333000 (at simulation time IntraVehicleMsg)
2025-05-28 00:33:42,592 INFO  - Sent message to others cars = 'veh_60 | CartesianPoint{x=140.30,y=600.10,z=0.00}' (at simulation time 334.000,000,000 s)
2025-05-28 00:33:42,663 INFO  - Received event: 334000 (at simulation time IntraVehicleMsg)
2025-05-28 00:33:42,667 INFO  - Sent message to others cars = 'veh_60 | CartesianPoint{x=140.26,y=591.97,z=0.00}' (at simulation time 335.000,000,000 s)
2025-05-28 00:33:42,750 INFO  - Received event: 335000 (at simulation time IntraVehicleMsg)
2025-05-28 00:33:42,758 INFO  - Sent message to others cars = 'veh_60 | CartesianPoint{x=140.22,y=584.54,z=0.00}' (at simulation time 336.000,000,000 s)
2025-05-28 00:33:42,838 INFO  - Received event: 336000 (at simulation time IntraVehicleMsg)
2025-05-28 00:33:42,841 INFO  - Sent message to others cars = 'veh_60 | CartesianPoint{x=143.37,y=576.25,z=0.00}' (at simulation time 337.000,000,000 s)
2025-05-28 00:33:42,918 INFO  - Received event: 337000 (at simulation time IntraVehicleMsg)
2025-05-28 00:33:42,923 INFO  - Sent message to others cars = 'veh_60 | CartesianPoint{x=143.33,y=568.46,z=0.00}' (at simulation time 338.000,000,000 s)
2025-05-28 00:33:43,008 INFO  - Received event: 338000 (at simulation time IntraVehicleMsg)
2025-05-28 00:33:43,026 INFO  - Sent message to others cars = 'veh_60 | CartesianPoint{x=143.32,y=565.09,z=0.00}' (at simulation time 339.000,000,000 s)
2025-05-28 00:33:43,115 INFO  - Received event: 339000 (at simulation time IntraVehicleMsg)
2025-05-28 00:33:43,128 INFO  - Sent message to others cars = 'veh_60 | CartesianPoint{x=143.31,y=564.37,z=0.00}' (at simulation time 340.000,000,000 s)
2025-05-28 00:33:43,210 INFO  - Received event: 340000 (at simulation time IntraVehicleMsg)
2025-05-28 00:33:43,214 INFO  - Sent message to others cars = 'veh_60 | CartesianPoint{x=143.31,y=564.27,z=0.00}' (at simulation time 341.000,000,000 s)
2025-05-28 00:33:43,301 INFO  - Received event: 341000 (at simulation time IntraVehicleMsg)
2025-05-28 00:33:43,305 INFO  - Sent message to others cars = 'veh_60 | CartesianPoint{x=143.31,y=564.21,z=0.00}' (at simulation time 342.000,000,000 s)
2025-05-28 00:33:43,388 INFO  - Received event: 342000 (at simulation time IntraVehicleMsg)
2025-05-28 00:33:43,391 INFO  - Sent message to others cars = 'veh_60 | CartesianPoint{x=143.31,y=564.19,z=0.00}' (at simulation time 343.000,000,000 s)
2025-05-28 00:33:43,465 INFO  - Received event: 343000 (at simulation time IntraVehicleMsg)
2025-05-28 00:33:43,468 INFO  - Sent message to others cars = 'veh_60 | CartesianPoint{x=143.31,y=564.18,z=0.00}' (at simulation time 344.000,000,000 s)
2025-05-28 00:33:43,544 INFO  - Received event: 344000 (at simulation time IntraVehicleMsg)
2025-05-28 00:33:43,548 INFO  - Sent message to others cars = 'veh_60 | CartesianPoint{x=143.31,y=563.80,z=0.00}' (at simulation time 345.000,000,000 s)
2025-05-28 00:33:43,613 INFO  - Received event: 345000 (at simulation time IntraVehicleMsg)
2025-05-28 00:33:43,620 INFO  - Sent message to others cars = 'veh_60 | CartesianPoint{x=143.29,y=561.05,z=0.00}' (at simulation time 346.000,000,000 s)
2025-05-28 00:33:43,686 INFO  - Received event: 346000 (at simulation time IntraVehicleMsg)
2025-05-28 00:33:43,689 INFO  - Sent message to others cars = 'veh_60 | CartesianPoint{x=143.27,y=556.84,z=0.00}' (at simulation time 347.000,000,000 s)
2025-05-28 00:33:43,753 INFO  - Received event: 347000 (at simulation time IntraVehicleMsg)
2025-05-28 00:33:43,756 INFO  - Sent message to others cars = 'veh_60 | CartesianPoint{x=143.25,y=551.74,z=0.00}' (at simulation time 348.000,000,000 s)
2025-05-28 00:33:43,821 INFO  - Received event: 348000 (at simulation time IntraVehicleMsg)
2025-05-28 00:33:43,823 INFO  - Sent message to others cars = 'veh_60 | CartesianPoint{x=143.21,y=544.14,z=0.00}' (at simulation time 349.000,000,000 s)
2025-05-28 00:33:43,881 INFO  - Received event: 349000 (at simulation time IntraVehicleMsg)
2025-05-28 00:33:43,884 INFO  - Sent message to others cars = 'veh_60 | CartesianPoint{x=143.17,y=537.08,z=0.00}' (at simulation time 350.000,000,000 s)
2025-05-28 00:33:43,937 INFO  - Received event: 350000 (at simulation time IntraVehicleMsg)
2025-05-28 00:33:43,942 INFO  - Sent message to others cars = 'veh_60 | CartesianPoint{x=143.12,y=530.71,z=0.00}' (at simulation time 351.000,000,000 s)
2025-05-28 00:33:43,997 INFO  - Received event: 351000 (at simulation time IntraVehicleMsg)
2025-05-28 00:33:44,000 INFO  - Sent message to others cars = 'veh_60 | CartesianPoint{x=143.05,y=522.98,z=0.00}' (at simulation time 352.000,000,000 s)
2025-05-28 00:33:44,056 INFO  - Received event: 352000 (at simulation time IntraVehicleMsg)
2025-05-28 00:33:44,059 INFO  - Sent message to others cars = 'veh_60 | CartesianPoint{x=142.98,y=515.30,z=0.00}' (at simulation time 353.000,000,000 s)
2025-05-28 00:33:44,116 INFO  - Received event: 353000 (at simulation time IntraVehicleMsg)
2025-05-28 00:33:44,118 INFO  - Sent message to others cars = 'veh_60 | CartesianPoint{x=142.91,y=508.48,z=0.00}' (at simulation time 354.000,000,000 s)
2025-05-28 00:33:44,176 INFO  - Received event: 354000 (at simulation time IntraVehicleMsg)
2025-05-28 00:33:44,183 INFO  - Sent message to others cars = 'veh_60 | CartesianPoint{x=142.85,y=501.44,z=0.00}' (at simulation time 355.000,000,000 s)
2025-05-28 00:33:44,241 INFO  - Received event: 355000 (at simulation time IntraVehicleMsg)
2025-05-28 00:33:44,249 INFO  - Sent message to others cars = 'veh_60 | CartesianPoint{x=142.77,y=493.32,z=0.00}' (at simulation time 356.000,000,000 s)
2025-05-28 00:33:44,312 INFO  - Received event: 356000 (at simulation time IntraVehicleMsg)
2025-05-28 00:33:44,315 INFO  - Sent message to others cars = 'veh_60 | CartesianPoint{x=142.70,y=485.66,z=0.00}' (at simulation time 357.000,000,000 s)
2025-05-28 00:33:44,374 INFO  - Received event: 357000 (at simulation time IntraVehicleMsg)
2025-05-28 00:33:44,377 INFO  - Sent message to others cars = 'veh_60 | CartesianPoint{x=142.62,y=477.39,z=0.00}' (at simulation time 358.000,000,000 s)
2025-05-28 00:33:44,436 INFO  - Received event: 358000 (at simulation time IntraVehicleMsg)
2025-05-28 00:33:44,439 INFO  - Sent message to others cars = 'veh_60 | CartesianPoint{x=142.55,y=470.18,z=0.00}' (at simulation time 359.000,000,000 s)
2025-05-28 00:33:44,502 INFO  - Received event: 359000 (at simulation time IntraVehicleMsg)
2025-05-28 00:33:44,505 INFO  - Sent message to others cars = 'veh_60 | CartesianPoint{x=142.48,y=462.81,z=0.00}' (at simulation time 360.000,000,000 s)
2025-05-28 00:33:44,570 INFO  - Received event: 360000 (at simulation time IntraVehicleMsg)
2025-05-28 00:33:44,573 INFO  - Sent message to others cars = 'veh_60 | CartesianPoint{x=142.41,y=456.40,z=0.00}' (at simulation time 361.000,000,000 s)
2025-05-28 00:33:44,638 INFO  - Received event: 361000 (at simulation time IntraVehicleMsg)
2025-05-28 00:33:44,640 INFO  - Sent message to others cars = 'veh_60 | CartesianPoint{x=142.39,y=449.15,z=0.00}' (at simulation time 362.000,000,000 s)
2025-05-28 00:33:44,706 INFO  - Received event: 362000 (at simulation time IntraVehicleMsg)
2025-05-28 00:33:44,711 INFO  - Sent message to others cars = 'veh_60 | CartesianPoint{x=142.38,y=442.31,z=0.00}' (at simulation time 363.000,000,000 s)
2025-05-28 00:33:44,781 INFO  - Received event: 363000 (at simulation time IntraVehicleMsg)
2025-05-28 00:33:44,783 INFO  - Sent message to others cars = 'veh_60 | CartesianPoint{x=142.36,y=433.96,z=0.00}' (at simulation time 364.000,000,000 s)
2025-05-28 00:33:44,847 INFO  - Received event: 364000 (at simulation time IntraVehicleMsg)
2025-05-28 00:33:44,851 INFO  - Sent message to others cars = 'veh_60 | CartesianPoint{x=142.35,y=426.75,z=0.00}' (at simulation time 365.000,000,000 s)
2025-05-28 00:33:44,929 INFO  - Received event: 365000 (at simulation time IntraVehicleMsg)
2025-05-28 00:33:44,936 INFO  - Sent message to others cars = 'veh_60 | CartesianPoint{x=142.33,y=418.70,z=0.00}' (at simulation time 366.000,000,000 s)
2025-05-28 00:33:45,007 INFO  - Received event: 366000 (at simulation time IntraVehicleMsg)
2025-05-28 00:33:45,009 INFO  - Sent message to others cars = 'veh_60 | CartesianPoint{x=142.31,y=411.70,z=0.00}' (at simulation time 367.000,000,000 s)
2025-05-28 00:33:45,081 INFO  - Received event: 367000 (at simulation time IntraVehicleMsg)
2025-05-28 00:33:45,084 INFO  - Sent message to others cars = 'veh_60 | CartesianPoint{x=142.30,y=404.39,z=0.00}' (at simulation time 368.000,000,000 s)
2025-05-28 00:33:45,155 INFO  - Received event: 368000 (at simulation time IntraVehicleMsg)
2025-05-28 00:33:45,158 INFO  - Sent message to others cars = 'veh_60 | CartesianPoint{x=142.28,y=396.97,z=0.00}' (at simulation time 369.000,000,000 s)
2025-05-28 00:33:45,236 INFO  - Received event: 369000 (at simulation time IntraVehicleMsg)
2025-05-28 00:33:45,249 INFO  - Sent message to others cars = 'veh_60 | CartesianPoint{x=142.27,y=389.61,z=0.00}' (at simulation time 370.000,000,000 s)
2025-05-28 00:33:45,327 INFO  - Received event: 370000 (at simulation time IntraVehicleMsg)
2025-05-28 00:33:45,331 INFO  - Sent message to others cars = 'veh_60 | CartesianPoint{x=142.25,y=381.68,z=0.00}' (at simulation time 371.000,000,000 s)
2025-05-28 00:33:45,412 INFO  - Received event: 371000 (at simulation time IntraVehicleMsg)
2025-05-28 00:33:45,415 INFO  - Sent message to others cars = 'veh_60 | CartesianPoint{x=142.24,y=374.32,z=0.00}' (at simulation time 372.000,000,000 s)
2025-05-28 00:33:45,493 INFO  - Received event: 372000 (at simulation time IntraVehicleMsg)
2025-05-28 00:33:45,497 INFO  - Sent message to others cars = 'veh_60 | CartesianPoint{x=142.22,y=368.11,z=0.00}' (at simulation time 373.000,000,000 s)
2025-05-28 00:33:45,573 INFO  - Received event: 373000 (at simulation time IntraVehicleMsg)
2025-05-28 00:33:45,576 INFO  - Sent message to others cars = 'veh_60 | CartesianPoint{x=142.21,y=360.61,z=0.00}' (at simulation time 374.000,000,000 s)
2025-05-28 00:33:45,656 INFO  - Received event: 374000 (at simulation time IntraVehicleMsg)
2025-05-28 00:33:45,668 INFO  - Sent message to others cars = 'veh_60 | CartesianPoint{x=142.17,y=353.47,z=0.00}' (at simulation time 375.000,000,000 s)
2025-05-28 00:33:45,744 INFO  - Received event: 375000 (at simulation time IntraVehicleMsg)
2025-05-28 00:33:45,748 INFO  - Sent message to others cars = 'veh_60 | CartesianPoint{x=142.10,y=345.61,z=0.00}' (at simulation time 376.000,000,000 s)
2025-05-28 00:33:45,828 INFO  - Received event: 376000 (at simulation time IntraVehicleMsg)
2025-05-28 00:33:45,837 INFO  - Sent message to others cars = 'veh_60 | CartesianPoint{x=142.03,y=337.87,z=0.00}' (at simulation time 377.000,000,000 s)
2025-05-28 00:33:45,917 INFO  - Received event: 377000 (at simulation time IntraVehicleMsg)
2025-05-28 00:33:45,920 INFO  - Sent message to others cars = 'veh_60 | CartesianPoint{x=141.96,y=329.54,z=0.00}' (at simulation time 378.000,000,000 s)
2025-05-28 00:33:46,001 INFO  - Received event: 378000 (at simulation time IntraVehicleMsg)
2025-05-28 00:33:46,004 INFO  - Sent message to others cars = 'veh_60 | CartesianPoint{x=138.70,y=322.55,z=0.00}' (at simulation time 379.000,000,000 s)
2025-05-28 00:33:46,087 INFO  - Received event: 379000 (at simulation time IntraVehicleMsg)
2025-05-28 00:33:46,091 INFO  - Sent message to others cars = 'veh_60 | CartesianPoint{x=138.63,y=314.88,z=0.00}' (at simulation time 380.000,000,000 s)
2025-05-28 00:33:46,179 INFO  - Received event: 380000 (at simulation time IntraVehicleMsg)
2025-05-28 00:33:46,182 INFO  - Sent message to others cars = 'veh_60 | CartesianPoint{x=138.57,y=306.97,z=0.00}' (at simulation time 381.000,000,000 s)
2025-05-28 00:33:46,273 INFO  - Received event: 381000 (at simulation time IntraVehicleMsg)
2025-05-28 00:33:46,276 INFO  - Sent message to others cars = 'veh_60 | CartesianPoint{x=138.49,y=298.68,z=0.00}' (at simulation time 382.000,000,000 s)
2025-05-28 00:33:46,366 INFO  - Received event: 382000 (at simulation time IntraVehicleMsg)
2025-05-28 00:33:46,369 INFO  - Sent message to others cars = 'veh_60 | CartesianPoint{x=138.43,y=290.79,z=0.00}' (at simulation time 383.000,000,000 s)
2025-05-28 00:33:46,459 INFO  - Received event: 383000 (at simulation time IntraVehicleMsg)
2025-05-28 00:33:46,462 INFO  - Sent message to others cars = 'veh_60 | CartesianPoint{x=138.36,y=283.40,z=0.00}' (at simulation time 384.000,000,000 s)
2025-05-28 00:33:46,554 INFO  - Received event: 384000 (at simulation time IntraVehicleMsg)
2025-05-28 00:33:46,560 INFO  - Sent message to others cars = 'veh_60 | CartesianPoint{x=138.30,y=275.72,z=0.00}' (at simulation time 385.000,000,000 s)
2025-05-28 00:33:46,652 INFO  - Received event: 385000 (at simulation time IntraVehicleMsg)
2025-05-28 00:33:46,655 INFO  - Sent message to others cars = 'veh_60 | CartesianPoint{x=138.23,y=268.18,z=0.00}' (at simulation time 386.000,000,000 s)
2025-05-28 00:33:46,751 INFO  - Received event: 386000 (at simulation time IntraVehicleMsg)
2025-05-28 00:33:46,758 INFO  - Sent message to others cars = 'veh_60 | CartesianPoint{x=138.17,y=260.92,z=0.00}' (at simulation time 387.000,000,000 s)
2025-05-28 00:33:46,853 INFO  - Received event: 387000 (at simulation time IntraVehicleMsg)
2025-05-28 00:33:46,860 INFO  - Sent message to others cars = 'veh_60 | CartesianPoint{x=138.10,y=253.29,z=0.00}' (at simulation time 388.000,000,000 s)
2025-05-28 00:33:46,957 INFO  - Received event: 388000 (at simulation time IntraVehicleMsg)
2025-05-28 00:33:46,960 INFO  - Sent message to others cars = 'veh_60 | CartesianPoint{x=138.04,y=245.19,z=0.00}' (at simulation time 389.000,000,000 s)
2025-05-28 00:33:47,058 INFO  - Received event: 389000 (at simulation time IntraVehicleMsg)
2025-05-28 00:33:47,069 INFO  - Sent message to others cars = 'veh_60 | CartesianPoint{x=137.97,y=237.47,z=0.00}' (at simulation time 390.000,000,000 s)
2025-05-28 00:33:47,168 INFO  - Received event: 390000 (at simulation time IntraVehicleMsg)
2025-05-28 00:33:47,172 INFO  - Sent message to others cars = 'veh_60 | CartesianPoint{x=137.90,y=229.09,z=0.00}' (at simulation time 391.000,000,000 s)
2025-05-28 00:33:47,273 INFO  - Received event: 391000 (at simulation time IntraVehicleMsg)
2025-05-28 00:33:47,276 INFO  - Sent message to others cars = 'veh_60 | CartesianPoint{x=137.84,y=221.03,z=0.00}' (at simulation time 392.000,000,000 s)
2025-05-28 00:33:47,384 INFO  - Received event: 392000 (at simulation time IntraVehicleMsg)
2025-05-28 00:33:47,390 INFO  - Sent message to others cars = 'veh_60 | CartesianPoint{x=137.78,y=213.84,z=0.00}' (at simulation time 393.000,000,000 s)
2025-05-28 00:33:47,497 INFO  - Received event: 393000 (at simulation time IntraVehicleMsg)
2025-05-28 00:33:47,501 INFO  - Sent message to others cars = 'veh_60 | CartesianPoint{x=137.72,y=206.44,z=0.00}' (at simulation time 394.000,000,000 s)
2025-05-28 00:33:47,610 INFO  - Received event: 394000 (at simulation time IntraVehicleMsg)
2025-05-28 00:33:47,614 INFO  - Sent message to others cars = 'veh_60 | CartesianPoint{x=137.65,y=198.45,z=0.00}' (at simulation time 395.000,000,000 s)
2025-05-28 00:33:47,715 INFO  - Received event: 395000 (at simulation time IntraVehicleMsg)
2025-05-28 00:33:47,719 INFO  - Sent message to others cars = 'veh_60 | CartesianPoint{x=137.59,y=191.24,z=0.00}' (at simulation time 396.000,000,000 s)
2025-05-28 00:33:47,823 INFO  - Received event: 396000 (at simulation time IntraVehicleMsg)
2025-05-28 00:33:47,831 INFO  - Sent message to others cars = 'veh_60 | CartesianPoint{x=137.53,y=183.63,z=0.00}' (at simulation time 397.000,000,000 s)
2025-05-28 00:33:47,938 INFO  - Received event: 397000 (at simulation time IntraVehicleMsg)
2025-05-28 00:33:47,942 INFO  - Sent message to others cars = 'veh_60 | CartesianPoint{x=137.46,y=175.92,z=0.00}' (at simulation time 398.000,000,000 s)
2025-05-28 00:33:48,053 INFO  - Received event: 398000 (at simulation time IntraVehicleMsg)
2025-05-28 00:33:48,057 INFO  - Sent message to others cars = 'veh_60 | CartesianPoint{x=137.40,y=168.64,z=0.00}' (at simulation time 399.000,000,000 s)
2025-05-28 00:33:48,168 INFO  - Received event: 399000 (at simulation time IntraVehicleMsg)
2025-05-28 00:33:48,171 INFO  - Sent message to others cars = 'veh_60 | CartesianPoint{x=137.34,y=160.30,z=0.00}' (at simulation time 400.000,000,000 s)
2025-05-28 00:33:48,283 INFO  - Received event: 400000 (at simulation time IntraVehicleMsg)
2025-05-28 00:33:48,287 INFO  - Sent message to others cars = 'veh_60 | CartesianPoint{x=137.27,y=152.39,z=0.00}' (at simulation time 401.000,000,000 s)
2025-05-28 00:33:48,389 INFO  - Received event: 401000 (at simulation time IntraVehicleMsg)
2025-05-28 00:33:48,392 INFO  - Sent message to others cars = 'veh_60 | CartesianPoint{x=137.20,y=144.44,z=0.00}' (at simulation time 402.000,000,000 s)
2025-05-28 00:33:48,500 INFO  - Received event: 402000 (at simulation time IntraVehicleMsg)
2025-05-28 00:33:48,503 INFO  - Sent message to others cars = 'veh_60 | CartesianPoint{x=137.17,y=136.52,z=0.00}' (at simulation time 403.000,000,000 s)
2025-05-28 00:33:48,601 INFO  - Received event: 403000 (at simulation time IntraVehicleMsg)
2025-05-28 00:33:48,609 INFO  - Sent message to others cars = 'veh_60 | CartesianPoint{x=137.22,y=129.09,z=0.00}' (at simulation time 404.000,000,000 s)
2025-05-28 00:33:48,704 INFO  - Received event: 404000 (at simulation time IntraVehicleMsg)
2025-05-28 00:33:48,707 INFO  - Sent message to others cars = 'veh_60 | CartesianPoint{x=137.26,y=121.10,z=0.00}' (at simulation time 405.000,000,000 s)
2025-05-28 00:33:48,795 INFO  - Received event: 405000 (at simulation time IntraVehicleMsg)
2025-05-28 00:33:48,798 INFO  - Sent message to others cars = 'veh_60 | CartesianPoint{x=137.30,y=113.49,z=0.00}' (at simulation time 406.000,000,000 s)
2025-05-28 00:33:48,888 INFO  - Received event: 406000 (at simulation time IntraVehicleMsg)
2025-05-28 00:33:48,891 INFO  - Sent message to others cars = 'veh_60 | CartesianPoint{x=137.34,y=106.11,z=0.00}' (at simulation time 407.000,000,000 s)
2025-05-28 00:33:48,978 INFO  - Received event: 407000 (at simulation time IntraVehicleMsg)
2025-05-28 00:33:48,985 INFO  - Sent message to others cars = 'veh_60 | CartesianPoint{x=137.38,y=98.62,z=0.00}' (at simulation time 408.000,000,000 s)
2025-05-28 00:33:49,073 INFO  - Received event: 408000 (at simulation time IntraVehicleMsg)
2025-05-28 00:33:49,076 INFO  - Sent message to others cars = 'veh_60 | CartesianPoint{x=137.43,y=90.53,z=0.00}' (at simulation time 409.000,000,000 s)
2025-05-28 00:33:49,166 INFO  - Received event: 409000 (at simulation time IntraVehicleMsg)
2025-05-28 00:33:49,170 INFO  - Sent message to others cars = 'veh_60 | CartesianPoint{x=137.47,y=83.37,z=0.00}' (at simulation time 410.000,000,000 s)
2025-05-28 00:33:49,263 INFO  - Received event: 410000 (at simulation time IntraVehicleMsg)
2025-05-28 00:33:49,271 INFO  - Sent message to others cars = 'veh_60 | CartesianPoint{x=137.76,y=75.70,z=0.00}' (at simulation time 411.000,000,000 s)
2025-05-28 00:33:49,352 INFO  - Received event: 411000 (at simulation time IntraVehicleMsg)
2025-05-28 00:33:49,355 INFO  - Sent message to others cars = 'veh_60 | CartesianPoint{x=141.45,y=69.12,z=0.00}' (at simulation time 412.000,000,000 s)
2025-05-28 00:33:49,438 INFO  - Received event: 412000 (at simulation time IntraVehicleMsg)
2025-05-28 00:33:49,441 INFO  - Sent message to others cars = 'veh_60 | CartesianPoint{x=146.28,y=63.55,z=0.00}' (at simulation time 413.000,000,000 s)
2025-05-28 00:33:49,525 INFO  - Received event: 413000 (at simulation time IntraVehicleMsg)
2025-05-28 00:33:49,528 INFO  - Sent message to others cars = 'veh_60 | CartesianPoint{x=151.85,y=58.33,z=0.00}' (at simulation time 414.000,000,000 s)
2025-05-28 00:33:49,612 INFO  - Received event: 414000 (at simulation time IntraVehicleMsg)
2025-05-28 00:33:49,616 INFO  - Sent message to others cars = 'veh_60 | CartesianPoint{x=156.70,y=53.24,z=0.00}' (at simulation time 415.000,000,000 s)
2025-05-28 00:33:49,704 INFO  - Received event: 415000 (at simulation time IntraVehicleMsg)
2025-05-28 00:33:49,707 INFO  - Sent message to others cars = 'veh_60 | CartesianPoint{x=162.20,y=47.20,z=0.00}' (at simulation time 416.000,000,000 s)
2025-05-28 00:33:49,784 INFO  - Received event: 416000 (at simulation time IntraVehicleMsg)
2025-05-28 00:33:49,787 INFO  - Sent message to others cars = 'veh_60 | CartesianPoint{x=167.08,y=41.83,z=0.00}' (at simulation time 417.000,000,000 s)
2025-05-28 00:33:49,868 INFO  - Received event: 417000 (at simulation time IntraVehicleMsg)
2025-05-28 00:33:49,875 INFO  - Sent message to others cars = 'veh_60 | CartesianPoint{x=172.52,y=35.85,z=0.00}' (at simulation time 418.000,000,000 s)
2025-05-28 00:33:49,941 INFO  - Received event: 418000 (at simulation time IntraVehicleMsg)
2025-05-28 00:33:49,943 INFO  - Sent message to others cars = 'veh_60 | CartesianPoint{x=177.86,y=29.98,z=0.00}' (at simulation time 419.000,000,000 s)
2025-05-28 00:33:50,012 INFO  - Received event: 419000 (at simulation time IntraVehicleMsg)
2025-05-28 00:33:50,016 INFO  - Sent message to others cars = 'veh_60 | CartesianPoint{x=182.23,y=25.17,z=0.00}' (at simulation time 420.000,000,000 s)
2025-05-28 00:33:50,079 INFO  - Received event: 420000 (at simulation time IntraVehicleMsg)
2025-05-28 00:33:50,082 INFO  - Sent message to others cars = 'veh_60 | CartesianPoint{x=187.48,y=19.40,z=0.00}' (at simulation time 421.000,000,000 s)
2025-05-28 00:33:50,148 INFO  - Received event: 421000 (at simulation time IntraVehicleMsg)
2025-05-28 00:33:50,151 INFO  - Sent message to others cars = 'veh_60 | CartesianPoint{x=192.31,y=14.09,z=0.00}' (at simulation time 422.000,000,000 s)
2025-05-28 00:33:50,209 INFO  - Received event: 422000 (at simulation time IntraVehicleMsg)
2025-05-28 00:33:50,212 INFO  - Sent message to others cars = 'veh_60 | CartesianPoint{x=195.35,y=6.88,z=0.00}' (at simulation time 423.000,000,000 s)
2025-05-28 00:33:50,265 INFO  - Received event: 423000 (at simulation time IntraVehicleMsg)
2025-05-28 00:33:50,267 INFO  - Sent message to others cars = 'veh_60 | CartesianPoint{x=197.17,y=-0.66,z=0.00}' (at simulation time 424.000,000,000 s)
2025-05-28 00:33:50,322 INFO  - Received event: 424000 (at simulation time IntraVehicleMsg)
2025-05-28 00:33:50,331 INFO  - ------------------------------------------------------------------------------------- (at simulation time 425.000,000,000 s)
2025-05-28 00:33:50,331 INFO  - Shutdown application (at simulation time 425.000,000,000 s)
2025-05-28 00:33:50,331 INFO  - ------------------------------------------------------------------------------------- (at simulation time 425.000,000,000 s)
