2025-05-28 00:48:42,221 INFO  - ------------------------------------------------------------------------------------- (at simulation time 192.000,000,000 s)
2025-05-28 00:48:42,221 INFO  - Initialize veh_36 application (at simulation time 192.000,000,000 s)
2025-05-28 00:48:42,221 INFO  - Activated AdHoc Module (at simulation time 192.000,000,000 s)
2025-05-28 00:48:42,221 INFO  - ------------------------------------------------------------------------------------- (at simulation time 192.000,000,000 s)
2025-05-28 00:48:42,223 INFO  - Sent message to others cars = 'veh_36 | CartesianPoint{x=140.74,y=749.35,z=0.00}' (at simulation time 192.000,000,000 s)
2025-05-28 00:48:42,314 INFO  - Received event: 192000 (at simulation time IntraVehicleMsg)
2025-05-28 00:48:42,318 INFO  - Sent message to others cars = 'veh_36 | CartesianPoint{x=140.72,y=741.44,z=0.00}' (at simulation time 193.000,000,000 s)
2025-05-28 00:48:42,410 INFO  - Received event: 193000 (at simulation time IntraVehicleMsg)
2025-05-28 00:48:42,412 INFO  - Sent message to others cars = 'veh_36 | CartesianPoint{x=140.69,y=733.73,z=0.00}' (at simulation time 194.000,000,000 s)
2025-05-28 00:48:42,506 INFO  - Received event: 194000 (at simulation time IntraVehicleMsg)
2025-05-28 00:48:42,509 INFO  - Sent message to others cars = 'veh_36 | CartesianPoint{x=140.67,y=725.60,z=0.00}' (at simulation time 195.000,000,000 s)
2025-05-28 00:48:42,601 INFO  - Received event: 195000 (at simulation time IntraVehicleMsg)
2025-05-28 00:48:42,603 INFO  - Sent message to others cars = 'veh_36 | CartesianPoint{x=140.64,y=717.86,z=0.00}' (at simulation time 196.000,000,000 s)
2025-05-28 00:48:42,695 INFO  - Received event: 196000 (at simulation time IntraVehicleMsg)
2025-05-28 00:48:42,698 INFO  - Sent message to others cars = 'veh_36 | CartesianPoint{x=140.62,y=710.59,z=0.00}' (at simulation time 197.000,000,000 s)
2025-05-28 00:48:42,790 INFO  - Received event: 197000 (at simulation time IntraVehicleMsg)
2025-05-28 00:48:42,795 INFO  - Sent message to others cars = 'veh_36 | CartesianPoint{x=140.59,y=702.41,z=0.00}' (at simulation time 198.000,000,000 s)
2025-05-28 00:48:42,898 INFO  - Received event: 198000 (at simulation time IntraVehicleMsg)
2025-05-28 00:48:42,900 INFO  - Sent message to others cars = 'veh_36 | CartesianPoint{x=140.57,y=695.19,z=0.00}' (at simulation time 199.000,000,000 s)
2025-05-28 00:48:42,995 INFO  - Received event: 199000 (at simulation time IntraVehicleMsg)
2025-05-28 00:48:43,001 INFO  - Sent message to others cars = 'veh_36 | CartesianPoint{x=140.54,y=687.28,z=0.00}' (at simulation time 200.000,000,000 s)
2025-05-28 00:48:43,103 INFO  - Received event: 200000 (at simulation time IntraVehicleMsg)
2025-05-28 00:48:43,106 INFO  - Sent message to others cars = 'veh_36 | CartesianPoint{x=140.51,y=679.58,z=0.00}' (at simulation time 201.000,000,000 s)
2025-05-28 00:48:43,198 INFO  - Received event: 201000 (at simulation time IntraVehicleMsg)
2025-05-28 00:48:43,206 INFO  - Sent message to others cars = 'veh_36 | CartesianPoint{x=140.49,y=672.33,z=0.00}' (at simulation time 202.000,000,000 s)
2025-05-28 00:48:43,300 INFO  - Received event: 202000 (at simulation time IntraVehicleMsg)
2025-05-28 00:48:43,302 INFO  - Sent message to others cars = 'veh_36 | CartesianPoint{x=140.47,y=664.77,z=0.00}' (at simulation time 203.000,000,000 s)
2025-05-28 00:48:43,398 INFO  - Received event: 203000 (at simulation time IntraVehicleMsg)
2025-05-28 00:48:43,401 INFO  - Sent message to others cars = 'veh_36 | CartesianPoint{x=140.45,y=657.85,z=0.00}' (at simulation time 204.000,000,000 s)
2025-05-28 00:48:43,496 INFO  - Received event: 204000 (at simulation time IntraVehicleMsg)
2025-05-28 00:48:43,503 INFO  - Sent message to others cars = 'veh_36 | CartesianPoint{x=140.43,y=650.16,z=0.00}' (at simulation time 205.000,000,000 s)
2025-05-28 00:48:43,592 INFO  - Received event: 205000 (at simulation time IntraVehicleMsg)
2025-05-28 00:48:43,594 INFO  - Sent message to others cars = 'veh_36 | CartesianPoint{x=140.42,y=642.86,z=0.00}' (at simulation time 206.000,000,000 s)
2025-05-28 00:48:43,674 INFO  - Received event: 206000 (at simulation time IntraVehicleMsg)
2025-05-28 00:48:43,676 INFO  - Sent message to others cars = 'veh_36 | CartesianPoint{x=140.40,y=634.90,z=0.00}' (at simulation time 207.000,000,000 s)
2025-05-28 00:48:43,749 INFO  - Received event: 207000 (at simulation time IntraVehicleMsg)
2025-05-28 00:48:43,751 INFO  - Sent message to others cars = 'veh_36 | CartesianPoint{x=140.38,y=627.29,z=0.00}' (at simulation time 208.000,000,000 s)
2025-05-28 00:48:43,823 INFO  - Received event: 208000 (at simulation time IntraVehicleMsg)
2025-05-28 00:48:43,825 INFO  - Sent message to others cars = 'veh_36 | CartesianPoint{x=140.36,y=619.81,z=0.00}' (at simulation time 209.000,000,000 s)
2025-05-28 00:48:43,899 INFO  - Received event: 209000 (at simulation time IntraVehicleMsg)
2025-05-28 00:48:43,902 INFO  - Sent message to others cars = 'veh_36 | CartesianPoint{x=140.35,y=612.73,z=0.00}' (at simulation time 210.000,000,000 s)
2025-05-28 00:48:43,979 INFO  - Received event: 210000 (at simulation time IntraVehicleMsg)
2025-05-28 00:48:43,984 INFO  - Sent message to others cars = 'veh_36 | CartesianPoint{x=140.32,y=604.74,z=0.00}' (at simulation time 211.000,000,000 s)
2025-05-28 00:48:44,053 INFO  - Received event: 211000 (at simulation time IntraVehicleMsg)
2025-05-28 00:48:44,069 INFO  - Sent message to others cars = 'veh_36 | CartesianPoint{x=140.28,y=596.83,z=0.00}' (at simulation time 212.000,000,000 s)
2025-05-28 00:48:44,138 INFO  - Received event: 212000 (at simulation time IntraVehicleMsg)
2025-05-28 00:48:44,140 INFO  - Sent message to others cars = 'veh_36 | CartesianPoint{x=140.24,y=589.12,z=0.00}' (at simulation time 213.000,000,000 s)
2025-05-28 00:48:44,211 INFO  - Received event: 213000 (at simulation time IntraVehicleMsg)
2025-05-28 00:48:44,214 INFO  - Sent message to others cars = 'veh_36 | CartesianPoint{x=140.20,y=581.93,z=0.00}' (at simulation time 214.000,000,000 s)
2025-05-28 00:48:44,278 INFO  - Received event: 214000 (at simulation time IntraVehicleMsg)
2025-05-28 00:48:44,281 INFO  - Sent message to others cars = 'veh_36 | CartesianPoint{x=140.16,y=574.43,z=0.00}' (at simulation time 215.000,000,000 s)
2025-05-28 00:48:44,349 INFO  - Received event: 215000 (at simulation time IntraVehicleMsg)
2025-05-28 00:48:44,351 INFO  - Sent message to others cars = 'veh_36 | CartesianPoint{x=140.13,y=567.47,z=0.00}' (at simulation time 216.000,000,000 s)
2025-05-28 00:48:44,420 INFO  - Received event: 216000 (at simulation time IntraVehicleMsg)
2025-05-28 00:48:44,423 INFO  - Sent message to others cars = 'veh_36 | CartesianPoint{x=140.09,y=559.76,z=0.00}' (at simulation time 217.000,000,000 s)
2025-05-28 00:48:44,490 INFO  - Received event: 217000 (at simulation time IntraVehicleMsg)
2025-05-28 00:48:44,493 INFO  - Sent message to others cars = 'veh_36 | CartesianPoint{x=140.05,y=552.66,z=0.00}' (at simulation time 218.000,000,000 s)
2025-05-28 00:48:44,563 INFO  - Received event: 218000 (at simulation time IntraVehicleMsg)
2025-05-28 00:48:44,572 INFO  - Sent message to others cars = 'veh_36 | CartesianPoint{x=140.01,y=545.39,z=0.00}' (at simulation time 219.000,000,000 s)
2025-05-28 00:48:44,642 INFO  - Received event: 219000 (at simulation time IntraVehicleMsg)
2025-05-28 00:48:44,645 INFO  - Sent message to others cars = 'veh_36 | CartesianPoint{x=139.99,y=540.08,z=0.00}' (at simulation time 220.000,000,000 s)
2025-05-28 00:48:44,714 INFO  - Received event: 220000 (at simulation time IntraVehicleMsg)
2025-05-28 00:48:44,717 INFO  - Sent message to others cars = 'veh_36 | CartesianPoint{x=139.93,y=532.43,z=0.00}' (at simulation time 221.000,000,000 s)
2025-05-28 00:48:44,788 INFO  - Received event: 221000 (at simulation time IntraVehicleMsg)
2025-05-28 00:48:44,795 INFO  - Sent message to others cars = 'veh_36 | CartesianPoint{x=139.87,y=524.85,z=0.00}' (at simulation time 222.000,000,000 s)
2025-05-28 00:48:44,867 INFO  - Received event: 222000 (at simulation time IntraVehicleMsg)
2025-05-28 00:48:44,869 INFO  - Sent message to others cars = 'veh_36 | CartesianPoint{x=139.80,y=517.44,z=0.00}' (at simulation time 223.000,000,000 s)
2025-05-28 00:48:44,928 INFO  - Received event: 223000 (at simulation time IntraVehicleMsg)
2025-05-28 00:48:44,931 INFO  - Sent message to others cars = 'veh_36 | CartesianPoint{x=139.74,y=510.77,z=0.00}' (at simulation time 224.000,000,000 s)
2025-05-28 00:48:44,988 INFO  - Received event: 224000 (at simulation time IntraVehicleMsg)
2025-05-28 00:48:44,990 INFO  - Sent message to others cars = 'veh_36 | CartesianPoint{x=139.67,y=504.29,z=0.00}' (at simulation time 225.000,000,000 s)
2025-05-28 00:48:45,048 INFO  - Received event: 225000 (at simulation time IntraVehicleMsg)
2025-05-28 00:48:45,050 INFO  - Sent message to others cars = 'veh_36 | CartesianPoint{x=139.61,y=497.51,z=0.00}' (at simulation time 226.000,000,000 s)
2025-05-28 00:48:45,106 INFO  - Received event: 226000 (at simulation time IntraVehicleMsg)
2025-05-28 00:48:45,108 INFO  - Sent message to others cars = 'veh_36 | CartesianPoint{x=139.55,y=491.18,z=0.00}' (at simulation time 227.000,000,000 s)
2025-05-28 00:48:45,168 INFO  - Received event: 227000 (at simulation time IntraVehicleMsg)
2025-05-28 00:48:45,174 INFO  - Sent message to others cars = 'veh_36 | CartesianPoint{x=139.48,y=483.54,z=0.00}' (at simulation time 228.000,000,000 s)
2025-05-28 00:48:45,235 INFO  - Received event: 228000 (at simulation time IntraVehicleMsg)
2025-05-28 00:48:45,237 INFO  - Sent message to others cars = 'veh_36 | CartesianPoint{x=139.41,y=476.48,z=0.00}' (at simulation time 229.000,000,000 s)
2025-05-28 00:48:45,296 INFO  - Received event: 229000 (at simulation time IntraVehicleMsg)
2025-05-28 00:48:45,298 INFO  - Sent message to others cars = 'veh_36 | CartesianPoint{x=139.35,y=470.66,z=0.00}' (at simulation time 230.000,000,000 s)
2025-05-28 00:48:45,359 INFO  - Received event: 230000 (at simulation time IntraVehicleMsg)
2025-05-28 00:48:45,364 INFO  - Sent message to others cars = 'veh_36 | CartesianPoint{x=139.29,y=463.73,z=0.00}' (at simulation time 231.000,000,000 s)
2025-05-28 00:48:45,435 INFO  - Received event: 231000 (at simulation time IntraVehicleMsg)
2025-05-28 00:48:45,438 INFO  - Sent message to others cars = 'veh_36 | CartesianPoint{x=139.21,y=455.87,z=0.00}' (at simulation time 232.000,000,000 s)
2025-05-28 00:48:45,500 INFO  - Received event: 232000 (at simulation time IntraVehicleMsg)
2025-05-28 00:48:45,507 INFO  - Sent message to others cars = 'veh_36 | CartesianPoint{x=139.19,y=448.30,z=0.00}' (at simulation time 233.000,000,000 s)
2025-05-28 00:48:45,572 INFO  - Received event: 233000 (at simulation time IntraVehicleMsg)
2025-05-28 00:48:45,575 INFO  - Sent message to others cars = 'veh_36 | CartesianPoint{x=139.18,y=441.18,z=0.00}' (at simulation time 234.000,000,000 s)
2025-05-28 00:48:45,643 INFO  - Received event: 234000 (at simulation time IntraVehicleMsg)
2025-05-28 00:48:45,646 INFO  - Sent message to others cars = 'veh_36 | CartesianPoint{x=139.16,y=434.86,z=0.00}' (at simulation time 235.000,000,000 s)
2025-05-28 00:48:45,712 INFO  - Received event: 235000 (at simulation time IntraVehicleMsg)
2025-05-28 00:48:45,715 INFO  - Sent message to others cars = 'veh_36 | CartesianPoint{x=139.15,y=428.00,z=0.00}' (at simulation time 236.000,000,000 s)
2025-05-28 00:48:45,783 INFO  - Received event: 236000 (at simulation time IntraVehicleMsg)
2025-05-28 00:48:45,790 INFO  - Sent message to others cars = 'veh_36 | CartesianPoint{x=139.13,y=421.61,z=0.00}' (at simulation time 237.000,000,000 s)
2025-05-28 00:48:45,861 INFO  - Received event: 237000 (at simulation time IntraVehicleMsg)
2025-05-28 00:48:45,863 INFO  - Sent message to others cars = 'veh_36 | CartesianPoint{x=139.12,y=415.68,z=0.00}' (at simulation time 238.000,000,000 s)
2025-05-28 00:48:45,934 INFO  - Received event: 238000 (at simulation time IntraVehicleMsg)
2025-05-28 00:48:45,936 INFO  - Sent message to others cars = 'veh_36 | CartesianPoint{x=139.11,y=408.29,z=0.00}' (at simulation time 239.000,000,000 s)
2025-05-28 00:48:46,010 INFO  - Received event: 239000 (at simulation time IntraVehicleMsg)
2025-05-28 00:48:46,015 INFO  - Sent message to others cars = 'veh_36 | CartesianPoint{x=139.09,y=401.72,z=0.00}' (at simulation time 240.000,000,000 s)
2025-05-28 00:48:46,083 INFO  - Received event: 240000 (at simulation time IntraVehicleMsg)
2025-05-28 00:48:46,087 INFO  - Sent message to others cars = 'veh_36 | CartesianPoint{x=139.08,y=395.29,z=0.00}' (at simulation time 241.000,000,000 s)
2025-05-28 00:48:46,163 INFO  - Received event: 241000 (at simulation time IntraVehicleMsg)
2025-05-28 00:48:46,166 INFO  - Sent message to others cars = 'veh_36 | CartesianPoint{x=139.06,y=387.79,z=0.00}' (at simulation time 242.000,000,000 s)
2025-05-28 00:48:46,237 INFO  - Received event: 242000 (at simulation time IntraVehicleMsg)
2025-05-28 00:48:46,244 INFO  - Sent message to others cars = 'veh_36 | CartesianPoint{x=139.05,y=381.07,z=0.00}' (at simulation time 243.000,000,000 s)
2025-05-28 00:48:46,317 INFO  - Received event: 243000 (at simulation time IntraVehicleMsg)
2025-05-28 00:48:46,320 INFO  - Sent message to others cars = 'veh_36 | CartesianPoint{x=139.04,y=374.58,z=0.00}' (at simulation time 244.000,000,000 s)
2025-05-28 00:48:46,394 INFO  - Received event: 244000 (at simulation time IntraVehicleMsg)
2025-05-28 00:48:46,397 INFO  - Sent message to others cars = 'veh_36 | CartesianPoint{x=139.02,y=367.44,z=0.00}' (at simulation time 245.000,000,000 s)
2025-05-28 00:48:46,473 INFO  - Received event: 245000 (at simulation time IntraVehicleMsg)
2025-05-28 00:48:46,477 INFO  - Sent message to others cars = 'veh_36 | CartesianPoint{x=139.01,y=360.86,z=0.00}' (at simulation time 246.000,000,000 s)
2025-05-28 00:48:46,555 INFO  - Received event: 246000 (at simulation time IntraVehicleMsg)
2025-05-28 00:48:46,562 INFO  - Sent message to others cars = 'veh_36 | CartesianPoint{x=138.97,y=353.87,z=0.00}' (at simulation time 247.000,000,000 s)
2025-05-28 00:48:46,641 INFO  - Received event: 247000 (at simulation time IntraVehicleMsg)
2025-05-28 00:48:46,644 INFO  - Sent message to others cars = 'veh_36 | CartesianPoint{x=138.91,y=347.16,z=0.00}' (at simulation time 248.000,000,000 s)
2025-05-28 00:48:46,720 INFO  - Received event: 248000 (at simulation time IntraVehicleMsg)
2025-05-28 00:48:46,725 INFO  - Sent message to others cars = 'veh_36 | CartesianPoint{x=138.86,y=340.70,z=0.00}' (at simulation time 249.000,000,000 s)
2025-05-28 00:48:46,796 INFO  - Received event: 249000 (at simulation time IntraVehicleMsg)
2025-05-28 00:48:46,799 INFO  - Sent message to others cars = 'veh_36 | CartesianPoint{x=138.79,y=333.09,z=0.00}' (at simulation time 250.000,000,000 s)
2025-05-28 00:48:46,871 INFO  - Received event: 250000 (at simulation time IntraVehicleMsg)
2025-05-28 00:48:46,874 INFO  - Sent message to others cars = 'veh_36 | CartesianPoint{x=138.74,y=326.68,z=0.00}' (at simulation time 251.000,000,000 s)
2025-05-28 00:48:46,950 INFO  - Received event: 251000 (at simulation time IntraVehicleMsg)
2025-05-28 00:48:46,953 INFO  - Sent message to others cars = 'veh_36 | CartesianPoint{x=138.68,y=320.40,z=0.00}' (at simulation time 252.000,000,000 s)
2025-05-28 00:48:47,019 INFO  - Received event: 252000 (at simulation time IntraVehicleMsg)
2025-05-28 00:48:47,026 INFO  - Sent message to others cars = 'veh_36 | CartesianPoint{x=138.62,y=313.67,z=0.00}' (at simulation time 253.000,000,000 s)
2025-05-28 00:48:47,088 INFO  - Received event: 253000 (at simulation time IntraVehicleMsg)
2025-05-28 00:48:47,091 INFO  - Sent message to others cars = 'veh_36 | CartesianPoint{x=138.57,y=306.95,z=0.00}' (at simulation time 254.000,000,000 s)
2025-05-28 00:48:47,155 INFO  - Received event: 254000 (at simulation time IntraVehicleMsg)
2025-05-28 00:48:47,165 INFO  - Sent message to others cars = 'veh_36 | CartesianPoint{x=138.50,y=299.02,z=0.00}' (at simulation time 255.000,000,000 s)
2025-05-28 00:48:47,229 INFO  - Received event: 255000 (at simulation time IntraVehicleMsg)
2025-05-28 00:48:47,232 INFO  - Sent message to others cars = 'veh_36 | CartesianPoint{x=138.44,y=292.85,z=0.00}' (at simulation time 256.000,000,000 s)
2025-05-28 00:48:47,291 INFO  - Received event: 256000 (at simulation time IntraVehicleMsg)
2025-05-28 00:48:47,293 INFO  - Sent message to others cars = 'veh_36 | CartesianPoint{x=138.39,y=286.74,z=0.00}' (at simulation time 257.000,000,000 s)
2025-05-28 00:48:47,347 INFO  - Received event: 257000 (at simulation time IntraVehicleMsg)
2025-05-28 00:48:47,350 INFO  - Sent message to others cars = 'veh_36 | CartesianPoint{x=138.34,y=280.32,z=0.00}' (at simulation time 258.000,000,000 s)
2025-05-28 00:48:47,399 INFO  - Received event: 258000 (at simulation time IntraVehicleMsg)
2025-05-28 00:48:47,401 INFO  - Sent message to others cars = 'veh_36 | CartesianPoint{x=138.28,y=273.64,z=0.00}' (at simulation time 259.000,000,000 s)
2025-05-28 00:48:47,452 INFO  - Received event: 259000 (at simulation time IntraVehicleMsg)
2025-05-28 00:48:47,454 INFO  - Sent message to others cars = 'veh_36 | CartesianPoint{x=138.22,y=267.01,z=0.00}' (at simulation time 260.000,000,000 s)
2025-05-28 00:48:47,498 INFO  - Received event: 260000 (at simulation time IntraVehicleMsg)
2025-05-28 00:48:47,503 INFO  - Sent message to others cars = 'veh_36 | CartesianPoint{x=138.17,y=260.89,z=0.00}' (at simulation time 261.000,000,000 s)
2025-05-28 00:48:47,546 INFO  - Received event: 261000 (at simulation time IntraVehicleMsg)
2025-05-28 00:48:47,548 INFO  - Sent message to others cars = 'veh_36 | CartesianPoint{x=138.11,y=253.79,z=0.00}' (at simulation time 262.000,000,000 s)
2025-05-28 00:48:47,592 INFO  - Received event: 262000 (at simulation time IntraVehicleMsg)
2025-05-28 00:48:47,595 INFO  - Sent message to others cars = 'veh_36 | CartesianPoint{x=138.04,y=245.92,z=0.00}' (at simulation time 263.000,000,000 s)
2025-05-28 00:48:47,640 INFO  - Received event: 263000 (at simulation time IntraVehicleMsg)
2025-05-28 00:48:47,647 INFO  - Sent message to others cars = 'veh_36 | CartesianPoint{x=137.99,y=240.12,z=0.00}' (at simulation time 264.000,000,000 s)
2025-05-28 00:48:47,693 INFO  - Received event: 264000 (at simulation time IntraVehicleMsg)
2025-05-28 00:48:47,695 INFO  - Sent message to others cars = 'veh_36 | CartesianPoint{x=137.94,y=234.00,z=0.00}' (at simulation time 265.000,000,000 s)
2025-05-28 00:48:47,743 INFO  - Received event: 265000 (at simulation time IntraVehicleMsg)
2025-05-28 00:48:47,745 INFO  - Sent message to others cars = 'veh_36 | CartesianPoint{x=137.88,y=226.31,z=0.00}' (at simulation time 266.000,000,000 s)
2025-05-28 00:48:47,793 INFO  - Received event: 266000 (at simulation time IntraVehicleMsg)
2025-05-28 00:48:47,796 INFO  - Sent message to others cars = 'veh_36 | CartesianPoint{x=137.83,y=219.66,z=0.00}' (at simulation time 267.000,000,000 s)
2025-05-28 00:48:47,846 INFO  - Received event: 267000 (at simulation time IntraVehicleMsg)
2025-05-28 00:48:47,849 INFO  - Sent message to others cars = 'veh_36 | CartesianPoint{x=137.77,y=213.26,z=0.00}' (at simulation time 268.000,000,000 s)
2025-05-28 00:48:47,901 INFO  - Received event: 268000 (at simulation time IntraVehicleMsg)
2025-05-28 00:48:47,903 INFO  - Sent message to others cars = 'veh_36 | CartesianPoint{x=137.71,y=206.15,z=0.00}' (at simulation time 269.000,000,000 s)
2025-05-28 00:48:47,958 INFO  - Received event: 269000 (at simulation time IntraVehicleMsg)
2025-05-28 00:48:47,965 INFO  - Sent message to others cars = 'veh_36 | CartesianPoint{x=137.65,y=198.59,z=0.00}' (at simulation time 270.000,000,000 s)
2025-05-28 00:48:48,017 INFO  - Received event: 270000 (at simulation time IntraVehicleMsg)
2025-05-28 00:48:48,022 INFO  - Sent message to others cars = 'veh_36 | CartesianPoint{x=137.60,y=192.84,z=0.00}' (at simulation time 271.000,000,000 s)
2025-05-28 00:48:48,076 INFO  - Received event: 271000 (at simulation time IntraVehicleMsg)
2025-05-28 00:48:48,079 INFO  - Sent message to others cars = 'veh_36 | CartesianPoint{x=137.54,y=185.36,z=0.00}' (at simulation time 272.000,000,000 s)
2025-05-28 00:48:48,131 INFO  - Received event: 272000 (at simulation time IntraVehicleMsg)
2025-05-28 00:48:48,134 INFO  - Sent message to others cars = 'veh_36 | CartesianPoint{x=137.49,y=178.45,z=0.00}' (at simulation time 273.000,000,000 s)
2025-05-28 00:48:48,186 INFO  - Received event: 273000 (at simulation time IntraVehicleMsg)
2025-05-28 00:48:48,193 INFO  - Sent message to others cars = 'veh_36 | CartesianPoint{x=137.42,y=171.14,z=0.00}' (at simulation time 274.000,000,000 s)
2025-05-28 00:48:48,251 INFO  - Received event: 274000 (at simulation time IntraVehicleMsg)
2025-05-28 00:48:48,255 INFO  - Sent message to others cars = 'veh_36 | CartesianPoint{x=137.36,y=163.53,z=0.00}' (at simulation time 275.000,000,000 s)
2025-05-28 00:48:48,310 INFO  - Received event: 275000 (at simulation time IntraVehicleMsg)
2025-05-28 00:48:48,313 INFO  - Sent message to others cars = 'veh_36 | CartesianPoint{x=137.30,y=156.16,z=0.00}' (at simulation time 276.000,000,000 s)
2025-05-28 00:48:48,366 INFO  - Received event: 276000 (at simulation time IntraVehicleMsg)
2025-05-28 00:48:48,369 INFO  - Sent message to others cars = 'veh_36 | CartesianPoint{x=137.24,y=149.08,z=0.00}' (at simulation time 277.000,000,000 s)
2025-05-28 00:48:48,422 INFO  - Received event: 277000 (at simulation time IntraVehicleMsg)
2025-05-28 00:48:48,425 INFO  - Sent message to others cars = 'veh_36 | CartesianPoint{x=137.20,y=143.31,z=0.00}' (at simulation time 278.000,000,000 s)
2025-05-28 00:48:48,485 INFO  - Received event: 278000 (at simulation time IntraVehicleMsg)
2025-05-28 00:48:48,496 INFO  - Sent message to others cars = 'veh_36 | CartesianPoint{x=137.18,y=136.19,z=0.00}' (at simulation time 279.000,000,000 s)
2025-05-28 00:48:48,552 INFO  - Received event: 279000 (at simulation time IntraVehicleMsg)
2025-05-28 00:48:48,558 INFO  - Sent message to others cars = 'veh_36 | CartesianPoint{x=137.22,y=129.11,z=0.00}' (at simulation time 280.000,000,000 s)
2025-05-28 00:48:48,615 INFO  - Received event: 280000 (at simulation time IntraVehicleMsg)
2025-05-28 00:48:48,618 INFO  - Sent message to others cars = 'veh_36 | CartesianPoint{x=137.25,y=122.86,z=0.00}' (at simulation time 281.000,000,000 s)
2025-05-28 00:48:48,675 INFO  - Received event: 281000 (at simulation time IntraVehicleMsg)
2025-05-28 00:48:48,678 INFO  - Sent message to others cars = 'veh_36 | CartesianPoint{x=137.29,y=116.17,z=0.00}' (at simulation time 282.000,000,000 s)
2025-05-28 00:48:48,731 INFO  - Received event: 282000 (at simulation time IntraVehicleMsg)
2025-05-28 00:48:48,733 INFO  - Sent message to others cars = 'veh_36 | CartesianPoint{x=137.32,y=109.48,z=0.00}' (at simulation time 283.000,000,000 s)
2025-05-28 00:48:48,783 INFO  - Received event: 283000 (at simulation time IntraVehicleMsg)
2025-05-28 00:48:48,790 INFO  - Sent message to others cars = 'veh_36 | CartesianPoint{x=137.37,y=101.93,z=0.00}' (at simulation time 284.000,000,000 s)
2025-05-28 00:48:48,838 INFO  - Received event: 284000 (at simulation time IntraVehicleMsg)
2025-05-28 00:48:48,841 INFO  - Sent message to others cars = 'veh_36 | CartesianPoint{x=137.40,y=96.29,z=0.00}' (at simulation time 285.000,000,000 s)
2025-05-28 00:48:48,892 INFO  - Received event: 285000 (at simulation time IntraVehicleMsg)
2025-05-28 00:48:48,894 INFO  - Sent message to others cars = 'veh_36 | CartesianPoint{x=137.44,y=89.41,z=0.00}' (at simulation time 286.000,000,000 s)
2025-05-28 00:48:48,944 INFO  - Received event: 286000 (at simulation time IntraVehicleMsg)
2025-05-28 00:48:48,947 INFO  - Sent message to others cars = 'veh_36 | CartesianPoint{x=140.66,y=83.82,z=0.00}' (at simulation time 287.000,000,000 s)
2025-05-28 00:48:48,999 INFO  - Received event: 287000 (at simulation time IntraVehicleMsg)
2025-05-28 00:48:49,002 INFO  - Sent message to others cars = 'veh_36 | CartesianPoint{x=141.23,y=76.05,z=0.00}' (at simulation time 288.000,000,000 s)
2025-05-28 00:48:49,057 INFO  - Received event: 288000 (at simulation time IntraVehicleMsg)
2025-05-28 00:48:49,068 INFO  - Sent message to others cars = 'veh_36 | CartesianPoint{x=144.93,y=69.47,z=0.00}' (at simulation time 289.000,000,000 s)
2025-05-28 00:48:49,122 INFO  - Received event: 289000 (at simulation time IntraVehicleMsg)
2025-05-28 00:48:49,125 INFO  - Sent message to others cars = 'veh_36 | CartesianPoint{x=150.63,y=63.86,z=0.00}' (at simulation time 290.000,000,000 s)
2025-05-28 00:48:49,177 INFO  - Received event: 290000 (at simulation time IntraVehicleMsg)
2025-05-28 00:48:49,180 INFO  - Sent message to others cars = 'veh_36 | CartesianPoint{x=155.72,y=59.08,z=0.00}' (at simulation time 291.000,000,000 s)
2025-05-28 00:48:49,233 INFO  - Received event: 291000 (at simulation time IntraVehicleMsg)
2025-05-28 00:48:49,236 INFO  - Sent message to others cars = 'veh_36 | CartesianPoint{x=160.95,y=53.33,z=0.00}' (at simulation time 292.000,000,000 s)
2025-05-28 00:48:49,298 INFO  - Received event: 292000 (at simulation time IntraVehicleMsg)
2025-05-28 00:48:49,302 INFO  - Sent message to others cars = 'veh_36 | CartesianPoint{x=166.14,y=47.63,z=0.00}' (at simulation time 293.000,000,000 s)
2025-05-28 00:48:49,361 INFO  - Received event: 293000 (at simulation time IntraVehicleMsg)
2025-05-28 00:48:49,372 INFO  - Sent message to others cars = 'veh_36 | CartesianPoint{x=170.82,y=42.48,z=0.00}' (at simulation time 294.000,000,000 s)
2025-05-28 00:48:49,427 INFO  - Received event: 294000 (at simulation time IntraVehicleMsg)
2025-05-28 00:48:49,431 INFO  - Sent message to others cars = 'veh_36 | CartesianPoint{x=175.90,y=36.90,z=0.00}' (at simulation time 295.000,000,000 s)
2025-05-28 00:48:49,491 INFO  - Received event: 295000 (at simulation time IntraVehicleMsg)
2025-05-28 00:48:49,495 INFO  - Sent message to others cars = 'veh_36 | CartesianPoint{x=180.62,y=31.70,z=0.00}' (at simulation time 296.000,000,000 s)
2025-05-28 00:48:49,557 INFO  - Received event: 296000 (at simulation time IntraVehicleMsg)
2025-05-28 00:48:49,560 INFO  - Sent message to others cars = 'veh_36 | CartesianPoint{x=185.32,y=26.53,z=0.00}' (at simulation time 297.000,000,000 s)
2025-05-28 00:48:49,623 INFO  - Received event: 297000 (at simulation time IntraVehicleMsg)
2025-05-28 00:48:49,634 INFO  - Sent message to others cars = 'veh_36 | CartesianPoint{x=190.02,y=21.36,z=0.00}' (at simulation time 298.000,000,000 s)
2025-05-28 00:48:49,688 INFO  - Received event: 298000 (at simulation time IntraVehicleMsg)
2025-05-28 00:48:49,694 INFO  - Sent message to others cars = 'veh_36 | CartesianPoint{x=195.19,y=15.68,z=0.00}' (at simulation time 299.000,000,000 s)
2025-05-28 00:48:49,744 INFO  - Received event: 299000 (at simulation time IntraVehicleMsg)
2025-05-28 00:48:49,747 INFO  - Sent message to others cars = 'veh_36 | CartesianPoint{x=198.10,y=9.11,z=0.00}' (at simulation time 300.000,000,000 s)
2025-05-28 00:48:49,795 INFO  - Received event: 300000 (at simulation time IntraVehicleMsg)
2025-05-28 00:48:49,798 INFO  - Sent message to others cars = 'veh_36 | CartesianPoint{x=199.94,y=1.49,z=0.00}' (at simulation time 301.000,000,000 s)
2025-05-28 00:48:49,840 INFO  - Received event: 301000 (at simulation time IntraVehicleMsg)
2025-05-28 00:48:49,844 INFO  - ------------------------------------------------------------------------------------- (at simulation time 302.000,000,000 s)
2025-05-28 00:48:49,844 INFO  - Shutdown application (at simulation time 302.000,000,000 s)
2025-05-28 00:48:49,844 INFO  - ------------------------------------------------------------------------------------- (at simulation time 302.000,000,000 s)
