2025-06-06 16:07:51,425 INFO  - Initialize veh_38 application (at simulation time 202.000,000,000 s)
2025-06-06 16:07:51,427 INFO  - Sent periodic GreenWaveMsg: veh_38 on route r_0 (at simulation time 202.000,000,000 s)
2025-06-06 16:07:51,427 INFO  - I have no neighbours to send! (at simulation time 202.000,000,000 s)
2025-06-06 16:07:51,433 INFO  - I have no neighbours to send! (at simulation time 203.000,000,000 s)
2025-06-06 16:07:51,433 INFO  - I have no neighbours to send! (at simulation time 203.000,000,000 s)
2025-06-06 16:07:51,438 INFO  - I have no neighbours to send! (at simulation time 204.000,000,000 s)
2025-06-06 16:07:51,438 INFO  - I have no neighbours to send! (at simulation time 204.000,000,000 s)
2025-06-06 16:07:51,438 INFO  - I have no neighbours to send! (at simulation time 204.000,000,000 s)
2025-06-06 16:07:51,443 INFO  - I have no neighbours to send! (at simulation time 205.000,000,000 s)
2025-06-06 16:07:51,443 INFO  - I have no neighbours to send! (at simulation time 205.000,000,000 s)
2025-06-06 16:07:51,443 INFO  - I have no neighbours to send! (at simulation time 205.000,000,000 s)
2025-06-06 16:07:51,443 INFO  - I have no neighbours to send! (at simulation time 205.000,000,000 s)
2025-06-06 16:07:51,449 INFO  - I have no neighbours to send! (at simulation time 206.000,000,000 s)
2025-06-06 16:07:51,449 INFO  - I have no neighbours to send! (at simulation time 206.000,000,000 s)
2025-06-06 16:07:51,449 INFO  - I have no neighbours to send! (at simulation time 206.000,000,000 s)
2025-06-06 16:07:51,449 INFO  - I have no neighbours to send! (at simulation time 206.000,000,000 s)
2025-06-06 16:07:51,449 INFO  - I have no neighbours to send! (at simulation time 206.000,000,000 s)
2025-06-06 16:07:51,454 INFO  - Sent periodic GreenWaveMsg: veh_38 on route r_0 (at simulation time 207.000,000,000 s)
2025-06-06 16:07:51,454 INFO  - I have no neighbours to send! (at simulation time 207.000,000,000 s)
2025-06-06 16:07:51,454 INFO  - I have no neighbours to send! (at simulation time 207.000,000,000 s)
2025-06-06 16:07:51,454 INFO  - I have no neighbours to send! (at simulation time 207.000,000,000 s)
2025-06-06 16:07:51,454 INFO  - I have no neighbours to send! (at simulation time 207.000,000,000 s)
2025-06-06 16:07:51,454 INFO  - I have no neighbours to send! (at simulation time 207.000,000,000 s)
2025-06-06 16:07:51,454 INFO  - I have no neighbours to send! (at simulation time 207.000,000,000 s)
2025-06-06 16:07:51,459 INFO  - I have no neighbours to send! (at simulation time 208.000,000,000 s)
2025-06-06 16:07:51,459 INFO  - I have no neighbours to send! (at simulation time 208.000,000,000 s)
2025-06-06 16:07:51,459 INFO  - I have no neighbours to send! (at simulation time 208.000,000,000 s)
2025-06-06 16:07:51,459 INFO  - I have no neighbours to send! (at simulation time 208.000,000,000 s)
2025-06-06 16:07:51,459 INFO  - I have no neighbours to send! (at simulation time 208.000,000,000 s)
2025-06-06 16:07:51,459 INFO  - I have no neighbours to send! (at simulation time 208.000,000,000 s)
2025-06-06 16:07:51,459 INFO  - I have no neighbours to send! (at simulation time 208.000,000,000 s)
2025-06-06 16:07:51,464 INFO  - I have no neighbours to send! (at simulation time 209.000,000,000 s)
2025-06-06 16:07:51,464 INFO  - I have no neighbours to send! (at simulation time 209.000,000,000 s)
2025-06-06 16:07:51,464 INFO  - I have no neighbours to send! (at simulation time 209.000,000,000 s)
2025-06-06 16:07:51,464 INFO  - I have no neighbours to send! (at simulation time 209.000,000,000 s)
2025-06-06 16:07:51,464 INFO  - I have no neighbours to send! (at simulation time 209.000,000,000 s)
2025-06-06 16:07:51,464 INFO  - I have no neighbours to send! (at simulation time 209.000,000,000 s)
2025-06-06 16:07:51,464 INFO  - I have no neighbours to send! (at simulation time 209.000,000,000 s)
2025-06-06 16:07:51,464 INFO  - I have no neighbours to send! (at simulation time 209.000,000,000 s)
2025-06-06 16:07:51,469 INFO  - I have no neighbours to send! (at simulation time 210.000,000,000 s)
2025-06-06 16:07:51,469 INFO  - I have no neighbours to send! (at simulation time 210.000,000,000 s)
2025-06-06 16:07:51,469 INFO  - I have no neighbours to send! (at simulation time 210.000,000,000 s)
2025-06-06 16:07:51,470 INFO  - I have no neighbours to send! (at simulation time 210.000,000,000 s)
2025-06-06 16:07:51,470 INFO  - I have no neighbours to send! (at simulation time 210.000,000,000 s)
2025-06-06 16:07:51,470 INFO  - I have no neighbours to send! (at simulation time 210.000,000,000 s)
2025-06-06 16:07:51,470 INFO  - I have no neighbours to send! (at simulation time 210.000,000,000 s)
2025-06-06 16:07:51,470 INFO  - I have no neighbours to send! (at simulation time 210.000,000,000 s)
2025-06-06 16:07:51,470 INFO  - I have no neighbours to send! (at simulation time 210.000,000,000 s)
2025-06-06 16:07:51,474 INFO  - Received metrics from FogNode: avgR0=1.4285714285714286, avgR1=1.9523809523809523 (at simulation time 210.002,300,000 s)
2025-06-06 16:07:51,476 INFO  - I have no neighbours to send! (at simulation time 211.000,000,000 s)
2025-06-06 16:07:51,476 INFO  - I have no neighbours to send! (at simulation time 211.000,000,000 s)
2025-06-06 16:07:51,476 INFO  - I have no neighbours to send! (at simulation time 211.000,000,000 s)
2025-06-06 16:07:51,476 INFO  - I have no neighbours to send! (at simulation time 211.000,000,000 s)
2025-06-06 16:07:51,476 INFO  - I have no neighbours to send! (at simulation time 211.000,000,000 s)
2025-06-06 16:07:51,476 INFO  - I have no neighbours to send! (at simulation time 211.000,000,000 s)
2025-06-06 16:07:51,476 INFO  - I have no neighbours to send! (at simulation time 211.000,000,000 s)
2025-06-06 16:07:51,476 INFO  - I have no neighbours to send! (at simulation time 211.000,000,000 s)
2025-06-06 16:07:51,476 INFO  - I have no neighbours to send! (at simulation time 211.000,000,000 s)
2025-06-06 16:07:51,476 INFO  - I have no neighbours to send! (at simulation time 211.000,000,000 s)
2025-06-06 16:07:51,493 INFO  - Sent periodic GreenWaveMsg: veh_38 on route r_0 (at simulation time 212.000,000,000 s)
2025-06-06 16:07:51,493 INFO  - I have no neighbours to send! (at simulation time 212.000,000,000 s)
2025-06-06 16:07:51,493 INFO  - I have no neighbours to send! (at simulation time 212.000,000,000 s)
2025-06-06 16:07:51,493 INFO  - I have no neighbours to send! (at simulation time 212.000,000,000 s)
2025-06-06 16:07:51,493 INFO  - I have no neighbours to send! (at simulation time 212.000,000,000 s)
2025-06-06 16:07:51,493 INFO  - I have no neighbours to send! (at simulation time 212.000,000,000 s)
2025-06-06 16:07:51,493 INFO  - I have no neighbours to send! (at simulation time 212.000,000,000 s)
2025-06-06 16:07:51,494 INFO  - I have no neighbours to send! (at simulation time 212.000,000,000 s)
2025-06-06 16:07:51,494 INFO  - I have no neighbours to send! (at simulation time 212.000,000,000 s)
2025-06-06 16:07:51,494 INFO  - I have no neighbours to send! (at simulation time 212.000,000,000 s)
2025-06-06 16:07:51,494 INFO  - I have no neighbours to send! (at simulation time 212.000,000,000 s)
2025-06-06 16:07:51,494 INFO  - I have no neighbours to send! (at simulation time 212.000,000,000 s)
2025-06-06 16:07:51,499 INFO  - I have no neighbours to send! (at simulation time 213.000,000,000 s)
2025-06-06 16:07:51,499 INFO  - I have no neighbours to send! (at simulation time 213.000,000,000 s)
2025-06-06 16:07:51,499 INFO  - I have no neighbours to send! (at simulation time 213.000,000,000 s)
2025-06-06 16:07:51,500 INFO  - I have no neighbours to send! (at simulation time 213.000,000,000 s)
2025-06-06 16:07:51,500 INFO  - I have no neighbours to send! (at simulation time 213.000,000,000 s)
2025-06-06 16:07:51,500 INFO  - I have no neighbours to send! (at simulation time 213.000,000,000 s)
2025-06-06 16:07:51,500 INFO  - I have no neighbours to send! (at simulation time 213.000,000,000 s)
2025-06-06 16:07:51,500 INFO  - I have no neighbours to send! (at simulation time 213.000,000,000 s)
2025-06-06 16:07:51,500 INFO  - I have no neighbours to send! (at simulation time 213.000,000,000 s)
2025-06-06 16:07:51,500 INFO  - I have no neighbours to send! (at simulation time 213.000,000,000 s)
2025-06-06 16:07:51,500 INFO  - I have no neighbours to send! (at simulation time 213.000,000,000 s)
2025-06-06 16:07:51,500 INFO  - I have no neighbours to send! (at simulation time 213.000,000,000 s)
2025-06-06 16:07:51,505 INFO  - I have no neighbours to send! (at simulation time 214.000,000,000 s)
2025-06-06 16:07:51,505 INFO  - I have no neighbours to send! (at simulation time 214.000,000,000 s)
2025-06-06 16:07:51,505 INFO  - I have no neighbours to send! (at simulation time 214.000,000,000 s)
2025-06-06 16:07:51,505 INFO  - I have no neighbours to send! (at simulation time 214.000,000,000 s)
2025-06-06 16:07:51,505 INFO  - I have no neighbours to send! (at simulation time 214.000,000,000 s)
2025-06-06 16:07:51,506 INFO  - I have no neighbours to send! (at simulation time 214.000,000,000 s)
2025-06-06 16:07:51,506 INFO  - I have no neighbours to send! (at simulation time 214.000,000,000 s)
2025-06-06 16:07:51,506 INFO  - I have no neighbours to send! (at simulation time 214.000,000,000 s)
2025-06-06 16:07:51,506 INFO  - I have no neighbours to send! (at simulation time 214.000,000,000 s)
2025-06-06 16:07:51,506 INFO  - I have no neighbours to send! (at simulation time 214.000,000,000 s)
2025-06-06 16:07:51,506 INFO  - I have no neighbours to send! (at simulation time 214.000,000,000 s)
2025-06-06 16:07:51,506 INFO  - I have no neighbours to send! (at simulation time 214.000,000,000 s)
2025-06-06 16:07:51,506 INFO  - I have no neighbours to send! (at simulation time 214.000,000,000 s)
2025-06-06 16:07:51,511 INFO  - I have no neighbours to send! (at simulation time 215.000,000,000 s)
2025-06-06 16:07:51,512 INFO  - I have no neighbours to send! (at simulation time 215.000,000,000 s)
2025-06-06 16:07:51,512 INFO  - I have no neighbours to send! (at simulation time 215.000,000,000 s)
2025-06-06 16:07:51,512 INFO  - I have no neighbours to send! (at simulation time 215.000,000,000 s)
2025-06-06 16:07:51,512 INFO  - I have no neighbours to send! (at simulation time 215.000,000,000 s)
2025-06-06 16:07:51,512 INFO  - I have no neighbours to send! (at simulation time 215.000,000,000 s)
2025-06-06 16:07:51,512 INFO  - I have no neighbours to send! (at simulation time 215.000,000,000 s)
2025-06-06 16:07:51,512 INFO  - I have no neighbours to send! (at simulation time 215.000,000,000 s)
2025-06-06 16:07:51,512 INFO  - I have no neighbours to send! (at simulation time 215.000,000,000 s)
2025-06-06 16:07:51,512 INFO  - I have no neighbours to send! (at simulation time 215.000,000,000 s)
2025-06-06 16:07:51,512 INFO  - I have no neighbours to send! (at simulation time 215.000,000,000 s)
2025-06-06 16:07:51,512 INFO  - I have no neighbours to send! (at simulation time 215.000,000,000 s)
2025-06-06 16:07:51,512 INFO  - I have no neighbours to send! (at simulation time 215.000,000,000 s)
2025-06-06 16:07:51,512 INFO  - I have no neighbours to send! (at simulation time 215.000,000,000 s)
2025-06-06 16:07:51,518 INFO  - I have no neighbours to send! (at simulation time 216.000,000,000 s)
2025-06-06 16:07:51,519 INFO  - I have no neighbours to send! (at simulation time 216.000,000,000 s)
2025-06-06 16:07:51,519 INFO  - I have no neighbours to send! (at simulation time 216.000,000,000 s)
2025-06-06 16:07:51,519 INFO  - I have no neighbours to send! (at simulation time 216.000,000,000 s)
2025-06-06 16:07:51,519 INFO  - I have no neighbours to send! (at simulation time 216.000,000,000 s)
2025-06-06 16:07:51,519 INFO  - I have no neighbours to send! (at simulation time 216.000,000,000 s)
2025-06-06 16:07:51,519 INFO  - I have no neighbours to send! (at simulation time 216.000,000,000 s)
2025-06-06 16:07:51,519 INFO  - I have no neighbours to send! (at simulation time 216.000,000,000 s)
2025-06-06 16:07:51,519 INFO  - I have no neighbours to send! (at simulation time 216.000,000,000 s)
2025-06-06 16:07:51,519 INFO  - I have no neighbours to send! (at simulation time 216.000,000,000 s)
2025-06-06 16:07:51,519 INFO  - I have no neighbours to send! (at simulation time 216.000,000,000 s)
2025-06-06 16:07:51,519 INFO  - I have no neighbours to send! (at simulation time 216.000,000,000 s)
2025-06-06 16:07:51,519 INFO  - I have no neighbours to send! (at simulation time 216.000,000,000 s)
2025-06-06 16:07:51,519 INFO  - I have no neighbours to send! (at simulation time 216.000,000,000 s)
2025-06-06 16:07:51,519 INFO  - I have no neighbours to send! (at simulation time 216.000,000,000 s)
2025-06-06 16:07:51,525 INFO  - Sent periodic GreenWaveMsg: veh_38 on route r_0 (at simulation time 217.000,000,000 s)
2025-06-06 16:07:51,525 INFO  - I have no neighbours to send! (at simulation time 217.000,000,000 s)
2025-06-06 16:07:51,525 INFO  - I have no neighbours to send! (at simulation time 217.000,000,000 s)
2025-06-06 16:07:51,525 INFO  - I have no neighbours to send! (at simulation time 217.000,000,000 s)
2025-06-06 16:07:51,525 INFO  - I have no neighbours to send! (at simulation time 217.000,000,000 s)
2025-06-06 16:07:51,525 INFO  - I have no neighbours to send! (at simulation time 217.000,000,000 s)
2025-06-06 16:07:51,525 INFO  - I have no neighbours to send! (at simulation time 217.000,000,000 s)
2025-06-06 16:07:51,525 INFO  - I have no neighbours to send! (at simulation time 217.000,000,000 s)
2025-06-06 16:07:51,525 INFO  - I have no neighbours to send! (at simulation time 217.000,000,000 s)
2025-06-06 16:07:51,526 INFO  - I have no neighbours to send! (at simulation time 217.000,000,000 s)
2025-06-06 16:07:51,526 INFO  - I have no neighbours to send! (at simulation time 217.000,000,000 s)
2025-06-06 16:07:51,526 INFO  - I have no neighbours to send! (at simulation time 217.000,000,000 s)
2025-06-06 16:07:51,526 INFO  - I have no neighbours to send! (at simulation time 217.000,000,000 s)
2025-06-06 16:07:51,526 INFO  - I have no neighbours to send! (at simulation time 217.000,000,000 s)
2025-06-06 16:07:51,526 INFO  - I have no neighbours to send! (at simulation time 217.000,000,000 s)
2025-06-06 16:07:51,526 INFO  - I have no neighbours to send! (at simulation time 217.000,000,000 s)
2025-06-06 16:07:51,526 INFO  - I have no neighbours to send! (at simulation time 217.000,000,000 s)
2025-06-06 16:07:51,531 INFO  - I have no neighbours to send! (at simulation time 218.000,000,000 s)
2025-06-06 16:07:51,532 INFO  - I have no neighbours to send! (at simulation time 218.000,000,000 s)
2025-06-06 16:07:51,532 INFO  - I have no neighbours to send! (at simulation time 218.000,000,000 s)
2025-06-06 16:07:51,532 INFO  - I have no neighbours to send! (at simulation time 218.000,000,000 s)
2025-06-06 16:07:51,532 INFO  - I have no neighbours to send! (at simulation time 218.000,000,000 s)
2025-06-06 16:07:51,532 INFO  - I have no neighbours to send! (at simulation time 218.000,000,000 s)
2025-06-06 16:07:51,532 INFO  - I have no neighbours to send! (at simulation time 218.000,000,000 s)
2025-06-06 16:07:51,532 INFO  - I have no neighbours to send! (at simulation time 218.000,000,000 s)
2025-06-06 16:07:51,532 INFO  - I have no neighbours to send! (at simulation time 218.000,000,000 s)
2025-06-06 16:07:51,532 INFO  - I have no neighbours to send! (at simulation time 218.000,000,000 s)
2025-06-06 16:07:51,532 INFO  - I have no neighbours to send! (at simulation time 218.000,000,000 s)
2025-06-06 16:07:51,532 INFO  - I have no neighbours to send! (at simulation time 218.000,000,000 s)
2025-06-06 16:07:51,532 INFO  - I have no neighbours to send! (at simulation time 218.000,000,000 s)
2025-06-06 16:07:51,532 INFO  - I have no neighbours to send! (at simulation time 218.000,000,000 s)
2025-06-06 16:07:51,533 INFO  - I have no neighbours to send! (at simulation time 218.000,000,000 s)
2025-06-06 16:07:51,533 INFO  - I have no neighbours to send! (at simulation time 218.000,000,000 s)
2025-06-06 16:07:51,533 INFO  - I have no neighbours to send! (at simulation time 218.000,000,000 s)
2025-06-06 16:07:51,541 INFO  - I have no neighbours to send! (at simulation time 219.000,000,000 s)
2025-06-06 16:07:51,541 INFO  - I have no neighbours to send! (at simulation time 219.000,000,000 s)
2025-06-06 16:07:51,541 INFO  - I have no neighbours to send! (at simulation time 219.000,000,000 s)
2025-06-06 16:07:51,541 INFO  - I have no neighbours to send! (at simulation time 219.000,000,000 s)
2025-06-06 16:07:51,541 INFO  - I have no neighbours to send! (at simulation time 219.000,000,000 s)
2025-06-06 16:07:51,541 INFO  - I have no neighbours to send! (at simulation time 219.000,000,000 s)
2025-06-06 16:07:51,541 INFO  - I have no neighbours to send! (at simulation time 219.000,000,000 s)
2025-06-06 16:07:51,542 INFO  - I have no neighbours to send! (at simulation time 219.000,000,000 s)
2025-06-06 16:07:51,542 INFO  - I have no neighbours to send! (at simulation time 219.000,000,000 s)
2025-06-06 16:07:51,542 INFO  - I have no neighbours to send! (at simulation time 219.000,000,000 s)
2025-06-06 16:07:51,542 INFO  - I have no neighbours to send! (at simulation time 219.000,000,000 s)
2025-06-06 16:07:51,542 INFO  - I have no neighbours to send! (at simulation time 219.000,000,000 s)
2025-06-06 16:07:51,542 INFO  - I have no neighbours to send! (at simulation time 219.000,000,000 s)
2025-06-06 16:07:51,542 INFO  - I have no neighbours to send! (at simulation time 219.000,000,000 s)
2025-06-06 16:07:51,542 INFO  - I have no neighbours to send! (at simulation time 219.000,000,000 s)
2025-06-06 16:07:51,542 INFO  - I have no neighbours to send! (at simulation time 219.000,000,000 s)
2025-06-06 16:07:51,542 INFO  - I have no neighbours to send! (at simulation time 219.000,000,000 s)
2025-06-06 16:07:51,542 INFO  - I have no neighbours to send! (at simulation time 219.000,000,000 s)
2025-06-06 16:07:51,548 INFO  - I have no neighbours to send! (at simulation time 220.000,000,000 s)
2025-06-06 16:07:51,548 INFO  - I have no neighbours to send! (at simulation time 220.000,000,000 s)
2025-06-06 16:07:51,548 INFO  - I have no neighbours to send! (at simulation time 220.000,000,000 s)
2025-06-06 16:07:51,548 INFO  - I have no neighbours to send! (at simulation time 220.000,000,000 s)
2025-06-06 16:07:51,549 INFO  - I have no neighbours to send! (at simulation time 220.000,000,000 s)
2025-06-06 16:07:51,549 INFO  - I have no neighbours to send! (at simulation time 220.000,000,000 s)
2025-06-06 16:07:51,549 INFO  - I have no neighbours to send! (at simulation time 220.000,000,000 s)
2025-06-06 16:07:51,549 INFO  - I have no neighbours to send! (at simulation time 220.000,000,000 s)
2025-06-06 16:07:51,549 INFO  - I have no neighbours to send! (at simulation time 220.000,000,000 s)
2025-06-06 16:07:51,549 INFO  - I have no neighbours to send! (at simulation time 220.000,000,000 s)
2025-06-06 16:07:51,549 INFO  - I have no neighbours to send! (at simulation time 220.000,000,000 s)
2025-06-06 16:07:51,549 INFO  - I have no neighbours to send! (at simulation time 220.000,000,000 s)
2025-06-06 16:07:51,549 INFO  - I have no neighbours to send! (at simulation time 220.000,000,000 s)
2025-06-06 16:07:51,549 INFO  - I have no neighbours to send! (at simulation time 220.000,000,000 s)
2025-06-06 16:07:51,549 INFO  - I have no neighbours to send! (at simulation time 220.000,000,000 s)
2025-06-06 16:07:51,549 INFO  - I have no neighbours to send! (at simulation time 220.000,000,000 s)
2025-06-06 16:07:51,549 INFO  - I have no neighbours to send! (at simulation time 220.000,000,000 s)
2025-06-06 16:07:51,549 INFO  - I have no neighbours to send! (at simulation time 220.000,000,000 s)
2025-06-06 16:07:51,549 INFO  - I have no neighbours to send! (at simulation time 220.000,000,000 s)
2025-06-06 16:07:51,553 INFO  - Received metrics from FogNode: avgR0=1.4545454545454546, avgR1=2.0 (at simulation time 220.003,300,000 s)
2025-06-06 16:07:51,555 INFO  - I have no neighbours to send! (at simulation time 221.000,000,000 s)
2025-06-06 16:07:51,555 INFO  - I have no neighbours to send! (at simulation time 221.000,000,000 s)
2025-06-06 16:07:51,555 INFO  - I have no neighbours to send! (at simulation time 221.000,000,000 s)
2025-06-06 16:07:51,555 INFO  - I have no neighbours to send! (at simulation time 221.000,000,000 s)
2025-06-06 16:07:51,555 INFO  - I have no neighbours to send! (at simulation time 221.000,000,000 s)
2025-06-06 16:07:51,555 INFO  - I have no neighbours to send! (at simulation time 221.000,000,000 s)
2025-06-06 16:07:51,556 INFO  - I have no neighbours to send! (at simulation time 221.000,000,000 s)
2025-06-06 16:07:51,556 INFO  - I have no neighbours to send! (at simulation time 221.000,000,000 s)
2025-06-06 16:07:51,556 INFO  - I have no neighbours to send! (at simulation time 221.000,000,000 s)
2025-06-06 16:07:51,556 INFO  - I have no neighbours to send! (at simulation time 221.000,000,000 s)
2025-06-06 16:07:51,556 INFO  - I have no neighbours to send! (at simulation time 221.000,000,000 s)
2025-06-06 16:07:51,556 INFO  - I have no neighbours to send! (at simulation time 221.000,000,000 s)
2025-06-06 16:07:51,556 INFO  - I have no neighbours to send! (at simulation time 221.000,000,000 s)
2025-06-06 16:07:51,556 INFO  - I have no neighbours to send! (at simulation time 221.000,000,000 s)
2025-06-06 16:07:51,556 INFO  - I have no neighbours to send! (at simulation time 221.000,000,000 s)
2025-06-06 16:07:51,556 INFO  - I have no neighbours to send! (at simulation time 221.000,000,000 s)
2025-06-06 16:07:51,556 INFO  - I have no neighbours to send! (at simulation time 221.000,000,000 s)
2025-06-06 16:07:51,556 INFO  - I have no neighbours to send! (at simulation time 221.000,000,000 s)
2025-06-06 16:07:51,556 INFO  - I have no neighbours to send! (at simulation time 221.000,000,000 s)
2025-06-06 16:07:51,556 INFO  - I have no neighbours to send! (at simulation time 221.000,000,000 s)
2025-06-06 16:07:51,565 INFO  - Sent periodic GreenWaveMsg: veh_38 on route r_0 (at simulation time 222.000,000,000 s)
2025-06-06 16:07:51,565 INFO  - I have no neighbours to send! (at simulation time 222.000,000,000 s)
2025-06-06 16:07:51,566 INFO  - I have no neighbours to send! (at simulation time 222.000,000,000 s)
2025-06-06 16:07:51,566 INFO  - I have no neighbours to send! (at simulation time 222.000,000,000 s)
2025-06-06 16:07:51,566 INFO  - I have no neighbours to send! (at simulation time 222.000,000,000 s)
2025-06-06 16:07:51,566 INFO  - I have no neighbours to send! (at simulation time 222.000,000,000 s)
2025-06-06 16:07:51,566 INFO  - I have no neighbours to send! (at simulation time 222.000,000,000 s)
2025-06-06 16:07:51,566 INFO  - I have no neighbours to send! (at simulation time 222.000,000,000 s)
2025-06-06 16:07:51,566 INFO  - I have no neighbours to send! (at simulation time 222.000,000,000 s)
2025-06-06 16:07:51,566 INFO  - I have no neighbours to send! (at simulation time 222.000,000,000 s)
2025-06-06 16:07:51,566 INFO  - I have no neighbours to send! (at simulation time 222.000,000,000 s)
2025-06-06 16:07:51,566 INFO  - I have no neighbours to send! (at simulation time 222.000,000,000 s)
2025-06-06 16:07:51,567 INFO  - I have no neighbours to send! (at simulation time 222.000,000,000 s)
2025-06-06 16:07:51,567 INFO  - I have no neighbours to send! (at simulation time 222.000,000,000 s)
2025-06-06 16:07:51,567 INFO  - I have no neighbours to send! (at simulation time 222.000,000,000 s)
2025-06-06 16:07:51,567 INFO  - I have no neighbours to send! (at simulation time 222.000,000,000 s)
2025-06-06 16:07:51,567 INFO  - I have no neighbours to send! (at simulation time 222.000,000,000 s)
2025-06-06 16:07:51,567 INFO  - I have no neighbours to send! (at simulation time 222.000,000,000 s)
2025-06-06 16:07:51,567 INFO  - I have no neighbours to send! (at simulation time 222.000,000,000 s)
2025-06-06 16:07:51,567 INFO  - I have no neighbours to send! (at simulation time 222.000,000,000 s)
2025-06-06 16:07:51,567 INFO  - I have no neighbours to send! (at simulation time 222.000,000,000 s)
2025-06-06 16:07:51,567 INFO  - I have no neighbours to send! (at simulation time 222.000,000,000 s)
2025-06-06 16:07:51,574 INFO  - I have no neighbours to send! (at simulation time 223.000,000,000 s)
2025-06-06 16:07:51,574 INFO  - I have no neighbours to send! (at simulation time 223.000,000,000 s)
2025-06-06 16:07:51,574 INFO  - I have no neighbours to send! (at simulation time 223.000,000,000 s)
2025-06-06 16:07:51,574 INFO  - I have no neighbours to send! (at simulation time 223.000,000,000 s)
2025-06-06 16:07:51,575 INFO  - I have no neighbours to send! (at simulation time 223.000,000,000 s)
2025-06-06 16:07:51,575 INFO  - I have no neighbours to send! (at simulation time 223.000,000,000 s)
2025-06-06 16:07:51,575 INFO  - I have no neighbours to send! (at simulation time 223.000,000,000 s)
2025-06-06 16:07:51,575 INFO  - I have no neighbours to send! (at simulation time 223.000,000,000 s)
2025-06-06 16:07:51,575 INFO  - I have no neighbours to send! (at simulation time 223.000,000,000 s)
2025-06-06 16:07:51,575 INFO  - I have no neighbours to send! (at simulation time 223.000,000,000 s)
2025-06-06 16:07:51,575 INFO  - I have no neighbours to send! (at simulation time 223.000,000,000 s)
2025-06-06 16:07:51,575 INFO  - I have no neighbours to send! (at simulation time 223.000,000,000 s)
2025-06-06 16:07:51,575 INFO  - I have no neighbours to send! (at simulation time 223.000,000,000 s)
2025-06-06 16:07:51,575 INFO  - I have no neighbours to send! (at simulation time 223.000,000,000 s)
2025-06-06 16:07:51,576 INFO  - I have no neighbours to send! (at simulation time 223.000,000,000 s)
2025-06-06 16:07:51,576 INFO  - I have no neighbours to send! (at simulation time 223.000,000,000 s)
2025-06-06 16:07:51,576 INFO  - I have no neighbours to send! (at simulation time 223.000,000,000 s)
2025-06-06 16:07:51,576 INFO  - I have no neighbours to send! (at simulation time 223.000,000,000 s)
2025-06-06 16:07:51,576 INFO  - I have no neighbours to send! (at simulation time 223.000,000,000 s)
2025-06-06 16:07:51,576 INFO  - I have no neighbours to send! (at simulation time 223.000,000,000 s)
2025-06-06 16:07:51,576 INFO  - I have no neighbours to send! (at simulation time 223.000,000,000 s)
2025-06-06 16:07:51,576 INFO  - I have no neighbours to send! (at simulation time 223.000,000,000 s)
2025-06-06 16:07:51,582 INFO  - I have no neighbours to send! (at simulation time 224.000,000,000 s)
2025-06-06 16:07:51,582 INFO  - I have no neighbours to send! (at simulation time 224.000,000,000 s)
2025-06-06 16:07:51,582 INFO  - I have no neighbours to send! (at simulation time 224.000,000,000 s)
2025-06-06 16:07:51,583 INFO  - I have no neighbours to send! (at simulation time 224.000,000,000 s)
2025-06-06 16:07:51,583 INFO  - I have no neighbours to send! (at simulation time 224.000,000,000 s)
2025-06-06 16:07:51,583 INFO  - I have no neighbours to send! (at simulation time 224.000,000,000 s)
2025-06-06 16:07:51,583 INFO  - I have no neighbours to send! (at simulation time 224.000,000,000 s)
2025-06-06 16:07:51,583 INFO  - I have no neighbours to send! (at simulation time 224.000,000,000 s)
2025-06-06 16:07:51,583 INFO  - I have no neighbours to send! (at simulation time 224.000,000,000 s)
2025-06-06 16:07:51,583 INFO  - I have no neighbours to send! (at simulation time 224.000,000,000 s)
2025-06-06 16:07:51,583 INFO  - I have no neighbours to send! (at simulation time 224.000,000,000 s)
2025-06-06 16:07:51,583 INFO  - I have no neighbours to send! (at simulation time 224.000,000,000 s)
2025-06-06 16:07:51,583 INFO  - I have no neighbours to send! (at simulation time 224.000,000,000 s)
2025-06-06 16:07:51,584 INFO  - I have no neighbours to send! (at simulation time 224.000,000,000 s)
2025-06-06 16:07:51,584 INFO  - I have no neighbours to send! (at simulation time 224.000,000,000 s)
2025-06-06 16:07:51,584 INFO  - I have no neighbours to send! (at simulation time 224.000,000,000 s)
2025-06-06 16:07:51,584 INFO  - I have no neighbours to send! (at simulation time 224.000,000,000 s)
2025-06-06 16:07:51,584 INFO  - I have no neighbours to send! (at simulation time 224.000,000,000 s)
2025-06-06 16:07:51,584 INFO  - I have no neighbours to send! (at simulation time 224.000,000,000 s)
2025-06-06 16:07:51,584 INFO  - I have no neighbours to send! (at simulation time 224.000,000,000 s)
2025-06-06 16:07:51,584 INFO  - I have no neighbours to send! (at simulation time 224.000,000,000 s)
2025-06-06 16:07:51,584 INFO  - I have no neighbours to send! (at simulation time 224.000,000,000 s)
2025-06-06 16:07:51,584 INFO  - I have no neighbours to send! (at simulation time 224.000,000,000 s)
2025-06-06 16:07:51,591 INFO  - I have no neighbours to send! (at simulation time 225.000,000,000 s)
2025-06-06 16:07:51,591 INFO  - I have no neighbours to send! (at simulation time 225.000,000,000 s)
2025-06-06 16:07:51,591 INFO  - I have no neighbours to send! (at simulation time 225.000,000,000 s)
2025-06-06 16:07:51,591 INFO  - I have no neighbours to send! (at simulation time 225.000,000,000 s)
2025-06-06 16:07:51,591 INFO  - I have no neighbours to send! (at simulation time 225.000,000,000 s)
2025-06-06 16:07:51,591 INFO  - I have no neighbours to send! (at simulation time 225.000,000,000 s)
2025-06-06 16:07:51,591 INFO  - I have no neighbours to send! (at simulation time 225.000,000,000 s)
2025-06-06 16:07:51,591 INFO  - I have no neighbours to send! (at simulation time 225.000,000,000 s)
2025-06-06 16:07:51,591 INFO  - I have no neighbours to send! (at simulation time 225.000,000,000 s)
2025-06-06 16:07:51,592 INFO  - I have no neighbours to send! (at simulation time 225.000,000,000 s)
2025-06-06 16:07:51,592 INFO  - I have no neighbours to send! (at simulation time 225.000,000,000 s)
2025-06-06 16:07:51,592 INFO  - I have no neighbours to send! (at simulation time 225.000,000,000 s)
2025-06-06 16:07:51,592 INFO  - I have no neighbours to send! (at simulation time 225.000,000,000 s)
2025-06-06 16:07:51,592 INFO  - I have no neighbours to send! (at simulation time 225.000,000,000 s)
2025-06-06 16:07:51,592 INFO  - I have no neighbours to send! (at simulation time 225.000,000,000 s)
2025-06-06 16:07:51,592 INFO  - I have no neighbours to send! (at simulation time 225.000,000,000 s)
2025-06-06 16:07:51,592 INFO  - I have no neighbours to send! (at simulation time 225.000,000,000 s)
2025-06-06 16:07:51,592 INFO  - I have no neighbours to send! (at simulation time 225.000,000,000 s)
2025-06-06 16:07:51,592 INFO  - I have no neighbours to send! (at simulation time 225.000,000,000 s)
2025-06-06 16:07:51,592 INFO  - I have no neighbours to send! (at simulation time 225.000,000,000 s)
2025-06-06 16:07:51,592 INFO  - I have no neighbours to send! (at simulation time 225.000,000,000 s)
2025-06-06 16:07:51,592 INFO  - I have no neighbours to send! (at simulation time 225.000,000,000 s)
2025-06-06 16:07:51,592 INFO  - I have no neighbours to send! (at simulation time 225.000,000,000 s)
2025-06-06 16:07:51,592 INFO  - I have no neighbours to send! (at simulation time 225.000,000,000 s)
2025-06-06 16:07:51,598 INFO  - I have no neighbours to send! (at simulation time 226.000,000,000 s)
2025-06-06 16:07:51,598 INFO  - I have no neighbours to send! (at simulation time 226.000,000,000 s)
2025-06-06 16:07:51,598 INFO  - I have no neighbours to send! (at simulation time 226.000,000,000 s)
2025-06-06 16:07:51,599 INFO  - I have no neighbours to send! (at simulation time 226.000,000,000 s)
2025-06-06 16:07:51,599 INFO  - I have no neighbours to send! (at simulation time 226.000,000,000 s)
2025-06-06 16:07:51,599 INFO  - I have no neighbours to send! (at simulation time 226.000,000,000 s)
2025-06-06 16:07:51,599 INFO  - I have no neighbours to send! (at simulation time 226.000,000,000 s)
2025-06-06 16:07:51,599 INFO  - I have no neighbours to send! (at simulation time 226.000,000,000 s)
2025-06-06 16:07:51,599 INFO  - I have no neighbours to send! (at simulation time 226.000,000,000 s)
2025-06-06 16:07:51,599 INFO  - I have no neighbours to send! (at simulation time 226.000,000,000 s)
2025-06-06 16:07:51,599 INFO  - I have no neighbours to send! (at simulation time 226.000,000,000 s)
2025-06-06 16:07:51,599 INFO  - I have no neighbours to send! (at simulation time 226.000,000,000 s)
2025-06-06 16:07:51,599 INFO  - I have no neighbours to send! (at simulation time 226.000,000,000 s)
2025-06-06 16:07:51,599 INFO  - I have no neighbours to send! (at simulation time 226.000,000,000 s)
2025-06-06 16:07:51,599 INFO  - I have no neighbours to send! (at simulation time 226.000,000,000 s)
2025-06-06 16:07:51,600 INFO  - I have no neighbours to send! (at simulation time 226.000,000,000 s)
2025-06-06 16:07:51,600 INFO  - I have no neighbours to send! (at simulation time 226.000,000,000 s)
2025-06-06 16:07:51,600 INFO  - I have no neighbours to send! (at simulation time 226.000,000,000 s)
2025-06-06 16:07:51,600 INFO  - I have no neighbours to send! (at simulation time 226.000,000,000 s)
2025-06-06 16:07:51,600 INFO  - I have no neighbours to send! (at simulation time 226.000,000,000 s)
2025-06-06 16:07:51,600 INFO  - I have no neighbours to send! (at simulation time 226.000,000,000 s)
2025-06-06 16:07:51,600 INFO  - I have no neighbours to send! (at simulation time 226.000,000,000 s)
2025-06-06 16:07:51,600 INFO  - I have no neighbours to send! (at simulation time 226.000,000,000 s)
2025-06-06 16:07:51,600 INFO  - I have no neighbours to send! (at simulation time 226.000,000,000 s)
2025-06-06 16:07:51,600 INFO  - I have no neighbours to send! (at simulation time 226.000,000,000 s)
2025-06-06 16:07:51,607 INFO  - Sent periodic GreenWaveMsg: veh_38 on route r_0 (at simulation time 227.000,000,000 s)
2025-06-06 16:07:51,607 INFO  - I have no neighbours to send! (at simulation time 227.000,000,000 s)
2025-06-06 16:07:51,607 INFO  - I have no neighbours to send! (at simulation time 227.000,000,000 s)
2025-06-06 16:07:51,607 INFO  - I have no neighbours to send! (at simulation time 227.000,000,000 s)
2025-06-06 16:07:51,608 INFO  - I have no neighbours to send! (at simulation time 227.000,000,000 s)
2025-06-06 16:07:51,608 INFO  - I have no neighbours to send! (at simulation time 227.000,000,000 s)
2025-06-06 16:07:51,608 INFO  - I have no neighbours to send! (at simulation time 227.000,000,000 s)
2025-06-06 16:07:51,608 INFO  - I have no neighbours to send! (at simulation time 227.000,000,000 s)
2025-06-06 16:07:51,608 INFO  - I have no neighbours to send! (at simulation time 227.000,000,000 s)
2025-06-06 16:07:51,608 INFO  - I have no neighbours to send! (at simulation time 227.000,000,000 s)
2025-06-06 16:07:51,608 INFO  - I have no neighbours to send! (at simulation time 227.000,000,000 s)
2025-06-06 16:07:51,608 INFO  - I have no neighbours to send! (at simulation time 227.000,000,000 s)
2025-06-06 16:07:51,608 INFO  - I have no neighbours to send! (at simulation time 227.000,000,000 s)
2025-06-06 16:07:51,608 INFO  - I have no neighbours to send! (at simulation time 227.000,000,000 s)
2025-06-06 16:07:51,608 INFO  - I have no neighbours to send! (at simulation time 227.000,000,000 s)
2025-06-06 16:07:51,608 INFO  - I have no neighbours to send! (at simulation time 227.000,000,000 s)
2025-06-06 16:07:51,608 INFO  - I have no neighbours to send! (at simulation time 227.000,000,000 s)
2025-06-06 16:07:51,609 INFO  - I have no neighbours to send! (at simulation time 227.000,000,000 s)
2025-06-06 16:07:51,609 INFO  - I have no neighbours to send! (at simulation time 227.000,000,000 s)
2025-06-06 16:07:51,609 INFO  - I have no neighbours to send! (at simulation time 227.000,000,000 s)
2025-06-06 16:07:51,609 INFO  - I have no neighbours to send! (at simulation time 227.000,000,000 s)
2025-06-06 16:07:51,609 INFO  - I have no neighbours to send! (at simulation time 227.000,000,000 s)
2025-06-06 16:07:51,609 INFO  - I have no neighbours to send! (at simulation time 227.000,000,000 s)
2025-06-06 16:07:51,609 INFO  - I have no neighbours to send! (at simulation time 227.000,000,000 s)
2025-06-06 16:07:51,609 INFO  - I have no neighbours to send! (at simulation time 227.000,000,000 s)
2025-06-06 16:07:51,609 INFO  - I have no neighbours to send! (at simulation time 227.000,000,000 s)
2025-06-06 16:07:51,609 INFO  - I have no neighbours to send! (at simulation time 227.000,000,000 s)
2025-06-06 16:07:51,631 INFO  - Received metrics from FogNode: avgR0=1.4782608695652173, avgR1=2.0 (at simulation time 230.003,800,000 s)
2025-06-06 16:07:51,639 INFO  - Sent periodic GreenWaveMsg: veh_38 on route r_0 (at simulation time 232.000,000,000 s)
2025-06-06 16:07:51,677 INFO  - Sent periodic GreenWaveMsg: veh_38 on route r_0 (at simulation time 237.000,000,000 s)
2025-06-06 16:07:51,702 INFO  - Received metrics from FogNode: avgR0=1.4583333333333333, avgR1=1.9583333333333333 (at simulation time 240.004,300,000 s)
2025-06-06 16:07:51,709 INFO  - Sent periodic GreenWaveMsg: veh_38 on route r_0 (at simulation time 242.000,000,000 s)
2025-06-06 16:07:51,737 INFO  - Sent periodic GreenWaveMsg: veh_38 on route r_0 (at simulation time 247.000,000,000 s)
2025-06-06 16:07:51,753 INFO  - Received metrics from FogNode: avgR0=1.44, avgR1=1.96 (at simulation time 250.002,800,000 s)
2025-06-06 16:07:51,757 INFO  - Sent periodic GreenWaveMsg: veh_38 on route r_0 (at simulation time 252.000,000,000 s)
2025-06-06 16:07:51,781 INFO  - Sent periodic GreenWaveMsg: veh_38 on route r_0 (at simulation time 257.000,000,000 s)
2025-06-06 16:07:51,794 INFO  - Received metrics from FogNode: avgR0=1.5, avgR1=2.0 (at simulation time 260.003,300,000 s)
2025-06-06 16:07:51,798 INFO  - Sent periodic GreenWaveMsg: veh_38 on route r_0 (at simulation time 262.000,000,000 s)
2025-06-06 16:07:51,821 INFO  - Sent periodic GreenWaveMsg: veh_38 on route r_0 (at simulation time 267.000,000,000 s)
2025-06-06 16:07:51,838 INFO  - Received metrics from FogNode: avgR0=1.4444444444444444, avgR1=2.037037037037037 (at simulation time 270.003,800,000 s)
2025-06-06 16:07:51,844 INFO  - Sent periodic GreenWaveMsg: veh_38 on route r_0 (at simulation time 272.000,000,000 s)
2025-06-06 16:07:51,870 INFO  - Sent periodic GreenWaveMsg: veh_38 on route r_0 (at simulation time 277.000,000,000 s)
2025-06-06 16:07:51,887 INFO  - Received metrics from FogNode: avgR0=1.4285714285714286, avgR1=2.0 (at simulation time 280.002,300,000 s)
2025-06-06 16:07:51,893 INFO  - Sent periodic GreenWaveMsg: veh_38 on route r_0 (at simulation time 282.000,000,000 s)
2025-06-06 16:07:51,919 INFO  - Sent periodic GreenWaveMsg: veh_38 on route r_0 (at simulation time 287.000,000,000 s)
2025-06-06 16:07:51,939 INFO  - Received metrics from FogNode: avgR0=1.4137931034482758, avgR1=2.0689655172413794 (at simulation time 290.003,800,000 s)
2025-06-06 16:07:51,945 INFO  - Sent periodic GreenWaveMsg: veh_38 on route r_0 (at simulation time 292.000,000,000 s)
2025-06-06 16:07:51,975 INFO  - Sent periodic GreenWaveMsg: veh_38 on route r_0 (at simulation time 297.000,000,000 s)
2025-06-06 16:07:52,008 INFO  - Sent periodic GreenWaveMsg: veh_38 on route r_0 (at simulation time 302.000,000,000 s)
2025-06-06 16:07:52,015 INFO  - Shutdown application (at simulation time 303.000,000,000 s)
