2025-05-28 00:39:01,398 INFO  - ------------------------------------------------------------------------------------- (at simulation time 99.000,000,000 s)
2025-05-28 00:39:01,398 INFO  - Initialize veh_18 application (at simulation time 99.000,000,000 s)
2025-05-28 00:39:01,398 INFO  - Activated AdHoc Module (at simulation time 99.000,000,000 s)
2025-05-28 00:39:01,398 INFO  - ------------------------------------------------------------------------------------- (at simulation time 99.000,000,000 s)
2025-05-28 00:39:01,400 INFO  - Sent message to others cars = 'veh_18 | CartesianPoint{x=143.94,y=749.34,z=0.00}' (at simulation time 99.000,000,000 s)
2025-05-28 00:39:01,455 INFO  - Received event: 99000 (at simulation time IntraVehicleMsg)
2025-05-28 00:39:01,471 INFO  - Sent message to others cars = 'veh_18 | CartesianPoint{x=143.92,y=741.98,z=0.00}' (at simulation time 100.000,000,000 s)
2025-05-28 00:39:01,525 INFO  - Received event: 100000 (at simulation time IntraVehicleMsg)
2025-05-28 00:39:01,529 INFO  - Sent message to others cars = 'veh_18 | CartesianPoint{x=143.90,y=734.66,z=0.00}' (at simulation time 101.000,000,000 s)
2025-05-28 00:39:01,586 INFO  - Received event: 101000 (at simulation time IntraVehicleMsg)
2025-05-28 00:39:01,589 INFO  - Sent message to others cars = 'veh_18 | CartesianPoint{x=143.87,y=727.17,z=0.00}' (at simulation time 102.000,000,000 s)
2025-05-28 00:39:01,641 INFO  - Received event: 102000 (at simulation time IntraVehicleMsg)
2025-05-28 00:39:01,644 INFO  - Sent message to others cars = 'veh_18 | CartesianPoint{x=143.85,y=719.78,z=0.00}' (at simulation time 103.000,000,000 s)
2025-05-28 00:39:01,698 INFO  - Received event: 103000 (at simulation time IntraVehicleMsg)
2025-05-28 00:39:01,703 INFO  - Sent message to others cars = 'veh_18 | CartesianPoint{x=143.82,y=712.77,z=0.00}' (at simulation time 104.000,000,000 s)
2025-05-28 00:39:01,757 INFO  - Received event: 104000 (at simulation time IntraVehicleMsg)
2025-05-28 00:39:01,760 INFO  - Sent message to others cars = 'veh_18 | CartesianPoint{x=140.60,y=705.85,z=0.00}' (at simulation time 105.000,000,000 s)
2025-05-28 00:39:01,821 INFO  - Received event: 105000 (at simulation time IntraVehicleMsg)
2025-05-28 00:39:01,824 INFO  - Sent message to others cars = 'veh_18 | CartesianPoint{x=140.57,y=698.05,z=0.00}' (at simulation time 106.000,000,000 s)
2025-05-28 00:39:01,885 INFO  - Received event: 106000 (at simulation time IntraVehicleMsg)
2025-05-28 00:39:01,905 INFO  - Sent message to others cars = 'veh_18 | CartesianPoint{x=140.55,y=690.40,z=0.00}' (at simulation time 107.000,000,000 s)
2025-05-28 00:39:01,969 INFO  - Received event: 107000 (at simulation time IntraVehicleMsg)
2025-05-28 00:39:01,982 INFO  - Sent message to others cars = 'veh_18 | CartesianPoint{x=140.52,y=682.74,z=0.00}' (at simulation time 108.000,000,000 s)
2025-05-28 00:39:02,043 INFO  - Received event: 108000 (at simulation time IntraVehicleMsg)
2025-05-28 00:39:02,052 INFO  - Sent message to others cars = 'veh_18 | CartesianPoint{x=140.49,y=674.99,z=0.00}' (at simulation time 109.000,000,000 s)
2025-05-28 00:39:02,113 INFO  - Received event: 109000 (at simulation time IntraVehicleMsg)
2025-05-28 00:39:02,117 INFO  - Sent message to others cars = 'veh_18 | CartesianPoint{x=140.47,y=667.19,z=0.00}' (at simulation time 110.000,000,000 s)
2025-05-28 00:39:02,180 INFO  - Received event: 110000 (at simulation time IntraVehicleMsg)
2025-05-28 00:39:02,183 INFO  - Sent message to others cars = 'veh_18 | CartesianPoint{x=140.46,y=659.89,z=0.00}' (at simulation time 111.000,000,000 s)
2025-05-28 00:39:02,250 INFO  - Received event: 111000 (at simulation time IntraVehicleMsg)
2025-05-28 00:39:02,253 INFO  - Sent message to others cars = 'veh_18 | CartesianPoint{x=140.44,y=652.90,z=0.00}' (at simulation time 112.000,000,000 s)
2025-05-28 00:39:02,328 INFO  - Received event: 112000 (at simulation time IntraVehicleMsg)
2025-05-28 00:39:02,331 INFO  - Sent message to others cars = 'veh_18 | CartesianPoint{x=140.42,y=645.11,z=0.00}' (at simulation time 113.000,000,000 s)
2025-05-28 00:39:02,399 INFO  - Received event: 113000 (at simulation time IntraVehicleMsg)
2025-05-28 00:39:02,403 INFO  - Sent message to others cars = 'veh_18 | CartesianPoint{x=140.41,y=638.24,z=0.00}' (at simulation time 114.000,000,000 s)
2025-05-28 00:39:02,474 INFO  - Received event: 114000 (at simulation time IntraVehicleMsg)
2025-05-28 00:39:02,481 INFO  - Sent message to others cars = 'veh_18 | CartesianPoint{x=140.39,y=630.65,z=0.00}' (at simulation time 115.000,000,000 s)
2025-05-28 00:39:02,551 INFO  - Received event: 115000 (at simulation time IntraVehicleMsg)
2025-05-28 00:39:02,569 INFO  - Sent message to others cars = 'veh_18 | CartesianPoint{x=140.37,y=623.44,z=0.00}' (at simulation time 116.000,000,000 s)
2025-05-28 00:39:02,643 INFO  - Received event: 116000 (at simulation time IntraVehicleMsg)
2025-05-28 00:39:02,655 INFO  - Sent message to others cars = 'veh_18 | CartesianPoint{x=140.36,y=616.72,z=0.00}' (at simulation time 117.000,000,000 s)
2025-05-28 00:39:02,727 INFO  - Received event: 117000 (at simulation time IntraVehicleMsg)
2025-05-28 00:39:02,730 INFO  - Sent message to others cars = 'veh_18 | CartesianPoint{x=140.34,y=609.51,z=0.00}' (at simulation time 118.000,000,000 s)
2025-05-28 00:39:02,802 INFO  - Received event: 118000 (at simulation time IntraVehicleMsg)
2025-05-28 00:39:02,806 INFO  - Sent message to others cars = 'veh_18 | CartesianPoint{x=140.31,y=602.46,z=0.00}' (at simulation time 119.000,000,000 s)
2025-05-28 00:39:02,879 INFO  - Received event: 119000 (at simulation time IntraVehicleMsg)
2025-05-28 00:39:02,889 INFO  - Sent message to others cars = 'veh_18 | CartesianPoint{x=140.27,y=594.95,z=0.00}' (at simulation time 120.000,000,000 s)
2025-05-28 00:39:02,960 INFO  - Received event: 120000 (at simulation time IntraVehicleMsg)
2025-05-28 00:39:02,965 INFO  - Sent message to others cars = 'veh_18 | CartesianPoint{x=140.23,y=587.49,z=0.00}' (at simulation time 121.000,000,000 s)
2025-05-28 00:39:03,038 INFO  - Received event: 121000 (at simulation time IntraVehicleMsg)
2025-05-28 00:39:03,042 INFO  - Sent message to others cars = 'veh_18 | CartesianPoint{x=140.19,y=579.90,z=0.00}' (at simulation time 122.000,000,000 s)
2025-05-28 00:39:03,106 INFO  - Received event: 122000 (at simulation time IntraVehicleMsg)
2025-05-28 00:39:03,112 INFO  - Sent message to others cars = 'veh_18 | CartesianPoint{x=143.36,y=573.63,z=0.00}' (at simulation time 123.000,000,000 s)
2025-05-28 00:39:03,174 INFO  - Received event: 123000 (at simulation time IntraVehicleMsg)
2025-05-28 00:39:03,185 INFO  - Sent message to others cars = 'veh_18 | CartesianPoint{x=143.33,y=567.17,z=0.00}' (at simulation time 124.000,000,000 s)
2025-05-28 00:39:03,243 INFO  - Received event: 124000 (at simulation time IntraVehicleMsg)
2025-05-28 00:39:03,256 INFO  - Sent message to others cars = 'veh_18 | CartesianPoint{x=143.31,y=564.26,z=0.00}' (at simulation time 125.000,000,000 s)
2025-05-28 00:39:03,318 INFO  - Received event: 125000 (at simulation time IntraVehicleMsg)
2025-05-28 00:39:03,329 INFO  - Sent message to others cars = 'veh_18 | CartesianPoint{x=143.30,y=561.61,z=0.00}' (at simulation time 126.000,000,000 s)
2025-05-28 00:39:03,381 INFO  - Received event: 126000 (at simulation time IntraVehicleMsg)
2025-05-28 00:39:03,384 INFO  - Sent message to others cars = 'veh_18 | CartesianPoint{x=143.28,y=557.97,z=0.00}' (at simulation time 127.000,000,000 s)
2025-05-28 00:39:03,437 INFO  - Received event: 127000 (at simulation time IntraVehicleMsg)
2025-05-28 00:39:03,441 INFO  - Sent message to others cars = 'veh_18 | CartesianPoint{x=143.25,y=552.00,z=0.00}' (at simulation time 128.000,000,000 s)
2025-05-28 00:39:03,489 INFO  - Received event: 128000 (at simulation time IntraVehicleMsg)
2025-05-28 00:39:03,492 INFO  - Sent message to others cars = 'veh_18 | CartesianPoint{x=143.21,y=545.74,z=0.00}' (at simulation time 129.000,000,000 s)
2025-05-28 00:39:03,541 INFO  - Received event: 129000 (at simulation time IntraVehicleMsg)
2025-05-28 00:39:03,549 INFO  - Sent message to others cars = 'veh_18 | CartesianPoint{x=143.18,y=539.28,z=0.00}' (at simulation time 130.000,000,000 s)
2025-05-28 00:39:03,600 INFO  - Received event: 130000 (at simulation time IntraVehicleMsg)
2025-05-28 00:39:03,604 INFO  - Sent message to others cars = 'veh_18 | CartesianPoint{x=143.17,y=537.32,z=0.00}' (at simulation time 131.000,000,000 s)
2025-05-28 00:39:03,654 INFO  - Received event: 131000 (at simulation time IntraVehicleMsg)
2025-05-28 00:39:03,657 INFO  - Sent message to others cars = 'veh_18 | CartesianPoint{x=143.17,y=537.32,z=0.00}' (at simulation time 132.000,000,000 s)
2025-05-28 00:39:03,708 INFO  - Received event: 132000 (at simulation time IntraVehicleMsg)
2025-05-28 00:39:03,710 INFO  - Sent message to others cars = 'veh_18 | CartesianPoint{x=143.17,y=537.32,z=0.00}' (at simulation time 133.000,000,000 s)
2025-05-28 00:39:03,766 INFO  - Received event: 133000 (at simulation time IntraVehicleMsg)
2025-05-28 00:39:03,768 INFO  - Sent message to others cars = 'veh_18 | CartesianPoint{x=143.17,y=537.32,z=0.00}' (at simulation time 134.000,000,000 s)
2025-05-28 00:39:03,823 INFO  - Received event: 134000 (at simulation time IntraVehicleMsg)
2025-05-28 00:39:03,830 INFO  - Sent message to others cars = 'veh_18 | CartesianPoint{x=143.17,y=537.32,z=0.00}' (at simulation time 135.000,000,000 s)
2025-05-28 00:39:03,887 INFO  - Received event: 135000 (at simulation time IntraVehicleMsg)
2025-05-28 00:39:03,893 INFO  - Sent message to others cars = 'veh_18 | CartesianPoint{x=143.17,y=537.32,z=0.00}' (at simulation time 136.000,000,000 s)
2025-05-28 00:39:03,950 INFO  - Received event: 136000 (at simulation time IntraVehicleMsg)
2025-05-28 00:39:03,953 INFO  - Sent message to others cars = 'veh_18 | CartesianPoint{x=143.17,y=537.32,z=0.00}' (at simulation time 137.000,000,000 s)
2025-05-28 00:39:04,010 INFO  - Received event: 137000 (at simulation time IntraVehicleMsg)
2025-05-28 00:39:04,013 INFO  - Sent message to others cars = 'veh_18 | CartesianPoint{x=143.17,y=537.32,z=0.00}' (at simulation time 138.000,000,000 s)
2025-05-28 00:39:04,069 INFO  - Received event: 138000 (at simulation time IntraVehicleMsg)
2025-05-28 00:39:04,072 INFO  - Sent message to others cars = 'veh_18 | CartesianPoint{x=143.17,y=537.32,z=0.00}' (at simulation time 139.000,000,000 s)
2025-05-28 00:39:04,127 INFO  - Received event: 139000 (at simulation time IntraVehicleMsg)
2025-05-28 00:39:04,136 INFO  - Sent message to others cars = 'veh_18 | CartesianPoint{x=143.17,y=537.32,z=0.00}' (at simulation time 140.000,000,000 s)
2025-05-28 00:39:04,192 INFO  - Received event: 140000 (at simulation time IntraVehicleMsg)
2025-05-28 00:39:04,194 INFO  - Sent message to others cars = 'veh_18 | CartesianPoint{x=143.17,y=537.32,z=0.00}' (at simulation time 141.000,000,000 s)
2025-05-28 00:39:04,252 INFO  - Received event: 141000 (at simulation time IntraVehicleMsg)
2025-05-28 00:39:04,255 INFO  - Sent message to others cars = 'veh_18 | CartesianPoint{x=143.17,y=537.32,z=0.00}' (at simulation time 142.000,000,000 s)
2025-05-28 00:39:04,315 INFO  - Received event: 142000 (at simulation time IntraVehicleMsg)
2025-05-28 00:39:04,318 INFO  - Sent message to others cars = 'veh_18 | CartesianPoint{x=143.17,y=537.32,z=0.00}' (at simulation time 143.000,000,000 s)
2025-05-28 00:39:04,380 INFO  - Received event: 143000 (at simulation time IntraVehicleMsg)
2025-05-28 00:39:04,383 INFO  - Sent message to others cars = 'veh_18 | CartesianPoint{x=143.17,y=537.32,z=0.00}' (at simulation time 144.000,000,000 s)
2025-05-28 00:39:04,450 INFO  - Received event: 144000 (at simulation time IntraVehicleMsg)
2025-05-28 00:39:04,453 INFO  - Sent message to others cars = 'veh_18 | CartesianPoint{x=143.17,y=537.32,z=0.00}' (at simulation time 145.000,000,000 s)
2025-05-28 00:39:04,519 INFO  - Received event: 145000 (at simulation time IntraVehicleMsg)
2025-05-28 00:39:04,522 INFO  - Sent message to others cars = 'veh_18 | CartesianPoint{x=143.17,y=537.32,z=0.00}' (at simulation time 146.000,000,000 s)
2025-05-28 00:39:04,588 INFO  - Received event: 146000 (at simulation time IntraVehicleMsg)
2025-05-28 00:39:04,591 INFO  - Sent message to others cars = 'veh_18 | CartesianPoint{x=143.17,y=537.32,z=0.00}' (at simulation time 147.000,000,000 s)
2025-05-28 00:39:04,661 INFO  - Received event: 147000 (at simulation time IntraVehicleMsg)
2025-05-28 00:39:04,666 INFO  - Sent message to others cars = 'veh_18 | CartesianPoint{x=143.17,y=537.32,z=0.00}' (at simulation time 148.000,000,000 s)
2025-05-28 00:39:04,736 INFO  - Received event: 148000 (at simulation time IntraVehicleMsg)
2025-05-28 00:39:04,748 INFO  - Sent message to others cars = 'veh_18 | CartesianPoint{x=143.17,y=537.32,z=0.00}' (at simulation time 149.000,000,000 s)
2025-05-28 00:39:04,817 INFO  - Received event: 149000 (at simulation time IntraVehicleMsg)
2025-05-28 00:39:04,825 INFO  - Sent message to others cars = 'veh_18 | CartesianPoint{x=143.17,y=537.32,z=0.00}' (at simulation time 150.000,000,000 s)
2025-05-28 00:39:04,897 INFO  - Received event: 150000 (at simulation time IntraVehicleMsg)
2025-05-28 00:39:04,900 INFO  - Sent message to others cars = 'veh_18 | CartesianPoint{x=143.17,y=537.32,z=0.00}' (at simulation time 151.000,000,000 s)
2025-05-28 00:39:04,972 INFO  - Received event: 151000 (at simulation time IntraVehicleMsg)
2025-05-28 00:39:04,976 INFO  - Sent message to others cars = 'veh_18 | CartesianPoint{x=143.17,y=537.32,z=0.00}' (at simulation time 152.000,000,000 s)
2025-05-28 00:39:05,049 INFO  - Received event: 152000 (at simulation time IntraVehicleMsg)
2025-05-28 00:39:05,052 INFO  - Sent message to others cars = 'veh_18 | CartesianPoint{x=143.17,y=537.32,z=0.00}' (at simulation time 153.000,000,000 s)
2025-05-28 00:39:05,127 INFO  - Received event: 153000 (at simulation time IntraVehicleMsg)
2025-05-28 00:39:05,130 INFO  - Sent message to others cars = 'veh_18 | CartesianPoint{x=143.17,y=537.32,z=0.00}' (at simulation time 154.000,000,000 s)
2025-05-28 00:39:05,206 INFO  - Received event: 154000 (at simulation time IntraVehicleMsg)
2025-05-28 00:39:05,210 INFO  - Sent message to others cars = 'veh_18 | CartesianPoint{x=143.17,y=537.32,z=0.00}' (at simulation time 155.000,000,000 s)
2025-05-28 00:39:05,289 INFO  - Received event: 155000 (at simulation time IntraVehicleMsg)
2025-05-28 00:39:05,302 INFO  - Sent message to others cars = 'veh_18 | CartesianPoint{x=143.17,y=537.32,z=0.00}' (at simulation time 156.000,000,000 s)
2025-05-28 00:39:05,378 INFO  - Received event: 156000 (at simulation time IntraVehicleMsg)
2025-05-28 00:39:05,381 INFO  - Sent message to others cars = 'veh_18 | CartesianPoint{x=143.17,y=537.32,z=0.00}' (at simulation time 157.000,000,000 s)
2025-05-28 00:39:05,458 INFO  - Received event: 157000 (at simulation time IntraVehicleMsg)
2025-05-28 00:39:05,461 INFO  - Sent message to others cars = 'veh_18 | CartesianPoint{x=143.17,y=537.32,z=0.00}' (at simulation time 158.000,000,000 s)
2025-05-28 00:39:05,541 INFO  - Received event: 158000 (at simulation time IntraVehicleMsg)
2025-05-28 00:39:05,544 INFO  - Sent message to others cars = 'veh_18 | CartesianPoint{x=143.17,y=537.32,z=0.00}' (at simulation time 159.000,000,000 s)
2025-05-28 00:39:05,624 INFO  - Received event: 159000 (at simulation time IntraVehicleMsg)
2025-05-28 00:39:05,628 INFO  - Sent message to others cars = 'veh_18 | CartesianPoint{x=143.17,y=537.32,z=0.00}' (at simulation time 160.000,000,000 s)
2025-05-28 00:39:05,707 INFO  - Received event: 160000 (at simulation time IntraVehicleMsg)
2025-05-28 00:39:05,716 INFO  - Sent message to others cars = 'veh_18 | CartesianPoint{x=143.17,y=537.32,z=0.00}' (at simulation time 161.000,000,000 s)
2025-05-28 00:39:05,801 INFO  - Received event: 161000 (at simulation time IntraVehicleMsg)
2025-05-28 00:39:05,804 INFO  - Sent message to others cars = 'veh_18 | CartesianPoint{x=143.17,y=537.32,z=0.00}' (at simulation time 162.000,000,000 s)
2025-05-28 00:39:05,889 INFO  - Received event: 162000 (at simulation time IntraVehicleMsg)
2025-05-28 00:39:05,892 INFO  - Sent message to others cars = 'veh_18 | CartesianPoint{x=143.17,y=537.32,z=0.00}' (at simulation time 163.000,000,000 s)
2025-05-28 00:39:05,980 INFO  - Received event: 163000 (at simulation time IntraVehicleMsg)
2025-05-28 00:39:05,992 INFO  - Sent message to others cars = 'veh_18 | CartesianPoint{x=143.17,y=537.32,z=0.00}' (at simulation time 164.000,000,000 s)
2025-05-28 00:39:06,078 INFO  - Received event: 164000 (at simulation time IntraVehicleMsg)
2025-05-28 00:39:06,081 INFO  - Sent message to others cars = 'veh_18 | CartesianPoint{x=143.17,y=537.32,z=0.00}' (at simulation time 165.000,000,000 s)
2025-05-28 00:39:06,169 INFO  - Received event: 165000 (at simulation time IntraVehicleMsg)
2025-05-28 00:39:06,172 INFO  - Sent message to others cars = 'veh_18 | CartesianPoint{x=143.17,y=537.32,z=0.00}' (at simulation time 166.000,000,000 s)
2025-05-28 00:39:06,260 INFO  - Received event: 166000 (at simulation time IntraVehicleMsg)
2025-05-28 00:39:06,263 INFO  - Sent message to others cars = 'veh_18 | CartesianPoint{x=143.17,y=537.32,z=0.00}' (at simulation time 167.000,000,000 s)
2025-05-28 00:39:06,353 INFO  - Received event: 167000 (at simulation time IntraVehicleMsg)
2025-05-28 00:39:06,356 INFO  - Sent message to others cars = 'veh_18 | CartesianPoint{x=143.17,y=537.32,z=0.00}' (at simulation time 168.000,000,000 s)
2025-05-28 00:39:06,448 INFO  - Received event: 168000 (at simulation time IntraVehicleMsg)
2025-05-28 00:39:06,451 INFO  - Sent message to others cars = 'veh_18 | CartesianPoint{x=143.17,y=537.32,z=0.00}' (at simulation time 169.000,000,000 s)
2025-05-28 00:39:06,544 INFO  - Received event: 169000 (at simulation time IntraVehicleMsg)
2025-05-28 00:39:06,548 INFO  - Sent message to others cars = 'veh_18 | CartesianPoint{x=143.17,y=537.32,z=0.00}' (at simulation time 170.000,000,000 s)
2025-05-28 00:39:06,655 INFO  - Received event: 170000 (at simulation time IntraVehicleMsg)
2025-05-28 00:39:06,663 INFO  - Sent message to others cars = 'veh_18 | CartesianPoint{x=143.17,y=537.32,z=0.00}' (at simulation time 171.000,000,000 s)
2025-05-28 00:39:06,759 INFO  - Received event: 171000 (at simulation time IntraVehicleMsg)
2025-05-28 00:39:06,762 INFO  - Sent message to others cars = 'veh_18 | CartesianPoint{x=143.17,y=537.32,z=0.00}' (at simulation time 172.000,000,000 s)
2025-05-28 00:39:06,861 INFO  - Received event: 172000 (at simulation time IntraVehicleMsg)
2025-05-28 00:39:06,865 INFO  - Sent message to others cars = 'veh_18 | CartesianPoint{x=143.17,y=537.32,z=0.00}' (at simulation time 173.000,000,000 s)
2025-05-28 00:39:06,964 INFO  - Received event: 173000 (at simulation time IntraVehicleMsg)
2025-05-28 00:39:06,968 INFO  - Sent message to others cars = 'veh_18 | CartesianPoint{x=143.16,y=535.81,z=0.00}' (at simulation time 174.000,000,000 s)
2025-05-28 00:39:07,071 INFO  - Received event: 174000 (at simulation time IntraVehicleMsg)
2025-05-28 00:39:07,083 INFO  - Sent message to others cars = 'veh_18 | CartesianPoint{x=143.13,y=532.00,z=0.00}' (at simulation time 175.000,000,000 s)
2025-05-28 00:39:07,184 INFO  - Received event: 175000 (at simulation time IntraVehicleMsg)
2025-05-28 00:39:07,187 INFO  - Sent message to others cars = 'veh_18 | CartesianPoint{x=143.08,y=526.52,z=0.00}' (at simulation time 176.000,000,000 s)
2025-05-28 00:39:07,291 INFO  - Received event: 176000 (at simulation time IntraVehicleMsg)
2025-05-28 00:39:07,297 INFO  - Sent message to others cars = 'veh_18 | CartesianPoint{x=143.01,y=518.91,z=0.00}' (at simulation time 177.000,000,000 s)
2025-05-28 00:39:07,400 INFO  - Received event: 177000 (at simulation time IntraVehicleMsg)
2025-05-28 00:39:07,404 INFO  - Sent message to others cars = 'veh_18 | CartesianPoint{x=142.94,y=511.56,z=0.00}' (at simulation time 178.000,000,000 s)
2025-05-28 00:39:07,516 INFO  - Received event: 178000 (at simulation time IntraVehicleMsg)
2025-05-28 00:39:07,520 INFO  - Sent message to others cars = 'veh_18 | CartesianPoint{x=142.87,y=503.62,z=0.00}' (at simulation time 179.000,000,000 s)
2025-05-28 00:39:07,621 INFO  - Received event: 179000 (at simulation time IntraVehicleMsg)
2025-05-28 00:39:07,625 INFO  - Sent message to others cars = 'veh_18 | CartesianPoint{x=142.80,y=496.82,z=0.00}' (at simulation time 180.000,000,000 s)
2025-05-28 00:39:07,729 INFO  - Received event: 180000 (at simulation time IntraVehicleMsg)
2025-05-28 00:39:07,737 INFO  - Sent message to others cars = 'veh_18 | CartesianPoint{x=142.74,y=489.92,z=0.00}' (at simulation time 181.000,000,000 s)
2025-05-28 00:39:07,833 INFO  - Received event: 181000 (at simulation time IntraVehicleMsg)
2025-05-28 00:39:07,836 INFO  - Sent message to others cars = 'veh_18 | CartesianPoint{x=142.67,y=482.64,z=0.00}' (at simulation time 182.000,000,000 s)
2025-05-28 00:39:07,935 INFO  - Received event: 182000 (at simulation time IntraVehicleMsg)
2025-05-28 00:39:07,938 INFO  - Sent message to others cars = 'veh_18 | CartesianPoint{x=142.59,y=475.08,z=0.00}' (at simulation time 183.000,000,000 s)
2025-05-28 00:39:08,037 INFO  - Received event: 183000 (at simulation time IntraVehicleMsg)
2025-05-28 00:39:08,040 INFO  - Sent message to others cars = 'veh_18 | CartesianPoint{x=142.52,y=467.19,z=0.00}' (at simulation time 184.000,000,000 s)
2025-05-28 00:39:08,140 INFO  - Received event: 184000 (at simulation time IntraVehicleMsg)
2025-05-28 00:39:08,146 INFO  - Sent message to others cars = 'veh_18 | CartesianPoint{x=142.44,y=459.32,z=0.00}' (at simulation time 185.000,000,000 s)
2025-05-28 00:39:08,244 INFO  - Received event: 185000 (at simulation time IntraVehicleMsg)
2025-05-28 00:39:08,247 INFO  - Sent message to others cars = 'veh_18 | CartesianPoint{x=142.39,y=452.18,z=0.00}' (at simulation time 186.000,000,000 s)
2025-05-28 00:39:08,345 INFO  - Received event: 186000 (at simulation time IntraVehicleMsg)
2025-05-28 00:39:08,348 INFO  - Sent message to others cars = 'veh_18 | CartesianPoint{x=142.38,y=444.79,z=0.00}' (at simulation time 187.000,000,000 s)
2025-05-28 00:39:08,447 INFO  - Received event: 187000 (at simulation time IntraVehicleMsg)
2025-05-28 00:39:08,450 INFO  - Sent message to others cars = 'veh_18 | CartesianPoint{x=142.37,y=437.24,z=0.00}' (at simulation time 188.000,000,000 s)
2025-05-28 00:39:08,547 INFO  - Received event: 188000 (at simulation time IntraVehicleMsg)
2025-05-28 00:39:08,550 INFO  - Sent message to others cars = 'veh_18 | CartesianPoint{x=142.35,y=430.18,z=0.00}' (at simulation time 189.000,000,000 s)
2025-05-28 00:39:08,649 INFO  - Received event: 189000 (at simulation time IntraVehicleMsg)
2025-05-28 00:39:08,652 INFO  - Sent message to others cars = 'veh_18 | CartesianPoint{x=142.34,y=422.94,z=0.00}' (at simulation time 190.000,000,000 s)
2025-05-28 00:39:08,742 INFO  - Received event: 190000 (at simulation time IntraVehicleMsg)
2025-05-28 00:39:08,749 INFO  - Sent message to others cars = 'veh_18 | CartesianPoint{x=142.32,y=415.16,z=0.00}' (at simulation time 191.000,000,000 s)
2025-05-28 00:39:08,841 INFO  - Received event: 191000 (at simulation time IntraVehicleMsg)
2025-05-28 00:39:08,848 INFO  - Sent message to others cars = 'veh_18 | CartesianPoint{x=142.31,y=408.34,z=0.00}' (at simulation time 192.000,000,000 s)
2025-05-28 00:39:08,941 INFO  - Received event: 192000 (at simulation time IntraVehicleMsg)
2025-05-28 00:39:08,943 INFO  - Sent message to others cars = 'veh_18 | CartesianPoint{x=142.29,y=401.31,z=0.00}' (at simulation time 193.000,000,000 s)
2025-05-28 00:39:09,038 INFO  - Received event: 193000 (at simulation time IntraVehicleMsg)
2025-05-28 00:39:09,042 INFO  - Sent message to others cars = 'veh_18 | CartesianPoint{x=142.28,y=394.14,z=0.00}' (at simulation time 194.000,000,000 s)
2025-05-28 00:39:09,137 INFO  - Received event: 194000 (at simulation time IntraVehicleMsg)
2025-05-28 00:39:09,140 INFO  - Sent message to others cars = 'veh_18 | CartesianPoint{x=142.26,y=386.78,z=0.00}' (at simulation time 195.000,000,000 s)
2025-05-28 00:39:09,238 INFO  - Received event: 195000 (at simulation time IntraVehicleMsg)
2025-05-28 00:39:09,241 INFO  - Sent message to others cars = 'veh_18 | CartesianPoint{x=142.25,y=379.83,z=0.00}' (at simulation time 196.000,000,000 s)
2025-05-28 00:39:09,338 INFO  - Received event: 196000 (at simulation time IntraVehicleMsg)
2025-05-28 00:39:09,341 INFO  - Sent message to others cars = 'veh_18 | CartesianPoint{x=142.23,y=372.59,z=0.00}' (at simulation time 197.000,000,000 s)
2025-05-28 00:39:09,443 INFO  - Received event: 197000 (at simulation time IntraVehicleMsg)
2025-05-28 00:39:09,448 INFO  - Sent message to others cars = 'veh_18 | CartesianPoint{x=142.22,y=365.16,z=0.00}' (at simulation time 198.000,000,000 s)
2025-05-28 00:39:09,548 INFO  - Received event: 198000 (at simulation time IntraVehicleMsg)
2025-05-28 00:39:09,551 INFO  - Sent message to others cars = 'veh_18 | CartesianPoint{x=142.20,y=357.64,z=0.00}' (at simulation time 199.000,000,000 s)
2025-05-28 00:39:09,652 INFO  - Received event: 199000 (at simulation time IntraVehicleMsg)
2025-05-28 00:39:09,661 INFO  - Sent message to others cars = 'veh_18 | CartesianPoint{x=142.14,y=349.80,z=0.00}' (at simulation time 200.000,000,000 s)
2025-05-28 00:39:09,760 INFO  - Received event: 200000 (at simulation time IntraVehicleMsg)
2025-05-28 00:39:09,763 INFO  - Sent message to others cars = 'veh_18 | CartesianPoint{x=142.08,y=342.70,z=0.00}' (at simulation time 201.000,000,000 s)
2025-05-28 00:39:09,856 INFO  - Received event: 201000 (at simulation time IntraVehicleMsg)
2025-05-28 00:39:09,863 INFO  - Sent message to others cars = 'veh_18 | CartesianPoint{x=142.01,y=335.37,z=0.00}' (at simulation time 202.000,000,000 s)
2025-05-28 00:39:09,958 INFO  - Received event: 202000 (at simulation time IntraVehicleMsg)
2025-05-28 00:39:09,960 INFO  - Sent message to others cars = 'veh_18 | CartesianPoint{x=141.95,y=328.64,z=0.00}' (at simulation time 203.000,000,000 s)
2025-05-28 00:39:10,055 INFO  - Received event: 203000 (at simulation time IntraVehicleMsg)
2025-05-28 00:39:10,059 INFO  - Sent message to others cars = 'veh_18 | CartesianPoint{x=141.89,y=321.23,z=0.00}' (at simulation time 204.000,000,000 s)
2025-05-28 00:39:10,158 INFO  - Received event: 204000 (at simulation time IntraVehicleMsg)
2025-05-28 00:39:10,164 INFO  - Sent message to others cars = 'veh_18 | CartesianPoint{x=141.83,y=314.27,z=0.00}' (at simulation time 205.000,000,000 s)
2025-05-28 00:39:10,254 INFO  - Received event: 205000 (at simulation time IntraVehicleMsg)
2025-05-28 00:39:10,257 INFO  - Sent message to others cars = 'veh_18 | CartesianPoint{x=141.76,y=306.28,z=0.00}' (at simulation time 206.000,000,000 s)
2025-05-28 00:39:10,338 INFO  - Received event: 206000 (at simulation time IntraVehicleMsg)
2025-05-28 00:39:10,341 INFO  - Sent message to others cars = 'veh_18 | CartesianPoint{x=141.70,y=299.30,z=0.00}' (at simulation time 207.000,000,000 s)
2025-05-28 00:39:10,413 INFO  - Received event: 207000 (at simulation time IntraVehicleMsg)
2025-05-28 00:39:10,416 INFO  - Sent message to others cars = 'veh_18 | CartesianPoint{x=141.63,y=291.73,z=0.00}' (at simulation time 208.000,000,000 s)
2025-05-28 00:39:10,489 INFO  - Received event: 208000 (at simulation time IntraVehicleMsg)
2025-05-28 00:39:10,492 INFO  - Sent message to others cars = 'veh_18 | CartesianPoint{x=138.36,y=283.48,z=0.00}' (at simulation time 209.000,000,000 s)
2025-05-28 00:39:10,568 INFO  - Received event: 209000 (at simulation time IntraVehicleMsg)
2025-05-28 00:39:10,571 INFO  - Sent message to others cars = 'veh_18 | CartesianPoint{x=138.30,y=276.48,z=0.00}' (at simulation time 210.000,000,000 s)
2025-05-28 00:39:10,647 INFO  - Received event: 210000 (at simulation time IntraVehicleMsg)
2025-05-28 00:39:10,652 INFO  - Sent message to others cars = 'veh_18 | CartesianPoint{x=138.24,y=269.53,z=0.00}' (at simulation time 211.000,000,000 s)
2025-05-28 00:39:10,720 INFO  - Received event: 211000 (at simulation time IntraVehicleMsg)
2025-05-28 00:39:10,737 INFO  - Sent message to others cars = 'veh_18 | CartesianPoint{x=138.18,y=262.28,z=0.00}' (at simulation time 212.000,000,000 s)
2025-05-28 00:39:10,808 INFO  - Received event: 212000 (at simulation time IntraVehicleMsg)
2025-05-28 00:39:10,810 INFO  - Sent message to others cars = 'veh_18 | CartesianPoint{x=138.12,y=254.87,z=0.00}' (at simulation time 213.000,000,000 s)
2025-05-28 00:39:10,881 INFO  - Received event: 213000 (at simulation time IntraVehicleMsg)
2025-05-28 00:39:10,883 INFO  - Sent message to others cars = 'veh_18 | CartesianPoint{x=138.06,y=247.52,z=0.00}' (at simulation time 214.000,000,000 s)
2025-05-28 00:39:10,957 INFO  - Received event: 214000 (at simulation time IntraVehicleMsg)
2025-05-28 00:39:10,961 INFO  - Sent message to others cars = 'veh_18 | CartesianPoint{x=137.99,y=239.69,z=0.00}' (at simulation time 215.000,000,000 s)
2025-05-28 00:39:11,036 INFO  - Received event: 215000 (at simulation time IntraVehicleMsg)
2025-05-28 00:39:11,039 INFO  - Sent message to others cars = 'veh_18 | CartesianPoint{x=137.93,y=232.62,z=0.00}' (at simulation time 216.000,000,000 s)
2025-05-28 00:39:11,106 INFO  - Received event: 216000 (at simulation time IntraVehicleMsg)
2025-05-28 00:39:11,109 INFO  - Sent message to others cars = 'veh_18 | CartesianPoint{x=137.87,y=225.09,z=0.00}' (at simulation time 217.000,000,000 s)
2025-05-28 00:39:11,178 INFO  - Received event: 217000 (at simulation time IntraVehicleMsg)
2025-05-28 00:39:11,183 INFO  - Sent message to others cars = 'veh_18 | CartesianPoint{x=137.81,y=217.26,z=0.00}' (at simulation time 218.000,000,000 s)
2025-05-28 00:39:11,255 INFO  - Received event: 218000 (at simulation time IntraVehicleMsg)
2025-05-28 00:39:11,261 INFO  - Sent message to others cars = 'veh_18 | CartesianPoint{x=137.74,y=209.67,z=0.00}' (at simulation time 219.000,000,000 s)
2025-05-28 00:39:11,330 INFO  - Received event: 219000 (at simulation time IntraVehicleMsg)
2025-05-28 00:39:11,333 INFO  - Sent message to others cars = 'veh_18 | CartesianPoint{x=137.69,y=202.69,z=0.00}' (at simulation time 220.000,000,000 s)
2025-05-28 00:39:11,400 INFO  - Received event: 220000 (at simulation time IntraVehicleMsg)
2025-05-28 00:39:11,403 INFO  - Sent message to others cars = 'veh_18 | CartesianPoint{x=137.62,y=195.03,z=0.00}' (at simulation time 221.000,000,000 s)
2025-05-28 00:39:11,472 INFO  - Received event: 221000 (at simulation time IntraVehicleMsg)
2025-05-28 00:39:11,479 INFO  - Sent message to others cars = 'veh_18 | CartesianPoint{x=137.56,y=187.60,z=0.00}' (at simulation time 222.000,000,000 s)
2025-05-28 00:39:11,543 INFO  - Received event: 222000 (at simulation time IntraVehicleMsg)
2025-05-28 00:39:11,545 INFO  - Sent message to others cars = 'veh_18 | CartesianPoint{x=137.50,y=180.02,z=0.00}' (at simulation time 223.000,000,000 s)
2025-05-28 00:39:11,602 INFO  - Received event: 223000 (at simulation time IntraVehicleMsg)
2025-05-28 00:39:11,605 INFO  - Sent message to others cars = 'veh_18 | CartesianPoint{x=137.43,y=172.18,z=0.00}' (at simulation time 224.000,000,000 s)
2025-05-28 00:39:11,664 INFO  - Received event: 224000 (at simulation time IntraVehicleMsg)
2025-05-28 00:39:11,668 INFO  - Sent message to others cars = 'veh_18 | CartesianPoint{x=137.37,y=164.82,z=0.00}' (at simulation time 225.000,000,000 s)
2025-05-28 00:39:11,729 INFO  - Received event: 225000 (at simulation time IntraVehicleMsg)
2025-05-28 00:39:11,731 INFO  - Sent message to others cars = 'veh_18 | CartesianPoint{x=137.31,y=157.26,z=0.00}' (at simulation time 226.000,000,000 s)
2025-05-28 00:39:11,791 INFO  - Received event: 226000 (at simulation time IntraVehicleMsg)
2025-05-28 00:39:11,794 INFO  - Sent message to others cars = 'veh_18 | CartesianPoint{x=137.25,y=150.11,z=0.00}' (at simulation time 227.000,000,000 s)
2025-05-28 00:39:11,855 INFO  - Received event: 227000 (at simulation time IntraVehicleMsg)
2025-05-28 00:39:11,861 INFO  - Sent message to others cars = 'veh_18 | CartesianPoint{x=137.20,y=143.35,z=0.00}' (at simulation time 228.000,000,000 s)
2025-05-28 00:39:11,919 INFO  - Received event: 228000 (at simulation time IntraVehicleMsg)
2025-05-28 00:39:11,922 INFO  - Sent message to others cars = 'veh_18 | CartesianPoint{x=137.18,y=136.16,z=0.00}' (at simulation time 229.000,000,000 s)
2025-05-28 00:39:11,981 INFO  - Received event: 229000 (at simulation time IntraVehicleMsg)
2025-05-28 00:39:11,984 INFO  - Sent message to others cars = 'veh_18 | CartesianPoint{x=137.22,y=128.60,z=0.00}' (at simulation time 230.000,000,000 s)
2025-05-28 00:39:12,045 INFO  - Received event: 230000 (at simulation time IntraVehicleMsg)
2025-05-28 00:39:12,050 INFO  - Sent message to others cars = 'veh_18 | CartesianPoint{x=137.26,y=121.78,z=0.00}' (at simulation time 231.000,000,000 s)
2025-05-28 00:39:12,113 INFO  - Received event: 231000 (at simulation time IntraVehicleMsg)
2025-05-28 00:39:12,115 INFO  - Sent message to others cars = 'veh_18 | CartesianPoint{x=137.30,y=113.91,z=0.00}' (at simulation time 232.000,000,000 s)
2025-05-28 00:39:12,177 INFO  - Received event: 232000 (at simulation time IntraVehicleMsg)
2025-05-28 00:39:12,184 INFO  - Sent message to others cars = 'veh_18 | CartesianPoint{x=137.34,y=106.64,z=0.00}' (at simulation time 233.000,000,000 s)
2025-05-28 00:39:12,248 INFO  - Received event: 233000 (at simulation time IntraVehicleMsg)
2025-05-28 00:39:12,250 INFO  - Sent message to others cars = 'veh_18 | CartesianPoint{x=137.38,y=99.42,z=0.00}' (at simulation time 234.000,000,000 s)
2025-05-28 00:39:12,317 INFO  - Received event: 234000 (at simulation time IntraVehicleMsg)
2025-05-28 00:39:12,320 INFO  - Sent message to others cars = 'veh_18 | CartesianPoint{x=137.42,y=91.64,z=0.00}' (at simulation time 235.000,000,000 s)
2025-05-28 00:39:12,386 INFO  - Received event: 235000 (at simulation time IntraVehicleMsg)
2025-05-28 00:39:12,388 INFO  - Sent message to others cars = 'veh_18 | CartesianPoint{x=137.47,y=83.91,z=0.00}' (at simulation time 236.000,000,000 s)
2025-05-28 00:39:12,455 INFO  - Received event: 236000 (at simulation time IntraVehicleMsg)
2025-05-28 00:39:12,462 INFO  - Sent message to others cars = 'veh_18 | CartesianPoint{x=137.57,y=76.04,z=0.00}' (at simulation time 237.000,000,000 s)
2025-05-28 00:39:12,530 INFO  - Received event: 237000 (at simulation time IntraVehicleMsg)
2025-05-28 00:39:12,533 INFO  - Sent message to others cars = 'veh_18 | CartesianPoint{x=140.98,y=69.96,z=0.00}' (at simulation time 238.000,000,000 s)
2025-05-28 00:39:12,602 INFO  - Received event: 238000 (at simulation time IntraVehicleMsg)
2025-05-28 00:39:12,605 INFO  - Sent message to others cars = 'veh_18 | CartesianPoint{x=145.05,y=64.70,z=0.00}' (at simulation time 239.000,000,000 s)
2025-05-28 00:39:12,674 INFO  - Received event: 239000 (at simulation time IntraVehicleMsg)
2025-05-28 00:39:12,680 INFO  - Sent message to others cars = 'veh_18 | CartesianPoint{x=150.05,y=60.02,z=0.00}' (at simulation time 240.000,000,000 s)
2025-05-28 00:39:12,752 INFO  - Received event: 240000 (at simulation time IntraVehicleMsg)
2025-05-28 00:39:12,755 INFO  - Sent message to others cars = 'veh_18 | CartesianPoint{x=154.83,y=55.31,z=0.00}' (at simulation time 241.000,000,000 s)
2025-05-28 00:39:12,827 INFO  - Received event: 241000 (at simulation time IntraVehicleMsg)
2025-05-28 00:39:12,830 INFO  - Sent message to others cars = 'veh_18 | CartesianPoint{x=160.03,y=49.59,z=0.00}' (at simulation time 242.000,000,000 s)
2025-05-28 00:39:12,902 INFO  - Received event: 242000 (at simulation time IntraVehicleMsg)
2025-05-28 00:39:12,909 INFO  - Sent message to others cars = 'veh_18 | CartesianPoint{x=164.54,y=44.62,z=0.00}' (at simulation time 243.000,000,000 s)
2025-05-28 00:39:12,987 INFO  - Received event: 243000 (at simulation time IntraVehicleMsg)
2025-05-28 00:39:12,991 INFO  - Sent message to others cars = 'veh_18 | CartesianPoint{x=169.12,y=39.59,z=0.00}' (at simulation time 244.000,000,000 s)
2025-05-28 00:39:13,066 INFO  - Received event: 244000 (at simulation time IntraVehicleMsg)
2025-05-28 00:39:13,070 INFO  - Sent message to others cars = 'veh_18 | CartesianPoint{x=173.65,y=34.61,z=0.00}' (at simulation time 245.000,000,000 s)
2025-05-28 00:39:13,146 INFO  - Received event: 245000 (at simulation time IntraVehicleMsg)
2025-05-28 00:39:13,148 INFO  - Sent message to others cars = 'veh_18 | CartesianPoint{x=178.35,y=29.44,z=0.00}' (at simulation time 246.000,000,000 s)
2025-05-28 00:39:13,223 INFO  - Received event: 246000 (at simulation time IntraVehicleMsg)
2025-05-28 00:39:13,229 INFO  - Sent message to others cars = 'veh_18 | CartesianPoint{x=183.27,y=24.03,z=0.00}' (at simulation time 247.000,000,000 s)
2025-05-28 00:39:13,309 INFO  - Received event: 247000 (at simulation time IntraVehicleMsg)
2025-05-28 00:39:13,312 INFO  - Sent message to others cars = 'veh_18 | CartesianPoint{x=188.02,y=18.80,z=0.00}' (at simulation time 248.000,000,000 s)
2025-05-28 00:39:13,394 INFO  - Received event: 248000 (at simulation time IntraVehicleMsg)
2025-05-28 00:39:13,397 INFO  - Sent message to others cars = 'veh_18 | CartesianPoint{x=193.24,y=13.06,z=0.00}' (at simulation time 249.000,000,000 s)
2025-05-28 00:39:13,470 INFO  - Received event: 249000 (at simulation time IntraVehicleMsg)
2025-05-28 00:39:13,476 INFO  - Sent message to others cars = 'veh_18 | CartesianPoint{x=195.43,y=6.52,z=0.00}' (at simulation time 250.000,000,000 s)
2025-05-28 00:39:13,549 INFO  - Received event: 250000 (at simulation time IntraVehicleMsg)
2025-05-28 00:39:13,552 INFO  - Sent message to others cars = 'veh_18 | CartesianPoint{x=197.12,y=-0.46,z=0.00}' (at simulation time 251.000,000,000 s)
2025-05-28 00:39:13,628 INFO  - Received event: 251000 (at simulation time IntraVehicleMsg)
2025-05-28 00:39:13,631 INFO  - ------------------------------------------------------------------------------------- (at simulation time 252.000,000,000 s)
2025-05-28 00:39:13,631 INFO  - Shutdown application (at simulation time 252.000,000,000 s)
2025-05-28 00:39:13,631 INFO  - ------------------------------------------------------------------------------------- (at simulation time 252.000,000,000 s)
