2025-05-28 00:18:55,449 INFO  - ------------------------------------------------------------------------------------- (at simulation time 510.000,000,000 s)
2025-05-28 00:18:55,450 INFO  - Initialize veh_99 application (at simulation time 510.000,000,000 s)
2025-05-28 00:18:55,450 INFO  - Activated AdHoc Module (at simulation time 510.000,000,000 s)
2025-05-28 00:18:55,450 INFO  - ------------------------------------------------------------------------------------- (at simulation time 510.000,000,000 s)
2025-05-28 00:18:55,450 INFO  - Sent message to others cars = 'veh_99 | CartesianPoint{x=-0.01,y=528.94,z=0.00}' (at simulation time 510.000,000,000 s)
2025-05-28 00:18:55,516 INFO  - Received event: 510000 (at simulation time IntraVehicleMsg)
2025-05-28 00:18:55,520 INFO  - Sent message to others cars = 'veh_99 | CartesianPoint{x=8.73,y=528.91,z=0.00}' (at simulation time 511.000,000,000 s)
2025-05-28 00:18:55,587 INFO  - Received event: 511000 (at simulation time IntraVehicleMsg)
2025-05-28 00:18:55,589 INFO  - Sent message to others cars = 'veh_99 | CartesianPoint{x=17.33,y=528.89,z=0.00}' (at simulation time 512.000,000,000 s)
2025-05-28 00:18:55,656 INFO  - Received event: 512000 (at simulation time IntraVehicleMsg)
2025-05-28 00:18:55,658 INFO  - Sent message to others cars = 'veh_99 | CartesianPoint{x=25.23,y=528.87,z=0.00}' (at simulation time 513.000,000,000 s)
2025-05-28 00:18:55,728 INFO  - Received event: 513000 (at simulation time IntraVehicleMsg)
2025-05-28 00:18:55,730 INFO  - Sent message to others cars = 'veh_99 | CartesianPoint{x=32.80,y=528.84,z=0.00}' (at simulation time 514.000,000,000 s)
2025-05-28 00:18:55,800 INFO  - Received event: 514000 (at simulation time IntraVehicleMsg)
2025-05-28 00:18:55,802 INFO  - Sent message to others cars = 'veh_99 | CartesianPoint{x=41.43,y=528.86,z=0.00}' (at simulation time 515.000,000,000 s)
2025-05-28 00:18:55,860 INFO  - Received event: 515000 (at simulation time IntraVehicleMsg)
2025-05-28 00:18:55,862 INFO  - Sent message to others cars = 'veh_99 | CartesianPoint{x=49.06,y=528.91,z=0.00}' (at simulation time 516.000,000,000 s)
2025-05-28 00:18:55,922 INFO  - Received event: 516000 (at simulation time IntraVehicleMsg)
2025-05-28 00:18:55,925 INFO  - Sent message to others cars = 'veh_99 | CartesianPoint{x=57.55,y=528.98,z=0.00}' (at simulation time 517.000,000,000 s)
2025-05-28 00:18:55,979 INFO  - Received event: 517000 (at simulation time IntraVehicleMsg)
2025-05-28 00:18:55,984 INFO  - Sent message to others cars = 'veh_99 | CartesianPoint{x=65.21,y=529.01,z=0.00}' (at simulation time 518.000,000,000 s)
2025-05-28 00:18:56,032 INFO  - Received event: 518000 (at simulation time IntraVehicleMsg)
2025-05-28 00:18:56,034 INFO  - Sent message to others cars = 'veh_99 | CartesianPoint{x=72.74,y=529.03,z=0.00}' (at simulation time 519.000,000,000 s)
2025-05-28 00:18:56,084 INFO  - Received event: 519000 (at simulation time IntraVehicleMsg)
2025-05-28 00:18:56,086 INFO  - Sent message to others cars = 'veh_99 | CartesianPoint{x=81.33,y=529.05,z=0.00}' (at simulation time 520.000,000,000 s)
2025-05-28 00:18:56,136 INFO  - Received event: 520000 (at simulation time IntraVehicleMsg)
2025-05-28 00:18:56,142 INFO  - Sent message to others cars = 'veh_99 | CartesianPoint{x=89.40,y=529.03,z=0.00}' (at simulation time 521.000,000,000 s)
2025-05-28 00:18:56,199 INFO  - Received event: 521000 (at simulation time IntraVehicleMsg)
2025-05-28 00:18:56,207 INFO  - Sent message to others cars = 'veh_99 | CartesianPoint{x=97.17,y=528.93,z=0.00}' (at simulation time 522.000,000,000 s)
2025-05-28 00:18:56,246 INFO  - Received event: 522000 (at simulation time IntraVehicleMsg)
2025-05-28 00:18:56,248 INFO  - Sent message to others cars = 'veh_99 | CartesianPoint{x=105.19,y=528.83,z=0.00}' (at simulation time 523.000,000,000 s)
2025-05-28 00:18:56,288 INFO  - Received event: 523000 (at simulation time IntraVehicleMsg)
2025-05-28 00:18:56,290 INFO  - Sent message to others cars = 'veh_99 | CartesianPoint{x=113.87,y=528.72,z=0.00}' (at simulation time 524.000,000,000 s)
2025-05-28 00:18:56,323 INFO  - Received event: 524000 (at simulation time IntraVehicleMsg)
2025-05-28 00:18:56,325 INFO  - Sent message to others cars = 'veh_99 | CartesianPoint{x=119.16,y=528.65,z=0.00}' (at simulation time 525.000,000,000 s)
2025-05-28 00:18:56,359 INFO  - Received event: 525000 (at simulation time IntraVehicleMsg)
2025-05-28 00:18:56,363 INFO  - Sent message to others cars = 'veh_99 | CartesianPoint{x=120.23,y=528.64,z=0.00}' (at simulation time 526.000,000,000 s)
2025-05-28 00:18:56,398 INFO  - Received event: 526000 (at simulation time IntraVehicleMsg)
2025-05-28 00:18:56,400 INFO  - Sent message to others cars = 'veh_99 | CartesianPoint{x=120.30,y=528.64,z=0.00}' (at simulation time 527.000,000,000 s)
2025-05-28 00:18:56,446 INFO  - Received event: 527000 (at simulation time IntraVehicleMsg)
2025-05-28 00:18:56,448 INFO  - Sent message to others cars = 'veh_99 | CartesianPoint{x=120.30,y=528.64,z=0.00}' (at simulation time 528.000,000,000 s)
2025-05-28 00:18:56,484 INFO  - Received event: 528000 (at simulation time IntraVehicleMsg)
2025-05-28 00:18:56,486 INFO  - Sent message to others cars = 'veh_99 | CartesianPoint{x=120.30,y=528.64,z=0.00}' (at simulation time 529.000,000,000 s)
2025-05-28 00:18:56,524 INFO  - Received event: 529000 (at simulation time IntraVehicleMsg)
2025-05-28 00:18:56,526 INFO  - Sent message to others cars = 'veh_99 | CartesianPoint{x=120.30,y=528.64,z=0.00}' (at simulation time 530.000,000,000 s)
2025-05-28 00:18:56,565 INFO  - Received event: 530000 (at simulation time IntraVehicleMsg)
2025-05-28 00:18:56,571 INFO  - Sent message to others cars = 'veh_99 | CartesianPoint{x=120.30,y=528.64,z=0.00}' (at simulation time 531.000,000,000 s)
2025-05-28 00:18:56,612 INFO  - Received event: 531000 (at simulation time IntraVehicleMsg)
2025-05-28 00:18:56,615 INFO  - Sent message to others cars = 'veh_99 | CartesianPoint{x=120.30,y=528.64,z=0.00}' (at simulation time 532.000,000,000 s)
2025-05-28 00:18:56,655 INFO  - Received event: 532000 (at simulation time IntraVehicleMsg)
2025-05-28 00:18:56,657 INFO  - Sent message to others cars = 'veh_99 | CartesianPoint{x=120.30,y=528.64,z=0.00}' (at simulation time 533.000,000,000 s)
2025-05-28 00:18:56,698 INFO  - Received event: 533000 (at simulation time IntraVehicleMsg)
2025-05-28 00:18:56,701 INFO  - Sent message to others cars = 'veh_99 | CartesianPoint{x=120.30,y=528.64,z=0.00}' (at simulation time 534.000,000,000 s)
2025-05-28 00:18:56,744 INFO  - Received event: 534000 (at simulation time IntraVehicleMsg)
2025-05-28 00:18:56,753 INFO  - Sent message to others cars = 'veh_99 | CartesianPoint{x=120.30,y=528.64,z=0.00}' (at simulation time 535.000,000,000 s)
2025-05-28 00:18:56,796 INFO  - Received event: 535000 (at simulation time IntraVehicleMsg)
2025-05-28 00:18:56,798 INFO  - Sent message to others cars = 'veh_99 | CartesianPoint{x=120.30,y=528.64,z=0.00}' (at simulation time 536.000,000,000 s)
2025-05-28 00:18:56,841 INFO  - Received event: 536000 (at simulation time IntraVehicleMsg)
2025-05-28 00:18:56,844 INFO  - Sent message to others cars = 'veh_99 | CartesianPoint{x=121.32,y=528.62,z=0.00}' (at simulation time 537.000,000,000 s)
2025-05-28 00:18:56,887 INFO  - Received event: 537000 (at simulation time IntraVehicleMsg)
2025-05-28 00:18:56,889 INFO  - Sent message to others cars = 'veh_99 | CartesianPoint{x=124.64,y=528.58,z=0.00}' (at simulation time 538.000,000,000 s)
2025-05-28 00:18:56,934 INFO  - Received event: 538000 (at simulation time IntraVehicleMsg)
2025-05-28 00:18:56,936 INFO  - Sent message to others cars = 'veh_99 | CartesianPoint{x=130.01,y=528.51,z=0.00}' (at simulation time 539.000,000,000 s)
2025-05-28 00:18:56,983 INFO  - Received event: 539000 (at simulation time IntraVehicleMsg)
2025-05-28 00:18:56,986 INFO  - Sent message to others cars = 'veh_99 | CartesianPoint{x=136.57,y=528.44,z=0.00}' (at simulation time 540.000,000,000 s)
2025-05-28 00:18:57,032 INFO  - Received event: 540000 (at simulation time IntraVehicleMsg)
2025-05-28 00:18:57,044 INFO  - Sent message to others cars = 'veh_99 | CartesianPoint{x=144.92,y=528.39,z=0.00}' (at simulation time 541.000,000,000 s)
2025-05-28 00:18:57,091 INFO  - Received event: 541000 (at simulation time IntraVehicleMsg)
2025-05-28 00:18:57,093 INFO  - Sent message to others cars = 'veh_99 | CartesianPoint{x=152.90,y=528.39,z=0.00}' (at simulation time 542.000,000,000 s)
2025-05-28 00:18:57,143 INFO  - Received event: 542000 (at simulation time IntraVehicleMsg)
2025-05-28 00:18:57,146 INFO  - Sent message to others cars = 'veh_99 | CartesianPoint{x=161.30,y=528.45,z=0.00}' (at simulation time 543.000,000,000 s)
2025-05-28 00:18:57,195 INFO  - Received event: 543000 (at simulation time IntraVehicleMsg)
2025-05-28 00:18:57,197 INFO  - Sent message to others cars = 'veh_99 | CartesianPoint{x=169.60,y=528.50,z=0.00}' (at simulation time 544.000,000,000 s)
2025-05-28 00:18:57,248 INFO  - Received event: 544000 (at simulation time IntraVehicleMsg)
2025-05-28 00:18:57,251 INFO  - Sent message to others cars = 'veh_99 | CartesianPoint{x=178.19,y=528.56,z=0.00}' (at simulation time 545.000,000,000 s)
2025-05-28 00:18:57,302 INFO  - Received event: 545000 (at simulation time IntraVehicleMsg)
2025-05-28 00:18:57,304 INFO  - Sent message to others cars = 'veh_99 | CartesianPoint{x=185.73,y=528.62,z=0.00}' (at simulation time 546.000,000,000 s)
2025-05-28 00:18:57,358 INFO  - Received event: 546000 (at simulation time IntraVehicleMsg)
2025-05-28 00:18:57,360 INFO  - Sent message to others cars = 'veh_99 | CartesianPoint{x=194.29,y=528.68,z=0.00}' (at simulation time 547.000,000,000 s)
2025-05-28 00:18:57,414 INFO  - Received event: 547000 (at simulation time IntraVehicleMsg)
2025-05-28 00:18:57,416 INFO  - Sent message to others cars = 'veh_99 | CartesianPoint{x=202.35,y=528.73,z=0.00}' (at simulation time 548.000,000,000 s)
2025-05-28 00:18:57,472 INFO  - Received event: 548000 (at simulation time IntraVehicleMsg)
2025-05-28 00:18:57,481 INFO  - Sent message to others cars = 'veh_99 | CartesianPoint{x=210.53,y=528.79,z=0.00}' (at simulation time 549.000,000,000 s)
2025-05-28 00:18:57,538 INFO  - Received event: 549000 (at simulation time IntraVehicleMsg)
2025-05-28 00:18:57,543 INFO  - Sent message to others cars = 'veh_99 | CartesianPoint{x=214.79,y=528.82,z=0.00}' (at simulation time 550.000,000,000 s)
2025-05-28 00:18:57,598 INFO  - Received event: 550000 (at simulation time IntraVehicleMsg)
2025-05-28 00:18:57,601 INFO  - Sent message to others cars = 'veh_99 | CartesianPoint{x=221.09,y=528.83,z=0.00}' (at simulation time 551.000,000,000 s)
2025-05-28 00:18:57,657 INFO  - Received event: 551000 (at simulation time IntraVehicleMsg)
2025-05-28 00:18:57,664 INFO  - Sent message to others cars = 'veh_99 | CartesianPoint{x=228.57,y=528.84,z=0.00}' (at simulation time 552.000,000,000 s)
2025-05-28 00:18:57,722 INFO  - Received event: 552000 (at simulation time IntraVehicleMsg)
2025-05-28 00:18:57,725 INFO  - Sent message to others cars = 'veh_99 | CartesianPoint{x=236.79,y=528.83,z=0.00}' (at simulation time 553.000,000,000 s)
2025-05-28 00:18:57,783 INFO  - Received event: 553000 (at simulation time IntraVehicleMsg)
2025-05-28 00:18:57,786 INFO  - Sent message to others cars = 'veh_99 | CartesianPoint{x=244.40,y=528.81,z=0.00}' (at simulation time 554.000,000,000 s)
2025-05-28 00:18:57,847 INFO  - Received event: 554000 (at simulation time IntraVehicleMsg)
2025-05-28 00:18:57,850 INFO  - Sent message to others cars = 'veh_99 | CartesianPoint{x=252.23,y=528.80,z=0.00}' (at simulation time 555.000,000,000 s)
2025-05-28 00:18:57,912 INFO  - Received event: 555000 (at simulation time IntraVehicleMsg)
2025-05-28 00:18:57,922 INFO  - Sent message to others cars = 'veh_99 | CartesianPoint{x=260.83,y=528.78,z=0.00}' (at simulation time 556.000,000,000 s)
2025-05-28 00:18:57,983 INFO  - Received event: 556000 (at simulation time IntraVehicleMsg)
2025-05-28 00:18:57,986 INFO  - Sent message to others cars = 'veh_99 | CartesianPoint{x=269.48,y=528.77,z=0.00}' (at simulation time 557.000,000,000 s)
2025-05-28 00:18:58,049 INFO  - Received event: 557000 (at simulation time IntraVehicleMsg)
2025-05-28 00:18:58,052 INFO  - Sent message to others cars = 'veh_99 | CartesianPoint{x=278.08,y=528.75,z=0.00}' (at simulation time 558.000,000,000 s)
2025-05-28 00:18:58,114 INFO  - Received event: 558000 (at simulation time IntraVehicleMsg)
2025-05-28 00:18:58,117 INFO  - Sent message to others cars = 'veh_99 | CartesianPoint{x=286.17,y=528.74,z=0.00}' (at simulation time 559.000,000,000 s)
2025-05-28 00:18:58,181 INFO  - Received event: 559000 (at simulation time IntraVehicleMsg)
2025-05-28 00:18:58,184 INFO  - Sent message to others cars = 'veh_99 | CartesianPoint{x=293.89,y=528.74,z=0.00}' (at simulation time 560.000,000,000 s)
2025-05-28 00:18:58,243 INFO  - Received event: 560000 (at simulation time IntraVehicleMsg)
2025-05-28 00:18:58,246 INFO  - Sent message to others cars = 'veh_99 | CartesianPoint{x=302.29,y=528.73,z=0.00}' (at simulation time 561.000,000,000 s)
2025-05-28 00:18:58,305 INFO  - Received event: 561000 (at simulation time IntraVehicleMsg)
2025-05-28 00:18:58,312 INFO  - Sent message to others cars = 'veh_99 | CartesianPoint{x=310.92,y=528.72,z=0.00}' (at simulation time 562.000,000,000 s)
2025-05-28 00:18:58,374 INFO  - Received event: 562000 (at simulation time IntraVehicleMsg)
2025-05-28 00:18:58,377 INFO  - Sent message to others cars = 'veh_99 | CartesianPoint{x=319.31,y=528.71,z=0.00}' (at simulation time 563.000,000,000 s)
2025-05-28 00:18:58,436 INFO  - Received event: 563000 (at simulation time IntraVehicleMsg)
2025-05-28 00:18:58,439 INFO  - Sent message to others cars = 'veh_99 | CartesianPoint{x=328.05,y=528.70,z=0.00}' (at simulation time 564.000,000,000 s)
2025-05-28 00:18:58,495 INFO  - Received event: 564000 (at simulation time IntraVehicleMsg)
2025-05-28 00:18:58,498 INFO  - Sent message to others cars = 'veh_99 | CartesianPoint{x=336.04,y=528.69,z=0.00}' (at simulation time 565.000,000,000 s)
2025-05-28 00:18:58,555 INFO  - Received event: 565000 (at simulation time IntraVehicleMsg)
2025-05-28 00:18:58,557 INFO  - Sent message to others cars = 'veh_99 | CartesianPoint{x=343.84,y=528.68,z=0.00}' (at simulation time 566.000,000,000 s)
2025-05-28 00:18:58,614 INFO  - Received event: 566000 (at simulation time IntraVehicleMsg)
2025-05-28 00:18:58,617 INFO  - ------------------------------------------------------------------------------------- (at simulation time 567.000,000,000 s)
2025-05-28 00:18:58,617 INFO  - Shutdown application (at simulation time 567.000,000,000 s)
2025-05-28 00:18:58,617 INFO  - ------------------------------------------------------------------------------------- (at simulation time 567.000,000,000 s)
