2025-05-28 00:19:49,525 INFO  - ------------------------------------------------------------------------------------- (at simulation time 253.000,000,000 s)
2025-05-28 00:19:49,526 INFO  - Initialize veh_48 application (at simulation time 253.000,000,000 s)
2025-05-28 00:19:49,526 INFO  - Activated AdHoc Module (at simulation time 253.000,000,000 s)
2025-05-28 00:19:49,526 INFO  - ------------------------------------------------------------------------------------- (at simulation time 253.000,000,000 s)
2025-05-28 00:19:49,528 INFO  - Sent message to others cars = 'veh_48 | CartesianPoint{x=143.94,y=749.34,z=0.00}' (at simulation time 253.000,000,000 s)
2025-05-28 00:19:49,592 INFO  - Received event: 253000 (at simulation time IntraVehicleMsg)
2025-05-28 00:19:49,595 INFO  - Sent message to others cars = 'veh_48 | CartesianPoint{x=143.92,y=741.15,z=0.00}' (at simulation time 254.000,000,000 s)
2025-05-28 00:19:49,661 INFO  - Received event: 254000 (at simulation time IntraVehicleMsg)
2025-05-28 00:19:49,667 INFO  - Sent message to others cars = 'veh_48 | CartesianPoint{x=143.89,y=733.83,z=0.00}' (at simulation time 255.000,000,000 s)
2025-05-28 00:19:49,724 INFO  - Received event: 255000 (at simulation time IntraVehicleMsg)
2025-05-28 00:19:49,727 INFO  - Sent message to others cars = 'veh_48 | CartesianPoint{x=143.87,y=726.01,z=0.00}' (at simulation time 256.000,000,000 s)
2025-05-28 00:19:49,777 INFO  - Received event: 256000 (at simulation time IntraVehicleMsg)
2025-05-28 00:19:49,779 INFO  - Sent message to others cars = 'veh_48 | CartesianPoint{x=143.84,y=717.91,z=0.00}' (at simulation time 257.000,000,000 s)
2025-05-28 00:19:49,827 INFO  - Received event: 257000 (at simulation time IntraVehicleMsg)
2025-05-28 00:19:49,829 INFO  - Sent message to others cars = 'veh_48 | CartesianPoint{x=143.81,y=709.89,z=0.00}' (at simulation time 258.000,000,000 s)
2025-05-28 00:19:49,872 INFO  - Received event: 258000 (at simulation time IntraVehicleMsg)
2025-05-28 00:19:49,874 INFO  - Sent message to others cars = 'veh_48 | CartesianPoint{x=140.59,y=702.77,z=0.00}' (at simulation time 259.000,000,000 s)
2025-05-28 00:19:49,916 INFO  - Received event: 259000 (at simulation time IntraVehicleMsg)
2025-05-28 00:19:49,921 INFO  - Sent message to others cars = 'veh_48 | CartesianPoint{x=140.56,y=694.65,z=0.00}' (at simulation time 260.000,000,000 s)
2025-05-28 00:19:49,963 INFO  - Received event: 260000 (at simulation time IntraVehicleMsg)
2025-05-28 00:19:49,965 INFO  - Sent message to others cars = 'veh_48 | CartesianPoint{x=140.54,y=686.50,z=0.00}' (at simulation time 261.000,000,000 s)
2025-05-28 00:19:50,008 INFO  - Received event: 261000 (at simulation time IntraVehicleMsg)
2025-05-28 00:19:50,010 INFO  - Sent message to others cars = 'veh_48 | CartesianPoint{x=140.51,y=678.24,z=0.00}' (at simulation time 262.000,000,000 s)
2025-05-28 00:19:50,054 INFO  - Received event: 262000 (at simulation time IntraVehicleMsg)
2025-05-28 00:19:50,056 INFO  - Sent message to others cars = 'veh_48 | CartesianPoint{x=140.48,y=670.04,z=0.00}' (at simulation time 263.000,000,000 s)
2025-05-28 00:19:50,103 INFO  - Received event: 263000 (at simulation time IntraVehicleMsg)
2025-05-28 00:19:50,109 INFO  - Sent message to others cars = 'veh_48 | CartesianPoint{x=140.46,y=662.88,z=0.00}' (at simulation time 264.000,000,000 s)
2025-05-28 00:19:50,156 INFO  - Received event: 264000 (at simulation time IntraVehicleMsg)
2025-05-28 00:19:50,158 INFO  - Sent message to others cars = 'veh_48 | CartesianPoint{x=140.44,y=654.71,z=0.00}' (at simulation time 265.000,000,000 s)
2025-05-28 00:19:50,205 INFO  - Received event: 265000 (at simulation time IntraVehicleMsg)
2025-05-28 00:19:50,208 INFO  - Sent message to others cars = 'veh_48 | CartesianPoint{x=140.43,y=647.63,z=0.00}' (at simulation time 266.000,000,000 s)
2025-05-28 00:19:50,255 INFO  - Received event: 266000 (at simulation time IntraVehicleMsg)
2025-05-28 00:19:50,258 INFO  - Sent message to others cars = 'veh_48 | CartesianPoint{x=140.41,y=640.24,z=0.00}' (at simulation time 267.000,000,000 s)
2025-05-28 00:19:50,309 INFO  - Received event: 267000 (at simulation time IntraVehicleMsg)
2025-05-28 00:19:50,311 INFO  - Sent message to others cars = 'veh_48 | CartesianPoint{x=140.39,y=632.04,z=0.00}' (at simulation time 268.000,000,000 s)
2025-05-28 00:19:50,363 INFO  - Received event: 268000 (at simulation time IntraVehicleMsg)
2025-05-28 00:19:50,365 INFO  - Sent message to others cars = 'veh_48 | CartesianPoint{x=140.37,y=624.38,z=0.00}' (at simulation time 269.000,000,000 s)
2025-05-28 00:19:50,418 INFO  - Received event: 269000 (at simulation time IntraVehicleMsg)
2025-05-28 00:19:50,424 INFO  - Sent message to others cars = 'veh_48 | CartesianPoint{x=140.36,y=616.94,z=0.00}' (at simulation time 270.000,000,000 s)
2025-05-28 00:19:50,476 INFO  - Received event: 270000 (at simulation time IntraVehicleMsg)
2025-05-28 00:19:50,481 INFO  - Sent message to others cars = 'veh_48 | CartesianPoint{x=140.34,y=609.42,z=0.00}' (at simulation time 271.000,000,000 s)
2025-05-28 00:19:50,535 INFO  - Received event: 271000 (at simulation time IntraVehicleMsg)
2025-05-28 00:19:50,538 INFO  - Sent message to others cars = 'veh_48 | CartesianPoint{x=140.30,y=601.13,z=0.00}' (at simulation time 272.000,000,000 s)
2025-05-28 00:19:50,591 INFO  - Received event: 272000 (at simulation time IntraVehicleMsg)
2025-05-28 00:19:50,594 INFO  - Sent message to others cars = 'veh_48 | CartesianPoint{x=140.26,y=593.45,z=0.00}' (at simulation time 273.000,000,000 s)
2025-05-28 00:19:50,645 INFO  - Received event: 273000 (at simulation time IntraVehicleMsg)
2025-05-28 00:19:50,652 INFO  - Sent message to others cars = 'veh_48 | CartesianPoint{x=140.22,y=585.41,z=0.00}' (at simulation time 274.000,000,000 s)
2025-05-28 00:19:50,705 INFO  - Received event: 274000 (at simulation time IntraVehicleMsg)
2025-05-28 00:19:50,710 INFO  - Sent message to others cars = 'veh_48 | CartesianPoint{x=140.19,y=578.33,z=0.00}' (at simulation time 275.000,000,000 s)
2025-05-28 00:19:50,763 INFO  - Received event: 275000 (at simulation time IntraVehicleMsg)
2025-05-28 00:19:50,765 INFO  - Sent message to others cars = 'veh_48 | CartesianPoint{x=140.14,y=570.33,z=0.00}' (at simulation time 276.000,000,000 s)
2025-05-28 00:19:50,831 INFO  - Received event: 276000 (at simulation time IntraVehicleMsg)
2025-05-28 00:19:50,833 INFO  - Sent message to others cars = 'veh_48 | CartesianPoint{x=143.30,y=562.86,z=0.00}' (at simulation time 277.000,000,000 s)
2025-05-28 00:19:50,890 INFO  - Received event: 277000 (at simulation time IntraVehicleMsg)
2025-05-28 00:19:50,900 INFO  - Sent message to others cars = 'veh_48 | CartesianPoint{x=143.26,y=554.79,z=0.00}' (at simulation time 278.000,000,000 s)
2025-05-28 00:19:50,950 INFO  - Received event: 278000 (at simulation time IntraVehicleMsg)
2025-05-28 00:19:50,952 INFO  - Sent message to others cars = 'veh_48 | CartesianPoint{x=143.22,y=547.50,z=0.00}' (at simulation time 279.000,000,000 s)
2025-05-28 00:19:51,002 INFO  - Received event: 279000 (at simulation time IntraVehicleMsg)
2025-05-28 00:19:51,007 INFO  - Sent message to others cars = 'veh_48 | CartesianPoint{x=143.19,y=541.20,z=0.00}' (at simulation time 280.000,000,000 s)
2025-05-28 00:19:51,051 INFO  - Received event: 280000 (at simulation time IntraVehicleMsg)
2025-05-28 00:19:51,053 INFO  - Sent message to others cars = 'veh_48 | CartesianPoint{x=143.18,y=539.36,z=0.00}' (at simulation time 281.000,000,000 s)
2025-05-28 00:19:51,097 INFO  - Received event: 281000 (at simulation time IntraVehicleMsg)
2025-05-28 00:19:51,099 INFO  - Sent message to others cars = 'veh_48 | CartesianPoint{x=143.18,y=538.52,z=0.00}' (at simulation time 282.000,000,000 s)
2025-05-28 00:19:51,145 INFO  - Received event: 282000 (at simulation time IntraVehicleMsg)
2025-05-28 00:19:51,148 INFO  - Sent message to others cars = 'veh_48 | CartesianPoint{x=143.18,y=538.23,z=0.00}' (at simulation time 283.000,000,000 s)
2025-05-28 00:19:51,194 INFO  - Received event: 283000 (at simulation time IntraVehicleMsg)
2025-05-28 00:19:51,200 INFO  - Sent message to others cars = 'veh_48 | CartesianPoint{x=143.18,y=538.18,z=0.00}' (at simulation time 284.000,000,000 s)
2025-05-28 00:19:51,248 INFO  - Received event: 284000 (at simulation time IntraVehicleMsg)
2025-05-28 00:19:51,251 INFO  - Sent message to others cars = 'veh_48 | CartesianPoint{x=143.18,y=538.17,z=0.00}' (at simulation time 285.000,000,000 s)
2025-05-28 00:19:51,300 INFO  - Received event: 285000 (at simulation time IntraVehicleMsg)
2025-05-28 00:19:51,302 INFO  - Sent message to others cars = 'veh_48 | CartesianPoint{x=143.18,y=538.17,z=0.00}' (at simulation time 286.000,000,000 s)
2025-05-28 00:19:51,354 INFO  - Received event: 286000 (at simulation time IntraVehicleMsg)
2025-05-28 00:19:51,356 INFO  - Sent message to others cars = 'veh_48 | CartesianPoint{x=143.18,y=538.17,z=0.00}' (at simulation time 287.000,000,000 s)
2025-05-28 00:19:51,406 INFO  - Received event: 287000 (at simulation time IntraVehicleMsg)
2025-05-28 00:19:51,408 INFO  - Sent message to others cars = 'veh_48 | CartesianPoint{x=143.18,y=538.17,z=0.00}' (at simulation time 288.000,000,000 s)
2025-05-28 00:19:51,461 INFO  - Received event: 288000 (at simulation time IntraVehicleMsg)
2025-05-28 00:19:51,466 INFO  - Sent message to others cars = 'veh_48 | CartesianPoint{x=143.18,y=538.17,z=0.00}' (at simulation time 289.000,000,000 s)
2025-05-28 00:19:51,519 INFO  - Received event: 289000 (at simulation time IntraVehicleMsg)
2025-05-28 00:19:51,521 INFO  - Sent message to others cars = 'veh_48 | CartesianPoint{x=143.18,y=538.17,z=0.00}' (at simulation time 290.000,000,000 s)
2025-05-28 00:19:51,576 INFO  - Received event: 290000 (at simulation time IntraVehicleMsg)
2025-05-28 00:19:51,579 INFO  - Sent message to others cars = 'veh_48 | CartesianPoint{x=143.18,y=538.17,z=0.00}' (at simulation time 291.000,000,000 s)
2025-05-28 00:19:51,633 INFO  - Received event: 291000 (at simulation time IntraVehicleMsg)
2025-05-28 00:19:51,636 INFO  - Sent message to others cars = 'veh_48 | CartesianPoint{x=143.18,y=538.17,z=0.00}' (at simulation time 292.000,000,000 s)
2025-05-28 00:19:51,692 INFO  - Received event: 292000 (at simulation time IntraVehicleMsg)
2025-05-28 00:19:51,694 INFO  - Sent message to others cars = 'veh_48 | CartesianPoint{x=143.18,y=538.17,z=0.00}' (at simulation time 293.000,000,000 s)
2025-05-28 00:19:51,752 INFO  - Received event: 293000 (at simulation time IntraVehicleMsg)
2025-05-28 00:19:51,764 INFO  - Sent message to others cars = 'veh_48 | CartesianPoint{x=143.18,y=538.17,z=0.00}' (at simulation time 294.000,000,000 s)
2025-05-28 00:19:51,823 INFO  - Received event: 294000 (at simulation time IntraVehicleMsg)
2025-05-28 00:19:51,826 INFO  - Sent message to others cars = 'veh_48 | CartesianPoint{x=143.18,y=538.17,z=0.00}' (at simulation time 295.000,000,000 s)
2025-05-28 00:19:51,878 INFO  - Received event: 295000 (at simulation time IntraVehicleMsg)
2025-05-28 00:19:51,881 INFO  - Sent message to others cars = 'veh_48 | CartesianPoint{x=143.18,y=538.17,z=0.00}' (at simulation time 296.000,000,000 s)
2025-05-28 00:19:51,934 INFO  - Received event: 296000 (at simulation time IntraVehicleMsg)
2025-05-28 00:19:51,937 INFO  - Sent message to others cars = 'veh_48 | CartesianPoint{x=143.18,y=538.17,z=0.00}' (at simulation time 297.000,000,000 s)
2025-05-28 00:19:51,988 INFO  - Received event: 297000 (at simulation time IntraVehicleMsg)
2025-05-28 00:19:51,991 INFO  - Sent message to others cars = 'veh_48 | CartesianPoint{x=143.18,y=538.17,z=0.00}' (at simulation time 298.000,000,000 s)
2025-05-28 00:19:52,043 INFO  - Received event: 298000 (at simulation time IntraVehicleMsg)
2025-05-28 00:19:52,048 INFO  - Sent message to others cars = 'veh_48 | CartesianPoint{x=143.18,y=538.17,z=0.00}' (at simulation time 299.000,000,000 s)
2025-05-28 00:19:52,094 INFO  - Received event: 299000 (at simulation time IntraVehicleMsg)
2025-05-28 00:19:52,100 INFO  - Sent message to others cars = 'veh_48 | CartesianPoint{x=143.18,y=538.17,z=0.00}' (at simulation time 300.000,000,000 s)
2025-05-28 00:19:52,138 INFO  - Received event: 300000 (at simulation time IntraVehicleMsg)
2025-05-28 00:19:52,141 INFO  - Sent message to others cars = 'veh_48 | CartesianPoint{x=143.18,y=538.17,z=0.00}' (at simulation time 301.000,000,000 s)
2025-05-28 00:19:52,180 INFO  - Received event: 301000 (at simulation time IntraVehicleMsg)
2025-05-28 00:19:52,182 INFO  - Sent message to others cars = 'veh_48 | CartesianPoint{x=143.18,y=538.17,z=0.00}' (at simulation time 302.000,000,000 s)
2025-05-28 00:19:52,224 INFO  - Received event: 302000 (at simulation time IntraVehicleMsg)
2025-05-28 00:19:52,226 INFO  - Sent message to others cars = 'veh_48 | CartesianPoint{x=143.18,y=538.17,z=0.00}' (at simulation time 303.000,000,000 s)
2025-05-28 00:19:52,267 INFO  - Received event: 303000 (at simulation time IntraVehicleMsg)
2025-05-28 00:19:52,270 INFO  - Sent message to others cars = 'veh_48 | CartesianPoint{x=143.18,y=538.17,z=0.00}' (at simulation time 304.000,000,000 s)
2025-05-28 00:19:52,311 INFO  - Received event: 304000 (at simulation time IntraVehicleMsg)
2025-05-28 00:19:52,319 INFO  - Sent message to others cars = 'veh_48 | CartesianPoint{x=143.18,y=538.17,z=0.00}' (at simulation time 305.000,000,000 s)
2025-05-28 00:19:52,363 INFO  - Received event: 305000 (at simulation time IntraVehicleMsg)
2025-05-28 00:19:52,372 INFO  - Sent message to others cars = 'veh_48 | CartesianPoint{x=143.18,y=538.17,z=0.00}' (at simulation time 306.000,000,000 s)
2025-05-28 00:19:52,415 INFO  - Received event: 306000 (at simulation time IntraVehicleMsg)
2025-05-28 00:19:52,418 INFO  - Sent message to others cars = 'veh_48 | CartesianPoint{x=143.18,y=538.17,z=0.00}' (at simulation time 307.000,000,000 s)
2025-05-28 00:19:52,464 INFO  - Received event: 307000 (at simulation time IntraVehicleMsg)
2025-05-28 00:19:52,471 INFO  - Sent message to others cars = 'veh_48 | CartesianPoint{x=143.18,y=538.17,z=0.00}' (at simulation time 308.000,000,000 s)
2025-05-28 00:19:52,516 INFO  - Received event: 308000 (at simulation time IntraVehicleMsg)
2025-05-28 00:19:52,519 INFO  - Sent message to others cars = 'veh_48 | CartesianPoint{x=143.18,y=538.17,z=0.00}' (at simulation time 309.000,000,000 s)
2025-05-28 00:19:52,566 INFO  - Received event: 309000 (at simulation time IntraVehicleMsg)
2025-05-28 00:19:52,569 INFO  - Sent message to others cars = 'veh_48 | CartesianPoint{x=143.18,y=538.17,z=0.00}' (at simulation time 310.000,000,000 s)
2025-05-28 00:19:52,616 INFO  - Received event: 310000 (at simulation time IntraVehicleMsg)
2025-05-28 00:19:52,619 INFO  - Sent message to others cars = 'veh_48 | CartesianPoint{x=143.18,y=538.17,z=0.00}' (at simulation time 311.000,000,000 s)
2025-05-28 00:19:52,670 INFO  - Received event: 311000 (at simulation time IntraVehicleMsg)
2025-05-28 00:19:52,673 INFO  - Sent message to others cars = 'veh_48 | CartesianPoint{x=143.18,y=538.17,z=0.00}' (at simulation time 312.000,000,000 s)
2025-05-28 00:19:52,722 INFO  - Received event: 312000 (at simulation time IntraVehicleMsg)
2025-05-28 00:19:52,725 INFO  - Sent message to others cars = 'veh_48 | CartesianPoint{x=143.18,y=538.17,z=0.00}' (at simulation time 313.000,000,000 s)
2025-05-28 00:19:52,775 INFO  - Received event: 313000 (at simulation time IntraVehicleMsg)
2025-05-28 00:19:52,778 INFO  - Sent message to others cars = 'veh_48 | CartesianPoint{x=143.18,y=538.17,z=0.00}' (at simulation time 314.000,000,000 s)
2025-05-28 00:19:52,829 INFO  - Received event: 314000 (at simulation time IntraVehicleMsg)
2025-05-28 00:19:52,837 INFO  - Sent message to others cars = 'veh_48 | CartesianPoint{x=143.18,y=538.17,z=0.00}' (at simulation time 315.000,000,000 s)
2025-05-28 00:19:52,891 INFO  - Received event: 315000 (at simulation time IntraVehicleMsg)
2025-05-28 00:19:52,894 INFO  - Sent message to others cars = 'veh_48 | CartesianPoint{x=143.18,y=538.17,z=0.00}' (at simulation time 316.000,000,000 s)
2025-05-28 00:19:52,947 INFO  - Received event: 316000 (at simulation time IntraVehicleMsg)
2025-05-28 00:19:52,950 INFO  - Sent message to others cars = 'veh_48 | CartesianPoint{x=143.18,y=538.17,z=0.00}' (at simulation time 317.000,000,000 s)
2025-05-28 00:19:53,005 INFO  - Received event: 317000 (at simulation time IntraVehicleMsg)
2025-05-28 00:19:53,008 INFO  - Sent message to others cars = 'veh_48 | CartesianPoint{x=143.18,y=538.17,z=0.00}' (at simulation time 318.000,000,000 s)
2025-05-28 00:19:53,065 INFO  - Received event: 318000 (at simulation time IntraVehicleMsg)
2025-05-28 00:19:53,069 INFO  - Sent message to others cars = 'veh_48 | CartesianPoint{x=143.18,y=538.17,z=0.00}' (at simulation time 319.000,000,000 s)
2025-05-28 00:19:53,128 INFO  - Received event: 319000 (at simulation time IntraVehicleMsg)
2025-05-28 00:19:53,138 INFO  - Sent message to others cars = 'veh_48 | CartesianPoint{x=143.18,y=538.17,z=0.00}' (at simulation time 320.000,000,000 s)
2025-05-28 00:19:53,195 INFO  - Received event: 320000 (at simulation time IntraVehicleMsg)
2025-05-28 00:19:53,198 INFO  - Sent message to others cars = 'veh_48 | CartesianPoint{x=143.18,y=538.17,z=0.00}' (at simulation time 321.000,000,000 s)
2025-05-28 00:19:53,257 INFO  - Received event: 321000 (at simulation time IntraVehicleMsg)
2025-05-28 00:19:53,260 INFO  - Sent message to others cars = 'veh_48 | CartesianPoint{x=143.18,y=538.17,z=0.00}' (at simulation time 322.000,000,000 s)
2025-05-28 00:19:53,320 INFO  - Received event: 322000 (at simulation time IntraVehicleMsg)
2025-05-28 00:19:53,324 INFO  - Sent message to others cars = 'veh_48 | CartesianPoint{x=143.18,y=538.17,z=0.00}' (at simulation time 323.000,000,000 s)
2025-05-28 00:19:53,385 INFO  - Received event: 323000 (at simulation time IntraVehicleMsg)
2025-05-28 00:19:53,391 INFO  - Sent message to others cars = 'veh_48 | CartesianPoint{x=143.18,y=538.17,z=0.00}' (at simulation time 324.000,000,000 s)
2025-05-28 00:19:53,452 INFO  - Received event: 324000 (at simulation time IntraVehicleMsg)
2025-05-28 00:19:53,460 INFO  - Sent message to others cars = 'veh_48 | CartesianPoint{x=143.18,y=538.17,z=0.00}' (at simulation time 325.000,000,000 s)
2025-05-28 00:19:53,524 INFO  - Received event: 325000 (at simulation time IntraVehicleMsg)
2025-05-28 00:19:53,527 INFO  - Sent message to others cars = 'veh_48 | CartesianPoint{x=143.18,y=538.17,z=0.00}' (at simulation time 326.000,000,000 s)
2025-05-28 00:19:53,590 INFO  - Received event: 326000 (at simulation time IntraVehicleMsg)
2025-05-28 00:19:53,593 INFO  - Sent message to others cars = 'veh_48 | CartesianPoint{x=143.18,y=538.17,z=0.00}' (at simulation time 327.000,000,000 s)
2025-05-28 00:19:53,657 INFO  - Received event: 327000 (at simulation time IntraVehicleMsg)
2025-05-28 00:19:53,660 INFO  - Sent message to others cars = 'veh_48 | CartesianPoint{x=143.18,y=538.17,z=0.00}' (at simulation time 328.000,000,000 s)
2025-05-28 00:19:53,728 INFO  - Received event: 328000 (at simulation time IntraVehicleMsg)
2025-05-28 00:19:53,731 INFO  - Sent message to others cars = 'veh_48 | CartesianPoint{x=143.18,y=538.17,z=0.00}' (at simulation time 329.000,000,000 s)
2025-05-28 00:19:53,799 INFO  - Received event: 329000 (at simulation time IntraVehicleMsg)
2025-05-28 00:19:53,802 INFO  - Sent message to others cars = 'veh_48 | CartesianPoint{x=143.18,y=538.17,z=0.00}' (at simulation time 330.000,000,000 s)
2025-05-28 00:19:53,872 INFO  - Received event: 330000 (at simulation time IntraVehicleMsg)
2025-05-28 00:19:53,875 INFO  - Sent message to others cars = 'veh_48 | CartesianPoint{x=143.18,y=538.17,z=0.00}' (at simulation time 331.000,000,000 s)
2025-05-28 00:19:53,948 INFO  - Received event: 331000 (at simulation time IntraVehicleMsg)
2025-05-28 00:19:53,960 INFO  - Sent message to others cars = 'veh_48 | CartesianPoint{x=143.18,y=538.17,z=0.00}' (at simulation time 332.000,000,000 s)
2025-05-28 00:19:54,026 INFO  - Received event: 332000 (at simulation time IntraVehicleMsg)
2025-05-28 00:19:54,028 INFO  - Sent message to others cars = 'veh_48 | CartesianPoint{x=143.18,y=538.17,z=0.00}' (at simulation time 333.000,000,000 s)
2025-05-28 00:19:54,096 INFO  - Received event: 333000 (at simulation time IntraVehicleMsg)
2025-05-28 00:19:54,100 INFO  - Sent message to others cars = 'veh_48 | CartesianPoint{x=143.18,y=538.17,z=0.00}' (at simulation time 334.000,000,000 s)
2025-05-28 00:19:54,178 INFO  - Received event: 334000 (at simulation time IntraVehicleMsg)
2025-05-28 00:19:54,181 INFO  - Sent message to others cars = 'veh_48 | CartesianPoint{x=143.18,y=538.17,z=0.00}' (at simulation time 335.000,000,000 s)
2025-05-28 00:19:54,251 INFO  - Received event: 335000 (at simulation time IntraVehicleMsg)
2025-05-28 00:19:54,259 INFO  - Sent message to others cars = 'veh_48 | CartesianPoint{x=143.18,y=538.17,z=0.00}' (at simulation time 336.000,000,000 s)
2025-05-28 00:19:54,333 INFO  - Received event: 336000 (at simulation time IntraVehicleMsg)
2025-05-28 00:19:54,336 INFO  - Sent message to others cars = 'veh_48 | CartesianPoint{x=143.18,y=538.17,z=0.00}' (at simulation time 337.000,000,000 s)
2025-05-28 00:19:54,413 INFO  - Received event: 337000 (at simulation time IntraVehicleMsg)
2025-05-28 00:19:54,416 INFO  - Sent message to others cars = 'veh_48 | CartesianPoint{x=143.18,y=538.17,z=0.00}' (at simulation time 338.000,000,000 s)
2025-05-28 00:19:54,493 INFO  - Received event: 338000 (at simulation time IntraVehicleMsg)
2025-05-28 00:19:54,496 INFO  - Sent message to others cars = 'veh_48 | CartesianPoint{x=143.18,y=538.17,z=0.00}' (at simulation time 339.000,000,000 s)
2025-05-28 00:19:54,573 INFO  - Received event: 339000 (at simulation time IntraVehicleMsg)
2025-05-28 00:19:54,588 INFO  - Sent message to others cars = 'veh_48 | CartesianPoint{x=143.18,y=538.17,z=0.00}' (at simulation time 340.000,000,000 s)
2025-05-28 00:19:54,666 INFO  - Received event: 340000 (at simulation time IntraVehicleMsg)
2025-05-28 00:19:54,676 INFO  - Sent message to others cars = 'veh_48 | CartesianPoint{x=143.18,y=538.17,z=0.00}' (at simulation time 341.000,000,000 s)
2025-05-28 00:19:54,757 INFO  - Received event: 341000 (at simulation time IntraVehicleMsg)
2025-05-28 00:19:54,761 INFO  - Sent message to others cars = 'veh_48 | CartesianPoint{x=143.16,y=535.75,z=0.00}' (at simulation time 342.000,000,000 s)
2025-05-28 00:19:54,843 INFO  - Received event: 342000 (at simulation time IntraVehicleMsg)
2025-05-28 00:19:54,846 INFO  - Sent message to others cars = 'veh_48 | CartesianPoint{x=143.13,y=531.92,z=0.00}' (at simulation time 343.000,000,000 s)
2025-05-28 00:19:54,926 INFO  - Received event: 343000 (at simulation time IntraVehicleMsg)
2025-05-28 00:19:54,929 INFO  - Sent message to others cars = 'veh_48 | CartesianPoint{x=143.07,y=525.59,z=0.00}' (at simulation time 344.000,000,000 s)
2025-05-28 00:19:54,999 INFO  - Received event: 344000 (at simulation time IntraVehicleMsg)
2025-05-28 00:19:55,002 INFO  - Sent message to others cars = 'veh_48 | CartesianPoint{x=143.00,y=517.67,z=0.00}' (at simulation time 345.000,000,000 s)
2025-05-28 00:19:55,061 INFO  - Received event: 345000 (at simulation time IntraVehicleMsg)
2025-05-28 00:19:55,069 INFO  - Sent message to others cars = 'veh_48 | CartesianPoint{x=142.92,y=509.61,z=0.00}' (at simulation time 346.000,000,000 s)
2025-05-28 00:19:55,126 INFO  - Received event: 346000 (at simulation time IntraVehicleMsg)
2025-05-28 00:19:55,129 INFO  - Sent message to others cars = 'veh_48 | CartesianPoint{x=142.85,y=501.81,z=0.00}' (at simulation time 347.000,000,000 s)
2025-05-28 00:19:55,195 INFO  - Received event: 347000 (at simulation time IntraVehicleMsg)
2025-05-28 00:19:55,198 INFO  - Sent message to others cars = 'veh_48 | CartesianPoint{x=142.77,y=493.62,z=0.00}' (at simulation time 348.000,000,000 s)
2025-05-28 00:19:55,258 INFO  - Received event: 348000 (at simulation time IntraVehicleMsg)
2025-05-28 00:19:55,261 INFO  - Sent message to others cars = 'veh_48 | CartesianPoint{x=142.70,y=486.25,z=0.00}' (at simulation time 349.000,000,000 s)
2025-05-28 00:19:55,305 INFO  - Received event: 349000 (at simulation time IntraVehicleMsg)
2025-05-28 00:19:55,308 INFO  - Sent message to others cars = 'veh_48 | CartesianPoint{x=142.63,y=478.78,z=0.00}' (at simulation time 350.000,000,000 s)
2025-05-28 00:19:55,352 INFO  - Received event: 350000 (at simulation time IntraVehicleMsg)
2025-05-28 00:19:55,357 INFO  - Sent message to others cars = 'veh_48 | CartesianPoint{x=142.55,y=470.84,z=0.00}' (at simulation time 351.000,000,000 s)
2025-05-28 00:19:55,403 INFO  - Received event: 351000 (at simulation time IntraVehicleMsg)
2025-05-28 00:19:55,406 INFO  - Sent message to others cars = 'veh_48 | CartesianPoint{x=142.48,y=463.03,z=0.00}' (at simulation time 352.000,000,000 s)
2025-05-28 00:19:55,447 INFO  - Received event: 352000 (at simulation time IntraVehicleMsg)
2025-05-28 00:19:55,450 INFO  - Sent message to others cars = 'veh_48 | CartesianPoint{x=142.41,y=455.80,z=0.00}' (at simulation time 353.000,000,000 s)
2025-05-28 00:19:55,492 INFO  - Received event: 353000 (at simulation time IntraVehicleMsg)
2025-05-28 00:19:55,500 INFO  - Sent message to others cars = 'veh_48 | CartesianPoint{x=142.39,y=448.44,z=0.00}' (at simulation time 354.000,000,000 s)
2025-05-28 00:19:55,542 INFO  - Received event: 354000 (at simulation time IntraVehicleMsg)
2025-05-28 00:19:55,545 INFO  - Sent message to others cars = 'veh_48 | CartesianPoint{x=142.38,y=441.32,z=0.00}' (at simulation time 355.000,000,000 s)
2025-05-28 00:19:55,592 INFO  - Received event: 355000 (at simulation time IntraVehicleMsg)
2025-05-28 00:19:55,598 INFO  - Sent message to others cars = 'veh_48 | CartesianPoint{x=142.36,y=433.10,z=0.00}' (at simulation time 356.000,000,000 s)
2025-05-28 00:19:55,640 INFO  - Received event: 356000 (at simulation time IntraVehicleMsg)
2025-05-28 00:19:55,642 INFO  - Sent message to others cars = 'veh_48 | CartesianPoint{x=142.34,y=424.77,z=0.00}' (at simulation time 357.000,000,000 s)
2025-05-28 00:19:55,684 INFO  - Received event: 357000 (at simulation time IntraVehicleMsg)
2025-05-28 00:19:55,687 INFO  - Sent message to others cars = 'veh_48 | CartesianPoint{x=142.32,y=416.99,z=0.00}' (at simulation time 358.000,000,000 s)
2025-05-28 00:19:55,734 INFO  - Received event: 358000 (at simulation time IntraVehicleMsg)
2025-05-28 00:19:55,736 INFO  - Sent message to others cars = 'veh_48 | CartesianPoint{x=142.31,y=409.87,z=0.00}' (at simulation time 359.000,000,000 s)
2025-05-28 00:19:55,784 INFO  - Received event: 359000 (at simulation time IntraVehicleMsg)
2025-05-28 00:19:55,788 INFO  - Sent message to others cars = 'veh_48 | CartesianPoint{x=142.29,y=402.41,z=0.00}' (at simulation time 360.000,000,000 s)
2025-05-28 00:19:55,837 INFO  - Received event: 360000 (at simulation time IntraVehicleMsg)
2025-05-28 00:19:55,839 INFO  - Sent message to others cars = 'veh_48 | CartesianPoint{x=142.28,y=394.80,z=0.00}' (at simulation time 361.000,000,000 s)
2025-05-28 00:19:55,889 INFO  - Received event: 361000 (at simulation time IntraVehicleMsg)
2025-05-28 00:19:55,891 INFO  - Sent message to others cars = 'veh_48 | CartesianPoint{x=142.26,y=386.50,z=0.00}' (at simulation time 362.000,000,000 s)
2025-05-28 00:19:55,943 INFO  - Received event: 362000 (at simulation time IntraVehicleMsg)
2025-05-28 00:19:55,948 INFO  - Sent message to others cars = 'veh_48 | CartesianPoint{x=142.25,y=378.69,z=0.00}' (at simulation time 363.000,000,000 s)
2025-05-28 00:19:55,998 INFO  - Received event: 363000 (at simulation time IntraVehicleMsg)
2025-05-28 00:19:56,001 INFO  - Sent message to others cars = 'veh_48 | CartesianPoint{x=142.23,y=370.44,z=0.00}' (at simulation time 364.000,000,000 s)
2025-05-28 00:19:56,052 INFO  - Received event: 364000 (at simulation time IntraVehicleMsg)
2025-05-28 00:19:56,055 INFO  - Sent message to others cars = 'veh_48 | CartesianPoint{x=142.21,y=362.57,z=0.00}' (at simulation time 365.000,000,000 s)
2025-05-28 00:19:56,105 INFO  - Received event: 365000 (at simulation time IntraVehicleMsg)
2025-05-28 00:19:56,112 INFO  - Sent message to others cars = 'veh_48 | CartesianPoint{x=142.18,y=354.57,z=0.00}' (at simulation time 366.000,000,000 s)
2025-05-28 00:19:56,165 INFO  - Received event: 366000 (at simulation time IntraVehicleMsg)
2025-05-28 00:19:56,167 INFO  - Sent message to others cars = 'veh_48 | CartesianPoint{x=142.11,y=346.89,z=0.00}' (at simulation time 367.000,000,000 s)
2025-05-28 00:19:56,223 INFO  - Received event: 367000 (at simulation time IntraVehicleMsg)
2025-05-28 00:19:56,226 INFO  - Sent message to others cars = 'veh_48 | CartesianPoint{x=142.04,y=338.78,z=0.00}' (at simulation time 368.000,000,000 s)
2025-05-28 00:19:56,281 INFO  - Received event: 368000 (at simulation time IntraVehicleMsg)
2025-05-28 00:19:56,284 INFO  - Sent message to others cars = 'veh_48 | CartesianPoint{x=141.98,y=331.24,z=0.00}' (at simulation time 369.000,000,000 s)
2025-05-28 00:19:56,344 INFO  - Received event: 369000 (at simulation time IntraVehicleMsg)
2025-05-28 00:19:56,355 INFO  - Sent message to others cars = 'veh_48 | CartesianPoint{x=141.91,y=323.33,z=0.00}' (at simulation time 370.000,000,000 s)
2025-05-28 00:19:56,414 INFO  - Received event: 370000 (at simulation time IntraVehicleMsg)
2025-05-28 00:19:56,417 INFO  - Sent message to others cars = 'veh_48 | CartesianPoint{x=141.85,y=316.25,z=0.00}' (at simulation time 371.000,000,000 s)
2025-05-28 00:19:56,476 INFO  - Received event: 371000 (at simulation time IntraVehicleMsg)
2025-05-28 00:19:56,479 INFO  - Sent message to others cars = 'veh_48 | CartesianPoint{x=141.79,y=309.13,z=0.00}' (at simulation time 372.000,000,000 s)
2025-05-28 00:19:56,536 INFO  - Received event: 372000 (at simulation time IntraVehicleMsg)
2025-05-28 00:19:56,539 INFO  - Sent message to others cars = 'veh_48 | CartesianPoint{x=141.71,y=301.02,z=0.00}' (at simulation time 373.000,000,000 s)
2025-05-28 00:19:56,596 INFO  - Received event: 373000 (at simulation time IntraVehicleMsg)
2025-05-28 00:19:56,599 INFO  - Sent message to others cars = 'veh_48 | CartesianPoint{x=141.65,y=293.96,z=0.00}' (at simulation time 374.000,000,000 s)
2025-05-28 00:19:56,659 INFO  - Received event: 374000 (at simulation time IntraVehicleMsg)
2025-05-28 00:19:56,666 INFO  - Sent message to others cars = 'veh_48 | CartesianPoint{x=141.59,y=286.23,z=0.00}' (at simulation time 375.000,000,000 s)
2025-05-28 00:19:56,725 INFO  - Received event: 375000 (at simulation time IntraVehicleMsg)
2025-05-28 00:19:56,729 INFO  - Sent message to others cars = 'veh_48 | CartesianPoint{x=141.52,y=278.94,z=0.00}' (at simulation time 376.000,000,000 s)
2025-05-28 00:19:56,793 INFO  - Received event: 376000 (at simulation time IntraVehicleMsg)
2025-05-28 00:19:56,801 INFO  - Sent message to others cars = 'veh_48 | CartesianPoint{x=141.46,y=271.65,z=0.00}' (at simulation time 377.000,000,000 s)
2025-05-28 00:19:56,867 INFO  - Received event: 377000 (at simulation time IntraVehicleMsg)
2025-05-28 00:19:56,871 INFO  - Sent message to others cars = 'veh_48 | CartesianPoint{x=141.40,y=264.38,z=0.00}' (at simulation time 378.000,000,000 s)
2025-05-28 00:19:56,935 INFO  - Received event: 378000 (at simulation time IntraVehicleMsg)
2025-05-28 00:19:56,939 INFO  - Sent message to others cars = 'veh_48 | CartesianPoint{x=141.33,y=256.55,z=0.00}' (at simulation time 379.000,000,000 s)
2025-05-28 00:19:57,002 INFO  - Received event: 379000 (at simulation time IntraVehicleMsg)
2025-05-28 00:19:57,006 INFO  - Sent message to others cars = 'veh_48 | CartesianPoint{x=141.26,y=248.34,z=0.00}' (at simulation time 380.000,000,000 s)
2025-05-28 00:19:57,072 INFO  - Received event: 380000 (at simulation time IntraVehicleMsg)
2025-05-28 00:19:57,075 INFO  - Sent message to others cars = 'veh_48 | CartesianPoint{x=141.20,y=240.93,z=0.00}' (at simulation time 381.000,000,000 s)
2025-05-28 00:19:57,141 INFO  - Received event: 381000 (at simulation time IntraVehicleMsg)
2025-05-28 00:19:57,144 INFO  - Sent message to others cars = 'veh_48 | CartesianPoint{x=141.14,y=233.39,z=0.00}' (at simulation time 382.000,000,000 s)
2025-05-28 00:19:57,211 INFO  - Received event: 382000 (at simulation time IntraVehicleMsg)
2025-05-28 00:19:57,214 INFO  - Sent message to others cars = 'veh_48 | CartesianPoint{x=141.08,y=225.94,z=0.00}' (at simulation time 383.000,000,000 s)
2025-05-28 00:19:57,286 INFO  - Received event: 383000 (at simulation time IntraVehicleMsg)
2025-05-28 00:19:57,289 INFO  - Sent message to others cars = 'veh_48 | CartesianPoint{x=141.02,y=218.61,z=0.00}' (at simulation time 384.000,000,000 s)
2025-05-28 00:19:57,362 INFO  - Received event: 384000 (at simulation time IntraVehicleMsg)
2025-05-28 00:19:57,368 INFO  - Sent message to others cars = 'veh_48 | CartesianPoint{x=140.95,y=210.48,z=0.00}' (at simulation time 385.000,000,000 s)
2025-05-28 00:19:57,445 INFO  - Received event: 385000 (at simulation time IntraVehicleMsg)
2025-05-28 00:19:57,449 INFO  - Sent message to others cars = 'veh_48 | CartesianPoint{x=140.89,y=202.88,z=0.00}' (at simulation time 386.000,000,000 s)
2025-05-28 00:19:57,521 INFO  - Received event: 386000 (at simulation time IntraVehicleMsg)
2025-05-28 00:19:57,529 INFO  - Sent message to others cars = 'veh_48 | CartesianPoint{x=140.82,y=194.92,z=0.00}' (at simulation time 387.000,000,000 s)
2025-05-28 00:19:57,605 INFO  - Received event: 387000 (at simulation time IntraVehicleMsg)
2025-05-28 00:19:57,612 INFO  - Sent message to others cars = 'veh_48 | CartesianPoint{x=140.76,y=187.46,z=0.00}' (at simulation time 388.000,000,000 s)
2025-05-28 00:19:57,688 INFO  - Received event: 388000 (at simulation time IntraVehicleMsg)
2025-05-28 00:19:57,691 INFO  - Sent message to others cars = 'veh_48 | CartesianPoint{x=140.70,y=180.25,z=0.00}' (at simulation time 389.000,000,000 s)
2025-05-28 00:19:57,771 INFO  - Received event: 389000 (at simulation time IntraVehicleMsg)
2025-05-28 00:19:57,774 INFO  - Sent message to others cars = 'veh_48 | CartesianPoint{x=140.64,y=173.14,z=0.00}' (at simulation time 390.000,000,000 s)
2025-05-28 00:19:57,858 INFO  - Received event: 390000 (at simulation time IntraVehicleMsg)
2025-05-28 00:19:57,861 INFO  - Sent message to others cars = 'veh_48 | CartesianPoint{x=140.58,y=165.54,z=0.00}' (at simulation time 391.000,000,000 s)
2025-05-28 00:19:57,944 INFO  - Received event: 391000 (at simulation time IntraVehicleMsg)
2025-05-28 00:19:57,951 INFO  - Sent message to others cars = 'veh_48 | CartesianPoint{x=140.51,y=157.58,z=0.00}' (at simulation time 392.000,000,000 s)
2025-05-28 00:19:58,031 INFO  - Received event: 392000 (at simulation time IntraVehicleMsg)
2025-05-28 00:19:58,036 INFO  - Sent message to others cars = 'veh_48 | CartesianPoint{x=140.45,y=150.24,z=0.00}' (at simulation time 393.000,000,000 s)
2025-05-28 00:19:58,116 INFO  - Received event: 393000 (at simulation time IntraVehicleMsg)
2025-05-28 00:19:58,119 INFO  - Sent message to others cars = 'veh_48 | CartesianPoint{x=140.39,y=142.84,z=0.00}' (at simulation time 394.000,000,000 s)
2025-05-28 00:19:58,201 INFO  - Received event: 394000 (at simulation time IntraVehicleMsg)
2025-05-28 00:19:58,204 INFO  - Sent message to others cars = 'veh_48 | CartesianPoint{x=140.38,y=134.77,z=0.00}' (at simulation time 395.000,000,000 s)
2025-05-28 00:19:58,291 INFO  - Received event: 395000 (at simulation time IntraVehicleMsg)
2025-05-28 00:19:58,295 INFO  - Sent message to others cars = 'veh_48 | CartesianPoint{x=140.43,y=126.58,z=0.00}' (at simulation time 396.000,000,000 s)
2025-05-28 00:19:58,383 INFO  - Received event: 396000 (at simulation time IntraVehicleMsg)
2025-05-28 00:19:58,390 INFO  - Sent message to others cars = 'veh_48 | CartesianPoint{x=140.47,y=119.14,z=0.00}' (at simulation time 397.000,000,000 s)
2025-05-28 00:19:58,482 INFO  - Received event: 397000 (at simulation time IntraVehicleMsg)
2025-05-28 00:19:58,485 INFO  - Sent message to others cars = 'veh_48 | CartesianPoint{x=140.51,y=111.03,z=0.00}' (at simulation time 398.000,000,000 s)
2025-05-28 00:19:58,573 INFO  - Received event: 398000 (at simulation time IntraVehicleMsg)
2025-05-28 00:19:58,576 INFO  - Sent message to others cars = 'veh_48 | CartesianPoint{x=140.56,y=102.87,z=0.00}' (at simulation time 399.000,000,000 s)
2025-05-28 00:19:58,665 INFO  - Received event: 399000 (at simulation time IntraVehicleMsg)
2025-05-28 00:19:58,668 INFO  - Sent message to others cars = 'veh_48 | CartesianPoint{x=140.60,y=95.66,z=0.00}' (at simulation time 400.000,000,000 s)
2025-05-28 00:19:58,763 INFO  - Received event: 400000 (at simulation time IntraVehicleMsg)
2025-05-28 00:19:58,767 INFO  - Sent message to others cars = 'veh_48 | CartesianPoint{x=140.64,y=87.92,z=0.00}' (at simulation time 401.000,000,000 s)
2025-05-28 00:19:58,863 INFO  - Received event: 401000 (at simulation time IntraVehicleMsg)
2025-05-28 00:19:58,867 INFO  - Sent message to others cars = 'veh_48 | CartesianPoint{x=140.68,y=80.60,z=0.00}' (at simulation time 402.000,000,000 s)
2025-05-28 00:19:58,968 INFO  - Received event: 402000 (at simulation time IntraVehicleMsg)
2025-05-28 00:19:58,978 INFO  - Sent message to others cars = 'veh_48 | CartesianPoint{x=142.40,y=73.97,z=0.00}' (at simulation time 403.000,000,000 s)
2025-05-28 00:19:59,073 INFO  - Received event: 403000 (at simulation time IntraVehicleMsg)
2025-05-28 00:19:59,081 INFO  - Sent message to others cars = 'veh_48 | CartesianPoint{x=146.82,y=67.43,z=0.00}' (at simulation time 404.000,000,000 s)
2025-05-28 00:19:59,183 INFO  - Received event: 404000 (at simulation time IntraVehicleMsg)
2025-05-28 00:19:59,187 INFO  - Sent message to others cars = 'veh_48 | CartesianPoint{x=152.54,y=62.07,z=0.00}' (at simulation time 405.000,000,000 s)
2025-05-28 00:19:59,286 INFO  - Received event: 405000 (at simulation time IntraVehicleMsg)
2025-05-28 00:19:59,292 INFO  - Sent message to others cars = 'veh_48 | CartesianPoint{x=157.89,y=56.69,z=0.00}' (at simulation time 406.000,000,000 s)
2025-05-28 00:19:59,384 INFO  - Received event: 406000 (at simulation time IntraVehicleMsg)
2025-05-28 00:19:59,388 INFO  - Sent message to others cars = 'veh_48 | CartesianPoint{x=162.84,y=51.26,z=0.00}' (at simulation time 407.000,000,000 s)
2025-05-28 00:19:59,482 INFO  - Received event: 407000 (at simulation time IntraVehicleMsg)
2025-05-28 00:19:59,490 INFO  - Sent message to others cars = 'veh_48 | CartesianPoint{x=167.71,y=45.90,z=0.00}' (at simulation time 408.000,000,000 s)
2025-05-28 00:19:59,587 INFO  - Received event: 408000 (at simulation time IntraVehicleMsg)
2025-05-28 00:19:59,590 INFO  - Sent message to others cars = 'veh_48 | CartesianPoint{x=173.20,y=39.87,z=0.00}' (at simulation time 409.000,000,000 s)
2025-05-28 00:19:59,684 INFO  - Received event: 409000 (at simulation time IntraVehicleMsg)
2025-05-28 00:19:59,688 INFO  - Sent message to others cars = 'veh_48 | CartesianPoint{x=178.35,y=34.20,z=0.00}' (at simulation time 410.000,000,000 s)
2025-05-28 00:19:59,783 INFO  - Received event: 410000 (at simulation time IntraVehicleMsg)
2025-05-28 00:19:59,792 INFO  - Sent message to others cars = 'veh_48 | CartesianPoint{x=183.38,y=28.67,z=0.00}' (at simulation time 411.000,000,000 s)
2025-05-28 00:19:59,881 INFO  - Received event: 411000 (at simulation time IntraVehicleMsg)
2025-05-28 00:19:59,884 INFO  - Sent message to others cars = 'veh_48 | CartesianPoint{x=188.17,y=23.40,z=0.00}' (at simulation time 412.000,000,000 s)
2025-05-28 00:19:59,971 INFO  - Received event: 412000 (at simulation time IntraVehicleMsg)
2025-05-28 00:19:59,974 INFO  - Sent message to others cars = 'veh_48 | CartesianPoint{x=193.72,y=17.30,z=0.00}' (at simulation time 413.000,000,000 s)
2025-05-28 00:20:00,058 INFO  - Received event: 413000 (at simulation time IntraVehicleMsg)
2025-05-28 00:20:00,061 INFO  - Sent message to others cars = 'veh_48 | CartesianPoint{x=197.53,y=11.47,z=0.00}' (at simulation time 414.000,000,000 s)
2025-05-28 00:20:00,146 INFO  - Received event: 414000 (at simulation time IntraVehicleMsg)
2025-05-28 00:20:00,149 INFO  - Sent message to others cars = 'veh_48 | CartesianPoint{x=199.31,y=4.11,z=0.00}' (at simulation time 415.000,000,000 s)
