2025-05-28 00:18:30,693 INFO  - ------------------------------------------------------------------------------------- (at simulation time 161.000,000,000 s)
2025-05-28 00:18:30,693 INFO  - Initialize veh_31 application (at simulation time 161.000,000,000 s)
2025-05-28 00:18:30,693 INFO  - Activated AdHoc Module (at simulation time 161.000,000,000 s)
2025-05-28 00:18:30,693 INFO  - ------------------------------------------------------------------------------------- (at simulation time 161.000,000,000 s)
2025-05-28 00:18:30,694 INFO  - Sent message to others cars = 'veh_31 | CartesianPoint{x=-0.00,y=532.14,z=0.00}' (at simulation time 161.000,000,000 s)
2025-05-28 00:18:30,762 INFO  - Received event: 161000 (at simulation time IntraVehicleMsg)
2025-05-28 00:18:30,777 INFO  - Sent message to others cars = 'veh_31 | CartesianPoint{x=8.23,y=532.12,z=0.00}' (at simulation time 162.000,000,000 s)
2025-05-28 00:18:30,849 INFO  - Received event: 162000 (at simulation time IntraVehicleMsg)
2025-05-28 00:18:30,858 INFO  - Sent message to others cars = 'veh_31 | CartesianPoint{x=16.55,y=532.09,z=0.00}' (at simulation time 163.000,000,000 s)
2025-05-28 00:18:30,926 INFO  - Received event: 163000 (at simulation time IntraVehicleMsg)
2025-05-28 00:18:30,934 INFO  - Sent message to others cars = 'veh_31 | CartesianPoint{x=24.60,y=532.07,z=0.00}' (at simulation time 164.000,000,000 s)
2025-05-28 00:18:31,004 INFO  - Received event: 164000 (at simulation time IntraVehicleMsg)
2025-05-28 00:18:31,008 INFO  - Sent message to others cars = 'veh_31 | CartesianPoint{x=32.38,y=532.04,z=0.00}' (at simulation time 165.000,000,000 s)
2025-05-28 00:18:31,078 INFO  - Received event: 165000 (at simulation time IntraVehicleMsg)
2025-05-28 00:18:31,082 INFO  - Sent message to others cars = 'veh_31 | CartesianPoint{x=41.15,y=532.06,z=0.00}' (at simulation time 166.000,000,000 s)
2025-05-28 00:18:31,153 INFO  - Received event: 166000 (at simulation time IntraVehicleMsg)
2025-05-28 00:18:31,156 INFO  - Sent message to others cars = 'veh_31 | CartesianPoint{x=49.07,y=532.11,z=0.00}' (at simulation time 167.000,000,000 s)
2025-05-28 00:18:31,229 INFO  - Received event: 167000 (at simulation time IntraVehicleMsg)
2025-05-28 00:18:31,233 INFO  - Sent message to others cars = 'veh_31 | CartesianPoint{x=57.95,y=532.18,z=0.00}' (at simulation time 168.000,000,000 s)
2025-05-28 00:18:31,306 INFO  - Received event: 168000 (at simulation time IntraVehicleMsg)
2025-05-28 00:18:31,309 INFO  - Sent message to others cars = 'veh_31 | CartesianPoint{x=65.62,y=532.21,z=0.00}' (at simulation time 169.000,000,000 s)
2025-05-28 00:18:31,384 INFO  - Received event: 169000 (at simulation time IntraVehicleMsg)
2025-05-28 00:18:31,389 INFO  - Sent message to others cars = 'veh_31 | CartesianPoint{x=73.83,y=532.23,z=0.00}' (at simulation time 170.000,000,000 s)
2025-05-28 00:18:31,464 INFO  - Received event: 170000 (at simulation time IntraVehicleMsg)
2025-05-28 00:18:31,472 INFO  - Sent message to others cars = 'veh_31 | CartesianPoint{x=82.08,y=532.25,z=0.00}' (at simulation time 171.000,000,000 s)
2025-05-28 00:18:31,550 INFO  - Received event: 171000 (at simulation time IntraVehicleMsg)
2025-05-28 00:18:31,555 INFO  - Sent message to others cars = 'veh_31 | CartesianPoint{x=90.43,y=532.21,z=0.00}' (at simulation time 172.000,000,000 s)
2025-05-28 00:18:31,632 INFO  - Received event: 172000 (at simulation time IntraVehicleMsg)
2025-05-28 00:18:31,645 INFO  - Sent message to others cars = 'veh_31 | CartesianPoint{x=98.95,y=532.11,z=0.00}' (at simulation time 173.000,000,000 s)
2025-05-28 00:18:31,729 INFO  - Received event: 173000 (at simulation time IntraVehicleMsg)
2025-05-28 00:18:31,743 INFO  - Sent message to others cars = 'veh_31 | CartesianPoint{x=106.98,y=528.81,z=0.00}' (at simulation time 174.000,000,000 s)
2025-05-28 00:18:31,825 INFO  - Received event: 174000 (at simulation time IntraVehicleMsg)
2025-05-28 00:18:31,840 INFO  - Sent message to others cars = 'veh_31 | CartesianPoint{x=114.76,y=528.71,z=0.00}' (at simulation time 175.000,000,000 s)
2025-05-28 00:18:31,927 INFO  - Received event: 175000 (at simulation time IntraVehicleMsg)
2025-05-28 00:18:31,938 INFO  - Sent message to others cars = 'veh_31 | CartesianPoint{x=123.08,y=528.60,z=0.00}' (at simulation time 176.000,000,000 s)
2025-05-28 00:18:32,019 INFO  - Received event: 176000 (at simulation time IntraVehicleMsg)
2025-05-28 00:18:32,025 INFO  - Sent message to others cars = 'veh_31 | CartesianPoint{x=130.23,y=528.51,z=0.00}' (at simulation time 177.000,000,000 s)
2025-05-28 00:18:32,108 INFO  - Received event: 177000 (at simulation time IntraVehicleMsg)
2025-05-28 00:18:32,113 INFO  - Sent message to others cars = 'veh_31 | CartesianPoint{x=133.20,y=528.47,z=0.00}' (at simulation time 178.000,000,000 s)
2025-05-28 00:18:32,196 INFO  - Received event: 178000 (at simulation time IntraVehicleMsg)
2025-05-28 00:18:32,201 INFO  - Sent message to others cars = 'veh_31 | CartesianPoint{x=133.25,y=528.47,z=0.00}' (at simulation time 179.000,000,000 s)
2025-05-28 00:18:32,286 INFO  - Received event: 179000 (at simulation time IntraVehicleMsg)
2025-05-28 00:18:32,290 INFO  - Sent message to others cars = 'veh_31 | CartesianPoint{x=133.29,y=528.47,z=0.00}' (at simulation time 180.000,000,000 s)
2025-05-28 00:18:32,378 INFO  - Received event: 180000 (at simulation time IntraVehicleMsg)
2025-05-28 00:18:32,386 INFO  - Sent message to others cars = 'veh_31 | CartesianPoint{x=133.29,y=528.47,z=0.00}' (at simulation time 181.000,000,000 s)
2025-05-28 00:18:32,474 INFO  - Received event: 181000 (at simulation time IntraVehicleMsg)
2025-05-28 00:18:32,477 INFO  - Sent message to others cars = 'veh_31 | CartesianPoint{x=133.30,y=528.47,z=0.00}' (at simulation time 182.000,000,000 s)
2025-05-28 00:18:32,568 INFO  - Received event: 182000 (at simulation time IntraVehicleMsg)
2025-05-28 00:18:32,572 INFO  - Sent message to others cars = 'veh_31 | CartesianPoint{x=133.30,y=528.47,z=0.00}' (at simulation time 183.000,000,000 s)
2025-05-28 00:18:32,662 INFO  - Received event: 183000 (at simulation time IntraVehicleMsg)
2025-05-28 00:18:32,665 INFO  - Sent message to others cars = 'veh_31 | CartesianPoint{x=133.30,y=528.47,z=0.00}' (at simulation time 184.000,000,000 s)
2025-05-28 00:18:32,758 INFO  - Received event: 184000 (at simulation time IntraVehicleMsg)
2025-05-28 00:18:32,765 INFO  - Sent message to others cars = 'veh_31 | CartesianPoint{x=133.30,y=528.47,z=0.00}' (at simulation time 185.000,000,000 s)
2025-05-28 00:18:32,859 INFO  - Received event: 185000 (at simulation time IntraVehicleMsg)
2025-05-28 00:18:32,872 INFO  - Sent message to others cars = 'veh_31 | CartesianPoint{x=133.30,y=528.47,z=0.00}' (at simulation time 186.000,000,000 s)
2025-05-28 00:18:32,969 INFO  - Received event: 186000 (at simulation time IntraVehicleMsg)
2025-05-28 00:18:32,979 INFO  - Sent message to others cars = 'veh_31 | CartesianPoint{x=133.30,y=528.47,z=0.00}' (at simulation time 187.000,000,000 s)
2025-05-28 00:18:33,077 INFO  - Received event: 187000 (at simulation time IntraVehicleMsg)
2025-05-28 00:18:33,086 INFO  - Sent message to others cars = 'veh_31 | CartesianPoint{x=133.30,y=528.47,z=0.00}' (at simulation time 188.000,000,000 s)
2025-05-28 00:18:33,185 INFO  - Received event: 188000 (at simulation time IntraVehicleMsg)
2025-05-28 00:18:33,196 INFO  - Sent message to others cars = 'veh_31 | CartesianPoint{x=133.30,y=528.47,z=0.00}' (at simulation time 189.000,000,000 s)
2025-05-28 00:18:33,298 INFO  - Received event: 189000 (at simulation time IntraVehicleMsg)
2025-05-28 00:18:33,309 INFO  - Sent message to others cars = 'veh_31 | CartesianPoint{x=133.30,y=528.47,z=0.00}' (at simulation time 190.000,000,000 s)
2025-05-28 00:18:33,404 INFO  - Received event: 190000 (at simulation time IntraVehicleMsg)
2025-05-28 00:18:33,408 INFO  - Sent message to others cars = 'veh_31 | CartesianPoint{x=133.30,y=528.47,z=0.00}' (at simulation time 191.000,000,000 s)
2025-05-28 00:18:33,499 INFO  - Received event: 191000 (at simulation time IntraVehicleMsg)
2025-05-28 00:18:33,507 INFO  - Sent message to others cars = 'veh_31 | CartesianPoint{x=133.30,y=528.47,z=0.00}' (at simulation time 192.000,000,000 s)
2025-05-28 00:18:33,597 INFO  - Received event: 192000 (at simulation time IntraVehicleMsg)
2025-05-28 00:18:33,600 INFO  - Sent message to others cars = 'veh_31 | CartesianPoint{x=133.30,y=528.47,z=0.00}' (at simulation time 193.000,000,000 s)
2025-05-28 00:18:33,688 INFO  - Received event: 193000 (at simulation time IntraVehicleMsg)
2025-05-28 00:18:33,691 INFO  - Sent message to others cars = 'veh_31 | CartesianPoint{x=133.30,y=528.47,z=0.00}' (at simulation time 194.000,000,000 s)
2025-05-28 00:18:33,780 INFO  - Received event: 194000 (at simulation time IntraVehicleMsg)
2025-05-28 00:18:33,784 INFO  - Sent message to others cars = 'veh_31 | CartesianPoint{x=133.30,y=528.47,z=0.00}' (at simulation time 195.000,000,000 s)
2025-05-28 00:18:33,873 INFO  - Received event: 195000 (at simulation time IntraVehicleMsg)
2025-05-28 00:18:33,876 INFO  - Sent message to others cars = 'veh_31 | CartesianPoint{x=133.30,y=528.47,z=0.00}' (at simulation time 196.000,000,000 s)
2025-05-28 00:18:33,965 INFO  - Received event: 196000 (at simulation time IntraVehicleMsg)
2025-05-28 00:18:33,968 INFO  - Sent message to others cars = 'veh_31 | CartesianPoint{x=133.30,y=528.47,z=0.00}' (at simulation time 197.000,000,000 s)
2025-05-28 00:18:34,058 INFO  - Received event: 197000 (at simulation time IntraVehicleMsg)
2025-05-28 00:18:34,062 INFO  - Sent message to others cars = 'veh_31 | CartesianPoint{x=133.30,y=528.47,z=0.00}' (at simulation time 198.000,000,000 s)
2025-05-28 00:18:34,155 INFO  - Received event: 198000 (at simulation time IntraVehicleMsg)
2025-05-28 00:18:34,165 INFO  - Sent message to others cars = 'veh_31 | CartesianPoint{x=133.30,y=528.47,z=0.00}' (at simulation time 199.000,000,000 s)
2025-05-28 00:18:34,252 INFO  - Received event: 199000 (at simulation time IntraVehicleMsg)
2025-05-28 00:18:34,255 INFO  - Sent message to others cars = 'veh_31 | CartesianPoint{x=133.30,y=528.47,z=0.00}' (at simulation time 200.000,000,000 s)
2025-05-28 00:18:34,334 INFO  - Received event: 200000 (at simulation time IntraVehicleMsg)
2025-05-28 00:18:34,337 INFO  - Sent message to others cars = 'veh_31 | CartesianPoint{x=133.30,y=528.47,z=0.00}' (at simulation time 201.000,000,000 s)
2025-05-28 00:18:34,418 INFO  - Received event: 201000 (at simulation time IntraVehicleMsg)
2025-05-28 00:18:34,425 INFO  - Sent message to others cars = 'veh_31 | CartesianPoint{x=133.30,y=528.47,z=0.00}' (at simulation time 202.000,000,000 s)
2025-05-28 00:18:34,506 INFO  - Received event: 202000 (at simulation time IntraVehicleMsg)
2025-05-28 00:18:34,508 INFO  - Sent message to others cars = 'veh_31 | CartesianPoint{x=133.30,y=528.47,z=0.00}' (at simulation time 203.000,000,000 s)
2025-05-28 00:18:34,593 INFO  - Received event: 203000 (at simulation time IntraVehicleMsg)
2025-05-28 00:18:34,602 INFO  - Sent message to others cars = 'veh_31 | CartesianPoint{x=133.30,y=528.47,z=0.00}' (at simulation time 204.000,000,000 s)
2025-05-28 00:18:34,683 INFO  - Received event: 204000 (at simulation time IntraVehicleMsg)
2025-05-28 00:18:34,686 INFO  - Sent message to others cars = 'veh_31 | CartesianPoint{x=133.30,y=528.47,z=0.00}' (at simulation time 205.000,000,000 s)
2025-05-28 00:18:34,772 INFO  - Received event: 205000 (at simulation time IntraVehicleMsg)
2025-05-28 00:18:34,775 INFO  - Sent message to others cars = 'veh_31 | CartesianPoint{x=135.10,y=528.45,z=0.00}' (at simulation time 206.000,000,000 s)
2025-05-28 00:18:34,860 INFO  - Received event: 206000 (at simulation time IntraVehicleMsg)
2025-05-28 00:18:34,863 INFO  - Sent message to others cars = 'veh_31 | CartesianPoint{x=138.64,y=528.43,z=0.00}' (at simulation time 207.000,000,000 s)
2025-05-28 00:18:34,950 INFO  - Received event: 207000 (at simulation time IntraVehicleMsg)
2025-05-28 00:18:34,953 INFO  - Sent message to others cars = 'veh_31 | CartesianPoint{x=143.64,y=528.40,z=0.00}' (at simulation time 208.000,000,000 s)
2025-05-28 00:18:35,039 INFO  - Received event: 208000 (at simulation time IntraVehicleMsg)
2025-05-28 00:18:35,042 INFO  - Sent message to others cars = 'veh_31 | CartesianPoint{x=150.94,y=528.38,z=0.00}' (at simulation time 209.000,000,000 s)
2025-05-28 00:18:35,130 INFO  - Received event: 209000 (at simulation time IntraVehicleMsg)
2025-05-28 00:18:35,134 INFO  - Sent message to others cars = 'veh_31 | CartesianPoint{x=159.62,y=528.44,z=0.00}' (at simulation time 210.000,000,000 s)
2025-05-28 00:18:35,214 INFO  - Received event: 210000 (at simulation time IntraVehicleMsg)
2025-05-28 00:18:35,217 INFO  - Sent message to others cars = 'veh_31 | CartesianPoint{x=168.10,y=528.49,z=0.00}' (at simulation time 211.000,000,000 s)
2025-05-28 00:18:35,301 INFO  - Received event: 211000 (at simulation time IntraVehicleMsg)
2025-05-28 00:18:35,317 INFO  - Sent message to others cars = 'veh_31 | CartesianPoint{x=176.01,y=528.55,z=0.00}' (at simulation time 212.000,000,000 s)
2025-05-28 00:18:35,392 INFO  - Received event: 212000 (at simulation time IntraVehicleMsg)
2025-05-28 00:18:35,395 INFO  - Sent message to others cars = 'veh_31 | CartesianPoint{x=184.88,y=528.61,z=0.00}' (at simulation time 213.000,000,000 s)
2025-05-28 00:18:35,473 INFO  - Received event: 213000 (at simulation time IntraVehicleMsg)
2025-05-28 00:18:35,476 INFO  - Sent message to others cars = 'veh_31 | CartesianPoint{x=193.03,y=528.67,z=0.00}' (at simulation time 214.000,000,000 s)
2025-05-28 00:18:35,553 INFO  - Received event: 214000 (at simulation time IntraVehicleMsg)
2025-05-28 00:18:35,557 INFO  - Sent message to others cars = 'veh_31 | CartesianPoint{x=200.94,y=528.72,z=0.00}' (at simulation time 215.000,000,000 s)
2025-05-28 00:18:35,627 INFO  - Received event: 215000 (at simulation time IntraVehicleMsg)
2025-05-28 00:18:35,631 INFO  - Sent message to others cars = 'veh_31 | CartesianPoint{x=209.68,y=528.78,z=0.00}' (at simulation time 216.000,000,000 s)
2025-05-28 00:18:35,704 INFO  - Received event: 216000 (at simulation time IntraVehicleMsg)
2025-05-28 00:18:35,706 INFO  - Sent message to others cars = 'veh_31 | CartesianPoint{x=214.27,y=528.81,z=0.00}' (at simulation time 217.000,000,000 s)
2025-05-28 00:18:35,780 INFO  - Received event: 217000 (at simulation time IntraVehicleMsg)
2025-05-28 00:18:35,789 INFO  - Sent message to others cars = 'veh_31 | CartesianPoint{x=220.92,y=528.83,z=0.00}' (at simulation time 218.000,000,000 s)
2025-05-28 00:18:35,863 INFO  - Received event: 218000 (at simulation time IntraVehicleMsg)
2025-05-28 00:18:35,868 INFO  - Sent message to others cars = 'veh_31 | CartesianPoint{x=229.76,y=528.84,z=0.00}' (at simulation time 219.000,000,000 s)
2025-05-28 00:18:35,941 INFO  - Received event: 219000 (at simulation time IntraVehicleMsg)
2025-05-28 00:18:35,944 INFO  - Sent message to others cars = 'veh_31 | CartesianPoint{x=238.48,y=528.83,z=0.00}' (at simulation time 220.000,000,000 s)
2025-05-28 00:18:36,020 INFO  - Received event: 220000 (at simulation time IntraVehicleMsg)
2025-05-28 00:18:36,024 INFO  - Sent message to others cars = 'veh_31 | CartesianPoint{x=246.33,y=528.81,z=0.00}' (at simulation time 221.000,000,000 s)
2025-05-28 00:18:36,098 INFO  - Received event: 221000 (at simulation time IntraVehicleMsg)
2025-05-28 00:18:36,106 INFO  - Sent message to others cars = 'veh_31 | CartesianPoint{x=254.06,y=528.80,z=0.00}' (at simulation time 222.000,000,000 s)
2025-05-28 00:18:36,184 INFO  - Received event: 222000 (at simulation time IntraVehicleMsg)
2025-05-28 00:18:36,187 INFO  - Sent message to others cars = 'veh_31 | CartesianPoint{x=261.78,y=528.78,z=0.00}' (at simulation time 223.000,000,000 s)
2025-05-28 00:18:36,264 INFO  - Received event: 223000 (at simulation time IntraVehicleMsg)
2025-05-28 00:18:36,267 INFO  - Sent message to others cars = 'veh_31 | CartesianPoint{x=269.94,y=528.77,z=0.00}' (at simulation time 224.000,000,000 s)
2025-05-28 00:18:36,348 INFO  - Received event: 224000 (at simulation time IntraVehicleMsg)
2025-05-28 00:18:36,352 INFO  - Sent message to others cars = 'veh_31 | CartesianPoint{x=278.45,y=528.75,z=0.00}' (at simulation time 225.000,000,000 s)
2025-05-28 00:18:36,433 INFO  - Received event: 225000 (at simulation time IntraVehicleMsg)
2025-05-28 00:18:36,446 INFO  - Sent message to others cars = 'veh_31 | CartesianPoint{x=286.13,y=528.74,z=0.00}' (at simulation time 226.000,000,000 s)
2025-05-28 00:18:36,531 INFO  - Received event: 226000 (at simulation time IntraVehicleMsg)
2025-05-28 00:18:36,540 INFO  - Sent message to others cars = 'veh_31 | CartesianPoint{x=294.74,y=528.73,z=0.00}' (at simulation time 227.000,000,000 s)
2025-05-28 00:18:36,622 INFO  - Received event: 227000 (at simulation time IntraVehicleMsg)
2025-05-28 00:18:36,626 INFO  - Sent message to others cars = 'veh_31 | CartesianPoint{x=303.36,y=528.72,z=0.00}' (at simulation time 228.000,000,000 s)
2025-05-28 00:18:36,710 INFO  - Received event: 228000 (at simulation time IntraVehicleMsg)
2025-05-28 00:18:36,713 INFO  - Sent message to others cars = 'veh_31 | CartesianPoint{x=311.65,y=528.72,z=0.00}' (at simulation time 229.000,000,000 s)
2025-05-28 00:18:36,798 INFO  - Received event: 229000 (at simulation time IntraVehicleMsg)
2025-05-28 00:18:36,808 INFO  - Sent message to others cars = 'veh_31 | CartesianPoint{x=319.53,y=528.71,z=0.00}' (at simulation time 230.000,000,000 s)
2025-05-28 00:18:36,897 INFO  - Received event: 230000 (at simulation time IntraVehicleMsg)
2025-05-28 00:18:36,901 INFO  - Sent message to others cars = 'veh_31 | CartesianPoint{x=327.23,y=528.70,z=0.00}' (at simulation time 231.000,000,000 s)
2025-05-28 00:18:36,986 INFO  - Received event: 231000 (at simulation time IntraVehicleMsg)
2025-05-28 00:18:36,990 INFO  - Sent message to others cars = 'veh_31 | CartesianPoint{x=335.55,y=528.69,z=0.00}' (at simulation time 232.000,000,000 s)
2025-05-28 00:18:37,078 INFO  - Received event: 232000 (at simulation time IntraVehicleMsg)
2025-05-28 00:18:37,086 INFO  - Sent message to others cars = 'veh_31 | CartesianPoint{x=343.45,y=528.68,z=0.00}' (at simulation time 233.000,000,000 s)
2025-05-28 00:18:37,171 INFO  - Received event: 233000 (at simulation time IntraVehicleMsg)
2025-05-28 00:18:37,175 INFO  - ------------------------------------------------------------------------------------- (at simulation time 234.000,000,000 s)
2025-05-28 00:18:37,175 INFO  - Shutdown application (at simulation time 234.000,000,000 s)
2025-05-28 00:18:37,175 INFO  - ------------------------------------------------------------------------------------- (at simulation time 234.000,000,000 s)
