2025-05-28 00:18:54,001 INFO  - ------------------------------------------------------------------------------------- (at simulation time 490.000,000,000 s)
2025-05-28 00:18:54,001 INFO  - Initialize veh_95 application (at simulation time 490.000,000,000 s)
2025-05-28 00:18:54,001 INFO  - Activated AdHoc Module (at simulation time 490.000,000,000 s)
2025-05-28 00:18:54,001 INFO  - ------------------------------------------------------------------------------------- (at simulation time 490.000,000,000 s)
2025-05-28 00:18:54,002 INFO  - Sent message to others cars = 'veh_95 | CartesianPoint{x=-0.01,y=528.94,z=0.00}' (at simulation time 490.000,000,000 s)
2025-05-28 00:18:54,068 INFO  - Received event: 490000 (at simulation time IntraVehicleMsg)
2025-05-28 00:18:54,072 INFO  - Sent message to others cars = 'veh_95 | CartesianPoint{x=8.90,y=528.91,z=0.00}' (at simulation time 491.000,000,000 s)
2025-05-28 00:18:54,140 INFO  - Received event: 491000 (at simulation time IntraVehicleMsg)
2025-05-28 00:18:54,144 INFO  - Sent message to others cars = 'veh_95 | CartesianPoint{x=18.39,y=528.89,z=0.00}' (at simulation time 492.000,000,000 s)
2025-05-28 00:18:54,214 INFO  - Received event: 492000 (at simulation time IntraVehicleMsg)
2025-05-28 00:18:54,217 INFO  - Sent message to others cars = 'veh_95 | CartesianPoint{x=27.42,y=528.86,z=0.00}' (at simulation time 493.000,000,000 s)
2025-05-28 00:18:54,288 INFO  - Received event: 493000 (at simulation time IntraVehicleMsg)
2025-05-28 00:18:54,292 INFO  - Sent message to others cars = 'veh_95 | CartesianPoint{x=36.44,y=528.82,z=0.00}' (at simulation time 494.000,000,000 s)
2025-05-28 00:18:54,365 INFO  - Received event: 494000 (at simulation time IntraVehicleMsg)
2025-05-28 00:18:54,368 INFO  - Sent message to others cars = 'veh_95 | CartesianPoint{x=44.81,y=528.88,z=0.00}' (at simulation time 495.000,000,000 s)
2025-05-28 00:18:54,441 INFO  - Received event: 495000 (at simulation time IntraVehicleMsg)
2025-05-28 00:18:54,443 INFO  - Sent message to others cars = 'veh_95 | CartesianPoint{x=54.17,y=528.95,z=0.00}' (at simulation time 496.000,000,000 s)
2025-05-28 00:18:54,515 INFO  - Received event: 496000 (at simulation time IntraVehicleMsg)
2025-05-28 00:18:54,517 INFO  - Sent message to others cars = 'veh_95 | CartesianPoint{x=62.76,y=529.00,z=0.00}' (at simulation time 497.000,000,000 s)
2025-05-28 00:18:54,589 INFO  - Received event: 497000 (at simulation time IntraVehicleMsg)
2025-05-28 00:18:54,598 INFO  - Sent message to others cars = 'veh_95 | CartesianPoint{x=72.09,y=529.03,z=0.00}' (at simulation time 498.000,000,000 s)
2025-05-28 00:18:54,670 INFO  - Received event: 498000 (at simulation time IntraVehicleMsg)
2025-05-28 00:18:54,673 INFO  - Sent message to others cars = 'veh_95 | CartesianPoint{x=80.94,y=529.05,z=0.00}' (at simulation time 499.000,000,000 s)
2025-05-28 00:18:54,744 INFO  - Received event: 499000 (at simulation time IntraVehicleMsg)
2025-05-28 00:18:54,752 INFO  - Sent message to others cars = 'veh_95 | CartesianPoint{x=90.08,y=529.02,z=0.00}' (at simulation time 500.000,000,000 s)
2025-05-28 00:18:54,822 INFO  - Received event: 500000 (at simulation time IntraVehicleMsg)
2025-05-28 00:18:54,825 INFO  - Sent message to others cars = 'veh_95 | CartesianPoint{x=99.40,y=528.90,z=0.00}' (at simulation time 501.000,000,000 s)
2025-05-28 00:18:54,893 INFO  - Received event: 501000 (at simulation time IntraVehicleMsg)
2025-05-28 00:18:54,896 INFO  - Sent message to others cars = 'veh_95 | CartesianPoint{x=107.84,y=528.79,z=0.00}' (at simulation time 502.000,000,000 s)
2025-05-28 00:18:54,961 INFO  - Received event: 502000 (at simulation time IntraVehicleMsg)
2025-05-28 00:18:54,964 INFO  - Sent message to others cars = 'veh_95 | CartesianPoint{x=116.83,y=528.68,z=0.00}' (at simulation time 503.000,000,000 s)
2025-05-28 00:18:55,032 INFO  - Received event: 503000 (at simulation time IntraVehicleMsg)
2025-05-28 00:18:55,037 INFO  - Sent message to others cars = 'veh_95 | CartesianPoint{x=123.81,y=528.59,z=0.00}' (at simulation time 504.000,000,000 s)
2025-05-28 00:18:55,101 INFO  - Received event: 504000 (at simulation time IntraVehicleMsg)
2025-05-28 00:18:55,104 INFO  - Sent message to others cars = 'veh_95 | CartesianPoint{x=126.77,y=528.56,z=0.00}' (at simulation time 505.000,000,000 s)
2025-05-28 00:18:55,169 INFO  - Received event: 505000 (at simulation time IntraVehicleMsg)
2025-05-28 00:18:55,172 INFO  - Sent message to others cars = 'veh_95 | CartesianPoint{x=126.79,y=528.55,z=0.00}' (at simulation time 506.000,000,000 s)
2025-05-28 00:18:55,237 INFO  - Received event: 506000 (at simulation time IntraVehicleMsg)
2025-05-28 00:18:55,239 INFO  - Sent message to others cars = 'veh_95 | CartesianPoint{x=126.80,y=528.55,z=0.00}' (at simulation time 507.000,000,000 s)
2025-05-28 00:18:55,301 INFO  - Received event: 507000 (at simulation time IntraVehicleMsg)
2025-05-28 00:18:55,304 INFO  - Sent message to others cars = 'veh_95 | CartesianPoint{x=126.80,y=528.55,z=0.00}' (at simulation time 508.000,000,000 s)
2025-05-28 00:18:55,368 INFO  - Received event: 508000 (at simulation time IntraVehicleMsg)
2025-05-28 00:18:55,371 INFO  - Sent message to others cars = 'veh_95 | CartesianPoint{x=126.80,y=528.55,z=0.00}' (at simulation time 509.000,000,000 s)
2025-05-28 00:18:55,437 INFO  - Received event: 509000 (at simulation time IntraVehicleMsg)
2025-05-28 00:18:55,451 INFO  - Sent message to others cars = 'veh_95 | CartesianPoint{x=126.80,y=528.55,z=0.00}' (at simulation time 510.000,000,000 s)
2025-05-28 00:18:55,517 INFO  - Received event: 510000 (at simulation time IntraVehicleMsg)
2025-05-28 00:18:55,519 INFO  - Sent message to others cars = 'veh_95 | CartesianPoint{x=126.80,y=528.55,z=0.00}' (at simulation time 511.000,000,000 s)
2025-05-28 00:18:55,587 INFO  - Received event: 511000 (at simulation time IntraVehicleMsg)
2025-05-28 00:18:55,589 INFO  - Sent message to others cars = 'veh_95 | CartesianPoint{x=126.80,y=528.55,z=0.00}' (at simulation time 512.000,000,000 s)
2025-05-28 00:18:55,656 INFO  - Received event: 512000 (at simulation time IntraVehicleMsg)
2025-05-28 00:18:55,658 INFO  - Sent message to others cars = 'veh_95 | CartesianPoint{x=126.80,y=528.55,z=0.00}' (at simulation time 513.000,000,000 s)
2025-05-28 00:18:55,727 INFO  - Received event: 513000 (at simulation time IntraVehicleMsg)
2025-05-28 00:18:55,730 INFO  - Sent message to others cars = 'veh_95 | CartesianPoint{x=126.80,y=528.55,z=0.00}' (at simulation time 514.000,000,000 s)
2025-05-28 00:18:55,800 INFO  - Received event: 514000 (at simulation time IntraVehicleMsg)
2025-05-28 00:18:55,802 INFO  - Sent message to others cars = 'veh_95 | CartesianPoint{x=126.80,y=528.55,z=0.00}' (at simulation time 515.000,000,000 s)
2025-05-28 00:18:55,860 INFO  - Received event: 515000 (at simulation time IntraVehicleMsg)
2025-05-28 00:18:55,862 INFO  - Sent message to others cars = 'veh_95 | CartesianPoint{x=126.80,y=528.55,z=0.00}' (at simulation time 516.000,000,000 s)
2025-05-28 00:18:55,921 INFO  - Received event: 516000 (at simulation time IntraVehicleMsg)
2025-05-28 00:18:55,925 INFO  - Sent message to others cars = 'veh_95 | CartesianPoint{x=126.80,y=528.55,z=0.00}' (at simulation time 517.000,000,000 s)
2025-05-28 00:18:55,978 INFO  - Received event: 517000 (at simulation time IntraVehicleMsg)
2025-05-28 00:18:55,983 INFO  - Sent message to others cars = 'veh_95 | CartesianPoint{x=126.80,y=528.55,z=0.00}' (at simulation time 518.000,000,000 s)
2025-05-28 00:18:56,032 INFO  - Received event: 518000 (at simulation time IntraVehicleMsg)
2025-05-28 00:18:56,034 INFO  - Sent message to others cars = 'veh_95 | CartesianPoint{x=126.80,y=528.55,z=0.00}' (at simulation time 519.000,000,000 s)
2025-05-28 00:18:56,084 INFO  - Received event: 519000 (at simulation time IntraVehicleMsg)
2025-05-28 00:18:56,086 INFO  - Sent message to others cars = 'veh_95 | CartesianPoint{x=126.80,y=528.55,z=0.00}' (at simulation time 520.000,000,000 s)
2025-05-28 00:18:56,136 INFO  - Received event: 520000 (at simulation time IntraVehicleMsg)
2025-05-28 00:18:56,142 INFO  - Sent message to others cars = 'veh_95 | CartesianPoint{x=126.80,y=528.55,z=0.00}' (at simulation time 521.000,000,000 s)
2025-05-28 00:18:56,199 INFO  - Received event: 521000 (at simulation time IntraVehicleMsg)
2025-05-28 00:18:56,207 INFO  - Sent message to others cars = 'veh_95 | CartesianPoint{x=126.80,y=528.55,z=0.00}' (at simulation time 522.000,000,000 s)
2025-05-28 00:18:56,246 INFO  - Received event: 522000 (at simulation time IntraVehicleMsg)
2025-05-28 00:18:56,248 INFO  - Sent message to others cars = 'veh_95 | CartesianPoint{x=126.80,y=528.55,z=0.00}' (at simulation time 523.000,000,000 s)
2025-05-28 00:18:56,287 INFO  - Received event: 523000 (at simulation time IntraVehicleMsg)
2025-05-28 00:18:56,289 INFO  - Sent message to others cars = 'veh_95 | CartesianPoint{x=126.80,y=528.55,z=0.00}' (at simulation time 524.000,000,000 s)
2025-05-28 00:18:56,322 INFO  - Received event: 524000 (at simulation time IntraVehicleMsg)
2025-05-28 00:18:56,325 INFO  - Sent message to others cars = 'veh_95 | CartesianPoint{x=126.80,y=528.55,z=0.00}' (at simulation time 525.000,000,000 s)
2025-05-28 00:18:56,359 INFO  - Received event: 525000 (at simulation time IntraVehicleMsg)
2025-05-28 00:18:56,363 INFO  - Sent message to others cars = 'veh_95 | CartesianPoint{x=126.80,y=528.55,z=0.00}' (at simulation time 526.000,000,000 s)
2025-05-28 00:18:56,398 INFO  - Received event: 526000 (at simulation time IntraVehicleMsg)
2025-05-28 00:18:56,400 INFO  - Sent message to others cars = 'veh_95 | CartesianPoint{x=126.80,y=528.55,z=0.00}' (at simulation time 527.000,000,000 s)
2025-05-28 00:18:56,446 INFO  - Received event: 527000 (at simulation time IntraVehicleMsg)
2025-05-28 00:18:56,448 INFO  - Sent message to others cars = 'veh_95 | CartesianPoint{x=126.80,y=528.55,z=0.00}' (at simulation time 528.000,000,000 s)
2025-05-28 00:18:56,484 INFO  - Received event: 528000 (at simulation time IntraVehicleMsg)
2025-05-28 00:18:56,486 INFO  - Sent message to others cars = 'veh_95 | CartesianPoint{x=126.80,y=528.55,z=0.00}' (at simulation time 529.000,000,000 s)
2025-05-28 00:18:56,524 INFO  - Received event: 529000 (at simulation time IntraVehicleMsg)
2025-05-28 00:18:56,526 INFO  - Sent message to others cars = 'veh_95 | CartesianPoint{x=126.80,y=528.55,z=0.00}' (at simulation time 530.000,000,000 s)
2025-05-28 00:18:56,565 INFO  - Received event: 530000 (at simulation time IntraVehicleMsg)
2025-05-28 00:18:56,571 INFO  - Sent message to others cars = 'veh_95 | CartesianPoint{x=126.80,y=528.55,z=0.00}' (at simulation time 531.000,000,000 s)
2025-05-28 00:18:56,612 INFO  - Received event: 531000 (at simulation time IntraVehicleMsg)
2025-05-28 00:18:56,615 INFO  - Sent message to others cars = 'veh_95 | CartesianPoint{x=126.80,y=528.55,z=0.00}' (at simulation time 532.000,000,000 s)
2025-05-28 00:18:56,655 INFO  - Received event: 532000 (at simulation time IntraVehicleMsg)
2025-05-28 00:18:56,657 INFO  - Sent message to others cars = 'veh_95 | CartesianPoint{x=126.80,y=528.55,z=0.00}' (at simulation time 533.000,000,000 s)
2025-05-28 00:18:56,698 INFO  - Received event: 533000 (at simulation time IntraVehicleMsg)
2025-05-28 00:18:56,701 INFO  - Sent message to others cars = 'veh_95 | CartesianPoint{x=126.80,y=528.55,z=0.00}' (at simulation time 534.000,000,000 s)
2025-05-28 00:18:56,743 INFO  - Received event: 534000 (at simulation time IntraVehicleMsg)
2025-05-28 00:18:56,753 INFO  - Sent message to others cars = 'veh_95 | CartesianPoint{x=126.80,y=528.55,z=0.00}' (at simulation time 535.000,000,000 s)
2025-05-28 00:18:56,796 INFO  - Received event: 535000 (at simulation time IntraVehicleMsg)
2025-05-28 00:18:56,798 INFO  - Sent message to others cars = 'veh_95 | CartesianPoint{x=128.06,y=528.54,z=0.00}' (at simulation time 536.000,000,000 s)
2025-05-28 00:18:56,841 INFO  - Received event: 536000 (at simulation time IntraVehicleMsg)
2025-05-28 00:18:56,843 INFO  - Sent message to others cars = 'veh_95 | CartesianPoint{x=131.35,y=528.50,z=0.00}' (at simulation time 537.000,000,000 s)
2025-05-28 00:18:56,887 INFO  - Received event: 537000 (at simulation time IntraVehicleMsg)
2025-05-28 00:18:56,889 INFO  - Sent message to others cars = 'veh_95 | CartesianPoint{x=136.68,y=528.44,z=0.00}' (at simulation time 538.000,000,000 s)
2025-05-28 00:18:56,934 INFO  - Received event: 538000 (at simulation time IntraVehicleMsg)
2025-05-28 00:18:56,936 INFO  - Sent message to others cars = 'veh_95 | CartesianPoint{x=144.07,y=528.39,z=0.00}' (at simulation time 539.000,000,000 s)
2025-05-28 00:18:56,983 INFO  - Received event: 539000 (at simulation time IntraVehicleMsg)
2025-05-28 00:18:56,986 INFO  - Sent message to others cars = 'veh_95 | CartesianPoint{x=152.84,y=528.39,z=0.00}' (at simulation time 540.000,000,000 s)
2025-05-28 00:18:57,032 INFO  - Received event: 540000 (at simulation time IntraVehicleMsg)
2025-05-28 00:18:57,044 INFO  - Sent message to others cars = 'veh_95 | CartesianPoint{x=161.35,y=528.45,z=0.00}' (at simulation time 541.000,000,000 s)
2025-05-28 00:18:57,091 INFO  - Received event: 541000 (at simulation time IntraVehicleMsg)
2025-05-28 00:18:57,093 INFO  - Sent message to others cars = 'veh_95 | CartesianPoint{x=170.86,y=528.51,z=0.00}' (at simulation time 542.000,000,000 s)
2025-05-28 00:18:57,143 INFO  - Received event: 542000 (at simulation time IntraVehicleMsg)
2025-05-28 00:18:57,146 INFO  - Sent message to others cars = 'veh_95 | CartesianPoint{x=179.84,y=528.58,z=0.00}' (at simulation time 543.000,000,000 s)
2025-05-28 00:18:57,195 INFO  - Received event: 543000 (at simulation time IntraVehicleMsg)
2025-05-28 00:18:57,197 INFO  - Sent message to others cars = 'veh_95 | CartesianPoint{x=188.54,y=528.64,z=0.00}' (at simulation time 544.000,000,000 s)
2025-05-28 00:18:57,248 INFO  - Received event: 544000 (at simulation time IntraVehicleMsg)
2025-05-28 00:18:57,251 INFO  - Sent message to others cars = 'veh_95 | CartesianPoint{x=197.40,y=528.70,z=0.00}' (at simulation time 545.000,000,000 s)
2025-05-28 00:18:57,302 INFO  - Received event: 545000 (at simulation time IntraVehicleMsg)
2025-05-28 00:18:57,304 INFO  - Sent message to others cars = 'veh_95 | CartesianPoint{x=204.36,y=528.75,z=0.00}' (at simulation time 546.000,000,000 s)
2025-05-28 00:18:57,358 INFO  - Received event: 546000 (at simulation time IntraVehicleMsg)
2025-05-28 00:18:57,360 INFO  - Sent message to others cars = 'veh_95 | CartesianPoint{x=212.13,y=528.80,z=0.00}' (at simulation time 547.000,000,000 s)
2025-05-28 00:18:57,414 INFO  - Received event: 547000 (at simulation time IntraVehicleMsg)
2025-05-28 00:18:57,416 INFO  - Sent message to others cars = 'veh_95 | CartesianPoint{x=220.98,y=528.83,z=0.00}' (at simulation time 548.000,000,000 s)
2025-05-28 00:18:57,472 INFO  - Received event: 548000 (at simulation time IntraVehicleMsg)
2025-05-28 00:18:57,481 INFO  - Sent message to others cars = 'veh_95 | CartesianPoint{x=230.27,y=528.84,z=0.00}' (at simulation time 549.000,000,000 s)
2025-05-28 00:18:57,538 INFO  - Received event: 549000 (at simulation time IntraVehicleMsg)
2025-05-28 00:18:57,543 INFO  - Sent message to others cars = 'veh_95 | CartesianPoint{x=238.53,y=528.83,z=0.00}' (at simulation time 550.000,000,000 s)
2025-05-28 00:18:57,598 INFO  - Received event: 550000 (at simulation time IntraVehicleMsg)
2025-05-28 00:18:57,601 INFO  - Sent message to others cars = 'veh_95 | CartesianPoint{x=247.08,y=528.81,z=0.00}' (at simulation time 551.000,000,000 s)
2025-05-28 00:18:57,657 INFO  - Received event: 551000 (at simulation time IntraVehicleMsg)
2025-05-28 00:18:57,664 INFO  - Sent message to others cars = 'veh_95 | CartesianPoint{x=256.54,y=528.79,z=0.00}' (at simulation time 552.000,000,000 s)
2025-05-28 00:18:57,722 INFO  - Received event: 552000 (at simulation time IntraVehicleMsg)
2025-05-28 00:18:57,725 INFO  - Sent message to others cars = 'veh_95 | CartesianPoint{x=265.76,y=528.77,z=0.00}' (at simulation time 553.000,000,000 s)
2025-05-28 00:18:57,783 INFO  - Received event: 553000 (at simulation time IntraVehicleMsg)
2025-05-28 00:18:57,786 INFO  - Sent message to others cars = 'veh_95 | CartesianPoint{x=275.28,y=528.76,z=0.00}' (at simulation time 554.000,000,000 s)
2025-05-28 00:18:57,847 INFO  - Received event: 554000 (at simulation time IntraVehicleMsg)
2025-05-28 00:18:57,850 INFO  - Sent message to others cars = 'veh_95 | CartesianPoint{x=284.55,y=528.75,z=0.00}' (at simulation time 555.000,000,000 s)
2025-05-28 00:18:57,912 INFO  - Received event: 555000 (at simulation time IntraVehicleMsg)
2025-05-28 00:18:57,922 INFO  - Sent message to others cars = 'veh_95 | CartesianPoint{x=293.33,y=528.74,z=0.00}' (at simulation time 556.000,000,000 s)
2025-05-28 00:18:57,983 INFO  - Received event: 556000 (at simulation time IntraVehicleMsg)
2025-05-28 00:18:57,986 INFO  - Sent message to others cars = 'veh_95 | CartesianPoint{x=301.99,y=528.73,z=0.00}' (at simulation time 557.000,000,000 s)
2025-05-28 00:18:58,049 INFO  - Received event: 557000 (at simulation time IntraVehicleMsg)
2025-05-28 00:18:58,051 INFO  - Sent message to others cars = 'veh_95 | CartesianPoint{x=310.30,y=528.72,z=0.00}' (at simulation time 558.000,000,000 s)
2025-05-28 00:18:58,114 INFO  - Received event: 558000 (at simulation time IntraVehicleMsg)
2025-05-28 00:18:58,117 INFO  - Sent message to others cars = 'veh_95 | CartesianPoint{x=319.52,y=528.71,z=0.00}' (at simulation time 559.000,000,000 s)
2025-05-28 00:18:58,181 INFO  - Received event: 559000 (at simulation time IntraVehicleMsg)
2025-05-28 00:18:58,184 INFO  - Sent message to others cars = 'veh_95 | CartesianPoint{x=328.94,y=528.69,z=0.00}' (at simulation time 560.000,000,000 s)
2025-05-28 00:18:58,243 INFO  - Received event: 560000 (at simulation time IntraVehicleMsg)
2025-05-28 00:18:58,246 INFO  - Sent message to others cars = 'veh_95 | CartesianPoint{x=338.39,y=528.68,z=0.00}' (at simulation time 561.000,000,000 s)
2025-05-28 00:18:58,305 INFO  - Received event: 561000 (at simulation time IntraVehicleMsg)
2025-05-28 00:18:58,312 INFO  - Sent message to others cars = 'veh_95 | CartesianPoint{x=346.77,y=528.67,z=0.00}' (at simulation time 562.000,000,000 s)
2025-05-28 00:18:58,374 INFO  - Received event: 562000 (at simulation time IntraVehicleMsg)
2025-05-28 00:18:58,378 INFO  - ------------------------------------------------------------------------------------- (at simulation time 563.000,000,000 s)
2025-05-28 00:18:58,378 INFO  - Shutdown application (at simulation time 563.000,000,000 s)
2025-05-28 00:18:58,378 INFO  - ------------------------------------------------------------------------------------- (at simulation time 563.000,000,000 s)
