2025-05-28 00:18:48,887 INFO  - ------------------------------------------------------------------------------------- (at simulation time 408.000,000,000 s)
2025-05-28 00:18:48,887 INFO  - Initialize veh_79 application (at simulation time 408.000,000,000 s)
2025-05-28 00:18:48,887 INFO  - Activated AdHoc Module (at simulation time 408.000,000,000 s)
2025-05-28 00:18:48,887 INFO  - ------------------------------------------------------------------------------------- (at simulation time 408.000,000,000 s)
2025-05-28 00:18:48,888 INFO  - Sent message to others cars = 'veh_79 | CartesianPoint{x=-0.00,y=532.14,z=0.00}' (at simulation time 408.000,000,000 s)
2025-05-28 00:18:48,949 INFO  - Received event: 408000 (at simulation time IntraVehicleMsg)
2025-05-28 00:18:48,953 INFO  - Sent message to others cars = 'veh_79 | CartesianPoint{x=7.23,y=532.12,z=0.00}' (at simulation time 409.000,000,000 s)
2025-05-28 00:18:49,017 INFO  - Received event: 409000 (at simulation time IntraVehicleMsg)
2025-05-28 00:18:49,029 INFO  - Sent message to others cars = 'veh_79 | CartesianPoint{x=14.94,y=532.10,z=0.00}' (at simulation time 410.000,000,000 s)
2025-05-28 00:18:49,093 INFO  - Received event: 410000 (at simulation time IntraVehicleMsg)
2025-05-28 00:18:49,100 INFO  - Sent message to others cars = 'veh_79 | CartesianPoint{x=22.45,y=532.08,z=0.00}' (at simulation time 411.000,000,000 s)
2025-05-28 00:18:49,163 INFO  - Received event: 411000 (at simulation time IntraVehicleMsg)
2025-05-28 00:18:49,166 INFO  - Sent message to others cars = 'veh_79 | CartesianPoint{x=30.05,y=532.05,z=0.00}' (at simulation time 412.000,000,000 s)
2025-05-28 00:18:49,233 INFO  - Received event: 412000 (at simulation time IntraVehicleMsg)
2025-05-28 00:18:49,236 INFO  - Sent message to others cars = 'veh_79 | CartesianPoint{x=37.89,y=532.03,z=0.00}' (at simulation time 413.000,000,000 s)
2025-05-28 00:18:49,301 INFO  - Received event: 413000 (at simulation time IntraVehicleMsg)
2025-05-28 00:18:49,304 INFO  - Sent message to others cars = 'veh_79 | CartesianPoint{x=45.42,y=532.09,z=0.00}' (at simulation time 414.000,000,000 s)
2025-05-28 00:18:49,371 INFO  - Received event: 414000 (at simulation time IntraVehicleMsg)
2025-05-28 00:18:49,375 INFO  - Sent message to others cars = 'veh_79 | CartesianPoint{x=52.61,y=532.14,z=0.00}' (at simulation time 415.000,000,000 s)
2025-05-28 00:18:49,445 INFO  - Received event: 415000 (at simulation time IntraVehicleMsg)
2025-05-28 00:18:49,448 INFO  - Sent message to others cars = 'veh_79 | CartesianPoint{x=60.01,y=532.20,z=0.00}' (at simulation time 416.000,000,000 s)
2025-05-28 00:18:49,517 INFO  - Received event: 416000 (at simulation time IntraVehicleMsg)
2025-05-28 00:18:49,520 INFO  - Sent message to others cars = 'veh_79 | CartesianPoint{x=67.07,y=532.21,z=0.00}' (at simulation time 417.000,000,000 s)
2025-05-28 00:18:49,592 INFO  - Received event: 417000 (at simulation time IntraVehicleMsg)
2025-05-28 00:18:49,598 INFO  - Sent message to others cars = 'veh_79 | CartesianPoint{x=74.22,y=532.23,z=0.00}' (at simulation time 418.000,000,000 s)
2025-05-28 00:18:49,669 INFO  - Received event: 418000 (at simulation time IntraVehicleMsg)
2025-05-28 00:18:49,672 INFO  - Sent message to others cars = 'veh_79 | CartesianPoint{x=82.13,y=532.25,z=0.00}' (at simulation time 419.000,000,000 s)
2025-05-28 00:18:49,747 INFO  - Received event: 419000 (at simulation time IntraVehicleMsg)
2025-05-28 00:18:49,750 INFO  - Sent message to others cars = 'veh_79 | CartesianPoint{x=89.97,y=532.22,z=0.00}' (at simulation time 420.000,000,000 s)
2025-05-28 00:18:49,823 INFO  - Received event: 420000 (at simulation time IntraVehicleMsg)
2025-05-28 00:18:49,826 INFO  - Sent message to others cars = 'veh_79 | CartesianPoint{x=97.11,y=532.13,z=0.00}' (at simulation time 421.000,000,000 s)
2025-05-28 00:18:49,902 INFO  - Received event: 421000 (at simulation time IntraVehicleMsg)
2025-05-28 00:18:49,904 INFO  - Sent message to others cars = 'veh_79 | CartesianPoint{x=104.48,y=532.04,z=0.00}' (at simulation time 422.000,000,000 s)
2025-05-28 00:18:49,983 INFO  - Received event: 422000 (at simulation time IntraVehicleMsg)
2025-05-28 00:18:49,986 INFO  - Sent message to others cars = 'veh_79 | CartesianPoint{x=112.48,y=531.94,z=0.00}' (at simulation time 423.000,000,000 s)
2025-05-28 00:18:50,063 INFO  - Received event: 423000 (at simulation time IntraVehicleMsg)
2025-05-28 00:18:50,072 INFO  - Sent message to others cars = 'veh_79 | CartesianPoint{x=120.29,y=531.84,z=0.00}' (at simulation time 424.000,000,000 s)
2025-05-28 00:18:50,146 INFO  - Received event: 424000 (at simulation time IntraVehicleMsg)
2025-05-28 00:18:50,151 INFO  - Sent message to others cars = 'veh_79 | CartesianPoint{x=128.12,y=531.74,z=0.00}' (at simulation time 425.000,000,000 s)
2025-05-28 00:18:50,224 INFO  - Received event: 425000 (at simulation time IntraVehicleMsg)
2025-05-28 00:18:50,227 INFO  - Sent message to others cars = 'veh_79 | CartesianPoint{x=132.33,y=531.69,z=0.00}' (at simulation time 426.000,000,000 s)
2025-05-28 00:18:50,302 INFO  - Received event: 426000 (at simulation time IntraVehicleMsg)
2025-05-28 00:18:50,305 INFO  - Sent message to others cars = 'veh_79 | CartesianPoint{x=132.94,y=531.68,z=0.00}' (at simulation time 427.000,000,000 s)
2025-05-28 00:18:50,380 INFO  - Received event: 427000 (at simulation time IntraVehicleMsg)
2025-05-28 00:18:50,387 INFO  - Sent message to others cars = 'veh_79 | CartesianPoint{x=133.25,y=531.67,z=0.00}' (at simulation time 428.000,000,000 s)
2025-05-28 00:18:50,465 INFO  - Received event: 428000 (at simulation time IntraVehicleMsg)
2025-05-28 00:18:50,468 INFO  - Sent message to others cars = 'veh_79 | CartesianPoint{x=133.30,y=531.67,z=0.00}' (at simulation time 429.000,000,000 s)
2025-05-28 00:18:50,546 INFO  - Received event: 429000 (at simulation time IntraVehicleMsg)
2025-05-28 00:18:50,549 INFO  - Sent message to others cars = 'veh_79 | CartesianPoint{x=133.32,y=531.67,z=0.00}' (at simulation time 430.000,000,000 s)
2025-05-28 00:18:50,629 INFO  - Received event: 430000 (at simulation time IntraVehicleMsg)
2025-05-28 00:18:50,632 INFO  - Sent message to others cars = 'veh_79 | CartesianPoint{x=133.33,y=531.67,z=0.00}' (at simulation time 431.000,000,000 s)
2025-05-28 00:18:50,712 INFO  - Received event: 431000 (at simulation time IntraVehicleMsg)
2025-05-28 00:18:50,715 INFO  - Sent message to others cars = 'veh_79 | CartesianPoint{x=133.34,y=531.67,z=0.00}' (at simulation time 432.000,000,000 s)
2025-05-28 00:18:50,800 INFO  - Received event: 432000 (at simulation time IntraVehicleMsg)
2025-05-28 00:18:50,810 INFO  - Sent message to others cars = 'veh_79 | CartesianPoint{x=133.34,y=531.67,z=0.00}' (at simulation time 433.000,000,000 s)
2025-05-28 00:18:50,885 INFO  - Received event: 433000 (at simulation time IntraVehicleMsg)
2025-05-28 00:18:50,889 INFO  - Sent message to others cars = 'veh_79 | CartesianPoint{x=133.34,y=531.67,z=0.00}' (at simulation time 434.000,000,000 s)
2025-05-28 00:18:50,962 INFO  - Received event: 434000 (at simulation time IntraVehicleMsg)
2025-05-28 00:18:50,965 INFO  - Sent message to others cars = 'veh_79 | CartesianPoint{x=133.34,y=531.67,z=0.00}' (at simulation time 435.000,000,000 s)
2025-05-28 00:18:51,037 INFO  - Received event: 435000 (at simulation time IntraVehicleMsg)
2025-05-28 00:18:51,039 INFO  - Sent message to others cars = 'veh_79 | CartesianPoint{x=133.34,y=531.67,z=0.00}' (at simulation time 436.000,000,000 s)
2025-05-28 00:18:51,112 INFO  - Received event: 436000 (at simulation time IntraVehicleMsg)
2025-05-28 00:18:51,115 INFO  - Sent message to others cars = 'veh_79 | CartesianPoint{x=133.34,y=531.67,z=0.00}' (at simulation time 437.000,000,000 s)
2025-05-28 00:18:51,187 INFO  - Received event: 437000 (at simulation time IntraVehicleMsg)
2025-05-28 00:18:51,194 INFO  - Sent message to others cars = 'veh_79 | CartesianPoint{x=133.34,y=531.67,z=0.00}' (at simulation time 438.000,000,000 s)
2025-05-28 00:18:51,265 INFO  - Received event: 438000 (at simulation time IntraVehicleMsg)
2025-05-28 00:18:51,267 INFO  - Sent message to others cars = 'veh_79 | CartesianPoint{x=133.34,y=531.67,z=0.00}' (at simulation time 439.000,000,000 s)
2025-05-28 00:18:51,333 INFO  - Received event: 439000 (at simulation time IntraVehicleMsg)
2025-05-28 00:18:51,336 INFO  - Sent message to others cars = 'veh_79 | CartesianPoint{x=133.34,y=531.67,z=0.00}' (at simulation time 440.000,000,000 s)
2025-05-28 00:18:51,391 INFO  - Received event: 440000 (at simulation time IntraVehicleMsg)
2025-05-28 00:18:51,399 INFO  - Sent message to others cars = 'veh_79 | CartesianPoint{x=133.34,y=531.67,z=0.00}' (at simulation time 441.000,000,000 s)
2025-05-28 00:18:51,454 INFO  - Received event: 441000 (at simulation time IntraVehicleMsg)
2025-05-28 00:18:51,456 INFO  - Sent message to others cars = 'veh_79 | CartesianPoint{x=133.34,y=531.67,z=0.00}' (at simulation time 442.000,000,000 s)
2025-05-28 00:18:51,502 INFO  - Received event: 442000 (at simulation time IntraVehicleMsg)
2025-05-28 00:18:51,504 INFO  - Sent message to others cars = 'veh_79 | CartesianPoint{x=133.34,y=531.67,z=0.00}' (at simulation time 443.000,000,000 s)
2025-05-28 00:18:51,547 INFO  - Received event: 443000 (at simulation time IntraVehicleMsg)
2025-05-28 00:18:51,549 INFO  - Sent message to others cars = 'veh_79 | CartesianPoint{x=133.34,y=531.67,z=0.00}' (at simulation time 444.000,000,000 s)
2025-05-28 00:18:51,590 INFO  - Received event: 444000 (at simulation time IntraVehicleMsg)
2025-05-28 00:18:51,592 INFO  - Sent message to others cars = 'veh_79 | CartesianPoint{x=133.34,y=531.67,z=0.00}' (at simulation time 445.000,000,000 s)
2025-05-28 00:18:51,631 INFO  - Received event: 445000 (at simulation time IntraVehicleMsg)
2025-05-28 00:18:51,635 INFO  - Sent message to others cars = 'veh_79 | CartesianPoint{x=133.34,y=531.67,z=0.00}' (at simulation time 446.000,000,000 s)
2025-05-28 00:18:51,677 INFO  - Received event: 446000 (at simulation time IntraVehicleMsg)
2025-05-28 00:18:51,679 INFO  - Sent message to others cars = 'veh_79 | CartesianPoint{x=133.34,y=531.67,z=0.00}' (at simulation time 447.000,000,000 s)
2025-05-28 00:18:51,714 INFO  - Received event: 447000 (at simulation time IntraVehicleMsg)
2025-05-28 00:18:51,716 INFO  - Sent message to others cars = 'veh_79 | CartesianPoint{x=133.34,y=531.67,z=0.00}' (at simulation time 448.000,000,000 s)
2025-05-28 00:18:51,752 INFO  - Received event: 448000 (at simulation time IntraVehicleMsg)
2025-05-28 00:18:51,758 INFO  - Sent message to others cars = 'veh_79 | CartesianPoint{x=133.34,y=531.67,z=0.00}' (at simulation time 449.000,000,000 s)
2025-05-28 00:18:51,795 INFO  - Received event: 449000 (at simulation time IntraVehicleMsg)
2025-05-28 00:18:51,797 INFO  - Sent message to others cars = 'veh_79 | CartesianPoint{x=133.34,y=531.67,z=0.00}' (at simulation time 450.000,000,000 s)
2025-05-28 00:18:51,837 INFO  - Received event: 450000 (at simulation time IntraVehicleMsg)
2025-05-28 00:18:51,841 INFO  - Sent message to others cars = 'veh_79 | CartesianPoint{x=133.34,y=531.67,z=0.00}' (at simulation time 451.000,000,000 s)
2025-05-28 00:18:51,879 INFO  - Received event: 451000 (at simulation time IntraVehicleMsg)
2025-05-28 00:18:51,881 INFO  - Sent message to others cars = 'veh_79 | CartesianPoint{x=133.34,y=531.67,z=0.00}' (at simulation time 452.000,000,000 s)
2025-05-28 00:18:51,920 INFO  - Received event: 452000 (at simulation time IntraVehicleMsg)
2025-05-28 00:18:51,922 INFO  - Sent message to others cars = 'veh_79 | CartesianPoint{x=133.34,y=531.67,z=0.00}' (at simulation time 453.000,000,000 s)
2025-05-28 00:18:51,962 INFO  - Received event: 453000 (at simulation time IntraVehicleMsg)
2025-05-28 00:18:51,966 INFO  - Sent message to others cars = 'veh_79 | CartesianPoint{x=133.34,y=531.67,z=0.00}' (at simulation time 454.000,000,000 s)
2025-05-28 00:18:52,008 INFO  - Received event: 454000 (at simulation time IntraVehicleMsg)
2025-05-28 00:18:52,010 INFO  - Sent message to others cars = 'veh_79 | CartesianPoint{x=133.34,y=531.67,z=0.00}' (at simulation time 455.000,000,000 s)
2025-05-28 00:18:52,051 INFO  - Received event: 455000 (at simulation time IntraVehicleMsg)
2025-05-28 00:18:52,053 INFO  - Sent message to others cars = 'veh_79 | CartesianPoint{x=133.34,y=531.67,z=0.00}' (at simulation time 456.000,000,000 s)
2025-05-28 00:18:52,094 INFO  - Received event: 456000 (at simulation time IntraVehicleMsg)
2025-05-28 00:18:52,097 INFO  - Sent message to others cars = 'veh_79 | CartesianPoint{x=133.34,y=531.67,z=0.00}' (at simulation time 457.000,000,000 s)
2025-05-28 00:18:52,138 INFO  - Received event: 457000 (at simulation time IntraVehicleMsg)
2025-05-28 00:18:52,141 INFO  - Sent message to others cars = 'veh_79 | CartesianPoint{x=133.34,y=531.67,z=0.00}' (at simulation time 458.000,000,000 s)
2025-05-28 00:18:52,186 INFO  - Received event: 458000 (at simulation time IntraVehicleMsg)
2025-05-28 00:18:52,192 INFO  - Sent message to others cars = 'veh_79 | CartesianPoint{x=133.34,y=531.67,z=0.00}' (at simulation time 459.000,000,000 s)
2025-05-28 00:18:52,236 INFO  - Received event: 459000 (at simulation time IntraVehicleMsg)
2025-05-28 00:18:52,239 INFO  - Sent message to others cars = 'veh_79 | CartesianPoint{x=133.34,y=531.67,z=0.00}' (at simulation time 460.000,000,000 s)
2025-05-28 00:18:52,284 INFO  - Received event: 460000 (at simulation time IntraVehicleMsg)
2025-05-28 00:18:52,286 INFO  - Sent message to others cars = 'veh_79 | CartesianPoint{x=133.34,y=531.67,z=0.00}' (at simulation time 461.000,000,000 s)
2025-05-28 00:18:52,333 INFO  - Received event: 461000 (at simulation time IntraVehicleMsg)
2025-05-28 00:18:52,335 INFO  - Sent message to others cars = 'veh_79 | CartesianPoint{x=133.34,y=531.67,z=0.00}' (at simulation time 462.000,000,000 s)
2025-05-28 00:18:52,384 INFO  - Received event: 462000 (at simulation time IntraVehicleMsg)
2025-05-28 00:18:52,391 INFO  - Sent message to others cars = 'veh_79 | CartesianPoint{x=133.34,y=531.67,z=0.00}' (at simulation time 463.000,000,000 s)
2025-05-28 00:18:52,439 INFO  - Received event: 463000 (at simulation time IntraVehicleMsg)
2025-05-28 00:18:52,441 INFO  - Sent message to others cars = 'veh_79 | CartesianPoint{x=133.34,y=531.67,z=0.00}' (at simulation time 464.000,000,000 s)
2025-05-28 00:18:52,490 INFO  - Received event: 464000 (at simulation time IntraVehicleMsg)
2025-05-28 00:18:52,494 INFO  - Sent message to others cars = 'veh_79 | CartesianPoint{x=133.34,y=531.67,z=0.00}' (at simulation time 465.000,000,000 s)
2025-05-28 00:18:52,540 INFO  - Received event: 465000 (at simulation time IntraVehicleMsg)
2025-05-28 00:18:52,542 INFO  - Sent message to others cars = 'veh_79 | CartesianPoint{x=133.34,y=531.67,z=0.00}' (at simulation time 466.000,000,000 s)
2025-05-28 00:18:52,588 INFO  - Received event: 466000 (at simulation time IntraVehicleMsg)
2025-05-28 00:18:52,593 INFO  - Sent message to others cars = 'veh_79 | CartesianPoint{x=133.34,y=531.67,z=0.00}' (at simulation time 467.000,000,000 s)
2025-05-28 00:18:52,638 INFO  - Received event: 467000 (at simulation time IntraVehicleMsg)
2025-05-28 00:18:52,641 INFO  - Sent message to others cars = 'veh_79 | CartesianPoint{x=133.34,y=531.67,z=0.00}' (at simulation time 468.000,000,000 s)
2025-05-28 00:18:52,687 INFO  - Received event: 468000 (at simulation time IntraVehicleMsg)
2025-05-28 00:18:52,693 INFO  - Sent message to others cars = 'veh_79 | CartesianPoint{x=133.34,y=531.67,z=0.00}' (at simulation time 469.000,000,000 s)
2025-05-28 00:18:52,743 INFO  - Received event: 469000 (at simulation time IntraVehicleMsg)
2025-05-28 00:18:52,746 INFO  - Sent message to others cars = 'veh_79 | CartesianPoint{x=135.27,y=531.65,z=0.00}' (at simulation time 470.000,000,000 s)
2025-05-28 00:18:52,794 INFO  - Received event: 470000 (at simulation time IntraVehicleMsg)
2025-05-28 00:18:52,797 INFO  - Sent message to others cars = 'veh_79 | CartesianPoint{x=138.96,y=531.63,z=0.00}' (at simulation time 471.000,000,000 s)
2025-05-28 00:18:52,847 INFO  - Received event: 471000 (at simulation time IntraVehicleMsg)
2025-05-28 00:18:52,850 INFO  - Sent message to others cars = 'veh_79 | CartesianPoint{x=145.20,y=531.58,z=0.00}' (at simulation time 472.000,000,000 s)
2025-05-28 00:18:52,900 INFO  - Received event: 472000 (at simulation time IntraVehicleMsg)
2025-05-28 00:18:52,902 INFO  - Sent message to others cars = 'veh_79 | CartesianPoint{x=152.18,y=531.58,z=0.00}' (at simulation time 473.000,000,000 s)
2025-05-28 00:18:52,953 INFO  - Received event: 473000 (at simulation time IntraVehicleMsg)
2025-05-28 00:18:52,956 INFO  - Sent message to others cars = 'veh_79 | CartesianPoint{x=159.52,y=531.63,z=0.00}' (at simulation time 474.000,000,000 s)
2025-05-28 00:18:53,007 INFO  - Received event: 474000 (at simulation time IntraVehicleMsg)
2025-05-28 00:18:53,016 INFO  - Sent message to others cars = 'veh_79 | CartesianPoint{x=167.09,y=531.69,z=0.00}' (at simulation time 475.000,000,000 s)
2025-05-28 00:18:53,067 INFO  - Received event: 475000 (at simulation time IntraVehicleMsg)
2025-05-28 00:18:53,071 INFO  - Sent message to others cars = 'veh_79 | CartesianPoint{x=173.95,y=531.74,z=0.00}' (at simulation time 476.000,000,000 s)
2025-05-28 00:18:53,123 INFO  - Received event: 476000 (at simulation time IntraVehicleMsg)
2025-05-28 00:18:53,125 INFO  - Sent message to others cars = 'veh_79 | CartesianPoint{x=180.76,y=531.78,z=0.00}' (at simulation time 477.000,000,000 s)
2025-05-28 00:18:53,176 INFO  - Received event: 477000 (at simulation time IntraVehicleMsg)
2025-05-28 00:18:53,179 INFO  - Sent message to others cars = 'veh_79 | CartesianPoint{x=188.11,y=531.83,z=0.00}' (at simulation time 478.000,000,000 s)
2025-05-28 00:18:53,235 INFO  - Received event: 478000 (at simulation time IntraVehicleMsg)
2025-05-28 00:18:53,238 INFO  - Sent message to others cars = 'veh_79 | CartesianPoint{x=195.39,y=531.88,z=0.00}' (at simulation time 479.000,000,000 s)
2025-05-28 00:18:53,294 INFO  - Received event: 479000 (at simulation time IntraVehicleMsg)
2025-05-28 00:18:53,301 INFO  - Sent message to others cars = 'veh_79 | CartesianPoint{x=203.07,y=531.94,z=0.00}' (at simulation time 480.000,000,000 s)
2025-05-28 00:18:53,359 INFO  - Received event: 480000 (at simulation time IntraVehicleMsg)
2025-05-28 00:18:53,361 INFO  - Sent message to others cars = 'veh_79 | CartesianPoint{x=209.94,y=531.99,z=0.00}' (at simulation time 481.000,000,000 s)
2025-05-28 00:18:53,422 INFO  - Received event: 481000 (at simulation time IntraVehicleMsg)
2025-05-28 00:18:53,424 INFO  - Sent message to others cars = 'veh_79 | CartesianPoint{x=214.55,y=532.02,z=0.00}' (at simulation time 482.000,000,000 s)
2025-05-28 00:18:53,488 INFO  - Received event: 482000 (at simulation time IntraVehicleMsg)
2025-05-28 00:18:53,493 INFO  - Sent message to others cars = 'veh_79 | CartesianPoint{x=221.02,y=532.03,z=0.00}' (at simulation time 483.000,000,000 s)
2025-05-28 00:18:53,553 INFO  - Received event: 483000 (at simulation time IntraVehicleMsg)
2025-05-28 00:18:53,556 INFO  - Sent message to others cars = 'veh_79 | CartesianPoint{x=228.92,y=532.04,z=0.00}' (at simulation time 484.000,000,000 s)
2025-05-28 00:18:53,619 INFO  - Received event: 484000 (at simulation time IntraVehicleMsg)
2025-05-28 00:18:53,621 INFO  - Sent message to others cars = 'veh_79 | CartesianPoint{x=236.57,y=532.03,z=0.00}' (at simulation time 485.000,000,000 s)
2025-05-28 00:18:53,684 INFO  - Received event: 485000 (at simulation time IntraVehicleMsg)
2025-05-28 00:18:53,690 INFO  - Sent message to others cars = 'veh_79 | CartesianPoint{x=244.22,y=532.01,z=0.00}' (at simulation time 486.000,000,000 s)
2025-05-28 00:18:53,752 INFO  - Received event: 486000 (at simulation time IntraVehicleMsg)
2025-05-28 00:18:53,756 INFO  - Sent message to others cars = 'veh_79 | CartesianPoint{x=251.19,y=532.00,z=0.00}' (at simulation time 487.000,000,000 s)
2025-05-28 00:18:53,819 INFO  - Received event: 487000 (at simulation time IntraVehicleMsg)
2025-05-28 00:18:53,822 INFO  - Sent message to others cars = 'veh_79 | CartesianPoint{x=258.42,y=531.99,z=0.00}' (at simulation time 488.000,000,000 s)
2025-05-28 00:18:53,886 INFO  - Received event: 488000 (at simulation time IntraVehicleMsg)
2025-05-28 00:18:53,889 INFO  - Sent message to others cars = 'veh_79 | CartesianPoint{x=266.20,y=531.97,z=0.00}' (at simulation time 489.000,000,000 s)
2025-05-28 00:18:53,995 INFO  - Received event: 489000 (at simulation time IntraVehicleMsg)
2025-05-28 00:18:54,002 INFO  - Sent message to others cars = 'veh_79 | CartesianPoint{x=273.23,y=531.96,z=0.00}' (at simulation time 490.000,000,000 s)
2025-05-28 00:18:54,069 INFO  - Received event: 490000 (at simulation time IntraVehicleMsg)
2025-05-28 00:18:54,071 INFO  - Sent message to others cars = 'veh_79 | CartesianPoint{x=280.06,y=531.95,z=0.00}' (at simulation time 491.000,000,000 s)
2025-05-28 00:18:54,140 INFO  - Received event: 491000 (at simulation time IntraVehicleMsg)
2025-05-28 00:18:54,142 INFO  - Sent message to others cars = 'veh_79 | CartesianPoint{x=286.87,y=531.94,z=0.00}' (at simulation time 492.000,000,000 s)
2025-05-28 00:18:54,214 INFO  - Received event: 492000 (at simulation time IntraVehicleMsg)
2025-05-28 00:18:54,216 INFO  - Sent message to others cars = 'veh_79 | CartesianPoint{x=293.84,y=531.94,z=0.00}' (at simulation time 493.000,000,000 s)
2025-05-28 00:18:54,287 INFO  - Received event: 493000 (at simulation time IntraVehicleMsg)
2025-05-28 00:18:54,292 INFO  - Sent message to others cars = 'veh_79 | CartesianPoint{x=300.68,y=531.93,z=0.00}' (at simulation time 494.000,000,000 s)
2025-05-28 00:18:54,365 INFO  - Received event: 494000 (at simulation time IntraVehicleMsg)
2025-05-28 00:18:54,368 INFO  - Sent message to others cars = 'veh_79 | CartesianPoint{x=308.26,y=531.92,z=0.00}' (at simulation time 495.000,000,000 s)
2025-05-28 00:18:54,440 INFO  - Received event: 495000 (at simulation time IntraVehicleMsg)
2025-05-28 00:18:54,443 INFO  - Sent message to others cars = 'veh_79 | CartesianPoint{x=316.09,y=531.91,z=0.00}' (at simulation time 496.000,000,000 s)
2025-05-28 00:18:54,514 INFO  - Received event: 496000 (at simulation time IntraVehicleMsg)
2025-05-28 00:18:54,517 INFO  - Sent message to others cars = 'veh_79 | CartesianPoint{x=323.96,y=531.90,z=0.00}' (at simulation time 497.000,000,000 s)
2025-05-28 00:18:54,588 INFO  - Received event: 497000 (at simulation time IntraVehicleMsg)
2025-05-28 00:18:54,597 INFO  - Sent message to others cars = 'veh_79 | CartesianPoint{x=331.41,y=531.89,z=0.00}' (at simulation time 498.000,000,000 s)
2025-05-28 00:18:54,670 INFO  - Received event: 498000 (at simulation time IntraVehicleMsg)
2025-05-28 00:18:54,673 INFO  - Sent message to others cars = 'veh_79 | CartesianPoint{x=338.63,y=531.88,z=0.00}' (at simulation time 499.000,000,000 s)
2025-05-28 00:18:54,744 INFO  - Received event: 499000 (at simulation time IntraVehicleMsg)
2025-05-28 00:18:54,752 INFO  - Sent message to others cars = 'veh_79 | CartesianPoint{x=346.17,y=531.87,z=0.00}' (at simulation time 500.000,000,000 s)
2025-05-28 00:18:54,822 INFO  - Received event: 500000 (at simulation time IntraVehicleMsg)
2025-05-28 00:18:54,825 INFO  - ------------------------------------------------------------------------------------- (at simulation time 501.000,000,000 s)
2025-05-28 00:18:54,825 INFO  - Shutdown application (at simulation time 501.000,000,000 s)
2025-05-28 00:18:54,825 INFO  - ------------------------------------------------------------------------------------- (at simulation time 501.000,000,000 s)
