2025-05-28 00:18:51,756 INFO  - ------------------------------------------------------------------------------------- (at simulation time 449.000,000,000 s)
2025-05-28 00:18:51,756 INFO  - Initialize veh_86 application (at simulation time 449.000,000,000 s)
2025-05-28 00:18:51,756 INFO  - Activated AdHoc Module (at simulation time 449.000,000,000 s)
2025-05-28 00:18:51,756 INFO  - ------------------------------------------------------------------------------------- (at simulation time 449.000,000,000 s)
2025-05-28 00:18:51,758 INFO  - Sent message to others cars = 'veh_86 | CartesianPoint{x=143.94,y=749.34,z=0.00}' (at simulation time 449.000,000,000 s)
2025-05-28 00:18:51,794 INFO  - Received event: 449000 (at simulation time IntraVehicleMsg)
2025-05-28 00:18:51,797 INFO  - Sent message to others cars = 'veh_86 | CartesianPoint{x=143.92,y=741.68,z=0.00}' (at simulation time 450.000,000,000 s)
2025-05-28 00:18:51,837 INFO  - Received event: 450000 (at simulation time IntraVehicleMsg)
2025-05-28 00:18:51,841 INFO  - Sent message to others cars = 'veh_86 | CartesianPoint{x=143.90,y=734.19,z=0.00}' (at simulation time 451.000,000,000 s)
2025-05-28 00:18:51,879 INFO  - Received event: 451000 (at simulation time IntraVehicleMsg)
2025-05-28 00:18:51,881 INFO  - Sent message to others cars = 'veh_86 | CartesianPoint{x=143.87,y=725.80,z=0.00}' (at simulation time 452.000,000,000 s)
2025-05-28 00:18:51,920 INFO  - Received event: 452000 (at simulation time IntraVehicleMsg)
2025-05-28 00:18:51,922 INFO  - Sent message to others cars = 'veh_86 | CartesianPoint{x=143.84,y=717.82,z=0.00}' (at simulation time 453.000,000,000 s)
2025-05-28 00:18:51,962 INFO  - Received event: 453000 (at simulation time IntraVehicleMsg)
2025-05-28 00:18:51,966 INFO  - Sent message to others cars = 'veh_86 | CartesianPoint{x=143.82,y=710.31,z=0.00}' (at simulation time 454.000,000,000 s)
2025-05-28 00:18:52,008 INFO  - Received event: 454000 (at simulation time IntraVehicleMsg)
2025-05-28 00:18:52,010 INFO  - Sent message to others cars = 'veh_86 | CartesianPoint{x=143.79,y=702.95,z=0.00}' (at simulation time 455.000,000,000 s)
2025-05-28 00:18:52,051 INFO  - Received event: 455000 (at simulation time IntraVehicleMsg)
2025-05-28 00:18:52,053 INFO  - Sent message to others cars = 'veh_86 | CartesianPoint{x=140.56,y=695.03,z=0.00}' (at simulation time 456.000,000,000 s)
2025-05-28 00:18:52,095 INFO  - Received event: 456000 (at simulation time IntraVehicleMsg)
2025-05-28 00:18:52,097 INFO  - Sent message to others cars = 'veh_86 | CartesianPoint{x=140.54,y=686.64,z=0.00}' (at simulation time 457.000,000,000 s)
2025-05-28 00:18:52,139 INFO  - Received event: 457000 (at simulation time IntraVehicleMsg)
2025-05-28 00:18:52,141 INFO  - Sent message to others cars = 'veh_86 | CartesianPoint{x=140.51,y=678.33,z=0.00}' (at simulation time 458.000,000,000 s)
2025-05-28 00:18:52,186 INFO  - Received event: 458000 (at simulation time IntraVehicleMsg)
2025-05-28 00:18:52,192 INFO  - Sent message to others cars = 'veh_86 | CartesianPoint{x=140.48,y=670.38,z=0.00}' (at simulation time 459.000,000,000 s)
2025-05-28 00:18:52,236 INFO  - Received event: 459000 (at simulation time IntraVehicleMsg)
2025-05-28 00:18:52,239 INFO  - Sent message to others cars = 'veh_86 | CartesianPoint{x=140.46,y=662.60,z=0.00}' (at simulation time 460.000,000,000 s)
2025-05-28 00:18:52,284 INFO  - Received event: 460000 (at simulation time IntraVehicleMsg)
2025-05-28 00:18:52,286 INFO  - Sent message to others cars = 'veh_86 | CartesianPoint{x=140.45,y=655.23,z=0.00}' (at simulation time 461.000,000,000 s)
2025-05-28 00:18:52,333 INFO  - Received event: 461000 (at simulation time IntraVehicleMsg)
2025-05-28 00:18:52,335 INFO  - Sent message to others cars = 'veh_86 | CartesianPoint{x=140.43,y=646.92,z=0.00}' (at simulation time 462.000,000,000 s)
2025-05-28 00:18:52,385 INFO  - Received event: 462000 (at simulation time IntraVehicleMsg)
2025-05-28 00:18:52,391 INFO  - Sent message to others cars = 'veh_86 | CartesianPoint{x=140.41,y=638.91,z=0.00}' (at simulation time 463.000,000,000 s)
2025-05-28 00:18:52,439 INFO  - Received event: 463000 (at simulation time IntraVehicleMsg)
2025-05-28 00:18:52,441 INFO  - Sent message to others cars = 'veh_86 | CartesianPoint{x=140.39,y=630.90,z=0.00}' (at simulation time 464.000,000,000 s)
2025-05-28 00:18:52,491 INFO  - Received event: 464000 (at simulation time IntraVehicleMsg)
2025-05-28 00:18:52,494 INFO  - Sent message to others cars = 'veh_86 | CartesianPoint{x=140.37,y=623.33,z=0.00}' (at simulation time 465.000,000,000 s)
2025-05-28 00:18:52,540 INFO  - Received event: 465000 (at simulation time IntraVehicleMsg)
2025-05-28 00:18:52,542 INFO  - Sent message to others cars = 'veh_86 | CartesianPoint{x=140.35,y=615.88,z=0.00}' (at simulation time 466.000,000,000 s)
2025-05-28 00:18:52,588 INFO  - Received event: 466000 (at simulation time IntraVehicleMsg)
2025-05-28 00:18:52,594 INFO  - Sent message to others cars = 'veh_86 | CartesianPoint{x=140.33,y=607.66,z=0.00}' (at simulation time 467.000,000,000 s)
2025-05-28 00:18:52,639 INFO  - Received event: 467000 (at simulation time IntraVehicleMsg)
2025-05-28 00:18:52,641 INFO  - Sent message to others cars = 'veh_86 | CartesianPoint{x=140.30,y=599.92,z=0.00}' (at simulation time 468.000,000,000 s)
2025-05-28 00:18:52,687 INFO  - Received event: 468000 (at simulation time IntraVehicleMsg)
2025-05-28 00:18:52,693 INFO  - Sent message to others cars = 'veh_86 | CartesianPoint{x=140.26,y=592.47,z=0.00}' (at simulation time 469.000,000,000 s)
2025-05-28 00:18:52,743 INFO  - Received event: 469000 (at simulation time IntraVehicleMsg)
2025-05-28 00:18:52,746 INFO  - Sent message to others cars = 'veh_86 | CartesianPoint{x=140.22,y=584.49,z=0.00}' (at simulation time 470.000,000,000 s)
2025-05-28 00:18:52,795 INFO  - Received event: 470000 (at simulation time IntraVehicleMsg)
2025-05-28 00:18:52,797 INFO  - Sent message to others cars = 'veh_86 | CartesianPoint{x=140.18,y=576.70,z=0.00}' (at simulation time 471.000,000,000 s)
2025-05-28 00:18:52,847 INFO  - Received event: 471000 (at simulation time IntraVehicleMsg)
2025-05-28 00:18:52,850 INFO  - Sent message to others cars = 'veh_86 | CartesianPoint{x=140.14,y=569.48,z=0.00}' (at simulation time 472.000,000,000 s)
2025-05-28 00:18:52,900 INFO  - Received event: 472000 (at simulation time IntraVehicleMsg)
2025-05-28 00:18:52,903 INFO  - Sent message to others cars = 'veh_86 | CartesianPoint{x=140.10,y=561.67,z=0.00}' (at simulation time 473.000,000,000 s)
2025-05-28 00:18:52,953 INFO  - Received event: 473000 (at simulation time IntraVehicleMsg)
2025-05-28 00:18:52,956 INFO  - Sent message to others cars = 'veh_86 | CartesianPoint{x=140.06,y=554.25,z=0.00}' (at simulation time 474.000,000,000 s)
2025-05-28 00:18:53,007 INFO  - Received event: 474000 (at simulation time IntraVehicleMsg)
2025-05-28 00:18:53,016 INFO  - Sent message to others cars = 'veh_86 | CartesianPoint{x=140.02,y=547.29,z=0.00}' (at simulation time 475.000,000,000 s)
2025-05-28 00:18:53,068 INFO  - Received event: 475000 (at simulation time IntraVehicleMsg)
2025-05-28 00:18:53,071 INFO  - Sent message to others cars = 'veh_86 | CartesianPoint{x=140.01,y=544.84,z=0.00}' (at simulation time 476.000,000,000 s)
2025-05-28 00:18:53,123 INFO  - Received event: 476000 (at simulation time IntraVehicleMsg)
2025-05-28 00:18:53,126 INFO  - Sent message to others cars = 'veh_86 | CartesianPoint{x=140.01,y=544.75,z=0.00}' (at simulation time 477.000,000,000 s)
2025-05-28 00:18:53,176 INFO  - Received event: 477000 (at simulation time IntraVehicleMsg)
2025-05-28 00:18:53,179 INFO  - Sent message to others cars = 'veh_86 | CartesianPoint{x=140.01,y=544.72,z=0.00}' (at simulation time 478.000,000,000 s)
2025-05-28 00:18:53,235 INFO  - Received event: 478000 (at simulation time IntraVehicleMsg)
2025-05-28 00:18:53,238 INFO  - Sent message to others cars = 'veh_86 | CartesianPoint{x=140.01,y=544.69,z=0.00}' (at simulation time 479.000,000,000 s)
2025-05-28 00:18:53,294 INFO  - Received event: 479000 (at simulation time IntraVehicleMsg)
2025-05-28 00:18:53,301 INFO  - Sent message to others cars = 'veh_86 | CartesianPoint{x=140.01,y=544.69,z=0.00}' (at simulation time 480.000,000,000 s)
2025-05-28 00:18:53,359 INFO  - Received event: 480000 (at simulation time IntraVehicleMsg)
2025-05-28 00:18:53,361 INFO  - Sent message to others cars = 'veh_86 | CartesianPoint{x=140.01,y=544.69,z=0.00}' (at simulation time 481.000,000,000 s)
2025-05-28 00:18:53,422 INFO  - Received event: 481000 (at simulation time IntraVehicleMsg)
2025-05-28 00:18:53,424 INFO  - Sent message to others cars = 'veh_86 | CartesianPoint{x=140.01,y=544.69,z=0.00}' (at simulation time 482.000,000,000 s)
2025-05-28 00:18:53,489 INFO  - Received event: 482000 (at simulation time IntraVehicleMsg)
2025-05-28 00:18:53,493 INFO  - Sent message to others cars = 'veh_86 | CartesianPoint{x=140.01,y=544.69,z=0.00}' (at simulation time 483.000,000,000 s)
2025-05-28 00:18:53,554 INFO  - Received event: 483000 (at simulation time IntraVehicleMsg)
2025-05-28 00:18:53,556 INFO  - Sent message to others cars = 'veh_86 | CartesianPoint{x=140.01,y=544.69,z=0.00}' (at simulation time 484.000,000,000 s)
2025-05-28 00:18:53,619 INFO  - Received event: 484000 (at simulation time IntraVehicleMsg)
2025-05-28 00:18:53,622 INFO  - Sent message to others cars = 'veh_86 | CartesianPoint{x=140.01,y=544.69,z=0.00}' (at simulation time 485.000,000,000 s)
2025-05-28 00:18:53,684 INFO  - Received event: 485000 (at simulation time IntraVehicleMsg)
2025-05-28 00:18:53,690 INFO  - Sent message to others cars = 'veh_86 | CartesianPoint{x=140.01,y=544.69,z=0.00}' (at simulation time 486.000,000,000 s)
2025-05-28 00:18:53,752 INFO  - Received event: 486000 (at simulation time IntraVehicleMsg)
2025-05-28 00:18:53,756 INFO  - Sent message to others cars = 'veh_86 | CartesianPoint{x=140.01,y=544.69,z=0.00}' (at simulation time 487.000,000,000 s)
2025-05-28 00:18:53,819 INFO  - Received event: 487000 (at simulation time IntraVehicleMsg)
2025-05-28 00:18:53,822 INFO  - Sent message to others cars = 'veh_86 | CartesianPoint{x=140.01,y=544.69,z=0.00}' (at simulation time 488.000,000,000 s)
2025-05-28 00:18:53,887 INFO  - Received event: 488000 (at simulation time IntraVehicleMsg)
2025-05-28 00:18:53,889 INFO  - Sent message to others cars = 'veh_86 | CartesianPoint{x=140.01,y=544.69,z=0.00}' (at simulation time 489.000,000,000 s)
2025-05-28 00:18:53,995 INFO  - Received event: 489000 (at simulation time IntraVehicleMsg)
2025-05-28 00:18:54,002 INFO  - Sent message to others cars = 'veh_86 | CartesianPoint{x=140.01,y=544.69,z=0.00}' (at simulation time 490.000,000,000 s)
2025-05-28 00:18:54,069 INFO  - Received event: 490000 (at simulation time IntraVehicleMsg)
2025-05-28 00:18:54,072 INFO  - Sent message to others cars = 'veh_86 | CartesianPoint{x=140.01,y=544.69,z=0.00}' (at simulation time 491.000,000,000 s)
2025-05-28 00:18:54,140 INFO  - Received event: 491000 (at simulation time IntraVehicleMsg)
2025-05-28 00:18:54,142 INFO  - Sent message to others cars = 'veh_86 | CartesianPoint{x=140.01,y=544.69,z=0.00}' (at simulation time 492.000,000,000 s)
2025-05-28 00:18:54,214 INFO  - Received event: 492000 (at simulation time IntraVehicleMsg)
2025-05-28 00:18:54,217 INFO  - Sent message to others cars = 'veh_86 | CartesianPoint{x=140.01,y=544.69,z=0.00}' (at simulation time 493.000,000,000 s)
2025-05-28 00:18:54,288 INFO  - Received event: 493000 (at simulation time IntraVehicleMsg)
2025-05-28 00:18:54,292 INFO  - Sent message to others cars = 'veh_86 | CartesianPoint{x=140.01,y=544.69,z=0.00}' (at simulation time 494.000,000,000 s)
2025-05-28 00:18:54,365 INFO  - Received event: 494000 (at simulation time IntraVehicleMsg)
2025-05-28 00:18:54,368 INFO  - Sent message to others cars = 'veh_86 | CartesianPoint{x=140.01,y=544.69,z=0.00}' (at simulation time 495.000,000,000 s)
2025-05-28 00:18:54,440 INFO  - Received event: 495000 (at simulation time IntraVehicleMsg)
2025-05-28 00:18:54,443 INFO  - Sent message to others cars = 'veh_86 | CartesianPoint{x=140.01,y=544.69,z=0.00}' (at simulation time 496.000,000,000 s)
2025-05-28 00:18:54,514 INFO  - Received event: 496000 (at simulation time IntraVehicleMsg)
2025-05-28 00:18:54,517 INFO  - Sent message to others cars = 'veh_86 | CartesianPoint{x=140.01,y=544.69,z=0.00}' (at simulation time 497.000,000,000 s)
2025-05-28 00:18:54,588 INFO  - Received event: 497000 (at simulation time IntraVehicleMsg)
2025-05-28 00:18:54,598 INFO  - Sent message to others cars = 'veh_86 | CartesianPoint{x=140.01,y=544.69,z=0.00}' (at simulation time 498.000,000,000 s)
2025-05-28 00:18:54,670 INFO  - Received event: 498000 (at simulation time IntraVehicleMsg)
2025-05-28 00:18:54,673 INFO  - Sent message to others cars = 'veh_86 | CartesianPoint{x=140.01,y=544.69,z=0.00}' (at simulation time 499.000,000,000 s)
2025-05-28 00:18:54,744 INFO  - Received event: 499000 (at simulation time IntraVehicleMsg)
2025-05-28 00:18:54,752 INFO  - Sent message to others cars = 'veh_86 | CartesianPoint{x=140.01,y=544.69,z=0.00}' (at simulation time 500.000,000,000 s)
2025-05-28 00:18:54,822 INFO  - Received event: 500000 (at simulation time IntraVehicleMsg)
2025-05-28 00:18:54,825 INFO  - Sent message to others cars = 'veh_86 | CartesianPoint{x=140.01,y=544.69,z=0.00}' (at simulation time 501.000,000,000 s)
2025-05-28 00:18:54,893 INFO  - Received event: 501000 (at simulation time IntraVehicleMsg)
2025-05-28 00:18:54,895 INFO  - Sent message to others cars = 'veh_86 | CartesianPoint{x=140.01,y=544.69,z=0.00}' (at simulation time 502.000,000,000 s)
2025-05-28 00:18:54,961 INFO  - Received event: 502000 (at simulation time IntraVehicleMsg)
2025-05-28 00:18:54,963 INFO  - Sent message to others cars = 'veh_86 | CartesianPoint{x=140.01,y=544.69,z=0.00}' (at simulation time 503.000,000,000 s)
2025-05-28 00:18:55,032 INFO  - Received event: 503000 (at simulation time IntraVehicleMsg)
2025-05-28 00:18:55,037 INFO  - Sent message to others cars = 'veh_86 | CartesianPoint{x=140.01,y=544.69,z=0.00}' (at simulation time 504.000,000,000 s)
2025-05-28 00:18:55,101 INFO  - Received event: 504000 (at simulation time IntraVehicleMsg)
2025-05-28 00:18:55,104 INFO  - Sent message to others cars = 'veh_86 | CartesianPoint{x=140.01,y=544.69,z=0.00}' (at simulation time 505.000,000,000 s)
2025-05-28 00:18:55,169 INFO  - Received event: 505000 (at simulation time IntraVehicleMsg)
2025-05-28 00:18:55,172 INFO  - Sent message to others cars = 'veh_86 | CartesianPoint{x=140.00,y=543.47,z=0.00}' (at simulation time 506.000,000,000 s)
2025-05-28 00:18:55,237 INFO  - Received event: 506000 (at simulation time IntraVehicleMsg)
2025-05-28 00:18:55,239 INFO  - Sent message to others cars = 'veh_86 | CartesianPoint{x=139.99,y=540.66,z=0.00}' (at simulation time 507.000,000,000 s)
2025-05-28 00:18:55,301 INFO  - Received event: 507000 (at simulation time IntraVehicleMsg)
2025-05-28 00:18:55,303 INFO  - Sent message to others cars = 'veh_86 | CartesianPoint{x=139.95,y=535.32,z=0.00}' (at simulation time 508.000,000,000 s)
2025-05-28 00:18:55,368 INFO  - Received event: 508000 (at simulation time IntraVehicleMsg)
2025-05-28 00:18:55,371 INFO  - Sent message to others cars = 'veh_86 | CartesianPoint{x=139.90,y=528.24,z=0.00}' (at simulation time 509.000,000,000 s)
2025-05-28 00:18:55,436 INFO  - Received event: 509000 (at simulation time IntraVehicleMsg)
2025-05-28 00:18:55,451 INFO  - Sent message to others cars = 'veh_86 | CartesianPoint{x=139.83,y=520.56,z=0.00}' (at simulation time 510.000,000,000 s)
2025-05-28 00:18:55,517 INFO  - Received event: 510000 (at simulation time IntraVehicleMsg)
2025-05-28 00:18:55,519 INFO  - Sent message to others cars = 'veh_86 | CartesianPoint{x=139.75,y=512.83,z=0.00}' (at simulation time 511.000,000,000 s)
2025-05-28 00:18:55,586 INFO  - Received event: 511000 (at simulation time IntraVehicleMsg)
2025-05-28 00:18:55,589 INFO  - Sent message to others cars = 'veh_86 | CartesianPoint{x=139.68,y=504.61,z=0.00}' (at simulation time 512.000,000,000 s)
2025-05-28 00:18:55,655 INFO  - Received event: 512000 (at simulation time IntraVehicleMsg)
2025-05-28 00:18:55,658 INFO  - Sent message to others cars = 'veh_86 | CartesianPoint{x=139.61,y=497.21,z=0.00}' (at simulation time 513.000,000,000 s)
2025-05-28 00:18:55,727 INFO  - Received event: 513000 (at simulation time IntraVehicleMsg)
2025-05-28 00:18:55,729 INFO  - Sent message to others cars = 'veh_86 | CartesianPoint{x=139.54,y=489.88,z=0.00}' (at simulation time 514.000,000,000 s)
2025-05-28 00:18:55,800 INFO  - Received event: 514000 (at simulation time IntraVehicleMsg)
2025-05-28 00:18:55,802 INFO  - Sent message to others cars = 'veh_86 | CartesianPoint{x=139.47,y=482.55,z=0.00}' (at simulation time 515.000,000,000 s)
2025-05-28 00:18:55,859 INFO  - Received event: 515000 (at simulation time IntraVehicleMsg)
2025-05-28 00:18:55,862 INFO  - Sent message to others cars = 'veh_86 | CartesianPoint{x=139.39,y=474.61,z=0.00}' (at simulation time 516.000,000,000 s)
2025-05-28 00:18:55,921 INFO  - Received event: 516000 (at simulation time IntraVehicleMsg)
2025-05-28 00:18:55,925 INFO  - Sent message to others cars = 'veh_86 | CartesianPoint{x=139.31,y=466.75,z=0.00}' (at simulation time 517.000,000,000 s)
2025-05-28 00:18:55,978 INFO  - Received event: 517000 (at simulation time IntraVehicleMsg)
2025-05-28 00:18:55,983 INFO  - Sent message to others cars = 'veh_86 | CartesianPoint{x=139.23,y=458.42,z=0.00}' (at simulation time 518.000,000,000 s)
2025-05-28 00:18:56,031 INFO  - Received event: 518000 (at simulation time IntraVehicleMsg)
2025-05-28 00:18:56,034 INFO  - Sent message to others cars = 'veh_86 | CartesianPoint{x=139.19,y=451.04,z=0.00}' (at simulation time 519.000,000,000 s)
2025-05-28 00:18:56,083 INFO  - Received event: 519000 (at simulation time IntraVehicleMsg)
2025-05-28 00:18:56,086 INFO  - Sent message to others cars = 'veh_86 | CartesianPoint{x=139.18,y=442.92,z=0.00}' (at simulation time 520.000,000,000 s)
2025-05-28 00:18:56,136 INFO  - Received event: 520000 (at simulation time IntraVehicleMsg)
2025-05-28 00:18:56,142 INFO  - Sent message to others cars = 'veh_86 | CartesianPoint{x=139.16,y=434.81,z=0.00}' (at simulation time 521.000,000,000 s)
2025-05-28 00:18:56,199 INFO  - Received event: 521000 (at simulation time IntraVehicleMsg)
2025-05-28 00:18:56,207 INFO  - Sent message to others cars = 'veh_86 | CartesianPoint{x=139.15,y=426.86,z=0.00}' (at simulation time 522.000,000,000 s)
2025-05-28 00:18:56,246 INFO  - Received event: 522000 (at simulation time IntraVehicleMsg)
2025-05-28 00:18:56,248 INFO  - Sent message to others cars = 'veh_86 | CartesianPoint{x=139.13,y=419.45,z=0.00}' (at simulation time 523.000,000,000 s)
2025-05-28 00:18:56,287 INFO  - Received event: 523000 (at simulation time IntraVehicleMsg)
2025-05-28 00:18:56,289 INFO  - Sent message to others cars = 'veh_86 | CartesianPoint{x=139.11,y=411.77,z=0.00}' (at simulation time 524.000,000,000 s)
2025-05-28 00:18:56,322 INFO  - Received event: 524000 (at simulation time IntraVehicleMsg)
2025-05-28 00:18:56,325 INFO  - Sent message to others cars = 'veh_86 | CartesianPoint{x=139.10,y=403.56,z=0.00}' (at simulation time 525.000,000,000 s)
2025-05-28 00:18:56,359 INFO  - Received event: 525000 (at simulation time IntraVehicleMsg)
2025-05-28 00:18:56,363 INFO  - Sent message to others cars = 'veh_86 | CartesianPoint{x=139.08,y=395.16,z=0.00}' (at simulation time 526.000,000,000 s)
2025-05-28 00:18:56,398 INFO  - Received event: 526000 (at simulation time IntraVehicleMsg)
2025-05-28 00:18:56,400 INFO  - Sent message to others cars = 'veh_86 | CartesianPoint{x=139.06,y=387.13,z=0.00}' (at simulation time 527.000,000,000 s)
2025-05-28 00:18:56,446 INFO  - Received event: 527000 (at simulation time IntraVehicleMsg)
2025-05-28 00:18:56,448 INFO  - Sent message to others cars = 'veh_86 | CartesianPoint{x=139.05,y=379.08,z=0.00}' (at simulation time 528.000,000,000 s)
2025-05-28 00:18:56,484 INFO  - Received event: 528000 (at simulation time IntraVehicleMsg)
2025-05-28 00:18:56,486 INFO  - Sent message to others cars = 'veh_86 | CartesianPoint{x=139.03,y=371.86,z=0.00}' (at simulation time 529.000,000,000 s)
2025-05-28 00:18:56,523 INFO  - Received event: 529000 (at simulation time IntraVehicleMsg)
2025-05-28 00:18:56,526 INFO  - Sent message to others cars = 'veh_86 | CartesianPoint{x=139.02,y=364.38,z=0.00}' (at simulation time 530.000,000,000 s)
2025-05-28 00:18:56,564 INFO  - Received event: 530000 (at simulation time IntraVehicleMsg)
2025-05-28 00:18:56,570 INFO  - Sent message to others cars = 'veh_86 | CartesianPoint{x=139.00,y=356.79,z=0.00}' (at simulation time 531.000,000,000 s)
2025-05-28 00:18:56,612 INFO  - Received event: 531000 (at simulation time IntraVehicleMsg)
2025-05-28 00:18:56,614 INFO  - Sent message to others cars = 'veh_86 | CartesianPoint{x=138.93,y=348.89,z=0.00}' (at simulation time 532.000,000,000 s)
2025-05-28 00:18:56,654 INFO  - Received event: 532000 (at simulation time IntraVehicleMsg)
2025-05-28 00:18:56,657 INFO  - Sent message to others cars = 'veh_86 | CartesianPoint{x=138.86,y=340.64,z=0.00}' (at simulation time 533.000,000,000 s)
2025-05-28 00:18:56,698 INFO  - Received event: 533000 (at simulation time IntraVehicleMsg)
2025-05-28 00:18:56,700 INFO  - Sent message to others cars = 'veh_86 | CartesianPoint{x=138.79,y=332.34,z=0.00}' (at simulation time 534.000,000,000 s)
2025-05-28 00:18:56,743 INFO  - Received event: 534000 (at simulation time IntraVehicleMsg)
2025-05-28 00:18:56,753 INFO  - Sent message to others cars = 'veh_86 | CartesianPoint{x=138.72,y=325.16,z=0.00}' (at simulation time 535.000,000,000 s)
2025-05-28 00:18:56,796 INFO  - Received event: 535000 (at simulation time IntraVehicleMsg)
2025-05-28 00:18:56,798 INFO  - Sent message to others cars = 'veh_86 | CartesianPoint{x=138.66,y=317.60,z=0.00}' (at simulation time 536.000,000,000 s)
2025-05-28 00:18:56,841 INFO  - Received event: 536000 (at simulation time IntraVehicleMsg)
2025-05-28 00:18:56,843 INFO  - Sent message to others cars = 'veh_86 | CartesianPoint{x=138.59,y=309.55,z=0.00}' (at simulation time 537.000,000,000 s)
2025-05-28 00:18:56,887 INFO  - Received event: 537000 (at simulation time IntraVehicleMsg)
2025-05-28 00:18:56,889 INFO  - Sent message to others cars = 'veh_86 | CartesianPoint{x=138.53,y=302.38,z=0.00}' (at simulation time 538.000,000,000 s)
2025-05-28 00:18:56,933 INFO  - Received event: 538000 (at simulation time IntraVehicleMsg)
2025-05-28 00:18:56,936 INFO  - Sent message to others cars = 'veh_86 | CartesianPoint{x=138.46,y=294.16,z=0.00}' (at simulation time 539.000,000,000 s)
2025-05-28 00:18:56,983 INFO  - Received event: 539000 (at simulation time IntraVehicleMsg)
2025-05-28 00:18:56,986 INFO  - Sent message to others cars = 'veh_86 | CartesianPoint{x=138.39,y=286.17,z=0.00}' (at simulation time 540.000,000,000 s)
2025-05-28 00:18:57,032 INFO  - Received event: 540000 (at simulation time IntraVehicleMsg)
2025-05-28 00:18:57,044 INFO  - Sent message to others cars = 'veh_86 | CartesianPoint{x=138.32,y=278.04,z=0.00}' (at simulation time 541.000,000,000 s)
2025-05-28 00:18:57,090 INFO  - Received event: 541000 (at simulation time IntraVehicleMsg)
2025-05-28 00:18:57,093 INFO  - Sent message to others cars = 'veh_86 | CartesianPoint{x=138.25,y=270.05,z=0.00}' (at simulation time 542.000,000,000 s)
2025-05-28 00:18:57,143 INFO  - Received event: 542000 (at simulation time IntraVehicleMsg)
2025-05-28 00:18:57,146 INFO  - Sent message to others cars = 'veh_86 | CartesianPoint{x=138.18,y=262.86,z=0.00}' (at simulation time 543.000,000,000 s)
2025-05-28 00:18:57,194 INFO  - Received event: 543000 (at simulation time IntraVehicleMsg)
2025-05-28 00:18:57,197 INFO  - Sent message to others cars = 'veh_86 | CartesianPoint{x=138.11,y=254.61,z=0.00}' (at simulation time 544.000,000,000 s)
2025-05-28 00:18:57,247 INFO  - Received event: 544000 (at simulation time IntraVehicleMsg)
2025-05-28 00:18:57,250 INFO  - Sent message to others cars = 'veh_86 | CartesianPoint{x=138.04,y=246.18,z=0.00}' (at simulation time 545.000,000,000 s)
2025-05-28 00:18:57,302 INFO  - Received event: 545000 (at simulation time IntraVehicleMsg)
2025-05-28 00:18:57,304 INFO  - Sent message to others cars = 'veh_86 | CartesianPoint{x=137.98,y=238.35,z=0.00}' (at simulation time 546.000,000,000 s)
2025-05-28 00:18:57,358 INFO  - Received event: 546000 (at simulation time IntraVehicleMsg)
2025-05-28 00:18:57,360 INFO  - Sent message to others cars = 'veh_86 | CartesianPoint{x=137.92,y=230.67,z=0.00}' (at simulation time 547.000,000,000 s)
2025-05-28 00:18:57,413 INFO  - Received event: 547000 (at simulation time IntraVehicleMsg)
2025-05-28 00:18:57,416 INFO  - Sent message to others cars = 'veh_86 | CartesianPoint{x=137.85,y=223.03,z=0.00}' (at simulation time 548.000,000,000 s)
2025-05-28 00:18:57,472 INFO  - Received event: 548000 (at simulation time IntraVehicleMsg)
2025-05-28 00:18:57,481 INFO  - Sent message to others cars = 'veh_86 | CartesianPoint{x=137.79,y=215.81,z=0.00}' (at simulation time 549.000,000,000 s)
2025-05-28 00:18:57,538 INFO  - Received event: 549000 (at simulation time IntraVehicleMsg)
2025-05-28 00:18:57,543 INFO  - Sent message to others cars = 'veh_86 | CartesianPoint{x=137.73,y=207.89,z=0.00}' (at simulation time 550.000,000,000 s)
2025-05-28 00:18:57,598 INFO  - Received event: 550000 (at simulation time IntraVehicleMsg)
2025-05-28 00:18:57,600 INFO  - Sent message to others cars = 'veh_86 | CartesianPoint{x=137.66,y=199.65,z=0.00}' (at simulation time 551.000,000,000 s)
2025-05-28 00:18:57,656 INFO  - Received event: 551000 (at simulation time IntraVehicleMsg)
2025-05-28 00:18:57,664 INFO  - Sent message to others cars = 'veh_86 | CartesianPoint{x=137.60,y=192.18,z=0.00}' (at simulation time 552.000,000,000 s)
2025-05-28 00:18:57,722 INFO  - Received event: 552000 (at simulation time IntraVehicleMsg)
2025-05-28 00:18:57,724 INFO  - Sent message to others cars = 'veh_86 | CartesianPoint{x=137.54,y=184.86,z=0.00}' (at simulation time 553.000,000,000 s)
2025-05-28 00:18:57,783 INFO  - Received event: 553000 (at simulation time IntraVehicleMsg)
2025-05-28 00:18:57,786 INFO  - Sent message to others cars = 'veh_86 | CartesianPoint{x=137.47,y=176.50,z=0.00}' (at simulation time 554.000,000,000 s)
2025-05-28 00:18:57,847 INFO  - Received event: 554000 (at simulation time IntraVehicleMsg)
2025-05-28 00:18:57,850 INFO  - Sent message to others cars = 'veh_86 | CartesianPoint{x=137.40,y=168.19,z=0.00}' (at simulation time 555.000,000,000 s)
2025-05-28 00:18:57,911 INFO  - Received event: 555000 (at simulation time IntraVehicleMsg)
2025-05-28 00:18:57,922 INFO  - Sent message to others cars = 'veh_86 | CartesianPoint{x=137.33,y=159.79,z=0.00}' (at simulation time 556.000,000,000 s)
2025-05-28 00:18:57,983 INFO  - Received event: 556000 (at simulation time IntraVehicleMsg)
2025-05-28 00:18:57,986 INFO  - Sent message to others cars = 'veh_86 | CartesianPoint{x=137.27,y=152.07,z=0.00}' (at simulation time 557.000,000,000 s)
2025-05-28 00:18:58,048 INFO  - Received event: 557000 (at simulation time IntraVehicleMsg)
2025-05-28 00:18:58,051 INFO  - Sent message to others cars = 'veh_86 | CartesianPoint{x=137.20,y=143.82,z=0.00}' (at simulation time 558.000,000,000 s)
2025-05-28 00:18:58,113 INFO  - Received event: 558000 (at simulation time IntraVehicleMsg)
2025-05-28 00:18:58,116 INFO  - Sent message to others cars = 'veh_86 | CartesianPoint{x=137.18,y=136.28,z=0.00}' (at simulation time 559.000,000,000 s)
2025-05-28 00:18:58,181 INFO  - Received event: 559000 (at simulation time IntraVehicleMsg)
2025-05-28 00:18:58,184 INFO  - Sent message to others cars = 'veh_86 | CartesianPoint{x=137.22,y=127.96,z=0.00}' (at simulation time 560.000,000,000 s)
2025-05-28 00:18:58,243 INFO  - Received event: 560000 (at simulation time IntraVehicleMsg)
2025-05-28 00:18:58,246 INFO  - Sent message to others cars = 'veh_86 | CartesianPoint{x=137.26,y=120.75,z=0.00}' (at simulation time 561.000,000,000 s)
2025-05-28 00:18:58,305 INFO  - Received event: 561000 (at simulation time IntraVehicleMsg)
2025-05-28 00:18:58,312 INFO  - Sent message to others cars = 'veh_86 | CartesianPoint{x=137.31,y=112.68,z=0.00}' (at simulation time 562.000,000,000 s)
2025-05-28 00:18:58,374 INFO  - Received event: 562000 (at simulation time IntraVehicleMsg)
2025-05-28 00:18:58,377 INFO  - Sent message to others cars = 'veh_86 | CartesianPoint{x=137.35,y=104.59,z=0.00}' (at simulation time 563.000,000,000 s)
2025-05-28 00:18:58,436 INFO  - Received event: 563000 (at simulation time IntraVehicleMsg)
2025-05-28 00:18:58,439 INFO  - Sent message to others cars = 'veh_86 | CartesianPoint{x=137.40,y=96.33,z=0.00}' (at simulation time 564.000,000,000 s)
2025-05-28 00:18:58,494 INFO  - Received event: 564000 (at simulation time IntraVehicleMsg)
2025-05-28 00:18:58,497 INFO  - Sent message to others cars = 'veh_86 | CartesianPoint{x=137.44,y=88.99,z=0.00}' (at simulation time 565.000,000,000 s)
2025-05-28 00:18:58,555 INFO  - Received event: 565000 (at simulation time IntraVehicleMsg)
2025-05-28 00:18:58,557 INFO  - Sent message to others cars = 'veh_86 | CartesianPoint{x=137.48,y=81.33,z=0.00}' (at simulation time 566.000,000,000 s)
2025-05-28 00:18:58,614 INFO  - Received event: 566000 (at simulation time IntraVehicleMsg)
2025-05-28 00:18:58,617 INFO  - Sent message to others cars = 'veh_86 | CartesianPoint{x=138.87,y=73.73,z=0.00}' (at simulation time 567.000,000,000 s)
2025-05-28 00:18:58,672 INFO  - Received event: 567000 (at simulation time IntraVehicleMsg)
2025-05-28 00:18:58,675 INFO  - Sent message to others cars = 'veh_86 | CartesianPoint{x=142.85,y=66.76,z=0.00}' (at simulation time 568.000,000,000 s)
2025-05-28 00:18:58,735 INFO  - Received event: 568000 (at simulation time IntraVehicleMsg)
2025-05-28 00:18:58,749 INFO  - Sent message to others cars = 'veh_86 | CartesianPoint{x=148.22,y=61.74,z=0.00}' (at simulation time 569.000,000,000 s)
2025-05-28 00:18:58,802 INFO  - Received event: 569000 (at simulation time IntraVehicleMsg)
2025-05-28 00:18:58,812 INFO  - Sent message to others cars = 'veh_86 | CartesianPoint{x=153.71,y=56.53,z=0.00}' (at simulation time 570.000,000,000 s)
2025-05-28 00:18:58,857 INFO  - Received event: 570000 (at simulation time IntraVehicleMsg)
2025-05-28 00:18:58,860 INFO  - Sent message to others cars = 'veh_86 | CartesianPoint{x=159.40,y=50.28,z=0.00}' (at simulation time 571.000,000,000 s)
2025-05-28 00:18:58,918 INFO  - Received event: 571000 (at simulation time IntraVehicleMsg)
2025-05-28 00:18:58,927 INFO  - Sent message to others cars = 'veh_86 | CartesianPoint{x=164.73,y=44.42,z=0.00}' (at simulation time 572.000,000,000 s)
2025-05-28 00:18:58,972 INFO  - Received event: 572000 (at simulation time IntraVehicleMsg)
2025-05-28 00:18:58,974 INFO  - Sent message to others cars = 'veh_86 | CartesianPoint{x=169.76,y=38.89,z=0.00}' (at simulation time 573.000,000,000 s)
2025-05-28 00:18:59,020 INFO  - Received event: 573000 (at simulation time IntraVehicleMsg)
2025-05-28 00:18:59,032 INFO  - Sent message to others cars = 'veh_86 | CartesianPoint{x=175.40,y=32.69,z=0.00}' (at simulation time 574.000,000,000 s)
2025-05-28 00:18:59,081 INFO  - Received event: 574000 (at simulation time IntraVehicleMsg)
2025-05-28 00:18:59,094 INFO  - Sent message to others cars = 'veh_86 | CartesianPoint{x=180.93,y=26.60,z=0.00}' (at simulation time 575.000,000,000 s)
2025-05-28 00:18:59,144 INFO  - Received event: 575000 (at simulation time IntraVehicleMsg)
2025-05-28 00:18:59,153 INFO  - Sent message to others cars = 'veh_86 | CartesianPoint{x=185.86,y=21.18,z=0.00}' (at simulation time 576.000,000,000 s)
2025-05-28 00:18:59,202 INFO  - Received event: 576000 (at simulation time IntraVehicleMsg)
2025-05-28 00:18:59,207 INFO  - Sent message to others cars = 'veh_86 | CartesianPoint{x=191.44,y=15.05,z=0.00}' (at simulation time 577.000,000,000 s)
2025-05-28 00:18:59,257 INFO  - Received event: 577000 (at simulation time IntraVehicleMsg)
2025-05-28 00:18:59,260 INFO  - Sent message to others cars = 'veh_86 | CartesianPoint{x=194.96,y=8.49,z=0.00}' (at simulation time 578.000,000,000 s)
2025-05-28 00:18:59,309 INFO  - Received event: 578000 (at simulation time IntraVehicleMsg)
2025-05-28 00:18:59,313 INFO  - Sent message to others cars = 'veh_86 | CartesianPoint{x=196.84,y=0.68,z=0.00}' (at simulation time 579.000,000,000 s)
2025-05-28 00:18:59,363 INFO  - Received event: 579000 (at simulation time IntraVehicleMsg)
2025-05-28 00:18:59,367 INFO  - ------------------------------------------------------------------------------------- (at simulation time 580.000,000,000 s)
2025-05-28 00:18:59,367 INFO  - Shutdown application (at simulation time 580.000,000,000 s)
2025-05-28 00:18:59,367 INFO  - ------------------------------------------------------------------------------------- (at simulation time 580.000,000,000 s)
