2025-05-28 00:49:06,169 INFO  - ------------------------------------------------------------------------------------- (at simulation time 500.000,000,000 s)
2025-05-28 00:49:06,169 INFO  - Initialize veh_97 application (at simulation time 500.000,000,000 s)
2025-05-28 00:49:06,169 INFO  - Activated AdHoc Module (at simulation time 500.000,000,000 s)
2025-05-28 00:49:06,170 INFO  - ------------------------------------------------------------------------------------- (at simulation time 500.000,000,000 s)
2025-05-28 00:49:06,170 INFO  - Sent message to others cars = 'veh_97 | CartesianPoint{x=-0.01,y=528.94,z=0.00}' (at simulation time 500.000,000,000 s)
2025-05-28 00:49:06,223 INFO  - Received event: 500000 (at simulation time IntraVehicleMsg)
2025-05-28 00:49:06,226 INFO  - Sent message to others cars = 'veh_97 | CartesianPoint{x=8.21,y=528.92,z=0.00}' (at simulation time 501.000,000,000 s)
2025-05-28 00:49:06,276 INFO  - Received event: 501000 (at simulation time IntraVehicleMsg)
2025-05-28 00:49:06,278 INFO  - Sent message to others cars = 'veh_97 | CartesianPoint{x=15.94,y=528.89,z=0.00}' (at simulation time 502.000,000,000 s)
2025-05-28 00:49:06,326 INFO  - Received event: 502000 (at simulation time IntraVehicleMsg)
2025-05-28 00:49:06,328 INFO  - Sent message to others cars = 'veh_97 | CartesianPoint{x=23.69,y=528.87,z=0.00}' (at simulation time 503.000,000,000 s)
2025-05-28 00:49:06,376 INFO  - Received event: 503000 (at simulation time IntraVehicleMsg)
2025-05-28 00:49:06,380 INFO  - Sent message to others cars = 'veh_97 | CartesianPoint{x=31.07,y=528.85,z=0.00}' (at simulation time 504.000,000,000 s)
2025-05-28 00:49:06,432 INFO  - Received event: 504000 (at simulation time IntraVehicleMsg)
2025-05-28 00:49:06,435 INFO  - Sent message to others cars = 'veh_97 | CartesianPoint{x=38.15,y=528.83,z=0.00}' (at simulation time 505.000,000,000 s)
2025-05-28 00:49:06,487 INFO  - Received event: 505000 (at simulation time IntraVehicleMsg)
2025-05-28 00:49:06,490 INFO  - Sent message to others cars = 'veh_97 | CartesianPoint{x=45.20,y=528.89,z=0.00}' (at simulation time 506.000,000,000 s)
2025-05-28 00:49:06,541 INFO  - Received event: 506000 (at simulation time IntraVehicleMsg)
2025-05-28 00:49:06,543 INFO  - Sent message to others cars = 'veh_97 | CartesianPoint{x=52.74,y=528.94,z=0.00}' (at simulation time 507.000,000,000 s)
2025-05-28 00:49:06,596 INFO  - Received event: 507000 (at simulation time IntraVehicleMsg)
2025-05-28 00:49:06,599 INFO  - Sent message to others cars = 'veh_97 | CartesianPoint{x=60.55,y=529.00,z=0.00}' (at simulation time 508.000,000,000 s)
2025-05-28 00:49:06,652 INFO  - Received event: 508000 (at simulation time IntraVehicleMsg)
2025-05-28 00:49:06,655 INFO  - Sent message to others cars = 'veh_97 | CartesianPoint{x=67.78,y=529.02,z=0.00}' (at simulation time 509.000,000,000 s)
2025-05-28 00:49:06,711 INFO  - Received event: 509000 (at simulation time IntraVehicleMsg)
2025-05-28 00:49:06,717 INFO  - Sent message to others cars = 'veh_97 | CartesianPoint{x=75.81,y=529.03,z=0.00}' (at simulation time 510.000,000,000 s)
2025-05-28 00:49:06,773 INFO  - Received event: 510000 (at simulation time IntraVehicleMsg)
2025-05-28 00:49:06,780 INFO  - Sent message to others cars = 'veh_97 | CartesianPoint{x=83.58,y=529.05,z=0.00}' (at simulation time 511.000,000,000 s)
2025-05-28 00:49:06,835 INFO  - Received event: 511000 (at simulation time IntraVehicleMsg)
2025-05-28 00:49:06,838 INFO  - Sent message to others cars = 'veh_97 | CartesianPoint{x=90.75,y=529.01,z=0.00}' (at simulation time 512.000,000,000 s)
2025-05-28 00:49:06,898 INFO  - Received event: 512000 (at simulation time IntraVehicleMsg)
2025-05-28 00:49:06,900 INFO  - Sent message to others cars = 'veh_97 | CartesianPoint{x=97.97,y=528.92,z=0.00}' (at simulation time 513.000,000,000 s)
2025-05-28 00:49:06,961 INFO  - Received event: 513000 (at simulation time IntraVehicleMsg)
2025-05-28 00:49:06,963 INFO  - Sent message to others cars = 'veh_97 | CartesianPoint{x=105.26,y=528.83,z=0.00}' (at simulation time 514.000,000,000 s)
2025-05-28 00:49:07,025 INFO  - Received event: 514000 (at simulation time IntraVehicleMsg)
2025-05-28 00:49:07,028 INFO  - Sent message to others cars = 'veh_97 | CartesianPoint{x=112.40,y=528.74,z=0.00}' (at simulation time 515.000,000,000 s)
2025-05-28 00:49:07,091 INFO  - Received event: 515000 (at simulation time IntraVehicleMsg)
2025-05-28 00:49:07,094 INFO  - Sent message to others cars = 'veh_97 | CartesianPoint{x=119.63,y=528.65,z=0.00}' (at simulation time 516.000,000,000 s)
2025-05-28 00:49:07,160 INFO  - Received event: 516000 (at simulation time IntraVehicleMsg)
2025-05-28 00:49:07,165 INFO  - Sent message to others cars = 'veh_97 | CartesianPoint{x=126.87,y=528.55,z=0.00}' (at simulation time 517.000,000,000 s)
2025-05-28 00:49:07,229 INFO  - Received event: 517000 (at simulation time IntraVehicleMsg)
2025-05-28 00:49:07,234 INFO  - Sent message to others cars = 'veh_97 | CartesianPoint{x=131.31,y=528.50,z=0.00}' (at simulation time 518.000,000,000 s)
2025-05-28 00:49:07,296 INFO  - Received event: 518000 (at simulation time IntraVehicleMsg)
2025-05-28 00:49:07,299 INFO  - Sent message to others cars = 'veh_97 | CartesianPoint{x=132.32,y=528.49,z=0.00}' (at simulation time 519.000,000,000 s)
2025-05-28 00:49:07,364 INFO  - Received event: 519000 (at simulation time IntraVehicleMsg)
2025-05-28 00:49:07,369 INFO  - Sent message to others cars = 'veh_97 | CartesianPoint{x=132.89,y=528.48,z=0.00}' (at simulation time 520.000,000,000 s)
2025-05-28 00:49:07,434 INFO  - Received event: 520000 (at simulation time IntraVehicleMsg)
2025-05-28 00:49:07,441 INFO  - Sent message to others cars = 'veh_97 | CartesianPoint{x=133.26,y=528.47,z=0.00}' (at simulation time 521.000,000,000 s)
2025-05-28 00:49:07,510 INFO  - Received event: 521000 (at simulation time IntraVehicleMsg)
2025-05-28 00:49:07,519 INFO  - Sent message to others cars = 'veh_97 | CartesianPoint{x=133.29,y=528.47,z=0.00}' (at simulation time 522.000,000,000 s)
2025-05-28 00:49:07,593 INFO  - Received event: 522000 (at simulation time IntraVehicleMsg)
2025-05-28 00:49:07,596 INFO  - Sent message to others cars = 'veh_97 | CartesianPoint{x=133.30,y=528.47,z=0.00}' (at simulation time 523.000,000,000 s)
2025-05-28 00:49:07,665 INFO  - Received event: 523000 (at simulation time IntraVehicleMsg)
2025-05-28 00:49:07,668 INFO  - Sent message to others cars = 'veh_97 | CartesianPoint{x=133.30,y=528.47,z=0.00}' (at simulation time 524.000,000,000 s)
2025-05-28 00:49:07,737 INFO  - Received event: 524000 (at simulation time IntraVehicleMsg)
2025-05-28 00:49:07,741 INFO  - Sent message to others cars = 'veh_97 | CartesianPoint{x=133.30,y=528.47,z=0.00}' (at simulation time 525.000,000,000 s)
2025-05-28 00:49:07,815 INFO  - Received event: 525000 (at simulation time IntraVehicleMsg)
2025-05-28 00:49:07,819 INFO  - Sent message to others cars = 'veh_97 | CartesianPoint{x=133.30,y=528.47,z=0.00}' (at simulation time 526.000,000,000 s)
2025-05-28 00:49:07,887 INFO  - Received event: 526000 (at simulation time IntraVehicleMsg)
2025-05-28 00:49:07,890 INFO  - Sent message to others cars = 'veh_97 | CartesianPoint{x=133.30,y=528.47,z=0.00}' (at simulation time 527.000,000,000 s)
2025-05-28 00:49:07,962 INFO  - Received event: 527000 (at simulation time IntraVehicleMsg)
2025-05-28 00:49:07,964 INFO  - Sent message to others cars = 'veh_97 | CartesianPoint{x=133.30,y=528.47,z=0.00}' (at simulation time 528.000,000,000 s)
2025-05-28 00:49:08,041 INFO  - Received event: 528000 (at simulation time IntraVehicleMsg)
2025-05-28 00:49:08,043 INFO  - Sent message to others cars = 'veh_97 | CartesianPoint{x=133.30,y=528.47,z=0.00}' (at simulation time 529.000,000,000 s)
2025-05-28 00:49:08,118 INFO  - Received event: 529000 (at simulation time IntraVehicleMsg)
2025-05-28 00:49:08,122 INFO  - Sent message to others cars = 'veh_97 | CartesianPoint{x=133.30,y=528.47,z=0.00}' (at simulation time 530.000,000,000 s)
2025-05-28 00:49:08,202 INFO  - Received event: 530000 (at simulation time IntraVehicleMsg)
2025-05-28 00:49:08,208 INFO  - Sent message to others cars = 'veh_97 | CartesianPoint{x=133.30,y=528.47,z=0.00}' (at simulation time 531.000,000,000 s)
2025-05-28 00:49:08,289 INFO  - Received event: 531000 (at simulation time IntraVehicleMsg)
2025-05-28 00:49:08,292 INFO  - Sent message to others cars = 'veh_97 | CartesianPoint{x=133.30,y=528.47,z=0.00}' (at simulation time 532.000,000,000 s)
2025-05-28 00:49:08,372 INFO  - Received event: 532000 (at simulation time IntraVehicleMsg)
2025-05-28 00:49:08,374 INFO  - Sent message to others cars = 'veh_97 | CartesianPoint{x=133.30,y=528.47,z=0.00}' (at simulation time 533.000,000,000 s)
2025-05-28 00:49:08,456 INFO  - Received event: 533000 (at simulation time IntraVehicleMsg)
2025-05-28 00:49:08,460 INFO  - Sent message to others cars = 'veh_97 | CartesianPoint{x=133.30,y=528.47,z=0.00}' (at simulation time 534.000,000,000 s)
2025-05-28 00:49:08,538 INFO  - Received event: 534000 (at simulation time IntraVehicleMsg)
2025-05-28 00:49:08,549 INFO  - Sent message to others cars = 'veh_97 | CartesianPoint{x=133.30,y=528.47,z=0.00}' (at simulation time 535.000,000,000 s)
2025-05-28 00:49:08,625 INFO  - Received event: 535000 (at simulation time IntraVehicleMsg)
2025-05-28 00:49:08,630 INFO  - Sent message to others cars = 'veh_97 | CartesianPoint{x=133.30,y=528.47,z=0.00}' (at simulation time 536.000,000,000 s)
2025-05-28 00:49:08,700 INFO  - Received event: 536000 (at simulation time IntraVehicleMsg)
2025-05-28 00:49:08,702 INFO  - Sent message to others cars = 'veh_97 | CartesianPoint{x=133.30,y=528.47,z=0.00}' (at simulation time 537.000,000,000 s)
2025-05-28 00:49:08,767 INFO  - Received event: 537000 (at simulation time IntraVehicleMsg)
2025-05-28 00:49:08,769 INFO  - Sent message to others cars = 'veh_97 | CartesianPoint{x=133.30,y=528.47,z=0.00}' (at simulation time 538.000,000,000 s)
2025-05-28 00:49:08,832 INFO  - Received event: 538000 (at simulation time IntraVehicleMsg)
2025-05-28 00:49:08,834 INFO  - Sent message to others cars = 'veh_97 | CartesianPoint{x=133.30,y=528.47,z=0.00}' (at simulation time 539.000,000,000 s)
2025-05-28 00:49:08,896 INFO  - Received event: 539000 (at simulation time IntraVehicleMsg)
2025-05-28 00:49:08,899 INFO  - Sent message to others cars = 'veh_97 | CartesianPoint{x=133.30,y=528.47,z=0.00}' (at simulation time 540.000,000,000 s)
2025-05-28 00:49:08,967 INFO  - Received event: 540000 (at simulation time IntraVehicleMsg)
2025-05-28 00:49:08,984 INFO  - Sent message to others cars = 'veh_97 | CartesianPoint{x=133.30,y=528.47,z=0.00}' (at simulation time 541.000,000,000 s)
2025-05-28 00:49:09,047 INFO  - Received event: 541000 (at simulation time IntraVehicleMsg)
2025-05-28 00:49:09,050 INFO  - Sent message to others cars = 'veh_97 | CartesianPoint{x=133.30,y=528.47,z=0.00}' (at simulation time 542.000,000,000 s)
2025-05-28 00:49:09,113 INFO  - Received event: 542000 (at simulation time IntraVehicleMsg)
2025-05-28 00:49:09,116 INFO  - Sent message to others cars = 'veh_97 | CartesianPoint{x=133.30,y=528.47,z=0.00}' (at simulation time 543.000,000,000 s)
2025-05-28 00:49:09,178 INFO  - Received event: 543000 (at simulation time IntraVehicleMsg)
2025-05-28 00:49:09,181 INFO  - Sent message to others cars = 'veh_97 | CartesianPoint{x=133.30,y=528.47,z=0.00}' (at simulation time 544.000,000,000 s)
2025-05-28 00:49:09,237 INFO  - Received event: 544000 (at simulation time IntraVehicleMsg)
2025-05-28 00:49:09,239 INFO  - Sent message to others cars = 'veh_97 | CartesianPoint{x=133.30,y=528.47,z=0.00}' (at simulation time 545.000,000,000 s)
2025-05-28 00:49:09,297 INFO  - Received event: 545000 (at simulation time IntraVehicleMsg)
2025-05-28 00:49:09,299 INFO  - Sent message to others cars = 'veh_97 | CartesianPoint{x=133.30,y=528.47,z=0.00}' (at simulation time 546.000,000,000 s)
2025-05-28 00:49:09,356 INFO  - Received event: 546000 (at simulation time IntraVehicleMsg)
2025-05-28 00:49:09,358 INFO  - Sent message to others cars = 'veh_97 | CartesianPoint{x=133.30,y=528.47,z=0.00}' (at simulation time 547.000,000,000 s)
2025-05-28 00:49:09,409 INFO  - Received event: 547000 (at simulation time IntraVehicleMsg)
2025-05-28 00:49:09,411 INFO  - Sent message to others cars = 'veh_97 | CartesianPoint{x=133.30,y=528.47,z=0.00}' (at simulation time 548.000,000,000 s)
2025-05-28 00:49:09,467 INFO  - Received event: 548000 (at simulation time IntraVehicleMsg)
2025-05-28 00:49:09,477 INFO  - Sent message to others cars = 'veh_97 | CartesianPoint{x=133.30,y=528.47,z=0.00}' (at simulation time 549.000,000,000 s)
2025-05-28 00:49:09,535 INFO  - Received event: 549000 (at simulation time IntraVehicleMsg)
2025-05-28 00:49:09,542 INFO  - Sent message to others cars = 'veh_97 | CartesianPoint{x=133.30,y=528.47,z=0.00}' (at simulation time 550.000,000,000 s)
2025-05-28 00:49:09,589 INFO  - Received event: 550000 (at simulation time IntraVehicleMsg)
2025-05-28 00:49:09,591 INFO  - Sent message to others cars = 'veh_97 | CartesianPoint{x=133.30,y=528.47,z=0.00}' (at simulation time 551.000,000,000 s)
2025-05-28 00:49:09,628 INFO  - Received event: 551000 (at simulation time IntraVehicleMsg)
2025-05-28 00:49:09,635 INFO  - Sent message to others cars = 'veh_97 | CartesianPoint{x=133.30,y=528.47,z=0.00}' (at simulation time 552.000,000,000 s)
2025-05-28 00:49:09,674 INFO  - Received event: 552000 (at simulation time IntraVehicleMsg)
2025-05-28 00:49:09,676 INFO  - Sent message to others cars = 'veh_97 | CartesianPoint{x=133.30,y=528.47,z=0.00}' (at simulation time 553.000,000,000 s)
2025-05-28 00:49:09,715 INFO  - Received event: 553000 (at simulation time IntraVehicleMsg)
2025-05-28 00:49:09,717 INFO  - Sent message to others cars = 'veh_97 | CartesianPoint{x=133.30,y=528.47,z=0.00}' (at simulation time 554.000,000,000 s)
2025-05-28 00:49:09,763 INFO  - Received event: 554000 (at simulation time IntraVehicleMsg)
2025-05-28 00:49:09,765 INFO  - Sent message to others cars = 'veh_97 | CartesianPoint{x=133.30,y=528.47,z=0.00}' (at simulation time 555.000,000,000 s)
2025-05-28 00:49:09,807 INFO  - Received event: 555000 (at simulation time IntraVehicleMsg)
2025-05-28 00:49:09,811 INFO  - Sent message to others cars = 'veh_97 | CartesianPoint{x=133.30,y=528.47,z=0.00}' (at simulation time 556.000,000,000 s)
2025-05-28 00:49:09,852 INFO  - Received event: 556000 (at simulation time IntraVehicleMsg)
2025-05-28 00:49:09,854 INFO  - Sent message to others cars = 'veh_97 | CartesianPoint{x=133.30,y=528.47,z=0.00}' (at simulation time 557.000,000,000 s)
2025-05-28 00:49:09,900 INFO  - Received event: 557000 (at simulation time IntraVehicleMsg)
2025-05-28 00:49:09,907 INFO  - Sent message to others cars = 'veh_97 | CartesianPoint{x=133.30,y=528.47,z=0.00}' (at simulation time 558.000,000,000 s)
2025-05-28 00:49:09,950 INFO  - Received event: 558000 (at simulation time IntraVehicleMsg)
2025-05-28 00:49:09,952 INFO  - Sent message to others cars = 'veh_97 | CartesianPoint{x=133.30,y=528.47,z=0.00}' (at simulation time 559.000,000,000 s)
2025-05-28 00:49:09,993 INFO  - Received event: 559000 (at simulation time IntraVehicleMsg)
2025-05-28 00:49:09,996 INFO  - Sent message to others cars = 'veh_97 | CartesianPoint{x=133.30,y=528.47,z=0.00}' (at simulation time 560.000,000,000 s)
2025-05-28 00:49:10,036 INFO  - Received event: 560000 (at simulation time IntraVehicleMsg)
2025-05-28 00:49:10,039 INFO  - Sent message to others cars = 'veh_97 | CartesianPoint{x=133.30,y=528.47,z=0.00}' (at simulation time 561.000,000,000 s)
2025-05-28 00:49:10,080 INFO  - Received event: 561000 (at simulation time IntraVehicleMsg)
2025-05-28 00:49:10,086 INFO  - Sent message to others cars = 'veh_97 | CartesianPoint{x=133.30,y=528.47,z=0.00}' (at simulation time 562.000,000,000 s)
2025-05-28 00:49:10,129 INFO  - Received event: 562000 (at simulation time IntraVehicleMsg)
2025-05-28 00:49:10,132 INFO  - Sent message to others cars = 'veh_97 | CartesianPoint{x=133.30,y=528.47,z=0.00}' (at simulation time 563.000,000,000 s)
2025-05-28 00:49:10,175 INFO  - Received event: 563000 (at simulation time IntraVehicleMsg)
2025-05-28 00:49:10,177 INFO  - Sent message to others cars = 'veh_97 | CartesianPoint{x=133.30,y=528.47,z=0.00}' (at simulation time 564.000,000,000 s)
2025-05-28 00:49:10,221 INFO  - Received event: 564000 (at simulation time IntraVehicleMsg)
2025-05-28 00:49:10,224 INFO  - Sent message to others cars = 'veh_97 | CartesianPoint{x=133.30,y=528.47,z=0.00}' (at simulation time 565.000,000,000 s)
2025-05-28 00:49:10,270 INFO  - Received event: 565000 (at simulation time IntraVehicleMsg)
2025-05-28 00:49:10,272 INFO  - Sent message to others cars = 'veh_97 | CartesianPoint{x=133.30,y=528.47,z=0.00}' (at simulation time 566.000,000,000 s)
2025-05-28 00:49:10,319 INFO  - Received event: 566000 (at simulation time IntraVehicleMsg)
2025-05-28 00:49:10,322 INFO  - Sent message to others cars = 'veh_97 | CartesianPoint{x=133.30,y=528.47,z=0.00}' (at simulation time 567.000,000,000 s)
2025-05-28 00:49:10,370 INFO  - Received event: 567000 (at simulation time IntraVehicleMsg)
2025-05-28 00:49:10,372 INFO  - Sent message to others cars = 'veh_97 | CartesianPoint{x=133.30,y=528.47,z=0.00}' (at simulation time 568.000,000,000 s)
2025-05-28 00:49:10,422 INFO  - Received event: 568000 (at simulation time IntraVehicleMsg)
2025-05-28 00:49:10,425 INFO  - Sent message to others cars = 'veh_97 | CartesianPoint{x=133.30,y=528.47,z=0.00}' (at simulation time 569.000,000,000 s)
2025-05-28 00:49:10,475 INFO  - Received event: 569000 (at simulation time IntraVehicleMsg)
2025-05-28 00:49:10,478 INFO  - Sent message to others cars = 'veh_97 | CartesianPoint{x=133.30,y=528.47,z=0.00}' (at simulation time 570.000,000,000 s)
2025-05-28 00:49:10,529 INFO  - Received event: 570000 (at simulation time IntraVehicleMsg)
2025-05-28 00:49:10,541 INFO  - Sent message to others cars = 'veh_97 | CartesianPoint{x=133.30,y=528.47,z=0.00}' (at simulation time 571.000,000,000 s)
2025-05-28 00:49:10,592 INFO  - Received event: 571000 (at simulation time IntraVehicleMsg)
2025-05-28 00:49:10,599 INFO  - Sent message to others cars = 'veh_97 | CartesianPoint{x=133.30,y=528.47,z=0.00}' (at simulation time 572.000,000,000 s)
2025-05-28 00:49:10,652 INFO  - Received event: 572000 (at simulation time IntraVehicleMsg)
2025-05-28 00:49:10,655 INFO  - Sent message to others cars = 'veh_97 | CartesianPoint{x=133.30,y=528.47,z=0.00}' (at simulation time 573.000,000,000 s)
2025-05-28 00:49:10,707 INFO  - Received event: 573000 (at simulation time IntraVehicleMsg)
2025-05-28 00:49:10,710 INFO  - Sent message to others cars = 'veh_97 | CartesianPoint{x=133.30,y=528.47,z=0.00}' (at simulation time 574.000,000,000 s)
2025-05-28 00:49:10,765 INFO  - Received event: 574000 (at simulation time IntraVehicleMsg)
2025-05-28 00:49:10,769 INFO  - Sent message to others cars = 'veh_97 | CartesianPoint{x=133.30,y=528.47,z=0.00}' (at simulation time 575.000,000,000 s)
2025-05-28 00:49:10,824 INFO  - Received event: 575000 (at simulation time IntraVehicleMsg)
2025-05-28 00:49:10,831 INFO  - Sent message to others cars = 'veh_97 | CartesianPoint{x=133.30,y=528.47,z=0.00}' (at simulation time 576.000,000,000 s)
2025-05-28 00:49:10,889 INFO  - Received event: 576000 (at simulation time IntraVehicleMsg)
2025-05-28 00:49:10,895 INFO  - Sent message to others cars = 'veh_97 | CartesianPoint{x=135.06,y=528.45,z=0.00}' (at simulation time 577.000,000,000 s)
2025-05-28 00:49:10,947 INFO  - Received event: 577000 (at simulation time IntraVehicleMsg)
2025-05-28 00:49:10,950 INFO  - Sent message to others cars = 'veh_97 | CartesianPoint{x=138.64,y=528.43,z=0.00}' (at simulation time 578.000,000,000 s)
2025-05-28 00:49:11,006 INFO  - Received event: 578000 (at simulation time IntraVehicleMsg)
2025-05-28 00:49:11,010 INFO  - Sent message to others cars = 'veh_97 | CartesianPoint{x=144.31,y=528.39,z=0.00}' (at simulation time 579.000,000,000 s)
2025-05-28 00:49:11,070 INFO  - Received event: 579000 (at simulation time IntraVehicleMsg)
2025-05-28 00:49:11,074 INFO  - Sent message to others cars = 'veh_97 | CartesianPoint{x=151.53,y=528.38,z=0.00}' (at simulation time 580.000,000,000 s)
2025-05-28 00:49:11,133 INFO  - Received event: 580000 (at simulation time IntraVehicleMsg)
2025-05-28 00:49:11,136 INFO  - Sent message to others cars = 'veh_97 | CartesianPoint{x=159.09,y=528.43,z=0.00}' (at simulation time 581.000,000,000 s)
2025-05-28 00:49:11,196 INFO  - Received event: 581000 (at simulation time IntraVehicleMsg)
2025-05-28 00:49:11,203 INFO  - Sent message to others cars = 'veh_97 | CartesianPoint{x=167.18,y=528.49,z=0.00}' (at simulation time 582.000,000,000 s)
2025-05-28 00:49:11,268 INFO  - Received event: 582000 (at simulation time IntraVehicleMsg)
2025-05-28 00:49:11,271 INFO  - Sent message to others cars = 'veh_97 | CartesianPoint{x=174.39,y=528.54,z=0.00}' (at simulation time 583.000,000,000 s)
2025-05-28 00:49:11,333 INFO  - Received event: 583000 (at simulation time IntraVehicleMsg)
2025-05-28 00:49:11,336 INFO  - Sent message to others cars = 'veh_97 | CartesianPoint{x=181.43,y=528.59,z=0.00}' (at simulation time 584.000,000,000 s)
2025-05-28 00:49:11,399 INFO  - Received event: 584000 (at simulation time IntraVehicleMsg)
2025-05-28 00:49:11,402 INFO  - Sent message to others cars = 'veh_97 | CartesianPoint{x=188.48,y=528.64,z=0.00}' (at simulation time 585.000,000,000 s)
2025-05-28 00:49:11,465 INFO  - Received event: 585000 (at simulation time IntraVehicleMsg)
2025-05-28 00:49:11,468 INFO  - Sent message to others cars = 'veh_97 | CartesianPoint{x=196.25,y=528.69,z=0.00}' (at simulation time 586.000,000,000 s)
2025-05-28 00:49:11,537 INFO  - Received event: 586000 (at simulation time IntraVehicleMsg)
2025-05-28 00:49:11,543 INFO  - Sent message to others cars = 'veh_97 | CartesianPoint{x=204.31,y=528.75,z=0.00}' (at simulation time 587.000,000,000 s)
2025-05-28 00:49:11,608 INFO  - Received event: 587000 (at simulation time IntraVehicleMsg)
2025-05-28 00:49:11,616 INFO  - Sent message to others cars = 'veh_97 | CartesianPoint{x=211.87,y=528.80,z=0.00}' (at simulation time 588.000,000,000 s)
2025-05-28 00:49:11,684 INFO  - Received event: 588000 (at simulation time IntraVehicleMsg)
2025-05-28 00:49:11,688 INFO  - Sent message to others cars = 'veh_97 | CartesianPoint{x=215.68,y=528.82,z=0.00}' (at simulation time 589.000,000,000 s)
2025-05-28 00:49:11,755 INFO  - Received event: 589000 (at simulation time IntraVehicleMsg)
2025-05-28 00:49:11,759 INFO  - Sent message to others cars = 'veh_97 | CartesianPoint{x=221.50,y=528.83,z=0.00}' (at simulation time 590.000,000,000 s)
2025-05-28 00:49:11,826 INFO  - Received event: 590000 (at simulation time IntraVehicleMsg)
2025-05-28 00:49:11,830 INFO  - Sent message to others cars = 'veh_97 | CartesianPoint{x=229.28,y=528.84,z=0.00}' (at simulation time 591.000,000,000 s)
2025-05-28 00:49:11,904 INFO  - Received event: 591000 (at simulation time IntraVehicleMsg)
2025-05-28 00:49:11,908 INFO  - Sent message to others cars = 'veh_97 | CartesianPoint{x=237.19,y=528.83,z=0.00}' (at simulation time 592.000,000,000 s)
2025-05-28 00:49:11,978 INFO  - Received event: 592000 (at simulation time IntraVehicleMsg)
2025-05-28 00:49:11,985 INFO  - Sent message to others cars = 'veh_97 | CartesianPoint{x=245.28,y=528.81,z=0.00}' (at simulation time 593.000,000,000 s)
2025-05-28 00:49:12,062 INFO  - Received event: 593000 (at simulation time IntraVehicleMsg)
2025-05-28 00:49:12,066 INFO  - Sent message to others cars = 'veh_97 | CartesianPoint{x=252.48,y=528.80,z=0.00}' (at simulation time 594.000,000,000 s)
2025-05-28 00:49:12,148 INFO  - Received event: 594000 (at simulation time IntraVehicleMsg)
2025-05-28 00:49:12,152 INFO  - Sent message to others cars = 'veh_97 | CartesianPoint{x=260.22,y=528.78,z=0.00}' (at simulation time 595.000,000,000 s)
2025-05-28 00:49:12,232 INFO  - Received event: 595000 (at simulation time IntraVehicleMsg)
2025-05-28 00:49:12,236 INFO  - Sent message to others cars = 'veh_97 | CartesianPoint{x=268.42,y=528.77,z=0.00}' (at simulation time 596.000,000,000 s)
2025-05-28 00:49:12,318 INFO  - Received event: 596000 (at simulation time IntraVehicleMsg)
2025-05-28 00:49:12,332 INFO  - Sent message to others cars = 'veh_97 | CartesianPoint{x=275.84,y=528.76,z=0.00}' (at simulation time 597.000,000,000 s)
2025-05-28 00:49:12,412 INFO  - Received event: 597000 (at simulation time IntraVehicleMsg)
2025-05-28 00:49:12,416 INFO  - Sent message to others cars = 'veh_97 | CartesianPoint{x=283.50,y=528.75,z=0.00}' (at simulation time 598.000,000,000 s)
2025-05-28 00:49:12,496 INFO  - Received event: 598000 (at simulation time IntraVehicleMsg)
2025-05-28 00:49:12,501 INFO  - Sent message to others cars = 'veh_97 | CartesianPoint{x=290.92,y=528.74,z=0.00}' (at simulation time 599.000,000,000 s)
2025-05-28 00:49:12,585 INFO  - Received event: 599000 (at simulation time IntraVehicleMsg)
2025-05-28 00:49:12,589 INFO  - Sent message to others cars = 'veh_97 | CartesianPoint{x=298.33,y=528.73,z=0.00}' (at simulation time 600.000,000,000 s)
2025-05-28 00:49:12,672 INFO  - Received event: 600000 (at simulation time IntraVehicleMsg)
2025-05-28 00:49:12,675 INFO  - Sent message to others cars = 'veh_97 | CartesianPoint{x=305.55,y=528.72,z=0.00}' (at simulation time 601.000,000,000 s)
2025-05-28 00:49:12,761 INFO  - Received event: 601000 (at simulation time IntraVehicleMsg)
2025-05-28 00:49:12,765 INFO  - Sent message to others cars = 'veh_97 | CartesianPoint{x=313.35,y=528.71,z=0.00}' (at simulation time 602.000,000,000 s)
2025-05-28 00:49:12,851 INFO  - Received event: 602000 (at simulation time IntraVehicleMsg)
2025-05-28 00:49:12,858 INFO  - Sent message to others cars = 'veh_97 | CartesianPoint{x=320.56,y=528.70,z=0.00}' (at simulation time 603.000,000,000 s)
2025-05-28 00:49:12,947 INFO  - Received event: 603000 (at simulation time IntraVehicleMsg)
2025-05-28 00:49:12,951 INFO  - Sent message to others cars = 'veh_97 | CartesianPoint{x=327.74,y=528.70,z=0.00}' (at simulation time 604.000,000,000 s)
2025-05-28 00:49:13,038 INFO  - Received event: 604000 (at simulation time IntraVehicleMsg)
2025-05-28 00:49:13,042 INFO  - Sent message to others cars = 'veh_97 | CartesianPoint{x=334.63,y=528.69,z=0.00}' (at simulation time 605.000,000,000 s)
2025-05-28 00:49:13,139 INFO  - Received event: 605000 (at simulation time IntraVehicleMsg)
2025-05-28 00:49:13,143 INFO  - Sent message to others cars = 'veh_97 | CartesianPoint{x=341.91,y=528.68,z=0.00}' (at simulation time 606.000,000,000 s)
2025-05-28 00:49:13,232 INFO  - Received event: 606000 (at simulation time IntraVehicleMsg)
2025-05-28 00:49:13,235 INFO  - Sent message to others cars = 'veh_97 | CartesianPoint{x=349.66,y=528.67,z=0.00}' (at simulation time 607.000,000,000 s)
2025-05-28 00:49:13,328 INFO  - Received event: 607000 (at simulation time IntraVehicleMsg)
2025-05-28 00:49:13,342 INFO  - ------------------------------------------------------------------------------------- (at simulation time 608.000,000,000 s)
2025-05-28 00:49:13,342 INFO  - Shutdown application (at simulation time 608.000,000,000 s)
2025-05-28 00:49:13,342 INFO  - ------------------------------------------------------------------------------------- (at simulation time 608.000,000,000 s)
