2025-05-28 00:19:59,489 INFO  - ------------------------------------------------------------------------------------- (at simulation time 408.000,000,000 s)
2025-05-28 00:19:59,489 INFO  - Initialize veh_79 application (at simulation time 408.000,000,000 s)
2025-05-28 00:19:59,490 INFO  - Activated WLAN Module (at simulation time 408.000,000,000 s)
2025-05-28 00:19:59,490 INFO  - ACK = false (at simulation time 408.000,000,000 s)
2025-05-28 00:19:59,490 INFO  - ------------------------------------------------------------------------------------- (at simulation time 408.000,000,000 s)
2025-05-28 00:19:59,490 INFO  - ------------------------------------------------------------------------------------- (at simulation time 408.000,000,000 s)
2025-05-28 00:19:59,490 INFO  - My Route = r_1 (at simulation time 408.000,000,000 s)
2025-05-28 00:19:59,490 INFO  - distance to RSU = 135.2218317847241 (at simulation time 408.000,000,000 s)
2025-05-28 00:19:59,490 INFO  - ------------------------------------------------------------------------------------- (at simulation time 408.000,000,000 s)
2025-05-28 00:19:59,490 INFO  - I have no neighbours to send! (at simulation time 408.000,000,000 s)
2025-05-28 00:19:59,490 INFO  - ------------------------------------------------------------------------------------- (at simulation time 408.000,000,000 s)
2025-05-28 00:19:59,490 INFO  - Tried sending message to other car (at simulation time 408.000,000,000 s)
2025-05-28 00:19:59,490 INFO  - ACK = false (at simulation time 408.000,000,000 s)
2025-05-28 00:19:59,490 INFO  - ------------------------------------------------------------------------------------- (at simulation time 408.000,000,000 s)
2025-05-28 00:19:59,586 INFO  - ------------------------------------------------------------------------------------- (at simulation time 408.000,000,010 s)
2025-05-28 00:19:59,587 INFO  - Processing event (at simulation time 408.000,000,010 s)
2025-05-28 00:19:59,587 INFO  - ------------------------------------------------------------------------------------- (at simulation time 408.000,000,010 s)
2025-05-28 00:19:59,587 INFO  - My Route = r_1 (at simulation time 408.000,000,010 s)
2025-05-28 00:19:59,587 INFO  - distance to RSU = 135.2218317847241 (at simulation time 408.000,000,010 s)
2025-05-28 00:19:59,587 INFO  - ------------------------------------------------------------------------------------- (at simulation time 408.000,000,010 s)
2025-05-28 00:19:59,587 INFO  - I have no neighbours to send! (at simulation time 408.000,000,010 s)
2025-05-28 00:19:59,587 INFO  - ------------------------------------------------------------------------------------- (at simulation time 408.000,000,010 s)
2025-05-28 00:19:59,587 INFO  - Tried sending message to other car (at simulation time 408.000,000,010 s)
2025-05-28 00:19:59,587 INFO  - ACK = false (at simulation time 408.000,000,010 s)
2025-05-28 00:19:59,587 INFO  - ------------------------------------------------------------------------------------- (at simulation time 408.000,000,010 s)
2025-05-28 00:19:59,587 INFO  - ------------------------------------------------------------------------------------- (at simulation time 408.000,000,010 s)
2025-05-28 00:19:59,591 INFO  - ------------------------------------------------------------------------------------- (at simulation time 409.000,000,000 s)
2025-05-28 00:19:59,591 INFO  - My Route = r_1 (at simulation time 409.000,000,000 s)
2025-05-28 00:19:59,591 INFO  - distance to RSU = 128.38770200150327 (at simulation time 409.000,000,000 s)
2025-05-28 00:19:59,591 INFO  - ------------------------------------------------------------------------------------- (at simulation time 409.000,000,000 s)
2025-05-28 00:19:59,591 INFO  - I have no neighbours to send! (at simulation time 409.000,000,000 s)
2025-05-28 00:19:59,591 INFO  - ------------------------------------------------------------------------------------- (at simulation time 409.000,000,000 s)
2025-05-28 00:19:59,591 INFO  - Tried sending message to other car (at simulation time 409.000,000,000 s)
2025-05-28 00:19:59,591 INFO  - ACK = false (at simulation time 409.000,000,000 s)
2025-05-28 00:19:59,591 INFO  - ------------------------------------------------------------------------------------- (at simulation time 409.000,000,000 s)
2025-05-28 00:19:59,591 INFO  - ------------------------------------------------------------------------------------- (at simulation time 409.000,000,000 s)
2025-05-28 00:19:59,591 INFO  - Processing event (at simulation time 409.000,000,000 s)
2025-05-28 00:19:59,591 INFO  - ------------------------------------------------------------------------------------- (at simulation time 409.000,000,000 s)
2025-05-28 00:19:59,591 INFO  - My Route = r_1 (at simulation time 409.000,000,000 s)
2025-05-28 00:19:59,591 INFO  - distance to RSU = 128.38770200150327 (at simulation time 409.000,000,000 s)
2025-05-28 00:19:59,591 INFO  - ------------------------------------------------------------------------------------- (at simulation time 409.000,000,000 s)
2025-05-28 00:19:59,591 INFO  - I have no neighbours to send! (at simulation time 409.000,000,000 s)
2025-05-28 00:19:59,591 INFO  - ------------------------------------------------------------------------------------- (at simulation time 409.000,000,000 s)
2025-05-28 00:19:59,591 INFO  - Tried sending message to other car (at simulation time 409.000,000,000 s)
2025-05-28 00:19:59,591 INFO  - ACK = false (at simulation time 409.000,000,000 s)
2025-05-28 00:19:59,591 INFO  - ------------------------------------------------------------------------------------- (at simulation time 409.000,000,000 s)
2025-05-28 00:19:59,591 INFO  - ------------------------------------------------------------------------------------- (at simulation time 409.000,000,000 s)
2025-05-28 00:19:59,684 INFO  - ------------------------------------------------------------------------------------- (at simulation time 409.000,000,010 s)
2025-05-28 00:19:59,684 INFO  - Processing event (at simulation time 409.000,000,010 s)
2025-05-28 00:19:59,684 INFO  - ------------------------------------------------------------------------------------- (at simulation time 409.000,000,010 s)
2025-05-28 00:19:59,684 INFO  - My Route = r_1 (at simulation time 409.000,000,010 s)
2025-05-28 00:19:59,684 INFO  - distance to RSU = 128.38770200150327 (at simulation time 409.000,000,010 s)
2025-05-28 00:19:59,684 INFO  - ------------------------------------------------------------------------------------- (at simulation time 409.000,000,010 s)
2025-05-28 00:19:59,684 INFO  - I have no neighbours to send! (at simulation time 409.000,000,010 s)
2025-05-28 00:19:59,684 INFO  - ------------------------------------------------------------------------------------- (at simulation time 409.000,000,010 s)
2025-05-28 00:19:59,684 INFO  - Tried sending message to other car (at simulation time 409.000,000,010 s)
2025-05-28 00:19:59,684 INFO  - ACK = false (at simulation time 409.000,000,010 s)
2025-05-28 00:19:59,684 INFO  - ------------------------------------------------------------------------------------- (at simulation time 409.000,000,010 s)
2025-05-28 00:19:59,684 INFO  - ------------------------------------------------------------------------------------- (at simulation time 409.000,000,010 s)
2025-05-28 00:19:59,686 INFO  - ------------------------------------------------------------------------------------- (at simulation time 409.000,000,010 s)
2025-05-28 00:19:59,686 INFO  - Processing event (at simulation time 409.000,000,010 s)
2025-05-28 00:19:59,686 INFO  - ------------------------------------------------------------------------------------- (at simulation time 409.000,000,010 s)
2025-05-28 00:19:59,686 INFO  - My Route = r_1 (at simulation time 409.000,000,010 s)
2025-05-28 00:19:59,686 INFO  - distance to RSU = 128.38770200150327 (at simulation time 409.000,000,010 s)
2025-05-28 00:19:59,686 INFO  - ------------------------------------------------------------------------------------- (at simulation time 409.000,000,010 s)
2025-05-28 00:19:59,686 INFO  - I have no neighbours to send! (at simulation time 409.000,000,010 s)
2025-05-28 00:19:59,686 INFO  - ------------------------------------------------------------------------------------- (at simulation time 409.000,000,010 s)
2025-05-28 00:19:59,686 INFO  - Tried sending message to other car (at simulation time 409.000,000,010 s)
2025-05-28 00:19:59,686 INFO  - ACK = false (at simulation time 409.000,000,010 s)
2025-05-28 00:19:59,686 INFO  - ------------------------------------------------------------------------------------- (at simulation time 409.000,000,010 s)
2025-05-28 00:19:59,686 INFO  - ------------------------------------------------------------------------------------- (at simulation time 409.000,000,010 s)
2025-05-28 00:19:59,689 INFO  - ------------------------------------------------------------------------------------- (at simulation time 410.000,000,000 s)
2025-05-28 00:19:59,689 INFO  - My Route = r_1 (at simulation time 410.000,000,000 s)
2025-05-28 00:19:59,689 INFO  - distance to RSU = 121.38822470444742 (at simulation time 410.000,000,000 s)
2025-05-28 00:19:59,689 INFO  - ------------------------------------------------------------------------------------- (at simulation time 410.000,000,000 s)
2025-05-28 00:19:59,689 INFO  - I have no neighbours to send! (at simulation time 410.000,000,000 s)
2025-05-28 00:19:59,689 INFO  - ------------------------------------------------------------------------------------- (at simulation time 410.000,000,000 s)
2025-05-28 00:19:59,689 INFO  - Tried sending message to other car (at simulation time 410.000,000,000 s)
2025-05-28 00:19:59,689 INFO  - ACK = false (at simulation time 410.000,000,000 s)
2025-05-28 00:19:59,689 INFO  - ------------------------------------------------------------------------------------- (at simulation time 410.000,000,000 s)
2025-05-28 00:19:59,690 INFO  - ------------------------------------------------------------------------------------- (at simulation time 410.000,000,000 s)
2025-05-28 00:19:59,690 INFO  - Processing event (at simulation time 410.000,000,000 s)
2025-05-28 00:19:59,690 INFO  - ------------------------------------------------------------------------------------- (at simulation time 410.000,000,000 s)
2025-05-28 00:19:59,690 INFO  - My Route = r_1 (at simulation time 410.000,000,000 s)
2025-05-28 00:19:59,690 INFO  - distance to RSU = 121.38822470444742 (at simulation time 410.000,000,000 s)
2025-05-28 00:19:59,690 INFO  - ------------------------------------------------------------------------------------- (at simulation time 410.000,000,000 s)
2025-05-28 00:19:59,690 INFO  - I have no neighbours to send! (at simulation time 410.000,000,000 s)
2025-05-28 00:19:59,690 INFO  - ------------------------------------------------------------------------------------- (at simulation time 410.000,000,000 s)
2025-05-28 00:19:59,690 INFO  - Tried sending message to other car (at simulation time 410.000,000,000 s)
2025-05-28 00:19:59,690 INFO  - ACK = false (at simulation time 410.000,000,000 s)
2025-05-28 00:19:59,690 INFO  - ------------------------------------------------------------------------------------- (at simulation time 410.000,000,000 s)
2025-05-28 00:19:59,690 INFO  - ------------------------------------------------------------------------------------- (at simulation time 410.000,000,000 s)
2025-05-28 00:19:59,690 INFO  - ------------------------------------------------------------------------------------- (at simulation time 410.000,000,000 s)
2025-05-28 00:19:59,690 INFO  - Processing event (at simulation time 410.000,000,000 s)
2025-05-28 00:19:59,690 INFO  - ------------------------------------------------------------------------------------- (at simulation time 410.000,000,000 s)
2025-05-28 00:19:59,690 INFO  - My Route = r_1 (at simulation time 410.000,000,000 s)
2025-05-28 00:19:59,690 INFO  - distance to RSU = 121.38822470444742 (at simulation time 410.000,000,000 s)
2025-05-28 00:19:59,690 INFO  - ------------------------------------------------------------------------------------- (at simulation time 410.000,000,000 s)
2025-05-28 00:19:59,690 INFO  - I have no neighbours to send! (at simulation time 410.000,000,000 s)
2025-05-28 00:19:59,690 INFO  - ------------------------------------------------------------------------------------- (at simulation time 410.000,000,000 s)
2025-05-28 00:19:59,690 INFO  - Tried sending message to other car (at simulation time 410.000,000,000 s)
2025-05-28 00:19:59,690 INFO  - ACK = false (at simulation time 410.000,000,000 s)
2025-05-28 00:19:59,690 INFO  - ------------------------------------------------------------------------------------- (at simulation time 410.000,000,000 s)
2025-05-28 00:19:59,690 INFO  - ------------------------------------------------------------------------------------- (at simulation time 410.000,000,000 s)
2025-05-28 00:19:59,782 INFO  - ------------------------------------------------------------------------------------- (at simulation time 410.000,000,010 s)
2025-05-28 00:19:59,782 INFO  - Processing event (at simulation time 410.000,000,010 s)
2025-05-28 00:19:59,782 INFO  - ------------------------------------------------------------------------------------- (at simulation time 410.000,000,010 s)
2025-05-28 00:19:59,782 INFO  - My Route = r_1 (at simulation time 410.000,000,010 s)
2025-05-28 00:19:59,782 INFO  - distance to RSU = 121.38822470444742 (at simulation time 410.000,000,010 s)
2025-05-28 00:19:59,782 INFO  - ------------------------------------------------------------------------------------- (at simulation time 410.000,000,010 s)
2025-05-28 00:19:59,782 INFO  - I have no neighbours to send! (at simulation time 410.000,000,010 s)
2025-05-28 00:19:59,782 INFO  - ------------------------------------------------------------------------------------- (at simulation time 410.000,000,010 s)
2025-05-28 00:19:59,782 INFO  - Tried sending message to other car (at simulation time 410.000,000,010 s)
2025-05-28 00:19:59,782 INFO  - ACK = false (at simulation time 410.000,000,010 s)
2025-05-28 00:19:59,782 INFO  - ------------------------------------------------------------------------------------- (at simulation time 410.000,000,010 s)
2025-05-28 00:19:59,782 INFO  - ------------------------------------------------------------------------------------- (at simulation time 410.000,000,010 s)
2025-05-28 00:19:59,783 INFO  - ------------------------------------------------------------------------------------- (at simulation time 410.000,000,010 s)
2025-05-28 00:19:59,783 INFO  - Processing event (at simulation time 410.000,000,010 s)
2025-05-28 00:19:59,783 INFO  - ------------------------------------------------------------------------------------- (at simulation time 410.000,000,010 s)
2025-05-28 00:19:59,783 INFO  - My Route = r_1 (at simulation time 410.000,000,010 s)
2025-05-28 00:19:59,783 INFO  - distance to RSU = 121.38822470444742 (at simulation time 410.000,000,010 s)
2025-05-28 00:19:59,783 INFO  - ------------------------------------------------------------------------------------- (at simulation time 410.000,000,010 s)
2025-05-28 00:19:59,783 INFO  - I have no neighbours to send! (at simulation time 410.000,000,010 s)
2025-05-28 00:19:59,783 INFO  - ------------------------------------------------------------------------------------- (at simulation time 410.000,000,010 s)
2025-05-28 00:19:59,783 INFO  - Tried sending message to other car (at simulation time 410.000,000,010 s)
2025-05-28 00:19:59,783 INFO  - ACK = false (at simulation time 410.000,000,010 s)
2025-05-28 00:19:59,783 INFO  - ------------------------------------------------------------------------------------- (at simulation time 410.000,000,010 s)
2025-05-28 00:19:59,783 INFO  - ------------------------------------------------------------------------------------- (at simulation time 410.000,000,010 s)
2025-05-28 00:19:59,784 INFO  - ------------------------------------------------------------------------------------- (at simulation time 410.000,000,010 s)
2025-05-28 00:19:59,784 INFO  - Processing event (at simulation time 410.000,000,010 s)
2025-05-28 00:19:59,784 INFO  - ------------------------------------------------------------------------------------- (at simulation time 410.000,000,010 s)
2025-05-28 00:19:59,784 INFO  - My Route = r_1 (at simulation time 410.000,000,010 s)
2025-05-28 00:19:59,784 INFO  - distance to RSU = 121.38822470444742 (at simulation time 410.000,000,010 s)
2025-05-28 00:19:59,784 INFO  - ------------------------------------------------------------------------------------- (at simulation time 410.000,000,010 s)
2025-05-28 00:19:59,784 INFO  - I have no neighbours to send! (at simulation time 410.000,000,010 s)
2025-05-28 00:19:59,784 INFO  - ------------------------------------------------------------------------------------- (at simulation time 410.000,000,010 s)
2025-05-28 00:19:59,784 INFO  - Tried sending message to other car (at simulation time 410.000,000,010 s)
2025-05-28 00:19:59,784 INFO  - ACK = false (at simulation time 410.000,000,010 s)
2025-05-28 00:19:59,784 INFO  - ------------------------------------------------------------------------------------- (at simulation time 410.000,000,010 s)
2025-05-28 00:19:59,784 INFO  - ------------------------------------------------------------------------------------- (at simulation time 410.000,000,010 s)
2025-05-28 00:19:59,793 INFO  - ------------------------------------------------------------------------------------- (at simulation time 411.000,000,000 s)
2025-05-28 00:19:59,793 INFO  - My Route = r_1 (at simulation time 411.000,000,000 s)
2025-05-28 00:19:59,793 INFO  - distance to RSU = 113.78381457370234 (at simulation time 411.000,000,000 s)
2025-05-28 00:19:59,793 INFO  - ------------------------------------------------------------------------------------- (at simulation time 411.000,000,000 s)
2025-05-28 00:19:59,793 INFO  - I have no neighbours to send! (at simulation time 411.000,000,000 s)
2025-05-28 00:19:59,793 INFO  - ------------------------------------------------------------------------------------- (at simulation time 411.000,000,000 s)
2025-05-28 00:19:59,793 INFO  - Tried sending message to other car (at simulation time 411.000,000,000 s)
2025-05-28 00:19:59,793 INFO  - ACK = false (at simulation time 411.000,000,000 s)
2025-05-28 00:19:59,793 INFO  - ------------------------------------------------------------------------------------- (at simulation time 411.000,000,000 s)
2025-05-28 00:19:59,793 INFO  - ------------------------------------------------------------------------------------- (at simulation time 411.000,000,000 s)
2025-05-28 00:19:59,793 INFO  - Processing event (at simulation time 411.000,000,000 s)
2025-05-28 00:19:59,793 INFO  - ------------------------------------------------------------------------------------- (at simulation time 411.000,000,000 s)
2025-05-28 00:19:59,793 INFO  - My Route = r_1 (at simulation time 411.000,000,000 s)
2025-05-28 00:19:59,793 INFO  - distance to RSU = 113.78381457370234 (at simulation time 411.000,000,000 s)
2025-05-28 00:19:59,793 INFO  - ------------------------------------------------------------------------------------- (at simulation time 411.000,000,000 s)
2025-05-28 00:19:59,793 INFO  - I have no neighbours to send! (at simulation time 411.000,000,000 s)
2025-05-28 00:19:59,793 INFO  - ------------------------------------------------------------------------------------- (at simulation time 411.000,000,000 s)
2025-05-28 00:19:59,793 INFO  - Tried sending message to other car (at simulation time 411.000,000,000 s)
2025-05-28 00:19:59,793 INFO  - ACK = false (at simulation time 411.000,000,000 s)
2025-05-28 00:19:59,793 INFO  - ------------------------------------------------------------------------------------- (at simulation time 411.000,000,000 s)
2025-05-28 00:19:59,793 INFO  - ------------------------------------------------------------------------------------- (at simulation time 411.000,000,000 s)
2025-05-28 00:19:59,794 INFO  - ------------------------------------------------------------------------------------- (at simulation time 411.000,000,000 s)
2025-05-28 00:19:59,794 INFO  - Processing event (at simulation time 411.000,000,000 s)
2025-05-28 00:19:59,794 INFO  - ------------------------------------------------------------------------------------- (at simulation time 411.000,000,000 s)
2025-05-28 00:19:59,794 INFO  - My Route = r_1 (at simulation time 411.000,000,000 s)
2025-05-28 00:19:59,794 INFO  - distance to RSU = 113.78381457370234 (at simulation time 411.000,000,000 s)
2025-05-28 00:19:59,794 INFO  - ------------------------------------------------------------------------------------- (at simulation time 411.000,000,000 s)
2025-05-28 00:19:59,794 INFO  - I have no neighbours to send! (at simulation time 411.000,000,000 s)
2025-05-28 00:19:59,794 INFO  - ------------------------------------------------------------------------------------- (at simulation time 411.000,000,000 s)
2025-05-28 00:19:59,794 INFO  - Tried sending message to other car (at simulation time 411.000,000,000 s)
2025-05-28 00:19:59,794 INFO  - ACK = false (at simulation time 411.000,000,000 s)
2025-05-28 00:19:59,794 INFO  - ------------------------------------------------------------------------------------- (at simulation time 411.000,000,000 s)
2025-05-28 00:19:59,794 INFO  - ------------------------------------------------------------------------------------- (at simulation time 411.000,000,000 s)
2025-05-28 00:19:59,794 INFO  - ------------------------------------------------------------------------------------- (at simulation time 411.000,000,000 s)
2025-05-28 00:19:59,794 INFO  - Processing event (at simulation time 411.000,000,000 s)
2025-05-28 00:19:59,794 INFO  - ------------------------------------------------------------------------------------- (at simulation time 411.000,000,000 s)
2025-05-28 00:19:59,794 INFO  - My Route = r_1 (at simulation time 411.000,000,000 s)
2025-05-28 00:19:59,794 INFO  - distance to RSU = 113.78381457370234 (at simulation time 411.000,000,000 s)
2025-05-28 00:19:59,794 INFO  - ------------------------------------------------------------------------------------- (at simulation time 411.000,000,000 s)
2025-05-28 00:19:59,794 INFO  - I have no neighbours to send! (at simulation time 411.000,000,000 s)
2025-05-28 00:19:59,794 INFO  - ------------------------------------------------------------------------------------- (at simulation time 411.000,000,000 s)
2025-05-28 00:19:59,794 INFO  - Tried sending message to other car (at simulation time 411.000,000,000 s)
2025-05-28 00:19:59,794 INFO  - ACK = false (at simulation time 411.000,000,000 s)
2025-05-28 00:19:59,794 INFO  - ------------------------------------------------------------------------------------- (at simulation time 411.000,000,000 s)
2025-05-28 00:19:59,794 INFO  - ------------------------------------------------------------------------------------- (at simulation time 411.000,000,000 s)
2025-05-28 00:19:59,879 INFO  - ------------------------------------------------------------------------------------- (at simulation time 411.000,000,010 s)
2025-05-28 00:19:59,879 INFO  - Processing event (at simulation time 411.000,000,010 s)
2025-05-28 00:19:59,879 INFO  - ------------------------------------------------------------------------------------- (at simulation time 411.000,000,010 s)
2025-05-28 00:19:59,879 INFO  - My Route = r_1 (at simulation time 411.000,000,010 s)
2025-05-28 00:19:59,879 INFO  - distance to RSU = 113.78381457370234 (at simulation time 411.000,000,010 s)
2025-05-28 00:19:59,879 INFO  - ------------------------------------------------------------------------------------- (at simulation time 411.000,000,010 s)
2025-05-28 00:19:59,879 INFO  - I have no neighbours to send! (at simulation time 411.000,000,010 s)
2025-05-28 00:19:59,879 INFO  - ------------------------------------------------------------------------------------- (at simulation time 411.000,000,010 s)
2025-05-28 00:19:59,879 INFO  - Tried sending message to other car (at simulation time 411.000,000,010 s)
2025-05-28 00:19:59,879 INFO  - ACK = false (at simulation time 411.000,000,010 s)
2025-05-28 00:19:59,879 INFO  - ------------------------------------------------------------------------------------- (at simulation time 411.000,000,010 s)
2025-05-28 00:19:59,879 INFO  - ------------------------------------------------------------------------------------- (at simulation time 411.000,000,010 s)
2025-05-28 00:19:59,880 INFO  - ------------------------------------------------------------------------------------- (at simulation time 411.000,000,010 s)
2025-05-28 00:19:59,880 INFO  - Processing event (at simulation time 411.000,000,010 s)
2025-05-28 00:19:59,880 INFO  - ------------------------------------------------------------------------------------- (at simulation time 411.000,000,010 s)
2025-05-28 00:19:59,880 INFO  - My Route = r_1 (at simulation time 411.000,000,010 s)
2025-05-28 00:19:59,880 INFO  - distance to RSU = 113.78381457370234 (at simulation time 411.000,000,010 s)
2025-05-28 00:19:59,880 INFO  - ------------------------------------------------------------------------------------- (at simulation time 411.000,000,010 s)
2025-05-28 00:19:59,880 INFO  - I have no neighbours to send! (at simulation time 411.000,000,010 s)
2025-05-28 00:19:59,880 INFO  - ------------------------------------------------------------------------------------- (at simulation time 411.000,000,010 s)
2025-05-28 00:19:59,880 INFO  - Tried sending message to other car (at simulation time 411.000,000,010 s)
2025-05-28 00:19:59,880 INFO  - ACK = false (at simulation time 411.000,000,010 s)
2025-05-28 00:19:59,880 INFO  - ------------------------------------------------------------------------------------- (at simulation time 411.000,000,010 s)
2025-05-28 00:19:59,880 INFO  - ------------------------------------------------------------------------------------- (at simulation time 411.000,000,010 s)
2025-05-28 00:19:59,881 INFO  - ------------------------------------------------------------------------------------- (at simulation time 411.000,000,010 s)
2025-05-28 00:19:59,881 INFO  - Processing event (at simulation time 411.000,000,010 s)
2025-05-28 00:19:59,881 INFO  - ------------------------------------------------------------------------------------- (at simulation time 411.000,000,010 s)
2025-05-28 00:19:59,881 INFO  - My Route = r_1 (at simulation time 411.000,000,010 s)
2025-05-28 00:19:59,881 INFO  - distance to RSU = 113.78381457370234 (at simulation time 411.000,000,010 s)
2025-05-28 00:19:59,881 INFO  - ------------------------------------------------------------------------------------- (at simulation time 411.000,000,010 s)
2025-05-28 00:19:59,881 INFO  - I have no neighbours to send! (at simulation time 411.000,000,010 s)
2025-05-28 00:19:59,881 INFO  - ------------------------------------------------------------------------------------- (at simulation time 411.000,000,010 s)
2025-05-28 00:19:59,881 INFO  - Tried sending message to other car (at simulation time 411.000,000,010 s)
2025-05-28 00:19:59,881 INFO  - ACK = false (at simulation time 411.000,000,010 s)
2025-05-28 00:19:59,881 INFO  - ------------------------------------------------------------------------------------- (at simulation time 411.000,000,010 s)
2025-05-28 00:19:59,881 INFO  - ------------------------------------------------------------------------------------- (at simulation time 411.000,000,010 s)
2025-05-28 00:19:59,882 INFO  - ------------------------------------------------------------------------------------- (at simulation time 411.000,000,010 s)
2025-05-28 00:19:59,882 INFO  - Processing event (at simulation time 411.000,000,010 s)
2025-05-28 00:19:59,882 INFO  - ------------------------------------------------------------------------------------- (at simulation time 411.000,000,010 s)
2025-05-28 00:19:59,882 INFO  - My Route = r_1 (at simulation time 411.000,000,010 s)
2025-05-28 00:19:59,882 INFO  - distance to RSU = 113.78381457370234 (at simulation time 411.000,000,010 s)
2025-05-28 00:19:59,882 INFO  - ------------------------------------------------------------------------------------- (at simulation time 411.000,000,010 s)
2025-05-28 00:19:59,882 INFO  - I have no neighbours to send! (at simulation time 411.000,000,010 s)
2025-05-28 00:19:59,882 INFO  - ------------------------------------------------------------------------------------- (at simulation time 411.000,000,010 s)
2025-05-28 00:19:59,882 INFO  - Tried sending message to other car (at simulation time 411.000,000,010 s)
2025-05-28 00:19:59,882 INFO  - ACK = false (at simulation time 411.000,000,010 s)
2025-05-28 00:19:59,882 INFO  - ------------------------------------------------------------------------------------- (at simulation time 411.000,000,010 s)
2025-05-28 00:19:59,882 INFO  - ------------------------------------------------------------------------------------- (at simulation time 411.000,000,010 s)
2025-05-28 00:19:59,885 INFO  - ------------------------------------------------------------------------------------- (at simulation time 412.000,000,000 s)
2025-05-28 00:19:59,885 INFO  - My Route = r_1 (at simulation time 412.000,000,000 s)
2025-05-28 00:19:59,885 INFO  - distance to RSU = 105.99840477344425 (at simulation time 412.000,000,000 s)
2025-05-28 00:19:59,885 INFO  - ------------------------------------------------------------------------------------- (at simulation time 412.000,000,000 s)
2025-05-28 00:19:59,885 INFO  - I have no neighbours to send! (at simulation time 412.000,000,000 s)
2025-05-28 00:19:59,885 INFO  - ------------------------------------------------------------------------------------- (at simulation time 412.000,000,000 s)
2025-05-28 00:19:59,885 INFO  - Tried sending message to other car (at simulation time 412.000,000,000 s)
2025-05-28 00:19:59,885 INFO  - ACK = false (at simulation time 412.000,000,000 s)
2025-05-28 00:19:59,885 INFO  - ------------------------------------------------------------------------------------- (at simulation time 412.000,000,000 s)
2025-05-28 00:19:59,885 INFO  - ------------------------------------------------------------------------------------- (at simulation time 412.000,000,000 s)
2025-05-28 00:19:59,885 INFO  - Processing event (at simulation time 412.000,000,000 s)
2025-05-28 00:19:59,885 INFO  - ------------------------------------------------------------------------------------- (at simulation time 412.000,000,000 s)
2025-05-28 00:19:59,885 INFO  - My Route = r_1 (at simulation time 412.000,000,000 s)
2025-05-28 00:19:59,885 INFO  - distance to RSU = 105.99840477344425 (at simulation time 412.000,000,000 s)
2025-05-28 00:19:59,885 INFO  - ------------------------------------------------------------------------------------- (at simulation time 412.000,000,000 s)
2025-05-28 00:19:59,885 INFO  - I have no neighbours to send! (at simulation time 412.000,000,000 s)
2025-05-28 00:19:59,885 INFO  - ------------------------------------------------------------------------------------- (at simulation time 412.000,000,000 s)
2025-05-28 00:19:59,885 INFO  - Tried sending message to other car (at simulation time 412.000,000,000 s)
2025-05-28 00:19:59,885 INFO  - ACK = false (at simulation time 412.000,000,000 s)
2025-05-28 00:19:59,885 INFO  - ------------------------------------------------------------------------------------- (at simulation time 412.000,000,000 s)
2025-05-28 00:19:59,885 INFO  - ------------------------------------------------------------------------------------- (at simulation time 412.000,000,000 s)
2025-05-28 00:19:59,886 INFO  - ------------------------------------------------------------------------------------- (at simulation time 412.000,000,000 s)
2025-05-28 00:19:59,886 INFO  - Processing event (at simulation time 412.000,000,000 s)
2025-05-28 00:19:59,886 INFO  - ------------------------------------------------------------------------------------- (at simulation time 412.000,000,000 s)
2025-05-28 00:19:59,886 INFO  - My Route = r_1 (at simulation time 412.000,000,000 s)
2025-05-28 00:19:59,886 INFO  - distance to RSU = 105.99840477344425 (at simulation time 412.000,000,000 s)
2025-05-28 00:19:59,886 INFO  - ------------------------------------------------------------------------------------- (at simulation time 412.000,000,000 s)
2025-05-28 00:19:59,886 INFO  - I have no neighbours to send! (at simulation time 412.000,000,000 s)
2025-05-28 00:19:59,886 INFO  - ------------------------------------------------------------------------------------- (at simulation time 412.000,000,000 s)
2025-05-28 00:19:59,886 INFO  - Tried sending message to other car (at simulation time 412.000,000,000 s)
2025-05-28 00:19:59,886 INFO  - ACK = false (at simulation time 412.000,000,000 s)
2025-05-28 00:19:59,886 INFO  - ------------------------------------------------------------------------------------- (at simulation time 412.000,000,000 s)
2025-05-28 00:19:59,886 INFO  - ------------------------------------------------------------------------------------- (at simulation time 412.000,000,000 s)
2025-05-28 00:19:59,887 INFO  - ------------------------------------------------------------------------------------- (at simulation time 412.000,000,000 s)
2025-05-28 00:19:59,887 INFO  - Processing event (at simulation time 412.000,000,000 s)
2025-05-28 00:19:59,887 INFO  - ------------------------------------------------------------------------------------- (at simulation time 412.000,000,000 s)
2025-05-28 00:19:59,887 INFO  - My Route = r_1 (at simulation time 412.000,000,000 s)
2025-05-28 00:19:59,887 INFO  - distance to RSU = 105.99840477344425 (at simulation time 412.000,000,000 s)
2025-05-28 00:19:59,887 INFO  - ------------------------------------------------------------------------------------- (at simulation time 412.000,000,000 s)
2025-05-28 00:19:59,887 INFO  - I have no neighbours to send! (at simulation time 412.000,000,000 s)
2025-05-28 00:19:59,887 INFO  - ------------------------------------------------------------------------------------- (at simulation time 412.000,000,000 s)
2025-05-28 00:19:59,887 INFO  - Tried sending message to other car (at simulation time 412.000,000,000 s)
2025-05-28 00:19:59,887 INFO  - ACK = false (at simulation time 412.000,000,000 s)
2025-05-28 00:19:59,887 INFO  - ------------------------------------------------------------------------------------- (at simulation time 412.000,000,000 s)
2025-05-28 00:19:59,887 INFO  - ------------------------------------------------------------------------------------- (at simulation time 412.000,000,000 s)
2025-05-28 00:19:59,887 INFO  - ------------------------------------------------------------------------------------- (at simulation time 412.000,000,000 s)
2025-05-28 00:19:59,887 INFO  - Processing event (at simulation time 412.000,000,000 s)
2025-05-28 00:19:59,887 INFO  - ------------------------------------------------------------------------------------- (at simulation time 412.000,000,000 s)
2025-05-28 00:19:59,887 INFO  - My Route = r_1 (at simulation time 412.000,000,000 s)
2025-05-28 00:19:59,887 INFO  - distance to RSU = 105.99840477344425 (at simulation time 412.000,000,000 s)
2025-05-28 00:19:59,887 INFO  - ------------------------------------------------------------------------------------- (at simulation time 412.000,000,000 s)
2025-05-28 00:19:59,887 INFO  - I have no neighbours to send! (at simulation time 412.000,000,000 s)
2025-05-28 00:19:59,887 INFO  - ------------------------------------------------------------------------------------- (at simulation time 412.000,000,000 s)
2025-05-28 00:19:59,887 INFO  - Tried sending message to other car (at simulation time 412.000,000,000 s)
2025-05-28 00:19:59,887 INFO  - ACK = false (at simulation time 412.000,000,000 s)
2025-05-28 00:19:59,887 INFO  - ------------------------------------------------------------------------------------- (at simulation time 412.000,000,000 s)
2025-05-28 00:19:59,887 INFO  - ------------------------------------------------------------------------------------- (at simulation time 412.000,000,000 s)
2025-05-28 00:19:59,968 INFO  - ------------------------------------------------------------------------------------- (at simulation time 412.000,000,010 s)
2025-05-28 00:19:59,968 INFO  - Processing event (at simulation time 412.000,000,010 s)
2025-05-28 00:19:59,968 INFO  - ------------------------------------------------------------------------------------- (at simulation time 412.000,000,010 s)
2025-05-28 00:19:59,968 INFO  - My Route = r_1 (at simulation time 412.000,000,010 s)
2025-05-28 00:19:59,968 INFO  - distance to RSU = 105.99840477344425 (at simulation time 412.000,000,010 s)
2025-05-28 00:19:59,968 INFO  - ------------------------------------------------------------------------------------- (at simulation time 412.000,000,010 s)
2025-05-28 00:19:59,968 INFO  - I have no neighbours to send! (at simulation time 412.000,000,010 s)
2025-05-28 00:19:59,968 INFO  - ------------------------------------------------------------------------------------- (at simulation time 412.000,000,010 s)
2025-05-28 00:19:59,968 INFO  - Tried sending message to other car (at simulation time 412.000,000,010 s)
2025-05-28 00:19:59,968 INFO  - ACK = false (at simulation time 412.000,000,010 s)
2025-05-28 00:19:59,968 INFO  - ------------------------------------------------------------------------------------- (at simulation time 412.000,000,010 s)
2025-05-28 00:19:59,968 INFO  - ------------------------------------------------------------------------------------- (at simulation time 412.000,000,010 s)
2025-05-28 00:19:59,969 INFO  - ------------------------------------------------------------------------------------- (at simulation time 412.000,000,010 s)
2025-05-28 00:19:59,969 INFO  - Processing event (at simulation time 412.000,000,010 s)
2025-05-28 00:19:59,969 INFO  - ------------------------------------------------------------------------------------- (at simulation time 412.000,000,010 s)
2025-05-28 00:19:59,969 INFO  - My Route = r_1 (at simulation time 412.000,000,010 s)
2025-05-28 00:19:59,969 INFO  - distance to RSU = 105.99840477344425 (at simulation time 412.000,000,010 s)
2025-05-28 00:19:59,969 INFO  - ------------------------------------------------------------------------------------- (at simulation time 412.000,000,010 s)
2025-05-28 00:19:59,969 INFO  - I have no neighbours to send! (at simulation time 412.000,000,010 s)
2025-05-28 00:19:59,969 INFO  - ------------------------------------------------------------------------------------- (at simulation time 412.000,000,010 s)
2025-05-28 00:19:59,969 INFO  - Tried sending message to other car (at simulation time 412.000,000,010 s)
2025-05-28 00:19:59,969 INFO  - ACK = false (at simulation time 412.000,000,010 s)
2025-05-28 00:19:59,969 INFO  - ------------------------------------------------------------------------------------- (at simulation time 412.000,000,010 s)
2025-05-28 00:19:59,969 INFO  - ------------------------------------------------------------------------------------- (at simulation time 412.000,000,010 s)
2025-05-28 00:19:59,970 INFO  - ------------------------------------------------------------------------------------- (at simulation time 412.000,000,010 s)
2025-05-28 00:19:59,970 INFO  - Processing event (at simulation time 412.000,000,010 s)
2025-05-28 00:19:59,970 INFO  - ------------------------------------------------------------------------------------- (at simulation time 412.000,000,010 s)
2025-05-28 00:19:59,970 INFO  - My Route = r_1 (at simulation time 412.000,000,010 s)
2025-05-28 00:19:59,970 INFO  - distance to RSU = 105.99840477344425 (at simulation time 412.000,000,010 s)
2025-05-28 00:19:59,970 INFO  - ------------------------------------------------------------------------------------- (at simulation time 412.000,000,010 s)
2025-05-28 00:19:59,970 INFO  - I have no neighbours to send! (at simulation time 412.000,000,010 s)
2025-05-28 00:19:59,970 INFO  - ------------------------------------------------------------------------------------- (at simulation time 412.000,000,010 s)
2025-05-28 00:19:59,970 INFO  - Tried sending message to other car (at simulation time 412.000,000,010 s)
2025-05-28 00:19:59,970 INFO  - ACK = false (at simulation time 412.000,000,010 s)
2025-05-28 00:19:59,970 INFO  - ------------------------------------------------------------------------------------- (at simulation time 412.000,000,010 s)
2025-05-28 00:19:59,970 INFO  - ------------------------------------------------------------------------------------- (at simulation time 412.000,000,010 s)
2025-05-28 00:19:59,970 INFO  - ------------------------------------------------------------------------------------- (at simulation time 412.000,000,010 s)
2025-05-28 00:19:59,970 INFO  - Processing event (at simulation time 412.000,000,010 s)
2025-05-28 00:19:59,970 INFO  - ------------------------------------------------------------------------------------- (at simulation time 412.000,000,010 s)
2025-05-28 00:19:59,970 INFO  - My Route = r_1 (at simulation time 412.000,000,010 s)
2025-05-28 00:19:59,970 INFO  - distance to RSU = 105.99840477344425 (at simulation time 412.000,000,010 s)
2025-05-28 00:19:59,970 INFO  - ------------------------------------------------------------------------------------- (at simulation time 412.000,000,010 s)
2025-05-28 00:19:59,970 INFO  - I have no neighbours to send! (at simulation time 412.000,000,010 s)
2025-05-28 00:19:59,970 INFO  - ------------------------------------------------------------------------------------- (at simulation time 412.000,000,010 s)
2025-05-28 00:19:59,971 INFO  - Tried sending message to other car (at simulation time 412.000,000,010 s)
2025-05-28 00:19:59,971 INFO  - ACK = false (at simulation time 412.000,000,010 s)
2025-05-28 00:19:59,971 INFO  - ------------------------------------------------------------------------------------- (at simulation time 412.000,000,010 s)
2025-05-28 00:19:59,971 INFO  - ------------------------------------------------------------------------------------- (at simulation time 412.000,000,010 s)
2025-05-28 00:19:59,972 INFO  - ------------------------------------------------------------------------------------- (at simulation time 412.000,000,010 s)
2025-05-28 00:19:59,972 INFO  - Processing event (at simulation time 412.000,000,010 s)
2025-05-28 00:19:59,972 INFO  - ------------------------------------------------------------------------------------- (at simulation time 412.000,000,010 s)
2025-05-28 00:19:59,972 INFO  - My Route = r_1 (at simulation time 412.000,000,010 s)
2025-05-28 00:19:59,972 INFO  - distance to RSU = 105.99840477344425 (at simulation time 412.000,000,010 s)
2025-05-28 00:19:59,972 INFO  - ------------------------------------------------------------------------------------- (at simulation time 412.000,000,010 s)
2025-05-28 00:19:59,972 INFO  - I have no neighbours to send! (at simulation time 412.000,000,010 s)
2025-05-28 00:19:59,972 INFO  - ------------------------------------------------------------------------------------- (at simulation time 412.000,000,010 s)
2025-05-28 00:19:59,972 INFO  - Tried sending message to other car (at simulation time 412.000,000,010 s)
2025-05-28 00:19:59,972 INFO  - ACK = false (at simulation time 412.000,000,010 s)
2025-05-28 00:19:59,972 INFO  - ------------------------------------------------------------------------------------- (at simulation time 412.000,000,010 s)
2025-05-28 00:19:59,972 INFO  - ------------------------------------------------------------------------------------- (at simulation time 412.000,000,010 s)
2025-05-28 00:19:59,974 INFO  - ------------------------------------------------------------------------------------- (at simulation time 413.000,000,000 s)
2025-05-28 00:19:59,974 INFO  - My Route = r_1 (at simulation time 413.000,000,000 s)
2025-05-28 00:19:59,974 INFO  - distance to RSU = 98.62705243429664 (at simulation time 413.000,000,000 s)
2025-05-28 00:19:59,974 INFO  - ------------------------------------------------------------------------------------- (at simulation time 413.000,000,000 s)
2025-05-28 00:19:59,974 INFO  - I have no neighbours to send! (at simulation time 413.000,000,000 s)
2025-05-28 00:19:59,974 INFO  - ------------------------------------------------------------------------------------- (at simulation time 413.000,000,000 s)
2025-05-28 00:19:59,974 INFO  - Tried sending message to other car (at simulation time 413.000,000,000 s)
2025-05-28 00:19:59,974 INFO  - ACK = false (at simulation time 413.000,000,000 s)
2025-05-28 00:19:59,974 INFO  - ------------------------------------------------------------------------------------- (at simulation time 413.000,000,000 s)
2025-05-28 00:19:59,975 INFO  - ------------------------------------------------------------------------------------- (at simulation time 413.000,000,000 s)
2025-05-28 00:19:59,975 INFO  - Processing event (at simulation time 413.000,000,000 s)
2025-05-28 00:19:59,975 INFO  - ------------------------------------------------------------------------------------- (at simulation time 413.000,000,000 s)
2025-05-28 00:19:59,975 INFO  - My Route = r_1 (at simulation time 413.000,000,000 s)
2025-05-28 00:19:59,975 INFO  - distance to RSU = 98.62705243429664 (at simulation time 413.000,000,000 s)
2025-05-28 00:19:59,975 INFO  - ------------------------------------------------------------------------------------- (at simulation time 413.000,000,000 s)
2025-05-28 00:19:59,975 INFO  - I have no neighbours to send! (at simulation time 413.000,000,000 s)
2025-05-28 00:19:59,975 INFO  - ------------------------------------------------------------------------------------- (at simulation time 413.000,000,000 s)
2025-05-28 00:19:59,975 INFO  - Tried sending message to other car (at simulation time 413.000,000,000 s)
2025-05-28 00:19:59,975 INFO  - ACK = false (at simulation time 413.000,000,000 s)
2025-05-28 00:19:59,975 INFO  - ------------------------------------------------------------------------------------- (at simulation time 413.000,000,000 s)
2025-05-28 00:19:59,975 INFO  - ------------------------------------------------------------------------------------- (at simulation time 413.000,000,000 s)
2025-05-28 00:19:59,976 INFO  - ------------------------------------------------------------------------------------- (at simulation time 413.000,000,000 s)
2025-05-28 00:19:59,976 INFO  - Processing event (at simulation time 413.000,000,000 s)
2025-05-28 00:19:59,976 INFO  - ------------------------------------------------------------------------------------- (at simulation time 413.000,000,000 s)
2025-05-28 00:19:59,976 INFO  - My Route = r_1 (at simulation time 413.000,000,000 s)
2025-05-28 00:19:59,976 INFO  - distance to RSU = 98.62705243429664 (at simulation time 413.000,000,000 s)
2025-05-28 00:19:59,976 INFO  - ------------------------------------------------------------------------------------- (at simulation time 413.000,000,000 s)
2025-05-28 00:19:59,976 INFO  - I have no neighbours to send! (at simulation time 413.000,000,000 s)
2025-05-28 00:19:59,976 INFO  - ------------------------------------------------------------------------------------- (at simulation time 413.000,000,000 s)
2025-05-28 00:19:59,976 INFO  - Tried sending message to other car (at simulation time 413.000,000,000 s)
2025-05-28 00:19:59,976 INFO  - ACK = false (at simulation time 413.000,000,000 s)
2025-05-28 00:19:59,976 INFO  - ------------------------------------------------------------------------------------- (at simulation time 413.000,000,000 s)
2025-05-28 00:19:59,976 INFO  - ------------------------------------------------------------------------------------- (at simulation time 413.000,000,000 s)
2025-05-28 00:19:59,976 INFO  - ------------------------------------------------------------------------------------- (at simulation time 413.000,000,000 s)
2025-05-28 00:19:59,976 INFO  - Processing event (at simulation time 413.000,000,000 s)
2025-05-28 00:19:59,976 INFO  - ------------------------------------------------------------------------------------- (at simulation time 413.000,000,000 s)
2025-05-28 00:19:59,976 INFO  - My Route = r_1 (at simulation time 413.000,000,000 s)
2025-05-28 00:19:59,976 INFO  - distance to RSU = 98.62705243429664 (at simulation time 413.000,000,000 s)
2025-05-28 00:19:59,976 INFO  - ------------------------------------------------------------------------------------- (at simulation time 413.000,000,000 s)
2025-05-28 00:19:59,976 INFO  - I have no neighbours to send! (at simulation time 413.000,000,000 s)
2025-05-28 00:19:59,976 INFO  - ------------------------------------------------------------------------------------- (at simulation time 413.000,000,000 s)
2025-05-28 00:19:59,976 INFO  - Tried sending message to other car (at simulation time 413.000,000,000 s)
2025-05-28 00:19:59,976 INFO  - ACK = false (at simulation time 413.000,000,000 s)
2025-05-28 00:19:59,976 INFO  - ------------------------------------------------------------------------------------- (at simulation time 413.000,000,000 s)
2025-05-28 00:19:59,976 INFO  - ------------------------------------------------------------------------------------- (at simulation time 413.000,000,000 s)
2025-05-28 00:19:59,977 INFO  - ------------------------------------------------------------------------------------- (at simulation time 413.000,000,000 s)
2025-05-28 00:19:59,977 INFO  - Processing event (at simulation time 413.000,000,000 s)
2025-05-28 00:19:59,977 INFO  - ------------------------------------------------------------------------------------- (at simulation time 413.000,000,000 s)
2025-05-28 00:19:59,977 INFO  - My Route = r_1 (at simulation time 413.000,000,000 s)
2025-05-28 00:19:59,977 INFO  - distance to RSU = 98.62705243429664 (at simulation time 413.000,000,000 s)
2025-05-28 00:19:59,977 INFO  - ------------------------------------------------------------------------------------- (at simulation time 413.000,000,000 s)
2025-05-28 00:19:59,977 INFO  - I have no neighbours to send! (at simulation time 413.000,000,000 s)
2025-05-28 00:19:59,977 INFO  - ------------------------------------------------------------------------------------- (at simulation time 413.000,000,000 s)
2025-05-28 00:19:59,977 INFO  - Tried sending message to other car (at simulation time 413.000,000,000 s)
2025-05-28 00:19:59,977 INFO  - ACK = false (at simulation time 413.000,000,000 s)
2025-05-28 00:19:59,977 INFO  - ------------------------------------------------------------------------------------- (at simulation time 413.000,000,000 s)
2025-05-28 00:19:59,977 INFO  - ------------------------------------------------------------------------------------- (at simulation time 413.000,000,000 s)
2025-05-28 00:19:59,977 INFO  - ------------------------------------------------------------------------------------- (at simulation time 413.000,000,000 s)
2025-05-28 00:19:59,977 INFO  - Processing event (at simulation time 413.000,000,000 s)
2025-05-28 00:19:59,977 INFO  - ------------------------------------------------------------------------------------- (at simulation time 413.000,000,000 s)
2025-05-28 00:19:59,977 INFO  - My Route = r_1 (at simulation time 413.000,000,000 s)
2025-05-28 00:19:59,977 INFO  - distance to RSU = 98.62705243429664 (at simulation time 413.000,000,000 s)
2025-05-28 00:19:59,977 INFO  - ------------------------------------------------------------------------------------- (at simulation time 413.000,000,000 s)
2025-05-28 00:19:59,977 INFO  - I have no neighbours to send! (at simulation time 413.000,000,000 s)
2025-05-28 00:19:59,977 INFO  - ------------------------------------------------------------------------------------- (at simulation time 413.000,000,000 s)
2025-05-28 00:19:59,977 INFO  - Tried sending message to other car (at simulation time 413.000,000,000 s)
2025-05-28 00:19:59,977 INFO  - ACK = false (at simulation time 413.000,000,000 s)
2025-05-28 00:19:59,977 INFO  - ------------------------------------------------------------------------------------- (at simulation time 413.000,000,000 s)
2025-05-28 00:19:59,977 INFO  - ------------------------------------------------------------------------------------- (at simulation time 413.000,000,000 s)
2025-05-28 00:20:00,055 INFO  - ------------------------------------------------------------------------------------- (at simulation time 413.000,000,010 s)
2025-05-28 00:20:00,055 INFO  - Processing event (at simulation time 413.000,000,010 s)
2025-05-28 00:20:00,055 INFO  - ------------------------------------------------------------------------------------- (at simulation time 413.000,000,010 s)
2025-05-28 00:20:00,055 INFO  - My Route = r_1 (at simulation time 413.000,000,010 s)
2025-05-28 00:20:00,055 INFO  - distance to RSU = 98.62705243429664 (at simulation time 413.000,000,010 s)
2025-05-28 00:20:00,055 INFO  - ------------------------------------------------------------------------------------- (at simulation time 413.000,000,010 s)
2025-05-28 00:20:00,055 INFO  - I have no neighbours to send! (at simulation time 413.000,000,010 s)
2025-05-28 00:20:00,055 INFO  - ------------------------------------------------------------------------------------- (at simulation time 413.000,000,010 s)
2025-05-28 00:20:00,055 INFO  - Tried sending message to other car (at simulation time 413.000,000,010 s)
2025-05-28 00:20:00,055 INFO  - ACK = false (at simulation time 413.000,000,010 s)
2025-05-28 00:20:00,055 INFO  - ------------------------------------------------------------------------------------- (at simulation time 413.000,000,010 s)
2025-05-28 00:20:00,055 INFO  - ------------------------------------------------------------------------------------- (at simulation time 413.000,000,010 s)
2025-05-28 00:20:00,056 INFO  - ------------------------------------------------------------------------------------- (at simulation time 413.000,000,010 s)
2025-05-28 00:20:00,056 INFO  - Processing event (at simulation time 413.000,000,010 s)
2025-05-28 00:20:00,056 INFO  - ------------------------------------------------------------------------------------- (at simulation time 413.000,000,010 s)
2025-05-28 00:20:00,056 INFO  - My Route = r_1 (at simulation time 413.000,000,010 s)
2025-05-28 00:20:00,056 INFO  - distance to RSU = 98.62705243429664 (at simulation time 413.000,000,010 s)
2025-05-28 00:20:00,056 INFO  - ------------------------------------------------------------------------------------- (at simulation time 413.000,000,010 s)
2025-05-28 00:20:00,056 INFO  - I have no neighbours to send! (at simulation time 413.000,000,010 s)
2025-05-28 00:20:00,056 INFO  - ------------------------------------------------------------------------------------- (at simulation time 413.000,000,010 s)
2025-05-28 00:20:00,056 INFO  - Tried sending message to other car (at simulation time 413.000,000,010 s)
2025-05-28 00:20:00,056 INFO  - ACK = false (at simulation time 413.000,000,010 s)
2025-05-28 00:20:00,056 INFO  - ------------------------------------------------------------------------------------- (at simulation time 413.000,000,010 s)
2025-05-28 00:20:00,056 INFO  - ------------------------------------------------------------------------------------- (at simulation time 413.000,000,010 s)
2025-05-28 00:20:00,057 INFO  - ------------------------------------------------------------------------------------- (at simulation time 413.000,000,010 s)
2025-05-28 00:20:00,057 INFO  - Processing event (at simulation time 413.000,000,010 s)
2025-05-28 00:20:00,057 INFO  - ------------------------------------------------------------------------------------- (at simulation time 413.000,000,010 s)
2025-05-28 00:20:00,057 INFO  - My Route = r_1 (at simulation time 413.000,000,010 s)
2025-05-28 00:20:00,057 INFO  - distance to RSU = 98.62705243429664 (at simulation time 413.000,000,010 s)
2025-05-28 00:20:00,057 INFO  - ------------------------------------------------------------------------------------- (at simulation time 413.000,000,010 s)
2025-05-28 00:20:00,057 INFO  - I have no neighbours to send! (at simulation time 413.000,000,010 s)
2025-05-28 00:20:00,057 INFO  - ------------------------------------------------------------------------------------- (at simulation time 413.000,000,010 s)
2025-05-28 00:20:00,057 INFO  - Tried sending message to other car (at simulation time 413.000,000,010 s)
2025-05-28 00:20:00,057 INFO  - ACK = false (at simulation time 413.000,000,010 s)
2025-05-28 00:20:00,057 INFO  - ------------------------------------------------------------------------------------- (at simulation time 413.000,000,010 s)
2025-05-28 00:20:00,057 INFO  - ------------------------------------------------------------------------------------- (at simulation time 413.000,000,010 s)
2025-05-28 00:20:00,057 INFO  - ------------------------------------------------------------------------------------- (at simulation time 413.000,000,010 s)
2025-05-28 00:20:00,057 INFO  - Processing event (at simulation time 413.000,000,010 s)
2025-05-28 00:20:00,057 INFO  - ------------------------------------------------------------------------------------- (at simulation time 413.000,000,010 s)
2025-05-28 00:20:00,057 INFO  - My Route = r_1 (at simulation time 413.000,000,010 s)
2025-05-28 00:20:00,057 INFO  - distance to RSU = 98.62705243429664 (at simulation time 413.000,000,010 s)
2025-05-28 00:20:00,057 INFO  - ------------------------------------------------------------------------------------- (at simulation time 413.000,000,010 s)
2025-05-28 00:20:00,057 INFO  - I have no neighbours to send! (at simulation time 413.000,000,010 s)
2025-05-28 00:20:00,057 INFO  - ------------------------------------------------------------------------------------- (at simulation time 413.000,000,010 s)
2025-05-28 00:20:00,058 INFO  - Tried sending message to other car (at simulation time 413.000,000,010 s)
2025-05-28 00:20:00,058 INFO  - ACK = false (at simulation time 413.000,000,010 s)
2025-05-28 00:20:00,058 INFO  - ------------------------------------------------------------------------------------- (at simulation time 413.000,000,010 s)
2025-05-28 00:20:00,058 INFO  - ------------------------------------------------------------------------------------- (at simulation time 413.000,000,010 s)
2025-05-28 00:20:00,058 INFO  - ------------------------------------------------------------------------------------- (at simulation time 413.000,000,010 s)
2025-05-28 00:20:00,058 INFO  - Processing event (at simulation time 413.000,000,010 s)
2025-05-28 00:20:00,058 INFO  - ------------------------------------------------------------------------------------- (at simulation time 413.000,000,010 s)
2025-05-28 00:20:00,058 INFO  - My Route = r_1 (at simulation time 413.000,000,010 s)
2025-05-28 00:20:00,058 INFO  - distance to RSU = 98.62705243429664 (at simulation time 413.000,000,010 s)
2025-05-28 00:20:00,058 INFO  - ------------------------------------------------------------------------------------- (at simulation time 413.000,000,010 s)
2025-05-28 00:20:00,058 INFO  - I have no neighbours to send! (at simulation time 413.000,000,010 s)
2025-05-28 00:20:00,058 INFO  - ------------------------------------------------------------------------------------- (at simulation time 413.000,000,010 s)
2025-05-28 00:20:00,058 INFO  - Tried sending message to other car (at simulation time 413.000,000,010 s)
2025-05-28 00:20:00,058 INFO  - ACK = false (at simulation time 413.000,000,010 s)
2025-05-28 00:20:00,058 INFO  - ------------------------------------------------------------------------------------- (at simulation time 413.000,000,010 s)
2025-05-28 00:20:00,058 INFO  - ------------------------------------------------------------------------------------- (at simulation time 413.000,000,010 s)
2025-05-28 00:20:00,059 INFO  - ------------------------------------------------------------------------------------- (at simulation time 413.000,000,010 s)
2025-05-28 00:20:00,059 INFO  - Processing event (at simulation time 413.000,000,010 s)
2025-05-28 00:20:00,059 INFO  - ------------------------------------------------------------------------------------- (at simulation time 413.000,000,010 s)
2025-05-28 00:20:00,059 INFO  - My Route = r_1 (at simulation time 413.000,000,010 s)
2025-05-28 00:20:00,059 INFO  - distance to RSU = 98.62705243429664 (at simulation time 413.000,000,010 s)
2025-05-28 00:20:00,059 INFO  - ------------------------------------------------------------------------------------- (at simulation time 413.000,000,010 s)
2025-05-28 00:20:00,059 INFO  - I have no neighbours to send! (at simulation time 413.000,000,010 s)
2025-05-28 00:20:00,059 INFO  - ------------------------------------------------------------------------------------- (at simulation time 413.000,000,010 s)
2025-05-28 00:20:00,059 INFO  - Tried sending message to other car (at simulation time 413.000,000,010 s)
2025-05-28 00:20:00,059 INFO  - ACK = false (at simulation time 413.000,000,010 s)
2025-05-28 00:20:00,059 INFO  - ------------------------------------------------------------------------------------- (at simulation time 413.000,000,010 s)
2025-05-28 00:20:00,059 INFO  - ------------------------------------------------------------------------------------- (at simulation time 413.000,000,010 s)
2025-05-28 00:20:00,062 INFO  - ------------------------------------------------------------------------------------- (at simulation time 414.000,000,000 s)
2025-05-28 00:20:00,062 INFO  - My Route = r_1 (at simulation time 414.000,000,000 s)
2025-05-28 00:20:00,062 INFO  - distance to RSU = 91.1559024428591 (at simulation time 414.000,000,000 s)
2025-05-28 00:20:00,062 INFO  - ------------------------------------------------------------------------------------- (at simulation time 414.000,000,000 s)
2025-05-28 00:20:00,062 INFO  - I have no neighbours to send! (at simulation time 414.000,000,000 s)
2025-05-28 00:20:00,062 INFO  - ------------------------------------------------------------------------------------- (at simulation time 414.000,000,000 s)
2025-05-28 00:20:00,062 INFO  - Tried sending message to other car (at simulation time 414.000,000,000 s)
2025-05-28 00:20:00,062 INFO  - ACK = false (at simulation time 414.000,000,000 s)
2025-05-28 00:20:00,062 INFO  - ------------------------------------------------------------------------------------- (at simulation time 414.000,000,000 s)
2025-05-28 00:20:00,062 INFO  - ------------------------------------------------------------------------------------- (at simulation time 414.000,000,000 s)
2025-05-28 00:20:00,062 INFO  - Processing event (at simulation time 414.000,000,000 s)
2025-05-28 00:20:00,062 INFO  - ------------------------------------------------------------------------------------- (at simulation time 414.000,000,000 s)
2025-05-28 00:20:00,062 INFO  - My Route = r_1 (at simulation time 414.000,000,000 s)
2025-05-28 00:20:00,062 INFO  - distance to RSU = 91.1559024428591 (at simulation time 414.000,000,000 s)
2025-05-28 00:20:00,062 INFO  - ------------------------------------------------------------------------------------- (at simulation time 414.000,000,000 s)
2025-05-28 00:20:00,062 INFO  - I have no neighbours to send! (at simulation time 414.000,000,000 s)
2025-05-28 00:20:00,062 INFO  - ------------------------------------------------------------------------------------- (at simulation time 414.000,000,000 s)
2025-05-28 00:20:00,062 INFO  - Tried sending message to other car (at simulation time 414.000,000,000 s)
2025-05-28 00:20:00,062 INFO  - ACK = false (at simulation time 414.000,000,000 s)
2025-05-28 00:20:00,062 INFO  - ------------------------------------------------------------------------------------- (at simulation time 414.000,000,000 s)
2025-05-28 00:20:00,062 INFO  - ------------------------------------------------------------------------------------- (at simulation time 414.000,000,000 s)
2025-05-28 00:20:00,063 INFO  - ------------------------------------------------------------------------------------- (at simulation time 414.000,000,000 s)
2025-05-28 00:20:00,063 INFO  - Processing event (at simulation time 414.000,000,000 s)
2025-05-28 00:20:00,063 INFO  - ------------------------------------------------------------------------------------- (at simulation time 414.000,000,000 s)
2025-05-28 00:20:00,063 INFO  - My Route = r_1 (at simulation time 414.000,000,000 s)
2025-05-28 00:20:00,063 INFO  - distance to RSU = 91.1559024428591 (at simulation time 414.000,000,000 s)
2025-05-28 00:20:00,063 INFO  - ------------------------------------------------------------------------------------- (at simulation time 414.000,000,000 s)
2025-05-28 00:20:00,063 INFO  - I have no neighbours to send! (at simulation time 414.000,000,000 s)
2025-05-28 00:20:00,063 INFO  - ------------------------------------------------------------------------------------- (at simulation time 414.000,000,000 s)
2025-05-28 00:20:00,063 INFO  - Tried sending message to other car (at simulation time 414.000,000,000 s)
2025-05-28 00:20:00,063 INFO  - ACK = false (at simulation time 414.000,000,000 s)
2025-05-28 00:20:00,063 INFO  - ------------------------------------------------------------------------------------- (at simulation time 414.000,000,000 s)
2025-05-28 00:20:00,063 INFO  - ------------------------------------------------------------------------------------- (at simulation time 414.000,000,000 s)
2025-05-28 00:20:00,064 INFO  - ------------------------------------------------------------------------------------- (at simulation time 414.000,000,000 s)
2025-05-28 00:20:00,064 INFO  - Processing event (at simulation time 414.000,000,000 s)
2025-05-28 00:20:00,064 INFO  - ------------------------------------------------------------------------------------- (at simulation time 414.000,000,000 s)
2025-05-28 00:20:00,064 INFO  - My Route = r_1 (at simulation time 414.000,000,000 s)
2025-05-28 00:20:00,064 INFO  - distance to RSU = 91.1559024428591 (at simulation time 414.000,000,000 s)
2025-05-28 00:20:00,064 INFO  - ------------------------------------------------------------------------------------- (at simulation time 414.000,000,000 s)
2025-05-28 00:20:00,064 INFO  - I have no neighbours to send! (at simulation time 414.000,000,000 s)
2025-05-28 00:20:00,064 INFO  - ------------------------------------------------------------------------------------- (at simulation time 414.000,000,000 s)
2025-05-28 00:20:00,064 INFO  - Tried sending message to other car (at simulation time 414.000,000,000 s)
2025-05-28 00:20:00,064 INFO  - ACK = false (at simulation time 414.000,000,000 s)
2025-05-28 00:20:00,064 INFO  - ------------------------------------------------------------------------------------- (at simulation time 414.000,000,000 s)
2025-05-28 00:20:00,064 INFO  - ------------------------------------------------------------------------------------- (at simulation time 414.000,000,000 s)
2025-05-28 00:20:00,064 INFO  - ------------------------------------------------------------------------------------- (at simulation time 414.000,000,000 s)
2025-05-28 00:20:00,064 INFO  - Processing event (at simulation time 414.000,000,000 s)
2025-05-28 00:20:00,064 INFO  - ------------------------------------------------------------------------------------- (at simulation time 414.000,000,000 s)
2025-05-28 00:20:00,064 INFO  - My Route = r_1 (at simulation time 414.000,000,000 s)
2025-05-28 00:20:00,064 INFO  - distance to RSU = 91.1559024428591 (at simulation time 414.000,000,000 s)
2025-05-28 00:20:00,064 INFO  - ------------------------------------------------------------------------------------- (at simulation time 414.000,000,000 s)
2025-05-28 00:20:00,064 INFO  - I have no neighbours to send! (at simulation time 414.000,000,000 s)
2025-05-28 00:20:00,064 INFO  - ------------------------------------------------------------------------------------- (at simulation time 414.000,000,000 s)
2025-05-28 00:20:00,064 INFO  - Tried sending message to other car (at simulation time 414.000,000,000 s)
2025-05-28 00:20:00,064 INFO  - ACK = false (at simulation time 414.000,000,000 s)
2025-05-28 00:20:00,064 INFO  - ------------------------------------------------------------------------------------- (at simulation time 414.000,000,000 s)
2025-05-28 00:20:00,064 INFO  - ------------------------------------------------------------------------------------- (at simulation time 414.000,000,000 s)
2025-05-28 00:20:00,065 INFO  - ------------------------------------------------------------------------------------- (at simulation time 414.000,000,000 s)
2025-05-28 00:20:00,065 INFO  - Processing event (at simulation time 414.000,000,000 s)
2025-05-28 00:20:00,065 INFO  - ------------------------------------------------------------------------------------- (at simulation time 414.000,000,000 s)
2025-05-28 00:20:00,065 INFO  - My Route = r_1 (at simulation time 414.000,000,000 s)
2025-05-28 00:20:00,065 INFO  - distance to RSU = 91.1559024428591 (at simulation time 414.000,000,000 s)
2025-05-28 00:20:00,065 INFO  - ------------------------------------------------------------------------------------- (at simulation time 414.000,000,000 s)
2025-05-28 00:20:00,065 INFO  - I have no neighbours to send! (at simulation time 414.000,000,000 s)
2025-05-28 00:20:00,065 INFO  - ------------------------------------------------------------------------------------- (at simulation time 414.000,000,000 s)
2025-05-28 00:20:00,065 INFO  - Tried sending message to other car (at simulation time 414.000,000,000 s)
2025-05-28 00:20:00,065 INFO  - ACK = false (at simulation time 414.000,000,000 s)
2025-05-28 00:20:00,065 INFO  - ------------------------------------------------------------------------------------- (at simulation time 414.000,000,000 s)
2025-05-28 00:20:00,065 INFO  - ------------------------------------------------------------------------------------- (at simulation time 414.000,000,000 s)
2025-05-28 00:20:00,065 INFO  - ------------------------------------------------------------------------------------- (at simulation time 414.000,000,000 s)
2025-05-28 00:20:00,065 INFO  - Processing event (at simulation time 414.000,000,000 s)
2025-05-28 00:20:00,065 INFO  - ------------------------------------------------------------------------------------- (at simulation time 414.000,000,000 s)
2025-05-28 00:20:00,065 INFO  - My Route = r_1 (at simulation time 414.000,000,000 s)
2025-05-28 00:20:00,065 INFO  - distance to RSU = 91.1559024428591 (at simulation time 414.000,000,000 s)
2025-05-28 00:20:00,065 INFO  - ------------------------------------------------------------------------------------- (at simulation time 414.000,000,000 s)
2025-05-28 00:20:00,065 INFO  - I have no neighbours to send! (at simulation time 414.000,000,000 s)
2025-05-28 00:20:00,065 INFO  - ------------------------------------------------------------------------------------- (at simulation time 414.000,000,000 s)
2025-05-28 00:20:00,065 INFO  - Tried sending message to other car (at simulation time 414.000,000,000 s)
2025-05-28 00:20:00,065 INFO  - ACK = false (at simulation time 414.000,000,000 s)
2025-05-28 00:20:00,065 INFO  - ------------------------------------------------------------------------------------- (at simulation time 414.000,000,000 s)
2025-05-28 00:20:00,065 INFO  - ------------------------------------------------------------------------------------- (at simulation time 414.000,000,000 s)
2025-05-28 00:20:00,143 INFO  - ------------------------------------------------------------------------------------- (at simulation time 414.000,000,010 s)
2025-05-28 00:20:00,143 INFO  - Processing event (at simulation time 414.000,000,010 s)
2025-05-28 00:20:00,143 INFO  - ------------------------------------------------------------------------------------- (at simulation time 414.000,000,010 s)
2025-05-28 00:20:00,143 INFO  - My Route = r_1 (at simulation time 414.000,000,010 s)
2025-05-28 00:20:00,143 INFO  - distance to RSU = 91.1559024428591 (at simulation time 414.000,000,010 s)
2025-05-28 00:20:00,143 INFO  - ------------------------------------------------------------------------------------- (at simulation time 414.000,000,010 s)
2025-05-28 00:20:00,143 INFO  - I have no neighbours to send! (at simulation time 414.000,000,010 s)
2025-05-28 00:20:00,143 INFO  - ------------------------------------------------------------------------------------- (at simulation time 414.000,000,010 s)
2025-05-28 00:20:00,143 INFO  - Tried sending message to other car (at simulation time 414.000,000,010 s)
2025-05-28 00:20:00,143 INFO  - ACK = false (at simulation time 414.000,000,010 s)
2025-05-28 00:20:00,143 INFO  - ------------------------------------------------------------------------------------- (at simulation time 414.000,000,010 s)
2025-05-28 00:20:00,143 INFO  - ------------------------------------------------------------------------------------- (at simulation time 414.000,000,010 s)
2025-05-28 00:20:00,144 INFO  - ------------------------------------------------------------------------------------- (at simulation time 414.000,000,010 s)
2025-05-28 00:20:00,144 INFO  - Processing event (at simulation time 414.000,000,010 s)
2025-05-28 00:20:00,144 INFO  - ------------------------------------------------------------------------------------- (at simulation time 414.000,000,010 s)
2025-05-28 00:20:00,144 INFO  - My Route = r_1 (at simulation time 414.000,000,010 s)
2025-05-28 00:20:00,144 INFO  - distance to RSU = 91.1559024428591 (at simulation time 414.000,000,010 s)
2025-05-28 00:20:00,144 INFO  - ------------------------------------------------------------------------------------- (at simulation time 414.000,000,010 s)
2025-05-28 00:20:00,144 INFO  - I have no neighbours to send! (at simulation time 414.000,000,010 s)
2025-05-28 00:20:00,144 INFO  - ------------------------------------------------------------------------------------- (at simulation time 414.000,000,010 s)
2025-05-28 00:20:00,144 INFO  - Tried sending message to other car (at simulation time 414.000,000,010 s)
2025-05-28 00:20:00,144 INFO  - ACK = false (at simulation time 414.000,000,010 s)
2025-05-28 00:20:00,144 INFO  - ------------------------------------------------------------------------------------- (at simulation time 414.000,000,010 s)
2025-05-28 00:20:00,144 INFO  - ------------------------------------------------------------------------------------- (at simulation time 414.000,000,010 s)
2025-05-28 00:20:00,144 INFO  - ------------------------------------------------------------------------------------- (at simulation time 414.000,000,010 s)
2025-05-28 00:20:00,144 INFO  - Processing event (at simulation time 414.000,000,010 s)
2025-05-28 00:20:00,144 INFO  - ------------------------------------------------------------------------------------- (at simulation time 414.000,000,010 s)
2025-05-28 00:20:00,144 INFO  - My Route = r_1 (at simulation time 414.000,000,010 s)
2025-05-28 00:20:00,144 INFO  - distance to RSU = 91.1559024428591 (at simulation time 414.000,000,010 s)
2025-05-28 00:20:00,144 INFO  - ------------------------------------------------------------------------------------- (at simulation time 414.000,000,010 s)
2025-05-28 00:20:00,144 INFO  - I have no neighbours to send! (at simulation time 414.000,000,010 s)
2025-05-28 00:20:00,144 INFO  - ------------------------------------------------------------------------------------- (at simulation time 414.000,000,010 s)
2025-05-28 00:20:00,144 INFO  - Tried sending message to other car (at simulation time 414.000,000,010 s)
2025-05-28 00:20:00,144 INFO  - ACK = false (at simulation time 414.000,000,010 s)
2025-05-28 00:20:00,144 INFO  - ------------------------------------------------------------------------------------- (at simulation time 414.000,000,010 s)
2025-05-28 00:20:00,144 INFO  - ------------------------------------------------------------------------------------- (at simulation time 414.000,000,010 s)
2025-05-28 00:20:00,145 INFO  - ------------------------------------------------------------------------------------- (at simulation time 414.000,000,010 s)
2025-05-28 00:20:00,145 INFO  - Processing event (at simulation time 414.000,000,010 s)
2025-05-28 00:20:00,145 INFO  - ------------------------------------------------------------------------------------- (at simulation time 414.000,000,010 s)
2025-05-28 00:20:00,145 INFO  - My Route = r_1 (at simulation time 414.000,000,010 s)
2025-05-28 00:20:00,145 INFO  - distance to RSU = 91.1559024428591 (at simulation time 414.000,000,010 s)
2025-05-28 00:20:00,145 INFO  - ------------------------------------------------------------------------------------- (at simulation time 414.000,000,010 s)
2025-05-28 00:20:00,145 INFO  - I have no neighbours to send! (at simulation time 414.000,000,010 s)
2025-05-28 00:20:00,145 INFO  - ------------------------------------------------------------------------------------- (at simulation time 414.000,000,010 s)
2025-05-28 00:20:00,145 INFO  - Tried sending message to other car (at simulation time 414.000,000,010 s)
2025-05-28 00:20:00,145 INFO  - ACK = false (at simulation time 414.000,000,010 s)
2025-05-28 00:20:00,145 INFO  - ------------------------------------------------------------------------------------- (at simulation time 414.000,000,010 s)
2025-05-28 00:20:00,145 INFO  - ------------------------------------------------------------------------------------- (at simulation time 414.000,000,010 s)
2025-05-28 00:20:00,146 INFO  - ------------------------------------------------------------------------------------- (at simulation time 414.000,000,010 s)
2025-05-28 00:20:00,146 INFO  - Processing event (at simulation time 414.000,000,010 s)
2025-05-28 00:20:00,146 INFO  - ------------------------------------------------------------------------------------- (at simulation time 414.000,000,010 s)
2025-05-28 00:20:00,146 INFO  - My Route = r_1 (at simulation time 414.000,000,010 s)
2025-05-28 00:20:00,146 INFO  - distance to RSU = 91.1559024428591 (at simulation time 414.000,000,010 s)
2025-05-28 00:20:00,146 INFO  - ------------------------------------------------------------------------------------- (at simulation time 414.000,000,010 s)
2025-05-28 00:20:00,146 INFO  - I have no neighbours to send! (at simulation time 414.000,000,010 s)
2025-05-28 00:20:00,146 INFO  - ------------------------------------------------------------------------------------- (at simulation time 414.000,000,010 s)
2025-05-28 00:20:00,146 INFO  - Tried sending message to other car (at simulation time 414.000,000,010 s)
2025-05-28 00:20:00,146 INFO  - ACK = false (at simulation time 414.000,000,010 s)
2025-05-28 00:20:00,146 INFO  - ------------------------------------------------------------------------------------- (at simulation time 414.000,000,010 s)
2025-05-28 00:20:00,146 INFO  - ------------------------------------------------------------------------------------- (at simulation time 414.000,000,010 s)
2025-05-28 00:20:00,146 INFO  - ------------------------------------------------------------------------------------- (at simulation time 414.000,000,010 s)
2025-05-28 00:20:00,146 INFO  - Processing event (at simulation time 414.000,000,010 s)
2025-05-28 00:20:00,146 INFO  - ------------------------------------------------------------------------------------- (at simulation time 414.000,000,010 s)
2025-05-28 00:20:00,146 INFO  - My Route = r_1 (at simulation time 414.000,000,010 s)
2025-05-28 00:20:00,146 INFO  - distance to RSU = 91.1559024428591 (at simulation time 414.000,000,010 s)
2025-05-28 00:20:00,146 INFO  - ------------------------------------------------------------------------------------- (at simulation time 414.000,000,010 s)
2025-05-28 00:20:00,146 INFO  - I have no neighbours to send! (at simulation time 414.000,000,010 s)
2025-05-28 00:20:00,146 INFO  - ------------------------------------------------------------------------------------- (at simulation time 414.000,000,010 s)
2025-05-28 00:20:00,146 INFO  - Tried sending message to other car (at simulation time 414.000,000,010 s)
2025-05-28 00:20:00,146 INFO  - ACK = false (at simulation time 414.000,000,010 s)
2025-05-28 00:20:00,146 INFO  - ------------------------------------------------------------------------------------- (at simulation time 414.000,000,010 s)
2025-05-28 00:20:00,146 INFO  - ------------------------------------------------------------------------------------- (at simulation time 414.000,000,010 s)
2025-05-28 00:20:00,147 INFO  - ------------------------------------------------------------------------------------- (at simulation time 414.000,000,010 s)
2025-05-28 00:20:00,147 INFO  - Processing event (at simulation time 414.000,000,010 s)
2025-05-28 00:20:00,147 INFO  - ------------------------------------------------------------------------------------- (at simulation time 414.000,000,010 s)
2025-05-28 00:20:00,147 INFO  - My Route = r_1 (at simulation time 414.000,000,010 s)
2025-05-28 00:20:00,147 INFO  - distance to RSU = 91.1559024428591 (at simulation time 414.000,000,010 s)
2025-05-28 00:20:00,147 INFO  - ------------------------------------------------------------------------------------- (at simulation time 414.000,000,010 s)
2025-05-28 00:20:00,147 INFO  - I have no neighbours to send! (at simulation time 414.000,000,010 s)
2025-05-28 00:20:00,147 INFO  - ------------------------------------------------------------------------------------- (at simulation time 414.000,000,010 s)
2025-05-28 00:20:00,147 INFO  - Tried sending message to other car (at simulation time 414.000,000,010 s)
2025-05-28 00:20:00,147 INFO  - ACK = false (at simulation time 414.000,000,010 s)
2025-05-28 00:20:00,147 INFO  - ------------------------------------------------------------------------------------- (at simulation time 414.000,000,010 s)
2025-05-28 00:20:00,147 INFO  - ------------------------------------------------------------------------------------- (at simulation time 414.000,000,010 s)
2025-05-28 00:20:00,150 INFO  - ------------------------------------------------------------------------------------- (at simulation time 415.000,000,000 s)
2025-05-28 00:20:00,150 INFO  - My Route = r_1 (at simulation time 415.000,000,000 s)
2025-05-28 00:20:00,150 INFO  - distance to RSU = 84.06823481669112 (at simulation time 415.000,000,000 s)
2025-05-28 00:20:00,150 INFO  - ------------------------------------------------------------------------------------- (at simulation time 415.000,000,000 s)
2025-05-28 00:20:00,150 INFO  - I have no neighbours to send! (at simulation time 415.000,000,000 s)
2025-05-28 00:20:00,150 INFO  - ------------------------------------------------------------------------------------- (at simulation time 415.000,000,000 s)
2025-05-28 00:20:00,150 INFO  - Tried sending message to other car (at simulation time 415.000,000,000 s)
2025-05-28 00:20:00,150 INFO  - ACK = false (at simulation time 415.000,000,000 s)
2025-05-28 00:20:00,150 INFO  - ------------------------------------------------------------------------------------- (at simulation time 415.000,000,000 s)
2025-05-28 00:20:00,151 INFO  - ------------------------------------------------------------------------------------- (at simulation time 415.000,000,000 s)
2025-05-28 00:20:00,151 INFO  - Processing event (at simulation time 415.000,000,000 s)
2025-05-28 00:20:00,151 INFO  - ------------------------------------------------------------------------------------- (at simulation time 415.000,000,000 s)
2025-05-28 00:20:00,151 INFO  - My Route = r_1 (at simulation time 415.000,000,000 s)
2025-05-28 00:20:00,151 INFO  - distance to RSU = 84.06823481669112 (at simulation time 415.000,000,000 s)
2025-05-28 00:20:00,151 INFO  - ------------------------------------------------------------------------------------- (at simulation time 415.000,000,000 s)
2025-05-28 00:20:00,151 INFO  - I have no neighbours to send! (at simulation time 415.000,000,000 s)
2025-05-28 00:20:00,151 INFO  - ------------------------------------------------------------------------------------- (at simulation time 415.000,000,000 s)
2025-05-28 00:20:00,151 INFO  - Tried sending message to other car (at simulation time 415.000,000,000 s)
2025-05-28 00:20:00,151 INFO  - ACK = false (at simulation time 415.000,000,000 s)
2025-05-28 00:20:00,151 INFO  - ------------------------------------------------------------------------------------- (at simulation time 415.000,000,000 s)
2025-05-28 00:20:00,151 INFO  - ------------------------------------------------------------------------------------- (at simulation time 415.000,000,000 s)
2025-05-28 00:20:00,151 INFO  - ------------------------------------------------------------------------------------- (at simulation time 415.000,000,000 s)
2025-05-28 00:20:00,151 INFO  - Processing event (at simulation time 415.000,000,000 s)
2025-05-28 00:20:00,151 INFO  - ------------------------------------------------------------------------------------- (at simulation time 415.000,000,000 s)
2025-05-28 00:20:00,151 INFO  - My Route = r_1 (at simulation time 415.000,000,000 s)
2025-05-28 00:20:00,151 INFO  - distance to RSU = 84.06823481669112 (at simulation time 415.000,000,000 s)
2025-05-28 00:20:00,151 INFO  - ------------------------------------------------------------------------------------- (at simulation time 415.000,000,000 s)
2025-05-28 00:20:00,151 INFO  - I have no neighbours to send! (at simulation time 415.000,000,000 s)
2025-05-28 00:20:00,151 INFO  - ------------------------------------------------------------------------------------- (at simulation time 415.000,000,000 s)
2025-05-28 00:20:00,151 INFO  - Tried sending message to other car (at simulation time 415.000,000,000 s)
2025-05-28 00:20:00,151 INFO  - ACK = false (at simulation time 415.000,000,000 s)
2025-05-28 00:20:00,151 INFO  - ------------------------------------------------------------------------------------- (at simulation time 415.000,000,000 s)
2025-05-28 00:20:00,151 INFO  - ------------------------------------------------------------------------------------- (at simulation time 415.000,000,000 s)
2025-05-28 00:20:00,152 INFO  - ------------------------------------------------------------------------------------- (at simulation time 415.000,000,000 s)
2025-05-28 00:20:00,152 INFO  - Processing event (at simulation time 415.000,000,000 s)
2025-05-28 00:20:00,152 INFO  - ------------------------------------------------------------------------------------- (at simulation time 415.000,000,000 s)
2025-05-28 00:20:00,152 INFO  - My Route = r_1 (at simulation time 415.000,000,000 s)
2025-05-28 00:20:00,152 INFO  - distance to RSU = 84.06823481669112 (at simulation time 415.000,000,000 s)
2025-05-28 00:20:00,152 INFO  - ------------------------------------------------------------------------------------- (at simulation time 415.000,000,000 s)
2025-05-28 00:20:00,152 INFO  - I have no neighbours to send! (at simulation time 415.000,000,000 s)
2025-05-28 00:20:00,152 INFO  - ------------------------------------------------------------------------------------- (at simulation time 415.000,000,000 s)
2025-05-28 00:20:00,152 INFO  - Tried sending message to other car (at simulation time 415.000,000,000 s)
2025-05-28 00:20:00,152 INFO  - ACK = false (at simulation time 415.000,000,000 s)
2025-05-28 00:20:00,152 INFO  - ------------------------------------------------------------------------------------- (at simulation time 415.000,000,000 s)
2025-05-28 00:20:00,152 INFO  - ------------------------------------------------------------------------------------- (at simulation time 415.000,000,000 s)
2025-05-28 00:20:00,153 INFO  - ------------------------------------------------------------------------------------- (at simulation time 415.000,000,000 s)
2025-05-28 00:20:00,153 INFO  - Processing event (at simulation time 415.000,000,000 s)
2025-05-28 00:20:00,153 INFO  - ------------------------------------------------------------------------------------- (at simulation time 415.000,000,000 s)
2025-05-28 00:20:00,153 INFO  - My Route = r_1 (at simulation time 415.000,000,000 s)
2025-05-28 00:20:00,153 INFO  - distance to RSU = 84.06823481669112 (at simulation time 415.000,000,000 s)
2025-05-28 00:20:00,153 INFO  - ------------------------------------------------------------------------------------- (at simulation time 415.000,000,000 s)
2025-05-28 00:20:00,153 INFO  - I have no neighbours to send! (at simulation time 415.000,000,000 s)
2025-05-28 00:20:00,153 INFO  - ------------------------------------------------------------------------------------- (at simulation time 415.000,000,000 s)
2025-05-28 00:20:00,153 INFO  - Tried sending message to other car (at simulation time 415.000,000,000 s)
2025-05-28 00:20:00,153 INFO  - ACK = false (at simulation time 415.000,000,000 s)
2025-05-28 00:20:00,153 INFO  - ------------------------------------------------------------------------------------- (at simulation time 415.000,000,000 s)
2025-05-28 00:20:00,153 INFO  - ------------------------------------------------------------------------------------- (at simulation time 415.000,000,000 s)
2025-05-28 00:20:00,153 INFO  - ------------------------------------------------------------------------------------- (at simulation time 415.000,000,000 s)
2025-05-28 00:20:00,153 INFO  - Processing event (at simulation time 415.000,000,000 s)
2025-05-28 00:20:00,153 INFO  - ------------------------------------------------------------------------------------- (at simulation time 415.000,000,000 s)
2025-05-28 00:20:00,153 INFO  - My Route = r_1 (at simulation time 415.000,000,000 s)
2025-05-28 00:20:00,153 INFO  - distance to RSU = 84.06823481669112 (at simulation time 415.000,000,000 s)
2025-05-28 00:20:00,153 INFO  - ------------------------------------------------------------------------------------- (at simulation time 415.000,000,000 s)
2025-05-28 00:20:00,153 INFO  - I have no neighbours to send! (at simulation time 415.000,000,000 s)
2025-05-28 00:20:00,153 INFO  - ------------------------------------------------------------------------------------- (at simulation time 415.000,000,000 s)
2025-05-28 00:20:00,153 INFO  - Tried sending message to other car (at simulation time 415.000,000,000 s)
2025-05-28 00:20:00,153 INFO  - ACK = false (at simulation time 415.000,000,000 s)
2025-05-28 00:20:00,153 INFO  - ------------------------------------------------------------------------------------- (at simulation time 415.000,000,000 s)
2025-05-28 00:20:00,153 INFO  - ------------------------------------------------------------------------------------- (at simulation time 415.000,000,000 s)
2025-05-28 00:20:00,154 INFO  - ------------------------------------------------------------------------------------- (at simulation time 415.000,000,000 s)
2025-05-28 00:20:00,154 INFO  - Processing event (at simulation time 415.000,000,000 s)
2025-05-28 00:20:00,154 INFO  - ------------------------------------------------------------------------------------- (at simulation time 415.000,000,000 s)
2025-05-28 00:20:00,154 INFO  - My Route = r_1 (at simulation time 415.000,000,000 s)
2025-05-28 00:20:00,154 INFO  - distance to RSU = 84.06823481669112 (at simulation time 415.000,000,000 s)
2025-05-28 00:20:00,154 INFO  - ------------------------------------------------------------------------------------- (at simulation time 415.000,000,000 s)
2025-05-28 00:20:00,154 INFO  - I have no neighbours to send! (at simulation time 415.000,000,000 s)
2025-05-28 00:20:00,154 INFO  - ------------------------------------------------------------------------------------- (at simulation time 415.000,000,000 s)
2025-05-28 00:20:00,154 INFO  - Tried sending message to other car (at simulation time 415.000,000,000 s)
2025-05-28 00:20:00,154 INFO  - ACK = false (at simulation time 415.000,000,000 s)
2025-05-28 00:20:00,154 INFO  - ------------------------------------------------------------------------------------- (at simulation time 415.000,000,000 s)
2025-05-28 00:20:00,154 INFO  - ------------------------------------------------------------------------------------- (at simulation time 415.000,000,000 s)
2025-05-28 00:20:00,154 INFO  - ------------------------------------------------------------------------------------- (at simulation time 415.000,000,000 s)
2025-05-28 00:20:00,154 INFO  - Processing event (at simulation time 415.000,000,000 s)
2025-05-28 00:20:00,154 INFO  - ------------------------------------------------------------------------------------- (at simulation time 415.000,000,000 s)
2025-05-28 00:20:00,154 INFO  - My Route = r_1 (at simulation time 415.000,000,000 s)
2025-05-28 00:20:00,154 INFO  - distance to RSU = 84.06823481669112 (at simulation time 415.000,000,000 s)
2025-05-28 00:20:00,154 INFO  - ------------------------------------------------------------------------------------- (at simulation time 415.000,000,000 s)
2025-05-28 00:20:00,154 INFO  - I have no neighbours to send! (at simulation time 415.000,000,000 s)
2025-05-28 00:20:00,154 INFO  - ------------------------------------------------------------------------------------- (at simulation time 415.000,000,000 s)
2025-05-28 00:20:00,154 INFO  - Tried sending message to other car (at simulation time 415.000,000,000 s)
2025-05-28 00:20:00,154 INFO  - ACK = false (at simulation time 415.000,000,000 s)
2025-05-28 00:20:00,154 INFO  - ------------------------------------------------------------------------------------- (at simulation time 415.000,000,000 s)
2025-05-28 00:20:00,154 INFO  - ------------------------------------------------------------------------------------- (at simulation time 415.000,000,000 s)
