2025-06-04 14:59:28,691 INFO  - Initialize veh_83 application (at simulation time 428.000,000,000 s)
2025-06-04 14:59:28,692 INFO  - Sent InterVehicleMsg: veh_83 | CartesianPoint{x=-0.00,y=532.14,z=0.00} | {:.2f} m/s (at simulation time 7.819550391432398)
2025-06-04 14:59:28,698 INFO  - Sent InterVehicleMsg: veh_83 | CartesianPoint{x=7.12,y=532.12,z=0.00} | {:.2f} m/s (at simulation time 7.117882763204665)
2025-06-04 14:59:28,702 INFO  - Sent InterVehicleMsg: veh_83 | CartesianPoint{x=14.25,y=532.10,z=0.00} | {:.2f} m/s (at simulation time 7.129406899662257)
2025-06-04 14:59:28,707 INFO  - Sent InterVehicleMsg: veh_83 | CartesianPoint{x=21.03,y=532.08,z=0.00} | {:.2f} m/s (at simulation time 6.785517988290207)
2025-06-04 14:59:28,712 INFO  - Sent InterVehicleMsg: veh_83 | CartesianPoint{x=28.18,y=532.06,z=0.00} | {:.2f} m/s (at simulation time 7.150929208245628)
2025-06-04 14:59:28,717 INFO  - Sent InterVehicleMsg: veh_83 | CartesianPoint{x=35.74,y=532.02,z=0.00} | {:.2f} m/s (at simulation time 7.550460025511251)
2025-06-04 14:59:28,724 INFO  - Sent InterVehicleMsg: veh_83 | CartesianPoint{x=43.07,y=532.07,z=0.00} | {:.2f} m/s (at simulation time 7.330748207989649)
2025-06-04 14:59:28,729 INFO  - Sent InterVehicleMsg: veh_83 | CartesianPoint{x=49.63,y=532.12,z=0.00} | {:.2f} m/s (at simulation time 6.563198090606869)
2025-06-04 14:59:28,733 INFO  - Sent InterVehicleMsg: veh_83 | CartesianPoint{x=56.63,y=532.17,z=0.00} | {:.2f} m/s (at simulation time 7.001872946281487)
2025-06-04 14:59:28,738 INFO  - Sent InterVehicleMsg: veh_83 | CartesianPoint{x=63.63,y=532.21,z=0.00} | {:.2f} m/s (at simulation time 7.001000040333287)
2025-06-04 14:59:28,746 INFO  - Sent InterVehicleMsg: veh_83 | CartesianPoint{x=71.10,y=532.22,z=0.00} | {:.2f} m/s (at simulation time 7.4644512129077105)
2025-06-04 14:59:28,751 INFO  - Sent InterVehicleMsg: veh_83 | CartesianPoint{x=78.81,y=532.24,z=0.00} | {:.2f} m/s (at simulation time 7.717308589798899)
2025-06-04 14:59:28,756 INFO  - Sent InterVehicleMsg: veh_83 | CartesianPoint{x=85.80,y=532.26,z=0.00} | {:.2f} m/s (at simulation time 6.989128024858923)
2025-06-04 14:59:28,761 INFO  - Sent InterVehicleMsg: veh_83 | CartesianPoint{x=92.51,y=532.19,z=0.00} | {:.2f} m/s (at simulation time 6.707220370095723)
2025-06-04 14:59:28,765 INFO  - Sent InterVehicleMsg: veh_83 | CartesianPoint{x=100.06,y=532.09,z=0.00} | {:.2f} m/s (at simulation time 7.553932537493796)
2025-06-04 14:59:28,770 INFO  - Sent InterVehicleMsg: veh_83 | CartesianPoint{x=107.39,y=532.00,z=0.00} | {:.2f} m/s (at simulation time 7.327692328446114)
2025-06-04 14:59:28,777 INFO  - Sent InterVehicleMsg: veh_83 | CartesianPoint{x=114.06,y=531.92,z=0.00} | {:.2f} m/s (at simulation time 6.66768635868238)
2025-06-04 14:59:28,783 INFO  - Sent InterVehicleMsg: veh_83 | CartesianPoint{x=118.43,y=531.86,z=0.00} | {:.2f} m/s (at simulation time 4.368077640919914)
2025-06-04 14:59:28,844 INFO  - Sent InterVehicleMsg: veh_83 | CartesianPoint{x=119.47,y=531.85,z=0.00} | {:.2f} m/s (at simulation time 1.0438638205728528)
2025-06-04 14:59:28,849 INFO  - Sent InterVehicleMsg: veh_83 | CartesianPoint{x=119.97,y=531.84,z=0.00} | {:.2f} m/s (at simulation time 0.49427015094408777)
2025-06-04 14:59:28,855 INFO  - Sent InterVehicleMsg: veh_83 | CartesianPoint{x=120.29,y=531.84,z=0.00} | {:.2f} m/s (at simulation time 0.32112715259277147)
2025-06-04 14:59:28,864 INFO  - Sent InterVehicleMsg: veh_83 | CartesianPoint{x=120.33,y=531.84,z=0.00} | {:.2f} m/s (at simulation time 0.04364552854304311)
2025-06-04 14:59:28,870 INFO  - Sent InterVehicleMsg: veh_83 | CartesianPoint{x=120.34,y=531.84,z=0.00} | {:.2f} m/s (at simulation time 0.006405816038763657)
2025-06-04 14:59:28,876 INFO  - Sent InterVehicleMsg: veh_83 | CartesianPoint{x=120.34,y=531.84,z=0.00} | {:.2f} m/s (at simulation time 7.813520963767856E-4)
2025-06-04 14:59:28,882 INFO  - Sent InterVehicleMsg: veh_83 | CartesianPoint{x=120.34,y=531.84,z=0.00} | {:.2f} m/s (at simulation time 1.969133178911572E-4)
2025-06-04 14:59:28,888 INFO  - Sent InterVehicleMsg: veh_83 | CartesianPoint{x=120.34,y=531.84,z=0.00} | {:.2f} m/s (at simulation time 1.3623795754445935E-4)
2025-06-04 14:59:28,978 INFO  - Sent InterVehicleMsg: veh_83 | CartesianPoint{x=122.04,y=531.82,z=0.00} | {:.2f} m/s (at simulation time 1.6979560235424613)
2025-06-04 14:59:28,987 INFO  - Sent InterVehicleMsg: veh_83 | CartesianPoint{x=124.22,y=531.79,z=0.00} | {:.2f} m/s (at simulation time 2.1810586752370984)
2025-06-04 14:59:29,052 INFO  - Sent InterVehicleMsg: veh_83 | CartesianPoint{x=128.80,y=531.73,z=0.00} | {:.2f} m/s (at simulation time 4.584880952048214)
2025-06-04 14:59:29,064 INFO  - Sent InterVehicleMsg: veh_83 | CartesianPoint{x=134.64,y=531.66,z=0.00} | {:.2f} m/s (at simulation time 5.8440452636801155)
2025-06-04 14:59:29,072 INFO  - Sent InterVehicleMsg: veh_83 | CartesianPoint{x=140.77,y=531.62,z=0.00} | {:.2f} m/s (at simulation time 6.140636832942968)
2025-06-04 14:59:29,080 INFO  - Sent InterVehicleMsg: veh_83 | CartesianPoint{x=148.29,y=531.56,z=0.00} | {:.2f} m/s (at simulation time 7.531736952925715)
2025-06-04 14:59:29,087 INFO  - Sent InterVehicleMsg: veh_83 | CartesianPoint{x=155.88,y=531.61,z=0.00} | {:.2f} m/s (at simulation time 7.5970036745597955)
2025-06-04 14:59:29,094 INFO  - Sent InterVehicleMsg: veh_83 | CartesianPoint{x=163.57,y=531.66,z=0.00} | {:.2f} m/s (at simulation time 7.688452399621286)
2025-06-04 14:59:29,102 INFO  - Sent InterVehicleMsg: veh_83 | CartesianPoint{x=170.16,y=531.71,z=0.00} | {:.2f} m/s (at simulation time 6.587994134967715)
2025-06-04 14:59:29,110 INFO  - Sent InterVehicleMsg: veh_83 | CartesianPoint{x=177.23,y=531.76,z=0.00} | {:.2f} m/s (at simulation time 7.071185457526275)
2025-06-04 14:59:29,118 INFO  - Sent InterVehicleMsg: veh_83 | CartesianPoint{x=183.99,y=531.80,z=0.00} | {:.2f} m/s (at simulation time 6.761871864885592)
2025-06-04 14:59:29,127 INFO  - Sent InterVehicleMsg: veh_83 | CartesianPoint{x=190.58,y=531.85,z=0.00} | {:.2f} m/s (at simulation time 6.594530632259824)
2025-06-04 14:59:29,136 INFO  - Sent InterVehicleMsg: veh_83 | CartesianPoint{x=196.31,y=531.89,z=0.00} | {:.2f} m/s (at simulation time 5.731389103057221)
2025-06-04 14:59:29,145 INFO  - Sent InterVehicleMsg: veh_83 | CartesianPoint{x=203.39,y=531.94,z=0.00} | {:.2f} m/s (at simulation time 7.074280000786797)
2025-06-04 14:59:29,159 INFO  - Sent InterVehicleMsg: veh_83 | CartesianPoint{x=210.95,y=531.99,z=0.00} | {:.2f} m/s (at simulation time 7.569363725820125)
2025-06-04 14:59:29,168 INFO  - Sent InterVehicleMsg: veh_83 | CartesianPoint{x=215.26,y=532.02,z=0.00} | {:.2f} m/s (at simulation time 4.311071857905629)
2025-06-04 14:59:29,177 INFO  - Sent InterVehicleMsg: veh_83 | CartesianPoint{x=221.08,y=532.03,z=0.00} | {:.2f} m/s (at simulation time 5.807608657146487)
2025-06-04 14:59:29,185 INFO  - Sent InterVehicleMsg: veh_83 | CartesianPoint{x=227.72,y=532.04,z=0.00} | {:.2f} m/s (at simulation time 6.629582115711213)
2025-06-04 14:59:29,252 INFO  - Sent InterVehicleMsg: veh_83 | CartesianPoint{x=234.56,y=532.03,z=0.00} | {:.2f} m/s (at simulation time 6.838981819461599)
2025-06-04 14:59:29,262 INFO  - Sent InterVehicleMsg: veh_83 | CartesianPoint{x=241.50,y=532.02,z=0.00} | {:.2f} m/s (at simulation time 6.936254300113336)
2025-06-04 14:59:29,271 INFO  - Sent InterVehicleMsg: veh_83 | CartesianPoint{x=248.57,y=532.01,z=0.00} | {:.2f} m/s (at simulation time 7.074081995204591)
2025-06-04 14:59:29,282 INFO  - Sent InterVehicleMsg: veh_83 | CartesianPoint{x=255.93,y=531.99,z=0.00} | {:.2f} m/s (at simulation time 7.356077286677004)
2025-06-04 14:59:29,294 INFO  - Sent InterVehicleMsg: veh_83 | CartesianPoint{x=263.30,y=531.98,z=0.00} | {:.2f} m/s (at simulation time 7.372736224025988)
2025-06-04 14:59:29,304 INFO  - Sent InterVehicleMsg: veh_83 | CartesianPoint{x=269.95,y=531.97,z=0.00} | {:.2f} m/s (at simulation time 6.6474514412754555)
2025-06-04 14:59:29,319 INFO  - Sent InterVehicleMsg: veh_83 | CartesianPoint{x=276.95,y=531.96,z=0.00} | {:.2f} m/s (at simulation time 6.999568821146653)
2025-06-04 14:59:29,328 INFO  - Sent InterVehicleMsg: veh_83 | CartesianPoint{x=283.48,y=531.95,z=0.00} | {:.2f} m/s (at simulation time 6.531628861191251)
2025-06-04 14:59:29,338 INFO  - Sent InterVehicleMsg: veh_83 | CartesianPoint{x=290.96,y=531.94,z=0.00} | {:.2f} m/s (at simulation time 7.481993871863501)
2025-06-04 14:59:29,346 INFO  - Sent InterVehicleMsg: veh_83 | CartesianPoint{x=297.86,y=531.93,z=0.00} | {:.2f} m/s (at simulation time 6.90386542974183)
2025-06-04 14:59:29,355 INFO  - Sent InterVehicleMsg: veh_83 | CartesianPoint{x=305.41,y=531.92,z=0.00} | {:.2f} m/s (at simulation time 7.546370925038622)
2025-06-04 14:59:29,363 INFO  - Sent InterVehicleMsg: veh_83 | CartesianPoint{x=312.32,y=531.91,z=0.00} | {:.2f} m/s (at simulation time 6.913953642460086)
2025-06-04 14:59:29,371 INFO  - Sent InterVehicleMsg: veh_83 | CartesianPoint{x=319.16,y=531.91,z=0.00} | {:.2f} m/s (at simulation time 6.833656124753446)
2025-06-04 14:59:29,377 INFO  - Sent InterVehicleMsg: veh_83 | CartesianPoint{x=326.24,y=531.90,z=0.00} | {:.2f} m/s (at simulation time 7.085009021527634)
2025-06-04 14:59:29,383 INFO  - Sent InterVehicleMsg: veh_83 | CartesianPoint{x=333.50,y=531.89,z=0.00} | {:.2f} m/s (at simulation time 7.260024165368208)
2025-06-04 14:59:29,433 INFO  - Sent InterVehicleMsg: veh_83 | CartesianPoint{x=341.21,y=531.88,z=0.00} | {:.2f} m/s (at simulation time 7.7076328876256355)
2025-06-04 14:59:29,444 INFO  - Sent InterVehicleMsg: veh_83 | CartesianPoint{x=348.33,y=528.67,z=0.00} | {:.2f} m/s (at simulation time 7.132428341202007)
2025-06-04 14:59:29,451 INFO  - Shutdown application (at simulation time 501.000,000,000 s)
