2025-06-04 14:59:24,328 INFO  - Initialize veh_20 application (at simulation time 109.000,000,000 s)
2025-06-04 14:59:24,331 INFO  - Sent InterVehicleMsg: veh_20 | CartesianPoint{x=143.94,y=749.34,z=0.00} | {:.2f} m/s (at simulation time 8.710088930886231)
2025-06-04 14:59:24,341 INFO  - Sent InterVehicleMsg: veh_20 | CartesianPoint{x=143.92,y=741.28,z=0.00} | {:.2f} m/s (at simulation time 8.056128184219814)
2025-06-04 14:59:24,349 INFO  - Sent InterVehicleMsg: veh_20 | CartesianPoint{x=143.89,y=733.84,z=0.00} | {:.2f} m/s (at simulation time 7.445642342559985)
2025-06-04 14:59:24,356 INFO  - Sent InterVehicleMsg: veh_20 | CartesianPoint{x=143.87,y=725.63,z=0.00} | {:.2f} m/s (at simulation time 8.20623092418722)
2025-06-04 14:59:24,365 INFO  - Sent InterVehicleMsg: veh_20 | CartesianPoint{x=143.84,y=717.62,z=0.00} | {:.2f} m/s (at simulation time 8.008721857985474)
2025-06-04 14:59:24,375 INFO  - Sent InterVehicleMsg: veh_20 | CartesianPoint{x=143.81,y=709.09,z=0.00} | {:.2f} m/s (at simulation time 8.537198812586247)
2025-06-04 14:59:24,384 INFO  - Sent InterVehicleMsg: veh_20 | CartesianPoint{x=143.78,y=700.52,z=0.00} | {:.2f} m/s (at simulation time 8.564502288193435)
2025-06-04 14:59:24,393 INFO  - Sent InterVehicleMsg: veh_20 | CartesianPoint{x=140.56,y=692.41,z=0.00} | {:.2f} m/s (at simulation time 8.123620824773788)
2025-06-04 14:59:24,401 INFO  - Sent InterVehicleMsg: veh_20 | CartesianPoint{x=140.53,y=684.24,z=0.00} | {:.2f} m/s (at simulation time 8.175907660580233)
2025-06-04 14:59:24,410 INFO  - Sent InterVehicleMsg: veh_20 | CartesianPoint{x=140.50,y=676.45,z=0.00} | {:.2f} m/s (at simulation time 7.784744563002132)
2025-06-04 14:59:24,419 INFO  - Sent InterVehicleMsg: veh_20 | CartesianPoint{x=140.48,y=668.18,z=0.00} | {:.2f} m/s (at simulation time 8.273446410500437)
2025-06-04 14:59:24,436 INFO  - Sent InterVehicleMsg: veh_20 | CartesianPoint{x=140.46,y=659.54,z=0.00} | {:.2f} m/s (at simulation time 8.636041866221458)
2025-06-04 14:59:24,446 INFO  - Sent InterVehicleMsg: veh_20 | CartesianPoint{x=140.44,y=652.06,z=0.00} | {:.2f} m/s (at simulation time 7.4784973392747265)
2025-06-04 14:59:24,455 INFO  - Sent InterVehicleMsg: veh_20 | CartesianPoint{x=140.42,y=644.14,z=0.00} | {:.2f} m/s (at simulation time 7.925444448810994)
2025-06-04 14:59:24,465 INFO  - Sent InterVehicleMsg: veh_20 | CartesianPoint{x=140.40,y=635.91,z=0.00} | {:.2f} m/s (at simulation time 8.228131068010807)
2025-06-04 14:59:24,476 INFO  - Sent InterVehicleMsg: veh_20 | CartesianPoint{x=140.38,y=628.16,z=0.00} | {:.2f} m/s (at simulation time 7.748563069479532)
2025-06-04 14:59:24,487 INFO  - Sent InterVehicleMsg: veh_20 | CartesianPoint{x=140.36,y=619.79,z=0.00} | {:.2f} m/s (at simulation time 8.376696231334462)
2025-06-04 14:59:24,497 INFO  - Sent InterVehicleMsg: veh_20 | CartesianPoint{x=140.34,y=611.74,z=0.00} | {:.2f} m/s (at simulation time 8.04936529724113)
2025-06-04 14:59:24,508 INFO  - Sent InterVehicleMsg: veh_20 | CartesianPoint{x=140.32,y=603.38,z=0.00} | {:.2f} m/s (at simulation time 8.358873094410628)
2025-06-04 14:59:24,519 INFO  - Sent InterVehicleMsg: veh_20 | CartesianPoint{x=140.27,y=595.40,z=0.00} | {:.2f} m/s (at simulation time 7.975595159201875)
2025-06-04 14:59:24,534 INFO  - Sent InterVehicleMsg: veh_20 | CartesianPoint{x=140.23,y=586.95,z=0.00} | {:.2f} m/s (at simulation time 8.458313555109306)
2025-06-04 14:59:24,553 INFO  - Sent InterVehicleMsg: veh_20 | CartesianPoint{x=140.19,y=579.10,z=0.00} | {:.2f} m/s (at simulation time 7.844437778277315)
2025-06-04 14:59:24,565 INFO  - Sent InterVehicleMsg: veh_20 | CartesianPoint{x=140.14,y=570.60,z=0.00} | {:.2f} m/s (at simulation time 8.504072415877125)
2025-06-04 14:59:24,576 INFO  - Sent InterVehicleMsg: veh_20 | CartesianPoint{x=140.10,y=562.13,z=0.00} | {:.2f} m/s (at simulation time 8.471300834395915)
2025-06-04 14:59:24,588 INFO  - Sent InterVehicleMsg: veh_20 | CartesianPoint{x=140.06,y=554.12,z=0.00} | {:.2f} m/s (at simulation time 8.00440794085338)
2025-06-04 14:59:24,605 INFO  - Sent InterVehicleMsg: veh_20 | CartesianPoint{x=140.03,y=548.04,z=0.00} | {:.2f} m/s (at simulation time 6.080612314047042)
2025-06-04 14:59:24,624 INFO  - Sent InterVehicleMsg: veh_20 | CartesianPoint{x=140.01,y=545.70,z=0.00} | {:.2f} m/s (at simulation time 2.339936739715494)
2025-06-04 14:59:24,635 INFO  - Sent InterVehicleMsg: veh_20 | CartesianPoint{x=140.01,y=544.92,z=0.00} | {:.2f} m/s (at simulation time 0.7859773169742176)
2025-06-04 14:59:24,647 INFO  - Sent InterVehicleMsg: veh_20 | CartesianPoint{x=140.01,y=544.71,z=0.00} | {:.2f} m/s (at simulation time 0.20605451634353705)
2025-06-04 14:59:24,659 INFO  - Sent InterVehicleMsg: veh_20 | CartesianPoint{x=140.01,y=544.70,z=0.00} | {:.2f} m/s (at simulation time 0.011993878394826008)
2025-06-04 14:59:24,672 INFO  - Sent InterVehicleMsg: veh_20 | CartesianPoint{x=140.01,y=544.70,z=0.00} | {:.2f} m/s (at simulation time 0.004245196028548127)
2025-06-04 14:59:24,692 INFO  - Sent InterVehicleMsg: veh_20 | CartesianPoint{x=140.01,y=544.69,z=0.00} | {:.2f} m/s (at simulation time 0.0017907812065813583)
2025-06-04 14:59:24,705 INFO  - Sent InterVehicleMsg: veh_20 | CartesianPoint{x=140.01,y=544.69,z=0.00} | {:.2f} m/s (at simulation time 0.001263800691781346)
2025-06-04 14:59:24,716 INFO  - Sent InterVehicleMsg: veh_20 | CartesianPoint{x=140.01,y=544.69,z=0.00} | {:.2f} m/s (at simulation time 1.8863513746676075E-4)
2025-06-04 14:59:25,306 INFO  - Sent InterVehicleMsg: veh_20 | CartesianPoint{x=140.00,y=543.58,z=0.00} | {:.2f} m/s (at simulation time 1.1137775344750533)
2025-06-04 14:59:25,316 INFO  - Sent InterVehicleMsg: veh_20 | CartesianPoint{x=139.99,y=540.21,z=0.00} | {:.2f} m/s (at simulation time 3.3673838838911307)
2025-06-04 14:59:25,417 INFO  - Sent InterVehicleMsg: veh_20 | CartesianPoint{x=139.95,y=535.11,z=0.00} | {:.2f} m/s (at simulation time 5.097781813538137)
2025-06-04 14:59:25,426 INFO  - Sent InterVehicleMsg: veh_20 | CartesianPoint{x=139.89,y=527.47,z=0.00} | {:.2f} m/s (at simulation time 7.647411079120326)
2025-06-04 14:59:25,441 INFO  - Sent InterVehicleMsg: veh_20 | CartesianPoint{x=139.82,y=519.35,z=0.00} | {:.2f} m/s (at simulation time 8.127926630646508)
2025-06-04 14:59:25,449 INFO  - Sent InterVehicleMsg: veh_20 | CartesianPoint{x=139.76,y=512.99,z=0.00} | {:.2f} m/s (at simulation time 6.3525077543294755)
2025-06-04 14:59:25,459 INFO  - Sent InterVehicleMsg: veh_20 | CartesianPoint{x=139.68,y=505.46,z=0.00} | {:.2f} m/s (at simulation time 7.525477169184068)
2025-06-04 14:59:25,466 INFO  - Sent InterVehicleMsg: veh_20 | CartesianPoint{x=139.62,y=498.63,z=0.00} | {:.2f} m/s (at simulation time 6.824143043520067)
2025-06-04 14:59:25,474 INFO  - Sent InterVehicleMsg: veh_20 | CartesianPoint{x=139.56,y=492.59,z=0.00} | {:.2f} m/s (at simulation time 6.037025459354461)
2025-06-04 14:59:25,481 INFO  - Sent InterVehicleMsg: veh_20 | CartesianPoint{x=139.49,y=485.47,z=0.00} | {:.2f} m/s (at simulation time 7.11418581247513)
2025-06-04 14:59:25,487 INFO  - Sent InterVehicleMsg: veh_20 | CartesianPoint{x=139.43,y=478.64,z=0.00} | {:.2f} m/s (at simulation time 6.82405572505631)
2025-06-04 14:59:25,493 INFO  - Sent InterVehicleMsg: veh_20 | CartesianPoint{x=139.36,y=471.68,z=0.00} | {:.2f} m/s (at simulation time 6.9572011578999655)
2025-06-04 14:59:25,500 INFO  - Sent InterVehicleMsg: veh_20 | CartesianPoint{x=139.30,y=464.99,z=0.00} | {:.2f} m/s (at simulation time 6.687327298058973)
2025-06-04 14:59:25,506 INFO  - Sent InterVehicleMsg: veh_20 | CartesianPoint{x=139.22,y=457.63,z=0.00} | {:.2f} m/s (at simulation time 7.355657942553547)
2025-06-04 14:59:25,519 INFO  - Sent InterVehicleMsg: veh_20 | CartesianPoint{x=139.19,y=449.97,z=0.00} | {:.2f} m/s (at simulation time 7.653238714635269)
2025-06-04 14:59:25,526 INFO  - Sent InterVehicleMsg: veh_20 | CartesianPoint{x=139.18,y=444.20,z=0.00} | {:.2f} m/s (at simulation time 5.766650287700881)
2025-06-04 14:59:25,601 INFO  - Sent InterVehicleMsg: veh_20 | CartesianPoint{x=139.17,y=436.92,z=0.00} | {:.2f} m/s (at simulation time 7.26807065593233)
2025-06-04 14:59:25,607 INFO  - Sent InterVehicleMsg: veh_20 | CartesianPoint{x=139.15,y=429.89,z=0.00} | {:.2f} m/s (at simulation time 7.025115188804406)
2025-06-04 14:59:25,614 INFO  - Sent InterVehicleMsg: veh_20 | CartesianPoint{x=139.13,y=421.70,z=0.00} | {:.2f} m/s (at simulation time 8.190694895537655)
2025-06-04 14:59:25,620 INFO  - Sent InterVehicleMsg: veh_20 | CartesianPoint{x=139.12,y=416.11,z=0.00} | {:.2f} m/s (at simulation time 5.577266848378034)
2025-06-04 14:59:25,627 INFO  - Sent InterVehicleMsg: veh_20 | CartesianPoint{x=139.11,y=408.60,z=0.00} | {:.2f} m/s (at simulation time 7.508275638310895)
2025-06-04 14:59:25,633 INFO  - Sent InterVehicleMsg: veh_20 | CartesianPoint{x=139.09,y=402.17,z=0.00} | {:.2f} m/s (at simulation time 6.428111786331025)
2025-06-04 14:59:25,640 INFO  - Sent InterVehicleMsg: veh_20 | CartesianPoint{x=139.08,y=395.73,z=0.00} | {:.2f} m/s (at simulation time 6.432963679599677)
2025-06-04 14:59:25,649 INFO  - Sent InterVehicleMsg: veh_20 | CartesianPoint{x=139.07,y=389.47,z=0.00} | {:.2f} m/s (at simulation time 6.252387421192291)
2025-06-04 14:59:25,658 INFO  - Sent InterVehicleMsg: veh_20 | CartesianPoint{x=139.05,y=381.44,z=0.00} | {:.2f} m/s (at simulation time 8.023053772793116)
2025-06-04 14:59:25,672 INFO  - Sent InterVehicleMsg: veh_20 | CartesianPoint{x=139.04,y=374.09,z=0.00} | {:.2f} m/s (at simulation time 7.348961382771937)
2025-06-04 14:59:25,682 INFO  - Sent InterVehicleMsg: veh_20 | CartesianPoint{x=139.02,y=366.36,z=0.00} | {:.2f} m/s (at simulation time 7.721381648772088)
2025-06-04 14:59:25,698 INFO  - Sent InterVehicleMsg: veh_20 | CartesianPoint{x=139.01,y=360.19,z=0.00} | {:.2f} m/s (at simulation time 6.1642998162377305)
2025-06-04 14:59:25,710 INFO  - Sent InterVehicleMsg: veh_20 | CartesianPoint{x=138.97,y=353.63,z=0.00} | {:.2f} m/s (at simulation time 6.560746632254309)
2025-06-04 14:59:25,721 INFO  - Sent InterVehicleMsg: veh_20 | CartesianPoint{x=138.92,y=347.83,z=0.00} | {:.2f} m/s (at simulation time 5.798962595465946)
2025-06-04 14:59:25,800 INFO  - Sent InterVehicleMsg: veh_20 | CartesianPoint{x=138.86,y=340.55,z=0.00} | {:.2f} m/s (at simulation time 7.274119015746525)
2025-06-04 14:59:25,809 INFO  - Sent InterVehicleMsg: veh_20 | CartesianPoint{x=138.80,y=333.60,z=0.00} | {:.2f} m/s (at simulation time 6.947322824163793)
2025-06-04 14:59:25,819 INFO  - Sent InterVehicleMsg: veh_20 | CartesianPoint{x=138.74,y=327.45,z=0.00} | {:.2f} m/s (at simulation time 6.145431269597078)
2025-06-04 14:59:25,826 INFO  - Sent InterVehicleMsg: veh_20 | CartesianPoint{x=138.68,y=320.45,z=0.00} | {:.2f} m/s (at simulation time 6.993108274038866)
2025-06-04 14:59:25,833 INFO  - Sent InterVehicleMsg: veh_20 | CartesianPoint{x=138.63,y=314.17,z=0.00} | {:.2f} m/s (at simulation time 6.2773586471461424)
2025-06-04 14:59:25,865 INFO  - Sent InterVehicleMsg: veh_20 | CartesianPoint{x=138.57,y=307.48,z=0.00} | {:.2f} m/s (at simulation time 6.681009907881311)
2025-06-04 14:59:25,872 INFO  - Sent InterVehicleMsg: veh_20 | CartesianPoint{x=138.51,y=300.88,z=0.00} | {:.2f} m/s (at simulation time 6.592630937154318)
2025-06-04 14:59:25,878 INFO  - Sent InterVehicleMsg: veh_20 | CartesianPoint{x=138.45,y=294.10,z=0.00} | {:.2f} m/s (at simulation time 6.776101124394287)
2025-06-04 14:59:25,886 INFO  - Sent InterVehicleMsg: veh_20 | CartesianPoint{x=138.39,y=286.50,z=0.00} | {:.2f} m/s (at simulation time 7.597204079119403)
2025-06-04 14:59:25,893 INFO  - Sent InterVehicleMsg: veh_20 | CartesianPoint{x=138.34,y=280.66,z=0.00} | {:.2f} m/s (at simulation time 5.831436779921024)
2025-06-04 14:59:25,900 INFO  - Sent InterVehicleMsg: veh_20 | CartesianPoint{x=138.28,y=273.56,z=0.00} | {:.2f} m/s (at simulation time 7.0944771739073635)
2025-06-04 14:59:25,906 INFO  - Sent InterVehicleMsg: veh_20 | CartesianPoint{x=138.21,y=265.68,z=0.00} | {:.2f} m/s (at simulation time 7.882853948324872)
2025-06-04 14:59:25,912 INFO  - Sent InterVehicleMsg: veh_20 | CartesianPoint{x=138.15,y=259.01,z=0.00} | {:.2f} m/s (at simulation time 6.661245766660304)
2025-06-04 14:59:25,919 INFO  - Sent InterVehicleMsg: veh_20 | CartesianPoint{x=138.10,y=252.94,z=0.00} | {:.2f} m/s (at simulation time 6.064866552219415)
2025-06-04 14:59:26,001 INFO  - Sent InterVehicleMsg: veh_20 | CartesianPoint{x=138.04,y=245.48,z=0.00} | {:.2f} m/s (at simulation time 7.458096885336038)
2025-06-04 14:59:26,015 INFO  - Sent InterVehicleMsg: veh_20 | CartesianPoint{x=137.99,y=239.19,z=0.00} | {:.2f} m/s (at simulation time 6.286035557692718)
2025-06-04 14:59:26,022 INFO  - Sent InterVehicleMsg: veh_20 | CartesianPoint{x=137.92,y=231.64,z=0.00} | {:.2f} m/s (at simulation time 7.547519377459786)
2025-06-04 14:59:26,032 INFO  - Sent InterVehicleMsg: veh_20 | CartesianPoint{x=137.87,y=225.24,z=0.00} | {:.2f} m/s (at simulation time 6.387432542078339)
2025-06-04 14:59:26,040 INFO  - Sent InterVehicleMsg: veh_20 | CartesianPoint{x=137.82,y=219.02,z=0.00} | {:.2f} m/s (at simulation time 6.217581837843367)
2025-06-04 14:59:26,048 INFO  - Sent InterVehicleMsg: veh_20 | CartesianPoint{x=137.75,y=210.96,z=0.00} | {:.2f} m/s (at simulation time 8.051492517370484)
2025-06-04 14:59:26,058 INFO  - Sent InterVehicleMsg: veh_20 | CartesianPoint{x=137.69,y=203.71,z=0.00} | {:.2f} m/s (at simulation time 7.253219004457814)
2025-06-04 14:59:26,067 INFO  - Sent InterVehicleMsg: veh_20 | CartesianPoint{x=137.64,y=197.55,z=0.00} | {:.2f} m/s (at simulation time 6.153726058409192)
2025-06-04 14:59:26,076 INFO  - Sent InterVehicleMsg: veh_20 | CartesianPoint{x=137.58,y=190.39,z=0.00} | {:.2f} m/s (at simulation time 7.15147497625549)
2025-06-04 14:59:26,085 INFO  - Sent InterVehicleMsg: veh_20 | CartesianPoint{x=137.52,y=182.54,z=0.00} | {:.2f} m/s (at simulation time 7.847250067236449)
2025-06-04 14:59:26,095 INFO  - Sent InterVehicleMsg: veh_20 | CartesianPoint{x=137.47,y=176.76,z=0.00} | {:.2f} m/s (at simulation time 5.776756079816623)
2025-06-04 14:59:26,109 INFO  - Sent InterVehicleMsg: veh_20 | CartesianPoint{x=137.42,y=170.59,z=0.00} | {:.2f} m/s (at simulation time 6.168275518334779)
2025-06-04 14:59:26,118 INFO  - Sent InterVehicleMsg: veh_20 | CartesianPoint{x=137.36,y=163.77,z=0.00} | {:.2f} m/s (at simulation time 6.814833550634141)
2025-06-04 14:59:26,126 INFO  - Sent InterVehicleMsg: veh_20 | CartesianPoint{x=137.31,y=157.48,z=0.00} | {:.2f} m/s (at simulation time 6.277442851581849)
2025-06-04 14:59:26,216 INFO  - Sent InterVehicleMsg: veh_20 | CartesianPoint{x=137.25,y=149.70,z=0.00} | {:.2f} m/s (at simulation time 7.774357736972403)
2025-06-04 14:59:26,229 INFO  - Sent InterVehicleMsg: veh_20 | CartesianPoint{x=137.19,y=143.23,z=0.00} | {:.2f} m/s (at simulation time 6.472399032482672)
2025-06-04 14:59:26,244 INFO  - Sent InterVehicleMsg: veh_20 | CartesianPoint{x=137.18,y=135.88,z=0.00} | {:.2f} m/s (at simulation time 7.339261008708762)
2025-06-04 14:59:26,260 INFO  - Sent InterVehicleMsg: veh_20 | CartesianPoint{x=137.22,y=128.37,z=0.00} | {:.2f} m/s (at simulation time 7.508872362582609)
2025-06-04 14:59:26,273 INFO  - Sent InterVehicleMsg: veh_20 | CartesianPoint{x=137.26,y=120.68,z=0.00} | {:.2f} m/s (at simulation time 7.6870251767546325)
2025-06-04 14:59:26,284 INFO  - Sent InterVehicleMsg: veh_20 | CartesianPoint{x=137.30,y=113.62,z=0.00} | {:.2f} m/s (at simulation time 7.054011607803271)
2025-06-04 14:59:26,297 INFO  - Sent InterVehicleMsg: veh_20 | CartesianPoint{x=137.34,y=106.92,z=0.00} | {:.2f} m/s (at simulation time 6.690913942149898)
2025-06-04 14:59:26,311 INFO  - Sent InterVehicleMsg: veh_20 | CartesianPoint{x=137.38,y=98.94,z=0.00} | {:.2f} m/s (at simulation time 7.976735451879584)
2025-06-04 14:59:26,330 INFO  - Sent InterVehicleMsg: veh_20 | CartesianPoint{x=137.42,y=92.21,z=0.00} | {:.2f} m/s (at simulation time 6.723212393945515)
2025-06-04 14:59:26,371 INFO  - Sent InterVehicleMsg: veh_20 | CartesianPoint{x=137.45,y=86.24,z=0.00} | {:.2f} m/s (at simulation time 5.969327944308388)
2025-06-04 14:59:26,381 INFO  - Sent InterVehicleMsg: veh_20 | CartesianPoint{x=137.49,y=79.87,z=0.00} | {:.2f} m/s (at simulation time 6.366828443348946)
2025-06-04 14:59:26,393 INFO  - Sent InterVehicleMsg: veh_20 | CartesianPoint{x=138.91,y=73.66,z=0.00} | {:.2f} m/s (at simulation time 6.5671247133723725)
2025-06-04 14:59:26,404 INFO  - Sent InterVehicleMsg: veh_20 | CartesianPoint{x=141.86,y=68.40,z=0.00} | {:.2f} m/s (at simulation time 6.029468077646657)
2025-06-04 14:59:26,416 INFO  - Sent InterVehicleMsg: veh_20 | CartesianPoint{x=146.85,y=63.01,z=0.00} | {:.2f} m/s (at simulation time 7.402818317596966)
2025-06-04 14:59:26,430 INFO  - Sent InterVehicleMsg: veh_20 | CartesianPoint{x=151.24,y=58.90,z=0.00} | {:.2f} m/s (at simulation time 6.00478423149999)
2025-06-04 14:59:26,447 INFO  - Sent InterVehicleMsg: veh_20 | CartesianPoint{x=156.40,y=53.58,z=0.00} | {:.2f} m/s (at simulation time 7.416300404686239)
2025-06-04 14:59:26,459 INFO  - Sent InterVehicleMsg: veh_20 | CartesianPoint{x=160.88,y=48.65,z=0.00} | {:.2f} m/s (at simulation time 6.652589472824222)
2025-06-04 14:59:26,475 INFO  - Sent InterVehicleMsg: veh_20 | CartesianPoint{x=165.47,y=43.61,z=0.00} | {:.2f} m/s (at simulation time 6.815447748550553)
2025-06-04 14:59:26,500 INFO  - Sent InterVehicleMsg: veh_20 | CartesianPoint{x=170.09,y=38.52,z=0.00} | {:.2f} m/s (at simulation time 6.8681065533392305)
2025-06-04 14:59:26,512 INFO  - Sent InterVehicleMsg: veh_20 | CartesianPoint{x=174.81,y=33.33,z=0.00} | {:.2f} m/s (at simulation time 7.008072924973009)
2025-06-04 14:59:26,607 INFO  - Sent InterVehicleMsg: veh_20 | CartesianPoint{x=179.42,y=28.26,z=0.00} | {:.2f} m/s (at simulation time 6.849757303983329)
2025-06-04 14:59:26,619 INFO  - Sent InterVehicleMsg: veh_20 | CartesianPoint{x=184.44,y=22.74,z=0.00} | {:.2f} m/s (at simulation time 7.452465332799436)
2025-06-04 14:59:26,627 INFO  - Sent InterVehicleMsg: veh_20 | CartesianPoint{x=188.61,y=18.15,z=0.00} | {:.2f} m/s (at simulation time 6.200207413092304)
2025-06-04 14:59:26,636 INFO  - Sent InterVehicleMsg: veh_20 | CartesianPoint{x=193.39,y=12.90,z=0.00} | {:.2f} m/s (at simulation time 7.089985210797401)
2025-06-04 14:59:26,644 INFO  - Sent InterVehicleMsg: veh_20 | CartesianPoint{x=195.32,y=7.00,z=0.00} | {:.2f} m/s (at simulation time 6.308560234208998)
2025-06-04 14:59:26,652 INFO  - Sent InterVehicleMsg: veh_20 | CartesianPoint{x=197.10,y=-0.40,z=0.00} | {:.2f} m/s (at simulation time 7.607289134712882)
2025-06-04 14:59:26,659 INFO  - Shutdown application (at simulation time 251.000,000,000 s)
