2025-05-28 00:39:43,922 INFO  - ------------------------------------------------------------------------------------- (at simulation time 665.000,000,000 s)
2025-05-28 00:39:43,922 INFO  - Initialize veh_129 application (at simulation time 665.000,000,000 s)
2025-05-28 00:39:43,922 INFO  - Activated AdHoc Module (at simulation time 665.000,000,000 s)
2025-05-28 00:39:43,922 INFO  - ------------------------------------------------------------------------------------- (at simulation time 665.000,000,000 s)
2025-05-28 00:39:43,923 INFO  - Sent message to others cars = 'veh_129 | CartesianPoint{x=-0.00,y=532.14,z=0.00}' (at simulation time 665.000,000,000 s)
2025-05-28 00:39:44,020 INFO  - Received event: 665000 (at simulation time IntraVehicleMsg)
2025-05-28 00:39:44,024 INFO  - Sent message to others cars = 'veh_129 | CartesianPoint{x=8.05,y=532.12,z=0.00}' (at simulation time 666.000,000,000 s)
2025-05-28 00:39:44,125 INFO  - Received event: 666000 (at simulation time IntraVehicleMsg)
2025-05-28 00:39:44,131 INFO  - Sent message to others cars = 'veh_129 | CartesianPoint{x=16.03,y=532.09,z=0.00}' (at simulation time 667.000,000,000 s)
2025-05-28 00:39:44,227 INFO  - Received event: 667000 (at simulation time IntraVehicleMsg)
2025-05-28 00:39:44,229 INFO  - Sent message to others cars = 'veh_129 | CartesianPoint{x=23.28,y=532.07,z=0.00}' (at simulation time 668.000,000,000 s)
2025-05-28 00:39:44,324 INFO  - Received event: 668000 (at simulation time IntraVehicleMsg)
2025-05-28 00:39:44,327 INFO  - Sent message to others cars = 'veh_129 | CartesianPoint{x=31.29,y=532.05,z=0.00}' (at simulation time 669.000,000,000 s)
2025-05-28 00:39:44,420 INFO  - Received event: 669000 (at simulation time IntraVehicleMsg)
2025-05-28 00:39:44,423 INFO  - Sent message to others cars = 'veh_129 | CartesianPoint{x=39.33,y=532.04,z=0.00}' (at simulation time 670.000,000,000 s)
2025-05-28 00:39:44,518 INFO  - Received event: 670000 (at simulation time IntraVehicleMsg)
2025-05-28 00:39:44,520 INFO  - Sent message to others cars = 'veh_129 | CartesianPoint{x=47.56,y=532.10,z=0.00}' (at simulation time 671.000,000,000 s)
2025-05-28 00:39:44,619 INFO  - Received event: 671000 (at simulation time IntraVehicleMsg)
2025-05-28 00:39:44,626 INFO  - Sent message to others cars = 'veh_129 | CartesianPoint{x=54.80,y=532.16,z=0.00}' (at simulation time 672.000,000,000 s)
2025-05-28 00:39:44,724 INFO  - Received event: 672000 (at simulation time IntraVehicleMsg)
2025-05-28 00:39:44,726 INFO  - Sent message to others cars = 'veh_129 | CartesianPoint{x=62.31,y=532.20,z=0.00}' (at simulation time 673.000,000,000 s)
2025-05-28 00:39:44,826 INFO  - Received event: 673000 (at simulation time IntraVehicleMsg)
2025-05-28 00:39:44,828 INFO  - Sent message to others cars = 'veh_129 | CartesianPoint{x=69.95,y=532.22,z=0.00}' (at simulation time 674.000,000,000 s)
2025-05-28 00:39:44,929 INFO  - Received event: 674000 (at simulation time IntraVehicleMsg)
2025-05-28 00:39:44,936 INFO  - Sent message to others cars = 'veh_129 | CartesianPoint{x=77.64,y=532.24,z=0.00}' (at simulation time 675.000,000,000 s)
2025-05-28 00:39:45,039 INFO  - Received event: 675000 (at simulation time IntraVehicleMsg)
2025-05-28 00:39:45,042 INFO  - Sent message to others cars = 'veh_129 | CartesianPoint{x=85.46,y=532.26,z=0.00}' (at simulation time 676.000,000,000 s)
2025-05-28 00:39:45,147 INFO  - Received event: 676000 (at simulation time IntraVehicleMsg)
2025-05-28 00:39:45,149 INFO  - Sent message to others cars = 'veh_129 | CartesianPoint{x=93.47,y=532.18,z=0.00}' (at simulation time 677.000,000,000 s)
2025-05-28 00:39:45,246 INFO  - Received event: 677000 (at simulation time IntraVehicleMsg)
2025-05-28 00:39:45,249 INFO  - Sent message to others cars = 'veh_129 | CartesianPoint{x=100.92,y=532.08,z=0.00}' (at simulation time 678.000,000,000 s)
2025-05-28 00:39:45,345 INFO  - Received event: 678000 (at simulation time IntraVehicleMsg)
2025-05-28 00:39:45,348 INFO  - Sent message to others cars = 'veh_129 | CartesianPoint{x=108.68,y=531.98,z=0.00}' (at simulation time 679.000,000,000 s)
2025-05-28 00:39:45,448 INFO  - Received event: 679000 (at simulation time IntraVehicleMsg)
2025-05-28 00:39:45,451 INFO  - Sent message to others cars = 'veh_129 | CartesianPoint{x=116.21,y=531.89,z=0.00}' (at simulation time 680.000,000,000 s)
2025-05-28 00:39:45,550 INFO  - Received event: 680000 (at simulation time IntraVehicleMsg)
2025-05-28 00:39:45,557 INFO  - Sent message to others cars = 'veh_129 | CartesianPoint{x=123.94,y=531.79,z=0.00}' (at simulation time 681.000,000,000 s)
2025-05-28 00:39:45,658 INFO  - Received event: 681000 (at simulation time IntraVehicleMsg)
2025-05-28 00:39:45,660 INFO  - Sent message to others cars = 'veh_129 | CartesianPoint{x=132.15,y=531.69,z=0.00}' (at simulation time 682.000,000,000 s)
2025-05-28 00:39:45,759 INFO  - Received event: 682000 (at simulation time IntraVehicleMsg)
2025-05-28 00:39:45,761 INFO  - Sent message to others cars = 'veh_129 | CartesianPoint{x=139.65,y=528.42,z=0.00}' (at simulation time 683.000,000,000 s)
2025-05-28 00:39:45,865 INFO  - Received event: 683000 (at simulation time IntraVehicleMsg)
2025-05-28 00:39:45,867 INFO  - Sent message to others cars = 'veh_129 | CartesianPoint{x=147.64,y=528.37,z=0.00}' (at simulation time 684.000,000,000 s)
2025-05-28 00:39:45,971 INFO  - Received event: 684000 (at simulation time IntraVehicleMsg)
2025-05-28 00:39:45,978 INFO  - Sent message to others cars = 'veh_129 | CartesianPoint{x=155.00,y=528.40,z=0.00}' (at simulation time 685.000,000,000 s)
2025-05-28 00:39:46,084 INFO  - Received event: 685000 (at simulation time IntraVehicleMsg)
2025-05-28 00:39:46,087 INFO  - Sent message to others cars = 'veh_129 | CartesianPoint{x=163.12,y=528.46,z=0.00}' (at simulation time 686.000,000,000 s)
2025-05-28 00:39:46,193 INFO  - Received event: 686000 (at simulation time IntraVehicleMsg)
2025-05-28 00:39:46,196 INFO  - Sent message to others cars = 'veh_129 | CartesianPoint{x=170.40,y=528.51,z=0.00}' (at simulation time 687.000,000,000 s)
2025-05-28 00:39:46,305 INFO  - Received event: 687000 (at simulation time IntraVehicleMsg)
2025-05-28 00:39:46,308 INFO  - Sent message to others cars = 'veh_129 | CartesianPoint{x=178.17,y=528.56,z=0.00}' (at simulation time 688.000,000,000 s)
2025-05-28 00:39:46,417 INFO  - Received event: 688000 (at simulation time IntraVehicleMsg)
2025-05-28 00:39:46,420 INFO  - Sent message to others cars = 'veh_129 | CartesianPoint{x=186.01,y=528.62,z=0.00}' (at simulation time 689.000,000,000 s)
2025-05-28 00:39:46,532 INFO  - Received event: 689000 (at simulation time IntraVehicleMsg)
2025-05-28 00:39:46,535 INFO  - Sent message to others cars = 'veh_129 | CartesianPoint{x=193.61,y=528.67,z=0.00}' (at simulation time 690.000,000,000 s)
2025-05-28 00:39:46,647 INFO  - Received event: 690000 (at simulation time IntraVehicleMsg)
2025-05-28 00:39:46,650 INFO  - Sent message to others cars = 'veh_129 | CartesianPoint{x=201.44,y=528.73,z=0.00}' (at simulation time 691.000,000,000 s)
2025-05-28 00:39:46,756 INFO  - Received event: 691000 (at simulation time IntraVehicleMsg)
2025-05-28 00:39:46,758 INFO  - Sent message to others cars = 'veh_129 | CartesianPoint{x=209.17,y=528.78,z=0.00}' (at simulation time 692.000,000,000 s)
2025-05-28 00:39:46,854 INFO  - Received event: 692000 (at simulation time IntraVehicleMsg)
2025-05-28 00:39:46,856 INFO  - Sent message to others cars = 'veh_129 | CartesianPoint{x=214.62,y=528.82,z=0.00}' (at simulation time 693.000,000,000 s)
2025-05-28 00:39:46,955 INFO  - Received event: 693000 (at simulation time IntraVehicleMsg)
2025-05-28 00:39:46,964 INFO  - Sent message to others cars = 'veh_129 | CartesianPoint{x=222.54,y=528.83,z=0.00}' (at simulation time 694.000,000,000 s)
2025-05-28 00:39:47,052 INFO  - Received event: 694000 (at simulation time IntraVehicleMsg)
2025-05-28 00:39:47,055 INFO  - Sent message to others cars = 'veh_129 | CartesianPoint{x=230.07,y=528.84,z=0.00}' (at simulation time 695.000,000,000 s)
2025-05-28 00:39:47,145 INFO  - Received event: 695000 (at simulation time IntraVehicleMsg)
2025-05-28 00:39:47,152 INFO  - Sent message to others cars = 'veh_129 | CartesianPoint{x=237.98,y=528.83,z=0.00}' (at simulation time 696.000,000,000 s)
2025-05-28 00:39:47,235 INFO  - Received event: 696000 (at simulation time IntraVehicleMsg)
2025-05-28 00:39:47,238 INFO  - Sent message to others cars = 'veh_129 | CartesianPoint{x=245.37,y=528.81,z=0.00}' (at simulation time 697.000,000,000 s)
2025-05-28 00:39:47,315 INFO  - Received event: 697000 (at simulation time IntraVehicleMsg)
2025-05-28 00:39:47,318 INFO  - Sent message to others cars = 'veh_129 | CartesianPoint{x=252.59,y=528.80,z=0.00}' (at simulation time 698.000,000,000 s)
2025-05-28 00:39:47,392 INFO  - Received event: 698000 (at simulation time IntraVehicleMsg)
2025-05-28 00:39:47,394 INFO  - Sent message to others cars = 'veh_129 | CartesianPoint{x=260.11,y=528.78,z=0.00}' (at simulation time 699.000,000,000 s)
2025-05-28 00:39:47,460 INFO  - Received event: 699000 (at simulation time IntraVehicleMsg)
2025-05-28 00:39:47,466 INFO  - Sent message to others cars = 'veh_129 | CartesianPoint{x=267.31,y=528.77,z=0.00}' (at simulation time 700.000,000,000 s)
2025-05-28 00:39:47,532 INFO  - Received event: 700000 (at simulation time IntraVehicleMsg)
2025-05-28 00:39:47,534 INFO  - Sent message to others cars = 'veh_129 | CartesianPoint{x=274.86,y=528.76,z=0.00}' (at simulation time 701.000,000,000 s)
2025-05-28 00:39:47,602 INFO  - Received event: 701000 (at simulation time IntraVehicleMsg)
2025-05-28 00:39:47,604 INFO  - Sent message to others cars = 'veh_129 | CartesianPoint{x=282.29,y=528.75,z=0.00}' (at simulation time 702.000,000,000 s)
2025-05-28 00:39:47,673 INFO  - Received event: 702000 (at simulation time IntraVehicleMsg)
2025-05-28 00:39:47,678 INFO  - Sent message to others cars = 'veh_129 | CartesianPoint{x=289.46,y=528.74,z=0.00}' (at simulation time 703.000,000,000 s)
2025-05-28 00:39:47,734 INFO  - Received event: 703000 (at simulation time IntraVehicleMsg)
2025-05-28 00:39:47,736 INFO  - Sent message to others cars = 'veh_129 | CartesianPoint{x=297.55,y=528.73,z=0.00}' (at simulation time 704.000,000,000 s)
2025-05-28 00:39:47,795 INFO  - Received event: 704000 (at simulation time IntraVehicleMsg)
2025-05-28 00:39:47,797 INFO  - Sent message to others cars = 'veh_129 | CartesianPoint{x=304.91,y=528.72,z=0.00}' (at simulation time 705.000,000,000 s)
2025-05-28 00:39:47,852 INFO  - Received event: 705000 (at simulation time IntraVehicleMsg)
2025-05-28 00:39:47,853 INFO  - Sent message to others cars = 'veh_129 | CartesianPoint{x=312.97,y=528.71,z=0.00}' (at simulation time 706.000,000,000 s)
2025-05-28 00:39:47,909 INFO  - Received event: 706000 (at simulation time IntraVehicleMsg)
2025-05-28 00:39:47,910 INFO  - Sent message to others cars = 'veh_129 | CartesianPoint{x=320.93,y=528.70,z=0.00}' (at simulation time 707.000,000,000 s)
2025-05-28 00:39:47,967 INFO  - Received event: 707000 (at simulation time IntraVehicleMsg)
2025-05-28 00:39:47,969 INFO  - Sent message to others cars = 'veh_129 | CartesianPoint{x=328.33,y=528.70,z=0.00}' (at simulation time 708.000,000,000 s)
2025-05-28 00:39:48,025 INFO  - Received event: 708000 (at simulation time IntraVehicleMsg)
2025-05-28 00:39:48,027 INFO  - Sent message to others cars = 'veh_129 | CartesianPoint{x=336.72,y=528.69,z=0.00}' (at simulation time 709.000,000,000 s)
2025-05-28 00:39:48,082 INFO  - Received event: 709000 (at simulation time IntraVehicleMsg)
2025-05-28 00:39:48,084 INFO  - Sent message to others cars = 'veh_129 | CartesianPoint{x=343.98,y=528.68,z=0.00}' (at simulation time 710.000,000,000 s)
2025-05-28 00:39:48,140 INFO  - Received event: 710000 (at simulation time IntraVehicleMsg)
2025-05-28 00:39:48,142 INFO  - ------------------------------------------------------------------------------------- (at simulation time 711.000,000,000 s)
2025-05-28 00:39:48,142 INFO  - Shutdown application (at simulation time 711.000,000,000 s)
2025-05-28 00:39:48,142 INFO  - ------------------------------------------------------------------------------------- (at simulation time 711.000,000,000 s)
