2025-05-28 00:39:03,547 INFO  - ------------------------------------------------------------------------------------- (at simulation time 130.000,000,000 s)
2025-05-28 00:39:03,548 INFO  - Initialize veh_25 application (at simulation time 130.000,000,000 s)
2025-05-28 00:39:03,548 INFO  - Activated AdHoc Module (at simulation time 130.000,000,000 s)
2025-05-28 00:39:03,548 INFO  - ------------------------------------------------------------------------------------- (at simulation time 130.000,000,000 s)
2025-05-28 00:39:03,549 INFO  - Sent message to others cars = 'veh_25 | CartesianPoint{x=-0.01,y=528.94,z=0.00}' (at simulation time 130.000,000,000 s)
2025-05-28 00:39:03,599 INFO  - Received event: 130000 (at simulation time IntraVehicleMsg)
2025-05-28 00:39:03,604 INFO  - Sent message to others cars = 'veh_25 | CartesianPoint{x=7.59,y=528.92,z=0.00}' (at simulation time 131.000,000,000 s)
2025-05-28 00:39:03,654 INFO  - Received event: 131000 (at simulation time IntraVehicleMsg)
2025-05-28 00:39:03,657 INFO  - Sent message to others cars = 'veh_25 | CartesianPoint{x=14.14,y=528.90,z=0.00}' (at simulation time 132.000,000,000 s)
2025-05-28 00:39:03,708 INFO  - Received event: 132000 (at simulation time IntraVehicleMsg)
2025-05-28 00:39:03,711 INFO  - Sent message to others cars = 'veh_25 | CartesianPoint{x=21.49,y=528.88,z=0.00}' (at simulation time 133.000,000,000 s)
2025-05-28 00:39:03,766 INFO  - Received event: 133000 (at simulation time IntraVehicleMsg)
2025-05-28 00:39:03,768 INFO  - Sent message to others cars = 'veh_25 | CartesianPoint{x=28.70,y=528.86,z=0.00}' (at simulation time 134.000,000,000 s)
2025-05-28 00:39:03,823 INFO  - Received event: 134000 (at simulation time IntraVehicleMsg)
2025-05-28 00:39:03,830 INFO  - Sent message to others cars = 'veh_25 | CartesianPoint{x=35.81,y=528.82,z=0.00}' (at simulation time 135.000,000,000 s)
2025-05-28 00:39:03,888 INFO  - Received event: 135000 (at simulation time IntraVehicleMsg)
2025-05-28 00:39:03,893 INFO  - Sent message to others cars = 'veh_25 | CartesianPoint{x=42.83,y=528.87,z=0.00}' (at simulation time 136.000,000,000 s)
2025-05-28 00:39:03,951 INFO  - Received event: 136000 (at simulation time IntraVehicleMsg)
2025-05-28 00:39:03,953 INFO  - Sent message to others cars = 'veh_25 | CartesianPoint{x=49.65,y=528.92,z=0.00}' (at simulation time 137.000,000,000 s)
2025-05-28 00:39:04,011 INFO  - Received event: 137000 (at simulation time IntraVehicleMsg)
2025-05-28 00:39:04,014 INFO  - Sent message to others cars = 'veh_25 | CartesianPoint{x=56.39,y=528.97,z=0.00}' (at simulation time 138.000,000,000 s)
2025-05-28 00:39:04,070 INFO  - Received event: 138000 (at simulation time IntraVehicleMsg)
2025-05-28 00:39:04,073 INFO  - Sent message to others cars = 'veh_25 | CartesianPoint{x=63.27,y=529.01,z=0.00}' (at simulation time 139.000,000,000 s)
2025-05-28 00:39:04,127 INFO  - Received event: 139000 (at simulation time IntraVehicleMsg)
2025-05-28 00:39:04,136 INFO  - Sent message to others cars = 'veh_25 | CartesianPoint{x=70.73,y=529.02,z=0.00}' (at simulation time 140.000,000,000 s)
2025-05-28 00:39:04,192 INFO  - Received event: 140000 (at simulation time IntraVehicleMsg)
2025-05-28 00:39:04,195 INFO  - Sent message to others cars = 'veh_25 | CartesianPoint{x=78.18,y=529.04,z=0.00}' (at simulation time 141.000,000,000 s)
2025-05-28 00:39:04,252 INFO  - Received event: 141000 (at simulation time IntraVehicleMsg)
2025-05-28 00:39:04,255 INFO  - Sent message to others cars = 'veh_25 | CartesianPoint{x=84.98,y=529.06,z=0.00}' (at simulation time 142.000,000,000 s)
2025-05-28 00:39:04,315 INFO  - Received event: 142000 (at simulation time IntraVehicleMsg)
2025-05-28 00:39:04,318 INFO  - Sent message to others cars = 'veh_25 | CartesianPoint{x=92.44,y=528.99,z=0.00}' (at simulation time 143.000,000,000 s)
2025-05-28 00:39:04,381 INFO  - Received event: 143000 (at simulation time IntraVehicleMsg)
2025-05-28 00:39:04,383 INFO  - Sent message to others cars = 'veh_25 | CartesianPoint{x=99.52,y=528.90,z=0.00}' (at simulation time 144.000,000,000 s)
2025-05-28 00:39:04,450 INFO  - Received event: 144000 (at simulation time IntraVehicleMsg)
2025-05-28 00:39:04,453 INFO  - Sent message to others cars = 'veh_25 | CartesianPoint{x=106.13,y=528.82,z=0.00}' (at simulation time 145.000,000,000 s)
2025-05-28 00:39:04,519 INFO  - Received event: 145000 (at simulation time IntraVehicleMsg)
2025-05-28 00:39:04,522 INFO  - Sent message to others cars = 'veh_25 | CartesianPoint{x=112.49,y=528.74,z=0.00}' (at simulation time 146.000,000,000 s)
2025-05-28 00:39:04,588 INFO  - Received event: 146000 (at simulation time IntraVehicleMsg)
2025-05-28 00:39:04,591 INFO  - Sent message to others cars = 'veh_25 | CartesianPoint{x=118.47,y=528.66,z=0.00}' (at simulation time 147.000,000,000 s)
2025-05-28 00:39:04,661 INFO  - Received event: 147000 (at simulation time IntraVehicleMsg)
2025-05-28 00:39:04,667 INFO  - Sent message to others cars = 'veh_25 | CartesianPoint{x=119.96,y=528.64,z=0.00}' (at simulation time 148.000,000,000 s)
2025-05-28 00:39:04,736 INFO  - Received event: 148000 (at simulation time IntraVehicleMsg)
2025-05-28 00:39:04,748 INFO  - Sent message to others cars = 'veh_25 | CartesianPoint{x=120.22,y=528.64,z=0.00}' (at simulation time 149.000,000,000 s)
2025-05-28 00:39:04,817 INFO  - Received event: 149000 (at simulation time IntraVehicleMsg)
2025-05-28 00:39:04,826 INFO  - Sent message to others cars = 'veh_25 | CartesianPoint{x=120.27,y=528.64,z=0.00}' (at simulation time 150.000,000,000 s)
2025-05-28 00:39:04,898 INFO  - Received event: 150000 (at simulation time IntraVehicleMsg)
2025-05-28 00:39:04,901 INFO  - Sent message to others cars = 'veh_25 | CartesianPoint{x=120.29,y=528.64,z=0.00}' (at simulation time 151.000,000,000 s)
2025-05-28 00:39:04,972 INFO  - Received event: 151000 (at simulation time IntraVehicleMsg)
2025-05-28 00:39:04,976 INFO  - Sent message to others cars = 'veh_25 | CartesianPoint{x=120.30,y=528.64,z=0.00}' (at simulation time 152.000,000,000 s)
2025-05-28 00:39:05,049 INFO  - Received event: 152000 (at simulation time IntraVehicleMsg)
2025-05-28 00:39:05,052 INFO  - Sent message to others cars = 'veh_25 | CartesianPoint{x=120.30,y=528.64,z=0.00}' (at simulation time 153.000,000,000 s)
2025-05-28 00:39:05,127 INFO  - Received event: 153000 (at simulation time IntraVehicleMsg)
2025-05-28 00:39:05,130 INFO  - Sent message to others cars = 'veh_25 | CartesianPoint{x=121.54,y=528.62,z=0.00}' (at simulation time 154.000,000,000 s)
2025-05-28 00:39:05,206 INFO  - Received event: 154000 (at simulation time IntraVehicleMsg)
2025-05-28 00:39:05,210 INFO  - Sent message to others cars = 'veh_25 | CartesianPoint{x=124.60,y=528.58,z=0.00}' (at simulation time 155.000,000,000 s)
2025-05-28 00:39:05,290 INFO  - Received event: 155000 (at simulation time IntraVehicleMsg)
2025-05-28 00:39:05,302 INFO  - Sent message to others cars = 'veh_25 | CartesianPoint{x=129.65,y=528.52,z=0.00}' (at simulation time 156.000,000,000 s)
2025-05-28 00:39:05,378 INFO  - Received event: 156000 (at simulation time IntraVehicleMsg)
2025-05-28 00:39:05,381 INFO  - Sent message to others cars = 'veh_25 | CartesianPoint{x=137.21,y=528.44,z=0.00}' (at simulation time 157.000,000,000 s)
2025-05-28 00:39:05,458 INFO  - Received event: 157000 (at simulation time IntraVehicleMsg)
2025-05-28 00:39:05,461 INFO  - Sent message to others cars = 'veh_25 | CartesianPoint{x=144.73,y=528.39,z=0.00}' (at simulation time 158.000,000,000 s)
2025-05-28 00:39:05,542 INFO  - Received event: 158000 (at simulation time IntraVehicleMsg)
2025-05-28 00:39:05,545 INFO  - Sent message to others cars = 'veh_25 | CartesianPoint{x=151.21,y=528.38,z=0.00}' (at simulation time 159.000,000,000 s)
2025-05-28 00:39:05,625 INFO  - Received event: 159000 (at simulation time IntraVehicleMsg)
2025-05-28 00:39:05,628 INFO  - Sent message to others cars = 'veh_25 | CartesianPoint{x=158.71,y=528.43,z=0.00}' (at simulation time 160.000,000,000 s)
2025-05-28 00:39:05,708 INFO  - Received event: 160000 (at simulation time IntraVehicleMsg)
2025-05-28 00:39:05,716 INFO  - Sent message to others cars = 'veh_25 | CartesianPoint{x=165.28,y=528.47,z=0.00}' (at simulation time 161.000,000,000 s)
2025-05-28 00:39:05,801 INFO  - Received event: 161000 (at simulation time IntraVehicleMsg)
2025-05-28 00:39:05,804 INFO  - Sent message to others cars = 'veh_25 | CartesianPoint{x=172.25,y=528.52,z=0.00}' (at simulation time 162.000,000,000 s)
2025-05-28 00:39:05,889 INFO  - Received event: 162000 (at simulation time IntraVehicleMsg)
2025-05-28 00:39:05,892 INFO  - Sent message to others cars = 'veh_25 | CartesianPoint{x=179.21,y=528.57,z=0.00}' (at simulation time 163.000,000,000 s)
2025-05-28 00:39:05,981 INFO  - Received event: 163000 (at simulation time IntraVehicleMsg)
2025-05-28 00:39:05,992 INFO  - Sent message to others cars = 'veh_25 | CartesianPoint{x=186.24,y=528.62,z=0.00}' (at simulation time 164.000,000,000 s)
2025-05-28 00:39:06,078 INFO  - Received event: 164000 (at simulation time IntraVehicleMsg)
2025-05-28 00:39:06,081 INFO  - Sent message to others cars = 'veh_25 | CartesianPoint{x=192.98,y=528.67,z=0.00}' (at simulation time 165.000,000,000 s)
2025-05-28 00:39:06,169 INFO  - Received event: 165000 (at simulation time IntraVehicleMsg)
2025-05-28 00:39:06,173 INFO  - Sent message to others cars = 'veh_25 | CartesianPoint{x=200.43,y=528.72,z=0.00}' (at simulation time 166.000,000,000 s)
2025-05-28 00:39:06,260 INFO  - Received event: 166000 (at simulation time IntraVehicleMsg)
2025-05-28 00:39:06,263 INFO  - Sent message to others cars = 'veh_25 | CartesianPoint{x=206.92,y=528.76,z=0.00}' (at simulation time 167.000,000,000 s)
2025-05-28 00:39:06,353 INFO  - Received event: 167000 (at simulation time IntraVehicleMsg)
2025-05-28 00:39:06,356 INFO  - Sent message to others cars = 'veh_25 | CartesianPoint{x=212.95,y=528.81,z=0.00}' (at simulation time 168.000,000,000 s)
2025-05-28 00:39:06,449 INFO  - Received event: 168000 (at simulation time IntraVehicleMsg)
2025-05-28 00:39:06,452 INFO  - Sent message to others cars = 'veh_25 | CartesianPoint{x=220.33,y=528.83,z=0.00}' (at simulation time 169.000,000,000 s)
2025-05-28 00:39:06,545 INFO  - Received event: 169000 (at simulation time IntraVehicleMsg)
2025-05-28 00:39:06,548 INFO  - Sent message to others cars = 'veh_25 | CartesianPoint{x=227.15,y=528.84,z=0.00}' (at simulation time 170.000,000,000 s)
2025-05-28 00:39:06,655 INFO  - Received event: 170000 (at simulation time IntraVehicleMsg)
2025-05-28 00:39:06,664 INFO  - Sent message to others cars = 'veh_25 | CartesianPoint{x=234.75,y=528.83,z=0.00}' (at simulation time 171.000,000,000 s)
2025-05-28 00:39:06,759 INFO  - Received event: 171000 (at simulation time IntraVehicleMsg)
2025-05-28 00:39:06,762 INFO  - Sent message to others cars = 'veh_25 | CartesianPoint{x=242.28,y=528.82,z=0.00}' (at simulation time 172.000,000,000 s)
2025-05-28 00:39:06,862 INFO  - Received event: 172000 (at simulation time IntraVehicleMsg)
2025-05-28 00:39:06,865 INFO  - Sent message to others cars = 'veh_25 | CartesianPoint{x=249.21,y=528.81,z=0.00}' (at simulation time 173.000,000,000 s)
2025-05-28 00:39:06,964 INFO  - Received event: 173000 (at simulation time IntraVehicleMsg)
2025-05-28 00:39:06,968 INFO  - Sent message to others cars = 'veh_25 | CartesianPoint{x=256.76,y=528.79,z=0.00}' (at simulation time 174.000,000,000 s)
2025-05-28 00:39:07,071 INFO  - Received event: 174000 (at simulation time IntraVehicleMsg)
2025-05-28 00:39:07,083 INFO  - Sent message to others cars = 'veh_25 | CartesianPoint{x=263.53,y=528.78,z=0.00}' (at simulation time 175.000,000,000 s)
2025-05-28 00:39:07,184 INFO  - Received event: 175000 (at simulation time IntraVehicleMsg)
2025-05-28 00:39:07,187 INFO  - Sent message to others cars = 'veh_25 | CartesianPoint{x=270.80,y=528.76,z=0.00}' (at simulation time 176.000,000,000 s)
2025-05-28 00:39:07,291 INFO  - Received event: 176000 (at simulation time IntraVehicleMsg)
2025-05-28 00:39:07,297 INFO  - Sent message to others cars = 'veh_25 | CartesianPoint{x=278.08,y=528.75,z=0.00}' (at simulation time 177.000,000,000 s)
2025-05-28 00:39:07,401 INFO  - Received event: 177000 (at simulation time IntraVehicleMsg)
2025-05-28 00:39:07,404 INFO  - Sent message to others cars = 'veh_25 | CartesianPoint{x=284.91,y=528.75,z=0.00}' (at simulation time 178.000,000,000 s)
2025-05-28 00:39:07,516 INFO  - Received event: 178000 (at simulation time IntraVehicleMsg)
2025-05-28 00:39:07,520 INFO  - Sent message to others cars = 'veh_25 | CartesianPoint{x=291.71,y=528.74,z=0.00}' (at simulation time 179.000,000,000 s)
2025-05-28 00:39:07,622 INFO  - Received event: 179000 (at simulation time IntraVehicleMsg)
2025-05-28 00:39:07,625 INFO  - Sent message to others cars = 'veh_25 | CartesianPoint{x=298.86,y=528.73,z=0.00}' (at simulation time 180.000,000,000 s)
2025-05-28 00:39:07,729 INFO  - Received event: 180000 (at simulation time IntraVehicleMsg)
2025-05-28 00:39:07,737 INFO  - Sent message to others cars = 'veh_25 | CartesianPoint{x=306.46,y=528.72,z=0.00}' (at simulation time 181.000,000,000 s)
2025-05-28 00:39:07,833 INFO  - Received event: 181000 (at simulation time IntraVehicleMsg)
2025-05-28 00:39:07,836 INFO  - Sent message to others cars = 'veh_25 | CartesianPoint{x=313.58,y=528.71,z=0.00}' (at simulation time 182.000,000,000 s)
2025-05-28 00:39:07,935 INFO  - Received event: 182000 (at simulation time IntraVehicleMsg)
2025-05-28 00:39:07,938 INFO  - Sent message to others cars = 'veh_25 | CartesianPoint{x=320.46,y=528.70,z=0.00}' (at simulation time 183.000,000,000 s)
2025-05-28 00:39:08,037 INFO  - Received event: 183000 (at simulation time IntraVehicleMsg)
2025-05-28 00:39:08,041 INFO  - Sent message to others cars = 'veh_25 | CartesianPoint{x=327.42,y=528.70,z=0.00}' (at simulation time 184.000,000,000 s)
2025-05-28 00:39:08,140 INFO  - Received event: 184000 (at simulation time IntraVehicleMsg)
2025-05-28 00:39:08,146 INFO  - Sent message to others cars = 'veh_25 | CartesianPoint{x=334.41,y=528.69,z=0.00}' (at simulation time 185.000,000,000 s)
2025-05-28 00:39:08,244 INFO  - Received event: 185000 (at simulation time IntraVehicleMsg)
2025-05-28 00:39:08,247 INFO  - Sent message to others cars = 'veh_25 | CartesianPoint{x=341.57,y=528.68,z=0.00}' (at simulation time 186.000,000,000 s)
2025-05-28 00:39:08,345 INFO  - Received event: 186000 (at simulation time IntraVehicleMsg)
2025-05-28 00:39:08,348 INFO  - Sent message to others cars = 'veh_25 | CartesianPoint{x=347.95,y=528.67,z=0.00}' (at simulation time 187.000,000,000 s)
2025-05-28 00:39:08,447 INFO  - Received event: 187000 (at simulation time IntraVehicleMsg)
2025-05-28 00:39:08,451 INFO  - ------------------------------------------------------------------------------------- (at simulation time 188.000,000,000 s)
2025-05-28 00:39:08,451 INFO  - Shutdown application (at simulation time 188.000,000,000 s)
2025-05-28 00:39:08,451 INFO  - ------------------------------------------------------------------------------------- (at simulation time 188.000,000,000 s)
