2025-05-28 00:49:03,523 INFO  - ------------------------------------------------------------------------------------- (at simulation time 459.000,000,000 s)
2025-05-28 00:49:03,523 INFO  - Initialize veh_88 application (at simulation time 459.000,000,000 s)
2025-05-28 00:49:03,523 INFO  - Activated AdHoc Module (at simulation time 459.000,000,000 s)
2025-05-28 00:49:03,523 INFO  - ------------------------------------------------------------------------------------- (at simulation time 459.000,000,000 s)
2025-05-28 00:49:03,524 INFO  - Sent message to others cars = 'veh_88 | CartesianPoint{x=143.94,y=749.34,z=0.00}' (at simulation time 459.000,000,000 s)
2025-05-28 00:49:03,609 INFO  - Received event: 459000 (at simulation time IntraVehicleMsg)
2025-05-28 00:49:03,613 INFO  - Sent message to others cars = 'veh_88 | CartesianPoint{x=143.92,y=742.09,z=0.00}' (at simulation time 460.000,000,000 s)
2025-05-28 00:49:03,697 INFO  - Received event: 460000 (at simulation time IntraVehicleMsg)
2025-05-28 00:49:03,700 INFO  - Sent message to others cars = 'veh_88 | CartesianPoint{x=143.90,y=734.91,z=0.00}' (at simulation time 461.000,000,000 s)
2025-05-28 00:49:03,794 INFO  - Received event: 461000 (at simulation time IntraVehicleMsg)
2025-05-28 00:49:03,797 INFO  - Sent message to others cars = 'veh_88 | CartesianPoint{x=143.87,y=726.64,z=0.00}' (at simulation time 462.000,000,000 s)
2025-05-28 00:49:03,879 INFO  - Received event: 462000 (at simulation time IntraVehicleMsg)
2025-05-28 00:49:03,882 INFO  - Sent message to others cars = 'veh_88 | CartesianPoint{x=143.84,y=718.42,z=0.00}' (at simulation time 463.000,000,000 s)
2025-05-28 00:49:03,955 INFO  - Received event: 463000 (at simulation time IntraVehicleMsg)
2025-05-28 00:49:03,958 INFO  - Sent message to others cars = 'veh_88 | CartesianPoint{x=143.82,y=711.09,z=0.00}' (at simulation time 464.000,000,000 s)
2025-05-28 00:49:04,033 INFO  - Received event: 464000 (at simulation time IntraVehicleMsg)
2025-05-28 00:49:04,045 INFO  - Sent message to others cars = 'veh_88 | CartesianPoint{x=140.59,y=703.08,z=0.00}' (at simulation time 465.000,000,000 s)
2025-05-28 00:49:04,119 INFO  - Received event: 465000 (at simulation time IntraVehicleMsg)
2025-05-28 00:49:04,121 INFO  - Sent message to others cars = 'veh_88 | CartesianPoint{x=140.57,y=695.21,z=0.00}' (at simulation time 466.000,000,000 s)
2025-05-28 00:49:04,195 INFO  - Received event: 466000 (at simulation time IntraVehicleMsg)
2025-05-28 00:49:04,197 INFO  - Sent message to others cars = 'veh_88 | CartesianPoint{x=140.54,y=688.02,z=0.00}' (at simulation time 467.000,000,000 s)
2025-05-28 00:49:04,269 INFO  - Received event: 467000 (at simulation time IntraVehicleMsg)
2025-05-28 00:49:04,272 INFO  - Sent message to others cars = 'veh_88 | CartesianPoint{x=140.51,y=680.35,z=0.00}' (at simulation time 468.000,000,000 s)
2025-05-28 00:49:04,344 INFO  - Received event: 468000 (at simulation time IntraVehicleMsg)
2025-05-28 00:49:04,351 INFO  - Sent message to others cars = 'veh_88 | CartesianPoint{x=140.49,y=672.45,z=0.00}' (at simulation time 469.000,000,000 s)
2025-05-28 00:49:04,424 INFO  - Received event: 469000 (at simulation time IntraVehicleMsg)
2025-05-28 00:49:04,427 INFO  - Sent message to others cars = 'veh_88 | CartesianPoint{x=140.47,y=665.13,z=0.00}' (at simulation time 470.000,000,000 s)
2025-05-28 00:49:04,494 INFO  - Received event: 470000 (at simulation time IntraVehicleMsg)
2025-05-28 00:49:04,498 INFO  - Sent message to others cars = 'veh_88 | CartesianPoint{x=140.45,y=657.01,z=0.00}' (at simulation time 471.000,000,000 s)
2025-05-28 00:49:04,571 INFO  - Received event: 471000 (at simulation time IntraVehicleMsg)
2025-05-28 00:49:04,575 INFO  - Sent message to others cars = 'veh_88 | CartesianPoint{x=140.43,y=649.93,z=0.00}' (at simulation time 472.000,000,000 s)
2025-05-28 00:49:04,647 INFO  - Received event: 472000 (at simulation time IntraVehicleMsg)
2025-05-28 00:49:04,650 INFO  - Sent message to others cars = 'veh_88 | CartesianPoint{x=140.41,y=642.00,z=0.00}' (at simulation time 473.000,000,000 s)
2025-05-28 00:49:04,720 INFO  - Received event: 473000 (at simulation time IntraVehicleMsg)
2025-05-28 00:49:04,729 INFO  - Sent message to others cars = 'veh_88 | CartesianPoint{x=140.40,y=633.85,z=0.00}' (at simulation time 474.000,000,000 s)
2025-05-28 00:49:04,797 INFO  - Received event: 474000 (at simulation time IntraVehicleMsg)
2025-05-28 00:49:04,800 INFO  - Sent message to others cars = 'veh_88 | CartesianPoint{x=140.38,y=625.97,z=0.00}' (at simulation time 475.000,000,000 s)
2025-05-28 00:49:04,868 INFO  - Received event: 475000 (at simulation time IntraVehicleMsg)
2025-05-28 00:49:04,873 INFO  - Sent message to others cars = 'veh_88 | CartesianPoint{x=140.36,y=617.91,z=0.00}' (at simulation time 476.000,000,000 s)
2025-05-28 00:49:04,941 INFO  - Received event: 476000 (at simulation time IntraVehicleMsg)
2025-05-28 00:49:04,943 INFO  - Sent message to others cars = 'veh_88 | CartesianPoint{x=140.34,y=610.81,z=0.00}' (at simulation time 477.000,000,000 s)
2025-05-28 00:49:05,010 INFO  - Received event: 477000 (at simulation time IntraVehicleMsg)
2025-05-28 00:49:05,013 INFO  - Sent message to others cars = 'veh_88 | CartesianPoint{x=140.32,y=603.65,z=0.00}' (at simulation time 478.000,000,000 s)
2025-05-28 00:49:05,079 INFO  - Received event: 478000 (at simulation time IntraVehicleMsg)
2025-05-28 00:49:05,082 INFO  - Sent message to others cars = 'veh_88 | CartesianPoint{x=140.28,y=595.57,z=0.00}' (at simulation time 479.000,000,000 s)
2025-05-28 00:49:05,133 INFO  - Received event: 479000 (at simulation time IntraVehicleMsg)
2025-05-28 00:49:05,140 INFO  - Sent message to others cars = 'veh_88 | CartesianPoint{x=140.23,y=587.31,z=0.00}' (at simulation time 480.000,000,000 s)
2025-05-28 00:49:05,191 INFO  - Received event: 480000 (at simulation time IntraVehicleMsg)
2025-05-28 00:49:05,194 INFO  - Sent message to others cars = 'veh_88 | CartesianPoint{x=140.19,y=579.24,z=0.00}' (at simulation time 481.000,000,000 s)
2025-05-28 00:49:05,249 INFO  - Received event: 481000 (at simulation time IntraVehicleMsg)
2025-05-28 00:49:05,251 INFO  - Sent message to others cars = 'veh_88 | CartesianPoint{x=140.15,y=571.04,z=0.00}' (at simulation time 482.000,000,000 s)
2025-05-28 00:49:05,304 INFO  - Received event: 482000 (at simulation time IntraVehicleMsg)
2025-05-28 00:49:05,308 INFO  - Sent message to others cars = 'veh_88 | CartesianPoint{x=140.11,y=563.10,z=0.00}' (at simulation time 483.000,000,000 s)
2025-05-28 00:49:05,354 INFO  - Received event: 483000 (at simulation time IntraVehicleMsg)
2025-05-28 00:49:05,356 INFO  - Sent message to others cars = 'veh_88 | CartesianPoint{x=140.07,y=555.68,z=0.00}' (at simulation time 484.000,000,000 s)
2025-05-28 00:49:05,402 INFO  - Received event: 484000 (at simulation time IntraVehicleMsg)
2025-05-28 00:49:05,404 INFO  - Sent message to others cars = 'veh_88 | CartesianPoint{x=140.02,y=547.58,z=0.00}' (at simulation time 485.000,000,000 s)
2025-05-28 00:49:05,451 INFO  - Received event: 485000 (at simulation time IntraVehicleMsg)
2025-05-28 00:49:05,457 INFO  - Sent message to others cars = 'veh_88 | CartesianPoint{x=139.99,y=540.73,z=0.00}' (at simulation time 486.000,000,000 s)
2025-05-28 00:49:05,503 INFO  - Received event: 486000 (at simulation time IntraVehicleMsg)
2025-05-28 00:49:05,505 INFO  - Sent message to others cars = 'veh_88 | CartesianPoint{x=139.98,y=538.39,z=0.00}' (at simulation time 487.000,000,000 s)
2025-05-28 00:49:05,552 INFO  - Received event: 487000 (at simulation time IntraVehicleMsg)
2025-05-28 00:49:05,555 INFO  - Sent message to others cars = 'veh_88 | CartesianPoint{x=139.98,y=538.28,z=0.00}' (at simulation time 488.000,000,000 s)
2025-05-28 00:49:05,605 INFO  - Received event: 488000 (at simulation time IntraVehicleMsg)
2025-05-28 00:49:05,608 INFO  - Sent message to others cars = 'veh_88 | CartesianPoint{x=139.98,y=538.23,z=0.00}' (at simulation time 489.000,000,000 s)
2025-05-28 00:49:05,658 INFO  - Received event: 489000 (at simulation time IntraVehicleMsg)
2025-05-28 00:49:05,664 INFO  - Sent message to others cars = 'veh_88 | CartesianPoint{x=139.98,y=538.21,z=0.00}' (at simulation time 490.000,000,000 s)
2025-05-28 00:49:05,712 INFO  - Received event: 490000 (at simulation time IntraVehicleMsg)
2025-05-28 00:49:05,714 INFO  - Sent message to others cars = 'veh_88 | CartesianPoint{x=139.98,y=538.20,z=0.00}' (at simulation time 491.000,000,000 s)
2025-05-28 00:49:05,757 INFO  - Received event: 491000 (at simulation time IntraVehicleMsg)
2025-05-28 00:49:05,759 INFO  - Sent message to others cars = 'veh_88 | CartesianPoint{x=139.98,y=538.19,z=0.00}' (at simulation time 492.000,000,000 s)
2025-05-28 00:49:05,803 INFO  - Received event: 492000 (at simulation time IntraVehicleMsg)
2025-05-28 00:49:05,805 INFO  - Sent message to others cars = 'veh_88 | CartesianPoint{x=139.98,y=538.19,z=0.00}' (at simulation time 493.000,000,000 s)
2025-05-28 00:49:05,851 INFO  - Received event: 493000 (at simulation time IntraVehicleMsg)
2025-05-28 00:49:05,855 INFO  - Sent message to others cars = 'veh_88 | CartesianPoint{x=139.98,y=538.19,z=0.00}' (at simulation time 494.000,000,000 s)
2025-05-28 00:49:05,901 INFO  - Received event: 494000 (at simulation time IntraVehicleMsg)
2025-05-28 00:49:05,903 INFO  - Sent message to others cars = 'veh_88 | CartesianPoint{x=139.98,y=538.19,z=0.00}' (at simulation time 495.000,000,000 s)
2025-05-28 00:49:05,950 INFO  - Received event: 495000 (at simulation time IntraVehicleMsg)
2025-05-28 00:49:05,952 INFO  - Sent message to others cars = 'veh_88 | CartesianPoint{x=139.98,y=538.19,z=0.00}' (at simulation time 496.000,000,000 s)
2025-05-28 00:49:06,000 INFO  - Received event: 496000 (at simulation time IntraVehicleMsg)
2025-05-28 00:49:06,002 INFO  - Sent message to others cars = 'veh_88 | CartesianPoint{x=139.98,y=538.19,z=0.00}' (at simulation time 497.000,000,000 s)
2025-05-28 00:49:06,050 INFO  - Received event: 497000 (at simulation time IntraVehicleMsg)
2025-05-28 00:49:06,052 INFO  - Sent message to others cars = 'veh_88 | CartesianPoint{x=139.98,y=538.19,z=0.00}' (at simulation time 498.000,000,000 s)
2025-05-28 00:49:06,103 INFO  - Received event: 498000 (at simulation time IntraVehicleMsg)
2025-05-28 00:49:06,106 INFO  - Sent message to others cars = 'veh_88 | CartesianPoint{x=139.98,y=538.19,z=0.00}' (at simulation time 499.000,000,000 s)
2025-05-28 00:49:06,159 INFO  - Received event: 499000 (at simulation time IntraVehicleMsg)
2025-05-28 00:49:06,171 INFO  - Sent message to others cars = 'veh_88 | CartesianPoint{x=139.98,y=538.19,z=0.00}' (at simulation time 500.000,000,000 s)
2025-05-28 00:49:06,223 INFO  - Received event: 500000 (at simulation time IntraVehicleMsg)
2025-05-28 00:49:06,226 INFO  - Sent message to others cars = 'veh_88 | CartesianPoint{x=139.98,y=538.19,z=0.00}' (at simulation time 501.000,000,000 s)
2025-05-28 00:49:06,276 INFO  - Received event: 501000 (at simulation time IntraVehicleMsg)
2025-05-28 00:49:06,278 INFO  - Sent message to others cars = 'veh_88 | CartesianPoint{x=139.98,y=538.19,z=0.00}' (at simulation time 502.000,000,000 s)
2025-05-28 00:49:06,325 INFO  - Received event: 502000 (at simulation time IntraVehicleMsg)
2025-05-28 00:49:06,328 INFO  - Sent message to others cars = 'veh_88 | CartesianPoint{x=139.98,y=538.19,z=0.00}' (at simulation time 503.000,000,000 s)
2025-05-28 00:49:06,376 INFO  - Received event: 503000 (at simulation time IntraVehicleMsg)
2025-05-28 00:49:06,380 INFO  - Sent message to others cars = 'veh_88 | CartesianPoint{x=139.98,y=538.19,z=0.00}' (at simulation time 504.000,000,000 s)
2025-05-28 00:49:06,432 INFO  - Received event: 504000 (at simulation time IntraVehicleMsg)
2025-05-28 00:49:06,434 INFO  - Sent message to others cars = 'veh_88 | CartesianPoint{x=139.98,y=538.19,z=0.00}' (at simulation time 505.000,000,000 s)
2025-05-28 00:49:06,487 INFO  - Received event: 505000 (at simulation time IntraVehicleMsg)
2025-05-28 00:49:06,490 INFO  - Sent message to others cars = 'veh_88 | CartesianPoint{x=139.98,y=538.19,z=0.00}' (at simulation time 506.000,000,000 s)
2025-05-28 00:49:06,541 INFO  - Received event: 506000 (at simulation time IntraVehicleMsg)
2025-05-28 00:49:06,543 INFO  - Sent message to others cars = 'veh_88 | CartesianPoint{x=139.98,y=538.19,z=0.00}' (at simulation time 507.000,000,000 s)
2025-05-28 00:49:06,596 INFO  - Received event: 507000 (at simulation time IntraVehicleMsg)
2025-05-28 00:49:06,598 INFO  - Sent message to others cars = 'veh_88 | CartesianPoint{x=139.98,y=538.19,z=0.00}' (at simulation time 508.000,000,000 s)
2025-05-28 00:49:06,652 INFO  - Received event: 508000 (at simulation time IntraVehicleMsg)
2025-05-28 00:49:06,654 INFO  - Sent message to others cars = 'veh_88 | CartesianPoint{x=139.98,y=538.19,z=0.00}' (at simulation time 509.000,000,000 s)
2025-05-28 00:49:06,711 INFO  - Received event: 509000 (at simulation time IntraVehicleMsg)
2025-05-28 00:49:06,717 INFO  - Sent message to others cars = 'veh_88 | CartesianPoint{x=139.98,y=538.19,z=0.00}' (at simulation time 510.000,000,000 s)
2025-05-28 00:49:06,773 INFO  - Received event: 510000 (at simulation time IntraVehicleMsg)
2025-05-28 00:49:06,779 INFO  - Sent message to others cars = 'veh_88 | CartesianPoint{x=139.98,y=538.19,z=0.00}' (at simulation time 511.000,000,000 s)
2025-05-28 00:49:06,835 INFO  - Received event: 511000 (at simulation time IntraVehicleMsg)
2025-05-28 00:49:06,837 INFO  - Sent message to others cars = 'veh_88 | CartesianPoint{x=139.98,y=538.19,z=0.00}' (at simulation time 512.000,000,000 s)
2025-05-28 00:49:06,897 INFO  - Received event: 512000 (at simulation time IntraVehicleMsg)
2025-05-28 00:49:06,900 INFO  - Sent message to others cars = 'veh_88 | CartesianPoint{x=139.98,y=538.19,z=0.00}' (at simulation time 513.000,000,000 s)
2025-05-28 00:49:06,961 INFO  - Received event: 513000 (at simulation time IntraVehicleMsg)
2025-05-28 00:49:06,963 INFO  - Sent message to others cars = 'veh_88 | CartesianPoint{x=139.98,y=538.19,z=0.00}' (at simulation time 514.000,000,000 s)
2025-05-28 00:49:07,024 INFO  - Received event: 514000 (at simulation time IntraVehicleMsg)
2025-05-28 00:49:07,027 INFO  - Sent message to others cars = 'veh_88 | CartesianPoint{x=139.98,y=538.19,z=0.00}' (at simulation time 515.000,000,000 s)
2025-05-28 00:49:07,091 INFO  - Received event: 515000 (at simulation time IntraVehicleMsg)
2025-05-28 00:49:07,094 INFO  - Sent message to others cars = 'veh_88 | CartesianPoint{x=139.98,y=538.19,z=0.00}' (at simulation time 516.000,000,000 s)
2025-05-28 00:49:07,160 INFO  - Received event: 516000 (at simulation time IntraVehicleMsg)
2025-05-28 00:49:07,164 INFO  - Sent message to others cars = 'veh_88 | CartesianPoint{x=139.98,y=538.19,z=0.00}' (at simulation time 517.000,000,000 s)
2025-05-28 00:49:07,228 INFO  - Received event: 517000 (at simulation time IntraVehicleMsg)
2025-05-28 00:49:07,234 INFO  - Sent message to others cars = 'veh_88 | CartesianPoint{x=139.98,y=538.19,z=0.00}' (at simulation time 518.000,000,000 s)
2025-05-28 00:49:07,296 INFO  - Received event: 518000 (at simulation time IntraVehicleMsg)
2025-05-28 00:49:07,298 INFO  - Sent message to others cars = 'veh_88 | CartesianPoint{x=139.98,y=538.19,z=0.00}' (at simulation time 519.000,000,000 s)
2025-05-28 00:49:07,364 INFO  - Received event: 519000 (at simulation time IntraVehicleMsg)
2025-05-28 00:49:07,368 INFO  - Sent message to others cars = 'veh_88 | CartesianPoint{x=139.98,y=538.19,z=0.00}' (at simulation time 520.000,000,000 s)
2025-05-28 00:49:07,433 INFO  - Received event: 520000 (at simulation time IntraVehicleMsg)
2025-05-28 00:49:07,440 INFO  - Sent message to others cars = 'veh_88 | CartesianPoint{x=139.98,y=538.19,z=0.00}' (at simulation time 521.000,000,000 s)
2025-05-28 00:49:07,509 INFO  - Received event: 521000 (at simulation time IntraVehicleMsg)
2025-05-28 00:49:07,519 INFO  - Sent message to others cars = 'veh_88 | CartesianPoint{x=139.98,y=538.19,z=0.00}' (at simulation time 522.000,000,000 s)
2025-05-28 00:49:07,593 INFO  - Received event: 522000 (at simulation time IntraVehicleMsg)
2025-05-28 00:49:07,595 INFO  - Sent message to others cars = 'veh_88 | CartesianPoint{x=139.98,y=538.19,z=0.00}' (at simulation time 523.000,000,000 s)
2025-05-28 00:49:07,665 INFO  - Received event: 523000 (at simulation time IntraVehicleMsg)
2025-05-28 00:49:07,667 INFO  - Sent message to others cars = 'veh_88 | CartesianPoint{x=139.98,y=538.19,z=0.00}' (at simulation time 524.000,000,000 s)
2025-05-28 00:49:07,736 INFO  - Received event: 524000 (at simulation time IntraVehicleMsg)
2025-05-28 00:49:07,740 INFO  - Sent message to others cars = 'veh_88 | CartesianPoint{x=139.98,y=538.19,z=0.00}' (at simulation time 525.000,000,000 s)
2025-05-28 00:49:07,814 INFO  - Received event: 525000 (at simulation time IntraVehicleMsg)
2025-05-28 00:49:07,819 INFO  - Sent message to others cars = 'veh_88 | CartesianPoint{x=139.98,y=538.19,z=0.00}' (at simulation time 526.000,000,000 s)
2025-05-28 00:49:07,887 INFO  - Received event: 526000 (at simulation time IntraVehicleMsg)
2025-05-28 00:49:07,890 INFO  - Sent message to others cars = 'veh_88 | CartesianPoint{x=139.98,y=538.19,z=0.00}' (at simulation time 527.000,000,000 s)
2025-05-28 00:49:07,961 INFO  - Received event: 527000 (at simulation time IntraVehicleMsg)
2025-05-28 00:49:07,964 INFO  - Sent message to others cars = 'veh_88 | CartesianPoint{x=139.98,y=538.19,z=0.00}' (at simulation time 528.000,000,000 s)
2025-05-28 00:49:08,040 INFO  - Received event: 528000 (at simulation time IntraVehicleMsg)
2025-05-28 00:49:08,043 INFO  - Sent message to others cars = 'veh_88 | CartesianPoint{x=139.98,y=538.19,z=0.00}' (at simulation time 529.000,000,000 s)
2025-05-28 00:49:08,118 INFO  - Received event: 529000 (at simulation time IntraVehicleMsg)
2025-05-28 00:49:08,122 INFO  - Sent message to others cars = 'veh_88 | CartesianPoint{x=139.98,y=538.19,z=0.00}' (at simulation time 530.000,000,000 s)
2025-05-28 00:49:08,201 INFO  - Received event: 530000 (at simulation time IntraVehicleMsg)
2025-05-28 00:49:08,208 INFO  - Sent message to others cars = 'veh_88 | CartesianPoint{x=139.98,y=538.19,z=0.00}' (at simulation time 531.000,000,000 s)
2025-05-28 00:49:08,288 INFO  - Received event: 531000 (at simulation time IntraVehicleMsg)
2025-05-28 00:49:08,291 INFO  - Sent message to others cars = 'veh_88 | CartesianPoint{x=139.98,y=538.19,z=0.00}' (at simulation time 532.000,000,000 s)
2025-05-28 00:49:08,371 INFO  - Received event: 532000 (at simulation time IntraVehicleMsg)
2025-05-28 00:49:08,374 INFO  - Sent message to others cars = 'veh_88 | CartesianPoint{x=139.98,y=538.19,z=0.00}' (at simulation time 533.000,000,000 s)
2025-05-28 00:49:08,456 INFO  - Received event: 533000 (at simulation time IntraVehicleMsg)
2025-05-28 00:49:08,459 INFO  - Sent message to others cars = 'veh_88 | CartesianPoint{x=139.96,y=536.40,z=0.00}' (at simulation time 534.000,000,000 s)
2025-05-28 00:49:08,538 INFO  - Received event: 534000 (at simulation time IntraVehicleMsg)
2025-05-28 00:49:08,548 INFO  - Sent message to others cars = 'veh_88 | CartesianPoint{x=139.93,y=532.56,z=0.00}' (at simulation time 535.000,000,000 s)
2025-05-28 00:49:08,625 INFO  - Received event: 535000 (at simulation time IntraVehicleMsg)
2025-05-28 00:49:08,630 INFO  - Sent message to others cars = 'veh_88 | CartesianPoint{x=139.88,y=526.98,z=0.00}' (at simulation time 536.000,000,000 s)
2025-05-28 00:49:08,699 INFO  - Received event: 536000 (at simulation time IntraVehicleMsg)
2025-05-28 00:49:08,702 INFO  - Sent message to others cars = 'veh_88 | CartesianPoint{x=139.82,y=519.57,z=0.00}' (at simulation time 537.000,000,000 s)
2025-05-28 00:49:08,767 INFO  - Received event: 537000 (at simulation time IntraVehicleMsg)
2025-05-28 00:49:08,769 INFO  - Sent message to others cars = 'veh_88 | CartesianPoint{x=139.74,y=511.32,z=0.00}' (at simulation time 538.000,000,000 s)
2025-05-28 00:49:08,831 INFO  - Received event: 538000 (at simulation time IntraVehicleMsg)
2025-05-28 00:49:08,834 INFO  - Sent message to others cars = 'veh_88 | CartesianPoint{x=139.66,y=503.24,z=0.00}' (at simulation time 539.000,000,000 s)
2025-05-28 00:49:08,896 INFO  - Received event: 539000 (at simulation time IntraVehicleMsg)
2025-05-28 00:49:08,899 INFO  - Sent message to others cars = 'veh_88 | CartesianPoint{x=139.59,y=495.12,z=0.00}' (at simulation time 540.000,000,000 s)
2025-05-28 00:49:08,966 INFO  - Received event: 540000 (at simulation time IntraVehicleMsg)
2025-05-28 00:49:08,983 INFO  - Sent message to others cars = 'veh_88 | CartesianPoint{x=139.51,y=487.67,z=0.00}' (at simulation time 541.000,000,000 s)
2025-05-28 00:49:09,047 INFO  - Received event: 541000 (at simulation time IntraVehicleMsg)
2025-05-28 00:49:09,049 INFO  - Sent message to others cars = 'veh_88 | CartesianPoint{x=139.45,y=480.52,z=0.00}' (at simulation time 542.000,000,000 s)
2025-05-28 00:49:09,113 INFO  - Received event: 542000 (at simulation time IntraVehicleMsg)
2025-05-28 00:49:09,116 INFO  - Sent message to others cars = 'veh_88 | CartesianPoint{x=139.37,y=472.50,z=0.00}' (at simulation time 543.000,000,000 s)
2025-05-28 00:49:09,178 INFO  - Received event: 543000 (at simulation time IntraVehicleMsg)
2025-05-28 00:49:09,181 INFO  - Sent message to others cars = 'veh_88 | CartesianPoint{x=139.30,y=464.72,z=0.00}' (at simulation time 544.000,000,000 s)
2025-05-28 00:49:09,237 INFO  - Received event: 544000 (at simulation time IntraVehicleMsg)
2025-05-28 00:49:09,239 INFO  - Sent message to others cars = 'veh_88 | CartesianPoint{x=139.22,y=457.44,z=0.00}' (at simulation time 545.000,000,000 s)
2025-05-28 00:49:09,296 INFO  - Received event: 545000 (at simulation time IntraVehicleMsg)
2025-05-28 00:49:09,299 INFO  - Sent message to others cars = 'veh_88 | CartesianPoint{x=139.19,y=449.29,z=0.00}' (at simulation time 546.000,000,000 s)
2025-05-28 00:49:09,356 INFO  - Received event: 546000 (at simulation time IntraVehicleMsg)
2025-05-28 00:49:09,358 INFO  - Sent message to others cars = 'veh_88 | CartesianPoint{x=139.18,y=441.88,z=0.00}' (at simulation time 547.000,000,000 s)
2025-05-28 00:49:09,409 INFO  - Received event: 547000 (at simulation time IntraVehicleMsg)
2025-05-28 00:49:09,411 INFO  - Sent message to others cars = 'veh_88 | CartesianPoint{x=139.16,y=434.83,z=0.00}' (at simulation time 548.000,000,000 s)
2025-05-28 00:49:09,466 INFO  - Received event: 548000 (at simulation time IntraVehicleMsg)
2025-05-28 00:49:09,476 INFO  - Sent message to others cars = 'veh_88 | CartesianPoint{x=139.15,y=427.00,z=0.00}' (at simulation time 549.000,000,000 s)
2025-05-28 00:49:09,535 INFO  - Received event: 549000 (at simulation time IntraVehicleMsg)
2025-05-28 00:49:09,542 INFO  - Sent message to others cars = 'veh_88 | CartesianPoint{x=139.13,y=418.74,z=0.00}' (at simulation time 550.000,000,000 s)
2025-05-28 00:49:09,588 INFO  - Received event: 550000 (at simulation time IntraVehicleMsg)
2025-05-28 00:49:09,591 INFO  - Sent message to others cars = 'veh_88 | CartesianPoint{x=139.11,y=410.82,z=0.00}' (at simulation time 551.000,000,000 s)
2025-05-28 00:49:09,628 INFO  - Received event: 551000 (at simulation time IntraVehicleMsg)
2025-05-28 00:49:09,634 INFO  - Sent message to others cars = 'veh_88 | CartesianPoint{x=139.10,y=402.80,z=0.00}' (at simulation time 552.000,000,000 s)
2025-05-28 00:49:09,674 INFO  - Received event: 552000 (at simulation time IntraVehicleMsg)
2025-05-28 00:49:09,676 INFO  - Sent message to others cars = 'veh_88 | CartesianPoint{x=139.08,y=394.93,z=0.00}' (at simulation time 553.000,000,000 s)
2025-05-28 00:49:09,715 INFO  - Received event: 553000 (at simulation time IntraVehicleMsg)
2025-05-28 00:49:09,717 INFO  - Sent message to others cars = 'veh_88 | CartesianPoint{x=139.06,y=386.61,z=0.00}' (at simulation time 554.000,000,000 s)
2025-05-28 00:49:09,763 INFO  - Received event: 554000 (at simulation time IntraVehicleMsg)
2025-05-28 00:49:09,765 INFO  - Sent message to others cars = 'veh_88 | CartesianPoint{x=139.04,y=378.59,z=0.00}' (at simulation time 555.000,000,000 s)
2025-05-28 00:49:09,807 INFO  - Received event: 555000 (at simulation time IntraVehicleMsg)
2025-05-28 00:49:09,811 INFO  - Sent message to others cars = 'veh_88 | CartesianPoint{x=139.03,y=371.47,z=0.00}' (at simulation time 556.000,000,000 s)
2025-05-28 00:49:09,852 INFO  - Received event: 556000 (at simulation time IntraVehicleMsg)
2025-05-28 00:49:09,854 INFO  - Sent message to others cars = 'veh_88 | CartesianPoint{x=139.01,y=364.23,z=0.00}' (at simulation time 557.000,000,000 s)
2025-05-28 00:49:09,900 INFO  - Received event: 557000 (at simulation time IntraVehicleMsg)
2025-05-28 00:49:09,907 INFO  - Sent message to others cars = 'veh_88 | CartesianPoint{x=139.00,y=356.66,z=0.00}' (at simulation time 558.000,000,000 s)
2025-05-28 00:49:09,950 INFO  - Received event: 558000 (at simulation time IntraVehicleMsg)
2025-05-28 00:49:09,952 INFO  - Sent message to others cars = 'veh_88 | CartesianPoint{x=138.93,y=348.48,z=0.00}' (at simulation time 559.000,000,000 s)
2025-05-28 00:49:09,992 INFO  - Received event: 559000 (at simulation time IntraVehicleMsg)
2025-05-28 00:49:09,996 INFO  - Sent message to others cars = 'veh_88 | CartesianPoint{x=138.86,y=340.44,z=0.00}' (at simulation time 560.000,000,000 s)
2025-05-28 00:49:10,036 INFO  - Received event: 560000 (at simulation time IntraVehicleMsg)
2025-05-28 00:49:10,039 INFO  - Sent message to others cars = 'veh_88 | CartesianPoint{x=138.79,y=333.28,z=0.00}' (at simulation time 561.000,000,000 s)
2025-05-28 00:49:10,080 INFO  - Received event: 561000 (at simulation time IntraVehicleMsg)
2025-05-28 00:49:10,086 INFO  - Sent message to others cars = 'veh_88 | CartesianPoint{x=138.73,y=326.21,z=0.00}' (at simulation time 562.000,000,000 s)
2025-05-28 00:49:10,129 INFO  - Received event: 562000 (at simulation time IntraVehicleMsg)
2025-05-28 00:49:10,132 INFO  - Sent message to others cars = 'veh_88 | CartesianPoint{x=138.66,y=317.97,z=0.00}' (at simulation time 563.000,000,000 s)
2025-05-28 00:49:10,174 INFO  - Received event: 563000 (at simulation time IntraVehicleMsg)
2025-05-28 00:49:10,177 INFO  - Sent message to others cars = 'veh_88 | CartesianPoint{x=138.59,y=310.04,z=0.00}' (at simulation time 564.000,000,000 s)
2025-05-28 00:49:10,221 INFO  - Received event: 564000 (at simulation time IntraVehicleMsg)
2025-05-28 00:49:10,224 INFO  - Sent message to others cars = 'veh_88 | CartesianPoint{x=138.53,y=302.36,z=0.00}' (at simulation time 565.000,000,000 s)
2025-05-28 00:49:10,270 INFO  - Received event: 565000 (at simulation time IntraVehicleMsg)
2025-05-28 00:49:10,272 INFO  - Sent message to others cars = 'veh_88 | CartesianPoint{x=138.46,y=294.74,z=0.00}' (at simulation time 566.000,000,000 s)
2025-05-28 00:49:10,319 INFO  - Received event: 566000 (at simulation time IntraVehicleMsg)
2025-05-28 00:49:10,322 INFO  - Sent message to others cars = 'veh_88 | CartesianPoint{x=138.40,y=287.25,z=0.00}' (at simulation time 567.000,000,000 s)
2025-05-28 00:49:10,369 INFO  - Received event: 567000 (at simulation time IntraVehicleMsg)
2025-05-28 00:49:10,372 INFO  - Sent message to others cars = 'veh_88 | CartesianPoint{x=138.33,y=280.04,z=0.00}' (at simulation time 568.000,000,000 s)
2025-05-28 00:49:10,422 INFO  - Received event: 568000 (at simulation time IntraVehicleMsg)
2025-05-28 00:49:10,424 INFO  - Sent message to others cars = 'veh_88 | CartesianPoint{x=138.27,y=272.65,z=0.00}' (at simulation time 569.000,000,000 s)
2025-05-28 00:49:10,475 INFO  - Received event: 569000 (at simulation time IntraVehicleMsg)
2025-05-28 00:49:10,478 INFO  - Sent message to others cars = 'veh_88 | CartesianPoint{x=138.20,y=265.17,z=0.00}' (at simulation time 570.000,000,000 s)
2025-05-28 00:49:10,529 INFO  - Received event: 570000 (at simulation time IntraVehicleMsg)
2025-05-28 00:49:10,541 INFO  - Sent message to others cars = 'veh_88 | CartesianPoint{x=138.14,y=258.14,z=0.00}' (at simulation time 571.000,000,000 s)
2025-05-28 00:49:10,592 INFO  - Received event: 571000 (at simulation time IntraVehicleMsg)
2025-05-28 00:49:10,599 INFO  - Sent message to others cars = 'veh_88 | CartesianPoint{x=138.08,y=250.21,z=0.00}' (at simulation time 572.000,000,000 s)
2025-05-28 00:49:10,651 INFO  - Received event: 572000 (at simulation time IntraVehicleMsg)
2025-05-28 00:49:10,654 INFO  - Sent message to others cars = 'veh_88 | CartesianPoint{x=138.01,y=241.91,z=0.00}' (at simulation time 573.000,000,000 s)
2025-05-28 00:49:10,707 INFO  - Received event: 573000 (at simulation time IntraVehicleMsg)
2025-05-28 00:49:10,710 INFO  - Sent message to others cars = 'veh_88 | CartesianPoint{x=137.94,y=233.78,z=0.00}' (at simulation time 574.000,000,000 s)
2025-05-28 00:49:10,764 INFO  - Received event: 574000 (at simulation time IntraVehicleMsg)
2025-05-28 00:49:10,768 INFO  - Sent message to others cars = 'veh_88 | CartesianPoint{x=137.88,y=226.31,z=0.00}' (at simulation time 575.000,000,000 s)
2025-05-28 00:49:10,824 INFO  - Received event: 575000 (at simulation time IntraVehicleMsg)
2025-05-28 00:49:10,831 INFO  - Sent message to others cars = 'veh_88 | CartesianPoint{x=137.82,y=218.62,z=0.00}' (at simulation time 576.000,000,000 s)
2025-05-28 00:49:10,888 INFO  - Received event: 576000 (at simulation time IntraVehicleMsg)
2025-05-28 00:49:10,895 INFO  - Sent message to others cars = 'veh_88 | CartesianPoint{x=137.75,y=210.94,z=0.00}' (at simulation time 577.000,000,000 s)
2025-05-28 00:49:10,947 INFO  - Received event: 577000 (at simulation time IntraVehicleMsg)
2025-05-28 00:49:10,950 INFO  - Sent message to others cars = 'veh_88 | CartesianPoint{x=137.69,y=203.01,z=0.00}' (at simulation time 578.000,000,000 s)
2025-05-28 00:49:11,006 INFO  - Received event: 578000 (at simulation time IntraVehicleMsg)
2025-05-28 00:49:11,009 INFO  - Sent message to others cars = 'veh_88 | CartesianPoint{x=137.63,y=195.47,z=0.00}' (at simulation time 579.000,000,000 s)
2025-05-28 00:49:11,069 INFO  - Received event: 579000 (at simulation time IntraVehicleMsg)
2025-05-28 00:49:11,073 INFO  - Sent message to others cars = 'veh_88 | CartesianPoint{x=137.56,y=187.80,z=0.00}' (at simulation time 580.000,000,000 s)
2025-05-28 00:49:11,133 INFO  - Received event: 580000 (at simulation time IntraVehicleMsg)
2025-05-28 00:49:11,136 INFO  - Sent message to others cars = 'veh_88 | CartesianPoint{x=137.50,y=179.81,z=0.00}' (at simulation time 581.000,000,000 s)
2025-05-28 00:49:11,196 INFO  - Received event: 581000 (at simulation time IntraVehicleMsg)
2025-05-28 00:49:11,203 INFO  - Sent message to others cars = 'veh_88 | CartesianPoint{x=137.43,y=172.07,z=0.00}' (at simulation time 582.000,000,000 s)
2025-05-28 00:49:11,268 INFO  - Received event: 582000 (at simulation time IntraVehicleMsg)
2025-05-28 00:49:11,271 INFO  - Sent message to others cars = 'veh_88 | CartesianPoint{x=137.37,y=164.07,z=0.00}' (at simulation time 583.000,000,000 s)
2025-05-28 00:49:11,333 INFO  - Received event: 583000 (at simulation time IntraVehicleMsg)
2025-05-28 00:49:11,336 INFO  - Sent message to others cars = 'veh_88 | CartesianPoint{x=137.30,y=156.18,z=0.00}' (at simulation time 584.000,000,000 s)
2025-05-28 00:49:11,399 INFO  - Received event: 584000 (at simulation time IntraVehicleMsg)
2025-05-28 00:49:11,402 INFO  - Sent message to others cars = 'veh_88 | CartesianPoint{x=137.24,y=148.15,z=0.00}' (at simulation time 585.000,000,000 s)
2025-05-28 00:49:11,465 INFO  - Received event: 585000 (at simulation time IntraVehicleMsg)
2025-05-28 00:49:11,468 INFO  - Sent message to others cars = 'veh_88 | CartesianPoint{x=137.17,y=140.05,z=0.00}' (at simulation time 586.000,000,000 s)
2025-05-28 00:49:11,537 INFO  - Received event: 586000 (at simulation time IntraVehicleMsg)
2025-05-28 00:49:11,543 INFO  - Sent message to others cars = 'veh_88 | CartesianPoint{x=137.20,y=131.79,z=0.00}' (at simulation time 587.000,000,000 s)
2025-05-28 00:49:11,608 INFO  - Received event: 587000 (at simulation time IntraVehicleMsg)
2025-05-28 00:49:11,616 INFO  - Sent message to others cars = 'veh_88 | CartesianPoint{x=137.25,y=123.60,z=0.00}' (at simulation time 588.000,000,000 s)
2025-05-28 00:49:11,684 INFO  - Received event: 588000 (at simulation time IntraVehicleMsg)
2025-05-28 00:49:11,688 INFO  - Sent message to others cars = 'veh_88 | CartesianPoint{x=137.29,y=115.91,z=0.00}' (at simulation time 589.000,000,000 s)
2025-05-28 00:49:11,755 INFO  - Received event: 589000 (at simulation time IntraVehicleMsg)
2025-05-28 00:49:11,759 INFO  - Sent message to others cars = 'veh_88 | CartesianPoint{x=137.33,y=108.60,z=0.00}' (at simulation time 590.000,000,000 s)
2025-05-28 00:49:11,826 INFO  - Received event: 590000 (at simulation time IntraVehicleMsg)
2025-05-28 00:49:11,830 INFO  - Sent message to others cars = 'veh_88 | CartesianPoint{x=137.37,y=100.66,z=0.00}' (at simulation time 591.000,000,000 s)
2025-05-28 00:49:11,903 INFO  - Received event: 591000 (at simulation time IntraVehicleMsg)
2025-05-28 00:49:11,908 INFO  - Sent message to others cars = 'veh_88 | CartesianPoint{x=137.41,y=93.29,z=0.00}' (at simulation time 592.000,000,000 s)
2025-05-28 00:49:11,978 INFO  - Received event: 592000 (at simulation time IntraVehicleMsg)
2025-05-28 00:49:11,985 INFO  - Sent message to others cars = 'veh_88 | CartesianPoint{x=137.46,y=85.43,z=0.00}' (at simulation time 593.000,000,000 s)
2025-05-28 00:49:12,062 INFO  - Received event: 593000 (at simulation time IntraVehicleMsg)
2025-05-28 00:49:12,065 INFO  - Sent message to others cars = 'veh_88 | CartesianPoint{x=137.50,y=77.27,z=0.00}' (at simulation time 594.000,000,000 s)
2025-05-28 00:49:12,148 INFO  - Received event: 594000 (at simulation time IntraVehicleMsg)
2025-05-28 00:49:12,152 INFO  - Sent message to others cars = 'veh_88 | CartesianPoint{x=140.48,y=70.86,z=0.00}' (at simulation time 595.000,000,000 s)
2025-05-28 00:49:12,232 INFO  - Received event: 595000 (at simulation time IntraVehicleMsg)
2025-05-28 00:49:12,236 INFO  - Sent message to others cars = 'veh_88 | CartesianPoint{x=145.12,y=64.63,z=0.00}' (at simulation time 596.000,000,000 s)
2025-05-28 00:49:12,317 INFO  - Received event: 596000 (at simulation time IntraVehicleMsg)
2025-05-28 00:49:12,332 INFO  - Sent message to others cars = 'veh_88 | CartesianPoint{x=150.93,y=59.19,z=0.00}' (at simulation time 597.000,000,000 s)
2025-05-28 00:49:12,412 INFO  - Received event: 597000 (at simulation time IntraVehicleMsg)
2025-05-28 00:49:12,415 INFO  - Sent message to others cars = 'veh_88 | CartesianPoint{x=156.09,y=53.92,z=0.00}' (at simulation time 598.000,000,000 s)
2025-05-28 00:49:12,496 INFO  - Received event: 598000 (at simulation time IntraVehicleMsg)
2025-05-28 00:49:12,501 INFO  - Sent message to others cars = 'veh_88 | CartesianPoint{x=161.01,y=48.51,z=0.00}' (at simulation time 599.000,000,000 s)
2025-05-28 00:49:12,584 INFO  - Received event: 599000 (at simulation time IntraVehicleMsg)
2025-05-28 00:49:12,588 INFO  - Sent message to others cars = 'veh_88 | CartesianPoint{x=166.35,y=42.64,z=0.00}' (at simulation time 600.000,000,000 s)
2025-05-28 00:49:12,671 INFO  - Received event: 600000 (at simulation time IntraVehicleMsg)
2025-05-28 00:49:12,675 INFO  - Sent message to others cars = 'veh_88 | CartesianPoint{x=171.18,y=37.33,z=0.00}' (at simulation time 601.000,000,000 s)
2025-05-28 00:49:12,761 INFO  - Received event: 601000 (at simulation time IntraVehicleMsg)
2025-05-28 00:49:12,765 INFO  - Sent message to others cars = 'veh_88 | CartesianPoint{x=176.12,y=31.89,z=0.00}' (at simulation time 602.000,000,000 s)
2025-05-28 00:49:12,851 INFO  - Received event: 602000 (at simulation time IntraVehicleMsg)
2025-05-28 00:49:12,858 INFO  - Sent message to others cars = 'veh_88 | CartesianPoint{x=181.71,y=25.74,z=0.00}' (at simulation time 603.000,000,000 s)
2025-05-28 00:49:12,947 INFO  - Received event: 603000 (at simulation time IntraVehicleMsg)
2025-05-28 00:49:12,951 INFO  - Sent message to others cars = 'veh_88 | CartesianPoint{x=186.76,y=20.19,z=0.00}' (at simulation time 604.000,000,000 s)
2025-05-28 00:49:13,038 INFO  - Received event: 604000 (at simulation time IntraVehicleMsg)
2025-05-28 00:49:13,042 INFO  - Sent message to others cars = 'veh_88 | CartesianPoint{x=192.01,y=14.42,z=0.00}' (at simulation time 605.000,000,000 s)
2025-05-28 00:49:13,139 INFO  - Received event: 605000 (at simulation time IntraVehicleMsg)
2025-05-28 00:49:13,143 INFO  - Sent message to others cars = 'veh_88 | CartesianPoint{x=195.30,y=7.10,z=0.00}' (at simulation time 606.000,000,000 s)
2025-05-28 00:49:13,231 INFO  - Received event: 606000 (at simulation time IntraVehicleMsg)
2025-05-28 00:49:13,235 INFO  - Sent message to others cars = 'veh_88 | CartesianPoint{x=197.02,y=-0.04,z=0.00}' (at simulation time 607.000,000,000 s)
2025-05-28 00:49:13,328 INFO  - Received event: 607000 (at simulation time IntraVehicleMsg)
2025-05-28 00:49:13,342 INFO  - ------------------------------------------------------------------------------------- (at simulation time 608.000,000,000 s)
2025-05-28 00:49:13,342 INFO  - Shutdown application (at simulation time 608.000,000,000 s)
2025-05-28 00:49:13,342 INFO  - ------------------------------------------------------------------------------------- (at simulation time 608.000,000,000 s)
