2025-06-04 14:59:24,244 INFO  - Initialize veh_19 application (at simulation time 99.000,000,000 s)
2025-06-04 14:59:24,245 INFO  - Sent InterVehicleMsg: veh_19 | CartesianPoint{x=-0.00,y=532.14,z=0.00} | {:.2f} m/s (at simulation time 8.539291704779604)
2025-06-04 14:59:24,254 INFO  - Sent InterVehicleMsg: veh_19 | CartesianPoint{x=8.49,y=532.12,z=0.00} | {:.2f} m/s (at simulation time 8.491196568830052)
2025-06-04 14:59:24,262 INFO  - Sent InterVehicleMsg: veh_19 | CartesianPoint{x=16.61,y=532.09,z=0.00} | {:.2f} m/s (at simulation time 8.118654431969041)
2025-06-04 14:59:24,270 INFO  - Sent InterVehicleMsg: veh_19 | CartesianPoint{x=24.51,y=532.07,z=0.00} | {:.2f} m/s (at simulation time 7.897077616917082)
2025-06-04 14:59:24,279 INFO  - Sent InterVehicleMsg: veh_19 | CartesianPoint{x=32.48,y=532.04,z=0.00} | {:.2f} m/s (at simulation time 7.973390458997452)
2025-06-04 14:59:24,288 INFO  - Sent InterVehicleMsg: veh_19 | CartesianPoint{x=40.62,y=532.05,z=0.00} | {:.2f} m/s (at simulation time 8.135042924883889)
2025-06-04 14:59:24,297 INFO  - Sent InterVehicleMsg: veh_19 | CartesianPoint{x=49.14,y=532.12,z=0.00} | {:.2f} m/s (at simulation time 8.52466603436798)
2025-06-04 14:59:24,304 INFO  - Sent InterVehicleMsg: veh_19 | CartesianPoint{x=56.39,y=532.17,z=0.00} | {:.2f} m/s (at simulation time 7.245431225055942)
2025-06-04 14:59:24,311 INFO  - Sent InterVehicleMsg: veh_19 | CartesianPoint{x=64.22,y=532.21,z=0.00} | {:.2f} m/s (at simulation time 7.836183549052217)
2025-06-04 14:59:24,318 INFO  - Sent InterVehicleMsg: veh_19 | CartesianPoint{x=72.10,y=532.23,z=0.00} | {:.2f} m/s (at simulation time 7.879958248145991)
2025-06-04 14:59:24,332 INFO  - Sent InterVehicleMsg: veh_19 | CartesianPoint{x=79.99,y=532.24,z=0.00} | {:.2f} m/s (at simulation time 7.890586881184133)
2025-06-04 14:59:24,341 INFO  - Sent InterVehicleMsg: veh_19 | CartesianPoint{x=88.34,y=532.24,z=0.00} | {:.2f} m/s (at simulation time 8.346675920331032)
2025-06-04 14:59:24,349 INFO  - Sent InterVehicleMsg: veh_19 | CartesianPoint{x=96.20,y=532.14,z=0.00} | {:.2f} m/s (at simulation time 7.854967543117815)
2025-06-04 14:59:24,356 INFO  - Sent InterVehicleMsg: veh_19 | CartesianPoint{x=103.84,y=532.04,z=0.00} | {:.2f} m/s (at simulation time 7.644139509259836)
2025-06-04 14:59:24,365 INFO  - Sent InterVehicleMsg: veh_19 | CartesianPoint{x=110.94,y=531.96,z=0.00} | {:.2f} m/s (at simulation time 7.102132146016701)
2025-06-04 14:59:24,375 INFO  - Sent InterVehicleMsg: veh_19 | CartesianPoint{x=113.54,y=531.92,z=0.00} | {:.2f} m/s (at simulation time 2.602132146016701)
2025-06-04 14:59:24,384 INFO  - Sent InterVehicleMsg: veh_19 | CartesianPoint{x=113.79,y=531.92,z=0.00} | {:.2f} m/s (at simulation time 0.24229225551016975)
2025-06-04 14:59:24,393 INFO  - Sent InterVehicleMsg: veh_19 | CartesianPoint{x=113.83,y=531.92,z=0.00} | {:.2f} m/s (at simulation time 0.044104216226782664)
2025-06-04 14:59:24,401 INFO  - Sent InterVehicleMsg: veh_19 | CartesianPoint{x=113.83,y=531.92,z=0.00} | {:.2f} m/s (at simulation time 0.004319982137427585)
2025-06-04 14:59:24,410 INFO  - Sent InterVehicleMsg: veh_19 | CartesianPoint{x=113.84,y=531.92,z=0.00} | {:.2f} m/s (at simulation time 0.0025640796947074777)
2025-06-04 14:59:24,419 INFO  - Sent InterVehicleMsg: veh_19 | CartesianPoint{x=113.84,y=531.92,z=0.00} | {:.2f} m/s (at simulation time 3.648895220840244E-4)
2025-06-04 14:59:24,576 INFO  - Sent InterVehicleMsg: veh_19 | CartesianPoint{x=114.30,y=531.91,z=0.00} | {:.2f} m/s (at simulation time 0.4660974381476355)
2025-06-04 14:59:24,588 INFO  - Sent InterVehicleMsg: veh_19 | CartesianPoint{x=117.08,y=531.88,z=0.00} | {:.2f} m/s (at simulation time 2.7746923502519443)
2025-06-04 14:59:24,605 INFO  - Sent InterVehicleMsg: veh_19 | CartesianPoint{x=121.80,y=531.82,z=0.00} | {:.2f} m/s (at simulation time 4.721383397070104)
2025-06-04 14:59:24,624 INFO  - Sent InterVehicleMsg: veh_19 | CartesianPoint{x=128.71,y=531.73,z=0.00} | {:.2f} m/s (at simulation time 6.912947686341004)
2025-06-04 14:59:24,635 INFO  - Sent InterVehicleMsg: veh_19 | CartesianPoint{x=136.38,y=531.65,z=0.00} | {:.2f} m/s (at simulation time 7.676890747381278)
2025-06-04 14:59:24,647 INFO  - Sent InterVehicleMsg: veh_19 | CartesianPoint{x=143.77,y=531.59,z=0.00} | {:.2f} m/s (at simulation time 7.405829225179537)
2025-06-04 14:59:24,659 INFO  - Sent InterVehicleMsg: veh_19 | CartesianPoint{x=151.18,y=531.58,z=0.00} | {:.2f} m/s (at simulation time 7.420864026184869)
2025-06-04 14:59:24,672 INFO  - Sent InterVehicleMsg: veh_19 | CartesianPoint{x=159.05,y=531.63,z=0.00} | {:.2f} m/s (at simulation time 7.870967767582452)
2025-06-04 14:59:24,692 INFO  - Sent InterVehicleMsg: veh_19 | CartesianPoint{x=165.86,y=531.68,z=0.00} | {:.2f} m/s (at simulation time 6.810332439744775)
2025-06-04 14:59:24,705 INFO  - Sent InterVehicleMsg: veh_19 | CartesianPoint{x=172.44,y=531.72,z=0.00} | {:.2f} m/s (at simulation time 6.576536717817461)
2025-06-04 14:59:24,716 INFO  - Sent InterVehicleMsg: veh_19 | CartesianPoint{x=180.06,y=531.78,z=0.00} | {:.2f} m/s (at simulation time 7.618734883198628)
2025-06-04 14:59:24,727 INFO  - Sent InterVehicleMsg: veh_19 | CartesianPoint{x=187.65,y=531.83,z=0.00} | {:.2f} m/s (at simulation time 7.592004377798291)
2025-06-04 14:59:24,738 INFO  - Sent InterVehicleMsg: veh_19 | CartesianPoint{x=194.55,y=531.88,z=0.00} | {:.2f} m/s (at simulation time 6.9052291049634675)
2025-06-04 14:59:24,751 INFO  - Sent InterVehicleMsg: veh_19 | CartesianPoint{x=200.17,y=531.92,z=0.00} | {:.2f} m/s (at simulation time 5.617865940631462)
2025-06-04 14:59:24,763 INFO  - Sent InterVehicleMsg: veh_19 | CartesianPoint{x=204.81,y=531.95,z=0.00} | {:.2f} m/s (at simulation time 4.637339799056882)
2025-06-04 14:59:24,774 INFO  - Sent InterVehicleMsg: veh_19 | CartesianPoint{x=211.47,y=532.00,z=0.00} | {:.2f} m/s (at simulation time 6.670432569898786)
2025-06-04 14:59:24,785 INFO  - Sent InterVehicleMsg: veh_19 | CartesianPoint{x=215.30,y=532.02,z=0.00} | {:.2f} m/s (at simulation time 3.821856743376233)
2025-06-04 14:59:24,797 INFO  - Sent InterVehicleMsg: veh_19 | CartesianPoint{x=221.40,y=532.03,z=0.00} | {:.2f} m/s (at simulation time 6.092824193182864)
2025-06-04 14:59:24,820 INFO  - Sent InterVehicleMsg: veh_19 | CartesianPoint{x=228.94,y=532.04,z=0.00} | {:.2f} m/s (at simulation time 7.5375575781177)
2025-06-04 14:59:24,833 INFO  - Sent InterVehicleMsg: veh_19 | CartesianPoint{x=236.32,y=532.03,z=0.00} | {:.2f} m/s (at simulation time 7.372085125612208)
2025-06-04 14:59:24,845 INFO  - Sent InterVehicleMsg: veh_19 | CartesianPoint{x=244.55,y=532.01,z=0.00} | {:.2f} m/s (at simulation time 8.235485274003)
2025-06-04 14:59:24,857 INFO  - Sent InterVehicleMsg: veh_19 | CartesianPoint{x=252.76,y=532.00,z=0.00} | {:.2f} m/s (at simulation time 8.204281327997448)
2025-06-04 14:59:24,870 INFO  - Sent InterVehicleMsg: veh_19 | CartesianPoint{x=261.15,y=531.98,z=0.00} | {:.2f} m/s (at simulation time 8.395399516176546)
2025-06-04 14:59:24,883 INFO  - Sent InterVehicleMsg: veh_19 | CartesianPoint{x=268.76,y=531.97,z=0.00} | {:.2f} m/s (at simulation time 7.607430033742563)
2025-06-04 14:59:24,896 INFO  - Sent InterVehicleMsg: veh_19 | CartesianPoint{x=276.25,y=531.96,z=0.00} | {:.2f} m/s (at simulation time 7.492358676258588)
2025-06-04 14:59:25,160 INFO  - Sent InterVehicleMsg: veh_19 | CartesianPoint{x=284.45,y=531.95,z=0.00} | {:.2f} m/s (at simulation time 8.192477413064914)
2025-06-04 14:59:25,179 INFO  - Sent InterVehicleMsg: veh_19 | CartesianPoint{x=291.78,y=531.94,z=0.00} | {:.2f} m/s (at simulation time 7.338632637083643)
2025-06-04 14:59:25,198 INFO  - Sent InterVehicleMsg: veh_19 | CartesianPoint{x=299.90,y=531.93,z=0.00} | {:.2f} m/s (at simulation time 8.113264572162294)
2025-06-04 14:59:25,217 INFO  - Sent InterVehicleMsg: veh_19 | CartesianPoint{x=307.89,y=531.92,z=0.00} | {:.2f} m/s (at simulation time 7.991536655191445)
2025-06-04 14:59:25,241 INFO  - Sent InterVehicleMsg: veh_19 | CartesianPoint{x=315.74,y=531.91,z=0.00} | {:.2f} m/s (at simulation time 7.846842983093226)
2025-06-04 14:59:25,251 INFO  - Sent InterVehicleMsg: veh_19 | CartesianPoint{x=323.71,y=531.90,z=0.00} | {:.2f} m/s (at simulation time 7.975531428198443)
2025-06-04 14:59:25,262 INFO  - Sent InterVehicleMsg: veh_19 | CartesianPoint{x=332.15,y=531.89,z=0.00} | {:.2f} m/s (at simulation time 8.435442519451605)
2025-06-04 14:59:25,275 INFO  - Sent InterVehicleMsg: veh_19 | CartesianPoint{x=340.02,y=531.88,z=0.00} | {:.2f} m/s (at simulation time 7.871570190518244)
2025-06-04 14:59:25,286 INFO  - Sent InterVehicleMsg: veh_19 | CartesianPoint{x=347.30,y=531.87,z=0.00} | {:.2f} m/s (at simulation time 7.279666535657013)
2025-06-04 14:59:25,297 INFO  - Shutdown application (at simulation time 166.000,000,000 s)
