2025-05-28 00:39:42,866 INFO  - ------------------------------------------------------------------------------------- (at simulation time 654.000,000,000 s)
2025-05-28 00:39:42,866 INFO  - Initialize veh_127 application (at simulation time 654.000,000,000 s)
2025-05-28 00:39:42,866 INFO  - Activated AdHoc Module (at simulation time 654.000,000,000 s)
2025-05-28 00:39:42,866 INFO  - ------------------------------------------------------------------------------------- (at simulation time 654.000,000,000 s)
2025-05-28 00:39:42,867 INFO  - Sent message to others cars = 'veh_127 | CartesianPoint{x=-0.00,y=532.14,z=0.00}' (at simulation time 654.000,000,000 s)
2025-05-28 00:39:42,952 INFO  - Received event: 654000 (at simulation time IntraVehicleMsg)
2025-05-28 00:39:42,957 INFO  - Sent message to others cars = 'veh_127 | CartesianPoint{x=6.55,y=532.12,z=0.00}' (at simulation time 655.000,000,000 s)
2025-05-28 00:39:43,046 INFO  - Received event: 655000 (at simulation time IntraVehicleMsg)
2025-05-28 00:39:43,048 INFO  - Sent message to others cars = 'veh_127 | CartesianPoint{x=13.01,y=532.10,z=0.00}' (at simulation time 656.000,000,000 s)
2025-05-28 00:39:43,139 INFO  - Received event: 656000 (at simulation time IntraVehicleMsg)
2025-05-28 00:39:43,148 INFO  - Sent message to others cars = 'veh_127 | CartesianPoint{x=19.37,y=532.08,z=0.00}' (at simulation time 657.000,000,000 s)
2025-05-28 00:39:43,237 INFO  - Received event: 657000 (at simulation time IntraVehicleMsg)
2025-05-28 00:39:43,242 INFO  - Sent message to others cars = 'veh_127 | CartesianPoint{x=25.90,y=532.07,z=0.00}' (at simulation time 658.000,000,000 s)
2025-05-28 00:39:43,326 INFO  - Received event: 658000 (at simulation time IntraVehicleMsg)
2025-05-28 00:39:43,329 INFO  - Sent message to others cars = 'veh_127 | CartesianPoint{x=32.97,y=532.04,z=0.00}' (at simulation time 659.000,000,000 s)
2025-05-28 00:39:43,420 INFO  - Received event: 659000 (at simulation time IntraVehicleMsg)
2025-05-28 00:39:43,423 INFO  - Sent message to others cars = 'veh_127 | CartesianPoint{x=39.55,y=528.84,z=0.00}' (at simulation time 660.000,000,000 s)
2025-05-28 00:39:43,517 INFO  - Received event: 660000 (at simulation time IntraVehicleMsg)
2025-05-28 00:39:43,522 INFO  - Sent message to others cars = 'veh_127 | CartesianPoint{x=46.34,y=528.89,z=0.00}' (at simulation time 661.000,000,000 s)
2025-05-28 00:39:43,616 INFO  - Received event: 661000 (at simulation time IntraVehicleMsg)
2025-05-28 00:39:43,619 INFO  - Sent message to others cars = 'veh_127 | CartesianPoint{x=53.57,y=528.95,z=0.00}' (at simulation time 662.000,000,000 s)
2025-05-28 00:39:43,715 INFO  - Received event: 662000 (at simulation time IntraVehicleMsg)
2025-05-28 00:39:43,718 INFO  - Sent message to others cars = 'veh_127 | CartesianPoint{x=60.41,y=529.00,z=0.00}' (at simulation time 663.000,000,000 s)
2025-05-28 00:39:43,813 INFO  - Received event: 663000 (at simulation time IntraVehicleMsg)
2025-05-28 00:39:43,816 INFO  - Sent message to others cars = 'veh_127 | CartesianPoint{x=67.53,y=529.02,z=0.00}' (at simulation time 664.000,000,000 s)
2025-05-28 00:39:43,916 INFO  - Received event: 664000 (at simulation time IntraVehicleMsg)
2025-05-28 00:39:43,924 INFO  - Sent message to others cars = 'veh_127 | CartesianPoint{x=73.96,y=529.03,z=0.00}' (at simulation time 665.000,000,000 s)
2025-05-28 00:39:44,021 INFO  - Received event: 665000 (at simulation time IntraVehicleMsg)
2025-05-28 00:39:44,024 INFO  - Sent message to others cars = 'veh_127 | CartesianPoint{x=80.98,y=529.05,z=0.00}' (at simulation time 666.000,000,000 s)
2025-05-28 00:39:44,125 INFO  - Received event: 666000 (at simulation time IntraVehicleMsg)
2025-05-28 00:39:44,131 INFO  - Sent message to others cars = 'veh_127 | CartesianPoint{x=88.33,y=529.04,z=0.00}' (at simulation time 667.000,000,000 s)
2025-05-28 00:39:44,227 INFO  - Received event: 667000 (at simulation time IntraVehicleMsg)
2025-05-28 00:39:44,229 INFO  - Sent message to others cars = 'veh_127 | CartesianPoint{x=94.95,y=528.96,z=0.00}' (at simulation time 668.000,000,000 s)
2025-05-28 00:39:44,324 INFO  - Received event: 668000 (at simulation time IntraVehicleMsg)
2025-05-28 00:39:44,326 INFO  - Sent message to others cars = 'veh_127 | CartesianPoint{x=101.18,y=528.88,z=0.00}' (at simulation time 669.000,000,000 s)
2025-05-28 00:39:44,420 INFO  - Received event: 669000 (at simulation time IntraVehicleMsg)
2025-05-28 00:39:44,422 INFO  - Sent message to others cars = 'veh_127 | CartesianPoint{x=107.68,y=528.80,z=0.00}' (at simulation time 670.000,000,000 s)
2025-05-28 00:39:44,518 INFO  - Received event: 670000 (at simulation time IntraVehicleMsg)
2025-05-28 00:39:44,520 INFO  - Sent message to others cars = 'veh_127 | CartesianPoint{x=113.97,y=531.92,z=0.00}' (at simulation time 671.000,000,000 s)
2025-05-28 00:39:44,619 INFO  - Received event: 671000 (at simulation time IntraVehicleMsg)
2025-05-28 00:39:44,626 INFO  - Sent message to others cars = 'veh_127 | CartesianPoint{x=120.27,y=531.84,z=0.00}' (at simulation time 672.000,000,000 s)
2025-05-28 00:39:44,724 INFO  - Received event: 672000 (at simulation time IntraVehicleMsg)
2025-05-28 00:39:44,726 INFO  - Sent message to others cars = 'veh_127 | CartesianPoint{x=124.58,y=531.78,z=0.00}' (at simulation time 673.000,000,000 s)
2025-05-28 00:39:44,826 INFO  - Received event: 673000 (at simulation time IntraVehicleMsg)
2025-05-28 00:39:44,828 INFO  - Sent message to others cars = 'veh_127 | CartesianPoint{x=126.65,y=531.76,z=0.00}' (at simulation time 674.000,000,000 s)
2025-05-28 00:39:44,929 INFO  - Received event: 674000 (at simulation time IntraVehicleMsg)
2025-05-28 00:39:44,936 INFO  - Sent message to others cars = 'veh_127 | CartesianPoint{x=126.75,y=531.76,z=0.00}' (at simulation time 675.000,000,000 s)
2025-05-28 00:39:45,039 INFO  - Received event: 675000 (at simulation time IntraVehicleMsg)
2025-05-28 00:39:45,042 INFO  - Sent message to others cars = 'veh_127 | CartesianPoint{x=126.83,y=531.75,z=0.00}' (at simulation time 676.000,000,000 s)
2025-05-28 00:39:45,147 INFO  - Received event: 676000 (at simulation time IntraVehicleMsg)
2025-05-28 00:39:45,149 INFO  - Sent message to others cars = 'veh_127 | CartesianPoint{x=128.17,y=531.74,z=0.00}' (at simulation time 677.000,000,000 s)
2025-05-28 00:39:45,246 INFO  - Received event: 677000 (at simulation time IntraVehicleMsg)
2025-05-28 00:39:45,249 INFO  - Sent message to others cars = 'veh_127 | CartesianPoint{x=130.90,y=531.70,z=0.00}' (at simulation time 678.000,000,000 s)
2025-05-28 00:39:45,345 INFO  - Received event: 678000 (at simulation time IntraVehicleMsg)
2025-05-28 00:39:45,348 INFO  - Sent message to others cars = 'veh_127 | CartesianPoint{x=135.59,y=531.65,z=0.00}' (at simulation time 679.000,000,000 s)
2025-05-28 00:39:45,448 INFO  - Received event: 679000 (at simulation time IntraVehicleMsg)
2025-05-28 00:39:45,451 INFO  - Sent message to others cars = 'veh_127 | CartesianPoint{x=142.83,y=531.60,z=0.00}' (at simulation time 680.000,000,000 s)
2025-05-28 00:39:45,549 INFO  - Received event: 680000 (at simulation time IntraVehicleMsg)
2025-05-28 00:39:45,557 INFO  - Sent message to others cars = 'veh_127 | CartesianPoint{x=150.17,y=531.57,z=0.00}' (at simulation time 681.000,000,000 s)
2025-05-28 00:39:45,658 INFO  - Received event: 681000 (at simulation time IntraVehicleMsg)
2025-05-28 00:39:45,660 INFO  - Sent message to others cars = 'veh_127 | CartesianPoint{x=157.26,y=531.62,z=0.00}' (at simulation time 682.000,000,000 s)
2025-05-28 00:39:45,759 INFO  - Received event: 682000 (at simulation time IntraVehicleMsg)
2025-05-28 00:39:45,761 INFO  - Sent message to others cars = 'veh_127 | CartesianPoint{x=163.44,y=531.66,z=0.00}' (at simulation time 683.000,000,000 s)
2025-05-28 00:39:45,865 INFO  - Received event: 683000 (at simulation time IntraVehicleMsg)
2025-05-28 00:39:45,867 INFO  - Sent message to others cars = 'veh_127 | CartesianPoint{x=169.81,y=531.71,z=0.00}' (at simulation time 684.000,000,000 s)
2025-05-28 00:39:45,970 INFO  - Received event: 684000 (at simulation time IntraVehicleMsg)
2025-05-28 00:39:45,977 INFO  - Sent message to others cars = 'veh_127 | CartesianPoint{x=176.12,y=531.75,z=0.00}' (at simulation time 685.000,000,000 s)
2025-05-28 00:39:46,084 INFO  - Received event: 685000 (at simulation time IntraVehicleMsg)
2025-05-28 00:39:46,087 INFO  - Sent message to others cars = 'veh_127 | CartesianPoint{x=182.65,y=531.80,z=0.00}' (at simulation time 686.000,000,000 s)
2025-05-28 00:39:46,193 INFO  - Received event: 686000 (at simulation time IntraVehicleMsg)
2025-05-28 00:39:46,196 INFO  - Sent message to others cars = 'veh_127 | CartesianPoint{x=189.32,y=531.84,z=0.00}' (at simulation time 687.000,000,000 s)
2025-05-28 00:39:46,305 INFO  - Received event: 687000 (at simulation time IntraVehicleMsg)
2025-05-28 00:39:46,308 INFO  - Sent message to others cars = 'veh_127 | CartesianPoint{x=196.15,y=531.89,z=0.00}' (at simulation time 688.000,000,000 s)
2025-05-28 00:39:46,417 INFO  - Received event: 688000 (at simulation time IntraVehicleMsg)
2025-05-28 00:39:46,420 INFO  - Sent message to others cars = 'veh_127 | CartesianPoint{x=203.42,y=531.94,z=0.00}' (at simulation time 689.000,000,000 s)
2025-05-28 00:39:46,531 INFO  - Received event: 689000 (at simulation time IntraVehicleMsg)
2025-05-28 00:39:46,535 INFO  - Sent message to others cars = 'veh_127 | CartesianPoint{x=209.97,y=531.99,z=0.00}' (at simulation time 690.000,000,000 s)
2025-05-28 00:39:46,647 INFO  - Received event: 690000 (at simulation time IntraVehicleMsg)
2025-05-28 00:39:46,650 INFO  - Sent message to others cars = 'veh_127 | CartesianPoint{x=215.04,y=532.02,z=0.00}' (at simulation time 691.000,000,000 s)
2025-05-28 00:39:46,756 INFO  - Received event: 691000 (at simulation time IntraVehicleMsg)
2025-05-28 00:39:46,758 INFO  - Sent message to others cars = 'veh_127 | CartesianPoint{x=222.31,y=532.03,z=0.00}' (at simulation time 692.000,000,000 s)
2025-05-28 00:39:46,854 INFO  - Received event: 692000 (at simulation time IntraVehicleMsg)
2025-05-28 00:39:46,856 INFO  - Sent message to others cars = 'veh_127 | CartesianPoint{x=229.59,y=532.04,z=0.00}' (at simulation time 693.000,000,000 s)
2025-05-28 00:39:46,955 INFO  - Received event: 693000 (at simulation time IntraVehicleMsg)
2025-05-28 00:39:46,964 INFO  - Sent message to others cars = 'veh_127 | CartesianPoint{x=236.06,y=532.03,z=0.00}' (at simulation time 694.000,000,000 s)
2025-05-28 00:39:47,052 INFO  - Received event: 694000 (at simulation time IntraVehicleMsg)
2025-05-28 00:39:47,055 INFO  - Sent message to others cars = 'veh_127 | CartesianPoint{x=242.49,y=532.02,z=0.00}' (at simulation time 695.000,000,000 s)
2025-05-28 00:39:47,145 INFO  - Received event: 695000 (at simulation time IntraVehicleMsg)
2025-05-28 00:39:47,152 INFO  - Sent message to others cars = 'veh_127 | CartesianPoint{x=249.09,y=532.01,z=0.00}' (at simulation time 696.000,000,000 s)
2025-05-28 00:39:47,235 INFO  - Received event: 696000 (at simulation time IntraVehicleMsg)
2025-05-28 00:39:47,238 INFO  - Sent message to others cars = 'veh_127 | CartesianPoint{x=256.17,y=531.99,z=0.00}' (at simulation time 697.000,000,000 s)
2025-05-28 00:39:47,315 INFO  - Received event: 697000 (at simulation time IntraVehicleMsg)
2025-05-28 00:39:47,318 INFO  - Sent message to others cars = 'veh_127 | CartesianPoint{x=263.08,y=531.98,z=0.00}' (at simulation time 698.000,000,000 s)
2025-05-28 00:39:47,391 INFO  - Received event: 698000 (at simulation time IntraVehicleMsg)
2025-05-28 00:39:47,394 INFO  - Sent message to others cars = 'veh_127 | CartesianPoint{x=269.48,y=531.97,z=0.00}' (at simulation time 699.000,000,000 s)
2025-05-28 00:39:47,460 INFO  - Received event: 699000 (at simulation time IntraVehicleMsg)
2025-05-28 00:39:47,466 INFO  - Sent message to others cars = 'veh_127 | CartesianPoint{x=276.78,y=531.96,z=0.00}' (at simulation time 700.000,000,000 s)
2025-05-28 00:39:47,532 INFO  - Received event: 700000 (at simulation time IntraVehicleMsg)
2025-05-28 00:39:47,534 INFO  - Sent message to others cars = 'veh_127 | CartesianPoint{x=283.64,y=531.95,z=0.00}' (at simulation time 701.000,000,000 s)
2025-05-28 00:39:47,602 INFO  - Received event: 701000 (at simulation time IntraVehicleMsg)
2025-05-28 00:39:47,604 INFO  - Sent message to others cars = 'veh_127 | CartesianPoint{x=290.33,y=531.94,z=0.00}' (at simulation time 702.000,000,000 s)
2025-05-28 00:39:47,673 INFO  - Received event: 702000 (at simulation time IntraVehicleMsg)
2025-05-28 00:39:47,677 INFO  - Sent message to others cars = 'veh_127 | CartesianPoint{x=297.41,y=531.93,z=0.00}' (at simulation time 703.000,000,000 s)
2025-05-28 00:39:47,734 INFO  - Received event: 703000 (at simulation time IntraVehicleMsg)
2025-05-28 00:39:47,736 INFO  - Sent message to others cars = 'veh_127 | CartesianPoint{x=304.70,y=531.92,z=0.00}' (at simulation time 704.000,000,000 s)
2025-05-28 00:39:47,795 INFO  - Received event: 704000 (at simulation time IntraVehicleMsg)
2025-05-28 00:39:47,797 INFO  - Sent message to others cars = 'veh_127 | CartesianPoint{x=311.17,y=531.92,z=0.00}' (at simulation time 705.000,000,000 s)
2025-05-28 00:39:47,851 INFO  - Received event: 705000 (at simulation time IntraVehicleMsg)
2025-05-28 00:39:47,853 INFO  - Sent message to others cars = 'veh_127 | CartesianPoint{x=318.21,y=531.91,z=0.00}' (at simulation time 706.000,000,000 s)
2025-05-28 00:39:47,909 INFO  - Received event: 706000 (at simulation time IntraVehicleMsg)
2025-05-28 00:39:47,910 INFO  - Sent message to others cars = 'veh_127 | CartesianPoint{x=324.82,y=531.90,z=0.00}' (at simulation time 707.000,000,000 s)
2025-05-28 00:39:47,967 INFO  - Received event: 707000 (at simulation time IntraVehicleMsg)
2025-05-28 00:39:47,969 INFO  - Sent message to others cars = 'veh_127 | CartesianPoint{x=331.91,y=531.89,z=0.00}' (at simulation time 708.000,000,000 s)
2025-05-28 00:39:48,025 INFO  - Received event: 708000 (at simulation time IntraVehicleMsg)
2025-05-28 00:39:48,027 INFO  - Sent message to others cars = 'veh_127 | CartesianPoint{x=338.73,y=531.88,z=0.00}' (at simulation time 709.000,000,000 s)
2025-05-28 00:39:48,082 INFO  - Received event: 709000 (at simulation time IntraVehicleMsg)
2025-05-28 00:39:48,084 INFO  - Sent message to others cars = 'veh_127 | CartesianPoint{x=344.98,y=531.88,z=0.00}' (at simulation time 710.000,000,000 s)
2025-05-28 00:39:48,140 INFO  - Received event: 710000 (at simulation time IntraVehicleMsg)
2025-05-28 00:39:48,142 INFO  - ------------------------------------------------------------------------------------- (at simulation time 711.000,000,000 s)
2025-05-28 00:39:48,142 INFO  - Shutdown application (at simulation time 711.000,000,000 s)
2025-05-28 00:39:48,142 INFO  - ------------------------------------------------------------------------------------- (at simulation time 711.000,000,000 s)
